

U-Boot 2017.03-00002-gebf9dc2527 (Jan 29 2018 - 17:39:17 +0530)

CPU:   Freescale i.MX6Q rev1.5 at 792 MHz
Reset cause: POR
I2C:   ready
DRAM:  2 GiB
PMIC: device id: 0x10, revision id: 0x21
PMIC: programmed
MMC:   FSL_SDHC: 0, FSL_SDHC: 1, FSL_SDHC: 2
Unable to allocate framebuffer memory
In:    serial
Out:   serial
Err:   serial
Model: Toradex Apalis iMX6 Quad 2GB IT V1.1C, Serial# 05146387
flash target is MMC:0
Net:   using PHY at 7
FEC [PRIME]
Fastboot: Normal
Hit any key to stop autoboot:  1  0 
boota mmc0 
CACHE: Misaligned operation at range [8ffb79a0, 8ffb7a20]
CACHE: Misaligned operation at range [8ffb79a0, 8ffb7a20]
kernel   @ 14008000 (9921576)
ramdisk  @ 15000000 (1628986)
fdt      @ 14f00000 (53981)
## Booting Android Image at 0x12000000 ...
Kernel load addr 0x14008000 size 9690 KiB
Kernel command line: console=ttymxc0,115200 init=/init video=mxcfb0:dev=ldb,fbpix=RGB32,bpp=32 video=mxcfb1:dev=hdmi,640x480M@60,if=RGB24,bpp=16 video=mxcfb2:off video=mxcfb3:off vmalloc=256M androidboot.console=ttymxc0 consoleblank=0 androidboot.hardware=freescale cma=448M androidboot.selinux=permissive androidboot.dm_verity=disabled buildvariant=user androidboot.serialno=1b2429d4ea997115 androidboot.storage_type=emmc
## Flattened Device Tree blob at 14f00000
   Booting using the fdt blob at 0x14f00000
   Loading Kernel Image ... OK
   Using Device Tree in place at 14f00000, end 14f102dc

Starting kernel ...

Booting Linux on physical CPU 0x0
Linux version 4.9.67-07229-gdc6c16ec0433-dirty (embadmin@ubuntu) (gcc version 4.9 20150123 (prerelease) (GCC) ) #59 SMP PREEMPT Wed Feb 7 18:06:19 IST 2018
CPU: ARMv7 Processor [412fc09a] revision 10 (ARMv7), cr=10c53c7d
CPU: PIPT / VIPT nonaliasing data cache, VIPT aliasing instruction cache
OF: fdt:Machine model: Aravinth : Toradex Apalis iMX6Q/D Module on Ixora V1.1 Carrier Board
cma: Reserved 448 MiB at 0x22000000
Memory policy: Data cache writealloc
percpu: Embedded 15 pages/cpu @ee6b3000 s31040 r8192 d22208 u61440
Built 1 zonelists in Zone order, mobility grouping on.  Total pages: 522768
Kernel command line: console=ttymxc0,115200 init=/init video=mxcfb0:dev=ldb,fbpix=RGB32,bpp=32 video=mxcfb1:dev=hdmi,640x480M@60,if=RGB24,bpp=16 video=mxcfb2:off video=mxcfb3:off vmalloc=256M androidboot.console=ttymxc0 consoleblank=0 androidboot.hardware=freescale cma=448M androidboot.selinux=permissive androidboot.dm_verity=disabled buildvariant=user androidboot.serialno=1b2429d4ea997115 androidboot.storage_type=emmc
PID hash table entries: 4096 (order: 2, 16384 bytes)
Dentry cache hash table entries: 131072 (order: 7, 524288 bytes)
Inode-cache hash table entries: 65536 (order: 6, 262144 bytes)
Memory: 1597024K/2097152K available (13312K kernel code, 1154K rwdata, 4044K rodata, 1024K init, 604K bss, 41376K reserved, 458752K cma-reserved, 1318912K highmem)
Virtual kernel memory layout:
    vector  : 0xffff0000 - 0xffff1000   (   4 kB)
    fixmap  : 0xffc00000 - 0xfff00000   (3072 kB)
    vmalloc : 0xf0000000 - 0xff800000   ( 248 MB)
    lowmem  : 0xc0000000 - 0xef800000   ( 760 MB)
    pkmap   : 0xbfe00000 - 0xc0000000   (   2 MB)
    modules : 0xbf000000 - 0xbfe00000   (  14 MB)
      .text : 0xc0008000 - 0xc0e00000   (14304 kB)
      .init : 0xc1300000 - 0xc1400000   (1024 kB)
      .data : 0xc1400000 - 0xc1520b58   (1155 kB)
       .bss : 0xc1520b58 - 0xc15b7c28   ( 605 kB)
SLUB: HWalign=64, Order=0-3, MinObjects=0, CPUs=4, Nodes=1
Preemptible hierarchical RCU implementation.
	Build-time adjustment of leaf fanout to 32.
NR_IRQS:16 nr_irqs:16 16
L2C-310 errata 752271 769419 enabled
L2C-310 enabling early BRESP for Cortex-A9
L2C-310 full line of zeros enabled for Cortex-A9
L2C-310 ID prefetch enabled, offset 16 lines
L2C-310 dynamic clock gating enabled, standby mode enabled
L2C-310 cache controller enabled, 16 ways, 1024 kB
L2C-310: CACHE_ID 0x410000c7, AUX_CTRL 0x76470001
Switching to timer-based delay loop, resolution 333ns
sched_clock: 32 bits at 3000kHz, resolution 333ns, wraps every 715827882841ns
clocksource: mxc_timer1: mask: 0xffffffff max_cycles: 0xffffffff, max_idle_ns: 637086815595 ns
Console: colour dummy device 80x30
Calibrating delay loop (skipped), value calculated using timer frequency.. 6.00 BogoMIPS (lpj=30000)
pid_max: default: 32768 minimum: 301
Security Framework initialized
SELinux:  Initializing.
Mount-cache hash table entries: 2048 (order: 1, 8192 bytes)
Mountpoint-cache hash table entries: 2048 (order: 1, 8192 bytes)
CPU: Testing write buffer coherency: ok
CPU0: update cpu_capacity 1024
CPU0: thread -1, cpu 0, socket 0, mpidr 80000000
Setting up static identity map for 0x10100000 - 0x10100058
CPU1: update cpu_capacity 1024
CPU1: thread -1, cpu 1, socket 0, mpidr 80000001
CPU2: update cpu_capacity 1024
CPU2: thread -1, cpu 2, socket 0, mpidr 80000002
CPU3: update cpu_capacity 1024
CPU3: thread -1, cpu 3, socket 0, mpidr 80000003
Brought up 4 CPUs
SMP: Total of 4 processors activated (24.00 BogoMIPS).
CPU: All CPU(s) started in SVC mode.
CPU3: update max cpu_capacity 1024
devtmpfs: initialized
CPU2: update max cpu_capacity 1024
VFP support v0.3: implementor 41 architecture 3 part 30 variant 9 rev 4
clocksource: jiffies: mask: 0xffffffff max_cycles: 0xffffffff, max_idle_ns: 19112604462750000 ns
futex hash table entries: 1024 (order: 4, 65536 bytes)
pinctrl core: initialized pinctrl subsystem
NET: Registered protocol family 16
DMA: preallocated 256 KiB pool for atomic coherent allocations
cpuidle: using governor menu
CPU identified as i.MX6Q, silicon rev 1.5
hw-breakpoint: found 5 (+1 reserved) breakpoint and 1 watchpoint registers.
hw-breakpoint: maximum watchpoint size is 4 bytes.
imx6q-pinctrl 20e0000.iomuxc: initialized IMX pinctrl driver
imx-gpc 20dc000.gpc: no fsl,ldo-bypass found!
imx-gpc 20dc000.gpc: Registered imx-gpc
mxs-dma 110000.dma-apbh: initialized
usb_host_vbus: supplied by usb_host_vbus_hub
SCSI subsystem initialized
usbcore: registered new interface driver usbfs
usbcore: registered new interface driver hub
usbcore: registered new device driver usb
2000000.aips-bus:usbphy_nop1 supply vcc not found, using dummy regulator
2000000.aips-bus:usbphy_nop2 supply vcc not found, using dummy regulator
i2c i2c-1: IMX I2C adapter registered
i2c i2c-1: can't use DMA, using PIO instead.
stmpe-i2c 2-0041: stmpe811 detected, chip id: 0x811
i2c i2c-2: IMX I2C adapter registered
i2c i2c-2: can't use DMA, using PIO instead.
i2c i2c-3: IMX I2C adapter registered
i2c i2c-3: can't use DMA, using PIO instead.
Linux video capture interface: v2.00
pps_core: LinuxPPS API ver. 1 registered
pps_core: Software ver. 5.3.6 - Copyright 2005-2007 Rodolfo Giometti <giometti@linux.it>
PTP clock support registered
imx-ipuv3 2400000.ipu: IPU DMFC NORMAL mode: 1(0~1), 5B(4,5), 5F(6,7)
imx-ipuv3 2800000.ipu: IPU DMFC NORMAL mode: 1(0~1), 5B(4,5), 5F(6,7)
mxc_mipi_csi2 21dc000.mipi_csi: i.MX MIPI CSI2 driver probed ipu0 csi1
mxc_mipi_csi2 21dc000.mipi_csi: i.MX MIPI CSI2 dphy version is 0x3130302a
MIPI CSI2 driver module loaded
imx rpmsg driver is registered.
Advanced Linux Sound Architecture Driver Initialized.
Bluetooth: Core ver 2.22
NET: Registered protocol family 31
Bluetooth: HCI device and connection manager initialized
Bluetooth: HCI socket layer initialized
Bluetooth: L2CAP socket layer initialized
Bluetooth: SCO socket layer initialized
clocksource: Switched to clocksource mxc_timer1
VFS: Disk quotas dquot_6.6.0
VFS: Dquot-cache hash table entries: 1024 (order 0, 4096 bytes)
NET: Registered protocol family 2
TCP established hash table entries: 8192 (order: 3, 32768 bytes)
TCP bind hash table entries: 8192 (order: 4, 65536 bytes)
TCP: Hash tables configured (established 8192 bind 8192)
UDP hash table entries: 512 (order: 2, 16384 bytes)
UDP-Lite hash table entries: 512 (order: 2, 16384 bytes)
NET: Registered protocol family 1
RPC: Registered named UNIX socket transport module.
RPC: Registered udp transport module.
RPC: Registered tcp transport module.
RPC: Registered tcp NFSv4.1 backchannel transport module.
Trying to unpack rootfs image as initramfs...
Freeing initrd memory: 1592K
hw perfevents: enabled with armv7_cortex_a9 PMU driver, 7 counters available
Bus freq driver module loaded
audit: initializing netlink subsys (disabled)
audit: type=2000 audit(0.870:1): initialized
workingset: timestamp_bits=30 max_order=19 bucket_order=0
NFS: Registering the id_resolver key type
Key type id_resolver registered
Key type id_legacy registered
ntfs: driver 2.1.32 [Flags: R/W DEBUG].
jffs2: version 2.2. (NAND) Â© 2001-2006 Red Hat, Inc.
fuse init (API version 7.26)
NET: Registered protocol family 38
bounce: pool size: 64 pages
io scheduler noop registered
io scheduler deadline registered
io scheduler cfq registered (default)
backlight supply power not found, using dummy regulator
20e0000.hdmi_video supply HDMI not found, using dummy regulator
mxc_sdc_fb fb@0: registered mxc display driver ldb
imx-ipuv3 2800000.ipu: IPU DMFC DP HIGH RESOLUTION: 1(0,1), 5B(2~5), 5F(6,7)
Console: switching to colour frame buffer device 128x48
mxc_hdmi 20e0000.hdmi_video: Detected HDMI controller 0x13:0xa:0xa0:0xc1
fbcvt: 640x480@60: CVT Name - .307M3
mxc_sdc_fb fb@1: registered mxc display driver hdmi
mxc_sdc_fb fb@2: Can't get fb option for mxcfb2!
mxc_sdc_fb fb@3: Can't get fb option for mxcfb3!
imx-sdma 20ec000.sdma: no iram assigned, using external mem
imx-sdma 20ec000.sdma: loaded firmware 3.3
pfuze100-regulator 2-0008: Full layer: 2, Metal layer: 1
pfuze100-regulator 2-0008: FAB: 0, FIN: 0
pfuze100-regulator 2-0008: pfuze100 found.
mxc_hdmi 20e0000.hdmi_video: Read EDID again
2020000.serial: ttymxc0 at MMIO 0x2020000 (irq = 29, base_baud = 5000000) is a IMX
mxc_hdmi 20e0000.hdmi_video: create default modelist
console [ttymxc0] enabled
21e8000.serial: ttymxc1 at MMIO 0x21e8000 (irq = 78, base_baud = 5000000) is a IMX
21f0000.serial: ttymxc3 at MMIO 0x21f0000 (irq = 79, base_baud = 5000000) is a IMX
21f4000.serial: ttymxc4 at MMIO 0x21f4000 (irq = 80, base_baud = 5000000) is a IMX
imx sema4 driver is registered.
[drm] Initialized
[drm] Initialized vivante 1.0.0 20120216 on minor 0
brd: module loaded
loop: module loaded
zram: Added device: zram0
ahci-imx 2200000.sata: fsl,transmit-level-mV not specified, using 00000024
ahci-imx 2200000.sata: fsl,transmit-boost-mdB not specified, using 00000480
ahci-imx 2200000.sata: fsl,transmit-atten-16ths not specified, using 00002000
ahci-imx 2200000.sata: fsl,receive-eq-mdB not specified, using 05000000
ahci-imx 2200000.sata: SSS flag set, parallel bus scan disabled
ahci-imx 2200000.sata: AHCI 0001.0300 32 slots 1 ports 3 Gbps 0x1 impl platform mode
ahci-imx 2200000.sata: flags: ncq sntf stag pm led clo only pmp pio slum part ccc apst 
scsi host0: ahci-imx
ata1: SATA max UDMA/133 mmio [mem 0x02200000-0x02203fff] port 0x100 irq 87
spi_imx 2008000.ecspi: probed
libphy: Fixed MDIO Bus: probed
tun: Universal TUN/TAP device driver, 1.6
tun: (C) 1999-2004 Max Krasnyansky <maxk@qualcomm.com>
CAN device driver interface
2090000.flexcan supply xceiver not found, using dummy regulator
flexcan 2090000.flexcan: device registered (reg_base=f02f4000, irq=38)
2094000.flexcan supply xceiver not found, using dummy regulator
flexcan 2094000.flexcan: device registered (reg_base=f02fc000, irq=39)
2188000.ethernet supply phy not found, using dummy regulator
pps pps0: new PPS source ptp0
libphy: fec_enet_mii_bus: probed
fec 2188000.ethernet eth0: registered PHC device 0
PPP generic driver version 2.4.2
PPP BSD Compression module registered
PPP Deflate Compression module registered
PPP MPPE Compression module registered
NET: Registered protocol family 24
Aravinth: rtl8xxxu_module_init -->
usbcore: registered new interface driver rtk_btusb
Aravinth: rtl8xxxu_module_init <--
usbcore: registered new interface driver kaweth
pegasus: v0.9.3 (2013/04/25), Pegasus/Pegasus II USB Ethernet driver
usbcore: registered new interface driver pegasus
usbcore: registered new interface driver rtl8150
usbcore: registered new interface driver r8152
usbcore: registered new interface driver asix
usbcore: registered new interface driver ax88179_178a
usbcore: registered new interface driver cdc_ether
usbcore: registered new interface driver cdc_eem
usbcore: registered new interface driver net1080
usbcore: registered new interface driver cdc_subset
usbcore: registered new interface driver zaurus
usbcore: registered new interface driver cdc_ncm
ehci_hcd: USB 2.0 'Enhanced' Host Controller (EHCI) Driver
ehci-mxc: Freescale On-Chip EHCI Host driver
ohci_hcd: USB 1.1 'Open' Host Controller (OHCI) Driver
usbcore: registered new interface driver cdc_acm
cdc_acm: USB Abstract Control Model driver for USB modems and ISDN adapters
usbcore: registered new interface driver cdc_wdm
usbcore: registered new interface driver usb-storage
usbcore: registered new interface driver usbserial
usbcore: registered new interface driver usbserial_generic
usbserial: USB Serial support registered for generic
usbcore: registered new interface driver ftdi_sio
usbserial: USB Serial support registered for FTDI USB Serial Device
usbcore: registered new interface driver option
usbserial: USB Serial support registered for GSM modem (1-port)
usbcore: registered new interface driver usbtest
usbcore: registered new interface driver usb_ehset_test
2184800.usbmisc supply vbus-wakeup not found, using dummy regulator
ci_hdrc ci_hdrc.1: EHCI Host Controller
ci_hdrc ci_hdrc.1: new USB bus registered, assigned bus number 1
ci_hdrc ci_hdrc.1: USB 2.0 started, EHCI 1.00
usb usb1: New USB device found, idVendor=1d6b, idProduct=0002
usb usb1: New USB device strings: Mfr=3, Product=2, SerialNumber=1
usb usb1: Product: EHCI Host Controller
usb usb1: Manufacturer: Linux 4.9.67-07229-gdc6c16ec0433-dirty ehci_hcd
usb usb1: SerialNumber: ci_hdrc.1
hub 1-0:1.0: USB hub found
ata1: SATA link down (SStatus 0 SControl 300)
ahci-imx 2200000.sata: no device found, disabling link.
ahci-imx 2200000.sata: pass ahci_imx..hotplug=1 to enable hotplug
hub 1-0:1.0: 1 port detected
mousedev: PS/2 mouse device common for all mice
usbcore: registered new interface driver xpad
usbcore: registered new interface driver usb_acecad
usbcore: registered new interface driver aiptek
usbcore: registered new interface driver gtco
usbcore: registered new interface driver hanwang
usbcore: registered new interface driver kbtab
input: stmpe-ts as /devices/soc0/soc/2100000.aips-bus/21a4000.i2c/i2c-2/2-0041/stmpe-ts/input/input0
snvs_rtc 20cc000.snvs:snvs-rtc-lp: rtc core: registered 20cc000.snvs:snvs-r as rtc0
i2c /dev entries driver
IR NEC protocol handler initialized
IR RC5(x/sz) protocol handler initialized
IR RC6 protocol handler initialized
IR JVC protocol handler initialized
IR Sony protocol handler initialized
IR SANYO protocol handler initialized
IR Sharp protocol handler initialized
IR MCE Keyboard/mouse protocol handler initialized
IR XMP protocol handler initialized
mxc_v4l2_output v4l2_out: V4L2 device registered as video16
mxc_v4l2_output v4l2_out: V4L2 device registered as video17
mxc_v4l2_output v4l2_out: V4L2 device registered as video18
mxc_v4l2_output v4l2_out: V4L2 device registered as video19
ov564x_mipi 3-003c: found pwm2, period=0
usb 1-1: new high-speed USB device number 2 using ci_hdrc
ov5640_read_reg:write reg error:reg=300a
camera ov5640_mipi is not found
usbcore: registered new interface driver uvcvideo
USB Video Class driver (1.1.1)
imx2-wdt 20bc000.wdog: timeout 60 sec (nowayout=0)
device-mapper: uevent: version 1.0.3
device-mapper: ioctl: 4.35.0-ioctl (2016-06-23) initialised: dm-devel@redhat.com
Bluetooth: HCI UART driver ver 2.3
Bluetooth: HCI UART protocol H4 registered
Bluetooth: HCI UART protocol BCSP registered
Bluetooth: HCI UART protocol ATH3K registered
usbcore: registered new interface driver btusb
sdhci: Secure Digital Host Controller Interface driver
sdhci: Copyright(c) Pierre Ossman
sdhci-pltfm: SDHCI platform and OF driver helper
sdhci-esdhc-imx 2190000.usdhc: could not get ultra high speed state, work on normal mode
sdhci-esdhc-imx 2190000.usdhc: Got CD GPIO
mmc1: SDHCI controller on 2190000.usdhc [2190000.usdhc] using ADMA
sdhci-esdhc-imx 2198000.usdhc: could not get ultra high speed state, work on normal mode
usb 1-1: New USB device found, idVendor=0424, idProduct=2514
usb 1-1: New USB device strings: Mfr=0, Product=0, SerialNumber=0
hub 1-1:1.0: USB hub found
hub 1-1:1.0: 4 ports detected
Aravinth: usb_ifnum_to_if config->desc.bNumInterface=1 ifnum=0
Aravinth: usb_ifnum_to_if Num=0 
mmc0: SDHCI controller on 2198000.usdhc [2198000.usdhc] using ADMA
mxc_vpu 2040000.vpu_fsl: VPU initialized
mxc_vdoa 21e4000.vdoa: i.MX Video Data Order Adapter(VDOA) driver probed
mxc_hdmi_cec soc:hdmi_cec@00120000: HDMI CEC initialized
Galcore version 6.2.2.96445
mmc0: new DDR MMC card at address 0001
mmcblk0: mmc0:0001 Q2J54A 3.59 GiB 
mmcblk0boot0: mmc0:0001 Q2J54A partition 1 16.0 MiB
mmcblk0boot1: mmc0:0001 Q2J54A partition 2 16.0 MiB
random: fast init done
Alternate GPT is invalid, using primary GPT.
 mmcblk0: p1 p2 p3 p4 p5 p6 p7 p8 p9 p10 p11
usb 1-1.3: new low-speed USB device number 3 using ci_hdrc
usb 1-1.3: New USB device found, idVendor=413c, idProduct=301a
usb 1-1.3: New USB device strings: Mfr=1, Product=2, SerialNumber=0
usb 1-1.3: Product: Dell MS116 USB Optical Mouse
usb 1-1.3: Manufacturer: PixArt
caam 2100000.caam: ERA source: CAAMVID.
caam 2100000.caam: AXI pipeline throttling enabled.
caam 2100000.caam: Instantiated RNG4 SH1
caam 2100000.caam: device ID = 0x0a16010000000000 (Era 4)
caam 2100000.caam: job rings = 2, qi = 0
caam algorithms registered in /proc/crypto
caam_jr 2101000.jr0: registering rng-caam
platform caam_sm: blkkey_ex: 4 keystore units available
platform caam_sm: 64-bit clear key:
platform caam_sm: [0000] 00 01 02 03 04 0f 06 07
platform caam_sm: 64-bit black key:
platform caam_sm: [0000] bb 52 95 a7 6e b6 cd 3c
platform caam_sm: [0008] 0a a9 89 b7 23 f2 68 08
platform caam_sm: 128-bit clear key:
platform caam_sm: [0000] 00 01 02 03 04 0f 06 07
platform caam_sm: [0008] 08 09 0a 0b 0c 0d 0e 0f
platform caam_sm: 128-bit black key:
platform caam_sm: [0000] 9e aa 76 4e fd c6 52 e5
platform caam_sm: [0008] 35 c3 d9 55 97 38 b0 09
platform caam_sm: 192-bit clear key:
platform caam_sm: [0000] 00 01 02 03 04 0f 06 07
platform caam_sm: [0008] 08 09 0a 0b 0c 0d 0e 0f
platform caam_sm: [0016] 10 11 12 13 14 15 16 17
platform caam_sm: 192-bit black key:
platform caam_sm: [0000] 57 b5 d2 c0 a3 50 14 c1
platform caam_sm: [0008] bf 7d 7b f7 f1 5c 4e cb
platform caam_sm: [0016] 0b 33 18 0f 48 de 5a 25
platform caam_sm: [0024] 9e af 66 5f 84 3c ba eb
platform caam_sm: 256-bit clear key:
platform caam_sm: [0000] 00 01 02 03 04 0f 06 07
platform caam_sm: [0008] 08 09 0a 0b 0c 0d 0e 0f
platform caam_sm: [0016] 10 11 12 13 14 15 16 17
platform caam_sm: [0024] 18 19 1a 1b 1c 1d 1e 1f
platform caam_sm: 256-bit black key:
platform caam_sm: [0000] 9b 19 4c ab 92 59 ce 62
platform caam_sm: [0008] dc cd ce db ce 1d 88 dc
platform caam_sm: [0016] f9 66 bd 82 0f d5 2d 5a
platform caam_sm: [0024] 2d 8c db fd ab ff fe 3b
platform caam_sm: 64-bit unwritten blob:
platform caam_sm: [0000] 00 00 00 00 00 00 00 00
platform caam_sm: [0008] 00 00 00 00 00 00 00 00
platform caam_sm: [0016] 00 00 00 00 00 00 00 00
platform caam_sm: [0024] 00 00 00 00 00 00 00 00
platform caam_sm: [0032] 00 00 00 00 00 00 00 00
platform caam_sm: [0040] 00 00 00 00 00 00 00 00
platform caam_sm: [0048] 00 00 00 00 00 00 00 00
platform caam_sm: [0056] 00 00 00 00 00 00 00 00
platform caam_sm: [0064] 00 00 00 00 00 00 00 00
platform caam_sm: [0072] 00 00 00 00 00 00 00 00
platform caam_sm: [0080] 00 00 00 00 00 00 00 00
platform caam_sm: [0088] 00 00 00 00 00 00 00 00
platform caam_sm: 128-bit unwritten blob:
platform caam_sm: [0000] 00 00 00 00 00 00 00 00
platform caam_sm: [0008] 00 00 00 00 00 00 00 00
platform caam_sm: [0016] 00 00 00 00 00 00 00 00
platform caam_sm: [0024] 00 00 00 00 00 00 00 00
platform caam_sm: [0032] 00 00 00 00 00 00 00 00
platform caam_sm: [0040] 00 00 00 00 00 00 00 00
platform caam_sm: [0048] 00 00 00 00 00 00 00 00
platform caam_sm: [0056] 00 00 00 00 00 00 00 00
platform caam_sm: [0064] 00 00 00 00 00 00 00 00
platform caam_sm: [0072] 00 00 00 00 00 00 00 00
platform caam_sm: [0080] 00 00 00 00 00 00 00 00
platform caam_sm: [0088] 00 00 00 00 00 00 00 00
platform caam_sm: 196-bit unwritten blob:
platform caam_sm: [0000] 00 00 00 00 00 00 00 00
platform caam_sm: [0008] 00 00 00 00 00 00 00 00
platform caam_sm: [0016] 00 00 00 00 00 00 00 00
platform caam_sm: [0024] 00 00 00 00 00 00 00 00
platform caam_sm: [0032] 00 00 00 00 00 00 00 00
platform caam_sm: [0040] 00 00 00 00 00 00 00 00
platform caam_sm: [0048] 00 00 00 00 00 00 00 00
platform caam_sm: [0056] 00 00 00 00 00 00 00 00
platform caam_sm: [0064] 00 00 00 00 00 00 00 00
platform caam_sm: [0072] 00 00 00 00 00 00 00 00
platform caam_sm: [0080] 00 00 00 00 00 00 00 00
platform caam_sm: [0088] 00 00 00 00 00 00 00 00
platform caam_sm: 256-bit unwritten blob:
platform caam_sm: [0000] 00 00 00 00 00 00 00 00
platform caam_sm: [0008] 00 00 00 00 00 00 00 00
platform caam_sm: [0016] 00 00 00 00 00 00 00 00
platform caam_sm: [0024] 00 00 00 00 00 00 00 00
platform caam_sm: [0032] 00 00 00 00 00 00 00 00
platform caam_sm: [0040] 00 00 00 00 00 00 00 00
platform caam_sm: [0048] 00 00 00 00 00 00 00 00
platform caam_sm: [0056] 00 00 00 00 00 00 00 00
platform caam_sm: [0064] 00 00 00 00 00 00 00 00
platform caam_sm: [0072] 00 00 00 00 00 00 00 00
platform caam_sm: [0080] 00 00 00 00 00 00 00 00
platform caam_sm: [0088] 00 00 00 00 00 00 00 00
platform caam_sm: 64-bit black key in blob:
platform caam_sm: [0000] b0 ae 61 1a f9 79 36 ac
platform caam_sm: [0008] c5 2d 8d b5 67 2c f3 9c
platform caam_sm: [0016] 46 a4 35 f4 63 72 2e c7
platform caam_sm: [0024] bf dd 33 7d 04 54 65 3a
platform caam_sm: [0032] 12 60 94 0c fc 61 06 67
platform caam_sm: [0040] 54 95 5e 93 58 12 83 66
platform caam_sm: [0048] 15 19 92 60 9b 94 c9 83
platform caam_sm: [0056] 00 00 00 00 00 00 00 00
platform caam_sm: [0064] 00 00 00 00 00 00 00 00
platform caam_sm: [0072] 00 00 00 00 00 00 00 00
platform caam_sm: [0080] 00 00 00 00 00 00 00 00
platform caam_sm: [0088] 00 00 00 00 00 00 00 00
platform caam_sm: 128-bit black key in blob:
platform caam_sm: [0000] 03 8a a9 66 de 0f 89 4a
platform caam_sm: [0008] 12 ab 32 36 09 27 01 f8
platform caam_sm: [0016] 9b 4f 83 bf e1 2c 6b 72
platform caam_sm: [0024] 6f 99 b0 ff da c0 10 78
platform caam_sm: [0032] 7d 58 92 f5 dd bf d2 bc
platform caam_sm: [0040] 49 b5 ca 55 5f 77 27 09
platform caam_sm: [0048] e4 77 5e dc 94 fa 9a 3e
platform caam_sm: [0056] 8c 50 f1 59 00 1f ef e6
platform caam_sm: [0064] 00 00 00 00 00 00 00 00
platform caam_sm: [0072] 00 00 00 00 00 00 00 00
platform caam_sm: [0080] 00 00 00 00 00 00 00 00
platform caam_sm: [0088] 00 00 00 00 00 00 00 00
platform caam_sm: 192-bit black key in blob:
platform caam_sm: [0000] 90 bc 5b 96 a9 22 67 5a
platform caam_sm: [0008] 9f b3 4a 51 03 86 e9 74
platform caam_sm: [0016] 15 85 40 73 30 c6 4e 18
platform caam_sm: [0024] 43 f4 7c 42 4e bb 7e 3e
platform caam_sm: [0032] 02 89 5f 90 98 ea e7 41
platform caam_sm: [0040] 60 24 8a b5 5a f2 ea 29
platform caam_sm: [0048] e8 31 2c 13 c6 91 6c 02
platform caam_sm: [0056] 6b fc 35 6b 1c 76 6a ce
platform caam_sm: [0064] 33 c7 7c 33 d1 6f 18 b9
platform caam_sm: [0072] 00 00 00 00 00 00 00 00
platform caam_sm: [0080] 00 00 00 00 00 00 00 00
platform caam_sm: [0088] 00 00 00 00 00 00 00 00
platform caam_sm: 256-bit black key in blob:
platform caam_sm: [0000] 00 dc 3d 60 34 8a fe f7
platform caam_sm: [0008] 23 65 36 4c a3 cc e7 e1
platform caam_sm: [0016] d3 b9 a1 38 62 89 e3 02
platform caam_sm: [0024] 8c bc 0d d9 5a 03 6a ca
platform caam_sm: [0032] 95 cf 90 a9 b0 c2 ef eb
platform caam_sm: [0040] f6 79 53 2f f7 b1 0e 50
platform caam_sm: [0048] 22 b3 2f db 9b 79 c9 56
platform caam_sm: [0056] 90 49 6c 7c a5 90 0e 4e
platform caam_sm: [0064] 2c 05 1f 4b eb 86 83 24
platform caam_sm: [0072] a9 e4 bf 9e f7 7e ed 03
platform caam_sm: [0080] 00 00 00 00 00 00 00 00
platform caam_sm: [0088] 00 00 00 00 00 00 00 00
platform caam_sm: restored 64-bit black key:
platform caam_sm: [0000] ae c1 76 43 3f cc 39 99
platform caam_sm: [0008] d3 c3 ec 5e f9 72 1c 24
platform caam_sm: restored 128-bit black key:
platform caam_sm: [0000] 9e aa 76 4e fd c6 52 e5
platform caam_sm: [0008] 35 c3 d9 55 97 38 b0 09
platform caam_sm: restored 192-bit black key:
platform caam_sm: [0000] 57 b5 d2 c0 a3 50 14 c1
platform caam_sm: [0008] bf 7d 7b f7 f1 5c 4e cb
platform caam_sm: [0016] 61 91 42 4b 86 0b 77 64
platform caam_sm: [0024] ab 94 8c d7 05 45 b3 36
platform caam_sm: restored 256-bit black key:
platform caam_sm: [0000] 9b 19 4c ab 92 59 ce 62
platform caam_sm: [0008] dc cd ce db ce 1d 88 dc
platform caam_sm: [0016] f9 66 bd 82 0f d5 2d 5a
platform caam_sm: [0024] 2d 8c db fd ab ff fe 3b
snvs-secvio 20cc000.caam-snvs: can't get snvs clock
snvs-secvio 20cc000.caam-snvs: violation handlers armed - non-secure state
hidraw: raw HID events driver (C) Jiri Kosina
input: PixArt Dell MS116 USB Optical Mouse as /devices/soc0/soc/2100000.aips-bus/2184200.usb/ci_hdrc.1/usb1/1-1/1-1.3/1-1.3:1.0/0003:413C:301A.0001/input/input1
hid-generic 0003:413C:301A.0001: input,hidraw0: USB HID v1.11 Mouse [PixArt Dell MS116 USB Optical Mouse] on usb-ci_hdrc.1-1.3/input0
usbcore: registered new interface driver usbhid
usbhid: USB HID core driver
ashmem: initialized
usbcore: registered new interface driver snd-usb-audio
sgtl5000 2-000a: sgtl5000 revision 0x11
fsl-ssi-dai 2028000.ssi: No cache defaults, reading back from HW
imx-sgtl5000 sound: sgtl5000 <-> 2028000.ssi mapping ok
imx-spdif sound-spdif: snd-soc-dummy-dai <-> 2004000.spdif mapping ok
imx-audio-hdmi sound-hdmi: hdmi-hifi.0 <-> soc:hdmi_audio@00120000 mapping ok
NET: Registered protocol family 26
u32 classifier
    Actions configured
Netfilter messages via NETLINK v0.30.
nf_conntrack version 0.5.0 (16384 buckets, 65536 max)
ctnetlink v0.93: registering with nfnetlink.
xt_time: kernel timezone is -0000
ip_tables: (C) 2000-2006 Netfilter Core Team
arp_tables: arp_tables: (C) 2002 David S. Miller
Initializing XFRM netlink socket
NET: Registered protocol family 10
mip6: Mobile IPv6
ip6_tables: (C) 2000-2006 Netfilter Core Team
sit: IPv6, IPv4 and MPLS over IPv4 tunneling driver
NET: Registered protocol family 17
NET: Registered protocol family 15
bridge: filtering via arp/ip/ip6tables is no longer available by default. Update your scripts to load br_netfilter if you need this.
can: controller area network core (rev 20120528 abi 9)
NET: Registered protocol family 29
can: raw protocol (rev 20120528)
can: broadcast manager protocol (rev 20161123 t)
can: netlink gateway (rev 20130117) max_hops=1
Bluetooth: RFCOMM TTY layer initialized
Bluetooth: RFCOMM socket layer initialized
Bluetooth: RFCOMM ver 1.11
Bluetooth: BNEP (Ethernet Emulation) ver 1.3
Bluetooth: BNEP filters: protocol multicast
Bluetooth: BNEP socket layer initialized
Bluetooth: HIDP (Human Interface Emulation) ver 1.2
Bluetooth: HIDP socket layer initialized
8021q: 802.1Q VLAN Support v1.8
Key type dns_resolver registered
cpu cpu0: Registered imx6q-cpufreq
registered taskstats version 1
imx_thermal 2000000.aips-bus:tempmon: Industrial CPU temperature grade - max:105C critical:100C passive:95C
dhd_module_init in
input: gpio-keys as /devices/soc0/gpio-keys/input/input2
snvs_rtc 20cc000.snvs:snvs-rtc-lp: setting system clock to 1970-01-01 00:00:02 UTC (2)
usb_otg_vbus: disabling
ALSA device list:
  #0: imx6q-apalis-sgtl5000
  #1: imx-spdif
  #2: imx-hdmi-soc
Freeing unused kernel memory: 1024K
init: init first stage started!
SELinux:  Permission validate_trans in class security not defined in policy.
SELinux:  Class cap_userns not defined in policy.
SELinux:  Class cap2_userns not defined in policy.
SELinux: the above unknown classes and permissions will be denied
audit: type=1403 audit(5.053:2): policy loaded auid=4294967295 ses=4294967295
init: (Initializing SELinux non-enforcing took 0.11s.)
init: init second stage started!
init: Running restorecon...
init: waitpid failed: No child processes
init: (Loading properties from /default.prop took 0.00s.)
init: (Parsing /init.environ.rc took 0.00s.)
init: (Parsing /init.usb.rc took 0.00s.)
init: (Parsing init.freescale.usb.rc took 0.00s.)
init: (Parsing init.freescale.i.MX6Q.rc took 0.00s.)
init: (Parsing init.freescale.emmc.rc took 0.00s.)
init: (Parsing /init.freescale.rc took 0.02s.)
ueventd: ueventd started!
ueventd: Coldboot took 0.44s.
Console: switching to colour dummy device 80x30
watchdogd: started (interval 10, margin 20)!
EXT4-fs (mmcblk0p3): mounted filesystem with ordered data mode. Opts: barrier=1
EXT4-fs (mmcblk0p10): Ignoring removed nomblk_io_submit option
EXT4-fs (mmcblk0p10): recovery complete
EXT4-fs (mmcblk0p10): mounted filesystem with ordered data mode. Opts: nomblk_io_submit,noauto_da_alloc,errors=panic
EXT4-fs (mmcblk0p4): Ignoring removed nomblk_io_submit option
EXT4-fs (mmcblk0p4): recovery complete
EXT4-fs (mmcblk0p4): mounted filesystem with ordered data mode. Opts: nomblk_io_submit
EXT4-fs (mmcblk0p5): mounted filesystem with ordered data mode. Opts: (null)
file system registered
using random self ethernet address
using random host ethernet address
zram0: detected capacity change from 0 to 314572800
logd.auditd: start
logd.klogd: 7712570667
Adding 307196k swap on /dev/block/zram0.  Priority:-1 extents:1 across:307196k SS
binder: 254:254 transaction failed 29189, size 0-0
type=1400 audit(8.243:3): avc: denied { entrypoint } for pid=260 comm="init" path="/system/bin/can-config.sh" dev="mmcblk0p3" ino=254 scontext=u:r:obd:s0 tcontext=u:object_r:system_file:s0 tclass=file permissive=1





toradex_apalis6q:/ # 
logd.daemon: reinit
type=1400 audit(8.243:4): avc: denied { read execute } for pid=260 comm="can-config.sh" path="/system/bin/sh" dev="mmcblk0p3" ino=437 scontext=u:r:obd:s0 tcontext=u:object_r:shell_exec:s0 tclass=file permissive=1
type=1400 audit(8.253:5): avc: denied { getattr } for pid=260 comm="can-config.sh" path="/system/bin/sh" dev="mmcblk0p3" ino=437 scontext=u:r:obd:s0 tcontext=u:object_r:shell_exec:s0 tclass=file permissive=1
type=1400 audit(8.253:6): avc: denied { getattr } for pid=260 comm="can-config.sh" path="/vendor" dev="rootfs" ino=6500 scontext=u:r:obd:s0 tcontext=u:object_r:rootfs:s0 tclass=lnk_file permissive=1
type=1400 audit(8.283:7): avc: denied { execute_no_trans } for pid=267 comm="can-config.sh" path="/system/bin/ip" dev="mmcblk0p3" ino=329 scontext=u:r:obd:s0 tcontext=u:object_r:system_file:s0 tclass=file permissive=1
type=1400 audit(8.313:8): avc: denied { create } for pid=261 comm="obd" scontext=u:r:obd:s0 tcontext=u:r:obd:s0 tclass=socket permissive=1
type=1400 audit(8.313:9): avc: denied { ioctl } for pid=261 comm="obd" path="socket:[11333]" dev="sockfs" ino=11333 ioctlcmd=0x8933 scontext=u:r:obd:s0 tcontext=u:r:obd:s0 tclass=socket permissive=1
IPv6: ADDRCONF(NETDEV_CHANGE): can0: link becomes ready
toradex_apalis6q:/ # 
toradex_apalis6q:/ # 
toradex_apalis6q:/ # 
toradex_apalis6q:/ # 
toradex_apalis6q:/ # healthd: No battery devices found
ERROR: v4l2 capture: slave not found! V4L2_CID_HUE
ERROR: v4l2 capture: slave not found! V4L2_CID_HUE
imx-hdmi-audio imx-hdmi-audio: HDMI Video is not ready!
imx-hdmi-audio imx-hdmi-audio: ASoC: can't open platform imx-hdmi-audio: -22
imx-hdmi-audio imx-hdmi-audio: HDMI Video is not ready!
imx-hdmi-audio imx-hdmi-audio: ASoC: can't open platform imx-hdmi-audio: -22

toradex_apalis6q:/ # init: Starting service 'bootanim'...
cd /dev
toradex_apalis6q:/dev # ls
type=1400 audit(14.193:34): avc: denied { read } for pid=471 comm="ls" name="/" dev="tmpfs" ino=11265 scontext=u:r:shell:s0 tcontext=u:object_r:device:s0 tclass=dir permissive=1
type=1400 audit(14.213:35): avc: denied { open } for pid=471 comm="ls" path="/dev" dev="tmpfs" ino=11265 scontext=u:r:shell:s0 tcontext=u:object_r:device:s0 tclass=dir permissive=1
__properties__  hw_random          pts       ttype=1400 audit(14.213:36): avc: denied { getattr } for pid=471 comm="ls" path="/dev/mtp_usb" dev="tmpfs" ino=6978 scontext=u:r:shell:s0 tcontext=u:object_r:mtp_device:s0 tclass=chr_file permissive=1
ty24 tty48   ubi_ctrl      
ashmem          hwbinder           rtype=1400 audit(14.213:37): avc: denied { getattr } for pid=471 comm="ls" path="/dev/fscklogs" dev="tmpfs" ino=7452 scontext=u:r:shell:s0 tcontext=u:object_r:fscklogs:s0 tclass=dir permissive=1
andom    tty25 tty49   uhid      type=1400 audit(14.213:38): avc: denied { getattr } for pid=471 comm="ls" path="/dev/.coldboot_done" dev="tmpfs" ino=6971 scontext=u:r:shell:s0 tcontext=u:object_r:device:s0 tclass=file permissive=1
    
autofs          i2c-1      type=1400 audit(14.213:39): avc: denied { getattr } for pid=471 comm="ls" path="/dev/i2c-2" dev="tmpfs" ino=6908 scontext=u:r:shell:s0 tcontext=u:object_r:i2c_device:s0 tclass=chr_file permissive=1
        rfkill    tty26 tty5    utype=1400 audit(14.213:40): avc: denied { getattr } for pid=471 comm="ls" path="/dev/hidraw0" dev="tmpfs" ino=6901 scontext=u:r:shell:s0 tcontext=u:object_r:device:s0 tclass=chr_file permissive=1
input        
binder          i2type=1400 audit(14.213:41): avc: denied { getattr } for pid=471 comm="ls" path="/dev/watchdog" dev="tmpfs" ino=6885 scontext=u:r:shell:s0 tcontext=u:object_r:watchdog_device:s0 tclass=chr_file permissive=1
c-2              rtc0      tty27 tty50   urandom       
block           i2c-3              snd       tty28 tty51   usb           
bus             input              socket    tty29 tty52   ustype=1400 audit(14.213:42): avc: denied { getattr } for pid=471 comm="ls" path="/dev/rtc0" dev="tmpfs" ino=6882 scontext=u:r:shell:s0 tcontext=u:object_r:rtc_device:s0 tclass=chr_file permissive=1
b-ffs       
console         iontype=1400 audit(14.213:43): avc: denied { getattr } for pid=471 comm="ls" path="/dev/video0" dev="tmpfs" ino=6871 scontext=u:r:shell:s0 tcontext=u:object_r:video_device:s0 tclass=chr_file permissive=1
                spidev0.0 tty3  tty53   usb_accessory 
cpu_dma_latency keychord           stune     tty30 tty54   vcs           
cpuctl          kmsg               tty       tty31 tty55   vcs1          
cpuset          loop-control       tty0      tty32 tty56   vcsa          
device-mapper   memcg              tty1      tty33 tty57   vcsa1         
dri             memory_bandwidth   tty10     tty34 tty58   video0        
fd              mtp_usb            tty11     tty35 tty59   video1        
fscklogs        mxc_asrc           tty12     tty36 tty6    video16       
full            mxc_hdmi           tty13     tty37 tty60   video17       
fuse            mxc_hdmi_cec       tty14     tty38 tty61   video18       
galcore         mxc_ipu            tty15     tty39 tty62   video19       
gpiochip0       mxc_mem            tty16     tty4  tty63   vndbinder     
gpiochip1       mxc_vpu            tty17     tty40 tty7    watchdog      
gpiochip2       network_latency    ttcapability: warning: `main' uses 32-bit capabilities (legacy support in use)
y18     tty41 tty8    watchdog0     
gpiochip3       network_throughput tty19     tty42 tty9    xt_qtaguid    
gpiochip4       null               tty2      tty43 ttymxc0 zero          
gpiochip5       ppp                tty20     tty44 ttymxc1 
gpiochip6       pps0               tty21     tty45 ttymxc3 
graphics        ptmx               tty22     tty46 ttymxc4 
hidraw0         ptp0               tty23     tty47 tun     
toradex_apalis6q:/dev # 
toradex_apalis6q:/dev # 
toradex_apalis6q:/dev # 
toradex_apalis6q:/dev # 
toradex_apalis6q:/dev # linit: write_file: Unable to open '/sys/devices/system/cpu/cpufreq/interactive/timer_rate': No such file or directory
init: write_file: Unable to open '/sys/devices/system/cpu/cpufreq/interactive/min_sample_time': No such file or directory
init: write_file: Unable to open '/sys/devices/system/cpu/cpufreq/interactive/go_hispeed_load': No such file or directory
s
__properties__  hw_random          pts       tty24 tty48   ubi_ctrl      
ashmem          hwbinder           random    tty25 tty49   uhid          
autofs          i2c-1              rfkill    tty26 tty5    uinput        
binder          i2c-2              rtc0      tty27 tty50   urandom       
block           i2c-3              snd       tty28 tty51   usb           
bus             input              socket    tty29 tty52   usb-ffs       
console         ion                spidev0.0 tty3  tty53   usb_accessory 
cpu_dma_latency keychord           stune     tty30 tty54   vcs           
cpuctl          kmsg               tty       tty31 tty55   vcs1          
cpuset          loop-control       tty0      tty32 tty56   vcsa          
device-mapper   memcg              tty1      tty33 tty57   vcsa1         
dri             memory_bandwidth   tty10     tty34 tty58   video0        
fd              mtp_usb            tty11     tty35 tty59   video1        
fscklogs        mxc_asrc           tty12     tty36 tty6    video16       
full            mxc_hdmi           tty13     tty37 tty60   video17       
fuse            mxc_hdmi_cec       tty14     tty38 tty61   video18       
galcore         mxc_ipu            tty15     tty39 tty62   video19       
gpiochip0       mxc_mem            tty16     tty4  tty63   vndbinder     
gpiochip1       mxc_vpu            tty17     tty40 tty7    watchdog      
gpiochip2       network_latency    tty18     tty41 tty8    watchdog0     
gpiochip3       network_throughput tty19     tty42 tty9    xt_qtaguid    
gpiochip4       null               tty2      tty43 ttymxc0 zero          
gpiochip5       ppp                tty20     tty44 ttymxc1 
gpiochip6       pps0               tty21     tty45 ttymxc3 
graphics        ptmx               tty22     tty46 ttymxc4 
hidraw0         ptp0               tty23     tty47 tun     
toradex_apalis6q:/dev # init: write_file: Unable to open '/proc/sys/vm/extra_free_kbytes': No such file or directory
random: crng init done

toradex_apalis6q:/dev # 
init: write_file: Unable to write to '/config/usb_gadget/g1/UDC': No such device
toradex_apalis6q:/dev # acc_open
acc_release

toradex_apalis6q:/dev # 
toradex_apalis6q:/dev # Micrel KSZ9031 Gigabit PHY 2188000.ethernet-1:07: attached PHY driver [Micrel KSZ9031 Gigabit PHY] (mii_bus:phy_addr=2188000.ethernet-1:07, irq=120)
IPv6: ADDRCONF(NETDEV_UP): eth0: link is not ready

toradex_apalis6q:/dev # 
toradex_apalis6q:/dev # 
toradex_apalis6q:/dev # 
toradex_apalis6q:/dev # cd /
toradex_apalis6q:/ # 
toradex_apalis6q:/ # 
toradex_apalis6q:/ # ls
acct              init.freescale.emmc.rc     res                  
type=1400 audit(26.933:68): avc: denied { getattr } for pid=791 comm="ls" path="/init" dev="rootfs" ino=6456 scontext=u:r:shell:s0 tcontext=u:object_r:init_exec:s0 tclass=file permissive=1
bugreports        init.freescale.i.MX6DL.rc  root                 
cache             init.freescale.i.MX6Q.rc   sbin                 
charger           init.freescale.i.MX6QP.rc  sdcard               
config            init.freescale.rc          seapp_contexts       
d                 init.freescale.sd.rc       selinux_version      
data              init.freescale.usb.rc      sepolicy             
default.prop      init.rc                    service_contexts     
dev               init.recovery.freescale.rc storage              
device            init.usb.configfs.rc       sys                  
etc               init.usb.rc                system               
file_contexts.bin init.zygote32.rc           ueventd.freescale.rc 
fstab.freescale   mnt                        ueventd.rc           
init              oem                        vendor               
init.bluetooth.rc proc                       verity_key           
init.environ.rc   property_contexts          
toradex_apalis6q:/ # cd /deinit: Service 'bootanim' (pid 341) exited with status 0
init: Starting service 'exec 3 (/system/bin/bootstat)'...
type=1400 audit(29.993:69): avc: denied { write } for pid=261 comm="obd" path="socket:[11333]" dev="sockfs" ino=11333 scontext=u:r:obd:s0 tcontext=u:r:obd:s0 tclass=socket permissive=1
vinit: Service 'exec 3 (/system/bin/bootstat)' (pid 953) exited with status 0
init: Starting service 'exec 4 (/system/bin/bootstat)'...
init: Service 'exec 4 (/system/bin/bootstat)' (pid 963) exited with status 0
init: Starting service 'exec 5 (/system/bin/bootstat)'...
init: Service 'exec 5 (/system/bin/bootstat)' (pid 965) exited with status 0
init: Starting service 'exec 6 (/system/bin/bootstat)'...
init: Service 'exec 6 (/system/bin/bootstat)' (pid 966) exited with status 0

toradex_apalis6q:/dev # 
toradex_apalis6q:/dev # 
toradex_apalis6q:/dev # 
toradex_apalis6q:/dev # ls
__properties__  hw_random          pts       tty24 tty48   ubi_ctrl      
ashmem          hwbinder           random    tty25 tty49   uhid          
autofs          i2c-1              rfkill    tty26 tty5 type=1400 audit(31.953:70): avc: denied { read } for pid=1055 comm="ls" name="/" dev="tmpfs" ino=11265 scontext=u:r:shell:s0 tcontext=u:object_r:device:s0 tclass=dir permissive=1
   uinput        
binder          i2c-2              rtc0      tty27 tty50   urandom       
block           i2c-3              snd       tty28 tty51   usb           
bus             input              socket    tty29 tty52   usb-ffs       
console         ion                spidev0.0 tty3  tty53   usb_accessory 
cpu_dma_latency keychord           stune     tty30 tty54   vcs           
cpuctl          kmsg               tty       tty31 tty55   vcs1          
cpuset          loop-control       tty0      tty32 tty56   vcsa          
device-mapper   memcg              tty1      tty33 tty57   vcsa1         
dri             memory_bandwidth   tty10     tty34 tty58   video0        
fd              mtp_usb            tty11     tty35 tty59   video1        
fscklogs        mxc_asrc           tty12     tty36 tty6    video16       
full            mxc_hdmi           tty13     tty37 tty60   video17       
fuse            mxc_hdmi_cec       tty14    type=1400 audit(31.953:71): avc: denied { open } for pid=1055 comm="ls" path="/dev" dev="tmpfs" ino=11265 scontext=u:r:shell:s0 tcontext=u:object_r:device:s0 tclass=dir permissive=1
 tty38 tty61   video18       
galcore         mxc_ipu            tty15     tty39 tty62   video19       
gpiochip0       mxc_memtype=1400 audit(31.953:72): avc: denied { getattr } for pid=1055 comm="ls" path="/dev/mtp_usb" dev="tmpfs" ino=6978 scontext=u:r:shell:s0 tcontext=u:object_r:mtp_device:s0 tclass=chr_file permissive=1
            tty16     tty4  tty63   vndbinder     
gpiochip1       mxc_vpu            tty17     type=1400 audit(31.953:73): avc: denied { getattr } for pid=1055 comm="ls" path="/dev/fscklogs" dev="tmpfs" ino=7452 scontext=u:r:shell:s0 tcontext=u:object_r:fscklogs:s0 tclass=dir permissive=1
tty40 tty7    watchdog      
gpiochip2       network_latency    tty18     tty41 tty8    watchdog0     
gpiochip3       network_throughput tty19     tty42 tty9 type=1400 audit(31.953:74): avc: denied { getattr } for pid=1055 comm="ls" path="/dev/.coldboot_done" dev="tmpfs" ino=6971 scontext=u:r:shell:s0 tcontext=u:object_r:device:s0 tclass=file permissive=1
   xt_qtaguid    
gpiochip4       null               tty2      tty43 ttymxc0 zero          
gpiochip5       ppp                type=1400 audit(31.953:75): avc: denied { getattr } for pid=1055 comm="ls" path="/dev/i2c-2" dev="tmpfs" ino=6908 scontext=u:r:shell:s0 tcontext=u:object_r:i2c_device:s0 tclass=chr_file permissive=1
tty20     tty44 ttymxc1 
gpiochip6       pps0               tty21     tty45 ttymxc3 
graphics        ptmx               tty22  type=1400 audit(31.953:76): avc: denied { getattr } for pid=1055 comm="ls" path="/dev/hidraw0" dev="tmpfs" ino=6901 scontext=u:r:shell:s0 tcontext=u:object_r:device:s0 tclass=chr_file permissive=1
   tty46 ttymxc4 
hidraw0         ptp0               tty23     tttype=1400 audit(31.953:77): avc: denied { getattr } for pid=1055 comm="ls" path="/dev/watchdog" dev="tmpfs" ino=6885 scontext=u:r:shell:s0 tcontext=u:object_r:watchdog_device:s0 tclass=chr_file permissive=1
y47 tun     
type=1400 audit(31.953:78): avc: denied { getattr } for pid=1055 comm="ls" path="/dev/rtc0" dev="tmpfs" ino=6882 scontext=u:r:shell:s0 tcontext=u:object_r:rtc_device:s0 tclass=chr_file permissive=1
type=1400 audit(31.953:79): avc: denied { getattr } for pid=1055 comm="ls" path="/dev/video0" dev="tmpfs" ino=6871 scontext=u:r:shell:s0 tcontext=u:object_r:video_device:s0 tclass=chr_file permissive=1
toradex_apalis6q:/dev # 
toradex_apalis6q:/dev # 
toradex_apalis6q:/dev # 
toradex_apalis6q:/dev # ls
__properties__  hw_random          pts       tty24 tty48   ubi_ctrl      
ashmem          hwbinder           random    tty25 tty49   uhid          
autofs          i2c-1              rfkill    tty26 tty5    uinput        
binder          i2c-2              rtc0      tty27 tty50   urandom       
block           i2c-3              snd       tty28 tty51   usb           
bus             input              socket    tty29 tty52   usb-ffs       
console         ion                spidev0.0 tty3  tty53   usb_accessory 
cpu_dma_latency keychord           stune     tty30 tty54   vcs           
cpuctl          kmsg               tty       tty31 tty55   vcs1          
cpuset          loop-control       tty0      tty32 tty56   vcsa          
device-mapper   memcg              tty1      tty33 tty57   vcsa1         
dri             memory_bandwidth   tty10     tty34 tty58   video0        
fd              mtp_usb            tty11     tty35 tty59   video1        
fscklogs        mxc_asrc           tty12     tty36 tty6    video16       
full            mxc_hdmi           tty13     tty37 tty60   video17       
fuse            mxc_hdmi_cec       tty14     tty38 tty61   video18       
galcore         mxc_ipu            tty15     tty39 tty62   video19       
gpiochip0       mxc_mem            tty16     tty4  tty63   vndbinder     
gpiochip1       mxc_vpu            tty17     tty40 tty7    watchdog      
gpiochip2       network_latency    tty18     tty41 tty8    watchdog0     
gpiochip3       network_throughput tty19     tty42 tty9    xt_qtaguid    
gpiochip4       null               tty2      tty43 ttymxc0 zero          
gpiochip5       ppp                tty20     tty44 ttymxc1 
gpiochip6       pps0               tty21     tty45 ttymxc3 
graphics        ptmx               tty22     tty46 ttymxc4 
hidraw0         ptp0               tty23     tty47 tun     
toradex_apalis6q:/dev # toradex_apalis6q:/dev # ls                                                     
type=1400 audit(41.423:107): avc: denied { read } for pid=1272 comm="ls" name="/" dev="tmpfs" ino=11265 scontext=u:r:shell:s0 tcontext=u:object_r:device:s0 tclass=dir permissive=1
__properties__type=1400 audit(41.423:108): avc: denied { open } for pid=1272 comm="ls" path="/dev" dev="tmpfs" ino=11265 scontext=u:r:shell:s0 tcontext=u:object_r:device:s0 tclass=dir permissive=1
  hw_random          pts       tttype=1400 audit(41.423:109): avc: denied { getattr } for pid=1272 comm="ls" path="/dev/mtp_usb" dev="tmpfs" ino=6978 scontext=u:r:shell:s0 tcontext=u:object_r:mtp_device:s0 tclass=chr_file permissive=1
y24 tty48   ubi_ctrl      
ashmetype=1400 audit(41.423:110): avc: denied { getattr } for pid=1272 comm="ls" path="/dev/fscklogs" dev="tmpfs" ino=7452 scontext=u:r:shell:s0 tcontext=u:object_r:fscklogs:s0 tclass=dir permissive=1
m          hwbinder           rantype=1400 audit(41.423:111): avc: denied { getattr } for pid=1272 comm="ls" path="/dev/.coldboot_done" dev="tmpfs" ino=6971 scontext=u:r:shell:s0 tcontext=u:object_r:device:s0 tclass=file permissive=1
dom    tty25 tty49   uhid          
autofs          i2c-1              rfkill    tty26 tty5    uinput        
binder          i2c-2              rtc0      tty27 tty50   urandom       
block           i2c-3              snd       tty28 tty51   usb           
bus             input              socket    tty29 tty52   usb-ffs       
console         ion                spidev0.0 tty3  tty53   usb_accessory 
cpu_dma_latency keychord           stune     tty30 tty54   vcs           
cpuctl          kmsg               tty       tty31 tty55   vcs1          
cpuset          loop-control       tty0      tty32 tty56   vcsa          
device-mapper   memcg              tty1      tty33 tty57   vcsa1         
dri             memory_bandwidth   tty10     tty34 tty58   video0        
fd              mtp_usb            tty11     tty35 tty59   video1        
fscklogs        mxc_asrc           tty12     tty36 tty6    video16       
full            mxc_hdmi           tty13     tty37 tty60   video17       
fuse            mxc_hdmi_cec       tty14     tty38 tty61   video18       
galcore         mxc_ipu            tty15     tty39 tty62   video19       
gpiochip0       mxc_mem            tty16     tty4  tty63   vndbinder     
gpiochip1       mxc_vpu            tty17     tty40 tty7    watchdog      
gpiochip2       network_latency    tty18     tty41 tty8    watchdog0     
gpiochip3       network_throughput tty19     tty42 tty9    xt_qtaguid    
gpiochip4       null               tty2      tty43 ttymxc0 zero          
gpiochip5       ppp                tty20     tty44 ttymxc1 
gpiochip6       pps0               tty21     tty45 ttymxc3 
graphics        ptmx               tty22     tty46 ttymxc4 
hidraw0         ptp0               tty23     tty47 tun     
toradex_apalis6q:/dev # cat tt
tty      tty15    tty22    tty3     tty37    tty44    tty51    tty59    tty9
tty0     tty16    tty23    tty30    tty38    tty45    tty52    tty6     ttymxc0
tty1     tty17    tty24    tty31    tty39    tty46    tty53    tty60    ttymxc1
tty10    tty18    tty25    tty32    tty4     tty47    tty54    tty61    ttymxc3
tty11    tty19    tty26    tty33    tty40    tty48    tty55    tty62    ttymxc4
tty12    tty2     tty27    tty34    tty41    tty49    tty56    tty63
tty13    tty20    tty28    tty35    tty42    tty5     tty57    tty7
tty14    tty21    tty29    tty36    tty43    tty50    tty58    tty8
toradex_apalis6q:/dev # cat tty                                                m
ttymxc0  ttymxc1  ttymxc3  ttymxc4
toradex_apalis6q:/dev # cat ttymxc                                             4toradex_apalis6q:/dev # cat ttymxc4                                             
	^C
130|toradex_apalis6q:/dev # 
130|toradex_apalis6q:/dev # 130|toradex_apalis6q:/dev # cat ttymxc4                                          
ttymxc0  ttymxc1  ttymxc3  ttymxc4
130|toradex_apalis6q:/dev # cat ttymxc                                         
ttymxc0  ttymxc1  ttymxc3  ttymxc4
130|toradex_apalis6q:/dev # cat ttymxc                                         3130|toradex_apalis6q:/dev # cat ttymxc3                                         
^C
130|toradex_apalis6q:/dev # 

U-Boot 2017.03-00002-gebf9dc2527 (Jan 29 2018 - 17:39:17 +0530)

CPU:   Freescale i.MX6Q rev1.5 at 792 MHz
Reset cause: POR
I2C:   ready
DRAM:  2 GiB
PMIC: device id: 0x10, revision id: 0x21
PMIC: programmed
MMC:   FSL_SDHC: 0, FSL_SDHC: 1, FSL_SDHC: 2
Unable to allocate framebuffer memory
In:    serial
Out:   serial
Err:   serial
Model: Toradex Apalis iMX6 Quad 2GB IT V1.1C, Serial# 05146387
flash target is MMC:0
Net:   using PHY at 7
FEC [PRIME]
Fastboot: Normal
Hit any key to stop autoboot:  1  0 
boota mmc0 
CACHE: Misaligned operation at range [8ffb79a0, 8ffb7a20]
CACHE: Misaligned operation at range [8ffb79a0, 8ffb7a20]
kernel   @ 14008000 (9921576)
ramdisk  @ 15000000 (1628986)
fdt      @ 14f00000 (53981)
## Booting Android Image at 0x12000000 ...
Kernel load addr 0x14008000 size 9690 KiB
Kernel command line: console=ttymxc0,115200 init=/init video=mxcfb0:dev=ldb,fbpix=RGB32,bpp=32 video=mxcfb1:dev=hdmi,640x480M@60,if=RGB24,bpp=16 video=mxcfb2:off video=mxcfb3:off vmalloc=256M androidboot.console=ttymxc0 consoleblank=0 androidboot.hardware=freescale cma=448M androidboot.selinux=permissive androidboot.dm_verity=disabled buildvariant=user androidboot.serialno=1b2429d4ea997115 androidboot.storage_type=emmc
## Flattened Device Tree blob at 14f00000
   Booting using the fdt blob at 0x14f00000
   Loading Kernel Image ... OK
   Using Device Tree in place at 14f00000, end 14f102dc

Starting kernel ...

Booting Linux on physical CPU 0x0
Linux version 4.9.67-07229-gdc6c16ec0433-dirty (embadmin@ubuntu) (gcc version 4.9 20150123 (prerelease) (GCC) ) #59 SMP PREEMPT Wed Feb 7 18:06:19 IST 2018
CPU: ARMv7 Processor [412fc09a] revision 10 (ARMv7), cr=10c53c7d
CPU: PIPT / VIPT nonaliasing data cache, VIPT aliasing instruction cache
OF: fdt:Machine model: Aravinth : Toradex Apalis iMX6Q/D Module on Ixora V1.1 Carrier Board
cma: Reserved 448 MiB at 0x22000000
Memory policy: Data cache writealloc
percpu: Embedded 15 pages/cpu @ee6b3000 s31040 r8192 d22208 u61440
Built 1 zonelists in Zone order, mobility grouping on.  Total pages: 522768
Kernel command line: console=ttymxc0,115200 init=/init video=mxcfb0:dev=ldb,fbpix=RGB32,bpp=32 video=mxcfb1:dev=hdmi,640x480M@60,if=RGB24,bpp=16 video=mxcfb2:off video=mxcfb3:off vmalloc=256M androidboot.console=ttymxc0 consoleblank=0 androidboot.hardware=freescale cma=448M androidboot.selinux=permissive androidboot.dm_verity=disabled buildvariant=user androidboot.serialno=1b2429d4ea997115 androidboot.storage_type=emmc
PID hash table entries: 4096 (order: 2, 16384 bytes)
Dentry cache hash table entries: 131072 (order: 7, 524288 bytes)
Inode-cache hash table entries: 65536 (order: 6, 262144 bytes)
Memory: 1597024K/2097152K available (13312K kernel code, 1154K rwdata, 4044K rodata, 1024K init, 604K bss, 41376K reserved, 458752K cma-reserved, 1318912K highmem)
Virtual kernel memory layout:
    vector  : 0xffff0000 - 0xffff1000   (   4 kB)
    fixmap  : 0xffc00000 - 0xfff00000   (3072 kB)
    vmalloc : 0xf0000000 - 0xff800000   ( 248 MB)
    lowmem  : 0xc0000000 - 0xef800000   ( 760 MB)
    pkmap   : 0xbfe00000 - 0xc0000000   (   2 MB)
    modules : 0xbf000000 - 0xbfe00000   (  14 MB)
      .text : 0xc0008000 - 0xc0e00000   (14304 kB)
      .init : 0xc1300000 - 0xc1400000   (1024 kB)
      .data : 0xc1400000 - 0xc1520b58   (1155 kB)
       .bss : 0xc1520b58 - 0xc15b7c28   ( 605 kB)
SLUB: HWalign=64, Order=0-3, MinObjects=0, CPUs=4, Nodes=1
Preemptible hierarchical RCU implementation.
	Build-time adjustment of leaf fanout to 32.
NR_IRQS:16 nr_irqs:16 16
L2C-310 errata 752271 769419 enabled
L2C-310 enabling early BRESP for Cortex-A9
L2C-310 full line of zeros enabled for Cortex-A9
L2C-310 ID prefetch enabled, offset 16 lines
L2C-310 dynamic clock gating enabled, standby mode enabled
L2C-310 cache controller enabled, 16 ways, 1024 kB
L2C-310: CACHE_ID 0x410000c7, AUX_CTRL 0x76470001
Switching to timer-based delay loop, resolution 333ns
sched_clock: 32 bits at 3000kHz, resolution 333ns, wraps every 715827882841ns
clocksource: mxc_timer1: mask: 0xffffffff max_cycles: 0xffffffff, max_idle_ns: 637086815595 ns
Console: colour dummy device 80x30
Calibrating delay loop (skipped), value calculated using timer frequency.. 6.00 BogoMIPS (lpj=30000)
pid_max: default: 32768 minimum: 301
Security Framework initialized
SELinux:  Initializing.
Mount-cache hash table entries: 2048 (order: 1, 8192 bytes)
Mountpoint-cache hash table entries: 2048 (order: 1, 8192 bytes)
CPU: Testing write buffer coherency: ok
CPU0: update cpu_capacity 1024
CPU0: thread -1, cpu 0, socket 0, mpidr 80000000
Setting up static identity map for 0x10100000 - 0x10100058
CPU1: update cpu_capacity 1024
CPU1: thread -1, cpu 1, socket 0, mpidr 80000001
CPU2: update cpu_capacity 1024
CPU2: thread -1, cpu 2, socket 0, mpidr 80000002
CPU3: update cpu_capacity 1024
CPU3: thread -1, cpu 3, socket 0, mpidr 80000003
Brought up 4 CPUs
SMP: Total of 4 processors activated (24.00 BogoMIPS).
CPU: All CPU(s) started in SVC mode.
CPU3: update max cpu_capacity 1024
devtmpfs: initialized
CPU2: update max cpu_capacity 1024
VFP support v0.3: implementor 41 architecture 3 part 30 variant 9 rev 4
clocksource: jiffies: mask: 0xffffffff max_cycles: 0xffffffff, max_idle_ns: 19112604462750000 ns
futex hash table entries: 1024 (order: 4, 65536 bytes)
pinctrl core: initialized pinctrl subsystem
NET: Registered protocol family 16
DMA: preallocated 256 KiB pool for atomic coherent allocations
cpuidle: using governor menu
CPU identified as i.MX6Q, silicon rev 1.5
hw-breakpoint: found 5 (+1 reserved) breakpoint and 1 watchpoint registers.
hw-breakpoint: maximum watchpoint size is 4 bytes.
imx6q-pinctrl 20e0000.iomuxc: initialized IMX pinctrl driver
imx-gpc 20dc000.gpc: no fsl,ldo-bypass found!
imx-gpc 20dc000.gpc: Registered imx-gpc
mxs-dma 110000.dma-apbh: initialized
usb_host_vbus: supplied by usb_host_vbus_hub
SCSI subsystem initialized
usbcore: registered new interface driver usbfs
usbcore: registered new interface driver hub
usbcore: registered new device driver usb
2000000.aips-bus:usbphy_nop1 supply vcc not found, using dummy regulator
2000000.aips-bus:usbphy_nop2 supply vcc not found, using dummy regulator
i2c i2c-1: IMX I2C adapter registered
i2c i2c-1: can't use DMA, using PIO instead.
stmpe-i2c 2-0041: stmpe811 detected, chip id: 0x811
i2c i2c-2: IMX I2C adapter registered
i2c i2c-2: can't use DMA, using PIO instead.
i2c i2c-3: IMX I2C adapter registered
i2c i2c-3: can't use DMA, using PIO instead.
Linux video capture interface: v2.00
pps_core: LinuxPPS API ver. 1 registered
pps_core: Software ver. 5.3.6 - Copyright 2005-2007 Rodolfo Giometti <giometti@linux.it>
PTP clock support registered
imx-ipuv3 2400000.ipu: IPU DMFC NORMAL mode: 1(0~1), 5B(4,5), 5F(6,7)
imx-ipuv3 2800000.ipu: IPU DMFC NORMAL mode: 1(0~1), 5B(4,5), 5F(6,7)
mxc_mipi_csi2 21dc000.mipi_csi: i.MX MIPI CSI2 driver probed ipu0 csi1
mxc_mipi_csi2 21dc000.mipi_csi: i.MX MIPI CSI2 dphy version is 0x3130302a
MIPI CSI2 driver module loaded
imx rpmsg driver is registered.
Advanced Linux Sound Architecture Driver Initialized.
Bluetooth: Core ver 2.22
NET: Registered protocol family 31
Bluetooth: HCI device and connection manager initialized
Bluetooth: HCI socket layer initialized
Bluetooth: L2CAP socket layer initialized
Bluetooth: SCO socket layer initialized
clocksource: Switched to clocksource mxc_timer1
VFS: Disk quotas dquot_6.6.0
VFS: Dquot-cache hash table entries: 1024 (order 0, 4096 bytes)
NET: Registered protocol family 2
TCP established hash table entries: 8192 (order: 3, 32768 bytes)
TCP bind hash table entries: 8192 (order: 4, 65536 bytes)
TCP: Hash tables configured (established 8192 bind 8192)
UDP hash table entries: 512 (order: 2, 16384 bytes)
UDP-Lite hash table entries: 512 (order: 2, 16384 bytes)
NET: Registered protocol family 1
RPC: Registered named UNIX socket transport module.
RPC: Registered udp transport module.
RPC: Registered tcp transport module.
RPC: Registered tcp NFSv4.1 backchannel transport module.
Trying to unpack rootfs image as initramfs...
Freeing initrd memory: 1592K
hw perfevents: enabled with armv7_cortex_a9 PMU driver, 7 counters available
Bus freq driver module loaded
audit: initializing netlink subsys (disabled)
audit: type=2000 audit(0.870:1): initialized
workingset: timestamp_bits=30 max_order=19 bucket_order=0
NFS: Registering the id_resolver key type
Key type id_resolver registered
Key type id_legacy registered
ntfs: driver 2.1.32 [Flags: R/W DEBUG].
jffs2: version 2.2. (NAND) Â© 2001-2006 Red Hat, Inc.
fuse init (API version 7.26)
NET: Registered protocol family 38
bounce: pool size: 64 pages
io scheduler noop registered
io scheduler deadline registered
io scheduler cfq registered (default)
backlight supply power not found, using dummy regulator
20e0000.hdmi_video supply HDMI not found, using dummy regulator
mxc_sdc_fb fb@0: registered mxc display driver ldb
imx-ipuv3 2800000.ipu: IPU DMFC DP HIGH RESOLUTION: 1(0,1), 5B(2~5), 5F(6,7)
Console: switching to colour frame buffer device 128x48
mxc_hdmi 20e0000.hdmi_video: Detected HDMI controller 0x13:0xa:0xa0:0xc1
fbcvt: 640x480@60: CVT Name - .307M3
mxc_sdc_fb fb@1: registered mxc display driver hdmi
mxc_sdc_fb fb@2: Can't get fb option for mxcfb2!
mxc_sdc_fb fb@3: Can't get fb option for mxcfb3!
imx-sdma 20ec000.sdma: no iram assigned, using external mem
imx-sdma 20ec000.sdma: loaded firmware 3.3
pfuze100-regulator 2-0008: Full layer: 2, Metal layer: 1
pfuze100-regulator 2-0008: FAB: 0, FIN: 0
pfuze100-regulator 2-0008: pfuze100 found.
mxc_hdmi 20e0000.hdmi_video: Read EDID again
2020000.serial: ttymxc0 at MMIO 0x2020000 (irq = 29, base_baud = 5000000) is a IMX
mxc_hdmi 20e0000.hdmi_video: create default modelist
console [ttymxc0] enabled
21e8000.serial: ttymxc1 at MMIO 0x21e8000 (irq = 78, base_baud = 5000000) is a IMX
21f0000.serial: ttymxc3 at MMIO 0x21f0000 (irq = 79, base_baud = 5000000) is a IMX
21f4000.serial: ttymxc4 at MMIO 0x21f4000 (irq = 80, base_baud = 5000000) is a IMX
imx sema4 driver is registered.
[drm] Initialized
[drm] Initialized vivante 1.0.0 20120216 on minor 0
brd: module loaded
loop: module loaded
zram: Added device: zram0
ahci-imx 2200000.sata: fsl,transmit-level-mV not specified, using 00000024
ahci-imx 2200000.sata: fsl,transmit-boost-mdB not specified, using 00000480
ahci-imx 2200000.sata: fsl,transmit-atten-16ths not specified, using 00002000
ahci-imx 2200000.sata: fsl,receive-eq-mdB not specified, using 05000000
ahci-imx 2200000.sata: SSS flag set, parallel bus scan disabled
ahci-imx 2200000.sata: AHCI 0001.0300 32 slots 1 ports 3 Gbps 0x1 impl platform mode
ahci-imx 2200000.sata: flags: ncq sntf stag pm led clo only pmp pio slum part ccc apst 
scsi host0: ahci-imx
ata1: SATA max UDMA/133 mmio [mem 0x02200000-0x02203fff] port 0x100 irq 87
spi_imx 2008000.ecspi: probed
libphy: Fixed MDIO Bus: probed
tun: Universal TUN/TAP device driver, 1.6
tun: (C) 1999-2004 Max Krasnyansky <maxk@qualcomm.com>
CAN device driver interface
2090000.flexcan supply xceiver not found, using dummy regulator
flexcan 2090000.flexcan: device registered (reg_base=f02f4000, irq=38)
2094000.flexcan supply xceiver not found, using dummy regulator
flexcan 2094000.flexcan: device registered (reg_base=f02fc000, irq=39)
2188000.ethernet supply phy not found, using dummy regulator
pps pps0: new PPS source ptp0
libphy: fec_enet_mii_bus: probed
fec 2188000.ethernet eth0: registered PHC device 0
PPP generic driver version 2.4.2
PPP BSD Compression module registered
PPP Deflate Compression module registered
PPP MPPE Compression module registered
NET: Registered protocol family 24
Aravinth: rtl8xxxu_module_init -->
usbcore: registered new interface driver rtk_btusb
Aravinth: rtl8xxxu_module_init <--
usbcore: registered new interface driver kaweth
pegasus: v0.9.3 (2013/04/25), Pegasus/Pegasus II USB Ethernet driver
usbcore: registered new interface driver pegasus
usbcore: registered new interface driver rtl8150
usbcore: registered new interface driver r8152
usbcore: registered new interface driver asix
usbcore: registered new interface driver ax88179_178a
usbcore: registered new interface driver cdc_ether
usbcore: registered new interface driver cdc_eem
usbcore: registered new interface driver net1080
usbcore: registered new interface driver cdc_subset
usbcore: registered new interface driver zaurus
usbcore: registered new interface driver cdc_ncm
ehci_hcd: USB 2.0 'Enhanced' Host Controller (EHCI) Driver
ehci-mxc: Freescale On-Chip EHCI Host driver
ohci_hcd: USB 1.1 'Open' Host Controller (OHCI) Driver
usbcore: registered new interface driver cdc_acm
cdc_acm: USB Abstract Control Model driver for USB modems and ISDN adapters
usbcore: registered new interface driver cdc_wdm
usbcore: registered new interface driver usb-storage
usbcore: registered new interface driver usbserial
usbcore: registered new interface driver usbserial_generic
usbserial: USB Serial support registered for generic
usbcore: registered new interface driver ftdi_sio
usbserial: USB Serial support registered for FTDI USB Serial Device
usbcore: registered new interface driver option
usbserial: USB Serial support registered for GSM modem (1-port)
usbcore: registered new interface driver usbtest
usbcore: registered new interface driver usb_ehset_test
2184800.usbmisc supply vbus-wakeup not found, using dummy regulator
ci_hdrc ci_hdrc.1: EHCI Host Controller
ci_hdrc ci_hdrc.1: new USB bus registered, assigned bus number 1
ci_hdrc ci_hdrc.1: USB 2.0 started, EHCI 1.00
usb usb1: New USB device found, idVendor=1d6b, idProduct=0002
usb usb1: New USB device strings: Mfr=3, Product=2, SerialNumber=1
usb usb1: Product: EHCI Host Controller
usb usb1: Manufacturer: Linux 4.9.67-07229-gdc6c16ec0433-dirty ehci_hcd
usb usb1: SerialNumber: ci_hdrc.1
hub 1-0:1.0: USB hub found
ata1: SATA link down (SStatus 0 SControl 300)
ahci-imx 2200000.sata: no device found, disabling link.
ahci-imx 2200000.sata: pass ahci_imx..hotplug=1 to enable hotplug
hub 1-0:1.0: 1 port detected
mousedev: PS/2 mouse device common for all mice
usbcore: registered new interface driver xpad
usbcore: registered new interface driver usb_acecad
usbcore: registered new interface driver aiptek
usbcore: registered new interface driver gtco
usbcore: registered new interface driver hanwang
usbcore: registered new interface driver kbtab
input: stmpe-ts as /devices/soc0/soc/2100000.aips-bus/21a4000.i2c/i2c-2/2-0041/stmpe-ts/input/input0
snvs_rtc 20cc000.snvs:snvs-rtc-lp: rtc core: registered 20cc000.snvs:snvs-r as rtc0
i2c /dev entries driver
IR NEC protocol handler initialized
IR RC5(x/sz) protocol handler initialized
IR RC6 protocol handler initialized
IR JVC protocol handler initialized
IR Sony protocol handler initialized
IR SANYO protocol handler initialized
IR Sharp protocol handler initialized
IR MCE Keyboard/mouse protocol handler initialized
IR XMP protocol handler initialized
mxc_v4l2_output v4l2_out: V4L2 device registered as video16
mxc_v4l2_output v4l2_out: V4L2 device registered as video17
mxc_v4l2_output v4l2_out: V4L2 device registered as video18
mxc_v4l2_output v4l2_out: V4L2 device registered as video19
ov564x_mipi 3-003c: found pwm2, period=0
usb 1-1: new high-speed USB device number 2 using ci_hdrc
ov5640_read_reg:write reg error:reg=300a
camera ov5640_mipi is not found
usbcore: registered new interface driver uvcvideo
USB Video Class driver (1.1.1)
imx2-wdt 20bc000.wdog: timeout 60 sec (nowayout=0)
device-mapper: uevent: version 1.0.3
device-mapper: ioctl: 4.35.0-ioctl (2016-06-23) initialised: dm-devel@redhat.com
Bluetooth: HCI UART driver ver 2.3
Bluetooth: HCI UART protocol H4 registered
Bluetooth: HCI UART protocol BCSP registered
Bluetooth: HCI UART protocol ATH3K registered
usbcore: registered new interface driver btusb
sdhci: Secure Digital Host Controller Interface driver
sdhci: Copyright(c) Pierre Ossman
sdhci-pltfm: SDHCI platform and OF driver helper
sdhci-esdhc-imx 2190000.usdhc: could not get ultra high speed state, work on normal mode
sdhci-esdhc-imx 2190000.usdhc: Got CD GPIO
mmc1: SDHCI controller on 2190000.usdhc [2190000.usdhc] using ADMA
sdhci-esdhc-imx 2198000.usdhc: could not get ultra high speed state, work on normal mode
usb 1-1: New USB device found, idVendor=0424, idProduct=2514
usb 1-1: New USB device strings: Mfr=0, Product=0, SerialNumber=0
hub 1-1:1.0: USB hub found
hub 1-1:1.0: 4 ports detected
Aravinth: usb_ifnum_to_if config->desc.bNumInterface=1 ifnum=0
Aravinth: usb_ifnum_to_if Num=0 
mmc0: SDHCI controller on 2198000.usdhc [2198000.usdhc] using ADMA
mxc_vpu 2040000.vpu_fsl: VPU initialized
mxc_vdoa 21e4000.vdoa: i.MX Video Data Order Adapter(VDOA) driver probed
mxc_hdmi_cec soc:hdmi_cec@00120000: HDMI CEC initialized
Galcore version 6.2.2.96445
mmc0: new DDR MMC card at address 0001
mmcblk0: mmc0:0001 Q2J54A 3.59 GiB 
mmcblk0boot0: mmc0:0001 Q2J54A partition 1 16.0 MiB
mmcblk0boot1: mmc0:0001 Q2J54A partition 2 16.0 MiB
random: fast init done
Alternate GPT is invalid, using primary GPT.
 mmcblk0: p1 p2 p3 p4 p5 p6 p7 p8 p9 p10 p11
usb 1-1.3: new low-speed USB device number 3 using ci_hdrc
usb 1-1.3: New USB device found, idVendor=413c, idProduct=301a
usb 1-1.3: New USB device strings: Mfr=1, Product=2, SerialNumber=0
usb 1-1.3: Product: Dell MS116 USB Optical Mouse
usb 1-1.3: Manufacturer: PixArt
caam 2100000.caam: ERA source: CAAMVID.
caam 2100000.caam: AXI pipeline throttling enabled.
caam 2100000.caam: Instantiated RNG4 SH1
caam 2100000.caam: device ID = 0x0a16010000000000 (Era 4)
caam 2100000.caam: job rings = 2, qi = 0
caam algorithms registered in /proc/crypto
caam_jr 2101000.jr0: registering rng-caam
platform caam_sm: blkkey_ex: 4 keystore units available
platform caam_sm: 64-bit clear key:
platform caam_sm: [0000] 00 01 02 03 04 0f 06 07
platform caam_sm: 64-bit black key:
platform caam_sm: [0000] 38 a3 02 60 13 d1 a1 6d
platform caam_sm: [0008] 8c a3 11 16 46 59 21 cd
platform caam_sm: 128-bit clear key:
platform caam_sm: [0000] 00 01 02 03 04 0f 06 07
platform caam_sm: [0008] 08 09 0a 0b 0c 0d 0e 0f
platform caam_sm: 128-bit black key:
platform caam_sm: [0000] 86 f6 ec fb d7 92 ed 8a
platform caam_sm: [0008] 50 96 85 c0 ac 38 7d 7f
platform caam_sm: 192-bit clear key:
platform caam_sm: [0000] 00 01 02 03 04 0f 06 07
platform caam_sm: [0008] 08 09 0a 0b 0c 0d 0e 0f
platform caam_sm: [0016] 10 11 12 13 14 15 16 17
platform caam_sm: 192-bit black key:
platform caam_sm: [0000] 1c 5e f1 f3 50 91 37 c0
platform caam_sm: [0008] 21 f9 13 ff 89 ef 08 67
platform caam_sm: [0016] 12 92 b9 0d 9d 14 48 ee
platform caam_sm: [0024] 79 ee c7 28 cc fd ff 86
platform caam_sm: 256-bit clear key:
platform caam_sm: [0000] 00 01 02 03 04 0f 06 07
platform caam_sm: [0008] 08 09 0a 0b 0c 0d 0e 0f
platform caam_sm: [0016] 10 11 12 13 14 15 16 17
platform caam_sm: [0024] 18 19 1a 1b 1c 1d 1e 1f
platform caam_sm: 256-bit black key:
platform caam_sm: [0000] a8 f3 d5 d4 be 04 bd 9d
platform caam_sm: [0008] 1a a3 2d 28 cb d5 bb 69
platform caam_sm: [0016] 8f 1c 12 44 2a e5 bb f0
platform caam_sm: [0024] 7e ad 56 a9 33 5b f2 c4
platform caam_sm: 64-bit unwritten blob:
platform caam_sm: [0000] 00 00 00 00 00 00 00 00
platform caam_sm: [0008] 00 00 00 00 00 00 00 00
platform caam_sm: [0016] 00 00 00 00 00 00 00 00
platform caam_sm: [0024] 00 00 00 00 00 00 00 00
platform caam_sm: [0032] 00 00 00 00 00 00 00 00
platform caam_sm: [0040] 00 00 00 00 00 00 00 00
platform caam_sm: [0048] 00 00 00 00 00 00 00 00
platform caam_sm: [0056] 00 00 00 00 00 00 00 00
platform caam_sm: [0064] 00 00 00 00 00 00 00 00
platform caam_sm: [0072] 00 00 00 00 00 00 00 00
platform caam_sm: [0080] 00 00 00 00 00 00 00 00
platform caam_sm: [0088] 00 00 00 00 00 00 00 00
platform caam_sm: 128-bit unwritten blob:
platform caam_sm: [0000] 00 00 00 00 00 00 00 00
platform caam_sm: [0008] 00 00 00 00 00 00 00 00
platform caam_sm: [0016] 00 00 00 00 00 00 00 00
platform caam_sm: [0024] 00 00 00 00 00 00 00 00
platform caam_sm: [0032] 00 00 00 00 00 00 00 00
platform caam_sm: [0040] 00 00 00 00 00 00 00 00
platform caam_sm: [0048] 00 00 00 00 00 00 00 00
platform caam_sm: [0056] 00 00 00 00 00 00 00 00
platform caam_sm: [0064] 00 00 00 00 00 00 00 00
platform caam_sm: [0072] 00 00 00 00 00 00 00 00
platform caam_sm: [0080] 00 00 00 00 00 00 00 00
platform caam_sm: [0088] 00 00 00 00 00 00 00 00
platform caam_sm: 196-bit unwritten blob:
platform caam_sm: [0000] 00 00 00 00 00 00 00 00
platform caam_sm: [0008] 00 00 00 00 00 00 00 00
platform caam_sm: [0016] 00 00 00 00 00 00 00 00
platform caam_sm: [0024] 00 00 00 00 00 00 00 00
platform caam_sm: [0032] 00 00 00 00 00 00 00 00
platform caam_sm: [0040] 00 00 00 00 00 00 00 00
platform caam_sm: [0048] 00 00 00 00 00 00 00 00
platform caam_sm: [0056] 00 00 00 00 00 00 00 00
platform caam_sm: [0064] 00 00 00 00 00 00 00 00
platform caam_sm: [0072] 00 00 00 00 00 00 00 00
platform caam_sm: [0080] 00 00 00 00 00 00 00 00
platform caam_sm: [0088] 00 00 00 00 00 00 00 00
platform caam_sm: 256-bit unwritten blob:
platform caam_sm: [0000] 00 00 00 00 00 00 00 00
platform caam_sm: [0008] 00 00 00 00 00 00 00 00
platform caam_sm: [0016] 00 00 00 00 00 00 00 00
platform caam_sm: [0024] 00 00 00 00 00 00 00 00
platform caam_sm: [0032] 00 00 00 00 00 00 00 00
platform caam_sm: [0040] 00 00 00 00 00 00 00 00
platform caam_sm: [0048] 00 00 00 00 00 00 00 00
platform caam_sm: [0056] 00 00 00 00 00 00 00 00
platform caam_sm: [0064] 00 00 00 00 00 00 00 00
platform caam_sm: [0072] 00 00 00 00 00 00 00 00
platform caam_sm: [0080] 00 00 00 00 00 00 00 00
platform caam_sm: [0088] 00 00 00 00 00 00 00 00
platform caam_sm: 64-bit black key in blob:
platform caam_sm: [0000] 95 e4 a3 65 1b 73 5b 7c
platform caam_sm: [0008] 63 ff b2 0f 82 11 32 b9
platform caam_sm: [0016] 6e 04 19 8c 69 00 14 d2
platform caam_sm: [0024] 41 4e 48 95 cc 24 17 e8
platform caam_sm: [0032] 0d af 15 bf 28 03 ca ce
platform caam_sm: [0040] df 2b 88 f9 c0 d9 4a bb
platform caam_sm: [0048] b8 bf 03 8c c2 c8 96 bd
platform caam_sm: [0056] 00 00 00 00 00 00 00 00
platform caam_sm: [0064] 00 00 00 00 00 00 00 00
platform caam_sm: [0072] 00 00 00 00 00 00 00 00
platform caam_sm: [0080] 00 00 00 00 00 00 00 00
platform caam_sm: [0088] 00 00 00 00 00 00 00 00
platform caam_sm: 128-bit black key in blob:
platform caam_sm: [0000] 3e df 24 44 e6 1a 0d 12
platform caam_sm: [0008] 67 9d 97 bd f2 34 fc 59
platform caam_sm: [0016] c6 b2 2d 96 9b 27 dc 7a
platform caam_sm: [0024] 82 d2 4e b4 6f e5 1a 11
platform caam_sm: [0032] c4 36 9f ff 0b b4 aa 12
platform caam_sm: [0040] 20 58 5c 1d ad c2 e2 1c
platform caam_sm: [0048] 49 d7 e6 84 2e 9c 95 b2
platform caam_sm: [0056] 14 ae d1 40 52 a4 69 b8
platform caam_sm: [0064] 00 00 00 00 00 00 00 00
platform caam_sm: [0072] 00 00 00 00 00 00 00 00
platform caam_sm: [0080] 00 00 00 00 00 00 00 00
platform caam_sm: [0088] 00 00 00 00 00 00 00 00
platform caam_sm: 192-bit black key in blob:
platform caam_sm: [0000] 99 e4 1e fe 5b ff f9 fc
platform caam_sm: [0008] b2 03 ef 6a 10 43 b8 39
platform caam_sm: [0016] 8a ae 8e c0 8d ea d4 00
platform caam_sm: [0024] 0e 8b 32 66 86 26 14 15
platform caam_sm: [0032] f5 85 2c 2b 2b 1d aa 79
platform caam_sm: [0040] a9 2b e7 4c 80 47 83 87
platform caam_sm: [0048] ce f2 79 89 42 ae d4 6c
platform caam_sm: [0056] 0e 9a 66 e8 c1 72 a8 23
platform caam_sm: [0064] 88 c0 2b fa 8c fd 7a 49
platform caam_sm: [0072] 00 00 00 00 00 00 00 00
platform caam_sm: [0080] 00 00 00 00 00 00 00 00
platform caam_sm: [0088] 00 00 00 00 00 00 00 00
platform caam_sm: 256-bit black key in blob:
platform caam_sm: [0000] 2d 18 32 fa 19 d5 7e b6
platform caam_sm: [0008] 1a a3 6f ee a6 52 cf 34
platform caam_sm: [0016] 25 4d f6 22 b3 b5 7e e8
platform caam_sm: [0024] b6 15 4a 48 81 6d 5f 23
platform caam_sm: [0032] f2 28 e8 0f 9f 88 b1 ae
platform caam_sm: [0040] b5 ff e1 05 d4 9f 9d 57
platform caam_sm: [0048] b2 b6 8f 3b 49 a8 1c 11
platform caam_sm: [0056] 6d 57 fa 54 b4 a3 8d 68
platform caam_sm: [0064] 94 4c 62 9a 18 34 36 7b
platform caam_sm: [0072] 8e 29 b7 7e 2c 20 21 13
platform caam_sm: [0080] 00 00 00 00 00 00 00 00
platform caam_sm: [0088] 00 00 00 00 00 00 00 00
platform caam_sm: restored 64-bit black key:
platform caam_sm: [0000] 3b d0 73 2f 2b c9 bc a3
platform caam_sm: [0008] 30 7e a5 9b 30 9b af 50
platform caam_sm: restored 128-bit black key:
platform caam_sm: [0000] 86 f6 ec fb d7 92 ed 8a
platform caam_sm: [0008] 50 96 85 c0 ac 38 7d 7f
platform caam_sm: restored 192-bit black key:
platform caam_sm: [0000] 1c 5e f1 f3 50 91 37 c0
platform caam_sm: [0008] 21 f9 13 ff 89 ef 08 67
platform caam_sm: [0016] 7c 74 6c 8e 19 b1 22 9b
platform caam_sm: [0024] 2e c3 3c 66 39 28 7d 7c
platform caam_sm: restored 256-bit black key:
platform caam_sm: [0000] a8 f3 d5 d4 be 04 bd 9d
platform caam_sm: [0008] 1a a3 2d 28 cb d5 bb 69
platform caam_sm: [0016] 8f 1c 12 44 2a e5 bb f0
platform caam_sm: [0024] 7e ad 56 a9 33 5b f2 c4
snvs-secvio 20cc000.caam-snvs: can't get snvs clock
snvs-secvio 20cc000.caam-snvs: violation handlers armed - non-secure state
hidraw: raw HID events driver (C) Jiri Kosina
input: PixArt Dell MS116 USB Optical Mouse as /devices/soc0/soc/2100000.aips-bus/2184200.usb/ci_hdrc.1/usb1/1-1/1-1.3/1-1.3:1.0/0003:413C:301A.0001/input/input1
hid-generic 0003:413C:301A.0001: input,hidraw0: USB HID v1.11 Mouse [PixArt Dell MS116 USB Optical Mouse] on usb-ci_hdrc.1-1.3/input0
usbcore: registered new interface driver usbhid
usbhid: USB HID core driver
ashmem: initialized
usbcore: registered new interface driver snd-usb-audio
sgtl5000 2-000a: sgtl5000 revision 0x11
fsl-ssi-dai 2028000.ssi: No cache defaults, reading back from HW
imx-sgtl5000 sound: sgtl5000 <-> 2028000.ssi mapping ok
imx-spdif sound-spdif: snd-soc-dummy-dai <-> 2004000.spdif mapping ok
imx-audio-hdmi sound-hdmi: hdmi-hifi.0 <-> soc:hdmi_audio@00120000 mapping ok
NET: Registered protocol family 26
u32 classifier
    Actions configured
Netfilter messages via NETLINK v0.30.
nf_conntrack version 0.5.0 (16384 buckets, 65536 max)
ctnetlink v0.93: registering with nfnetlink.
xt_time: kernel timezone is -0000
ip_tables: (C) 2000-2006 Netfilter Core Team
arp_tables: arp_tables: (C) 2002 David S. Miller
Initializing XFRM netlink socket
NET: Registered protocol family 10
mip6: Mobile IPv6
ip6_tables: (C) 2000-2006 Netfilter Core Team
sit: IPv6, IPv4 and MPLS over IPv4 tunneling driver
NET: Registered protocol family 17
NET: Registered protocol family 15
bridge: filtering via arp/ip/ip6tables is no longer available by default. Update your scripts to load br_netfilter if you need this.
can: controller area network core (rev 20120528 abi 9)
NET: Registered protocol family 29
can: raw protocol (rev 20120528)
can: broadcast manager protocol (rev 20161123 t)
can: netlink gateway (rev 20130117) max_hops=1
Bluetooth: RFCOMM TTY layer initialized
Bluetooth: RFCOMM socket layer initialized
Bluetooth: RFCOMM ver 1.11
Bluetooth: BNEP (Ethernet Emulation) ver 1.3
Bluetooth: BNEP filters: protocol multicast
Bluetooth: BNEP socket layer initialized
Bluetooth: HIDP (Human Interface Emulation) ver 1.2
Bluetooth: HIDP socket layer initialized
8021q: 802.1Q VLAN Support v1.8
Key type dns_resolver registered
cpu cpu0: Registered imx6q-cpufreq
registered taskstats version 1
imx_thermal 2000000.aips-bus:tempmon: Industrial CPU temperature grade - max:105C critical:100C passive:95C
dhd_module_init in
input: gpio-keys as /devices/soc0/gpio-keys/input/input2
snvs_rtc 20cc000.snvs:snvs-rtc-lp: setting system clock to 1970-01-01 00:00:02 UTC (2)
usb_otg_vbus: disabling
ALSA device list:
  #0: imx6q-apalis-sgtl5000
  #1: imx-spdif
  #2: imx-hdmi-soc
Freeing unused kernel memory: 1024K
init: init first stage started!
SELinux:  Permission validate_trans in class security not defined in policy.
SELinux:  Class cap_userns not defined in policy.
SELinux:  Class cap2_userns not defined in policy.
SELinux: the above unknown classes and permissions will be denied
audit: type=1403 audit(5.050:2): policy loaded auid=4294967295 ses=4294967295
init: (Initializing SELinux non-enforcing took 0.11s.)
init: init second stage started!
init: Running restorecon...
init: waitpid failed: No child processes
init: (Loading properties from /default.prop took 0.00s.)
init: (Parsing /init.environ.rc took 0.00s.)
init: (Parsing /init.usb.rc took 0.00s.)
init: (Parsing init.freescale.usb.rc took 0.00s.)
init: (Parsing init.freescale.i.MX6Q.rc took 0.00s.)
init: (Parsing init.freescale.emmc.rc took 0.00s.)
init: (Parsing /init.freescale.rc took 0.02s.)
ueventd: ueventd started!
ueventd: Coldboot took 0.44s.
Console: switching to colour dummy device 80x30
watchdogd: started (interval 10, margin 20)!
EXT4-fs (mmcblk0p3): mounted filesystem with ordered data mode. Opts: barrier=1
EXT4-fs (mmcblk0p10): Ignoring removed nomblk_io_submit option
EXT4-fs (mmcblk0p10): recovery complete
EXT4-fs (mmcblk0p10): mounted filesystem with ordered data mode. Opts: nomblk_io_submit,noauto_da_alloc,errors=panic
EXT4-fs (mmcblk0p4): Ignoring removed nomblk_io_submit option
EXT4-fs (mmcblk0p4): recovery complete
EXT4-fs (mmcblk0p4): mounted filesystem with ordered data mode. Opts: nomblk_io_submit
EXT4-fs (mmcblk0p5): mounted filesystem with ordered data mode. Opts: (null)
file system registered
using random self ethernet address
using random host ethernet address
zram0: detected capacity change from 0 to 314572800
logd.auditd: start
logd.klogd: 7491291334
Adding 307196k swap on /dev/block/zram0.  Priority:-1 extents:1 across:307196k SS
binder: 254:254 transaction failed 29189, size 0-0
type=1400 audit(7.960:3): avc: denied { entrypoint } for pid=260 comm="init" path="/system/bin/can-config.sh" dev="mmcblk0p3" ino=254 scontext=u:r:obd:s0 tcontext=u:object_r:system_file:s0 tclass=file permissive=1
logd.daemon: reinit
type=1400 audit(7.960:4): avc: denied { getattr } for pid=261 comm="obd" path="/vendor" dev="rootfs" ino=6500 scontext=u:r:obd:s0 tcontext=u:object_r:rootfs:s0 tclass=lnk_file permissive=1
type=1400 audit(7.990:5): avc: denied { read execute } for pid=260 comm="can-config.sh" path="/system/bin/sh" dev="mmcblk0p3" ino=437 scontext=u:r:obd:s0 tcontext=u:object_r:shell_exec:s0 tclass=file permissive=1
type=1400 audit(7.990:6): avc: denied { getattr } for pid=260 comm="can-config.sh" path="/system/bin/sh" dev="mmcblk0p3" ino=437 scontext=u:r:obd:s0 tcontext=u:object_r:shell_exec:s0 tclass=file permissive=1
type=1400 audit(8.110:7): avc: denied { execute_no_trans } for pid=276 comm="can-config.sh" path="/system/bin/ip" dev="mmcblk0p3" ino=329 scontext=u:r:obd:s0 tcontext=u:object_r:system_file:s0 tclass=file permissive=1
type=1400 audit(8.140:8): avc: denied { create } for pid=261 comm="obd" scontext=u:r:obd:s0 tcontext=u:r:obd:s0 tclass=socket permissive=1
type=1400 audit(8.140:9): avc: denied { ioctl } for pid=261 comm="obd" path="socket:[9344]" dev="sockfs" ino=9344 ioctlcmd=0x8933 scontext=u:r:obd:s0 tcontext=u:r:obd:s0 tclass=socket permissive=1
toradex_apalis6q:/ # IPv6: ADDRCONF(NETDEV_CHANGE): can0: link becomes ready
healthd: No battery devices found
ERROR: v4l2 capture: slave not found! V4L2_CID_HUE
ERROR: v4l2 capture: slave not found! V4L2_CID_HUE
imx-hdmi-audio imx-hdmi-audio: HDMI Video is not ready!
imx-hdmi-audio imx-hdmi-audio: ASoC: can't open platform imx-hdmi-audio: -22
imx-hdmi-audio imx-hdmi-audio: HDMI Video is not ready!
imx-hdmi-audio imx-hdmi-audio: ASoC: can't open platform imx-hdmi-audio: -22
init: Starting service 'bootanim'...
capability: warning: `main' uses 32-bit capabilities (legacy support in use)

toradex_apalis6q:/ # 
toradex_apalis6q:/ # 
toradex_apalis6q:/ # init: write_file: Unable to open '/sys/devices/system/cpu/cpufreq/interactive/timer_rate': No such file or directory
init: write_file: Unable to open '/sys/devices/system/cpu/cpufreq/interactive/min_sample_time': No such file or directory
init: write_file: Unable to open '/sys/devices/system/cpu/cpufreq/interactive/go_hispeed_load': No such file or directory
init: write_file: Unable to open '/proc/sys/vm/extra_free_kbytes': No such file or directory
init: write_file: Unable to write to '/config/usb_gadget/g1/UDC': No such device
acc_open
acc_release
random: crng init done
Micrel KSZ9031 Gigabit PHY 2188000.ethernet-1:07: attached PHY driver [Micrel KSZ9031 Gigabit PHY] (mii_bus:phy_addr=2188000.ethernet-1:07, irq=120)
IPv6: ADDRCONF(NETDEV_UP): eth0: link is not ready
type=1400 audit(25.080:34): avc: denied { write } for pid=261 comm="obd" path="socket:[9344]" dev="sockfs" ino=9344 scontext=u:r:obd:s0 tcontext=u:r:obd:s0 tclass=socket permissive=1
init: Service 'bootanim' (pid 357) exited with status 0
init: Starting service 'exec 3 (/system/bin/bootstat)'...
init: Service 'exec 3 (/system/bin/bootstat)' (pid 950) exited with status 0
init: Starting service 'exec 4 (/system/bin/bootstat)'...
init: Service 'exec 4 (/system/bin/bootstat)' (pid 961) exited with status 0
init: Starting service 'exec 5 (/system/bin/bootstat)'...
init: Service 'exec 5 (/system/bin/bootstat)' (pid 963) exited with status 0
init: Starting service 'exec 6 (/system/bin/bootstat)'...
init: Service 'exec 6 (/system/bin/bootstat)' (pid 964) exited with status 0
type=1400 audit(30.500:35): avc: denied { write } for pid=261 comm="obd" path="socket:[9344]" dev="sockfs" ino=9344 scontext=u:r:obd:s0 tcontext=u:r:obd:s0 tclass=socket permissive=1
lotype=1400 audit(35.160:36): avc: denied { write } for pid=1208 comm="Thread-2" name="vcan" dev="tmpfs" ino=9346 scontext=u:r:untrusted_app:s0:c512,c768 tcontext=u:object_r:socket_device:s0 tclass=sock_file permissive=1
type=1400 audit(35.160:37): avc: denied { connectto } for pid=1208 comm="Thread-2" path="/dev/socket/vcan" scontext=u:r:untrusted_app:s0:c512,c768 tcontext=u:r:obd:s0 tclass=unix_stream_socket permissive=1
gcat -c
toradex_apalis6q:/ # 
toradex_apalis6q:/ # 
toradex_apalis6q:/ # toradex_apalis6q:/ # logcat -c                                                   
--------- beginning of main
01-01 00:00:36.993   537   557 I art     : Starting a blocking GC Explicit
01-01 00:00:37.125   537   557 I art     : Explicit concurrent mark sweep GC freed 1002(33KB) AllocSpace objects, 0(0B) LOS objects, 33% free, 5MB/7MB, paused 2.110ms total 132.062ms
type=1400 audit(39.930:38): avc: denied { write } for pid=261 comm="obd" path="socket:[9344]" dev="sockfs" ino=9344 scontext=u:r:obd:s0 tcontext=u:r:obd:s0 tclass=socket permissive=1
01-01 00:00:39.930   261   261 I obd     : type=1400 audit(0.0:38): avc: denied { write } for path="socket:[9344]" dev="sockfs" ino=9344 scontext=u:r:obd:s0 tcontext=u:r:obd:s0 tclass=socket permissive=1
01-01 00:00:40.492   994  1057 I OpenGLRenderer: Initialized EGL, version 1.4
01-01 00:00:40.493   994  1057 D OpenGLRenderer: Swap behavior 2
01-01 00:00:40.629   537   557 I ActivityManager: Displayed com.android.launcher/com.android.launcher2.Launcher: +9s839ms
01-01 00:00:40.682   994   994 W System  : ClassLoader referenced unknown path: 
01-01 00:00:40.683   994   994 W System  : ClassLoader referenced unknown path: /system/app/DeskClock/lib/arm
01-01 00:00:40.684   994   994 D ApplicationLoaders: ignored Vulkan layer search path /system/app/DeskClock/lib/arm:/system/lib:/vendor/lib for namespace 0xb46e0090
--------- beginning of system
01-01 00:00:40.754   537   550 W ActivityManager: Launch timeout has expired, giving up wake lock!
01-01 00:00:40.758  1082  1255 I GlobalDismissManager: no sender configured
01-01 00:00:40.759  1082  1255 D AlertService: Beginning updateAlertNotification
01-01 00:00:40.793  1082  1255 D AlertService: No fired or scheduled alerts
01-01 00:00:40.811  1082  1255 D AlertService: Scheduling next alarm with AlarmScheduler. sEventReminderReceived: null
01-01 00:00:40.823  1082  1255 D AlarmScheduler: No events found starting within 1 week.
01-01 00:00:41.291   994  1057 W OpenGLRenderer: Incorrectly called buildLayer on View: ShortcutAndWidgetContainer, destroying layer...
01-01 00:00:43.591   610   610 D ViewRootImpl[NavigationBar]: updatePointerIcon called with position out of bounds
01-01 00:00:43.675   610   610 D ViewRootImpl[StatusBar]: updatePointerIcon called with position out of bounds
01-01 00:00:43.703   610   610 D ViewRootImpl[StatusBar]: updatePointerIcon called with position out of bounds
01-01 00:00:43.711   610   610 D ViewRootImpl[StatusBar]: updatePointerIcon called with position out of bounds
01-01 00:00:43.712   610   610 D ViewRootImpl[StatusBar]: updatePointerIcon called with position out of bounds
01-01 00:00:43.722   537   548 I ActivityManager: Setting hasTopUi=true for pid=610
01-01 00:00:43.726   610   610 D PhoneStatusBar: disable: < expand ICONS* alerts SYSTEM_INFO* back home recent clock search quick_settings >
01-01 00:00:43.728   610   610 D ViewRootImpl[StatusBar]: updatePointerIcon called with position out of bounds
01-01 00:00:43.840   537   986 W VibratorService: Tried to stop vibrating but there is no vibrator device.
01-01 00:00:46.078   610   610 D ViewRootImpl[NavigationBar]: updatePointerIcon called with position out of bounds
01-01 00:00:46.187   537   595 W AudioTrack: AUDIO_OUTPUT_FLAG_FAST denied by client; transfer 4, track 48000 Hz, output 44100 Hz
01-01 00:00:46.193   537  1134 I ActivityManager: START u0 {act=android.settings.SETTINGS flg=0x14000000 cmp=com.android.settings/.Settings} from uid 10026 on display 0
01-01 00:00:46.218   537   670 E ActivityManager: applyOptionsLocked: Unknown animationType=0
01-01 00:00:46.340   263   310 W audio_hw_primary: Aravinth: out_set_parameters >1
01-01 00:00:46.340   263   310 W audio_hw_primary: Aravinth: select_output_device >0 out_device=400
01-01 00:00:46.340   263   310 W audio_hw_primary: headphone 0 ,headset 1024 ,speaker 0, earpiece 0, bt_on 0
01-01 00:00:46.340   263   310 W audio_hw_primary: out_set_parameters routing=1024, ret 0, out -1492830464
01-01 00:00:46.344   263   310 I audio_hw_primary: start_output_stream_primary... -1492830464, device 1024
01-01 00:00:46.344   263   310 W audio_hw_primary: Aravinth: start_output_stream_primary >1
01-01 00:00:46.344   263   310 W audio_hw_primary: Aravinth: select_output_device >0 out_device=400
01-01 00:00:46.344   263   310 W audio_hw_primary: headphone 0 ,headset 1024 ,speaker 0, earpiece 0, bt_on 0
01-01 00:00:46.345   263   310 W audio_hw_primary: HDMI: card 2, port 0 device 0x400
01-01 00:00:46.345   263   310 W audio_hw_primary: HDMI: rate 44100, channel 2 period_size 0x300
01-01 00:00:46.345   263   310 W audio_hw_primary: Aravinth: start_output_stream_primary >2
01-01 00:00:46.593   721  1271 W System  : ClassLoader referenced unknown path: 
01-01 00:00:46.595   721  1271 W System  : ClassLoader referenced unknown path: /system/priv-app/CellBroadcastReceiver/lib/arm
01-01 00:00:46.598   721  1271 D ApplicationLoaders: ignored Vulkan layer search path /system/priv-app/CellBroadcastReceiver/lib/arm:/system/lib:/vendor/lib for namespace 0xb44c0090
01-01 00:00:46.738   537   548 I ActivityManager: Setting hasTopUi=false for pid=610
01-01 00:00:46.740   610   610 D PhoneStatusBar: disable: < expand icons* alerts system_info* back home recent clock search quick_settings >
01-01 00:00:46.792   721  1272 D LocalBluetoothProfileManager: Adding local MAP profile
01-01 00:00:46.794   721  1276 V NFC     : this device does not have NFC support
01-01 00:00:46.798   721  1272 D BluetoothMap: Create BluetoothMap proxy object
01-01 00:00:46.814   721  1272 D LocalBluetoothProfileManager: LocalBluetoothProfileManager construction complete
01-01 00:00:46.969   721  1276 I IndexDatabaseHelper: Using schema version: 115
01-01 00:00:46.972   721  1272 W StorageManager: Could not read /sys/block/bootdev_size
01-01 00:00:46.972   721  1272 W StorageManager: java.io.FileNotFoundException: /sys/block/bootdev_size (No such file or directory)
01-01 00:00:46.972   721  1272 W StorageManager: 	at java.io.FileInputStream.open(Native Method)
01-01 00:00:46.972   721  1272 W StorageManager: 	at java.io.FileInputStream.<init>(FileInputStream.java:146)
01-01 00:00:46.972   721  1272 W StorageManager: 	at java.io.FileInputStream.<init>(FileInputStream.java:99)
01-01 00:00:46.972   721  1272 W StorageManager: 	at android.os.storage.StorageManager.readLong(StorageManager.java:938)
01-01 00:00:46.972   721  1272 W StorageManager: 	at android.os.storage.StorageManager.getPrimaryStorageSize(StorageManager.java:930)
01-01 00:00:46.972   721  1272 W StorageManager: 	at com.android.settingslib.deviceinfo.StorageManagerVolumeProvider.getPrimaryStorageSize(StorageManagerVolumeProvider.java:37)
01-01 00:00:46.972   721  1272 W StorageManager: 	at com.android.settingslib.deviceinfo.PrivateStorageInfo.getPrivateStorageInfo(PrivateStorageInfo.java:40)
01-01 00:00:46.972   721  1272 W StorageManager: 	at com.android.settings.deviceinfo.StorageSettings$SummaryProvider.updateSummary(StorageSettings.java:513)
01-01 00:00:46.972   721  1272 W StorageManager: 	at com.android.settings.deviceinfo.StorageSettings$SummaryProvider.setListening(StorageSettings.java:506)
01-01 00:00:46.972   721  1272 W StorageManager: 	at com.android.settings.dashboard.SummaryLoader.setListeningW(SummaryLoader.java:192)
01-01 00:00:46.972   721  1272 W StorageManager: 	at com.android.settings.dashboard.SummaryLoader.-wrap2(SummaryLoader.java)
01-01 00:00:46.972   721  1272 W StorageManager: 	at com.android.settings.dashboard.SummaryLoader$Worker.handleMessage(SummaryLoader.java:253)
01-01 00:00:46.972   721  1272 W StorageManager: 	at android.os.Handler.dispatchMessage(Handler.java:102)
01-01 00:00:46.972   721  1272 W StorageManager: 	at android.os.Looper.loop(Looper.java:154)
01-01 00:00:46.972   721  1272 W StorageManager: 	at android.os.HandlerThread.run(HandlerThread.java:61)
01-01 00:00:46.990   721  1276 I IndexDatabaseHelper: Index is fine
01-01 00:00:47.002   721   731 I art     : Background sticky concurrent mark sweep GC freed 6559(623KB) AllocSpace objects, 2(40KB) LOS objects, 20% free, 2MB/2MB, paused 12.366ms total 87.465ms
01-01 00:00:47.003   721  1276 D Index   : Locale 'en_US' is already indexed
01-01 00:00:47.049   721  1272 W DataUsageController: Failed to get data usage, no subscriber id
01-01 00:00:47.087   721  1276 D Index   : Indexing locale 'en_US' took 81 millis
01-01 00:00:47.101   721   721 D DashboardSummary: onConditionsChanged
01-01 00:00:47.107   537   557 I ActivityManager: Displayed com.android.settings/.Settings: +888ms
01-01 00:00:47.144   721  1275 D Index   : Indexing locale 'en_US' took 23 millis
01-01 00:00:47.171   721  1272 W ProcStatsManager: No process com.android.providers.calendar/10004 for service com.android.providers.calendar.EmptyService
01-01 00:00:47.171   721  1272 W ProcStatsManager: No process com.android.providers.calendar/10004 for service com.android.providers.calendar.CalendarProviderIntentService
01-01 00:00:47.171   721  1272 W ProcStatsManager: No process android.process.media/10012 for service com.android.providers.media.MediaScannerService
01-01 00:00:47.171   721  1272 W ProcStatsManager: No process com.embitel.core/10052 for service com.embitel.core.obd.VCANCoreService
01-01 00:00:47.172   721  1272 W ProcStatsManager: No process com.android.carrierconfig/10005 for service com.android.carrierconfig.DefaultCarrierConfigService
01-01 00:00:47.172   721  1272 W ProcStatsManager: No process com.android.calendar/10035 for service com.android.calendar.alerts.InitAlarmsService
01-01 00:00:47.172   721  1272 W ProcStatsManager: No process com.android.calendar/10035 for service com.android.calendar.alerts.AlertService
01-01 00:00:47.172   721  1272 W ProcStatsManager: No process com.android.printspooler/10056 for service com.android.printspooler.model.PrintSpoolerService
01-01 00:00:47.172   721  1272 W ProcStatsManager: No process com.android.onetimeinitializer/10019 for service com.android.onetimeinitializer.OneTimeInitializerService
01-01 00:00:47.172   721  1272 W ProcStatsManager: No process system/1000 for service com.android.server.telecom.components.BluetoothPhoneService
01-01 00:00:47.172   721  1272 W ProcStatsManager: No process system/1000 for service com.android.server.telecom.components.TelecomService
01-01 00:00:47.172   721  1272 W ProcStatsManager: No process com.android.keychain/1000 for service com.android.keychain.KeyChainService
01-01 00:00:47.172   721  1272 W ProcStatsManager: No process com.android.dialer/10010 for service com.android.dialer.calllog.CallLogNotificationsService
01-01 00:00:47.172   721  1272 W ProcStatsManager: No process android.ext.services/10014 for service android.ext.services.notification.Ranker
01-01 00:00:47.173   721  1272 W ProcStatsManager: No process com.android.email/10043 for service com.android.email.service.EmailBroadcastProcessorService
01-01 00:00:47.173   721  1272 W ProcStatsManager: No process system/1000 for service com.android.location.fused.FusedLocationService
01-01 00:00:47.173   721  1272 W ProcStatsManager: No process com.embitel.hud/10048 for service com.embitel.hud.core.EventPriorityService
01-01 00:00:47.190   721   731 I art     : Background sticky concurrent mark sweep GC freed 4919(295KB) AllocSpace objects, 5(132KB) LOS objects, 16% free, 2MB/2MB, paused 6.550ms total 45.740ms
01-01 00:00:47.482   537   582 D WifiNative-HAL: Failing getSupportedFeatureset because HAL isn't started
01-01 00:00:47.486   537   548 E BatteryStatsService: no controller energy info supplied
01-01 00:00:47.486   537   548 E BatteryStatsService: no controller energy info supplied
01-01 00:00:47.490   706   706 E PhoneInterfaceManager: [PhoneIntfMgr] queryModemActivityInfo: Empty response
01-01 00:00:47.494   537   548 E KernelCpuSpeedReader: Failed to read cpu-freq: /sys/devices/system/cpu/cpu0/cpufreq/stats/time_in_state (No such file or directory)
01-01 00:00:47.499   537   548 E KernelUidCpuTimeReader: Failed to read uid_cputime: /proc/uid_cputime/show_uid_stat (No such file or directory)
01-01 00:00:47.504   537   548 E BatteryStatsService: modem info is invalid: ModemActivityInfo{ mTimestamp=0 mSleepTimeMs=0 mIdleTimeMs=0 mTxTimeMs[]=[0, 0, 0, 0, 0] mRxTimeMs=0 mEnergyUsed=0}
01-01 00:00:48.787   537   550 I ActivityManager: Waited long enough for: ServiceRecord{990660e u0 com.android.calendar/.alerts.InitAlarmsService}
01-01 00:00:48.852   537   548 I ActivityManager: START u0 {flg=0x8000 cmp=com.android.settings/.Settings$BluetoothSettingsActivity (has extras)} from uid 1000 on display 0
01-01 00:00:48.910   537   572 I InputDispatcher: Dropping event because there is no touchable window at (287, 444).
01-01 00:00:48.925   537   572 I InputDispatcher: Dropping event because there is no touchable window at (285, 444).
01-01 00:00:49.062   537   572 I InputDispatcher: Dropping event because there is no touchable window at (284, 444).
01-01 00:00:49.102   721  1271 D Index   : Indexing locale 'en_US' took 14 millis
01-01 00:00:49.106   721   721 D LocalBluetoothManager: setting foreground activity to non-null context
01-01 00:00:49.159   721  1271 D Index   : Indexing locale 'en_US' took 11 millis
01-01 00:00:49.274   721  1276 D Index   : Deleting data for locale 'en_US' took 4 millis
01-01 00:00:49.277   721  1276 D Index   : Indexing locale 'en_US' took 3 millis
01-01 00:00:49.353   537   557 I ActivityManager: Displayed com.android.settings/.Settings$BluetoothSettingsActivity: +487ms
01-01 00:00:49.485   721   766 D OpenGLRenderer: endAllActiveAnimators on 0x8f120400 (RippleDrawable) with handle 0x90174ba0
01-01 00:00:50.158   537   550 I ActivityManager: Waited long enough for: ServiceRecord{f21c179 u0 com.embitel.core/.obd.VCANCoreService}
01-01 00:00:51.949   263   310 W audio_hw_primary: do_out_standby... -1492830464







01-01 00:00:55.498   537   547 D BluetoothManagerService: enable(com.android.settings):  mBluetooth =null mBinding = false mState = OFF
01-01 00:00:55.498   537   547 D BluetoothManagerService: enable returning
01-01 00:00:55.499   537   556 D BluetoothManagerService: MESSAGE_ENABLE(0): mBluetooth = null
01-01 00:00:55.503   263   310 I audio_hw_primary: start_output_stream_primary... -1492830464, device 1024
01-01 00:00:55.503   263   310 W audio_hw_primary: Aravinth: start_output_stream_primary >1
01-01 00:00:55.503   263   310 W audio_hw_primary: Aravinth: select_output_device >0 out_device=400
01-01 00:00:55.503   263   310 W audio_hw_primary: headphone 0 ,headset 1024 ,speaker 0, earpiece 0, bt_on 0
01-01 00:00:55.503   263   310 W audio_hw_primary: HDMI: card 2, port 0 device 0x400
01-01 00:00:55.504   263   310 W audio_hw_primary: HDMI: rate 44100, channel 2 period_size 0x300
01-01 00:00:55.504   263   310 W audio_hw_primary: Aravinth: start_output_stream_primary >2
