

U-Boot 2016.11+fslc+g80c3bd6 (Jan 02 2018 - 11:32:06 +0100)

CPU:   Freescale i.MX6Q rev1.5 at 792 MHz
Reset cause: POR
I2C:   ready
DRAM:  2 GiB
PMIC:  device id: 0x10, revision id: 0x21, programmed
™MC:   FSL_SDHC: 0, FSL_SDHC: 1, FSL_SDHC: 2
auto-detected panel vga-rgb
Display: vga-rgb (640x480)
In:    serial
Out:   serial
Err:   serial
Model: Toradex Apalis iMX6 Quad 2GB IT V1.1C, Serial# 05139699
Net:   using PHY at 7
FEC [PRIME]
Hit any key to stop autoboot:  1  0 
Booting from internal eMMC chip...
reading imx6q-apalis-ixora-v1_1.dtb
48970 bytes read in 22 ms (2.1 MiB/s)
reading uImage
5943928 bytes read in 172 ms (33 MiB/s)
## Booting kernel from Legacy Image at 10800000 ...
   Image Name:   Linux-4.1.41-v2.7b1+g82f0f4f
   Image Type:   ARM Linux Kernel Image (uncompressed)
   Data Size:    5943864 Bytes = 5.7 MiB
   Load Address: 10008000
   Entry Point:  10008000
   Verifying Checksum ... OK
## Flattened Device Tree blob at 12000000
   Booting using the fdt blob at 0x12000000
   Loading Kernel Image ... OK
   Using Device Tree in place at 12000000, end 1200ef49

Starting kernel ...

[    0.000000] Booting Linux on physical CPU 0x0
[    0.000000] Initializing cgroup subsys cpu
[    0.000000] Initializing cgroup subsys cpuacct
[    0.000000] Linux version 4.1.41-v2.7b1+g82f0f4f (behlingc@mplan-ubuntu-1610-dev) (gcc version 5.3.0 (GCC) ) #1 SMP Wed Jan 31 17:39:36 CET 2018
[    0.000000] CPU: ARMv7 Processor [412fc09a] revision 10 (ARMv7), cr=10c5387d
[    0.000000] CPU: PIPT / VIPT nonaliasing data cache, VIPT aliasing instruction cache
[    0.000000] Machine model: Toradex Apalis iMX6Q/D Module on Ixora V1.1 Carrier Board
[    0.000000] Reserved memory: created CMA memory pool at 0x62000000, size 320 MiB
[    0.000000] Reserved memory: initialized node linux,cma, compatible id shared-dma-pool
[    0.000000] Memory policy: Data cache writealloc
[    0.000000] PERCPU: Embedded 12 pages/cpu @d0efd000 s16908 r8192 d24052 u49152
[    0.000000] Built 1 zonelists in Zone order, mobility grouping on.  Total pages: 521024
[    0.000000] Kernel command line: enable_wait_mode=off vmalloc=400M ip=off root=/dev/mmcblk0p2 rw,noatime rootfstype=ext4 rootwait fec_mac=00:14:2d:4e:6c:f3 consoleblank=0 no_console_suspend=1 console=tty1 console=ttymxc0,115200n8 mxc_hdmi.only_cea=1 video=mxcfb1:dev=hdmi,1920x1080M@60,if=RGB24 video=mxcfb0:dev=ldb,800x480M@60,if=RGB666 video=mxcfb2:off video=mxcfb3:off fbmem=32M
[    0.000000] PID hash table entries: 4096 (order: 2, 16384 bytes)
[    0.000000] Dentry cache hash table entries: 262144 (order: 8, 1048576 bytes)
[    0.000000] Inode-cache hash table entries: 131072 (order: 7, 524288 bytes)
[    0.000000] Memory: 1738972K/2097152K available (7679K kernel code, 330K rwdata, 2648K rodata, 372K init, 423K bss, 30500K reserved, 327680K cma-reserved, 425984K highmem)
[    0.000000] Virtual kernel memory layout:
[    0.000000]     vector  : 0xffff0000 - 0xffff1000   (   4 kB)
[    0.000000]     fixmap  : 0xffc00000 - 0xfff00000   (3072 kB)
[    0.000000]     vmalloc : 0xe6800000 - 0xff000000   ( 392 MB)
[    0.000000]     lowmem  : 0x80000000 - 0xe6000000   (1632 MB)
[    0.000000]     pkmap   : 0x7fe00000 - 0x80000000   (   2 MB)
[    0.000000]     modules : 0x7f000000 - 0x7fe00000   (  14 MB)
[    0.000000]       .text : 0x80008000 - 0x80a1e0a4   (10329 kB)
[    0.000000]       .init : 0x80a1f000 - 0x80a7c000   ( 372 kB)
[    0.000000]       .data : 0x80a7c000 - 0x80ace8c0   ( 331 kB)
[    0.000000]        .bss : 0x80ad1000 - 0x80b3ae1c   ( 424 kB)
[    0.000000] SLUB: HWalign=64, Order=0-3, MinObjects=0, CPUs=4, Nodes=1
[    0.000000] Hierarchical RCU implementation.
[    0.000000] NR_IRQS:16 nr_irqs:16 16
[    0.000000] L2C-310 erratum 769419 enabled
[    0.000000] L2C-310 enabling early BRESP for Cortex-A9
[    0.000000] L2C-310 full line of zeros enabled for Cortex-A9
[    0.000000] L2C-310 ID prefetch enabled, offset 16 lines
[    0.000000] L2C-310 dynamic clock gating enabled, standby mode enabled
[    0.000000] L2C-310 cache controller enabled, 16 ways, 1024 kB
[    0.000000] L2C-310: CACHE_ID 0x410000c7, AUX_CTRL 0x76470001
[    0.000000] mxc_clocksource_init 3000000
[    0.000000] Switching to timer-based delay loop, resolution 333ns
[    0.000006] sched_clock: 32 bits at 3000kHz, resolution 333ns, wraps every 715827882841ns
[    0.000022] clocksource mxc_timer1: mask: 0xffffffff max_cycles: 0xffffffff, max_idle_ns: 637086815595 ns
[    0.001234] Console: colour dummy device 80x30
[    0.001855] console [tty1] enabled
[    0.001884] Calibrating delay loop (skipped), value calculated using timer frequency.. 6.00 BogoMIPS (lpj=30000)
[    0.001926] pid_max: default: 32768 minimum: 301
[    0.002041] Mount-cache hash table entries: 4096 (order: 2, 16384 bytes)
[    0.002071] Mountpoint-cache hash table entries: 4096 (order: 2, 16384 bytes)
[    0.002654] Initializing cgroup subsys freezer
[    0.002692] Initializing cgroup subsys debug
[    0.002743] CPU: Testing write buffer coherency: ok
[    0.003020] Setting up static identity map for 0x10008280 - 0x100082d8
[    0.006317] Brought up 4 CPUs
[    0.006350] SMP: Total of 4 processors activated (24.00 BogoMIPS).
[    0.006371] CPU: All CPU(s) started in SVC mode.
[    0.006852] devtmpfs: initialized
[    0.019408] VFP support v0.3: implementor 41 architecture 3 part 30 variant 9 rev 4
[    0.019844] clocksource jiffies: mask: 0xffffffff max_cycles: 0xffffffff, max_idle_ns: 19112604462750000 ns
[    0.019904] futex hash table entries: 1024 (order: 4, 65536 bytes)
[    0.039832] pinctrl core: initialized pinctrl subsystem
[    0.041095] NET: Registered protocol family 16
[    0.049460] DMA: preallocated 256 KiB pool for atomic coherent allocations
[    0.079657] cpuidle: using governor ladder
[    0.109650] cpuidle: using governor menu
[    0.110046] CPU identified as i.MX6Q, silicon rev 1.5
[    0.134594] hw-breakpoint: found 5 (+1 reserved) breakpoint and 1 watchpoint registers.
[    0.134642] hw-breakpoint: maximum watchpoint size is 4 bytes.
[    0.135765] imx6q-pinctrl 20e0000.iomuxc: initialized IMX pinctrl driver
[    0.137767] imx-gpc 20dc000.gpc: no fsl,ldo-bypass found!
[    0.147991] mxs-dma 110000.dma-apbh: initialized
[    0.150482] usb_host_vbus: supplied by usb_host_vbus_hub
[    0.150838] vgaarb: loaded
[    0.151665] SCSI subsystem initialized
[    0.152170] usbcore: registered new interface driver usbfs
[    0.152265] usbcore: registered new interface driver hub
[    0.152369] usbcore: registered new device driver usb
[    0.152597] 2000000.aips-bus:usbphy_nop1 supply vcc not found, using dummy regulator
[    0.152773] 2000000.aips-bus:usbphy_nop2 supply vcc not found, using dummy regulator
[    0.153548] i2c-gpio i2c@0: using pins 80 (SDA) and 62 (SCL)
[    0.154426] i2c i2c-1: IMX I2C adapter registered
[    0.154465] i2c i2c-1: can't use DMA
[    0.156019] stmpe-i2c 2-0041: stmpe811 detected, chip id: 0x811
[    0.157955] i2c i2c-2: IMX I2C adapter registered
[    0.157990] i2c i2c-2: can't use DMA
[    0.158471] i2c i2c-3: IMX I2C adapter registered
[    0.158508] i2c i2c-3: can't use DMA
[    0.158672] Linux video capture interface: v2.00
[    0.158745] pps_core: LinuxPPS API ver. 1 registered
[    0.158768] pps_core: Software ver. 5.3.6 - Copyright 2005-2007 Rodolfo Giometti <giometti@linux.it>
[    0.158822] PTP clock support registered
[    0.179704] imx-ipuv3 2400000.ipu: IPU DMFC NORMAL mode: 1(0~1), 5B(4,5), 5F(6,7)
[    0.199695] imx-ipuv3 2800000.ipu: IPU DMFC NORMAL mode: 1(0~1), 5B(4,5), 5F(6,7)
[    0.200630] mxc_mipi_csi2 21dc000.mipi_csi: i.MX MIPI CSI2 driver probed ipu0 csi1
[    0.200676] mxc_mipi_csi2 21dc000.mipi_csi: i.MX MIPI CSI2 dphy version is 0x3130302a
[    0.200785] MIPI CSI2 driver module loaded
[    0.201068] Advanced Linux Sound Architecture Driver Initialized.
[    0.202316] Bluetooth: Core ver 2.20
[    0.202380] NET: Registered protocol family 31
[    0.202403] Bluetooth: HCI device and connection manager initialized
[    0.202432] Bluetooth: HCI socket layer initialized
[    0.202464] Bluetooth: L2CAP socket layer initialized
[    0.202509] Bluetooth: SCO socket layer initialized
[    0.203118] Switched to clocksource mxc_timer1
[    0.213987] NET: Registered protocol family 2
[    0.214762] TCP established hash table entries: 16384 (order: 4, 65536 bytes)
[    0.214936] TCP bind hash table entries: 16384 (order: 5, 131072 bytes)
[    0.215196] TCP: Hash tables configured (established 16384 bind 16384)
[    0.215298] UDP hash table entries: 1024 (order: 3, 32768 bytes)
[    0.215396] UDP-Lite hash table entries: 1024 (order: 3, 32768 bytes)
[    0.215668] NET: Registered protocol family 1
[    0.216007] RPC: Registered named UNIX socket transport module.
[    0.216039] RPC: Registered udp transport module.
[    0.216058] RPC: Registered tcp transport module.
[    0.216077] RPC: Registered tcp NFSv4.1 backchannel transport module.
[    0.216871] CPU PMU: Failed to parse /soc/pmu/interrupt-affinity[0]
[    0.216941] hw perfevents: enabled with armv7_cortex_a9 PMU driver, 7 counters available
[    0.217982] imx rpmsg driver is registered.
[    0.219016] Bus freq driver module loaded
[    0.226039] VFS: Disk quotas dquot_6.6.0
[    0.226231] VFS: Dquot-cache hash table entries: 1024 (order 0, 4096 bytes)
[    0.227296] squashfs: version 4.0 (2009/01/31) Phillip Lougher
[    0.228101] NFS: Registering the id_resolver key type
[    0.228158] Key type id_resolver registered
[    0.228181] Key type id_legacy registered
[    0.228222] nfs4filelayout_init: NFSv4 File Layout Driver Registering...
[    0.228749] ntfs: driver 2.1.32 [Flags: R/W].
[    0.229239] fuse init (API version 7.23)
[    0.233411] bounce: pool size: 64 pages
[    0.233454] io scheduler noop registered
[    0.233481] io scheduler deadline registered
[    0.233652] io scheduler cfq registered (default)
[    0.236391] backlight supply power not found, using dummy regulator
[    0.238020] MIPI DSI driver module loaded
[    0.239378] 20e0000.hdmi_video supply HDMI not found, using dummy regulator
[    0.240854] fbcvt: 800x480@60: CVT Name - .384M9
[    0.240904] mxc_sdc_fb fb@0: registered mxc display driver ldb
[    0.245367] mxc_sdc_fb fb@0: 800x480 h_sync,r,l: 72,24,96  v_sync,l,u: 7,3,10 pixclock=29500000 Hz
[    0.266887] mxc_hdmi 20e0000.hdmi_video: Detected HDMI controller 0x13:0xa:0xa0:0xc1
[    0.266945] fbcvt: 1920x1080@60: CVT Name - 2.073M9
[    0.267063] mxc_sdc_fb fb@1: registered mxc display driver hdmi
[    0.282272] mxc_sdc_fb fb@1: 1920x1080 h_sync,r,l: 44,88,148  v_sync,l,u: 5,4,36 pixclock=148500000 Hz
[    0.293198] imx-ipuv3 2400000.ipu: IPU DMFC DP HIGH RESOLUTION: 1(0,1), 5B(2~5), 5F(6,7)
[    0.296865] mxc_sdc_fb fb@2: mxcfb2 is turned off!
[    0.296962] mxc_sdc_fb fb@3: mxcfb3 is turned off!
[    0.298463] imx-sdma 20ec000.sdma: no iram assigned, using external mem
[    0.298886] imx-sdma 20ec000.sdma: no event needs to be remapped
[    0.299190] imx-sdma 20ec000.sdma: loaded firmware 3.3
[    0.301777] imx-sdma 20ec000.sdma: initialized
[    0.303477] pfuze100-regulator 2-0008: Full layer: 2, Metal layer: 1
[    0.304110] pfuze100-regulator 2-0008: FAB: 0, FIN: 0
[    0.304140] pfuze100-regulator 2-0008: pfuze100 found.
[    0.318668] 2020000.serial: ttymxc0 at MMIO 0x2020000 (irq = 26, base_baud = 5000000) is a IMX
[    1.225141] console [ttymxc0] enabled
[    1.229690] 21e8000.serial: ttymxc1 at MMIO 0x21e8000 (irq = 301, base_baud = 5000000) is a IMX
[    1.238961] 21f0000.serial: ttymxc3 at MMIO 0x21f0000 (irq = 302, base_baud = 5000000) is a IMX
[    1.248202] 21f4000.serial: ttymxc4 at MMIO 0x21f4000 (irq = 303, base_baud = 5000000) is a IMX
[    1.258940] [drm] Initialized drm 1.1.0 20060810
[    1.264050] [drm] Initialized vivante 1.0.0 20120216 on minor 0
[    1.278119] brd: module loaded
[    1.286293] loop: module loaded
[    1.290732] ahci-imx 2200000.sata: fsl,transmit-level-mV not specified, using 00000024
[    1.298737] ahci-imx 2200000.sata: fsl,transmit-boost-mdB not specified, using 00000480
[    1.306802] ahci-imx 2200000.sata: fsl,transmit-atten-16ths not specified, using 00002000
[    1.315030] ahci-imx 2200000.sata: fsl,receive-eq-mdB not specified, using 05000000
[    1.326238] ahci-imx 2200000.sata: SSS flag set, parallel bus scan disabled
[    1.333292] ahci-imx 2200000.sata: AHCI 0001.0300 32 slots 1 ports 3 Gbps 0x1 impl platform mode
[    1.342120] ahci-imx 2200000.sata: flags: ncq sntf stag pm led clo only pmp pio slum part ccc apst 
[    1.352618] scsi host0: ahci-imx
[    1.356197] ata1: SATA max UDMA/133 mmio [mem 0x02200000-0x02203fff] port 0x100 irq 313
[    1.367594] spi_imx 2008000.ecspi: probed
[    1.372541] vcan: Virtual CAN interface driver
[    1.377071] CAN device driver interface
[    1.381178] 2090000.flexcan supply xceiver not found, using dummy regulator
[    1.388967] flexcan 2090000.flexcan: device registered (reg_base=e6aa8000, irq=35)
[    1.396723] 2094000.flexcan supply xceiver not found, using dummy regulator
[    1.404422] flexcan 2094000.flexcan: device registered (reg_base=e6ab0000, irq=36)
[    1.413169] 2188000.ethernet supply phy not found, using dummy regulator
[    1.433531] pps pps0: new PPS source ptp0
[    1.438779] libphy: fec_enet_mii_bus: probed
[    1.444831] fec 2188000.ethernet eth0: registered PHC device 0
[    1.450959] PPP generic driver version 2.4.2
[    1.455512] ehci_hcd: USB 2.0 'Enhanced' Host Controller (EHCI) Driver
[    1.462074] ehci-pci: EHCI PCI platform driver
[    1.466632] ehci-mxc: Freescale On-Chip EHCI Host driver
[    1.472174] usbcore: registered new interface driver usb-storage
[    1.478363] usbcore: registered new interface driver usbserial
[    1.484283] usbcore: registered new interface driver usbserial_generic
[    1.490873] usbserial: USB Serial support registered for generic
[    1.496963] usbcore: registered new interface driver ftdi_sio
[    1.502777] usbserial: USB Serial support registered for FTDI USB Serial Device
[    1.510185] usbcore: registered new interface driver option
[    1.515832] usbserial: USB Serial support registered for GSM modem (1-port)
[    1.522859] usbcore: registered new interface driver pl2303
[    1.528505] usbserial: USB Serial support registered for pl2303
[    1.535827] 2184800.usbmisc supply vbus-wakeup not found, using dummy regulator
[    1.554903] ci_hdrc ci_hdrc.1: EHCI Host Controller
[    1.559837] ci_hdrc ci_hdrc.1: new USB bus registered, assigned bus number 1
[    1.583144] ci_hdrc ci_hdrc.1: USB 2.0 started, EHCI 1.00
[    1.589372] hub 1-0:1.0: USB hub found
[    1.593223] hub 1-0:1.0: 1 port detected
[    1.598139] mousedev: PS/2 mouse device common for all mice
[    1.604322] [PENMOUNT] Loading penmount_i2c V1.15.0
[    1.609366] [PENMOUNT] Probing for device ...
[    1.633025] [PENMOUNT] PM2204.D01.1.0.0
[    1.639776] [PENMOUNT] Supports 5 touch contacts
[    1.647297] [PENMOUNT] Supports WD mode
[    1.651152] [PENMOUNT] Supports WP mode
[    1.657893] [PENMOUNT] Use WP mode !
[    1.664363] [PENMOUNT] Sensitivity Level : 0 (max: 2)
[    1.672303] [PENMOUNT] irq already specified !!
[    1.677016] [PENMOUNT] Using IRQ 219
[    1.680844] input: PenMount I2C Touch Screen as /devices/soc0/soc/2100000.aips-bus/21a0000.i2c/i2c-1/1-0038/input/input0
[    1.692269] input: PenMount I2C Touch Key as /devices/soc0/soc/2100000.aips-bus/21a0000.i2c/i2c-1/1-0038/input/input1
[    1.706268] rtc-ds1307 1-0068: oscillator failed, set time!
[    1.712067] rtc-ds1307 1-0068: rtc core: registered m41t0 as rtc0
[    1.713157] ata1: SATA link down (SStatus 0 SControl 300)
[    1.713199] ahci-imx 2200000.sata: no device found, disabling link.
[    1.713207] ahci-imx 2200000.sata: pass ahci_imx..hotplug=1 to enable hotplug
[    1.737790] snvs_rtc 20cc000.snvs:snvs-rtc-lp: rtc core: registered 20cc000.snvs:snvs-r as rtc1
[    1.746699] i2c /dev entries driver
[    1.751982] mxc_v4l2_output v4l2_out: V4L2 device registered as video16
[    1.758810] mxc_v4l2_output v4l2_out: V4L2 device registered as video17
[    1.765637] mxc_v4l2_output v4l2_out: V4L2 device registered as video18
[    1.772433] mxc_v4l2_output v4l2_out: V4L2 device registered as video19
[    1.781227] imx2-wdt 20bc000.wdog: timeout 60 sec (nowayout=0)
[    1.787344] usbcore: registered new interface driver btusb
[    1.793057] sdhci: Secure Digital Host Controller Interface driver
[    1.799281] sdhci: Copyright(c) Pierre Ossman
[    1.803681] sdhci-pltfm: SDHCI platform and OF driver helper
[    1.810315] /soc/aips-bus@02100000/usdhc@02190000: voltage-ranges unspecified
[    1.817536] sdhci-esdhc-imx 2190000.usdhc: Got CD GPIO
[    1.824197] sdhci-esdhc-imx 2190000.usdhc: No vqmmc regulator found
[    1.873269] mmc1: SDHCI controller on 2190000.usdhc [2190000.usdhc] using ADMA
[    1.881150] /soc/aips-bus@02100000/usdhc@02198000: voltage-ranges unspecified
[    1.888768] sdhci-esdhc-imx 2198000.usdhc: No vqmmc regulator found
[    1.913154] usb 1-1: new high-speed USB device number 2 using ci_hdrc
[    1.933144] mmc0: SDHCI controller on 2198000.usdhc [2198000.usdhc] using ADMA
[    1.946082] mxc_vpu 2040000.vpu_fsl: VPU initialized
[    1.951655] mxc_vdoa 21e4000.vdoa: i.MX Video Data Order Adapter(VDOA) driver probed
[    1.962164] caam 2100000.caam: Entropy delay = 3200
[    2.008411] mmc0: MAN_BKOPS_EN bit is not set
[    2.027882] caam 2100000.caam: Instantiated RNG4 SH0
[    2.032130] mmc0: new DDR MMC card at address 0001
[    2.033277] mmcblk0: mmc0:0001 Q2J54A 3.59 GiB 
[    2.033452] mmcblk0boot0: mmc0:0001 Q2J54A partition 1 16.0 MiB
[    2.033578] mmcblk0boot1: mmc0:0001 Q2J54A partition 2 16.0 MiB
[    2.038678]  mmcblk0: p1 p2
[    2.088646] caam 2100000.caam: Instantiated RNG4 SH1
[    2.093658] caam 2100000.caam: device ID = 0x0a16010000000000 (Era -524)
[    2.100383] caam 2100000.caam: job rings = 2, qi = 0
[    2.168559] caam algorithms registered in /proc/crypto
[    2.177832] caam_jr 2101000.jr0: registering rng-caam
[    2.183867] snvs-secvio 20cc000.caam-snvs: can't get snvs clock
[    2.189876] snvs-secvio 20cc000.caam-snvs: violation handlers armed - non-secure state
[    2.198086] hidraw: raw HID events driver (C) Jiri Kosina
[    2.203819] usbcore: registered new interface driver usbhid
[    2.209434] usbhid: USB HID core driver
[    2.209615] hub 1-1:1.0: USB hub found
[    2.213346] hub 1-1:1.0: 4 ports detected
[    2.226547] stmpe-adc stmpe-adc: Initialized
[    2.234456] sgtl5000 2-000a: sgtl5000 revision 0x11
[    2.265790] fsl-asrc 2034000.asrc: driver registered
[    2.409892] imx-sgtl5000 sound: sgtl5000 <-> 2028000.ssi mapping ok
[    2.418957] imx-spdif sound-spdif: snd-soc-dummy-dai <-> 2004000.spdif mapping ok
[    2.429467] imx-audio-hdmi sound-hdmi: hdmi-hifi <-> soc:hdmi_audio@00120000 mapping ok
[    2.438200] Netfilter messages via NETLINK v0.30.
[    2.442961] nfnl_acct: registering with nfnetlink.
[    2.447812] nf_conntrack version 0.5.0 (16384 buckets, 65536 max)
[    2.454450] nf_tables: (c) 2007-2009 Patrick McHardy <kaber@trash.net>
[    2.461410] ip_tables: (C) 2000-2006 Netfilter Core Team
[    2.467436] NET: Registered protocol family 10
[    2.472927] ip6_tables: (C) 2000-2006 Netfilter Core Team
[    2.478410] NET: Registered protocol family 17
[    2.482931] bridge: automatic filtering via arp/ip/ip6tables has been deprecated. Update your scripts to load br_netfilter if you need this.
[    2.493155] usb 1-1.3: new high-speed USB device number 3 using ci_hdrc
[    2.502258] Bridge firewalling registered
[    2.506322] can: controller area network core (rev 20120528 abi 9)
[    2.512588] NET: Registered protocol family 29
[    2.517099] can: raw protocol (rev 20120528)
[    2.521409] can: broadcast manager protocol (rev 20120528 t)
[    2.527121] can: netlink gateway (rev 20130117) max_hops=1
[    2.532885] Bluetooth: RFCOMM TTY layer initialized
[    2.537827] Bluetooth: RFCOMM socket layer initialized
[    2.543005] Bluetooth: RFCOMM ver 1.11
[    2.546810] Bluetooth: BNEP (Ethernet Emulation) ver 1.3
[    2.552152] Bluetooth: BNEP filters: protocol multicast
[    2.557418] Bluetooth: BNEP socket layer initialized
[    2.562412] Bluetooth: HIDP (Human Interface Emulation) ver 1.2
[    2.568374] Bluetooth: HIDP socket layer initialized
[    2.573441] 8021q: 802.1Q VLAN Support v1.8
[    2.578006] Key type dns_resolver registered
[    2.584283] Registering SWP/SWPB emulation handler
[    2.589799] registered taskstats version 1
[    2.594824] 1ffc000.pcie supply pcie-bus not found, using dummy regulator
[    3.014653] imx6q-pcie 1ffc000.pcie: phy link never came up
[    3.020307] imx6q-pcie 1ffc000.pcie: failed to initialize host
[    3.026319] imx6q-pcie: probe of 1ffc000.pcie failed with error -22
[    3.036624] rtc-ds1307 1-0068: hctosys: unable to read the hardware clock
[    3.053549] usb_otg_vbus: disabling
[    3.057317] ALSA device list:
[    3.060311]   #0: imx6q-apalis-sgtl5000
[    3.064208]   #1: imx-spdif
[    3.067023]   #2: imx-hdmi-soc
[    3.081549] EXT4-fs (mmcblk0p2): INFO: recovery required on readonly filesystem
[    3.088931] EXT4-fs (mmcblk0p2): write access will be enabled during recovery
[    3.518058] EXT4-fs (mmcblk0p2): recovery complete
[    3.523709] EXT4-fs (mmcblk0p2): mounted filesystem with ordered data mode. Opts: (null)
[    3.531925] VFS: Mounted root (ext4 filesystem) readonly on device 179:2.
[    3.539009] devtmpfs: mounted
[    3.542354] Freeing unused kernel memory: 372K (80a1f000 - 80a7c000)
[    3.638736] systemd[1]: System time before build time, advancing clock.
[    3.663564] random: systemd urandom read with 24 bits of entropy available
[    3.678390] systemd[1]: systemd 229 running in system mode. (-PAM -AUDIT -SELINUX +IMA -APPARMOR +SMACK +SYSVINIT +UTMP -LIBCRYPTSETUP -GCRYPT -GNUTLS +ACL +XZ -LZ4 -SECCOMP +BLKID -ELFUTILS +KMOD -IDN)
[    3.697438] systemd[1]: Detected architecture arm.

Welcome to Boot to Qt for Embedded Linux 2.1.1 (krogoth)!

[    3.723693] systemd[1]: Set hostname to <b2qt-apalis-imx6>.
[    3.952523] systemd[1]: Started Forward Password Requests to Wall Directory Watch.
[  OK  ] Started Forward Password Requests to Wall Directory Watch.
[    3.983683] systemd[1]: Created slice User and Session Slice.
[  OK  ] Created slice User and Session Slice.
[    4.003520] systemd[1]: Listening on Journal Socket (/dev/log).
[  OK  ] Listening on Journal Socket (/dev/log).
[    4.033446] systemd[1]: Listening on /dev/initctl Compatibility Named Pipe.
[  OK  ] Listening on /dev/initctl Compatibility Named Pipe.
[    4.063549] systemd[1]: Listening on Network Service Netlink Socket.
[  OK  ] Listening on Network Service Netlink Socket.
[    4.093711] systemd[1]: Listening on Journal Socket.
[  OK  ] Listening on Journal Socket.
[    4.123973] systemd[1]: Created slice System Slice.
[  OK  ] Created slice System Slice.
[    4.153908] systemd[1]: Reached target Slices.
[  OK  ] Reached target Slices.
[    4.183494] systemd[1]: Reached target Swap.
[  OK  ] Reached target Swap.
[    4.213646] systemd[1]: Listening on udev Control Socket.
[  OK  ] Listening on udev Control Socket.
[    4.243586] systemd[1]: Listening on udev Kernel Socket.
[  OK  ] Listening on udev Kernel Socket.
[    4.285094] systemd[1]: Mounting Temporary Directory...
         Mounting Temporary Directory...
[    4.318157] systemd[1]: Starting Setup Virtual Console...
         Starting Setup Virtual Console...
[    4.347285] systemd[1]: Mounting Debug File System...
         Mounting Debug File System...
[    4.373645] systemd[1]: Reached target Remote File Systems.
[  OK  ] Reached target Remote File Systems.
[    4.407858] systemd[1]: Starting Create list of required static device nodes for the current kernel...
         Starting Create list of required st... nodes for the current kernel...
[    4.443646] systemd[1]: Listening on Syslog Socket.
[  OK  ] Listening on Syslog Socket.
[    4.475241] systemd[1]: Starting Journal Service...
         Starting Journal Service...
[    4.498817] systemd[1]: Starting File System Check on Root Device...
         Starting File System Check on Root Device...
[    4.524462] systemd[1]: Created slice system-serial\x2dgetty.slice.
[  OK  ] Created slice [    4.531760] systemd[1]: Started Dispatch Password Requests to Console Directory Watch.
system-serial\x2dgetty.slice.
[    4.542919] systemd[1]: Reached target Paths.
[  OK  ] Started Dispatch Password Requests to Console Directory Watch.
[  OK [    4.555468] systemd[1]: Starting Load Kernel Modules...
 ] Reached target Paths.
         Starting Load Kernel Modules...
[    4.568634] systemd[1]: Mounted Debug File System.
[  OK  [    4.574205] systemd[1]: Mounted Temporary Directory.
] Mounted Debug File System.
[    4.582368] systemd[1]: Started Setup Virtual Console.
[  OK  ] Mounted Tempo[    4.590806] systemd[1]: Started Create list of required static device nodes for the current kernel.
rary Directory.
[  OK  ] Started Setup Virtual Console.
[  OK  ] Started Create list of required sta...ce nodes for the current kernel.
[    4.638516] RTL871X: module init start
[    4.642345] RTL871X: rtl8723bu v4.3.6.11_12942.20141204_BTCOEX20140507-4E40
[    4.649462] RTL871X: rtl8723bu BT-Coex version = BTCOEX20140507-4E40
/dev/mmcblk0p2: fsck 0.0% complete...[    4.699240] systemd[1]: Started Journal Service.
[  OK  ] Started Journal Service.
[    4.985047] RTL871X: rtw_ndev_init(wlan0)
[    4.990901] RTL871X: rtw_ndev_init(wlan1)
[    4.996916] usbcore: registered new interface driver rtl8723bu
[    5.002805] RTL871X: module init ret=0
[    5.023356] Galcore version 5.0.11.41671
[    5.676785] tty0tty null modem driver v1.2
[  OK  ] Started Load Kernel Modules.
         Starting Apply Kernel Variables...
         Mounting Configuration File System...
         Mounting FUSE Control File System...
[  OK  ] Mounted Configuration File System.
[  OK  ] Mounted FUSE Control File System.
[  OK  ] Started Apply Kernel Variables.
/dev/mmcblk0p2: fsck 5.8% complete.../dev/mmcblk0p2: fsck 11.7% complete.../dev/mmcblk0p2: fsck 17.5% complete...[    6.468774] random: nonblocking pool is initialized
/dev/mmcblk0p2: fsck 23.3% complete.../dev/mmcblk0p2: fsck 29.2% complete.../dev/mmcblk0p2: fsck 35.0% complete.../dev/mmcblk0p2: fsck 40.8% complete...[    6.923188] usb 1-1.1: new high-speed USB device number 4 using ci_hdrc
/dev/mmcblk0p2: fsck 46.7% complete...[    7.059045] option 1-1.1:1.0: GSM modem (1-port) converter detected
[    7.066114] usb 1-1.1: GSM modem (1-port) converter now attached to ttyUSB0
[    7.074313] option 1-1.1:1.1: GSM modem (1-port) converter detected
[    7.081839] usb 1-1.1: GSM modem (1-port) converter now attached to ttyUSB1
[    7.090399] option 1-1.1:1.2: GSM modem (1-port) converter detected
[    7.098144] usb 1-1.1: GSM modem (1-port) converter now attached to ttyUSB2
[    7.106725] option 1-1.1:1.3: GSM modem (1-port) converter detected
[    7.114554] usb 1-1.1: GSM modem (1-port) converter now attached to ttyUSB3
[    7.123010] option 1-1.1:1.4: GSM modem (1-port) converter detected
[    7.129998] usb 1-1.1: GSM modem (1-port) converter now attached to ttyUSB4
/dev/mmcblk0p2: fsck 52.5% complete.../dev/mmcblk0p2: fsck 58.3% complete.../dev/mmcblk0p2: fsck 64.2% complete.../dev/mmcblk0p2: fsck 70.0% complete.../dev/mmcblk0p2: fsck 70.0% complete.../dev/mmcblk0p2: fsck 70.4% complete.../dev/mmcblk0p2: fsck 71.9% complete.../dev/mmcblk0p2: fsck 73.1% complete.../dev/mmcblk0p2: fsck 74.3% complete.../dev/mmcblk0p2: fsck 75.6% complete.../dev/mmcblk0p2: fsck 76.6% complete.../dev/mmcblk0p2: fsck 77.5% complete.../dev/mmcblk0p2: fsck 80.1% complete.../dev/mmcblk0p2: fsck 85.3% complete.../dev/mmcblk0p2: fsck 90.0% complete.../dev/mmcblk0p2: fsck 92.2% complete.../dev/mmcblk0p2: fsck 95.0% complete.../dev/mmcblk0p2: fsck 99.0% complete...                                        [FAILED] Failed to start File System Check on Root Device.
See 'systemctl status systemd-fsck-root.service' for details.
[  OK  ] Stopped Update UTMP about System Runlevel Changes.
[  OK  ] Stopped Save/Restore Sound Card State.
[  OK  ] Stopped Manage Sound Card State (restore and store).
[  OK  ] Stopped target Timers.
[  OK  ] Stopped Ujet Identify Service.
[  OK  ] Stopped target Remote File Systems.
[  OK  ] Stopped target System Time Synchronized.
[  OK  ] Stopped target Custom Target.
[  OK  ] Unmounted Virtual Machine and Container Storage.
[  OK  ] Stopped Ujet Ble Service.
[  OK  ] Stopped Ujet Bluetooth Audio Service.
[  OK  ] Stopped Ujet HTTPD Service.
[  OK  ] Stopped Ujet Cloud Service.
[  OK  ] Stopped Daily Cleanup of Temporary Directories.
[  OK  ] Stopped Ujet Telemetry Service.
[  OK  ] Stopped target Multi-User System.
[  OK  ] Stopped target Login Prompts.
[  OK  ] Stopped Serial Getty on ttymxc1.
[  OK  ] Stopped Serial Getty on ttymxc0.
[  OK  ] Removed slice system-serial\x2dgetty.slice.
[  OK  ] Stopped Network Time Service.
[  OK  ] Stopped System Logging Service.
[  OK  ] Stopped B2Qt user application.
[  OK  ] Stopped Login Service.
[  OK  ] Stopped D-BUS Session Message Bus..
[  OK  ] Stopped B2Qt Launcher Demo.
[  OK  ] Stopped ADB Server Daemon.
[  OK  ] Stopped Mosquitto - lightweight ser... the MQTT and MQTT-SN protocols.
[  OK  ] Stopped target Network.
[  OK  ] Stopped Network Service.
[  OK  ] Closed Network Service Bus Name.
[  OK  ] Stopped D-Bus System Message Bus.
[  OK  ] Stopped Kernel Logging Service.
[  OK  ] Stopped target Basic System.
[  OK  ] Stopped target Paths.
[  OK  ] Stopped Dispatch Password Requests to Console Directory Watch.
[  OK  ] Stopped Forward Password Requests to Wall Directory Watch.
[  OK  ] Stopped target Sockets.
[  OK  ] Closed D-Bus System Message Bus Socket.
[  OK  ] Closed Syslog Socket.
[  OK  ] Closed dropbear.socket.
[  OK  ] Closed RPCbind Server Activation Socket.
[  OK  ] Stopped target Slices.
[  OK  ] Removed slice User and Session Slice.
[  OK  ] Stopped target System Initialization.
[  OK  ] Stopped Update UTMP about System Boot/Shutdown.
[  OK  ] Stopped Load/Save Random Seed.
[  OK  ] Stopped Network Time Synchronization.
[  OK  ] Stopped Create Volatile Files and Directories.
[  OK  ] Stopped Setup Virtual Console.
[  OK  ] Stopped Update is Completed.
[  OK  ] Stopped Rebuild Hardware Database.
         Starting udev Coldplug all Devices...
[  OK  ] Stopped Rebuild Dynamic Linker Cache.
[  OK  ] Stopped Rebuild Journal Catalog.
[  OK  ] Stopped target Swap.
[  OK  ] Stopped Apply Kernel Variables.
[  OK  ] Stopped Commit a transient machine-id on disk.
[  OK  ] Stopped target Local File Systems.
         Unmounting Temporary Directory...
[  OK  ] Stopped OSTree Remount OS/ bind mounts.
[  OK  ] Stopped Bind mount volatile /var/lib.
[  OK  ] Unmounted /var/volatile.
[  OK  ] Stopped target Local File Systems (Pre).
[  OK  ] Stopped Create Static Device Nodes in /dev.
[  OK  ] Stopped Load Kernel Modules.
[  OK  ] Stopped Create System Users.
[  OK  ] Stopped First Boot Wizard.
[  OK  ] Stopped Remount Root and Kernel File Systems.
[  OK  ] Reached target Shutdown.
         Starting Flush Journal to Persistent Storage...
         Starting udev Kernel Device Manager...
[  OK  ] Unmounted Temporary Directory.
[  OK  ] Started udev Kernel Device Manager.
[   10.792308] systemd-journald[198]: Received request to flush runtime journal from PID 1
[  OK  ] Started Flush Journal to Persistent Storage.
[  OK  ] Reached target Unmount All Filesystems.
[  OK  ] Reached target Final Step.
         Starting Reboot...
[  OK  ] Started udev Coldplug all Devices.
[  OK  ] Found device /dev/ttymxc0.
[   11.190932] systemd-shutdown[1]: Sending SIGTERM to remaining processes...
[   11.218452] systemd-journald[198]: Received SIGTERM from PID 1 (systemd-shutdow).
[   11.227719] systemd-udevd[224]: worker [262] did not accept message -111 (Connection refused), kill it
[   11.238435] systemd-udevd[224]: worker [259] did not accept message -111 (Connection refused), kill it
[   11.248028] systemd-udevd[224]: worker [248] did not accept message -111 (Connection refused), kill it
[   11.363867] systemd-shutdown[1]: Sending SIGKILL to remaining processes...
[   11.383322] systemd-shutdown[1]: Hardware watchdog 'imx2+ watchdog', version 0
[   11.391421] systemd-shutdown[1]: Unmounting file systems.
[   11.397378] systemd-shutdown[1]: Remounting '/' read-only with options 'data=ordered'.
[   11.407249] EXT4-fs (mmcblk0p2): re-mounted. Opts: data=ordered
[   11.413282] systemd-shutdown[1]: Remounting '/' read-only with options 'data=ordered'.
[   11.421300] EXT4-fs (mmcblk0p2): re-mounted. Opts: data=ordered
[   11.427277] systemd-shutdown[1]: All filesystems unmounted.
[   11.432881] systemd-shutdown[1]: Deactivating swaps.
[   11.437989] systemd-shutdown[1]: All swaps deactivated.
[   11.443272] systemd-shutdown[1]: Detaching loop devices.
[   11.451674] systemd-shutdown[1]: All loop devices detached.
[   11.457319] systemd-shutdown[1]: Detaching DM devices.
[   11.462828] systemd-shutdown[1]: All DM devices detached.
[   11.470256] systemd-shutdown[1]: Rebooting.
[   14.045534] imx2-wdt 20bc000.wdog: Device shutdown: Expect reboot!
[   14.052068] reboot: Restarting system


U-Boot 2016.11+fslc+g80c3bd6 (Jan 02 2018 - 11:32:06 +0100)

CPU:   Freescale i.MX6Q rev1.5 at 792 MHz
Reset cause: WDOG
I2C:   ready
DRAM:  2 GiB
PMIC:  device id: 0x10, revision id: 0x21, programmed
MMC:   FSL_SDHC: 0, FSL_SDHC: 1, FSL_SDHC: 2
auto-detected panel vga-rgb
Display: vga-rgb (640x480)
In:    serial
Out:   serial
Err:   serial
Model: Toradex Apalis iMX6 Quad 2GB IT V1.1C, Serial# 05139699
Net:   using PHY at 7
FEC [PRIME]
Hit any key to stop autoboot:  1  0 
Booting from internal eMMC chip...
reading imx6q-apalis-ixora-v1_1.dtb
48970 bytes read in 22 ms (2.1 MiB/s)
reading uImage
5943928 bytes read in 172 ms (33 MiB/s)
## Booting kernel from Legacy Image at 10800000 ...
   Image Name:   Linux-4.1.41-v2.7b1+g82f0f4f
   Image Type:   ARM Linux Kernel Image (uncompressed)
   Data Size:    5943864 Bytes = 5.7 MiB
   Load Address: 10008000
   Entry Point:  10008000
   Verifying Checksum ... OK
## Flattened Device Tree blob at 12000000
   Booting using the fdt blob at 0x12000000
   Loading Kernel Image ... OK
   Using Device Tree in place at 12000000, end 1200ef49

Starting kernel ...

[    0.000000] Booting Linux on physical CPU 0x0
[    0.000000] Initializing cgroup subsys cpu
[    0.000000] Initializing cgroup subsys cpuacct
[    0.000000] Linux version 4.1.41-v2.7b1+g82f0f4f (behlingc@mplan-ubuntu-1610-dev) (gcc version 5.3.0 (GCC) ) #1 SMP Wed Jan 31 17:39:36 CET 2018
[    0.000000] CPU: ARMv7 Processor [412fc09a] revision 10 (ARMv7), cr=10c5387d
[    0.000000] CPU: PIPT / VIPT nonaliasing data cache, VIPT aliasing instruction cache
[    0.000000] Machine model: Toradex Apalis iMX6Q/D Module on Ixora V1.1 Carrier Board
[    0.000000] Reserved memory: created CMA memory pool at 0x62000000, size 320 MiB
[    0.000000] Reserved memory: initialized node linux,cma, compatible id shared-dma-pool
[    0.000000] Memory policy: Data cache writealloc
[    0.000000] PERCPU: Embedded 12 pages/cpu @d0efd000 s16908 r8192 d24052 u49152
[    0.000000] Built 1 zonelists in Zone order, mobility grouping on.  Total pages: 521024
[    0.000000] Kernel command line: enable_wait_mode=off vmalloc=400M ip=off root=/dev/mmcblk0p2 rw,noatime rootfstype=ext4 rootwait fec_mac=00:14:2d:4e:6c:f3 consoleblank=0 no_console_suspend=1 console=tty1 console=ttymxc0,115200n8 mxc_hdmi.only_cea=1 video=mxcfb1:dev=hdmi,1920x1080M@60,if=RGB24 video=mxcfb0:dev=ldb,800x480M@60,if=RGB666 video=mxcfb2:off video=mxcfb3:off fbmem=32M
[    0.000000] PID hash table entries: 4096 (order: 2, 16384 bytes)
[    0.000000] Dentry cache hash table entries: 262144 (order: 8, 1048576 bytes)
[    0.000000] Inode-cache hash table entries: 131072 (order: 7, 524288 bytes)
[    0.000000] Memory: 1738972K/2097152K available (7679K kernel code, 330K rwdata, 2648K rodata, 372K init, 423K bss, 30500K reserved, 327680K cma-reserved, 425984K highmem)
[    0.000000] Virtual kernel memory layout:
[    0.000000]     vector  : 0xffff0000 - 0xffff1000   (   4 kB)
[    0.000000]     fixmap  : 0xffc00000 - 0xfff00000   (3072 kB)
[    0.000000]     vmalloc : 0xe6800000 - 0xff000000   ( 392 MB)
[    0.000000]     lowmem  : 0x80000000 - 0xe6000000   (1632 MB)
[    0.000000]     pkmap   : 0x7fe00000 - 0x80000000   (   2 MB)
[    0.000000]     modules : 0x7f000000 - 0x7fe00000   (  14 MB)
[    0.000000]       .text : 0x80008000 - 0x80a1e0a4   (10329 kB)
[    0.000000]       .init : 0x80a1f000 - 0x80a7c000   ( 372 kB)
[    0.000000]       .data : 0x80a7c000 - 0x80ace8c0   ( 331 kB)
[    0.000000]        .bss : 0x80ad1000 - 0x80b3ae1c   ( 424 kB)
[    0.000000] SLUB: HWalign=64, Order=0-3, MinObjects=0, CPUs=4, Nodes=1
[    0.000000] Hierarchical RCU implementation.
[    0.000000] NR_IRQS:16 nr_irqs:16 16
[    0.000000] L2C-310 erratum 769419 enabled
[    0.000000] L2C-310 enabling early BRESP for Cortex-A9
[    0.000000] L2C-310 full line of zeros enabled for Cortex-A9
[    0.000000] L2C-310 ID prefetch enabled, offset 16 lines
[    0.000000] L2C-310 dynamic clock gating enabled, standby mode enabled
[    0.000000] L2C-310 cache controller enabled, 16 ways, 1024 kB
[    0.000000] L2C-310: CACHE_ID 0x410000c7, AUX_CTRL 0x76470001
[    0.000000] mxc_clocksource_init 3000000
[    0.000000] Switching to timer-based delay loop, resolution 333ns
[    0.000006] sched_clock: 32 bits at 3000kHz, resolution 333ns, wraps every 715827882841ns
[    0.000025] clocksource mxc_timer1: mask: 0xffffffff max_cycles: 0xffffffff, max_idle_ns: 637086815595 ns
[    0.001232] Console: colour dummy device 80x30
[    0.001856] console [tty1] enabled
[    0.001887] Calibrating delay loop (skipped), value calculated using timer frequency.. 6.00 BogoMIPS (lpj=30000)
[    0.001927] pid_max: default: 32768 minimum: 301
[    0.002044] Mount-cache hash table entries: 4096 (order: 2, 16384 bytes)
[    0.002073] Mountpoint-cache hash table entries: 4096 (order: 2, 16384 bytes)
[    0.002656] Initializing cgroup subsys freezer
[    0.002694] Initializing cgroup subsys debug
[    0.002744] CPU: Testing write buffer coherency: ok
[    0.003016] Setting up static identity map for 0x10008280 - 0x100082d8
[    0.006298] Brought up 4 CPUs
[    0.006332] SMP: Total of 4 processors activated (24.00 BogoMIPS).
[    0.006355] CPU: All CPU(s) started in SVC mode.
[    0.006845] devtmpfs: initialized
[    0.019396] VFP support v0.3: implementor 41 architecture 3 part 30 variant 9 rev 4
[    0.019840] clocksource jiffies: mask: 0xffffffff max_cycles: 0xffffffff, max_idle_ns: 19112604462750000 ns
[    0.019898] futex hash table entries: 1024 (order: 4, 65536 bytes)
[    0.039290] pinctrl core: initialized pinctrl subsystem
[    0.040623] NET: Registered protocol family 16
[    0.049006] DMA: preallocated 256 KiB pool for atomic coherent allocations
[    0.079657] cpuidle: using governor ladder
[    0.109651] cpuidle: using governor menu
[    0.110046] CPU identified as i.MX6Q, silicon rev 1.5
[    0.134608] hw-breakpoint: found 5 (+1 reserved) breakpoint and 1 watchpoint registers.
[    0.134658] hw-breakpoint: maximum watchpoint size is 4 bytes.
[    0.135789] imx6q-pinctrl 20e0000.iomuxc: initialized IMX pinctrl driver
[    0.137784] imx-gpc 20dc000.gpc: no fsl,ldo-bypass found!
[    0.147932] mxs-dma 110000.dma-apbh: initialized
[    0.150470] usb_host_vbus: supplied by usb_host_vbus_hub
[    0.150823] vgaarb: loaded
[    0.151658] SCSI subsystem initialized
[    0.152163] usbcore: registered new interface driver usbfs
[    0.152257] usbcore: registered new interface driver hub
[    0.152362] usbcore: registered new device driver usb
[    0.152599] 2000000.aips-bus:usbphy_nop1 supply vcc not found, using dummy regulator
[    0.152778] 2000000.aips-bus:usbphy_nop2 supply vcc not found, using dummy regulator
[    0.153551] i2c-gpio i2c@0: using pins 80 (SDA) and 62 (SCL)
[    0.154422] i2c i2c-1: IMX I2C adapter registered
[    0.154459] i2c i2c-1: can't use DMA
[    0.156010] stmpe-i2c 2-0041: stmpe811 detected, chip id: 0x811
[    0.157948] i2c i2c-2: IMX I2C adapter registered
[    0.157984] i2c i2c-2: can't use DMA
[    0.158466] i2c i2c-3: IMX I2C adapter registered
[    0.158499] i2c i2c-3: can't use DMA
[    0.158659] Linux video capture interface: v2.00
[    0.158732] pps_core: LinuxPPS API ver. 1 registered
[    0.158755] pps_core: Software ver. 5.3.6 - Copyright 2005-2007 Rodolfo Giometti <giometti@linux.it>
[    0.158810] PTP clock support registered
[    0.179702] imx-ipuv3 2400000.ipu: IPU DMFC NORMAL mode: 1(0~1), 5B(4,5), 5F(6,7)
[    0.199693] imx-ipuv3 2800000.ipu: IPU DMFC NORMAL mode: 1(0~1), 5B(4,5), 5F(6,7)
[    0.200631] mxc_mipi_csi2 21dc000.mipi_csi: i.MX MIPI CSI2 driver probed ipu0 csi1
[    0.200677] mxc_mipi_csi2 21dc000.mipi_csi: i.MX MIPI CSI2 dphy version is 0x3130302a
[    0.200791] MIPI CSI2 driver module loaded
[    0.201086] Advanced Linux Sound Architecture Driver Initialized.
[    0.202336] Bluetooth: Core ver 2.20
[    0.202401] NET: Registered protocol family 31
[    0.202424] Bluetooth: HCI device and connection manager initialized
[    0.202454] Bluetooth: HCI socket layer initialized
[    0.202485] Bluetooth: L2CAP socket layer initialized
[    0.202530] Bluetooth: SCO socket layer initialized
[    0.203131] Switched to clocksource mxc_timer1
[    0.213944] NET: Registered protocol family 2
[    0.214727] TCP established hash table entries: 16384 (order: 4, 65536 bytes)
[    0.214900] TCP bind hash table entries: 16384 (order: 5, 131072 bytes)
[    0.215163] TCP: Hash tables configured (established 16384 bind 16384)
[    0.215260] UDP hash table entries: 1024 (order: 3, 32768 bytes)
[    0.215360] UDP-Lite hash table entries: 1024 (order: 3, 32768 bytes)
[    0.215619] NET: Registered protocol family 1
[    0.215951] RPC: Registered named UNIX socket transport module.
[    0.215983] RPC: Registered udp transport module.
[    0.216004] RPC: Registered tcp transport module.
[    0.216024] RPC: Registered tcp NFSv4.1 backchannel transport module.
[    0.216820] CPU PMU: Failed to parse /soc/pmu/interrupt-affinity[0]
[    0.216888] hw perfevents: enabled with armv7_cortex_a9 PMU driver, 7 counters available
[    0.217937] imx rpmsg driver is registered.
[    0.218987] Bus freq driver module loaded
[    0.225984] VFS: Disk quotas dquot_6.6.0
[    0.226179] VFS: Dquot-cache hash table entries: 1024 (order 0, 4096 bytes)
[    0.227230] squashfs: version 4.0 (2009/01/31) Phillip Lougher
[    0.228025] NFS: Registering the id_resolver key type
[    0.228081] Key type id_resolver registered
[    0.228107] Key type id_legacy registered
[    0.228152] nfs4filelayout_init: NFSv4 File Layout Driver Registering...
[    0.228693] ntfs: driver 2.1.32 [Flags: R/W].
[    0.229170] fuse init (API version 7.23)
[    0.233362] bounce: pool size: 64 pages
[    0.233406] io scheduler noop registered
[    0.233432] io scheduler deadline registered
[    0.233604] io scheduler cfq registered (default)
[    0.236337] backlight supply power not found, using dummy regulator
[    0.237950] MIPI DSI driver module loaded
[    0.239318] 20e0000.hdmi_video supply HDMI not found, using dummy regulator
[    0.240797] fbcvt: 800x480@60: CVT Name - .384M9
[    0.240847] mxc_sdc_fb fb@0: registered mxc display driver ldb
[    0.245058] mxc_sdc_fb fb@0: 800x480 h_sync,r,l: 72,24,96  v_sync,l,u: 7,3,10 pixclock=29500000 Hz
[    0.266851] mxc_hdmi 20e0000.hdmi_video: Detected HDMI controller 0x13:0xa:0xa0:0xc1
[    0.266908] fbcvt: 1920x1080@60: CVT Name - 2.073M9
[    0.267028] mxc_sdc_fb fb@1: registered mxc display driver hdmi
[    0.282285] mxc_sdc_fb fb@1: 1920x1080 h_sync,r,l: 44,88,148  v_sync,l,u: 5,4,36 pixclock=148500000 Hz
[    0.293213] imx-ipuv3 2400000.ipu: IPU DMFC DP HIGH RESOLUTION: 1(0,1), 5B(2~5), 5F(6,7)
[    0.296891] mxc_sdc_fb fb@2: mxcfb2 is turned off!
[    0.296982] mxc_sdc_fb fb@3: mxcfb3 is turned off!
[    0.298484] imx-sdma 20ec000.sdma: no iram assigned, using external mem
[    0.298907] imx-sdma 20ec000.sdma: no event needs to be remapped
[    0.299209] imx-sdma 20ec000.sdma: loaded firmware 3.3
[    0.301802] imx-sdma 20ec000.sdma: initialized
[    0.303503] pfuze100-regulator 2-0008: Full layer: 2, Metal layer: 1
[    0.304137] pfuze100-regulator 2-0008: FAB: 0, FIN: 0
[    0.304165] pfuze100-regulator 2-0008: pfuze100 found.
[    0.318695] 2020000.serial: ttymxc0 at MMIO 0x2020000 (irq = 26, base_baud = 5000000) is a IMX
[    1.225174] console [ttymxc0] enabled
[    1.229727] 21e8000.serial: ttymxc1 at MMIO 0x21e8000 (irq = 301, base_baud = 5000000) is a IMX
[    1.238988] 21f0000.serial: ttymxc3 at MMIO 0x21f0000 (irq = 302, base_baud = 5000000) is a IMX
[    1.248222] 21f4000.serial: ttymxc4 at MMIO 0x21f4000 (irq = 303, base_baud = 5000000) is a IMX
[    1.258955] [drm] Initialized drm 1.1.0 20060810
[    1.264073] [drm] Initialized vivante 1.0.0 20120216 on minor 0
[    1.278156] brd: module loaded
[    1.286316] loop: module loaded
[    1.290744] ahci-imx 2200000.sata: fsl,transmit-level-mV not specified, using 00000024
[    1.298750] ahci-imx 2200000.sata: fsl,transmit-boost-mdB not specified, using 00000480
[    1.306814] ahci-imx 2200000.sata: fsl,transmit-atten-16ths not specified, using 00002000
[    1.315047] ahci-imx 2200000.sata: fsl,receive-eq-mdB not specified, using 05000000
[    1.326245] ahci-imx 2200000.sata: SSS flag set, parallel bus scan disabled
[    1.333299] ahci-imx 2200000.sata: AHCI 0001.0300 32 slots 1 ports 3 Gbps 0x1 impl platform mode
[    1.342125] ahci-imx 2200000.sata: flags: ncq sntf stag pm led clo only pmp pio slum part ccc apst 
[    1.352625] scsi host0: ahci-imx
[    1.356198] ata1: SATA max UDMA/133 mmio [mem 0x02200000-0x02203fff] port 0x100 irq 313
[    1.367599] spi_imx 2008000.ecspi: probed
[    1.372547] vcan: Virtual CAN interface driver
[    1.377076] CAN device driver interface
[    1.381180] 2090000.flexcan supply xceiver not found, using dummy regulator
[    1.388987] flexcan 2090000.flexcan: device registered (reg_base=e6aa8000, irq=35)
[    1.396739] 2094000.flexcan supply xceiver not found, using dummy regulator
[    1.404440] flexcan 2094000.flexcan: device registered (reg_base=e6ab0000, irq=36)
[    1.413190] 2188000.ethernet supply phy not found, using dummy regulator
[    1.433552] pps pps0: new PPS source ptp0
[    1.438809] libphy: fec_enet_mii_bus: probed
[    1.444904] fec 2188000.ethernet eth0: registered PHC device 0
[    1.451028] PPP generic driver version 2.4.2
[    1.455582] ehci_hcd: USB 2.0 'Enhanced' Host Controller (EHCI) Driver
[    1.462142] ehci-pci: EHCI PCI platform driver
[    1.466699] ehci-mxc: Freescale On-Chip EHCI Host driver
[    1.472232] usbcore: registered new interface driver usb-storage
[    1.478422] usbcore: registered new interface driver usbserial
[    1.484344] usbcore: registered new interface driver usbserial_generic
[    1.490935] usbserial: USB Serial support registered for generic
[    1.497023] usbcore: registered new interface driver ftdi_sio
[    1.502834] usbserial: USB Serial support registered for FTDI USB Serial Device
[    1.510246] usbcore: registered new interface driver option
[    1.515891] usbserial: USB Serial support registered for GSM modem (1-port)
[    1.522917] usbcore: registered new interface driver pl2303
[    1.528563] usbserial: USB Serial support registered for pl2303
[    1.535876] 2184800.usbmisc supply vbus-wakeup not found, using dummy regulator
[    1.555041] ci_hdrc ci_hdrc.1: EHCI Host Controller
[    1.559979] ci_hdrc ci_hdrc.1: new USB bus registered, assigned bus number 1
[    1.583170] ci_hdrc ci_hdrc.1: USB 2.0 started, EHCI 1.00
[    1.589399] hub 1-0:1.0: USB hub found
[    1.593240] hub 1-0:1.0: 1 port detected
[    1.598159] mousedev: PS/2 mouse device common for all mice
[    1.604336] [PENMOUNT] Loading penmount_i2c V1.15.0
[    1.609380] [PENMOUNT] Probing for device ...
[    1.633048] [PENMOUNT] PM2204.D01.1.0.0
[    1.639796] [PENMOUNT] Supports 5 touch contacts
[    1.647320] [PENMOUNT] Supports WD mode
[    1.651175] [PENMOUNT] Supports WP mode
[    1.657914] [PENMOUNT] Use WP mode !
[    1.664381] [PENMOUNT] Sensitivity Level : 0 (max: 2)
[    1.672322] [PENMOUNT] irq already specified !!
[    1.677033] [PENMOUNT] Using IRQ 219
[    1.680862] input: PenMount I2C Touch Screen as /devices/soc0/soc/2100000.aips-bus/21a0000.i2c/i2c-1/1-0038/input/input0
[    1.692274] input: PenMount I2C Touch Key as /devices/soc0/soc/2100000.aips-bus/21a0000.i2c/i2c-1/1-0038/input/input1
[    1.703178] ata1: SATA link down (SStatus 0 SControl 300)
[    1.706304] rtc-ds1307 1-0068: oscillator failed, set time!
[    1.706499] rtc-ds1307 1-0068: rtc core: registered m41t0 as rtc0
[    1.707122] snvs_rtc 20cc000.snvs:snvs-rtc-lp: rtc core: registered 20cc000.snvs:snvs-r as rtc1
[    1.707260] i2c /dev entries driver
[    1.709015] mxc_v4l2_output v4l2_out: V4L2 device registered as video16
[    1.709174] mxc_v4l2_output v4l2_out: V4L2 device registered as video17
[    1.709339] mxc_v4l2_output v4l2_out: V4L2 device registered as video18
[    1.709501] mxc_v4l2_output v4l2_out: V4L2 device registered as video19
[    1.711636] imx2-wdt 20bc000.wdog: timeout 60 sec (nowayout=0)
[    1.711863] usbcore: registered new interface driver btusb
[    1.712061] sdhci: Secure Digital Host Controller Interface driver
[    1.712063] sdhci: Copyright(c) Pierre Ossman
[    1.712073] sdhci-pltfm: SDHCI platform and OF driver helper
[    1.712996] /soc/aips-bus@02100000/usdhc@02190000: voltage-ranges unspecified
[    1.713027] sdhci-esdhc-imx 2190000.usdhc: Got CD GPIO
[    1.714542] sdhci-esdhc-imx 2190000.usdhc: No vqmmc regulator found
[    1.753302] mmc1: SDHCI controller on 2190000.usdhc [2190000.usdhc] using ADMA
[    1.755967] /soc/aips-bus@02100000/usdhc@02198000: voltage-ranges unspecified
[    1.756398] sdhci-esdhc-imx 2198000.usdhc: No vqmmc regulator found
[    1.793166] mmc0: SDHCI controller on 2198000.usdhc [2198000.usdhc] using ADMA
[    1.808000] mxc_vpu 2040000.vpu_fsl: VPU initialized
[    1.812672] mxc_vdoa 21e4000.vdoa: i.MX Video Data Order Adapter(VDOA) driver probed
[    1.834991] caam 2100000.caam: Entropy delay = 3200
[    1.851097] ahci-imx 2200000.sata: no device found, disabling link.
[    1.857412] ahci-imx 2200000.sata: pass ahci_imx..hotplug=1 to enable hotplug
[    1.888415] mmc0: MAN_BKOPS_EN bit is not set
[    1.895782] caam 2100000.caam: Instantiated RNG4 SH0
[    1.913181] usb 1-1: new high-speed USB device number 2 using ci_hdrc
[    1.922108] mmc0: new DDR MMC card at address 0001
[    1.927420] mmcblk0: mmc0:0001 Q2J54A 3.59 GiB 
[    1.932108] mmcblk0boot0: mmc0:0001 Q2J54A partition 1 16.0 MiB
[    1.938209] mmcblk0boot1: mmc0:0001 Q2J54A partition 2 16.0 MiB
[    1.945327]  mmcblk0: p1 p2
[    1.956545] caam 2100000.caam: Instantiated RNG4 SH1
[    1.961548] caam 2100000.caam: device ID = 0x0a16010000000000 (Era -524)
[    1.968289] caam 2100000.caam: job rings = 2, qi = 0
[    2.059104] caam algorithms registered in /proc/crypto
[    2.068435] caam_jr 2101000.jr0: registering rng-caam
[    2.074587] snvs-secvio 20cc000.caam-snvs: can't get snvs clock
[    2.074657] hub 1-1:1.0: USB hub found
[    2.080596] hub 1-1:1.0: 4 ports detected
[    2.088471] snvs-secvio 20cc000.caam-snvs: violation handlers armed - non-secure state
[    2.096713] hidraw: raw HID events driver (C) Jiri Kosina
[    2.102398] usbcore: registered new interface driver usbhid
[    2.108032] usbhid: USB HID core driver
[    2.117203] stmpe-adc stmpe-adc: Initialized
[    2.125058] sgtl5000 2-000a: sgtl5000 revision 0x11
[    2.155784] fsl-asrc 2034000.asrc: driver registered
[    2.299431] imx-sgtl5000 sound: sgtl5000 <-> 2028000.ssi mapping ok
[    2.308555] imx-spdif sound-spdif: snd-soc-dummy-dai <-> 2004000.spdif mapping ok
[    2.319060] imx-audio-hdmi sound-hdmi: hdmi-hifi <-> soc:hdmi_audio@00120000 mapping ok
[    2.327848] Netfilter messages via NETLINK v0.30.
[    2.332610] nfnl_acct: registering with nfnetlink.
[    2.337463] nf_conntrack version 0.5.0 (16384 buckets, 65536 max)
[    2.344111] nf_tables: (c) 2007-2009 Patrick McHardy <kaber@trash.net>
[    2.351062] ip_tables: (C) 2000-2006 Netfilter Core Team
[    2.357080] NET: Registered protocol family 10
[    2.362562] ip6_tables: (C) 2000-2006 Netfilter Core Team
[    2.368045] NET: Registered protocol family 17
[    2.372557] bridge: automatic filtering via arp/ip/ip6tables has been deprecated. Update your scripts to load br_netfilter if you need this.
[    2.383173] usb 1-1.3: new high-speed USB device number 3 using ci_hdrc
[    2.391882] Bridge firewalling registered
[    2.395947] can: controller area network core (rev 20120528 abi 9)
[    2.402227] NET: Registered protocol family 29
[    2.406740] can: raw protocol (rev 20120528)
[    2.411049] can: broadcast manager protocol (rev 20120528 t)
[    2.416761] can: netlink gateway (rev 20130117) max_hops=1
[    2.422531] Bluetooth: RFCOMM TTY layer initialized
[    2.427470] Bluetooth: RFCOMM socket layer initialized
[    2.432651] Bluetooth: RFCOMM ver 1.11
[    2.436451] Bluetooth: BNEP (Ethernet Emulation) ver 1.3
[    2.441792] Bluetooth: BNEP filters: protocol multicast
[    2.447060] Bluetooth: BNEP socket layer initialized
[    2.452054] Bluetooth: HIDP (Human Interface Emulation) ver 1.2
[    2.458014] Bluetooth: HIDP socket layer initialized
[    2.463064] 8021q: 802.1Q VLAN Support v1.8
[    2.467634] Key type dns_resolver registered
[    2.473955] Registering SWP/SWPB emulation handler
[    2.479470] registered taskstats version 1
[    2.484498] 1ffc000.pcie supply pcie-bus not found, using dummy regulator
[    2.904261] imx6q-pcie 1ffc000.pcie: phy link never came up
[    2.909912] imx6q-pcie 1ffc000.pcie: failed to initialize host
[    2.915911] imx6q-pcie: probe of 1ffc000.pcie failed with error -22
[    2.926216] rtc-ds1307 1-0068: hctosys: unable to read the hardware clock
[    2.943030] usb_otg_vbus: disabling
[    2.946928] ALSA device list:
[    2.949938]   #0: imx6q-apalis-sgtl5000
[    2.953820]   #1: imx-spdif
[    2.956636]   #2: imx-hdmi-soc
[    2.975938] EXT4-fs (mmcblk0p2): mounted filesystem with ordered data mode. Opts: (null)
[    2.984159] VFS: Mounted root (ext4 filesystem) readonly on device 179:2.
[    2.991383] devtmpfs: mounted
[    2.994761] Freeing unused kernel memory: 372K (80a1f000 - 80a7c000)
[    3.108932] systemd[1]: System time before build time, advancing clock.
[    3.130532] random: systemd urandom read with 17 bits of entropy available
[    3.140092] systemd[1]: systemd 229 running in system mode. (-PAM -AUDIT -SELINUX +IMA -APPARMOR +SMACK +SYSVINIT +UTMP -LIBCRYPTSETUP -GCRYPT -GNUTLS +ACL +XZ -LZ4 -SECCOMP +BLKID -ELFUTILS +KMOD -IDN)
[    3.158770] systemd[1]: Detected architecture arm.

Welcome to Boot to Qt for Embedded Linux 2.1.1 (krogoth)!

[    3.183678] systemd[1]: Set hostname to <b2qt-apalis-imx6>.
[    3.416048] systemd[1]: Listening on Network Service Netlink Socket.
[  OK  ] Listening on Network Service Netlink Socket.
[    3.443741] systemd[1]: Created slice System Slice.
[  OK  ] Created slice System Slice.
[    3.463640] systemd[1]: Created slice system-serial\x2dgetty.slice.
[  OK  ] Created slice system-serial\x2dgetty.slice.
[    3.483485] systemd[1]: Started Forward Password Requests to Wall Directory Watch.
[  OK  ] Started Forward Password Requests to Wall Directory Watch.
[    3.513401] systemd[1]: Listening on udev Kernel Socket.
[  OK  ] Listening on udev Kernel Socket.
[    3.533948] systemd[1]: Created slice User and Session Slice.
[  OK  ] Created slice User and Session Slice.
[    3.553476] systemd[1]: Reached target Slices.
[  OK  ] Reached target Slices.
[    3.573468] systemd[1]: Reached target Remote File Systems.
[  OK  ] Reached target Remote File Systems.
[    3.593703] systemd[1]: Listening on udev Control Socket.
[  OK  ] Listening on udev Control Socket.
[    3.613467] systemd[1]: Reached target Swap.
[  OK  ] Reached target Swap.
[    3.633666] systemd[1]: Listening on Syslog Socket.
[  OK  ] Listening on Syslog Socket.
[    3.653633] systemd[1]: Listening on Journal Socket (/dev/log).
[  OK  ] Listening on Journal Socket (/dev/log).
[    3.673682] systemd[1]: Listening on /dev/initctl Compatibility Named Pipe.
[  OK  ] Listening on /dev/initctl Compatibility Named Pipe.
[    3.703806] systemd[1]: Started Dispatch Password Requests to Console Directory Watch.
[  OK  ] Started Dispatch Password Requests to Console Directory Watch.
[    3.752627] systemd[1]: Listening on Journal Socket.
[  OK  ] Listening on Journal Socket.
[    3.777834] systemd[1]: Starting Create list of required static device nodes for the current kernel...
         Starting Create list of required st... nodes for the current kernel...
[    3.817969] systemd[1]: Mounting Temporary Directory...
         Mounting Temporary Directory...
[    3.847568] systemd[1]: Starting Journal Service...
         Starting Journal Service...
[    3.879349] systemd[1]: Starting File System Check on Root Device...
         Starting File System Check on Root Device...
[    3.907615] systemd[1]: Starting Setup Virtual Console...
         Starting Setup Virtual Console...
[    3.924280] systemd[1]: Starting Load Kernel Modules...
         [    3.930122] systemd[1]: Reached target Paths.
Starting Load Kernel Modules...
[  OK  ] Reached targ[    3.938969] systemd[1]: Mounting Debug File System...
et Paths.
         Mounting Debug File System...
[    3.952925] systemd[1]: Mounted Temporary Directory.
[  OK  ] Mounted Tempor[    3.961071] systemd[1]: Mounted Debug File System.
ary Directory.
[  OK  ] Mounted Debu[    3.967583] systemd[1]: Started Create list of required static device nodes for the current kernel.
g File System.
[  OK  ] Started Crea[    3.981769] systemd[1]: Started Setup Virtual Console.
te list of required sta...ce nodes for the current kernel.
[  OK  ] Started Setup Virtual Console.
[    4.054178] systemd[1]: Started File System Check on Root Device.
[  OK  ] Started File System Check on Root Device.
[    4.079299] RTL871X: module init start
[    4.083092] RTL871X: rtl8723bu v4.3.6.11_12942.20141204_BTCOEX20140507-4E40
[    4.090118] RTL871X: rtl8723bu BT-Coex version = BTCOEX20140507-4E40
[    4.106089] systemd[1]: Started Journal Service.
[  OK  ] Started Journal Service.
         Starting Remount Root and Kernel File Systems...
[    4.229323] EXT4-fs (mmcblk0p2): re-mounted. Opts: (null)
[  OK  ] Started Remount Root and Kernel File Systems.
         Starting Flush Journal to Persistent Storage...
         Starting udev Coldplug all Devices...
         Starting Create Static Device Nodes in /dev...
[  OK  ] Started Create Static Device Nodes in /dev.
[    4.397473] RTL871X: rtw_ndev_init(wlan0)
[    4.402681] RTL871X: rtw_ndev_init(wlan1)
[    4.408409] usbcore: registered new interface driver rtl8723bu
[    4.414385] RTL871X: module init ret=0
[    4.440264] Galcore version 5.0.11.41671
[    4.460148] systemd-journald[192]: Received request to flush runtime journal from PID 1
[  OK  ] Started Flush Journal to Persistent Storage.
[  OK  ] Reached target Local File Systems (Pre).
         Mounting /var/volatile...
         Starting udev Kernel Device Manager...
[  OK  ] Mounted /var/volatile.
         Starting Load/Save Random Seed...
[  OK  ] Reached target Local File Systems.
         Starting Create Volatile Files and Directories...
[  OK  ] Started udev Kernel Device Manager.
[  OK  ] Started Load/Save Random Seed.
[  OK  ] Started Create Volatile Files and Directories.
         Starting Update UTMP about System Boot/Shutdown...
         Starting Network Time Synchronization...
[  OK  ] Started Network Time Synchronization.
[  OK  ] Started udev Coldplug all Devices.
[  OK  ] Started Update UTMP about System Boot/Shutdown.
[  OK  ] Found device /dev/ttymxc0.
[    5.304508] tty0tty null modem driver v1.2
[  OK  ] Started Load Kernel Modules.
         Mounting FUSE Control File System...
         Starting Apply Kernel Variables...
         Mounting Configuration File System...
[  OK  ] Created slice system-systemd\x2dbacklight.slice.
         Starting Load/Save Screen Backlight...htness of backlight:backlight...
[  OK  ] Reached target System Time Synchronized.
[  OK  ] Mounted Configuration File System.
[  OK  ] Mounted FUSE Control File System.
[  OK  ] Started Apply Kernel Variables.
[  OK  ] Started Load/Save Screen Backlight Brightness of backlight:backlight.
[    5.613742] ov5647_read_reg(mipi):reg=300a ret=-5
[    5.618534] camera ov5647_mipi is not found
[    5.758124] ERROR: v4l2 capture: slave not found!
[    5.763111] ERROR: v4l2 capture: slave not found!
[  OK  ] Found device /dev/ttymxc1.
[  OK  ] Listening on Load/Save RF Kill Switch Status /dev/rfkill Watch.
[  OK  ] Reached target Sound Card.
[  OK  ] Reached target System Initialization.
[  OK  ] Started Daily Cleanup of Temporary Directories.
[  OK  ] Reached target Timers.
[  OK  ] Listening on RPCbind Server Activation Socket.
[  OK  ] Listening on D-Bus System Message Bus Socket.
[  OK  ] Listening on dropbear.socket.
[  OK  ] Reached target Sockets.
[  OK  ] Reached target Basic System.
[  OK  ] Started Kernel Logging Service.
[  OK  ] Started Serial Getty on ttymxc1.
[  OK  ] Started System Logging Service.
         Starting Save/Restore Sound Card State...
         Starting Login Service...
[  OK  ] Started D-Bus System Message Bus.
         Starting Network Service...
[  OK  ] Started Serial Getty on ttymxc0.
[  OK  ] Reached target Login Prompts.
[  OK  ] Started B2Qt user application.
         Starting D-BUS Session Message Bus....
[  OK  ] Started Network Service.
[  OK  ] Started Save/Restore Sound Card State.
[  OK  ] Started Login Service.
         Starting Load/Save RF Kill Switch Status...
[  OK  ] Reached target Network.
         Starting ADB Server Daemon...
         Starting Network Time Service...
[  OK  ] Started Load/Save RF Kill Switch Status.
[  OK  ] Started D-BUS Session Message Bus..
[  OK  ] Started Network Time Service.
[    6.690875] file system registered
[  OK  ] Started ADB Server Daemon.
[  OK  ] Reached target Multi-User System.
[  OK  ] Reached target Custom Target.
[  OK  ] Started Ujet Ble Service.
[    6.809089] read descriptors
[    6.812095] read strings
[    6.815070] g_ffs gadget: g_ffs ready
[  OK  ] Started Ujet Cloud Service.
         Starting Ujet Identify Service...
[  OK  ] Started Ujet Bluetooth Audio Service.
[  OK  ] Started Ujet HTTPD Service.
         Starting Update UTMP about System Runlevel Changes...
[    6.923885] usb 1-1.1: new high-speed USB device number 4 using ci_hdrc
[  OK  ] Started Ujet Telemetry Service.
[  OK  ] Stopped Bluetooth service.
[  OK  ] Started Update UTMP about System Runlevel Changes.
[    7.061124] option 1-1.1:1.0: GSM modem (1-port) converter detected
[    7.068060] usb 1-1.1: GSM modem (1-port) converter now attached to ttyUSB0
[    7.080579] option 1-1.1:1.1: GSM modem (1-port) converter detected
[    7.090401] usb 1-1.1: GSM modem (1-port) converter now attached to ttyUSB1
[    7.100810] option 1-1.1:1.2: GSM modem (1-port) converter detected
[    7.112630] flexcan 2090000.flexcan can0: writing ctrl=0x01232084
[    7.112868] usb 1-1.1: GSM modem (1-port) converter now attached to ttyUSB2
[    7.124163] option 1-1.1:1.3: GSM modem (1-port) converter detected
[    7.126075] usb 1-1.1: GSM modem (1-port) converter now attached to ttyUSB3
[    7.128262] option 1-1.1:1.4: GSM modem (1-port) converter detected
[    7.129844] usb 1-1.1: GSM modem (1-port) converter now attached to ttyUSB4
[    8.238567] mxc_sdc_fb fb@0: 800x480 h_sync,r,l: 72,24,96  v_sync,l,u: 7,3,10 pixclock=29500000 Hz
[    9.134817] random: nonblocking pool is initialized

Boot to Qt for Embedded Linux 2.1.1 b2qt-apalis-imx6 ttymxc0

b2qt-apalis-imx6 login: [   13.828387] ci_hdrc ci_hdrc.0: Device No Response
root
root@b2qt-apalis-imx6:~# cd /
root@b2qt-apalis-imx6:/# 
root@b2qt-apalis-imx6:/# 
root@b2qt-apalis-imx6:/# 
root@b2qt-apalis-imx6:/# 
root@b2qt-apalis-imx6:/# 
root@b2qt-apalis-imx6:/# 
root@b2qt-apalis-imx6:/# microcom -s 115200 /dev/ttymxc3


U-Boot 2016.11+fslc+g80c3bd6 (Jan 02 2018 - 11:32:06 +0100)

CPU:   Freescale i.MX6Q rev1.5 at 792 MHz
Reset cause: POR
I2C:   ready
DRAM:  2 GiB
PMIC:  device id: 0x10, revision id: 0x21, programmed
šMC:   FSL_SDHC: 0, FSL_SDHC: 1, FSL_SDHC: 2
auto-detected panel vga-rgb
Display: vga-rgb (640x480)
In:    serial
Out:   serial
Err:   serial
Model: Toradex Apalis iMX6 Quad 2GB IT V1.1C, Serial# 05139699
Net:   using PHY at 7
FEC [PRIME]
Hit any key to stop autoboot:  1  0 
Booting from internal eMMC chip...
reading imx6q-apalis-ixora-v1_1.dtb
48970 bytes read in 22 ms (2.1 MiB/s)
reading uImage
5943928 bytes read in 172 ms (33 MiB/s)
## Booting kernel from Legacy Image at 10800000 ...
   Image Name:   Linux-4.1.41-v2.7b1+g82f0f4f
   Image Type:   ARM Linux Kernel Image (uncompressed)
   Data Size:    5943864 Bytes = 5.7 MiB
   Load Address: 10008000
   Entry Point:  10008000
   Verifying Checksum ... OK
## Flattened Device Tree blob at 12000000
   Booting using the fdt blob at 0x12000000
   Loading Kernel Image ... OK
   Using Device Tree in place at 12000000, end 1200ef49

Starting kernel ...

[    0.000000] Booting Linux on physical CPU 0x0
[    0.000000] Initializing cgroup subsys cpu
[    0.000000] Initializing cgroup subsys cpuacct
[    0.000000] Linux version 4.1.41-v2.7b1+g82f0f4f (behlingc@mplan-ubuntu-1610-dev) (gcc version 5.3.0 (GCC) ) #1 SMP Wed Jan 31 17:39:36 CET 2018
[    0.000000] CPU: ARMv7 Processor [412fc09a] revision 10 (ARMv7), cr=10c5387d
[    0.000000] CPU: PIPT / VIPT nonaliasing data cache, VIPT aliasing instruction cache
[    0.000000] Machine model: Toradex Apalis iMX6Q/D Module on Ixora V1.1 Carrier Board
[    0.000000] Reserved memory: created CMA memory pool at 0x62000000, size 320 MiB
[    0.000000] Reserved memory: initialized node linux,cma, compatible id shared-dma-pool
[    0.000000] Memory policy: Data cache writealloc
[    0.000000] PERCPU: Embedded 12 pages/cpu @d0efd000 s16908 r8192 d24052 u49152
[    0.000000] Built 1 zonelists in Zone order, mobility grouping on.  Total pages: 521024
[    0.000000] Kernel command line: enable_wait_mode=off vmalloc=400M ip=off root=/dev/mmcblk0p2 rw,noatime rootfstype=ext4 rootwait fec_mac=00:14:2d:4e:6c:f3 consoleblank=0 no_console_suspend=1 console=tty1 console=ttymxc0,115200n8 mxc_hdmi.only_cea=1 video=mxcfb1:dev=hdmi,1920x1080M@60,if=RGB24 video=mxcfb0:dev=ldb,800x480M@60,if=RGB666 video=mxcfb2:off video=mxcfb3:off fbmem=32M
[    0.000000] PID hash table entries: 4096 (order: 2, 16384 bytes)
[    0.000000] Dentry cache hash table entries: 262144 (order: 8, 1048576 bytes)
[    0.000000] Inode-cache hash table entries: 131072 (order: 7, 524288 bytes)
[    0.000000] Memory: 1738972K/2097152K available (7679K kernel code, 330K rwdata, 2648K rodata, 372K init, 423K bss, 30500K reserved, 327680K cma-reserved, 425984K highmem)
[    0.000000] Virtual kernel memory layout:
[    0.000000]     vector  : 0xffff0000 - 0xffff1000   (   4 kB)
[    0.000000]     fixmap  : 0xffc00000 - 0xfff00000   (3072 kB)
[    0.000000]     vmalloc : 0xe6800000 - 0xff000000   ( 392 MB)
[    0.000000]     lowmem  : 0x80000000 - 0xe6000000   (1632 MB)
[    0.000000]     pkmap   : 0x7fe00000 - 0x80000000   (   2 MB)
[    0.000000]     modules : 0x7f000000 - 0x7fe00000   (  14 MB)
[    0.000000]       .text : 0x80008000 - 0x80a1e0a4   (10329 kB)
[    0.000000]       .init : 0x80a1f000 - 0x80a7c000   ( 372 kB)
[    0.000000]       .data : 0x80a7c000 - 0x80ace8c0   ( 331 kB)
[    0.000000]        .bss : 0x80ad1000 - 0x80b3ae1c   ( 424 kB)
[    0.000000] SLUB: HWalign=64, Order=0-3, MinObjects=0, CPUs=4, Nodes=1
[    0.000000] Hierarchical RCU implementation.
[    0.000000] NR_IRQS:16 nr_irqs:16 16
[    0.000000] L2C-310 erratum 769419 enabled
[    0.000000] L2C-310 enabling early BRESP for Cortex-A9
[    0.000000] L2C-310 full line of zeros enabled for Cortex-A9
[    0.000000] L2C-310 ID prefetch enabled, offset 16 lines
[    0.000000] L2C-310 dynamic clock gating enabled, standby mode enabled
[    0.000000] L2C-310 cache controller enabled, 16 ways, 1024 kB
[    0.000000] L2C-310: CACHE_ID 0x410000c7, AUX_CTRL 0x76470001
[    0.000000] mxc_clocksource_init 3000000
[    0.000000] Switching to timer-based delay loop, resolution 333ns
[    0.000006] sched_clock: 32 bits at 3000kHz, resolution 333ns, wraps every 715827882841ns
[    0.000024] clocksource mxc_timer1: mask: 0xffffffff max_cycles: 0xffffffff, max_idle_ns: 637086815595 ns
[    0.001232] Console: colour dummy device 80x30
[    0.001855] console [tty1] enabled
[    0.001886] Calibrating delay loop (skipped), value calculated using timer frequency.. 6.00 BogoMIPS (lpj=30000)
[    0.001926] pid_max: default: 32768 minimum: 301
[    0.002042] Mount-cache hash table entries: 4096 (order: 2, 16384 bytes)
[    0.002071] Mountpoint-cache hash table entries: 4096 (order: 2, 16384 bytes)
[    0.002663] Initializing cgroup subsys freezer
[    0.002701] Initializing cgroup subsys debug
[    0.002754] CPU: Testing write buffer coherency: ok
[    0.003028] Setting up static identity map for 0x10008280 - 0x100082d8
[    0.006300] Brought up 4 CPUs
[    0.006335] SMP: Total of 4 processors activated (24.00 BogoMIPS).
[    0.006358] CPU: All CPU(s) started in SVC mode.
[    0.006864] devtmpfs: initialized
[    0.019429] VFP support v0.3: implementor 41 architecture 3 part 30 variant 9 rev 4
[    0.019868] clocksource jiffies: mask: 0xffffffff max_cycles: 0xffffffff, max_idle_ns: 19112604462750000 ns
[    0.019925] futex hash table entries: 1024 (order: 4, 65536 bytes)
[    0.039556] pinctrl core: initialized pinctrl subsystem
[    0.040866] NET: Registered protocol family 16
[    0.049240] DMA: preallocated 256 KiB pool for atomic coherent allocations
[    0.079659] cpuidle: using governor ladder
[    0.109651] cpuidle: using governor menu
[    0.110046] CPU identified as i.MX6Q, silicon rev 1.5
[    0.134576] hw-breakpoint: found 5 (+1 reserved) breakpoint and 1 watchpoint registers.
[    0.134625] hw-breakpoint: maximum watchpoint size is 4 bytes.
[    0.135761] imx6q-pinctrl 20e0000.iomuxc: initialized IMX pinctrl driver
[    0.137732] imx-gpc 20dc000.gpc: no fsl,ldo-bypass found!
[    0.147967] mxs-dma 110000.dma-apbh: initialized
[    0.150491] usb_host_vbus: supplied by usb_host_vbus_hub
[    0.150844] vgaarb: loaded
[    0.151660] SCSI subsystem initialized
[    0.152164] usbcore: registered new interface driver usbfs
[    0.152259] usbcore: registered new interface driver hub
[    0.152364] usbcore: registered new device driver usb
[    0.152600] 2000000.aips-bus:usbphy_nop1 supply vcc not found, using dummy regulator
[    0.152783] 2000000.aips-bus:usbphy_nop2 supply vcc not found, using dummy regulator
[    0.153559] i2c-gpio i2c@0: using pins 80 (SDA) and 62 (SCL)
[    0.154418] i2c i2c-1: IMX I2C adapter registered
[    0.154455] i2c i2c-1: can't use DMA
[    0.156023] stmpe-i2c 2-0041: stmpe811 detected, chip id: 0x811
[    0.157952] i2c i2c-2: IMX I2C adapter registered
[    0.157989] i2c i2c-2: can't use DMA
[    0.158469] i2c i2c-3: IMX I2C adapter registered
[    0.158502] i2c i2c-3: can't use DMA
[    0.158660] Linux video capture interface: v2.00
[    0.158731] pps_core: LinuxPPS API ver. 1 registered
[    0.158754] pps_core: Software ver. 5.3.6 - Copyright 2005-2007 Rodolfo Giometti <giometti@linux.it>
[    0.158806] PTP clock support registered
[    0.179700] imx-ipuv3 2400000.ipu: IPU DMFC NORMAL mode: 1(0~1), 5B(4,5), 5F(6,7)
[    0.199696] imx-ipuv3 2800000.ipu: IPU DMFC NORMAL mode: 1(0~1), 5B(4,5), 5F(6,7)
[    0.200630] mxc_mipi_csi2 21dc000.mipi_csi: i.MX MIPI CSI2 driver probed ipu0 csi1
[    0.200675] mxc_mipi_csi2 21dc000.mipi_csi: i.MX MIPI CSI2 dphy version is 0x3130302a
[    0.200788] MIPI CSI2 driver module loaded
[    0.201082] Advanced Linux Sound Architecture Driver Initialized.
[    0.202315] Bluetooth: Core ver 2.20
[    0.202378] NET: Registered protocol family 31
[    0.202403] Bluetooth: HCI device and connection manager initialized
[    0.202435] Bluetooth: HCI socket layer initialized
[    0.202467] Bluetooth: L2CAP socket layer initialized
[    0.202512] Bluetooth: SCO socket layer initialized
[    0.203115] Switched to clocksource mxc_timer1
[    0.213945] NET: Registered protocol family 2
[    0.214721] TCP established hash table entries: 16384 (order: 4, 65536 bytes)
[    0.214896] TCP bind hash table entries: 16384 (order: 5, 131072 bytes)
[    0.215156] TCP: Hash tables configured (established 16384 bind 16384)
[    0.215256] UDP hash table entries: 1024 (order: 3, 32768 bytes)
[    0.215355] UDP-Lite hash table entries: 1024 (order: 3, 32768 bytes)
[    0.215622] NET: Registered protocol family 1
[    0.215963] RPC: Registered named UNIX socket transport module.
[    0.215993] RPC: Registered udp transport module.
[    0.216013] RPC: Registered tcp transport module.
[    0.216032] RPC: Registered tcp NFSv4.1 backchannel transport module.
[    0.216822] CPU PMU: Failed to parse /soc/pmu/interrupt-affinity[0]
[    0.216895] hw perfevents: enabled with armv7_cortex_a9 PMU driver, 7 counters available
[    0.217932] imx rpmsg driver is registered.
[    0.218980] Bus freq driver module loaded
[    0.225986] VFS: Disk quotas dquot_6.6.0
[    0.226183] VFS: Dquot-cache hash table entries: 1024 (order 0, 4096 bytes)
[    0.227242] squashfs: version 4.0 (2009/01/31) Phillip Lougher
[    0.228035] NFS: Registering the id_resolver key type
[    0.228091] Key type id_resolver registered
[    0.228115] Key type id_legacy registered
[    0.228159] nfs4filelayout_init: NFSv4 File Layout Driver Registering...
[    0.228700] ntfs: driver 2.1.32 [Flags: R/W].
[    0.229183] fuse init (API version 7.23)
[    0.233340] bounce: pool size: 64 pages
[    0.233384] io scheduler noop registered
[    0.233416] io scheduler deadline registered
[    0.233585] io scheduler cfq registered (default)
[    0.236331] backlight supply power not found, using dummy regulator
[    0.237939] MIPI DSI driver module loaded
[    0.239312] 20e0000.hdmi_video supply HDMI not found, using dummy regulator
[    0.240801] fbcvt: 800x480@60: CVT Name - .384M9
[    0.240848] mxc_sdc_fb fb@0: registered mxc display driver ldb
[    0.244505] mxc_sdc_fb fb@0: 800x480 h_sync,r,l: 72,24,96  v_sync,l,u: 7,3,10 pixclock=29500000 Hz
[    0.266713] mxc_hdmi 20e0000.hdmi_video: Detected HDMI controller 0x13:0xa:0xa0:0xc1
[    0.266774] fbcvt: 1920x1080@60: CVT Name - 2.073M9
[    0.266894] mxc_sdc_fb fb@1: registered mxc display driver hdmi
[    0.282132] mxc_sdc_fb fb@1: 1920x1080 h_sync,r,l: 44,88,148  v_sync,l,u: 5,4,36 pixclock=148500000 Hz
[    0.293194] imx-ipuv3 2400000.ipu: IPU DMFC DP HIGH RESOLUTION: 1(0,1), 5B(2~5), 5F(6,7)
[    0.296852] mxc_sdc_fb fb@2: mxcfb2 is turned off!
[    0.296948] mxc_sdc_fb fb@3: mxcfb3 is turned off!
[    0.298446] imx-sdma 20ec000.sdma: no iram assigned, using external mem
[    0.298875] imx-sdma 20ec000.sdma: no event needs to be remapped
[    0.299180] imx-sdma 20ec000.sdma: loaded firmware 3.3
[    0.301772] imx-sdma 20ec000.sdma: initialized
[    0.303469] pfuze100-regulator 2-0008: Full layer: 2, Metal layer: 1
[    0.304089] pfuze100-regulator 2-0008: FAB: 0, FIN: 0
[    0.304118] pfuze100-regulator 2-0008: pfuze100 found.
[    0.318346] 2020000.serial: ttymxc0 at MMIO 0x2020000 (irq = 26, base_baud = 5000000) is a IMX
[    1.224847] console [ttymxc0] enabled
[    1.229403] 21e8000.serial: ttymxc1 at MMIO 0x21e8000 (irq = 301, base_baud = 5000000) is a IMX
[    1.238669] 21f0000.serial: ttymxc3 at MMIO 0x21f0000 (irq = 302, base_baud = 5000000) is a IMX
[    1.247914] 21f4000.serial: ttymxc4 at MMIO 0x21f4000 (irq = 303, base_baud = 5000000) is a IMX
[    1.258653] [drm] Initialized drm 1.1.0 20060810
[    1.263768] [drm] Initialized vivante 1.0.0 20120216 on minor 0
[    1.277845] brd: module loaded
[    1.286012] loop: module loaded
[    1.290438] ahci-imx 2200000.sata: fsl,transmit-level-mV not specified, using 00000024
[    1.298440] ahci-imx 2200000.sata: fsl,transmit-boost-mdB not specified, using 00000480
[    1.306505] ahci-imx 2200000.sata: fsl,transmit-atten-16ths not specified, using 00002000
[    1.314734] ahci-imx 2200000.sata: fsl,receive-eq-mdB not specified, using 05000000
[    1.325908] ahci-imx 2200000.sata: SSS flag set, parallel bus scan disabled
[    1.332929] ahci-imx 2200000.sata: AHCI 0001.0300 32 slots 1 ports 3 Gbps 0x1 impl platform mode
[    1.341785] ahci-imx 2200000.sata: flags: ncq sntf stag pm led clo only pmp pio slum part ccc apst 
[    1.352309] scsi host0: ahci-imx
[    1.355890] ata1: SATA max UDMA/133 mmio [mem 0x02200000-0x02203fff] port 0x100 irq 313
[    1.367265] spi_imx 2008000.ecspi: probed
[    1.372209] vcan: Virtual CAN interface driver
[    1.376739] CAN device driver interface
[    1.380848] 2090000.flexcan supply xceiver not found, using dummy regulator
[    1.388647] flexcan 2090000.flexcan: device registered (reg_base=e6aa8000, irq=35)
[    1.396403] 2094000.flexcan supply xceiver not found, using dummy regulator
[    1.404106] flexcan 2094000.flexcan: device registered (reg_base=e6ab0000, irq=36)
[    1.412829] 2188000.ethernet supply phy not found, using dummy regulator
[    1.433532] pps pps0: new PPS source ptp0
[    1.438777] libphy: fec_enet_mii_bus: probed
[    1.444838] fec 2188000.ethernet eth0: registered PHC device 0
[    1.450967] PPP generic driver version 2.4.2
[    1.455521] ehci_hcd: USB 2.0 'Enhanced' Host Controller (EHCI) Driver
[    1.462081] ehci-pci: EHCI PCI platform driver
[    1.466632] ehci-mxc: Freescale On-Chip EHCI Host driver
[    1.472171] usbcore: registered new interface driver usb-storage
[    1.478358] usbcore: registered new interface driver usbserial
[    1.484278] usbcore: registered new interface driver usbserial_generic
[    1.490868] usbserial: USB Serial support registered for generic
[    1.496959] usbcore: registered new interface driver ftdi_sio
[    1.502770] usbserial: USB Serial support registered for FTDI USB Serial Device
[    1.510184] usbcore: registered new interface driver option
[    1.515828] usbserial: USB Serial support registered for GSM modem (1-port)
[    1.522854] usbcore: registered new interface driver pl2303
[    1.528501] usbserial: USB Serial support registered for pl2303
[    1.535808] 2184800.usbmisc supply vbus-wakeup not found, using dummy regulator
[    1.554961] ci_hdrc ci_hdrc.1: EHCI Host Controller
[    1.559900] ci_hdrc ci_hdrc.1: new USB bus registered, assigned bus number 1
[    1.583151] ci_hdrc ci_hdrc.1: USB 2.0 started, EHCI 1.00
[    1.589368] hub 1-0:1.0: USB hub found
[    1.593213] hub 1-0:1.0: 1 port detected
[    1.598132] mousedev: PS/2 mouse device common for all mice
[    1.604300] [PENMOUNT] Loading penmount_i2c V1.15.0
[    1.609346] [PENMOUNT] Probing for device ...
[    1.633014] [PENMOUNT] PM2204.D01.1.0.0
[    1.639764] [PENMOUNT] Supports 5 touch contacts
[    1.647286] [PENMOUNT] Supports WD mode
[    1.651141] [PENMOUNT] Supports WP mode
[    1.657886] [PENMOUNT] Use WP mode !
[    1.664356] [PENMOUNT] Sensitivity Level : 0 (max: 2)
[    1.672296] [PENMOUNT] irq already specified !!
[    1.677003] [PENMOUNT] Using IRQ 219
[    1.680837] input: PenMount I2C Touch Screen as /devices/soc0/soc/2100000.aips-bus/21a0000.i2c/i2c-1/1-0038/input/input0
[    1.692256] input: PenMount I2C Touch Key as /devices/soc0/soc/2100000.aips-bus/21a0000.i2c/i2c-1/1-0038/input/input1
[    1.706460] rtc-ds1307 1-0068: rtc core: registered m41t0 as rtc0
[    1.713159] ata1: SATA link down (SStatus 0 SControl 300)
[    1.713241] snvs_rtc 20cc000.snvs:snvs-rtc-lp: rtc core: registered 20cc000.snvs:snvs-r as rtc1
[    1.713376] i2c /dev entries driver
[    1.715134] mxc_v4l2_output v4l2_out: V4L2 device registered as video16
[    1.715290] mxc_v4l2_output v4l2_out: V4L2 device registered as video17
[    1.715454] mxc_v4l2_output v4l2_out: V4L2 device registered as video18
[    1.715620] mxc_v4l2_output v4l2_out: V4L2 device registered as video19
[    1.717741] imx2-wdt 20bc000.wdog: timeout 60 sec (nowayout=0)
[    1.717965] usbcore: registered new interface driver btusb
[    1.718163] sdhci: Secure Digital Host Controller Interface driver
[    1.718165] sdhci: Copyright(c) Pierre Ossman
[    1.718174] sdhci-pltfm: SDHCI platform and OF driver helper
[    1.719107] /soc/aips-bus@02100000/usdhc@02190000: voltage-ranges unspecified
[    1.719138] sdhci-esdhc-imx 2190000.usdhc: Got CD GPIO
[    1.720644] sdhci-esdhc-imx 2190000.usdhc: No vqmmc regulator found
[    1.763280] mmc1: SDHCI controller on 2190000.usdhc [2190000.usdhc] using ADMA
[    1.765948] /soc/aips-bus@02100000/usdhc@02198000: voltage-ranges unspecified
[    1.766380] sdhci-esdhc-imx 2198000.usdhc: No vqmmc regulator found
[    1.803148] mmc0: SDHCI controller on 2198000.usdhc [2198000.usdhc] using ADMA
[    1.818046] mxc_vpu 2040000.vpu_fsl: VPU initialized
[    1.822694] mxc_vdoa 21e4000.vdoa: i.MX Video Data Order Adapter(VDOA) driver probed
[    1.844444] ahci-imx 2200000.sata: no device found, disabling link.
[    1.844982] caam 2100000.caam: Entropy delay = 3200
[    1.855653] ahci-imx 2200000.sata: pass ahci_imx..hotplug=1 to enable hotplug
[    1.888398] mmc0: MAN_BKOPS_EN bit is not set
[    1.905772] caam 2100000.caam: Instantiated RNG4 SH0
[    1.912887] mmc0: new DDR MMC card at address 0001
[    1.918156] mmcblk0: mmc0:0001 Q2J54A 3.59 GiB 
[    1.922832] mmcblk0boot0: mmc0:0001 Q2J54A partition 1 16.0 MiB
[    1.923143] usb 1-1: new high-speed USB device number 2 using ci_hdrc
[    1.935396] mmcblk0boot1: mmc0:0001 Q2J54A partition 2 16.0 MiB
[    1.942493]  mmcblk0: p1 p2
[    1.966536] caam 2100000.caam: Instantiated RNG4 SH1
[    1.971541] caam 2100000.caam: device ID = 0x0a16010000000000 (Era -524)
[    1.978282] caam 2100000.caam: job rings = 2, qi = 0
[    2.058719] caam algorithms registered in /proc/crypto
[    2.068008] caam_jr 2101000.jr0: registering rng-caam
[    2.074027] snvs-secvio 20cc000.caam-snvs: can't get snvs clock
[    2.080025] snvs-secvio 20cc000.caam-snvs: violation handlers armed - non-secure state
[    2.088314] hidraw: raw HID events driver (C) Jiri Kosina
[    2.093974] hub 1-1:1.0: USB hub found
[    2.093997] usbcore: registered new interface driver usbhid
[    2.093999] usbhid: USB HID core driver
[    2.107323] stmpe-adc stmpe-adc: Initialized
[    2.111660] hub 1-1:1.0: 4 ports detected
[    2.118220] sgtl5000 2-000a: sgtl5000 revision 0x11
[    2.148915] fsl-asrc 2034000.asrc: driver registered
[    2.293623] imx-sgtl5000 sound: sgtl5000 <-> 2028000.ssi mapping ok
[    2.302618] imx-spdif sound-spdif: snd-soc-dummy-dai <-> 2004000.spdif mapping ok
[    2.313189] imx-audio-hdmi sound-hdmi: hdmi-hifi <-> soc:hdmi_audio@00120000 mapping ok
[    2.321945] Netfilter messages via NETLINK v0.30.
[    2.326728] nfnl_acct: registering with nfnetlink.
[    2.331557] nf_conntrack version 0.5.0 (16384 buckets, 65536 max)
[    2.338183] nf_tables: (c) 2007-2009 Patrick McHardy <kaber@trash.net>
[    2.345173] ip_tables: (C) 2000-2006 Netfilter Core Team
[    2.351171] NET: Registered protocol family 10
[    2.356656] ip6_tables: (C) 2000-2006 Netfilter Core Team
[    2.362108] NET: Registered protocol family 17
[    2.366675] bridge: automatic filtering via arp/ip/ip6tables has been deprecated. Update your scripts to load br_netfilter if you need this.
[    2.379367] Bridge firewalling registered
[    2.383434] can: controller area network core (rev 20120528 abi 9)
[    2.389698] NET: Registered protocol family 29
[    2.393153] usb 1-1.3: new high-speed USB device number 3 using ci_hdrc
[    2.400851] can: raw protocol (rev 20120528)
[    2.405166] can: broadcast manager protocol (rev 20120528 t)
[    2.410869] can: netlink gateway (rev 20130117) max_hops=1
[    2.416627] Bluetooth: RFCOMM TTY layer initialized
[    2.421552] Bluetooth: RFCOMM socket layer initialized
[    2.426763] Bluetooth: RFCOMM ver 1.11
[    2.430564] Bluetooth: BNEP (Ethernet Emulation) ver 1.3
[    2.435914] Bluetooth: BNEP filters: protocol multicast
[    2.441167] Bluetooth: BNEP socket layer initialized
[    2.446177] Bluetooth: HIDP (Human Interface Emulation) ver 1.2
[    2.452123] Bluetooth: HIDP socket layer initialized
[    2.457191] 8021q: 802.1Q VLAN Support v1.8
[    2.461753] Key type dns_resolver registered
[    2.468061] Registering SWP/SWPB emulation handler
[    2.473646] registered taskstats version 1
[    2.478661] 1ffc000.pcie supply pcie-bus not found, using dummy regulator
[    2.898496] imx6q-pcie 1ffc000.pcie: phy link never came up
[    2.904164] imx6q-pcie 1ffc000.pcie: failed to initialize host
[    2.910138] imx6q-pcie: probe of 1ffc000.pcie failed with error -22
[    2.920498] rtc-ds1307 1-0068: setting system clock to 2018-01-31 13:43:26 UTC (1517406206)
[    2.938937] usb_otg_vbus: disabling
[    2.942712] ALSA device list:
[    2.945763]   #0: imx6q-apalis-sgtl5000
[    2.949624]   #1: imx-spdif
[    2.952435]   #2: imx-hdmi-soc
[    2.966935] EXT4-fs (mmcblk0p2): INFO: recovery required on readonly filesystem
[    2.974332] EXT4-fs (mmcblk0p2): write access will be enabled during recovery
[    3.028310] EXT4-fs (mmcblk0p2): recovery complete
[    3.033790] EXT4-fs (mmcblk0p2): mounted filesystem with ordered data mode. Opts: (null)
[    3.041953] VFS: Mounted root (ext4 filesystem) readonly on device 179:2.
[    3.049475] devtmpfs: mounted
[    3.052812] Freeing unused kernel memory: 372K (80a1f000 - 80a7c000)
[    3.181952] random: systemd urandom read with 21 bits of entropy available
[    3.191481] systemd[1]: systemd 229 running in system mode. (-PAM -AUDIT -SELINUX +IMA -APPARMOR +SMACK +SYSVINIT +UTMP -LIBCRYPTSETUP -GCRYPT -GNUTLS +ACL +XZ -LZ4 -SECCOMP +BLKID -ELFUTILS +KMOD -IDN)
[    3.210098] systemd[1]: Detected architecture arm.

Welcome to Boot to Qt for Embedded Linux 2.1.1 (krogoth)!

[    3.253670] systemd[1]: Set hostname to <b2qt-apalis-imx6>.
[    3.488423] systemd[1]: Created slice System Slice.
[  OK  ] Created slice System Slice.
[    3.513536] systemd[1]: Listening on Journal Socket.
[  OK  ] Listening on Journal Socket.
[    3.553350] systemd[1]: Mounting Temporary Directory...
         Mounting Temporary Directory...
[    3.575509] systemd[1]: Starting File System Check on Root Device...
         Starting File System Check on Root Device...
[    3.603452] systemd[1]: Reached target Remote File Systems.
[  OK  ] Reached target[    3.609739] systemd[1]: Reached target Swap.
 Remote File Systems.
[    3.617237] systemd[1]: Listening on /dev/initctl Compatibility Named Pipe.
[  OK  ] Reached targe[    3.626301] systemd[1]: Listening on Network Service Netlink Socket.
t Swap.
[  OK  ] List[    3.635177] systemd[1]: Listening on Syslog Socket.
ening on /dev/initctl Compatibili[    3.645022] systemd[1]: Starting Setup Virtual Console...
ty Named Pipe.
[  OK  ] Listening on Network Service [    3.653892] systemd[1]: Starting Create list of required static device nodes for the current kernel...
Netlink Socket.
[  OK      3.666361] systemd[1]: Listening on Journal Socket (/dev/log).
0m] Listening on Syslog Socket.
         Starting Setup Virtual Console...
         Starting Create list of required st... nodes for the current kernel...
[  OK  ] Listening on Journal Socket (/dev/log).
[    3.744675] systemd[1]: Starting Load Kernel Modules...
         Starting Load Kernel Modules...
[    3.774427] systemd[1]: Started Dispatch Password Requests to Console Directory Watch.
[  OK  ] Started Dispatch Password Requests to Console Directory Watch.
[    3.802734] RTL871X: module init start
[    3.806601] RTL871X: rtl8723bu v4.3.6.11_12942.20141204_BTCOEX20140507-4E40
[    3.813605] RTL871X: rtl8723bu BT-Coex version = BTCOEX20140507-4E40
[    3.823773] systemd[1]: Started Forward Password Requests to Wall Directory Watch.
[  OK  ] Started Forward Password Requests to Wall Directory Watch.
[    3.853328] systemd[1]: Reached target Paths.
[  OK  ] Reached target Paths.
[    3.873596] systemd[1]: Created slice User and Session Slice.
[  OK  ] Created slice User and Session Slice.
[    3.893363] systemd[1]: Reached target Slices.
[  OK  ] Reached target Slices.
[    3.913586] systemd[1]: Listening on udev Kernel Socket.
[  OK  ] Listening on udev Kernel Socket.
[    3.933948] systemd[1]: Created slice system-serial\x2dgetty.slice.
[  OK  ] Created slice system-serial\x2dgetty.slice.
[    3.966960] systemd[1]: Mounting Debug File System...
         Mounting Debug File System...
[    3.993628] systemd[1]: Listening on udev Control Socket.
[  OK  ] Listening on udev Control Socket.
[    4.017451] systemd[1]: Starting Journal Service...
         Starting Journal Service...
[    4.052335] systemd[1]: Mounted Debug File System.
[  OK  ] Mounted Debug File System.
[    4.073727] systemd[1]: Mounted Temporary Directory.
[  OK  ] Mounted Temporary Directory.
[    4.095511] systemd[1]: Started File System Check on Root Device.
[  OK  ] Started File System Check on Root Device.
[    4.124148] systemd[1]: Started Setup Virtual Console.
[  OK  ] Started Setup Virtual Console.
[    4.139822] RTL871X: rtw_ndev_init(wlan0)
[    4.145138] systemd[1]: Started Create list of required static device nodes for the current kernel.
[    4.155474] RTL871X: rtw_ndev_init(wlan1)
[    4.160575] usbcore: registered new interface driver rtl8723bu
[    4.166511] RTL871X: module init ret=0
[  OK  ] Started Create list of required sta...ce nodes for the current kernel.
[    4.194562] Galcore version 5.0.11.41671
[    4.194591] systemd[1]: Started Journal Service.
[  OK  ] Started Journal Service.
         Starting Remount Root and Kernel File Systems...
[    4.376886] EXT4-fs (mmcblk0p2): re-mounted. Opts: (null)
[  OK  ] Started Remount Root and Kernel File Systems.
         Starting Create Static Device Nodes in /dev...
         Starting Flush Journal to Persistent Storage...
         Starting udev Coldplug all Devices...
[  OK  ] Started Create Static Device Nodes in /dev.
[    4.568103] systemd-journald[203]: Received request to flush runtime journal from PID 1
[  OK  ] Reached target Local File Systems (Pre).
         Mounting /var/volatile...
         Starting udev Kernel Device Manager...
[  OK  ] Mounted /var/volatile.
[  OK  ] Started Flush Journal to Persistent Storage.
[  OK  ] Started udev Kernel Device Manager.
[  OK  ] Reached target Local File Systems.
         Starting Create Volatile Files and Directories...
         Starting Load/Save Random Seed...
[  OK  ] Started Load/Save Random Seed.
[    5.022234] tty0tty null modem driver v1.2
[  OK  ] Started Load Kernel Modules.
[  OK  ] Started Create Volatile Files and Directories.
         Starting Network Time Synchronization...
         Starting Update UTMP about System Boot/Shutdown...
         Mounting FUSE Control File System...
         Mounting Configuration File System...
         Starting Apply Kernel Variables...
[  OK  ] Mounted FUSE Control File System.
[  OK  ] Mounted Configuration File System.
[  OK  ] Started Network Time Synchronization.
[  OK  ] Started udev Coldplug all Devices.
[  OK  ] Started Apply Kernel Variables.
[  OK  ] Found device /dev/ttymxc0.
[  OK  ] Started Update UTMP about System Boot/Shutdown.
[    5.653406] ov5647_read_reg(mipi):reg=300a ret=-5
[    5.658204] camera ov5647_mipi is not found
[  OK  ] Found device /dev/ttymxc1.
[    5.818226] ERROR: v4l2 capture: slave not found!
[    5.822768] ERROR: v4l2 capture: slave not found!
[  OK  ] Listening on Load/Save RF Kill Switch Status /dev/rfkill Watch.
[  OK  ] Reached target Sound Card.
[  OK  ] Created slice system-systemd\x2dbacklight.slice.
         Starting Load/Save Screen Backlight...htness of backlight:backlight...
[  OK  ] Reached target System Time Synchronized.
[  OK  ] Started Load/Save Screen Backlight Brightness of backlight:backlight.
         Starting Load/Save RF Kill Switch Status...
[  OK  ] Reached target System Initialization.
[  OK  ] Started Daily Cleanup of Temporary Directories.
[  OK  ] Reached target Timers.
[  OK  ] Listening on dropbear.socket.
[  OK  ] Listening on D-Bus System Message Bus Socket.
[  OK  ] Listening on RPCbind Server Activation Socket.
[  OK  ] Reached target Sockets.
[  OK  ] Reached target Basic System.
         Starting Login Service...
[  OK  ] Started D-Bus System Message Bus.
         Starting Network Service...
[  OK  ] Started B2Qt user application.
         Starting D-BUS Session Message Bus....
[  OK  ] Started Serial Getty on ttymxc1.
[  OK  ] Started Serial Getty on ttymxc0.
[  OK  ] Reached target Login Prompts.
[  OK  ] Started Kernel Logging Service.
[  OK  ] Started System Logging Service.
         Starting Save/Restore Sound Card State...
[  OK  ] Started Load/Save RF Kill Switch Status.
[  OK  ] Started Network Service.
[  OK  ] Reached target Network.
         Starting ADB Server Daemon...
         Starting Network Time Service...
[  OK  ] Started D-BUS Session Message Bus..
[  OK  ] Started Save/Restore Sound Card State.
[  OK  ] Started Network Time Service.
[    6.681080] file system registered
[  OK  ] Started Login Service.
[  OK  ] Started ADB Server Daemon.
[  OK  ] Reached target Multi-User System.
[    6.770683] read descriptors
[    6.774020] read strings
[    6.776664] g_ffs gadget: g_ffs ready
[  OK  ] Started Ujet Bluetooth Audio Service.
[  OK  ] Reached target Custom Target.
         Starting Update UTMP about System Runlevel Changes...
[  OK  ] Started Ujet HTTPD Service.
         Starting Ujet Identify Service...
[  OK  ] Started Ujet Cloud Service.
[  OK  ] Started Ujet Ble Service.
[    6.923235] usb 1-1.1: new high-speed USB device number 4 using ci_hdrc
[  OK  ] Started Ujet Telemetry Service.
[    7.001646] flexcan 2090000.flexcan can0: writing ctrl=0x01232084
[  OK  ] Started Update UTMP about System Runlevel Changes.
[    7.060139] option 1-1.1:1.0: GSM modem (1-port) converter detected
[    7.069387] usb 1-1.1: GSM modem (1-port) converter now attached to ttyUSB0
[    7.078788] option 1-1.1:1.1: GSM modem (1-port) converter detected
[    7.087669] usb 1-1.1: GSM modem (1-port) converter now attached to ttyUSB1
[  OK  ] Stopped Blueto[    7.097840] option 1-1.1:1.2: GSM modem (1-port) converter detected
oth service.
[    7.106103] usb 1-1.1: GSM modem (1-port) converter now attached to ttyUSB2
[    7.114607] option 1-1.1:1.3: GSM modem (1-port) converter detected
[    7.121626] usb 1-1.1: GSM modem (1-port) converter now attached to ttyUSB3
[    7.129600] option 1-1.1:1.4: GSM modem (1-port) converter detected
[    7.136651] usb 1-1.1: GSM modem (1-port) converter now attached to ttyUSB4
[    8.191853] mxc_sdc_fb fb@0: 800x480 h_sync,r,l: 72,24,96  v_sync,l,u: 7,3,10 pixclock=29500000 Hz
[    8.806211] random: nonblocking pool is initialized

Boot to Qt for Embedded Linux 2.1.1 b2qt-apalis-imx6 ttymxc0

b2qt-apalis-imx6 login: [   13.788035] ci_hdrc ci_hdrc.0: Device No Response

Boot to Qt for Embedded Linux 2.1.1 b2qt-apalis-imx6 ttymxc0

b2qt-apalis-imx6 login: root
root@b2qt-apalis-imx6:~# 
root@b2qt-apalis-imx6:~# 
root@b2qt-apalis-imx6:~# 
root@b2qt-apalis-imx6:~# cd /BTcmdTest/
root@b2qt-apalis-imx6:/BTcmdTest# ls
1  2
root@b2qt-apalis-imx6:/BTcmdTest# mkdir 3 2
mkdir: cannot create directory '2': File exists
root@b2qt-apalis-imx6:/BTcmdTest# cd   2
root@b2qt-apalis-imx6:/BTcmdTest/2# ls
BT-mxc3-1.txt  BT-mxc4-1.txt
root@b2qt-apalis-imx6:/BTcmdTest/2# cat /dev/ttymxc3 | tee -a BT-mxc3-1.txt  2
^C
root@b2qt-apalis-imx6:/BTcmdTest/2# cat /dev/ttymxc3 | tee -a BT-mxc3-2.txt &
[1] 477
root@b2qt-apalis-imx6:/BTcmdTest/2# 
root@b2qt-apalis-imx6:/BTcmdTest/2# 
root@b2qt-apalis-imx6:/BTcmdTest/2# cat /dev/ttymxc3 | tee -a BT-mxc3-2.txt & 4 4
[2] 479
root@b2qt-apalis-imx6:/BTcmdTest/2# 
root@b2qt-apalis-imx6:/BTcmdTest/2# 
root@b2qt-apalis-imx6:/BTcmdTest/2# 
root@b2qt-apalis-imx6:/BTcmdTest/2# 
root@b2qt-apalis-imx6:/BTcmdTest/2# 
root@b2qt-apalis-imx6:/BTcmdTest/2# sync
root@b2qt-apalis-imx6:/BTcmdTest/2# 
root@b2qt-apalis-imx6:/BTcmdTest/2# 
root@b2qt-apalis-imx6:/BTcmdTest/2# 
root@b2qt-apalis-imx6:/BTcmdTest/2# 
root@b2qt-apalis-imx6:/BTcmdTest/2# VRCP PDU 30
SYNTAX ERROR
LIST 0 CONNECTED A2DP 672 0 0 0 0 0 30:c0:1b:03:12:a8 19 INCOMING ACTIVE SLAVE ENCRYPTED 3
 
RING 2 30:c0:1b:03:12:a8 17 AVRCP 
AVRCP 2 PDU_REGISTER_NOTIFICATION 3 PLAYBACK_STATUS_CHANGED 0

root@b2qt-apalis-imx6:/BTcmdTest/2# 
root@b2qt-apalis-imx6:/BTcmdTest/2# 
root@b2qt-apalis-imx6:/BTcmdTest/2# echo "LIST" > /dev/ttymxc3
root@b2qt-apalis-imx6:/BTcmdTest/2# LIST
LIST 3
LIST 0 CONNECTED A2DP 672 0 0 33 0 0 30:c0:1b:03:12:a8 19 INCOMING SNIFF SLAVE ENCRYPTED 0
LIST 1 CONNECTED A2DP 672 0 0 33 0 0 30:c0:1b:03:12:a8 19 INCOMING SNIFF SLAVE ENCRYPTED 0
LIST 2 CONNECTED AVRCP 672 0 0 31 0 0 30:c0:1b:03:12:a8 17 INCOMING SNIFF SLAVE ENCRYPTED 0

root@b2qt-apalis-imx6:/BTcmdTest/2# 
root@b2qt-apalis-imx6:/BTcmdTest/2# 
root@b2qt-apalis-imx6:/BTcmdTest/2# LIST 0 CONNECTED A2DP 672 0 0 0 0 0 bc:d1:1f:5b:f2:c1 19 INCOMING ACTIVE SLAVE ENCRYPTED 0
 0 0 bc:d1:1f:5b:f2:c1 19 INCOMING ACTIVE SLAVE ENCRYPTED 0
AVRCP PDU 30
SYNTAX ERROR
RING 2 bc:d1:1f:5b:f2:c1 17 AVRCP 
HFP 3 STATUS "call" 0
HFP 3 STATUS "callsetup" 0
HFP 3 STATUS "service" 1
HFP 3 STATUS "signal" 4
HFP 3 STATUS "roam" 0
HFP 3 STATUS "battchg" 4
HFP 3 STATUS "callheld" 0
HFP 3 CHLD (0,1,2,3)
HFP 3 READY
HFP 3 UNKNOWN (8): \r\n+COPS: 0,0,"idea | Idea"\r\n

root@b2qt-apalis-imx6:/BTcmdTest/2# 
root@b2qt-apalis-imx6:/BTcmdTest/2# 
root@b2qt-apalis-imx6:/BTcmdTest/2# A2DP STREAMING START 0

root@b2qt-apalis-imx6:/BTcmdTest/2# 
root@b2qt-apalis-imx6:/BTcmdTest/2# 
root@b2qt-apalis-imx6:/BTcmdTest/2# A2DP STREAMING STOP 0
A2DP STREAMING START 0
CALL 30:c0:1b:03:12:a8 111F HFP
CALL 4
CALL 30:c0:1b:03:12:a8 19 A2DP
CALL 5
CALL 30:c0:1b:03:12:a8 17 AVRCP
CALL 6
CALL 30:c0:1b:03:12:a8 112F PBAP
CALL 7
NO CARRIER 7 ERROR 1 BOCK_ERR_RESOURCES

root@b2qt-apalis-imx6:/BTcmdTest/2# 
root@b2qt-apalis-imx6:/BTcmdTest/2# NO CARRIER 6 ERROR 9801 L2CAP_CONNECTION_FAILED
NO CARRIER 5 ERROR 9801 L2CAP_CONNECTION_FAILED
NO CARRIER 4 ERROR b01 SDC_CONNECTION_FAILED

root@b2qt-apalis-imx6:/BTcmdTest/2# 
root@b2qt-apalis-imx6:/BTcmdTest/2# 
root@b2qt-apalis-imx6:/BTcmdTest/2# echo "CALL 30:c0:1b:03:12:a8 19 A2DP" > /dev/ttymxc3
root@b2qt-apalis-imx6:/BTcmdTest/2# CALL 30:c0:1b:03:12:a8 19 A2DP
CALL 3
NO CARRIER 3 ERROR 9004 L2CAP_CONNECTION_REJ_RESOURCES

root@b2qt-apalis-imx6:/BTcmdTest/2# 
root@b2qt-apalis-imx6:/BTcmdTest/2# echo "CALL 30:c0:1b:03:12:a8 19 A2DP" > /dev/ttymxc3
root@b2qt-apalis-imx6:/BTcmdTest/2# CALL 30:c0:1b:03:12:a8 19 A2DP
CALL 3
NO CARRIER 3 ERROR 9004 L2CAP_CONNECTION_REJ_RESOURCES

root@b2qt-apalis-imx6:/BTcmdTest/2# 
root@b2qt-apalis-imx6:/BTcmdTest/2# 
root@b2qt-apalis-imx6:/BTcmdTest/2# 
root@b2qt-apalis-imx6:/BTcmdTest/2# 
root@b2qt-apalis-imx6:/BTcmdTest/2# 
root@b2qt-apalis-imx6:/BTcmdTest/2# CALL 30:c0:1b:03:12:a8 111F HFP
CALL 4
CALL 30:c0:1b:03:12:a8 19 A2DP
CALL 5
CALL 30:c0:1b:03:12:a8 17 AVRCP

NO CARRIER 7 ERROR 1 BOCK_ERR_RESOURCES

root@b2qt-apalis-imx6:/BTcmdTest/2# 
root@b2qt-apalis-imx6:/BTcmdTest/2# NO CARRIER 6 ERROR 9801 L2CAP_CONNECTION_FAILED
NO CARRIER 5 ERROR 9801 L2CAP_CONNECTION_FAILED
NO CARRIER 4 ERROR b01 SDC_CONNECTION_FAILED

root@b2qt-apalis-imx6:/BTcmdTest/2# 
root@b2qt-apalis-imx6:/BTcmdTest/2# 
root@b2qt-apalis-imx6:/BTcmdTest/2# 
root@b2qt-apalis-imx6:/BTcmdTest/2# 
root@b2qt-apalis-imx6:/BTcmdTest/2# echo "SET" > /dev/ttymxc3
root@b2qt-apalis-imx6:/BTcmdTest/2# SET
SET BT BDADDR 88:6b:0f:62:71:88
SET BT NAME WT32i-AJ
SET BT CLASS 280428
SET BT IDENT BT:47 f000 6.0.0 Bluegiga iWRAP
SET BT LAP 9e8b33
