
Boot to Qt for Embedded Linux 2.1.1 b2qt-apalis-imx6 ttymxc0

b2qt-apalis-imx6 login: root
root@b2qt-apalis-imx6:~# cd /
root@b2qt-apalis-imx6:/# cat /dev/ttymxc3 &
[1] 482
root@b2qt-apalis-imx6:/# echo ""S"E"T"

U-Boot 2016.11+fslc+g80c3bd6 (Jan 02 2018 - 11:32:06 +0100)

CPU:   Freescale i.MX6Q rev1.5 at 792 MHz
Reset cause: POR
I2C:   ready
DRAM:  2 GiB
PMIC:  device id: 0x10, revision id: 0x21, programmed
M“j:   FSL_SDHC: 0, FSL_SDHC: 1, FSL_SDHC: 2
auto-detected panel vga-rgb
Display: vga-rgb (640x480)
In:    serial
Out:   serial
Err:   serial
Model: Toradex Apalis iMX6 Quad 2GB IT V1.1C, Serial# 05139699
Net:   using PHY at 7
FEC [PRIME]
Hit any key to stop autoboot:  1  0 
Booting from internal eMMC chip...
reading imx6q-apalis-ixora-v1_1.dtb
48970 bytes read in 22 ms (2.1 MiB/s)
reading uImage
5943928 bytes read in 172 ms (33 MiB/s)
## Booting kernel from Legacy Image at 11000000 ...
   Image Name:   Linux-4.1.41-v2.7b1+g82f0f4f
   Image Type:   ARM Linux Kernel Image (uncompressed)
   Data Size:    5943864 Bytes = 5.7 MiB
   Load Address: 10008000
   Entry Point:  10008000
   Verifying Checksum ... OK
## Flattened Device Tree blob at 12000000
   Booting using the fdt blob at 0x12000000
   Loading Kernel Image ... OK
   Using Device Tree in place at 12000000, end 1200ef49

Starting kernel ...

[    0.000000] Booting Linux on physical CPU 0x0
[    0.000000] Initializing cgroup subsys cpu
[    0.000000] Initializing cgroup subsys cpuacct
[    0.000000] Linux version 4.1.41-v2.7b1+g82f0f4f (behlingc@mplan-ubuntu-1610-dev) (gcc version 5.3.0 (GCC) ) #1 SMP Wed Jan 31 17:39:36 CET 2018
[    0.000000] CPU: ARMv7 Processor [412fc09a] revision 10 (ARMv7), cr=10c5387d
[    0.000000] CPU: PIPT / VIPT nonaliasing data cache, VIPT aliasing instruction cache
[    0.000000] Machine model: Toradex Apalis iMX6Q/D Module on Ixora V1.1 Carrier Board
[    0.000000] Reserved memory: created CMA memory pool at 0x62000000, size 320 MiB
[    0.000000] Reserved memory: initialized node linux,cma, compatible id shared-dma-pool
[    0.000000] Memory policy: Data cache writealloc
[    0.000000] PERCPU: Embedded 12 pages/cpu @d0efd000 s16908 r8192 d24052 u49152
[    0.000000] Built 1 zonelists in Zone order, mobility grouping on.  Total pages: 521024
[    0.000000] Kernel command line: enable_wait_mode=off vmalloc=400M ip=off root=/dev/mmcblk0p2 rw,noatime rootfstype=ext4 rootwait fec_mac=00:14:2d:4e:6c:f3 consoleblank=0 no_console_suspend=1 console=tty1 console=ttymxc0,115200n8 mxc_hdmi.only_cea=1 video=mxcfb1:dev=hdmi,1920x1080M@60,if=RGB24 video=mxcfb0:dev=ldb,800x480M@60,if=RGB666 video=mxcfb2:off video=mxcfb3:off fbmem=32M
[    0.000000] PID hash table entries: 4096 (order: 2, 16384 bytes)
[    0.000000] Dentry cache hash table entries: 262144 (order: 8, 1048576 bytes)
[    0.000000] Inode-cache hash table entries: 131072 (order: 7, 524288 bytes)
[    0.000000] Memory: 1738972K/2097152K available (7679K kernel code, 330K rwdata, 2648K rodata, 372K init, 423K bss, 30500K reserved, 327680K cma-reserved, 425984K highmem)
[    0.000000] Virtual kernel memory layout:
[    0.000000]     vector  : 0xffff0000 - 0xffff1000   (   4 kB)
[    0.000000]     fixmap  : 0xffc00000 - 0xfff00000   (3072 kB)
[    0.000000]     vmalloc : 0xe6800000 - 0xff000000   ( 392 MB)
[    0.000000]     lowmem  : 0x80000000 - 0xe6000000   (1632 MB)
[    0.000000]     pkmap   : 0x7fe00000 - 0x80000000   (   2 MB)
[    0.000000]     modules : 0x7f000000 - 0x7fe00000   (  14 MB)
[    0.000000]       .text : 0x80008000 - 0x80a1e0a4   (10329 kB)
[    0.000000]       .init : 0x80a1f000 - 0x80a7c000   ( 372 kB)
[    0.000000]       .data : 0x80a7c000 - 0x80ace8c0   ( 331 kB)
[    0.000000]        .bss : 0x80ad1000 - 0x80b3ae1c   ( 424 kB)
[    0.000000] SLUB: HWalign=64, Order=0-3, MinObjects=0, CPUs=4, Nodes=1
[    0.000000] Hierarchical RCU implementation.
[    0.000000] NR_IRQS:16 nr_irqs:16 16
[    0.000000] L2C-310 erratum 769419 enabled
[    0.000000] L2C-310 enabling early BRESP for Cortex-A9
[    0.000000] L2C-310 full line of zeros enabled for Cortex-A9
[    0.000000] L2C-310 ID prefetch enabled, offset 16 lines
[    0.000000] L2C-310 dynamic clock gating enabled, standby mode enabled
[    0.000000] L2C-310 cache controller enabled, 16 ways, 1024 kB
[    0.000000] L2C-310: CACHE_ID 0x410000c7, AUX_CTRL 0x76470001
[    0.000000] mxc_clocksource_init 3000000
[    0.000000] Switching to timer-based delay loop, resolution 333ns
[    0.000006] sched_clock: 32 bits at 3000kHz, resolution 333ns, wraps every 715827882841ns
[    0.000024] clocksource mxc_timer1: mask: 0xffffffff max_cycles: 0xffffffff, max_idle_ns: 637086815595 ns
[    0.001236] Console: colour dummy device 80x30
[    0.001859] console [tty1] enabled
[    0.001890] Calibrating delay loop (skipped), value calculated using timer frequency.. 6.00 BogoMIPS (lpj=30000)
[    0.001929] pid_max: default: 32768 minimum: 301
[    0.002039] Mount-cache hash table entries: 4096 (order: 2, 16384 bytes)
[    0.002069] Mountpoint-cache hash table entries: 4096 (order: 2, 16384 bytes)
[    0.002651] Initializing cgroup subsys freezer
[    0.002689] Initializing cgroup subsys debug
[    0.002741] CPU: Testing write buffer coherency: ok
[    0.003014] Setting up static identity map for 0x10008280 - 0x100082d8
[    0.006300] Brought up 4 CPUs
[    0.006335] SMP: Total of 4 processors activated (24.00 BogoMIPS).
[    0.006358] CPU: All CPU(s) started in SVC mode.
[    0.006849] devtmpfs: initialized
[    0.019351] VFP support v0.3: implementor 41 architecture 3 part 30 variant 9 rev 4
[    0.019790] clocksource jiffies: mask: 0xffffffff max_cycles: 0xffffffff, max_idle_ns: 19112604462750000 ns
[    0.019849] futex hash table entries: 1024 (order: 4, 65536 bytes)
[    0.039342] pinctrl core: initialized pinctrl subsystem
[    0.040666] NET: Registered protocol family 16
[    0.049002] DMA: preallocated 256 KiB pool for atomic coherent allocations
[    0.079652] cpuidle: using governor ladder
[    0.109646] cpuidle: using governor menu
[    0.110043] CPU identified as i.MX6Q, silicon rev 1.5
[    0.134600] hw-breakpoint: found 5 (+1 reserved) breakpoint and 1 watchpoint registers.
[    0.134647] hw-breakpoint: maximum watchpoint size is 4 bytes.
[    0.135766] imx6q-pinctrl 20e0000.iomuxc: initialized IMX pinctrl driver
[    0.137760] imx-gpc 20dc000.gpc: no fsl,ldo-bypass found!
[    0.147936] mxs-dma 110000.dma-apbh: initialized
[    0.150461] usb_host_vbus: supplied by usb_host_vbus_hub
[    0.150818] vgaarb: loaded
[    0.151654] SCSI subsystem initialized
[    0.152154] usbcore: registered new interface driver usbfs
[    0.152248] usbcore: registered new interface driver hub
[    0.152354] usbcore: registered new device driver usb
[    0.152586] 2000000.aips-bus:usbphy_nop1 supply vcc not found, using dummy regulator
[    0.152761] 2000000.aips-bus:usbphy_nop2 supply vcc not found, using dummy regulator
[    0.153535] i2c-gpio i2c@0: using pins 80 (SDA) and 62 (SCL)
[    0.154400] i2c i2c-1: IMX I2C adapter registered
[    0.154436] i2c i2c-1: can't use DMA
[    0.156000] stmpe-i2c 2-0041: stmpe811 detected, chip id: 0x811
[    0.157930] i2c i2c-2: IMX I2C adapter registered
[    0.157965] i2c i2c-2: can't use DMA
[    0.158444] i2c i2c-3: IMX I2C adapter registered
[    0.158478] i2c i2c-3: can't use DMA
[    0.158640] Linux video capture interface: v2.00
[    0.158714] pps_core: LinuxPPS API ver. 1 registered
[    0.158736] pps_core: Software ver. 5.3.6 - Copyright 2005-2007 Rodolfo Giometti <giometti@linux.it>
[    0.158789] PTP clock support registered
[    0.179700] imx-ipuv3 2400000.ipu: IPU DMFC NORMAL mode: 1(0~1), 5B(4,5), 5F(6,7)
[    0.199690] imx-ipuv3 2800000.ipu: IPU DMFC NORMAL mode: 1(0~1), 5B(4,5), 5F(6,7)
[    0.200622] mxc_mipi_csi2 21dc000.mipi_csi: i.MX MIPI CSI2 driver probed ipu0 csi1
[    0.200668] mxc_mipi_csi2 21dc000.mipi_csi: i.MX MIPI CSI2 dphy version is 0x3130302a
[    0.200779] MIPI CSI2 driver module loaded
[    0.201071] Advanced Linux Sound Architecture Driver Initialized.
[    0.202299] Bluetooth: Core ver 2.20
[    0.202361] NET: Registered protocol family 31
[    0.202383] Bluetooth: HCI device and connection manager initialized
[    0.202416] Bluetooth: HCI socket layer initialized
[    0.202448] Bluetooth: L2CAP socket layer initialized
[    0.202492] Bluetooth: SCO socket layer initialized
[    0.203091] Switched to clocksource mxc_timer1
[    0.213897] NET: Registered protocol family 2
[    0.214679] TCP established hash table entries: 16384 (order: 4, 65536 bytes)
[    0.214853] TCP bind hash table entries: 16384 (order: 5, 131072 bytes)
[    0.215113] TCP: Hash tables configured (established 16384 bind 16384)
[    0.215213] UDP hash table entries: 1024 (order: 3, 32768 bytes)
[    0.215306] UDP-Lite hash table entries: 1024 (order: 3, 32768 bytes)
[    0.215575] NET: Registered protocol family 1
[    0.215907] RPC: Registered named UNIX socket transport module.
[    0.215938] RPC: Registered udp transport module.
[    0.215959] RPC: Registered tcp transport module.
[    0.215978] RPC: Registered tcp NFSv4.1 backchannel transport module.
[    0.216765] CPU PMU: Failed to parse /soc/pmu/interrupt-affinity[0]
[    0.216835] hw perfevents: enabled with armv7_cortex_a9 PMU driver, 7 counters available
[    0.217873] imx rpmsg driver is registered.
[    0.218921] Bus freq driver module loaded
[    0.225911] VFS: Disk quotas dquot_6.6.0
[    0.226108] VFS: Dquot-cache hash table entries: 1024 (order 0, 4096 bytes)
[    0.227176] squashfs: version 4.0 (2009/01/31) Phillip Lougher
[    0.227964] NFS: Registering the id_resolver key type
[    0.228026] Key type id_resolver registered
[    0.228049] Key type id_legacy registered
[    0.228092] nfs4filelayout_init: NFSv4 File Layout Driver Registering...
[    0.228630] ntfs: driver 2.1.32 [Flags: R/W].
[    0.229111] fuse init (API version 7.23)
[    0.233262] bounce: pool size: 64 pages
[    0.233307] io scheduler noop registered
[    0.233336] io scheduler deadline registered
[    0.233502] io scheduler cfq registered (default)
[    0.236253] backlight supply power not found, using dummy regulator
[    0.237872] MIPI DSI driver module loaded
[    0.239240] 20e0000.hdmi_video supply HDMI not found, using dummy regulator
[    0.240718] fbcvt: 800x480@60: CVT Name - .384M9
[    0.240766] mxc_sdc_fb fb@0: registered mxc display driver ldb
[    0.245067] mxc_sdc_fb fb@0: 800x480 h_sync,r,l: 72,24,96  v_sync,l,u: 7,3,10 pixclock=29500000 Hz
[    0.266821] mxc_hdmi 20e0000.hdmi_video: Detected HDMI controller 0x13:0xa:0xa0:0xc1
[    0.266880] fbcvt: 1920x1080@60: CVT Name - 2.073M9
[    0.266995] mxc_sdc_fb fb@1: registered mxc display driver hdmi
[    0.282264] mxc_sdc_fb fb@1: 1920x1080 h_sync,r,l: 44,88,148  v_sync,l,u: 5,4,36 pixclock=148500000 Hz
[    0.293169] imx-ipuv3 2400000.ipu: IPU DMFC DP HIGH RESOLUTION: 1(0,1), 5B(2~5), 5F(6,7)
[    0.296839] mxc_sdc_fb fb@2: mxcfb2 is turned off!
[    0.296929] mxc_sdc_fb fb@3: mxcfb3 is turned off!
[    0.298425] imx-sdma 20ec000.sdma: no iram assigned, using external mem
[    0.298844] imx-sdma 20ec000.sdma: no event needs to be remapped
[    0.299149] imx-sdma 20ec000.sdma: loaded firmware 3.3
[    0.301751] imx-sdma 20ec000.sdma: initialized
[    0.303452] pfuze100-regulator 2-0008: Full layer: 2, Metal layer: 1
[    0.304087] pfuze100-regulator 2-0008: FAB: 0, FIN: 0
[    0.304115] pfuze100-regulator 2-0008: pfuze100 found.
[    0.318665] 2020000.serial: ttymxc0 at MMIO 0x2020000 (irq = 26, base_baud = 5000000) is a IMX
[    1.225140] console [ttymxc0] enabled
[    1.229678] 21e8000.serial: ttymxc1 at MMIO 0x21e8000 (irq = 301, base_baud = 5000000) is a IMX
[    1.238934] 21f0000.serial: ttymxc3 at MMIO 0x21f0000 (irq = 302, base_baud = 5000000) is a IMX
[    1.248177] 21f4000.serial: ttymxc4 at MMIO 0x21f4000 (irq = 303, base_baud = 5000000) is a IMX
[    1.258912] [drm] Initialized drm 1.1.0 20060810
[    1.264025] [drm] Initialized vivante 1.0.0 20120216 on minor 0
[    1.278086] brd: module loaded
[    1.286272] loop: module loaded
[    1.290708] ahci-imx 2200000.sata: fsl,transmit-level-mV not specified, using 00000024
[    1.298713] ahci-imx 2200000.sata: fsl,transmit-boost-mdB not specified, using 00000480
[    1.306779] ahci-imx 2200000.sata: fsl,transmit-atten-16ths not specified, using 00002000
[    1.315008] ahci-imx 2200000.sata: fsl,receive-eq-mdB not specified, using 05000000
[    1.326206] ahci-imx 2200000.sata: SSS flag set, parallel bus scan disabled
[    1.333262] ahci-imx 2200000.sata: AHCI 0001.0300 32 slots 1 ports 3 Gbps 0x1 impl platform mode
[    1.342089] ahci-imx 2200000.sata: flags: ncq sntf stag pm led clo only pmp pio slum part ccc apst 
[    1.352577] scsi host0: ahci-imx
[    1.356162] ata1: SATA max UDMA/133 mmio [mem 0x02200000-0x02203fff] port 0x100 irq 313
[    1.367548] spi_imx 2008000.ecspi: probed
[    1.372491] vcan: Virtual CAN interface driver
[    1.377020] CAN device driver interface
[    1.381126] 2090000.flexcan supply xceiver not found, using dummy regulator
[    1.388913] flexcan 2090000.flexcan: device registered (reg_base=e6aa8000, irq=35)
[    1.396667] 2094000.flexcan supply xceiver not found, using dummy regulator
[    1.404369] flexcan 2094000.flexcan: device registered (reg_base=e6ab0000, irq=36)
[    1.413132] 2188000.ethernet supply phy not found, using dummy regulator
[    1.433516] pps pps0: new PPS source ptp0
[    1.438768] libphy: fec_enet_mii_bus: probed
[    1.444847] fec 2188000.ethernet eth0: registered PHC device 0
[    1.450969] PPP generic driver version 2.4.2
[    1.455522] ehci_hcd: USB 2.0 'Enhanced' Host Controller (EHCI) Driver
[    1.462083] ehci-pci: EHCI PCI platform driver
[    1.466640] ehci-mxc: Freescale On-Chip EHCI Host driver
[    1.472185] usbcore: registered new interface driver usb-storage
[    1.478374] usbcore: registered new interface driver usbserial
[    1.484296] usbcore: registered new interface driver usbserial_generic
[    1.490885] usbserial: USB Serial support registered for generic
[    1.496980] usbcore: registered new interface driver ftdi_sio
[    1.502791] usbserial: USB Serial support registered for FTDI USB Serial Device
[    1.510193] usbcore: registered new interface driver option
[    1.515837] usbserial: USB Serial support registered for GSM modem (1-port)
[    1.522862] usbcore: registered new interface driver pl2303
[    1.528507] usbserial: USB Serial support registered for pl2303
[    1.535828] 2184800.usbmisc supply vbus-wakeup not found, using dummy regulator
[    1.554919] ci_hdrc ci_hdrc.1: EHCI Host Controller
[    1.559857] ci_hdrc ci_hdrc.1: new USB bus registered, assigned bus number 1
[    1.583116] ci_hdrc ci_hdrc.1: USB 2.0 started, EHCI 1.00
[    1.589353] hub 1-0:1.0: USB hub found
[    1.593206] hub 1-0:1.0: 1 port detected
[    1.598132] mousedev: PS/2 mouse device common for all mice
[    1.604307] [PENMOUNT] Loading penmount_i2c V1.15.0
[    1.609352] [PENMOUNT] Probing for device ...
[    1.633010] [PENMOUNT] PM2204.D01.1.0.0
[    1.639757] [PENMOUNT] Supports 5 touch contacts
[    1.647281] [PENMOUNT] Supports WD mode
[    1.651137] [PENMOUNT] Supports WP mode
[    1.657874] [PENMOUNT] Use WP mode !
[    1.664342] [PENMOUNT] Sensitivity Level : 0 (max: 2)
[    1.672286] [PENMOUNT] irq already specified !!
[    1.676996] [PENMOUNT] Using IRQ 219
[    1.680833] input: PenMount I2C Touch Screen as /devices/soc0/soc/2100000.aips-bus/21a0000.i2c/i2c-1/1-0038/input/input0
[    1.692254] input: PenMount I2C Touch Key as /devices/soc0/soc/2100000.aips-bus/21a0000.i2c/i2c-1/1-0038/input/input1
[    1.706464] rtc-ds1307 1-0068: rtc core: registered m41t0 as rtc0
[    1.713133] ata1: SATA link down (SStatus 0 SControl 300)
[    1.713302] snvs_rtc 20cc000.snvs:snvs-rtc-lp: rtc core: registered 20cc000.snvs:snvs-r as rtc1
[    1.713439] i2c /dev entries driver
[    1.715200] mxc_v4l2_output v4l2_out: V4L2 device registered as video16
[    1.715357] mxc_v4l2_output v4l2_out: V4L2 device registered as video17
[    1.715522] mxc_v4l2_output v4l2_out: V4L2 device registered as video18
[    1.715676] mxc_v4l2_output v4l2_out: V4L2 device registered as video19
[    1.717804] imx2-wdt 20bc000.wdog: timeout 60 sec (nowayout=0)
[    1.718029] usbcore: registered new interface driver btusb
[    1.718227] sdhci: Secure Digital Host Controller Interface driver
[    1.718229] sdhci: Copyright(c) Pierre Ossman
[    1.718240] sdhci-pltfm: SDHCI platform and OF driver helper
[    1.719168] /soc/aips-bus@02100000/usdhc@02190000: voltage-ranges unspecified
[    1.719198] sdhci-esdhc-imx 2190000.usdhc: Got CD GPIO
[    1.720704] sdhci-esdhc-imx 2190000.usdhc: No vqmmc regulator found
[    1.763248] mmc1: SDHCI controller on 2190000.usdhc [2190000.usdhc] using ADMA
[    1.763873] /soc/aips-bus@02100000/usdhc@02198000: voltage-ranges unspecified
[    1.764304] sdhci-esdhc-imx 2198000.usdhc: No vqmmc regulator found
[    1.813111] mmc0: SDHCI controller on 2198000.usdhc [2198000.usdhc] using ADMA
[    1.827920] mxc_vpu 2040000.vpu_fsl: VPU initialized
[    1.828557] mxc_vdoa 21e4000.vdoa: i.MX Video Data Order Adapter(VDOA) driver probed
[    1.831243] caam 2100000.caam: Entropy delay = 3200
[    1.849329] ahci-imx 2200000.sata: no device found, disabling link.
[    1.855642] ahci-imx 2200000.sata: pass ahci_imx..hotplug=1 to enable hotplug
[    1.888396] mmc0: MAN_BKOPS_EN bit is not set
[    1.892032] caam 2100000.caam: Instantiated RNG4 SH0
[    1.917121] mmc0: new DDR MMC card at address 0001
[    1.922359] mmcblk0: mmc0:0001 Q2J54A 3.59 GiB 
[    1.927086] mmcblk0boot0: mmc0:0001 Q2J54A partition 1 16.0 MiB
[    1.933176] mmcblk0boot1: mmc0:0001 Q2J54A partition 2 16.0 MiB
[    1.940267]  mmcblk0: p1 p2
[    1.952794] caam 2100000.caam: Instantiated RNG4 SH1
[    1.957827] caam 2100000.caam: device ID = 0x0a16010000000000 (Era -524)
[    1.964571] caam 2100000.caam: job rings = 2, qi = 0
[    2.023124] usb 1-1: new high-speed USB device number 2 using ci_hdrc
[    2.028146] caam algorithms registered in /proc/crypto
[    2.033942] caam_jr 2101000.jr0: registering rng-caam
[    2.034847] snvs-secvio 20cc000.caam-snvs: can't get snvs clock
[    2.034905] snvs-secvio 20cc000.caam-snvs: violation handlers armed - non-secure state
[    2.035149] hidraw: raw HID events driver (C) Jiri Kosina
[    2.035361] usbcore: registered new interface driver usbhid
[    2.035364] usbhid: USB HID core driver
[    2.040648] stmpe-adc stmpe-adc: Initialized
[    2.044122] sgtl5000 2-000a: sgtl5000 revision 0x11
[    2.069954] fsl-asrc 2034000.asrc: driver registered
[    2.209113] imx-sgtl5000 sound: sgtl5000 <-> 2028000.ssi mapping ok
[    2.218061] imx-spdif sound-spdif: snd-soc-dummy-dai <-> 2004000.spdif mapping ok
[    2.228559] imx-audio-hdmi sound-hdmi: hdmi-hifi <-> soc:hdmi_audio@00120000 mapping ok
[    2.237286] Netfilter messages via NETLINK v0.30.
[    2.242036] nfnl_acct: registering with nfnetlink.
[    2.246914] nf_conntrack version 0.5.0 (16384 buckets, 65536 max)
[    2.253642] nf_tables: (c) 2007-2009 Patrick McHardy <kaber@trash.net>
[    2.260453] hub 1-1:1.0: USB hub found
[    2.260649] ip_tables: (C) 2000-2006 Netfilter Core Team
[    2.261307] NET: Registered protocol family 10
[    2.262355] ip6_tables: (C) 2000-2006 Netfilter Core Team
[    2.262380] NET: Registered protocol family 17
[    2.262430] bridge: automatic filtering via arp/ip/ip6tables has been deprecated. Update your scripts to load br_netfilter if you need this.
[    2.262459] Bridge firewalling registered
[    2.262476] can: controller area network core (rev 20120528 abi 9)
[    2.262537] NET: Registered protocol family 29
[    2.262571] can: raw protocol (rev 20120528)
[    2.262582] can: broadcast manager protocol (rev 20120528 t)
[    2.262596] can: netlink gateway (rev 20130117) max_hops=1
[    2.262863] Bluetooth: RFCOMM TTY layer initialized
[    2.262879] Bluetooth: RFCOMM socket layer initialized
[    2.262904] Bluetooth: RFCOMM ver 1.11
[    2.262925] Bluetooth: BNEP (Ethernet Emulation) ver 1.3
[    2.262928] Bluetooth: BNEP filters: protocol multicast
[    2.262937] Bluetooth: BNEP socket layer initialized
[    2.262946] Bluetooth: HIDP (Human Interface Emulation) ver 1.2
[    2.262953] Bluetooth: HIDP socket layer initialized
[    2.263020] 8021q: 802.1Q VLAN Support v1.8
[    2.263425] Key type dns_resolver registered
[    2.265842] Registering SWP/SWPB emulation handler
[    2.273672] registered taskstats version 1
[    2.274547] 1ffc000.pcie supply pcie-bus not found, using dummy regulator
[    2.391745] hub 1-1:1.0: 4 ports detected
[    2.673145] usb 1-1.3: new high-speed USB device number 3 using ci_hdrc
[    2.688502] imx6q-pcie 1ffc000.pcie: phy link never came up
[    2.694160] imx6q-pcie 1ffc000.pcie: failed to initialize host
[    2.700138] imx6q-pcie: probe of 1ffc000.pcie failed with error -22
[    2.710397] rtc-ds1307 1-0068: setting system clock to 2018-02-01 13:32:02 UTC (1517491922)
[    2.728900] usb_otg_vbus: disabling
[    2.732669] ALSA device list:
[    2.735748]   #0: imx6q-apalis-sgtl5000
[    2.739607]   #1: imx-spdif
[    2.742419]   #2: imx-hdmi-soc
[    2.754989] EXT4-fs (mmcblk0p2): INFO: recovery required on readonly filesystem
[    2.762342] EXT4-fs (mmcblk0p2): write access will be enabled during recovery
[    3.113659] EXT4-fs (mmcblk0p2): recovery complete
[    3.119351] EXT4-fs (mmcblk0p2): mounted filesystem with ordered data mode. Opts: (null)
[    3.127605] VFS: Mounted root (ext4 filesystem) readonly on device 179:2.
[    3.135333] devtmpfs: mounted
[    3.138663] Freeing unused kernel memory: 372K (80a1f000 - 80a7c000)
[    3.274151] random: systemd urandom read with 20 bits of entropy available
[    3.285763] systemd[1]: systemd 229 running in system mode. (-PAM -AUDIT -SELINUX +IMA -APPARMOR +SMACK +SYSVINIT +UTMP -LIBCRYPTSETUP -GCRYPT -GNUTLS +ACL +XZ -LZ4 -SECCOMP +BLKID -ELFUTILS +KMOD -IDN)
[    3.304869] systemd[1]: Detected architecture arm.

Welcome to Boot to Qt for Embedded Linux 2.1.1 (krogoth)!

[    3.333630] systemd[1]: Set hostname to <b2qt-apalis-imx6>.
[    3.562395] systemd[1]: Listening on Syslog Socket.
[  OK  ] Listening on Syslog Socket.
[    3.583325] systemd[1]: Reached target Remote File Systems.
[  OK  ] Reached target Remote File Systems.
[    3.603511] systemd[1]: Started Forward Password Requests to Wall Directory Watch.
[  OK  ] Started Forward Password Requests to Wall Directory Watch.
[    3.648107] systemd[1]: Listening on Network Service Netlink Socket.
[  OK  ] Listening on Network Service Netlink Socket.
[    3.674127] systemd[1]: Created slice User and Session Slice.
[  OK  ] Created slice User and Session Slice.
[    3.703588] systemd[1]: Listening on udev Kernel Socket.
[  OK  ] Listening on udev Kernel Socket.
[    3.723887] systemd[1]: Created slice System Slice.
[  OK  ] Created slice System Slice.
[    3.743533] systemd[1]: Reached target Slices.
[  OK  ] Reached target Slices.
[    3.763706] systemd[1]: Listening on Journal Socket.
[  OK  ] Listening on Journal Socket.
[    3.787835] systemd[1]: Starting Create list of required static device nodes for the current kernel...
         Starting Create list of required st... nodes for the current kernel...
[    3.810756] systemd[1]: Starting File System Check on Root Device...
         Starting File System Check on Root Device...
[    3.838186] systemd[1]: Mounting Temporary Directory...
         Mounting Temporary Directory...
[    3.852096] systemd[1]: Starting Setup Virtual Console...
         Starting Setup Virtual Console...
[    3.867010] systemd[1]: Mounting Debug File System...
         Mounting Debug File System...
[    3.883815] systemd[1]: Starting Load Kernel Modules...
         [    3.889853] systemd[1]: Created slice system-serial\x2dgetty.slice.
Starting Load Kernel Modules...
[    3.896978] systemd[1]: Listening on udev Control Socket.
[  OK  ] Created slice[    3.904938] systemd[1]: Reached target Swap.
 system-serial\x2dgetty.slice.
[[    3.912058] systemd[1]: Listening on Journal Socket (/dev/log).
  OK  ] Listening on udev Control Socket.
[  O[    3.924011] systemd[1]: Starting Journal Service...
K  ] Reached target Swap.
[   3.931513] systemd[1]: Listening on /dev/initctl Compatibility Named Pipe.
[0;32m  OK  ] Listening on Jo[    3.941493] systemd[1]: Started Dispatch Password Requests to Console Directory Watch.
urnal Socket (/dev/log).
       [    3.951898] systemd[1]: Reached target Paths.
  Starting Journal Service...
[  OK  ] Listening on /[    3.964112] systemd[1]: Mounted Debug File System.
dev/initctl Compatibility Named P[    3.969809] systemd[1]: Mounted Temporary Directory.
ipe.
[  OK  ] Started[    3.979012] systemd[1]: Started Create list of required static device nodes for the current kernel.
 Dispatch Password Requests to Co[    3.990989] systemd[1]: Started Setup Virtual Console.
nsole Directory Watch.
[  OK  ] Reached target Paths.[    4.000816] RTL871X: module init start

[  OK  ] Mounted Deb[    4.006500] RTL871X: rtl8723bu v4.3.6.11_12942.20141204_BTCOEX20140507-4E40
ug File System.
[  OK      4.016340] RTL871X: rtl8723bu BT-Coex version = BTCOEX20140507-4E40
0m] Mounted Temporary Directory.
[  OK  ] Started Create list of required sta...ce nodes for the current kernel.
[  OK  ] Started Setup Virtual Console.
[    4.054568] systemd[1]: Started File System Check on Root Device.
[  OK  ] Started File System Check on Root Device.
[    4.128192] systemd[1]: Started Journal Service.
[  OK  ] Started Journal Service.
         Starting Remount Root and Kernel File Systems...
[    4.184773] EXT4-fs (mmcblk0p2): re-mounted. Opts: (null)
[  OK  ] Started Remount Root and Kernel File Systems.
         Starting Flush Journal to Persistent Storage...
         Starting udev Coldplug all Devices...
         Starting Create Static Device Nodes in /dev...
[  OK  ] Started Create Static Device Nodes in /dev.
[    4.343542] RTL871X: rtw_ndev_init(wlan0)
[    4.348718] RTL871X: rtw_ndev_init(wlan1)
[    4.364046] usbcore: registered new interface driver rtl8723bu
[    4.369935] RTL871X: module init ret=0
[    4.396566] Galcore version 5.0.11.41671
[    4.400657] systemd-journald[201]: Received request to flush runtime journal from PID 1
[  OK  ] Reached target Local File Systems (Pre).
         Mounting /var/volatile...
         Starting udev Kernel Device Manager...
[  OK  ] Mounted /var/volatile.
[  OK  ] Started Flush Journal to Persistent Storage.
[  OK  ] Started udev Kernel Device Manager.
         Starting Load/Save Random Seed...
[  OK  ] Reached target Local File Systems.
         Starting Create Volatile Files and Directories...
[  OK  ] Started Create Volatile Files and Directories.
[  OK  ] Started udev Coldplug all Devices.
[  OK  ] Started Load/Save Random Seed.
[  OK  ] Created slice system-systemd\x2dbacklight.slice.
         Starting Load/Save Screen Backlight...htness of backlight:backlight...
         Starting Update UTMP about System Boot/Shutdown...
         Starting Network Time Synchronization...
[  OK  ] Found device /dev/ttymxc0.
[  OK  ] Started Load/Save Screen Backlight Brightness of backlight:backlight.
[  OK  ] Started Network Time Synchronization.
[    5.320281] tty0tty null modem driver v1.2
[  OK  ] Started Load Kernel Modules.
[  OK  ] Started Update UTMP about System Boot/Shutdown.
[  OK  ] Found device /dev/ttymxc1.
[    5.603633] ov5647_read_reg(mipi):reg=300a ret=-5
[    5.608404] camera ov5647_mipi is not found
[  OK  ] Listening on Load/Save RF Kill[    5.731535] ERROR: v4l2 capture: slave not found!
 Switch Status /dev/rfkill Watch.[    5.731699] ERROR: v4l2 capture: slave not found!

[  OK  ] Reached target Sound Card.
         Starting Apply Kernel Variables...
         Mounting FUSE Control File System...
         Mounting Configuration File System...
[  OK  ] Reached target System Time Synchronized.
[  OK  ] Mounted Configuration File System.
[  OK  ] Mounted FUSE Control File System.
[  OK  ] Started Apply Kernel Variables.
         Starting Load/Save RF Kill Switch Status...
[  OK  ] Reached target System Initialization.
[  OK  ] Listening on RPCbind Server Activation Socket.
[  OK  ] Started Daily Cleanup of Temporary Directories.
[  OK  ] Reached target Timers.
[  OK  ] Listening on dropbear.socket.
[  OK  ] Listening on D-Bus System Message Bus Socket.
[  OK  ] Reached target Sockets.
[  OK  ] Reached target Basic System.
         Starting Login Service...
[  OK  ] Started Kernel Logging Service.
[  OK  ] Started Serial Getty on ttymxc1.
[  OK  ] Started Serial Getty on ttymxc0.
[  OK  ] Reached target Login Prompts.
[  OK  ] Started System Logging Service.
[  OK  ] Started B2Qt user application.
         Starting Save/Restore Sound Card State...
[  OK  ] Started D-Bus System Message Bus.
         Starting Network Service...
         Starting D-BUS Session Message Bus....
[  OK  ] Started Load/Save RF Kill Switch Status.
[  OK  ] Started Save/Restore Sound Card State.
[  OK  ] Started Login Service.
[  OK  ] Started Network Service.
[    6.673174] usb 1-1.1: new high-speed USB device number 4 using ci_hdrc
[  OK  ] Reached target Network.
         Starting Network Time Service...
         Starting ADB Server Daemon...
[  OK  ] Started Network Time Service.
[  OK  ] Started D-BUS Session Message Bus..
[    6.799890] file system registered
[    6.811463] option 1-1.1:1.0: GSM modem (1-port) converter detected
[    6.819214] usb 1-1.1: GSM modem (1-port) converter now attached to ttyUSB0
[    6.829066] option 1-1.1:1.1: GSM modem (1-port) converter detected
[    6.836953] usb 1-1.1: GSM modem (1-port) converter now attached to ttyUSB1
[    6.845811] option 1-1.1:1.2: GSM modem (1-port) converter detected
[  OK  ] Started ADB Se[    6.861140] usb 1-1.1: GSM modem (1-port) converter now attached to ttyUSB2
rver Daemon.
[    6.871314] option 1-1.1:1.3: GSM modem (1-port) converter detected
[    6.878679] usb 1-1.1: GSM modem (1-port) converter now attached to ttyUSB3
[  OK  ] Reached target[    6.889225] option 1-1.1:1.4: GSM modem (1-port) converter detected
 Multi-User System.
[    6.898105] usb 1-1.1: GSM modem (1-port) converter now attached to ttyUSB4
[  OK  ] Started Ujet Cloud Service.
[  OK  ] Started Ujet HTTPD Service.
         Starting Ujet Identify Service...
[  OK  ] Started Ujet Ble Service.
[    6.964739] read descriptors
[    6.967690] read strings
[    6.970319] g_ffs gadget: g_ffs ready
[  OK  ] Started Ujet Bluetooth Audio Service.
         Starting Update UTMP about System Runlevel Changes...
[  OK  ] Started Ujet Telemetry Service.
[  OK  ] Reached target Custom Target.
[  OK  ] Started Update UTMP about System Runlevel Changes.
[    7.187149] flexcan 2090000.flexcan can0: writing ctrl=0x01232084
[  OK  ] Stopped Bluetooth service.
[    8.215658] mxc_sdc_fb fb@0: 800x480 h_sync,r,l: 72,24,96  v_sync,l,u: 7,3,10 pixclock=29500000 Hz
[    9.118329] random: nonblocking pool is initialized

Boot to Qt for Embedded Linux 2.1.1 b2qt-apalis-imx6 ttymxc0

b2qt-apalis-imx6 login: [   13.983529] ci_hdrc ci_hdrc.0: Device No Response

Boot to Qt for Embedded Linux 2.1.1 b2qt-apalis-imx6 ttymxc0

b2qt-apalis-imx6 login: root
root@b2qt-apalis-imx6:~# cd /
root@b2qt-apalis-imx6:/# cat /dev/ttymxc4 &
[1] 438
root@b2qt-apalis-imx6:/# echo ""S"E"T"" > /e dev/ttymxc4
root@b2qt-apalis-imx6:/# SS 001f00
uegiga iWRAP
SET BT LAP 9e8b33
SET BT PAGEMODE 4 2000 1
SET BT PAIR f0:d7:aa:a9:86:1f 23a816e66190c402b693ab7ae1340775
SET BT PAIR 44:04:44:ee:03:df 544bb451ff3dbf7ada5dac0a05c8e0fc
SET BT PAIR 01:01:01:01:05:76 a9171b123abbd9a26a98bf6b44180d0b
SET BT PAIR 60:a4:4c:98:b9:82 739b98318b2b251fa4ac78529d610fe9
SET BT POWER 6 6 6
SET BT ROLE 0 f 2580
SET BT SNIFF 0 20 1 8
SET BT SSP 3 0
O INTERNAL INTERNAL
SET CONTROL BAUD 115200,8n1
SET CONTROL CODEC SBC JOINT_STEREO 44100 0
SET CONTROL CONFIG 0000 0000 0000 1100
SET CONTROL ECHO 7
SET CONTROL ESCAPE 43 00 1
SET CONTROL GAIN 8 8
SET CONTROL MICBIAS b 0
00 00
SET CONTROL PIO 00 00 00
SET CONTROL PREAMP 1 1
SET CONTROL READY 00
SET PROFILE SPP Bluetooth Serial Port
SET

root@b2qt-apalis-imx6:/# echo "SET" > /dev/ttymxc4 C A L L   4 4 : 0 4 : 4 4 : E E : 0 3 : D F   1 1 0 1   R F C O M M
root@b2qt-apalis-imx6:/# CALL 44:04:44:EE:03:DF 1101 RFCOMM
CALL 0
NO CARRIER 0 ERROR 1b04 SDC_NO_RESPONSE_DATA

root@b2qt-apalis-imx6:/# 
root@b2qt-apalis-imx6:/# 
root@b2qt-apalis-imx6:/# echo "CALL 44:04:44:EE:03:DF 1101 RFCOMM" > /dev/ttymxc4
root@b2qt-apalis-imx6:/# CALL 44:04:44:EE:03:DF 1101 RFCOMM
CALL 0
NO CARRIER 0 ERROR 1b04 SDC_NO_RESPONSE_DATA

root@b2qt-apalis-imx6:/# INQUIRY 7 NAME
INQUIRY_PARTIAL e4:46:da:28:66:02 5a020c
INQUIRY_PARTIAL 44:04:44:ee:03:df 5a020c
INQUIRY_PARTIAL 22:22:77:fa:61:aa 08043c
INQUIRY_PARTIAL 4c:49:e3:6e:06:92 5a020c
INQUIRY_PARTIAL 00:1b:10:00:2a:ec 6e0100
INQUIRY_PARTIAL f8:2f:a8:c9:79:12 3e010c
INQUIRY_PARTIAL 88:6b:0f:62:71:88 001f00
INQUIRY 7
INQUIRY e4:46:da:28:66:02 5a020c
INQUIRY 44:04:44:ee:03:df 5a020c
INQUIRY 22:22:77:fa:61:aa 08043c
INQUIRY 4c:49:e3:6e:06:92 5a020c
INQUIRY 00:1b:10:00:2a:ec 6e0100
INQUIRY f8:2f:a8:c9:79:12 3e010c
INQUIRY 88:6b:0f:62:71:88 001f00

root@b2qt-apalis-imx6:/# NAME ERROR 0x104 e4:46:da:28:66:02 HCI_ERROR_PAGE_TIMEOUT
NAME 44:04:44:ee:03:df "Aravinth"
NAME 22:22:77:fa:61:aa "X65-61aa"
NAME 4c:49:e3:6e:06:92 "Garg's Android"
NAME 00:1b:10:00:2a:ec "emb-ban-227-0"

root@b2qt-apalis-imx6:/# echo "CALL 44:04:44:EE:03:DF 1101 RFCOMM" > /dev/ttymxc4
root@b2qt-apalis-imx6:/# CALL 44:04:44:EE:03:DF 1101 RFCOMM
CALL 0
NAME f8:2f:a8:c9:79:12 "INRD-NTB-0008"
NO CARRIER 0 ERROR b01 SDC_CONNECTION_FAILED
NAME 88:6b:0f:62:71:88 "WT32i-AJ"

root@b2qt-apalis-imx6:/# 
root@b2qt-apalis-imx6:/# 
root@b2qt-apalis-imx6:/# echo "CALL 44:04:44:EE:03:DF 1101 RFCOMM" > /dev/ttymxc4
root@b2qt-apalis-imx6:/# CALL 44:04:44:EE:03:DF 1101 RFCOMM
CALL 0
NO CARRIER 0 ERROR 1b04 SDC_NO_RESPONSE_DATA

root@b2qt-apalis-imx6:/# echo "CALL 44:04:44:EE:03:DF 1101 RFCOMM" > /dev/ttymxc4L S E T    B T    P A I R   
root@b2qt-apalis-imx6:/# SET BT PAIR 44:04:44:EE:03:DF

root@b2qt-apalis-imx6:/# 
root@b2qt-apalis-imx6:/# 
root@b2qt-apalis-imx6:/# 
root@b2qt-apalis-imx6:/# 
root@b2qt-apalis-imx6:/# SET BT PAIR 44:04:44:ee:03:df
SET BT PAIR
SET BT PAIR f0:d7:aa:a9:86:1f 23a816e66190c402b693ab7ae1340775
SET BT PAIR 01:01:01:01:05:76 a9171b123abbd9a26a98bf6b44180d0b
SET BT PAIR 60:a4:4c:98:b9:82 739b98318b2b251fa4ac78529d610fe9
SET

root@b2qt-apalis-imx6:/# 
root@b2qt-apalis-imx6:/# 
root@b2qt-apalis-imx6:/# SET BT PAIR f0:d7:aa:a9:86:1f
SET BT PAIR
SET BT PAIR 01:01:01:01:05:76 a9171b123abbd9a26a98bf6b44180d0b
SET BT PAIR 60:a4:4c:98:b9:82 739b98318b2b251fa4ac78529d610fe9
SET
SET BT PAIR 60:a4:4c:98:b9:82
SET BT PAIR
SET BT PAIR 01:01:01:01:05:76 a9171b123abbd9a26a98bf6b44180d0b
SET
SET BT PAIR 01:01:01:01:05:76
SET BT PAIR
SET
SET BT PAIR 01:01:01:01:05:76
SET BT PAIR
SET
SET BT PAIR 60:a4:4c:98:b9:82
SSET
ALL 44:04:44:ee:03:df 111F HFP
CALL 0
CALL 44:04:44:ee:03:df 19 A2DP
CALL 1
CALL 44:04:44:ee:03:df 17 AVRCP
CALL 2
CALL 44:04:44:ee:03:df 112F PBAP
CALL 3
NO CARRIER 3 ERROR 1 BOCK_ERR_RESOURCES

root@b2qt-apalis-imx6:/# 
root@b2qt-apalis-imx6:/# 
root@b2qt-apalis-imx6:/# 
root@b2qt-apalis-imx6:/# 
root@b2qt-apalis-imx6:/# 
root@b2qt-apalis-imx6:/# NO CARRIER 2 ERROR 9004 L2CAP_CONNECTION_REJ_RESOURCES
CONNECT 1 A2DP 19
CONNECT 0 HFP 2
NO CARRIER 1 ERROR 0 
CALL 44:04:44:ee:03:df 111F HFP
CALL 1
CALL 44:04:44:ee:03:df 19 A2DP
CALL 2
CALL 44:04:44:ee:03:df 17 AVRCP
CALL 3
CALL 44:04:44:ee:03:df 112F PBAP
CALL 4
NO CARRIER 4 ERROR 1 BOCK_ERR_RESOURCES
CONNECT 2 A2DP 19
CONNECT 3 AVRCP 17
NO CARRIER 2 ERROR 0 
NO CARRIER 1 ERROR 1407 RFC_CHANNEL_ALREADY_EXISTS
NO CARRIER 0 ERROR 0 
CALL 44:04:44:ee:03:df 111F HFP
CALL 0
CALL 44:04:44:ee:03:df 19 A2DP
CALL 1
CALL 44:04:44:ee:03:df 17 AVRCP
CALL 2
CALL 44:04:44:ee:03:df 112F PBAP
CALL 4
NO CARRIER 4 ERROR 1 BOCK_ERR_RESOURCES
CONNECT 1 A2DP 19
NO CARRIER 2 ERROR 9004 L2CAP_CONNECTION_REJ_RESOURCES
NO CARRIER 1 ERROR 0 
CONNECT 0 HFP 2
NO CARRIER 0 ERROR 0 
CALL 44:04:44:ee:03:df 111F HFP
CALL 0
CALL 44:04:44:ee:03:df 19 A2DP
CALL 1
CALL 44:04:44:ee:03:df 17 AVRCP
CALL 2
CALL 44:04:44:ee:03:df 112F PBAP
CALL 4
NO CARRIER 4 ERROR 1 BOCK_ERR_RESOURCES
CONNECT 1 A2DP 19
CONNECT 2 AVRCP 17
NO CARRIER 1 ERROR 0 
CONNECT 0 HFP 2
NO CARRIER 0 ERROR 0 

root@b2qt-apalis-imx6:/# 
root@b2qt-apalis-imx6:/# 
root@b2qt-apalis-imx6:/# 
root@b2qt-apalis-imx6:/# 
root@b2qt-apalis-imx6:/# 
root@b2qt-apalis-imx6:/# 
root@b2qt-apalis-imx6:/# 
root@b2qt-apalis-imx6:/# echo "SET BT PAIR 44:04:44:EE:03:DF" > /dev/ttymxc4root@b2qt-apalis-imx6:/# echo "     CALL 44:04:44:EE:03:DF 1101 RFCOMM" > /dev/ttymxc4root@b2qt-apalis-imx6:/# echo "SET BT PAIR 44:04:44:EE:03:DF" > /dev/ttymxc4 C A L L   4 4 : 0 4 : 4 4 : e e : 0 3 : d f   1 9   A 2 D P
root@b2qt-apalis-imx6:/# CALL 44:04:44:ee:03:df 19 A2DP
CALL 0
CONNECT 0 A2DP 19
NO CARRIER 0 ERROR 0 

root@b2qt-apalis-imx6:/# 
root@b2qt-apalis-imx6:/# 
root@b2qt-apalis-imx6:/# 
root@b2qt-apalis-imx6:/# 
root@b2qt-apalis-imx6:/# 
root@b2qt-apalis-imx6:/# CALL 44:04:44:ee:03:df 111F HFP
CALL 0
CALL 44:04:44:ee:03:df 19 A2DP
CALL 1
CALL 44:04:44:ee:03:df 17 AVRCP
CALL 4
CALL 44:04:44:ee:03:df 112F PBAP
CALL 5
NO CARRIER 5 ERROR 1 BOCK_ERR_RESOURCES
CONNECT 1 A2DP 19
NO CARRIER 4 ERROR 9004 L2CAP_CONNECTION_REJ_RESOURCES
NO CARRIER 1 ERROR 0 
CONNECT 0 HFP 2

root@b2qt-apalis-imx6:/# 
root@b2qt-apalis-imx6:/# 
root@b2qt-apalis-imx6:/# 
root@b2qt-apalis-imx6:/# 
root@b2qt-apalis-imx6:/# 
root@b2qt-apalis-imx6:/# NO CARRIER 0 ERROR 0 
NO CARRIER 2 ERROR a80c L2CAP_DISCONNECT_LINK_LOSS
NO CARRIER 3 ERROR a80c L2CAP_DISCONNECT_LINK_LOSS

root@b2qt-apalis-imx6:/# 
root@b2qt-apalis-imx6:/# 
root@b2qt-apalis-imx6:/# 
root@b2qt-apalis-imx6:/# 
root@b2qt-apalis-imx6:/# CALL 44:04:44:ee:03:df 111F HFP
CALL 0
CALL 44:04:44:ee:03:df 19 A2DP
CALL 1
CALL 44:04:44:ee:03:df 17 AVRCP
CALL 2
CALL 44:04:44:ee:03:df 112F PBAP
CALL 3
NO CARRIER 3 ERROR 1 BOCK_ERR_RESOURCES
NO CARRIER 2 ERROR 9004 L2CAP_CONNECTION_REJ_RESOURCES
CONNECT 1 A2DP 19
CONNECT 0 HFP 2
NO CARRIER 1 ERROR 0 

root@b2qt-apalis-imx6:/# 
root@b2qt-apalis-imx6:/# 
root@b2qt-apalis-imx6:/# 
root@b2qt-apalis-imx6:/# 

U-Boot 2016.11+fslc+g80c3bd6 (Jan 02 2018 - 11:32:06 +0100)

CPU:   Freescale i.MX6Q rev1.5 at 792 MHz
Reset cause: POR
I2C:   ready
DRAM:  2 GiB
PMIC:  device id: 0x10, revision id: 0x21, programmed
šMC:   FSL_SDHC: 0, FSL_SDHC: 1, FSL_SDHC: 2
auto-detected panel vga-rgb
Display: vga-rgb (640x480)
In:    serial
Out:   serial
Err:   serial
Model: Toradex Apalis iMX6 Quad 2GB IT V1.1C, Serial# 05139699
Net:   using PHY at 7
FEC [PRIME]
Hit any key to stop autoboot:  1  0 
Booting from internal eMMC chip...
reading imx6q-apalis-ixora-v1_1.dtb
48970 bytes read in 22 ms (2.1 MiB/s)
reading uImage
5943928 bytes read in 172 ms (33 MiB/s)
## Booting kernel from Legacy Image at 11000000 ...
   Image Name:   Linux-4.1.41-v2.7b1+g82f0f4f
   Image Type:   ARM Linux Kernel Image (uncompressed)
   Data Size:    5943864 Bytes = 5.7 MiB
   Load Address: 10008000
   Entry Point:  10008000
   Verifying Checksum ... OK
## Flattened Device Tree blob at 12000000
   Booting using the fdt blob at 0x12000000
   Loading Kernel Image ... OK
   Using Device Tree in place at 12000000, end 1200ef49

Starting kernel ...

[    0.000000] Booting Linux on physical CPU 0x0
[    0.000000] Initializing cgroup subsys cpu
[    0.000000] Initializing cgroup subsys cpuacct
[    0.000000] Linux version 4.1.41-v2.7b1+g82f0f4f (behlingc@mplan-ubuntu-1610-dev) (gcc version 5.3.0 (GCC) ) #1 SMP Wed Jan 31 17:39:36 CET 2018
[    0.000000] CPU: ARMv7 Processor [412fc09a] revision 10 (ARMv7), cr=10c5387d
[    0.000000] CPU: PIPT / VIPT nonaliasing data cache, VIPT aliasing instruction cache
[    0.000000] Machine model: Toradex Apalis iMX6Q/D Module on Ixora V1.1 Carrier Board
[    0.000000] Reserved memory: created CMA memory pool at 0x62000000, size 320 MiB
[    0.000000] Reserved memory: initialized node linux,cma, compatible id shared-dma-pool
[    0.000000] Memory policy: Data cache writealloc
[    0.000000] PERCPU: Embedded 12 pages/cpu @d0efd000 s16908 r8192 d24052 u49152
[    0.000000] Built 1 zonelists in Zone order, mobility grouping on.  Total pages: 521024
[    0.000000] Kernel command line: enable_wait_mode=off vmalloc=400M ip=off root=/dev/mmcblk0p2 rw,noatime rootfstype=ext4 rootwait fec_mac=00:14:2d:4e:6c:f3 consoleblank=0 no_console_suspend=1 console=tty1 console=ttymxc0,115200n8 mxc_hdmi.only_cea=1 video=mxcfb1:dev=hdmi,1920x1080M@60,if=RGB24 video=mxcfb0:dev=ldb,800x480M@60,if=RGB666 video=mxcfb2:off video=mxcfb3:off fbmem=32M
[    0.000000] PID hash table entries: 4096 (order: 2, 16384 bytes)
[    0.000000] Dentry cache hash table entries: 262144 (order: 8, 1048576 bytes)
[    0.000000] Inode-cache hash table entries: 131072 (order: 7, 524288 bytes)
[    0.000000] Memory: 1738972K/2097152K available (7679K kernel code, 330K rwdata, 2648K rodata, 372K init, 423K bss, 30500K reserved, 327680K cma-reserved, 425984K highmem)
[    0.000000] Virtual kernel memory layout:
[    0.000000]     vector  : 0xffff0000 - 0xffff1000   (   4 kB)
[    0.000000]     fixmap  : 0xffc00000 - 0xfff00000   (3072 kB)
[    0.000000]     vmalloc : 0xe6800000 - 0xff000000   ( 392 MB)
[    0.000000]     lowmem  : 0x80000000 - 0xe6000000   (1632 MB)
[    0.000000]     pkmap   : 0x7fe00000 - 0x80000000   (   2 MB)
[    0.000000]     modules : 0x7f000000 - 0x7fe00000   (  14 MB)
[    0.000000]       .text : 0x80008000 - 0x80a1e0a4   (10329 kB)
[    0.000000]       .init : 0x80a1f000 - 0x80a7c000   ( 372 kB)
[    0.000000]       .data : 0x80a7c000 - 0x80ace8c0   ( 331 kB)
[    0.000000]        .bss : 0x80ad1000 - 0x80b3ae1c   ( 424 kB)
[    0.000000] SLUB: HWalign=64, Order=0-3, MinObjects=0, CPUs=4, Nodes=1
[    0.000000] Hierarchical RCU implementation.
[    0.000000] NR_IRQS:16 nr_irqs:16 16
[    0.000000] L2C-310 erratum 769419 enabled
[    0.000000] L2C-310 enabling early BRESP for Cortex-A9
[    0.000000] L2C-310 full line of zeros enabled for Cortex-A9
[    0.000000] L2C-310 ID prefetch enabled, offset 16 lines
[    0.000000] L2C-310 dynamic clock gating enabled, standby mode enabled
[    0.000000] L2C-310 cache controller enabled, 16 ways, 1024 kB
[    0.000000] L2C-310: CACHE_ID 0x410000c7, AUX_CTRL 0x76470001
[    0.000000] mxc_clocksource_init 3000000
[    0.000000] Switching to timer-based delay loop, resolution 333ns
[    0.000006] sched_clock: 32 bits at 3000kHz, resolution 333ns, wraps every 715827882841ns
[    0.000024] clocksource mxc_timer1: mask: 0xffffffff max_cycles: 0xffffffff, max_idle_ns: 637086815595 ns
[    0.001235] Console: colour dummy device 80x30
[    0.001883] console [tty1] enabled
[    0.001913] Calibrating delay loop (skipped), value calculated using timer frequency.. 6.00 BogoMIPS (lpj=30000)
[    0.001953] pid_max: default: 32768 minimum: 301
[    0.002068] Mount-cache hash table entries: 4096 (order: 2, 16384 bytes)
[    0.002097] Mountpoint-cache hash table entries: 4096 (order: 2, 16384 bytes)
[    0.002680] Initializing cgroup subsys freezer
[    0.002719] Initializing cgroup subsys debug
[    0.002772] CPU: Testing write buffer coherency: ok
[    0.003050] Setting up static identity map for 0x10008280 - 0x100082d8
[    0.006354] Brought up 4 CPUs
[    0.006388] SMP: Total of 4 processors activated (24.00 BogoMIPS).
[    0.006410] CPU: All CPU(s) started in SVC mode.
[    0.006922] devtmpfs: initialized
[    0.019471] VFP support v0.3: implementor 41 architecture 3 part 30 variant 9 rev 4
[    0.019917] clocksource jiffies: mask: 0xffffffff max_cycles: 0xffffffff, max_idle_ns: 19112604462750000 ns
[    0.019974] futex hash table entries: 1024 (order: 4, 65536 bytes)
[    0.039747] pinctrl core: initialized pinctrl subsystem
[    0.041013] NET: Registered protocol family 16
[    0.049394] DMA: preallocated 256 KiB pool for atomic coherent allocations
[    0.079656] cpuidle: using governor ladder
[    0.109653] cpuidle: using governor menu
[    0.110048] CPU identified as i.MX6Q, silicon rev 1.5
[    0.134635] hw-breakpoint: found 5 (+1 reserved) breakpoint and 1 watchpoint registers.
[    0.134685] hw-breakpoint: maximum watchpoint size is 4 bytes.
[    0.135806] imx6q-pinctrl 20e0000.iomuxc: initialized IMX pinctrl driver
[    0.137797] imx-gpc 20dc000.gpc: no fsl,ldo-bypass found!
[    0.148026] mxs-dma 110000.dma-apbh: initialized
[    0.150561] usb_host_vbus: supplied by usb_host_vbus_hub
[    0.150920] vgaarb: loaded
[    0.151745] SCSI subsystem initialized
[    0.152281] usbcore: registered new interface driver usbfs
[    0.152377] usbcore: registered new interface driver hub
[    0.152484] usbcore: registered new device driver usb
[    0.152716] 2000000.aips-bus:usbphy_nop1 supply vcc not found, using dummy regulator
[    0.152896] 2000000.aips-bus:usbphy_nop2 supply vcc not found, using dummy regulator
[    0.153675] i2c-gpio i2c@0: using pins 80 (SDA) and 62 (SCL)
[    0.154533] i2c i2c-1: IMX I2C adapter registered
[    0.154571] i2c i2c-1: can't use DMA
[    0.156139] stmpe-i2c 2-0041: stmpe811 detected, chip id: 0x811
[    0.158072] i2c i2c-2: IMX I2C adapter registered
[    0.158108] i2c i2c-2: can't use DMA
[    0.158586] i2c i2c-3: IMX I2C adapter registered
[    0.158621] i2c i2c-3: can't use DMA
[    0.158786] Linux video capture interface: v2.00
[    0.158858] pps_core: LinuxPPS API ver. 1 registered
[    0.158881] pps_core: Software ver. 5.3.6 - Copyright 2005-2007 Rodolfo Giometti <giometti@linux.it>
[    0.158934] PTP clock support registered
[    0.179705] imx-ipuv3 2400000.ipu: IPU DMFC NORMAL mode: 1(0~1), 5B(4,5), 5F(6,7)
[    0.199700] imx-ipuv3 2800000.ipu: IPU DMFC NORMAL mode: 1(0~1), 5B(4,5), 5F(6,7)
[    0.200633] mxc_mipi_csi2 21dc000.mipi_csi: i.MX MIPI CSI2 driver probed ipu0 csi1
[    0.200678] mxc_mipi_csi2 21dc000.mipi_csi: i.MX MIPI CSI2 dphy version is 0x3130302a
[    0.200789] MIPI CSI2 driver module loaded
[    0.201079] Advanced Linux Sound Architecture Driver Initialized.
[    0.202324] Bluetooth: Core ver 2.20
[    0.202388] NET: Registered protocol family 31
[    0.202410] Bluetooth: HCI device and connection manager initialized
[    0.202439] Bluetooth: HCI socket layer initialized
[    0.202472] Bluetooth: L2CAP socket layer initialized
[    0.202515] Bluetooth: SCO socket layer initialized
[    0.203112] Switched to clocksource mxc_timer1
[    0.213920] NET: Registered protocol family 2
[    0.214700] TCP established hash table entries: 16384 (order: 4, 65536 bytes)
[    0.214869] TCP bind hash table entries: 16384 (order: 5, 131072 bytes)
[    0.215132] TCP: Hash tables configured (established 16384 bind 16384)
[    0.215231] UDP hash table entries: 1024 (order: 3, 32768 bytes)
[    0.215323] UDP-Lite hash table entries: 1024 (order: 3, 32768 bytes)
[    0.215595] NET: Registered protocol family 1
[    0.215928] RPC: Registered named UNIX socket transport module.
[    0.215959] RPC: Registered udp transport module.
[    0.215982] RPC: Registered tcp transport module.
[    0.216002] RPC: Registered tcp NFSv4.1 backchannel transport module.
[    0.216787] CPU PMU: Failed to parse /soc/pmu/interrupt-affinity[0]
[    0.216855] hw perfevents: enabled with armv7_cortex_a9 PMU driver, 7 counters available
[    0.217898] imx rpmsg driver is registered.
[    0.218949] Bus freq driver module loaded
[    0.225947] VFS: Disk quotas dquot_6.6.0
[    0.226145] VFS: Dquot-cache hash table entries: 1024 (order 0, 4096 bytes)
[    0.227199] squashfs: version 4.0 (2009/01/31) Phillip Lougher
[    0.227990] NFS: Registering the id_resolver key type
[    0.228046] Key type id_resolver registered
[    0.228069] Key type id_legacy registered
[    0.228114] nfs4filelayout_init: NFSv4 File Layout Driver Registering...
[    0.228656] ntfs: driver 2.1.32 [Flags: R/W].
[    0.229139] fuse init (API version 7.23)
[    0.233337] bounce: pool size: 64 pages
[    0.233380] io scheduler noop registered
[    0.233406] io scheduler deadline registered
[    0.233575] io scheduler cfq registered (default)
[    0.236310] backlight supply power not found, using dummy regulator
[    0.237928] MIPI DSI driver module loaded
[    0.239312] 20e0000.hdmi_video supply HDMI not found, using dummy regulator
[    0.240785] fbcvt: 800x480@60: CVT Name - .384M9
[    0.240833] mxc_sdc_fb fb@0: registered mxc display driver ldb
[    0.245390] mxc_sdc_fb fb@0: 800x480 h_sync,r,l: 72,24,96  v_sync,l,u: 7,3,10 pixclock=29500000 Hz
[    0.266909] mxc_hdmi 20e0000.hdmi_video: Detected HDMI controller 0x13:0xa:0xa0:0xc1
[    0.266969] fbcvt: 1920x1080@60: CVT Name - 2.073M9
[    0.267089] mxc_sdc_fb fb@1: registered mxc display driver hdmi
[    0.282229] mxc_sdc_fb fb@1: 1920x1080 h_sync,r,l: 44,88,148  v_sync,l,u: 5,4,36 pixclock=148500000 Hz
[    0.293193] imx-ipuv3 2400000.ipu: IPU DMFC DP HIGH RESOLUTION: 1(0,1), 5B(2~5), 5F(6,7)
[    0.296849] mxc_sdc_fb fb@2: mxcfb2 is turned off!
[    0.296943] mxc_sdc_fb fb@3: mxcfb3 is turned off!
[    0.298448] imx-sdma 20ec000.sdma: no iram assigned, using external mem
[    0.298872] imx-sdma 20ec000.sdma: no event needs to be remapped
[    0.299177] imx-sdma 20ec000.sdma: loaded firmware 3.3
[    0.301778] imx-sdma 20ec000.sdma: initialized
[    0.303457] pfuze100-regulator 2-0008: Full layer: 2, Metal layer: 1
[    0.304071] pfuze100-regulator 2-0008: FAB: 0, FIN: 0
[    0.304097] pfuze100-regulator 2-0008: pfuze100 found.
[    0.318272] 2020000.serial: ttymxc0 at MMIO 0x2020000 (irq = 26, base_baud = 5000000) is a IMX
[    1.224773] console [ttymxc0] enabled
[    1.229324] 21e8000.serial: ttymxc1 at MMIO 0x21e8000 (irq = 301, base_baud = 5000000) is a IMX
[    1.238584] 21f0000.serial: ttymxc3 at MMIO 0x21f0000 (irq = 302, base_baud = 5000000) is a IMX
[    1.247824] 21f4000.serial: ttymxc4 at MMIO 0x21f4000 (irq = 303, base_baud = 5000000) is a IMX
[    1.258563] [drm] Initialized drm 1.1.0 20060810
[    1.263679] [drm] Initialized vivante 1.0.0 20120216 on minor 0
[    1.277743] brd: module loaded
[    1.285934] loop: module loaded
[    1.290373] ahci-imx 2200000.sata: fsl,transmit-level-mV not specified, using 00000024
[    1.298375] ahci-imx 2200000.sata: fsl,transmit-boost-mdB not specified, using 00000480
[    1.306440] ahci-imx 2200000.sata: fsl,transmit-atten-16ths not specified, using 00002000
[    1.314672] ahci-imx 2200000.sata: fsl,receive-eq-mdB not specified, using 05000000
[    1.325810] ahci-imx 2200000.sata: SSS flag set, parallel bus scan disabled
[    1.332830] ahci-imx 2200000.sata: AHCI 0001.0300 32 slots 1 ports 3 Gbps 0x1 impl platform mode
[    1.341687] ahci-imx 2200000.sata: flags: ncq sntf stag pm led clo only pmp pio slum part ccc apst 
[    1.352184] scsi host0: ahci-imx
[    1.355764] ata1: SATA max UDMA/133 mmio [mem 0x02200000-0x02203fff] port 0x100 irq 313
[    1.367145] spi_imx 2008000.ecspi: probed
[    1.372095] vcan: Virtual CAN interface driver
[    1.376623] CAN device driver interface
[    1.380734] 2090000.flexcan supply xceiver not found, using dummy regulator
[    1.388528] flexcan 2090000.flexcan: device registered (reg_base=e6aa8000, irq=35)
[    1.396285] 2094000.flexcan supply xceiver not found, using dummy regulator
[    1.403986] flexcan 2094000.flexcan: device registered (reg_base=e6ab0000, irq=36)
[    1.412705] 2188000.ethernet supply phy not found, using dummy regulator
[    1.433526] pps pps0: new PPS source ptp0
[    1.438780] libphy: fec_enet_mii_bus: probed
[    1.444866] fec 2188000.ethernet eth0: registered PHC device 0
[    1.450989] PPP generic driver version 2.4.2
[    1.455540] ehci_hcd: USB 2.0 'Enhanced' Host Controller (EHCI) Driver
[    1.462100] ehci-pci: EHCI PCI platform driver
[    1.466659] ehci-mxc: Freescale On-Chip EHCI Host driver
[    1.472199] usbcore: registered new interface driver usb-storage
[    1.478387] usbcore: registered new interface driver usbserial
[    1.484306] usbcore: registered new interface driver usbserial_generic
[    1.490896] usbserial: USB Serial support registered for generic
[    1.496985] usbcore: registered new interface driver ftdi_sio
[    1.502800] usbserial: USB Serial support registered for FTDI USB Serial Device
[    1.510211] usbcore: registered new interface driver option
[    1.515857] usbserial: USB Serial support registered for GSM modem (1-port)
[    1.522884] usbcore: registered new interface driver pl2303
[    1.528530] usbserial: USB Serial support registered for pl2303
[    1.535835] 2184800.usbmisc supply vbus-wakeup not found, using dummy regulator
[    1.554983] ci_hdrc ci_hdrc.1: EHCI Host Controller
[    1.559920] ci_hdrc ci_hdrc.1: new USB bus registered, assigned bus number 1
[    1.583147] ci_hdrc ci_hdrc.1: USB 2.0 started, EHCI 1.00
[    1.589368] hub 1-0:1.0: USB hub found
[    1.593225] hub 1-0:1.0: 1 port detected
[    1.598158] mousedev: PS/2 mouse device common for all mice
[    1.604357] [PENMOUNT] Loading penmount_i2c V1.15.0
[    1.609403] [PENMOUNT] Probing for device ...
[    1.633081] [PENMOUNT] PM2204.D01.1.0.0
[    1.639835] [PENMOUNT] Supports 5 touch contacts
[    1.647359] [PENMOUNT] Supports WD mode
[    1.651215] [PENMOUNT] Supports WP mode
[    1.657954] [PENMOUNT] Use WP mode !
[    1.664423] [PENMOUNT] Sensitivity Level : 0 (max: 2)
[    1.672365] [PENMOUNT] irq already specified !!
[    1.677073] [PENMOUNT] Using IRQ 219
[    1.680899] input: PenMount I2C Touch Screen as /devices/soc0/soc/2100000.aips-bus/21a0000.i2c/i2c-1/1-0038/input/input0
[    1.692319] input: PenMount I2C Touch Key as /devices/soc0/soc/2100000.aips-bus/21a0000.i2c/i2c-1/1-0038/input/input1
[    1.706513] rtc-ds1307 1-0068: rtc core: registered m41t0 as rtc0
[    1.713160] ata1: SATA link down (SStatus 0 SControl 300)
[    1.713324] snvs_rtc 20cc000.snvs:snvs-rtc-lp: rtc core: registered 20cc000.snvs:snvs-r as rtc1
[    1.713462] i2c /dev entries driver
[    1.715213] mxc_v4l2_output v4l2_out: V4L2 device registered as video16
[    1.715373] mxc_v4l2_output v4l2_out: V4L2 device registered as video17
[    1.715539] mxc_v4l2_output v4l2_out: V4L2 device registered as video18
[    1.715700] mxc_v4l2_output v4l2_out: V4L2 device registered as video19
[    1.717821] imx2-wdt 20bc000.wdog: timeout 60 sec (nowayout=0)
[    1.718046] usbcore: registered new interface driver btusb
[    1.718246] sdhci: Secure Digital Host Controller Interface driver
[    1.718249] sdhci: Copyright(c) Pierre Ossman
[    1.718256] sdhci-pltfm: SDHCI platform and OF driver helper
[    1.719176] /soc/aips-bus@02100000/usdhc@02190000: voltage-ranges unspecified
[    1.719206] sdhci-esdhc-imx 2190000.usdhc: Got CD GPIO
[    1.720713] sdhci-esdhc-imx 2190000.usdhc: No vqmmc regulator found
[    1.763280] mmc1: SDHCI controller on 2190000.usdhc [2190000.usdhc] using ADMA
[    1.765948] /soc/aips-bus@02100000/usdhc@02198000: voltage-ranges unspecified
[    1.766380] sdhci-esdhc-imx 2198000.usdhc: No vqmmc regulator found
[    1.803147] mmc0: SDHCI controller on 2198000.usdhc [2198000.usdhc] using ADMA
[    1.818052] mxc_vpu 2040000.vpu_fsl: VPU initialized
[    1.822694] mxc_vdoa 21e4000.vdoa: i.MX Video Data Order Adapter(VDOA) driver probed
[    1.844439] ahci-imx 2200000.sata: no device found, disabling link.
[    1.844998] caam 2100000.caam: Entropy delay = 3200
[    1.845024] caam 2100000.caam: Instantiated RNG4 SH0
[    1.860632] ahci-imx 2200000.sata: pass ahci_imx..hotplug=1 to enable hotplug
[    1.888381] mmc0: MAN_BKOPS_EN bit is not set
[    1.905790] caam 2100000.caam: Instantiated RNG4 SH1
[    1.910803] caam 2100000.caam: device ID = 0x0a16010000000000 (Era -524)
[    1.917563] caam 2100000.caam: job rings = 2, qi = 0
[    1.923599] usb 1-1: new high-speed USB device number 2 using ci_hdrc
[    1.923917] mmc0: new DDR MMC card at address 0001
[    1.935001] mmcblk0: mmc0:0001 Q2J54A 3.59 GiB 
[    1.939684] mmcblk0boot0: mmc0:0001 Q2J54A partition 1 16.0 MiB
[    1.945811] mmcblk0boot1: mmc0:0001 Q2J54A partition 2 16.0 MiB
[    1.952821]  mmcblk0: p1 p2
[    1.988859] caam algorithms registered in /proc/crypto
[    1.998079] caam_jr 2101000.jr0: registering rng-caam
[    2.004117] snvs-secvio 20cc000.caam-snvs: can't get snvs clock
[    2.010126] snvs-secvio 20cc000.caam-snvs: violation handlers armed - non-secure state
[    2.018332] hidraw: raw HID events driver (C) Jiri Kosina
[    2.023994] usbcore: registered new interface driver usbhid
[    2.029592] usbhid: USB HID core driver
[    2.038949] stmpe-adc stmpe-adc: Initialized
[    2.046780] sgtl5000 2-000a: sgtl5000 revision 0x11
[    2.078092] fsl-asrc 2034000.asrc: driver registered
[    2.084357] hub 1-1:1.0: USB hub found
[    2.088303] hub 1-1:1.0: 4 ports detected
[    2.222643] imx-sgtl5000 sound: sgtl5000 <-> 2028000.ssi mapping ok
[    2.231662] imx-spdif sound-spdif: snd-soc-dummy-dai <-> 2004000.spdif mapping ok
[    2.242171] imx-audio-hdmi sound-hdmi: hdmi-hifi <-> soc:hdmi_audio@00120000 mapping ok
[    2.250970] Netfilter messages via NETLINK v0.30.
[    2.255750] nfnl_acct: registering with nfnetlink.
[    2.260578] nf_conntrack version 0.5.0 (16384 buckets, 65536 max)
[    2.267223] nf_tables: (c) 2007-2009 Patrick McHardy <kaber@trash.net>
[    2.274210] ip_tables: (C) 2000-2006 Netfilter Core Team
[    2.280211] NET: Registered protocol family 10
[    2.285723] ip6_tables: (C) 2000-2006 Netfilter Core Team
[    2.291175] NET: Registered protocol family 17
[    2.295790] bridge: automatic filtering via arp/ip/ip6tables has been deprecated. Update your scripts to load br_netfilter if you need this.
[    2.308536] Bridge firewalling registered
[    2.312607] can: controller area network core (rev 20120528 abi 9)
[    2.318897] NET: Registered protocol family 29
[    2.323453] can: raw protocol (rev 20120528)
[    2.327776] can: broadcast manager protocol (rev 20120528 t)
[    2.333491] can: netlink gateway (rev 20130117) max_hops=1
[    2.339272] Bluetooth: RFCOMM TTY layer initialized
[    2.344248] Bluetooth: RFCOMM socket layer initialized
[    2.349452] Bluetooth: RFCOMM ver 1.11
[    2.353294] Bluetooth: BNEP (Ethernet Emulation) ver 1.3
[    2.358631] Bluetooth: BNEP filters: protocol multicast
[    2.363906] Bluetooth: BNEP socket layer initialized
[    2.368899] Bluetooth: HIDP (Human Interface Emulation) ver 1.2
[    2.374860] Bluetooth: HIDP socket layer initialized
[    2.379910] 8021q: 802.1Q VLAN Support v1.8
[    2.384482] Key type dns_resolver registered
[    2.390732] Registering SWP/SWPB emulation handler
[    2.396254] registered taskstats version 1
[    2.401240] 1ffc000.pcie supply pcie-bus not found, using dummy regulator
[    2.821101] imx6q-pcie 1ffc000.pcie: phy link never came up
[    2.826773] imx6q-pcie 1ffc000.pcie: failed to initialize host
[    2.826791] usb 1-1.3: new high-speed USB device number 3 using ci_hdrc
[    2.839425] imx6q-pcie: probe of 1ffc000.pcie failed with error -22
[    2.849768] rtc-ds1307 1-0068: setting system clock to 2018-02-01 13:50:31 UTC (1517493031)
[    2.868221] usb_otg_vbus: disabling
[    2.872017] ALSA device list:
[    2.875061]   #0: imx6q-apalis-sgtl5000
[    2.878920]   #1: imx-spdif
[    2.881732]   #2: imx-hdmi-soc
[    2.896319] EXT4-fs (mmcblk0p2): INFO: recovery required on readonly filesystem
[    2.903744] EXT4-fs (mmcblk0p2): write access will be enabled during recovery
[    3.268869] EXT4-fs (mmcblk0p2): recovery complete
[    3.274596] EXT4-fs (mmcblk0p2): mounted filesystem with ordered data mode. Opts: (null)
[    3.282810] VFS: Mounted root (ext4 filesystem) readonly on device 179:2.
[    3.290540] devtmpfs: mounted
[    3.293902] Freeing unused kernel memory: 372K (80a1f000 - 80a7c000)
[    3.434772] random: systemd urandom read with 21 bits of entropy available
[    3.446228] systemd[1]: systemd 229 running in system mode. (-PAM -AUDIT -SELINUX +IMA -APPARMOR +SMACK +SYSVINIT +UTMP -LIBCRYPTSETUP -GCRYPT -GNUTLS +ACL +XZ -LZ4 -SECCOMP +BLKID -ELFUTILS +KMOD -IDN)
[    3.465262] systemd[1]: Detected architecture arm.

Welcome to Boot to Qt for Embedded Linux 2.1.1 (krogoth)!

[    3.493673] systemd[1]: Set hostname to <b2qt-apalis-imx6>.
[    3.723967] systemd[1]: Started Forward Password Requests to Wall Directory Watch.
[  OK  ] Started Forward Password Requests to Wall Directory Watch.
[    3.763518] systemd[1]: Listening on Journal Socket (/dev/log).
[  OK  ] Listening on Journal Socket (/dev/log).
[    3.793307] systemd[1]: Reached target Swap.
[  OK  ] Reached target Swap.
[    3.823879] systemd[1]: Listening on Network Service Netlink Socket.
[  OK  ] Listening on Network Service Netlink Socket.
[    3.853804] systemd[1]: Started Dispatch Password Requests to Console Directory Watch.
[  OK  ] Started Dispatch Password Requests to Console Directory Watch.
[    3.883597] systemd[1]: Listening on Syslog Socket.
[  OK  ] Listening on Syslog Socket.
[    3.913652] systemd[1]: Listening on /dev/initctl Compatibility Named Pipe.
[  OK  ] Listening on /dev/initctl Compatibility Named Pipe.
[    3.943426] systemd[1]: Reached target Remote File Systems.
[  OK  ] Reached target Remote File Systems.
[    3.974113] systemd[1]: Created slice System Slice.
[  OK  ] Created slice System Slice.
[    4.004073] systemd[1]: Created slice system-serial\x2dgetty.slice.
[  OK  ] Created slice system-serial\x2dgetty.slice.
[    4.033534] systemd[1]: Reached target Paths.
[  OK  ] Reached target Paths.
[    4.053717] systemd[1]: Listening on Journal Socket.
[  OK  ] Listening on Journal Socket.
[    4.095098] systemd[1]: Mounting Temporary Directory...
         Mounting Temporary Directory...
[    4.128863] systemd[1]: Starting File System Check on Root Device...
         Starting File System Check on Root Device...
[    4.160953] systemd[1]: Starting Load Kernel Modules...
         Starting Load Kernel Modules...
[    4.175900] systemd[1]: Starting Setup Virtual Console...
         Starting Setup Virtual Console...
[    4.188742] systemd[1]: Starting Create list of required static device nodes for the current kernel...
         Starting Create list of required[    4.200592] systemd[1]: Listening on udev Control Socket.
 st... nodes for the current kernel...
[  OK  ] Listening on udev Control Socket.
[    4.235957] systemd[1]: Starting Journal Service...
         Starting Journal Service...
[    4.244632] systemd[1]: Mounting Debug File System...
         Mounting Debug File System...
[    4.250891] systemd[1]: Created slice User and Session Slice.
[  OK  ] Created slice [    4.259840] systemd[1]: Reached target Slices.
User and Session Slice.
[    4.267612] systemd[1]: Listening on udev Kernel Socket.
[  OK  ] Reached target Slices.
[  OK  ] Listening on udev Kernel Socket.[    4.281441] systemd[1]: Mounted Debug File System.

[  OK  ] Mounted Debug [    4.288462] systemd[1]: Mounted Temporary Directory.
File System.
[  OK  ] Mounted Temp[    4.297362] RTL871X: module init start
orary Directory.
[    4.297716] systemd[1]: Started Setup Virtual Console.
[    4.310526] RTL871X: rtl8723bu v4.3.6.11_12942.20141204_BTCOEX20140507-4E40
[    4.310531] RTL871X: rtl8723bu BT-Coex version = BTCOEX20140507-4E40
[  OK  ] Started Setup [    4.326309] systemd[1]: Started Create list of required static device nodes for the current kernel.
Virtual Console.
[  OK  ] Started Create list of required sta...ce nodes for the current kernel.
[    4.357942] systemd[1]: Started File System Check on Root Device.
[  OK  ] Started File System Check on Root Device.
[    4.469150] systemd[1]: Starting Remount Root and Kernel File Systems...
         Starting Remount Root and Kernel File Systems...
[    4.497033] systemd[1]: Started Journal Service.
[  OK  ] Started Journa[    4.502544] EXT4-fs (mmcblk0p2): re-mounted. Opts: (null)
l Service.
[  OK  ] Started Remount Root and Kernel File Systems.
         Starting Create Static Device Nodes in /dev...
         Starting udev Coldplug all Devices...
         Starting Flush Journal to Persistent Storage...
[    4.622139] RTL871X: rtw_ndev_init(wlan0)
[    4.629078] RTL871X: rtw_ndev_init(wlan1)
[    4.640045] usbcore: registered new interface driver rtl8723bu
[    4.646023] RTL871X: module init ret=0
[  OK  ] Started Create Static Device Nodes in /dev.
[    4.664050] Galcore version 5.0.11.41671
[    4.722161] systemd-journald[201]: Received request to flush runtime journal from PID 1
[  OK  ] Started Flush Journal to Persistent Storage.
         Starting udev Kernel Device Manager...
[  OK  ] Reached target Local File Systems (Pre).
         Mounting /var/volatile...
[  OK  ] Mounted /var/volatile.
[  OK  ] Reached target Local File Systems.
         Starting Create Volatile Files and Directories...
         Starting Load/Save Random Seed...
[  OK  ] Started udev Kernel Device Manager.
[  OK  ] Started Load/Save Random Seed.
[  OK  ] Started Create Volatile Files and Directories.
         Starting Network Time Synchronization...
         Starting Update UTMP about System Boot/Shutdown...
[  OK  ] Started udev Coldplug all Devices.
[  OK  ] Started Network Time Synchronization.
[    5.560868] tty0tty null modem driver v1.2
[  OK  ] Found device /dev/ttymxc0.
[  OK  ] Started Load Kernel Modules.
[  OK  ] Started Update UTMP about System Boot/Shutdown.
         Mounting Configuration File System...
         Mounting FUSE Control File System...
         Starting Apply Kernel Variables...
[  OK  ] Reached target System Time Synchronized.
[  OK  ] Created slice system-systemd\x2dbacklight.slice.
         Starting Load/Save Screen Backlight...htness of backlight:backlight...
[  OK  ] Mounted Configuration File System.
[  OK  ] Mounted FUSE Control File System.
[  OK  ] Started Apply Kernel Variables.
[  OK  ] Started Load/Save Screen Backlight Brightness of backlight:backlight.
[    5.883757] ov5647_read_reg(mipi):reg=300a ret=-5
[    5.888583] camera ov5647_mipi is not found
[    6.039831] ERROR: v4l2 capture: slave not found!
[    6.043661] ERROR: v4l2 capture: slave not found!
[  OK  ] Found device /dev/ttymxc1.
[  OK  ] Listening on Load/Save RF Kill Switch Status /dev/rfkill Watch.
[  OK  ] Reached target Sound Card.
[  OK  ] Reached target System Initialization.
[  OK  ] Started Daily Cleanup of Temporary Directories.
[  OK  ] Reached target Timers.
[  OK  ] Listening on D-Bus System Message Bus Socket.
[  OK  ] Listening on dropbear.socket.
[  OK  ] Listening on RPCbind Server Activation Socket.
[  OK  ] Reached target Sockets.
[  OK  ] Reached target Basic System.
[  OK  ] Started Serial Getty on ttymxc0.
[  OK  ] Started D-Bus System Message Bus.
         Starting Network Service...
         Starting D-BUS Session Message Bus....
         Starting Login Service...
         Starting Save/Restore Sound Card State...
[  OK  ] Started System Logging Service.
[    6.673287] usb 1-1.1: new high-speed USB device number 4 using ci_hdrc
[  OK  ] Started Kernel Logging Service.
[  OK  ] Started B2Qt user application.
[  OK  ] Started Serial Getty on ttymxc1.
[  OK  ] Reached target Login Prompts.
[  OK  ] Started Network Service.
[  OK  ] Started Save/Restore Sound Card State.
[    6.808995] option 1-1.1:1.0: GSM modem (1-port) converter detected
[    6.815797] usb 1-1.1: GSM modem (1-port) converter now attached to ttyUSB0
[    6.823887] option 1-1.1:1.1: GSM modem (1-port) converter detected
[    6.841802] usb 1-1.1: GSM modem (1-port) converter now attached to ttyUSB1
[  OK  ] Started D-BUS [    6.849866] option 1-1.1:1.2: GSM modem (1-port) converter detected
Session Message Bus..
[    6.859250] usb 1-1.1: GSM modem (1-port) converter now attached to ttyUSB2
[    6.868343] option 1-1.1:1.3: GSM modem (1-port) converter detected
[    6.875579] usb 1-1.1: GSM modem (1-port) converter now attached to ttyUSB3
[    6.883559] option 1-1.1:1.4: GSM modem (1-port) converter detected
[    6.890491] usb 1-1.1: GSM modem (1-port) converter now attached to ttyUSB4
         Starting Load/Save RF Kill Switch Status...
[  OK  ] Reached target Network.
         Starting ADB Server Daemon...
         Starting Network Time Service...
[  OK  ] Started Load/Save RF Kill Switch Status.
[  OK  ] Started Login Service.
[  OK  ] Started Network Time Service.
[    7.082030] file system registered
[  OK  ] Started ADB Server Daemon.
[  OK  ] Reached target Multi-User System.
[  OK  ] Started Ujet Ble Service.
[    7.181607] read descriptors
[    7.184887] read strings
[    7.187595] g_ffs gadget: g_ffs ready
[  OK  ] Started Ujet Cloud Service.
         Starting Update UTMP about System Runlevel Changes...
[  OK  ] Reached target Custom Target.
         Starting Ujet Identify Service...
[  OK  ] Started Ujet HTTPD Service.
[  OK  ] Started Ujet Bluetooth Audio Service.
[  OK  ] Started Ujet Telemetry Service.
[  OK  ] Started Update UTMP about System Runlevel Changes.
[  OK  ] Stopped Bluetooth service.
[    7.475628] flexcan 2090000.flexcan can0: writing ctrl=0x01232084
[    8.355901] mxc_sdc_fb fb@0: 800x480 h_sync,r,l: 72,24,96  v_sync,l,u: 7,3,10 pixclock=29500000 Hz
[    8.802436] random: nonblocking pool is initialized

Boot to Qt for Embedded Linux 2.1.1 b2qt-apalis-imx6 ttymxc0

b2qt-apalis-imx6 login: [   14.199529] ci_hdrc ci_hdrc.0: Device No Response

Boot to Qt for Embedded Linux 2.1.1 b2qt-apalis-imx6 ttymxc0

b2qt-apalis-imx6 login: root
root@b2qt-apalis-imx6:~# cd /
root@b2qt-apalis-imx6:/# cat /dev/ttymxc3 4 &
[1] 456
root@b2qt-apalis-imx6:/# cat /dev/ttymxc4 &4 3
[2] 457
root@b2qt-apalis-imx6:/# echo ""S"E"T"" > /dev/ttymxc4
root@b2qt-apalis-imx6:/# ET
SET BT BDADDR 88:6b:0f:62:71:86
SET BT NAME WT32i-A
SET BT CLASS 001f00
SET BT IDENT BT:47 f000 6.0.0 Bluegiga iWRAP
SET BT LAP 9e8b33
SET BT PAGEMODE 4 2000 1
SET BT PAIR 44:04:44:ee:03:df 870fe2b837b90d39544e07308b8eec99
SET BT POWER 6 6 6
SET BT ROLE 0 f 2580
SET BT SNIFF 0 20 1 8
SET BT SSP 3 0
SET BT MTU 667
SET CONTROL AUDIO INTERNAL INTERNAL
SET CONTROL BAUD 115200,8n1
SET CONTROL CD 00 0
EO 44100 0
0 1100
SET CONTROL ECHO 7
SET CONTROL ESCAPE 43 00 1
SET CONTROL GAIN 8 8
SET CONTROL MICBIAS b 0
SET CONTROL MSC DTE 00 00 00 00 00 00
SET CONTROL PIO 00 00 00
SET CONTROL PREAMP 1 1
SET CONTROL READY 00
SET PROFILE SPP Bluetooth Serial Port

root@b2qt-apalis-imx6:/# 
root@b2qt-apalis-imx6:/# 
root@b2qt-apalis-imx6:/# echo "SET" > /dev/ttymxc4 S E T   B T   P A I R C O U N T   S E T   B T   P A I R C O U N T  
root@b2qt-apalis-imx6:/# SET BT PAIRCOUNT 

root@b2qt-apalis-imx6:/# echo "SET BT PAIRCOUNT " > /dev/ttymxc4 S E T   C O N T R O L   B I N D   0   2 0   F A L L   C L O S E   0
root@b2qt-apalis-imx6:/# SET CONTROL BIND 0 20 FALL CLOSE 0

root@b2qt-apalis-imx6:/# echo "SET CONTROL BIND 0 20 FALL CLOSE 0" > /dev/ttymxc4root@b2qt-apalis-imx6:/# echo "SET BT PAIRCOUNT " > /dev/ttymxc4" > /dev/ttymxc4 S E T   C O N T R O L   B I N D   1   2 0   F A L L   S E T   B T   P A I R   *
root@b2qt-apalis-imx6:/# SET CONTROL BIND 1 20 FALL SET BT PAIR *

root@b2qt-apalis-imx6:/# echo "SET CONTROL BIND 1 20 FALL SET BT PAIR *" > /dev/ttymxc40 20 FALL CLOSE 0" > /dev/ttymxc4root@b2qt-apalis-imx6:/# echo "SET BT PAIRCOUNT " > /dev/ttymxc4" > /dev/ttymxc4
root@b2qt-apalis-imx6:/# SET
SET BT BDADDR 88:6b:0f:62:71:86
SET BT NAME WT32i-A
SET BT CLASS 001f00
SET BT IDENT BT:47 f000 6.0.0 Bluegiga iWRAP
SET BT LAP 9e8b33
SET BT PAGEMODE 4 2000 1
SET BT PAIR 44:04:44:ee:03:df 870fe2b837b90d39544e07308b8eec99
SET BT POWER 6 6 6
SET BT ROLE 0 f 2580
SET BT SNIFF 0 20 1 8
SET BT SSP 3 0
SET BT MTU 667
SET CONTROL AUDIO INTERNAL INTERNAL
SET CONTROL BAUD 115200,8n1
SET CONTROL BIND 0 20 F CLOSE 0
SET CONTROL BIND 1 20 F SET BT PAIR *
SET CONTROL CD 00 0
SET CONTROL CODEC SBC JOINT_STEREO 44100 0
SET CONTROL CONFIG 0000 0000 0000 1100
SET CONTROL ECHO 7
SET CONTROL ESCAPE 43 00 1
SET CONTROL GAIN 8 8
SET CONTROL MICBIAS b 0
SET CONTROL MSC DTE 00 00 00 00 00 00
SET CONTROL PIO 00 00 00
SET CONTROL PREAMP 1 1
SET CONTROL READY 00
SET CONTROL VREGEN 0 00
SET PROFILE SPP Bluetooth Serial Port
SET

root@b2qt-apalis-imx6:/# 
root@b2qt-apalis-imx6:/# 
root@b2qt-apalis-imx6:/# 
root@b2qt-apalis-imx6:/# 
root@b2qt-apalis-imx6:/#   echo "SET" > /dev/ttymxc4 C A L L   4 4 : 0 4 : 4 4 : E E : 0 3 : D F   1 1 0 1   R F C O M M
root@b2qt-apalis-imx6:/# CALL 44:04:44:EE:03:DF 1101 RFCOMM
CALL 0
NO CARRIER 0 ERROR 1b04 SDC_NO_RESPONSE_DATA

root@b2qt-apalis-imx6:/# 
root@b2qt-apalis-imx6:/# 
root@b2qt-apalis-imx6:/# INQUIRY 7 NAME
INQUIRY_PARTIAL 4c:49:e3:6e:06:92 5a020c
INQUIRY_PARTIAL 00:1b:10:00:2a:ec 6e0100
INQUIRY_PARTIAL e4:46:da:28:66:02 5a020c
INQUIRY_PARTIAL 88:6b:0f:62:71:88 001f00
INQUIRY_PARTIAL 22:22:77:fa:61:aa 08043c
INQUIRY_PARTIAL 44:04:44:ee:03:df 5a020c
INQUIRY 6
INQUIRY 4c:49:e3:6e:06:92 5a020c
INQUIRY 00:1b:10:00:2a:ec 6e0100
INQUIRY e4:46:da:28:66:02 5a020c
INQUIRY 88:6b:0f:62:71:88 001f00
INQUIRY 22:22:77:fa:61:aa 08043c
INQUIRY 44:04:44:ee:03:df 5a020c
NAME 4c:49:e3:6e:06:92 "Garg's Android"
NAME 00:1b:10:00:2a:ec "emb-ban-227-0"
NAME e4:46:da:28:66:02 "SageRedmi"
NAME 88:6b:0f:62:71:88 "WT32i-AJ"
NAME 22:22:77:fa:61:aa "X65-61aa"
NAME 44:04:44:ee:03:df "Aravinth"

root@b2qt-apalis-imx6:/# 
root@b2qt-apalis-imx6:/# echo "CALL 44:04:44:EE:03:DF 1101 RFCOMM" > /dev/ttymxc4root@b2qt-apalis-imx6:/# echo "SET" > /dev/ttymxc4                                      CONTROL BIND 1 20 FALL SET BT PAIR *" > /dev/ttymxc40 20 FALL CLOSE 0" > /dev/ttymxc4      1 20 FALL SET BT PAIR *" > /dev/ttymxc40 20 FALL CLOSE 0" > /dev/ttymxc4root@b2qt-apalis-imx6:/# echo "SET BT PAIRCOUNT " > /dev/ttymxc4" > /dev/ttymxc4cat /dev/ttymxc3 &4 &d /at /dev/ttymxc4 &3 &echo "SET" > /dev/ttymxc4               BT PAIRCOUNT " > /dev/ttymxc4                 CONTROL BIND 0 20 FALL CLOSE 0" > /dev/ttymxc4      1 20 FALL SET BT PAIR *" > /dev/ttymxc4root@b2qt-apalis-imx6:/# echo "SET" > /dev/ttymxc4                               CALL 44:04:44:EE:03:DF 1101 RFCOMM" > /dev/ttymxc4root@b2qt-apalis-imx6:/# echo "CALL 44:04:44:EE:03:DF 1101 RFCOMM" > /dev/ttymxc4
root@b2qt-apalis-imx6:/# CALL 44:04:44:EE:03:DF 1101 RFCOMM
CALL 0
NO CARRIER 0 ERROR 1b04 SDC_NO_RESPONSE_DATA

root@b2qt-apalis-imx6:/# echo "CALL 44:04:44:EE:03:DF 1101 RFCOMM" > /dev/ttymxc4 S E T   B T   B D A D D R
root@b2qt-apalis-imx6:/# SET BT BDADDR
SET BT BDADDR 88:6b:0f:62:71:86

root@b2qt-apalis-imx6:/# 
root@b2qt-apalis-imx6:/# 
root@b2qt-apalis-imx6:/# echo "SET BT BDADDR" > /dev/ttymxc4 L I S T
root@b2qt-apalis-imx6:/# LIST
LIST 0

root@b2qt-apalis-imx6:/# echo "LIST" > /dev/ttymxc4
root@b2qt-apalis-imx6:/# LIST
LIST 0

root@b2qt-apalis-imx6:/# 
root@b2qt-apalis-imx6:/# echo "LIST" > /dev/ttymxc4 \ A V R C P   P D U   3 1   P L A Y B A C K _ S T A T U S _ C H A N G E D
root@b2qt-apalis-imx6:/# AVRCP PDU 31 PLAYBACK_STATUS_CHANGED
SYNTAX ERROR
echo "AVRCP PDU 31 PLAYBACK_STATUS_CHANGED" > /dev/ttymxc4 P L A Y
root@b2qt-apalis-imx6:/# AVRCP PLAY
SYNTAX ERROR

root@b2qt-apalis-imx6:/# 
root@b2qt-apalis-imx6:/# echo "AVRCP PLAY" > /dev/ttymxc4                          DU 31 PLAYBACK_STATUS_CHANGED" > /dev/ttymxc4root@b2qt-apalis-imx6:/# echo "AVRCP PLAY" > /dev/ttymxc4 R E A D Y
root@b2qt-apalis-imx6:/# READY
SYNTAX ERROR

root@b2qt-apalis-imx6:/# 
root@b2qt-apalis-imx6:/# 
root@b2qt-apalis-imx6:/# 
root@b2qt-apalis-imx6:/# 
root@b2qt-apalis-imx6:/# 
root@b2qt-apalis-imx6:/# 
root@b2qt-apalis-imx6:/# 
root@b2qt-apalis-imx6:/# CALL 44:04:44:ee:03:df 111F HFP
CALL 44:04:44:ee:03:df 19 A2DP
CALL 3
NO CARRIER 3 ERROR 1 BOCK_ERR_RESOURCES
NO CARRIER 2 ERROR 9004 L2CAP_CONNECTION_REJ_RESOURCES
CONNECT 1 A2DP 19
CONNECT 0 HFP 2
NO CARRIER 1 ERROR 0 
NO CARRIER 0 ERROR 0 

root@b2qt-apalis-imx6:/# 
root@b2qt-apalis-imx6:/# 
root@b2qt-apalis-imx6:/# echo "READY" > /dev/ttymxc4 C A L L   4 4 : 0 4 : 4 4 : e e : 0 3 : d f   1 1 1 F   H F P
root@b2qt-apalis-imx6:/# CALL 44:04:44:ee:03:df 111F HFP
CALL 0
CONNECT 0 HFP 2
NO CARRIER 0 ERROR 0 

root@b2qt-apalis-imx6:/# 
root@b2qt-apalis-imx6:/# 
root@b2qt-apalis-imx6:/# 
root@b2qt-apalis-imx6:/# 
root@b2qt-apalis-imx6:/# 
root@b2qt-apalis-imx6:/# INQUIRY 7 NAME
INQUIRY_PARTIAL b4:f1:da:68:a1:d0 5a020c
INQUIRY_PARTIAL e4:46:da:28:66:02 5a020c
INQUIRY_PARTIAL 00:1b:10:00:2a:ec 6e0100
INQUIRY_PARTIAL 22:22:77:fa:61:aa 08043c
INQUIRY_PARTIAL 4c:49:e3:6e:06:92 5a020c
INQUIRY_PARTIAL 88:6b:0f:62:71:88 001f00
INQUIRY_PARTIAL 44:04:44:ee:03:df 5a020c
INQUIRY 7
INQUIRY b4:f1:da:68:a1:d0 5a020c
INQUIRY e4:46:da:28:66:02 5a020c

root@b2qt-apalis-imx6:/# INQUIRY 00:1b:10:00:2a:ec 6e0100
INQUIRY 22:22:77:fa:61:aa 08043c
INQUIRY 4c:49:e3:6e:06:92 5a020c
INQUIRY 88:6b:0f:62:71:88 001f00
INQUIRY 44:04:44:ee:03:df 5a020c
NAME b4:f1:da:68:a1:d0 "Radz"
NAME e4:46:da:28:66:02 "SageRedmi"
NAME 00:1b:10:00:2a:ec "emb-ban-227-0"
NAME 22:22:77:fa:61:aa "X65-61aa"
NAME 4c:49:e3:6e:06:92 "Garg's Android"
NAME 88:6b:0f:62:71:88 "WT32i-AJ"
NAME 44:04:44:ee:03:df "Aravinth"

root@b2qt-apalis-imx6:/# 
root@b2qt-apalis-imx6:/# 
root@b2qt-apalis-imx6:/# 
root@b2qt-apalis-imx6:/# echo "CALL b4:f1:da:68:a1:d0 111F HFP" > /dev/ttymxc4
root@b2qt-apalis-imx6:/# CALL b4:f1:da:68:a1:d0 111F HFP
CALL 0
CONNECT 0 HFP 3
NO CARRIER 0 ERROR 0 

root@b2qt-apalis-imx6:/# 
root@b2qt-apalis-imx6:/# 
root@b2qt-apalis-imx6:/# echo "CALL b4:f1:da:68:a1:d0 111F HFP" > /dev/ttymxc4
root@b2qt-apalis-imx6:/# CALL b4:f1:da:68:a1:d0 111F HFP
CALL 0
CONNECT 0 HFP 3
NO CARRIER 0 ERROR 0 

root@b2qt-apalis-imx6:/# echo "CALL b4:f1:da:68:a1:d0 111F HFP" > /dev/ttymxc4
root@b2qt-apalis-imx6:/# CALL b4:f1:da:68:a1:d0 111F HFP
CALL 0
CONNECT 0 HFP 3
NO CARRIER 0 ERROR 0 

root@b2qt-apalis-imx6:/# 
root@b2qt-apalis-imx6:/# 
root@b2qt-apalis-imx6:/# 
root@b2qt-apalis-imx6:/# 
root@b2qt-apalis-imx6:/# echo "CALL b4:f1:da:68:a1:d0 111F HFP" > /dev/ttymxc4root@b2qt-apalis-imx6:/# echo "CALL 44:04:44:ee:03:df 111F HFP" > /dev/ttymxc4
root@b2qt-apalis-imx6:/# CALL 44:04:44:ee:03:df 111F HFP
CALL 0
CONNECT 0 HFP 2
NO CARRIER 0 ERROR 0 

root@b2qt-apalis-imx6:/# echo "CALL 44:04:44:ee:03:df 111F HFP" > /dev/ttymxc4
root@b2qt-apalis-imx6:/# CALL 44:04:44:ee:03:df 111F HFP
CALL 0
CONNECT 0 HFP 2

root@b2qt-apalis-imx6:/# 
root@b2qt-apalis-imx6:/# 

U-Boot 2016.11+fslc+g80c3bd6 (Jan 02 2018 - 11:32:06 +0100)

CPU:   Freescale i.MX6Q rev1.5 at 792 MHz
Reset cause: POR
I2C:   ready
DRAM:  2 GiB
PMIC:  device id: 0x10, revision id: 0x21, programmed
MMC:   FSL_SDHC: 0, FSL_SDHC: 1, FSL_SDHC: 2
auto-detected panel vga-rgb
Display: vga-rgb (640x480)
In:    serial
Out:   serial
Err:   serial
Model: Toradex Apalis iMX6 Quad 2GB IT V1.1C, Serial# 05139699
Net:   using PHY at 7
FEC [PRIME]
Hit any key to stop autoboot:  1  0 
Booting from internal eMMC chip...
reading imx6q-apalis-ixora-v1_1.dtb
48970 bytes read in 22 ms (2.1 MiB/s)
reading uImage
5943928 bytes read in 172 ms (33 MiB/s)
## Booting kernel from Legacy Image at 11000000 ...
   Image Name:   Linux-4.1.41-v2.7b1+g82f0f4f
   Image Type:   ARM Linux Kernel Image (uncompressed)
   Data Size:    5943864 Bytes = 5.7 MiB
   Load Address: 10008000
   Entry Point:  10008000
   Verifying Checksum ... OK
## Flattened Device Tree blob at 12000000
   Booting using the fdt blob at 0x12000000
   Loading Kernel Image ... OK
   Using Device Tree in place at 12000000, end 1200ef49

Starting kernel ...

[    0.000000] Booting Linux on physical CPU 0x0
[    0.000000] Initializing cgroup subsys cpu
[    0.000000] Initializing cgroup subsys cpuacct
[    0.000000] Linux version 4.1.41-v2.7b1+g82f0f4f (behlingc@mplan-ubuntu-1610-dev) (gcc version 5.3.0 (GCC) ) #1 SMP Wed Jan 31 17:39:36 CET 2018
[    0.000000] CPU: ARMv7 Processor [412fc09a] revision 10 (ARMv7), cr=10c5387d
[    0.000000] CPU: PIPT / VIPT nonaliasing data cache, VIPT aliasing instruction cache
[    0.000000] Machine model: Toradex Apalis iMX6Q/D Module on Ixora V1.1 Carrier Board
[    0.000000] Reserved memory: created CMA memory pool at 0x62000000, size 320 MiB
[    0.000000] Reserved memory: initialized node linux,cma, compatible id shared-dma-pool
[    0.000000] Memory policy: Data cache writealloc
[    0.000000] PERCPU: Embedded 12 pages/cpu @d0efd000 s16908 r8192 d24052 u49152
[    0.000000] Built 1 zonelists in Zone order, mobility grouping on.  Total pages: 521024
[    0.000000] Kernel command line: enable_wait_mode=off vmalloc=400M ip=off root=/dev/mmcblk0p2 rw,noatime rootfstype=ext4 rootwait fec_mac=00:14:2d:4e:6c:f3 consoleblank=0 no_console_suspend=1 console=tty1 console=ttymxc0,115200n8 mxc_hdmi.only_cea=1 video=mxcfb1:dev=hdmi,1920x1080M@60,if=RGB24 video=mxcfb0:dev=ldb,800x480M@60,if=RGB666 video=mxcfb2:off video=mxcfb3:off fbmem=32M
[    0.000000] PID hash table entries: 4096 (order: 2, 16384 bytes)
[    0.000000] Dentry cache hash table entries: 262144 (order: 8, 1048576 bytes)
[    0.000000] Inode-cache hash table entries: 131072 (order: 7, 524288 bytes)
[    0.000000] Memory: 1738972K/2097152K available (7679K kernel code, 330K rwdata, 2648K rodata, 372K init, 423K bss, 30500K reserved, 327680K cma-reserved, 425984K highmem)
[    0.000000] Virtual kernel memory layout:
[    0.000000]     vector  : 0xffff0000 - 0xffff1000   (   4 kB)
[    0.000000]     fixmap  : 0xffc00000 - 0xfff00000   (3072 kB)
[    0.000000]     vmalloc : 0xe6800000 - 0xff000000   ( 392 MB)
[    0.000000]     lowmem  : 0x80000000 - 0xe6000000   (1632 MB)
[    0.000000]     pkmap   : 0x7fe00000 - 0x80000000   (   2 MB)
[    0.000000]     modules : 0x7f000000 - 0x7fe00000   (  14 MB)
[    0.000000]       .text : 0x80008000 - 0x80a1e0a4   (10329 kB)
[    0.000000]       .init : 0x80a1f000 - 0x80a7c000   ( 372 kB)
[    0.000000]       .data : 0x80a7c000 - 0x80ace8c0   ( 331 kB)
[    0.000000]        .bss : 0x80ad1000 - 0x80b3ae1c   ( 424 kB)
[    0.000000] SLUB: HWalign=64, Order=0-3, MinObjects=0, CPUs=4, Nodes=1
[    0.000000] Hierarchical RCU implementation.
[    0.000000] NR_IRQS:16 nr_irqs:16 16
[    0.000000] L2C-310 erratum 769419 enabled
[    0.000000] L2C-310 enabling early BRESP for Cortex-A9
[    0.000000] L2C-310 full line of zeros enabled for Cortex-A9
[    0.000000] L2C-310 ID prefetch enabled, offset 16 lines
[    0.000000] L2C-310 dynamic clock gating enabled, standby mode enabled
[    0.000000] L2C-310 cache controller enabled, 16 ways, 1024 kB
[    0.000000] L2C-310: CACHE_ID 0x410000c7, AUX_CTRL 0x76470001
[    0.000000] mxc_clocksource_init 3000000
[    0.000000] Switching to timer-based delay loop, resolution 333ns
[    0.000006] sched_clock: 32 bits at 3000kHz, resolution 333ns, wraps every 715827882841ns
[    0.000022] clocksource mxc_timer1: mask: 0xffffffff max_cycles: 0xffffffff, max_idle_ns: 637086815595 ns
[    0.001231] Console: colour dummy device 80x30
[    0.001856] console [tty1] enabled
[    0.001884] Calibrating delay loop (skipped), value calculated using timer frequency.. 6.00 BogoMIPS (lpj=30000)
[    0.001925] pid_max: default: 32768 minimum: 301
[    0.002038] Mount-cache hash table entries: 4096 (order: 2, 16384 bytes)
[    0.002068] Mountpoint-cache hash table entries: 4096 (order: 2, 16384 bytes)
[    0.002646] Initializing cgroup subsys freezer
[    0.002684] Initializing cgroup subsys debug
[    0.002734] CPU: Testing write buffer coherency: ok
[    0.003014] Setting up static identity map for 0x10008280 - 0x100082d8
[    0.006284] Brought up 4 CPUs
[    0.006321] SMP: Total of 4 processors activated (24.00 BogoMIPS).
[    0.006345] CPU: All CPU(s) started in SVC mode.
[    0.006852] devtmpfs: initialized
[    0.019418] VFP support v0.3: implementor 41 architecture 3 part 30 variant 9 rev 4
[    0.019866] clocksource jiffies: mask: 0xffffffff max_cycles: 0xffffffff, max_idle_ns: 19112604462750000 ns
[    0.019925] futex hash table entries: 1024 (order: 4, 65536 bytes)
[    0.039756] pinctrl core: initialized pinctrl subsystem
[    0.041013] NET: Registered protocol family 16
[    0.049374] DMA: preallocated 256 KiB pool for atomic coherent allocations
[    0.079657] cpuidle: using governor ladder
[    0.109655] cpuidle: using governor menu
[    0.110051] CPU identified as i.MX6Q, silicon rev 1.5
[    0.134604] hw-breakpoint: found 5 (+1 reserved) breakpoint and 1 watchpoint registers.
[    0.134652] hw-breakpoint: maximum watchpoint size is 4 bytes.
[    0.135782] imx6q-pinctrl 20e0000.iomuxc: initialized IMX pinctrl driver
[    0.137766] imx-gpc 20dc000.gpc: no fsl,ldo-bypass found!
[    0.147951] mxs-dma 110000.dma-apbh: initialized
[    0.150488] usb_host_vbus: supplied by usb_host_vbus_hub
[    0.150852] vgaarb: loaded
[    0.151676] SCSI subsystem initialized
[    0.152177] usbcore: registered new interface driver usbfs
[    0.152270] usbcore: registered new interface driver hub
[    0.152374] usbcore: registered new device driver usb
[    0.152609] 2000000.aips-bus:usbphy_nop1 supply vcc not found, using dummy regulator
[    0.152794] 2000000.aips-bus:usbphy_nop2 supply vcc not found, using dummy regulator
[    0.153565] i2c-gpio i2c@0: using pins 80 (SDA) and 62 (SCL)
[    0.154436] i2c i2c-1: IMX I2C adapter registered
[    0.154471] i2c i2c-1: can't use DMA
[    0.156025] stmpe-i2c 2-0041: stmpe811 detected, chip id: 0x811
[    0.157954] i2c i2c-2: IMX I2C adapter registered
[    0.157989] i2c i2c-2: can't use DMA
[    0.158465] i2c i2c-3: IMX I2C adapter registered
[    0.158500] i2c i2c-3: can't use DMA
[    0.158665] Linux video capture interface: v2.00
[    0.158737] pps_core: LinuxPPS API ver. 1 registered
[    0.158760] pps_core: Software ver. 5.3.6 - Copyright 2005-2007 Rodolfo Giometti <giometti@linux.it>
[    0.158816] PTP clock support registered
[    0.179706] imx-ipuv3 2400000.ipu: IPU DMFC NORMAL mode: 1(0~1), 5B(4,5), 5F(6,7)
[    0.199697] imx-ipuv3 2800000.ipu: IPU DMFC NORMAL mode: 1(0~1), 5B(4,5), 5F(6,7)
[    0.200633] mxc_mipi_csi2 21dc000.mipi_csi: i.MX MIPI CSI2 driver probed ipu0 csi1
[    0.200679] mxc_mipi_csi2 21dc000.mipi_csi: i.MX MIPI CSI2 dphy version is 0x3130302a
[    0.200792] MIPI CSI2 driver module loaded
[    0.201082] Advanced Linux Sound Architecture Driver Initialized.
[    0.202321] Bluetooth: Core ver 2.20
[    0.202385] NET: Registered protocol family 31
[    0.202408] Bluetooth: HCI device and connection manager initialized
[    0.202439] Bluetooth: HCI socket layer initialized
[    0.202470] Bluetooth: L2CAP socket layer initialized
[    0.202513] Bluetooth: SCO socket layer initialized
[    0.203116] Switched to clocksource mxc_timer1
[    0.213942] NET: Registered protocol family 2
[    0.214716] TCP established hash table entries: 16384 (order: 4, 65536 bytes)
[    0.214887] TCP bind hash table entries: 16384 (order: 5, 131072 bytes)
[    0.215148] TCP: Hash tables configured (established 16384 bind 16384)
[    0.215251] UDP hash table entries: 1024 (order: 3, 32768 bytes)
[    0.215346] UDP-Lite hash table entries: 1024 (order: 3, 32768 bytes)
[    0.215619] NET: Registered protocol family 1
[    0.215959] RPC: Registered named UNIX socket transport module.
[    0.215989] RPC: Registered udp transport module.
[    0.216011] RPC: Registered tcp transport module.
[    0.216030] RPC: Registered tcp NFSv4.1 backchannel transport module.
[    0.216822] CPU PMU: Failed to parse /soc/pmu/interrupt-affinity[0]
[    0.216895] hw perfevents: enabled with armv7_cortex_a9 PMU driver, 7 counters available
[    0.217927] imx rpmsg driver is registered.
[    0.218967] Bus freq driver module loaded
[    0.225960] VFS: Disk quotas dquot_6.6.0
[    0.226155] VFS: Dquot-cache hash table entries: 1024 (order 0, 4096 bytes)
[    0.227214] squashfs: version 4.0 (2009/01/31) Phillip Lougher
[    0.228001] NFS: Registering the id_resolver key type
[    0.228060] Key type id_resolver registered
[    0.228083] Key type id_legacy registered
[    0.228128] nfs4filelayout_init: NFSv4 File Layout Driver Registering...
[    0.228662] ntfs: driver 2.1.32 [Flags: R/W].
[    0.229146] fuse init (API version 7.23)
[    0.233388] bounce: pool size: 64 pages
[    0.233428] io scheduler noop registered
[    0.233457] io scheduler deadline registered
[    0.233628] io scheduler cfq registered (default)
[    0.236382] backlight supply power not found, using dummy regulator
[    0.237999] MIPI DSI driver module loaded
[    0.239395] 20e0000.hdmi_video supply HDMI not found, using dummy regulator
[    0.240876] fbcvt: 800x480@60: CVT Name - .384M9
[    0.240926] mxc_sdc_fb fb@0: registered mxc display driver ldb
[    0.244957] mxc_sdc_fb fb@0: 800x480 h_sync,r,l: 72,24,96  v_sync,l,u: 7,3,10 pixclock=29500000 Hz
[    0.266761] mxc_hdmi 20e0000.hdmi_video: Detected HDMI controller 0x13:0xa:0xa0:0xc1
[    0.266819] fbcvt: 1920x1080@60: CVT Name - 2.073M9
[    0.266939] mxc_sdc_fb fb@1: registered mxc display driver hdmi
[    0.282182] mxc_sdc_fb fb@1: 1920x1080 h_sync,r,l: 44,88,148  v_sync,l,u: 5,4,36 pixclock=148500000 Hz
[    0.293195] imx-ipuv3 2400000.ipu: IPU DMFC DP HIGH RESOLUTION: 1(0,1), 5B(2~5), 5F(6,7)
[    0.296861] mxc_sdc_fb fb@2: mxcfb2 is turned off!
[    0.296957] mxc_sdc_fb fb@3: mxcfb3 is turned off!
[    0.298450] imx-sdma 20ec000.sdma: no iram assigned, using external mem
[    0.298872] imx-sdma 20ec000.sdma: no event needs to be remapped
[    0.299177] imx-sdma 20ec000.sdma: loaded firmware 3.3
[    0.301782] imx-sdma 20ec000.sdma: initialized
[    0.303471] pfuze100-regulator 2-0008: Full layer: 2, Metal layer: 1
[    0.304087] pfuze100-regulator 2-0008: FAB: 0, FIN: 0
[    0.304117] pfuze100-regulator 2-0008: pfuze100 found.
[    0.318352] 2020000.serial: ttymxc0 at MMIO 0x2020000 (irq = 26, base_baud = 5000000) is a IMX
[    1.224859] console [ttymxc0] enabled
[    1.229406] 21e8000.serial: ttymxc1 at MMIO 0x21e8000 (irq = 301, base_baud = 5000000) is a IMX
[    1.238665] 21f0000.serial: ttymxc3 at MMIO 0x21f0000 (irq = 302, base_baud = 5000000) is a IMX
[    1.247902] 21f4000.serial: ttymxc4 at MMIO 0x21f4000 (irq = 303, base_baud = 5000000) is a IMX
[    1.258640] [drm] Initialized drm 1.1.0 20060810
[    1.263754] [drm] Initialized vivante 1.0.0 20120216 on minor 0
[    1.277814] brd: module loaded
[    1.285960] loop: module loaded
[    1.290382] ahci-imx 2200000.sata: fsl,transmit-level-mV not specified, using 00000024
[    1.298381] ahci-imx 2200000.sata: fsl,transmit-boost-mdB not specified, using 00000480
[    1.306448] ahci-imx 2200000.sata: fsl,transmit-atten-16ths not specified, using 00002000
[    1.314679] ahci-imx 2200000.sata: fsl,receive-eq-mdB not specified, using 05000000
[    1.325803] ahci-imx 2200000.sata: SSS flag set, parallel bus scan disabled
[    1.332823] ahci-imx 2200000.sata: AHCI 0001.0300 32 slots 1 ports 3 Gbps 0x1 impl platform mode
[    1.341683] ahci-imx 2200000.sata: flags: ncq sntf stag pm led clo only pmp pio slum part ccc apst 
[    1.352113] scsi host0: ahci-imx
[    1.355694] ata1: SATA max UDMA/133 mmio [mem 0x02200000-0x02203fff] port 0x100 irq 313
[    1.367052] spi_imx 2008000.ecspi: probed
[    1.371991] vcan: Virtual CAN interface driver
[    1.376522] CAN device driver interface
[    1.380627] 2090000.flexcan supply xceiver not found, using dummy regulator
[    1.388422] flexcan 2090000.flexcan: device registered (reg_base=e6aa8000, irq=35)
[    1.396177] 2094000.flexcan supply xceiver not found, using dummy regulator
[    1.403873] flexcan 2094000.flexcan: device registered (reg_base=e6ab0000, irq=36)
[    1.412605] 2188000.ethernet supply phy not found, using dummy regulator
[    1.433529] pps pps0: new PPS source ptp0
[    1.438787] libphy: fec_enet_mii_bus: probed
[    1.444855] fec 2188000.ethernet eth0: registered PHC device 0
[    1.450978] PPP generic driver version 2.4.2
[    1.455527] ehci_hcd: USB 2.0 'Enhanced' Host Controller (EHCI) Driver
[    1.462088] ehci-pci: EHCI PCI platform driver
[    1.466645] ehci-mxc: Freescale On-Chip EHCI Host driver
[    1.472184] usbcore: registered new interface driver usb-storage
[    1.478366] usbcore: registered new interface driver usbserial
[    1.484287] usbcore: registered new interface driver usbserial_generic
[    1.490877] usbserial: USB Serial support registered for generic
[    1.496967] usbcore: registered new interface driver ftdi_sio
[    1.502779] usbserial: USB Serial support registered for FTDI USB Serial Device
[    1.510188] usbcore: registered new interface driver option
[    1.515830] usbserial: USB Serial support registered for GSM modem (1-port)
[    1.522857] usbcore: registered new interface driver pl2303
[    1.528502] usbserial: USB Serial support registered for pl2303
[    1.535818] 2184800.usbmisc supply vbus-wakeup not found, using dummy regulator
[    1.554896] ci_hdrc ci_hdrc.1: EHCI Host Controller
[    1.559835] ci_hdrc ci_hdrc.1: new USB bus registered, assigned bus number 1
[    1.583143] ci_hdrc ci_hdrc.1: USB 2.0 started, EHCI 1.00
[    1.589377] hub 1-0:1.0: USB hub found
[    1.593229] hub 1-0:1.0: 1 port detected
[    1.598167] mousedev: PS/2 mouse device common for all mice
[    1.604344] [PENMOUNT] Loading penmount_i2c V1.15.0
[    1.609390] [PENMOUNT] Probing for device ...
[    1.633043] [PENMOUNT] PM2204.D01.1.0.0
[    1.639790] [PENMOUNT] Supports 5 touch contacts
[    1.647314] [PENMOUNT] Supports WD mode
[    1.651169] [PENMOUNT] Supports WP mode
[    1.657909] [PENMOUNT] Use WP mode !
[    1.664378] [PENMOUNT] Sensitivity Level : 0 (max: 2)
[    1.672318] [PENMOUNT] irq already specified !!
[    1.677027] [PENMOUNT] Using IRQ 219
[    1.680852] input: PenMount I2C Touch Screen as /devices/soc0/soc/2100000.aips-bus/21a0000.i2c/i2c-1/1-0038/input/input0
[    1.692274] input: PenMount I2C Touch Key as /devices/soc0/soc/2100000.aips-bus/21a0000.i2c/i2c-1/1-0038/input/input1
[    1.706467] rtc-ds1307 1-0068: rtc core: registered m41t0 as rtc0
[    1.713160] ata1: SATA link down (SStatus 0 SControl 300)
[    1.713308] snvs_rtc 20cc000.snvs:snvs-rtc-lp: rtc core: registered 20cc000.snvs:snvs-r as rtc1
[    1.713444] i2c /dev entries driver
[    1.715191] mxc_v4l2_output v4l2_out: V4L2 device registered as video16
[    1.715352] mxc_v4l2_output v4l2_out: V4L2 device registered as video17
[    1.715519] mxc_v4l2_output v4l2_out: V4L2 device registered as video18
[    1.715676] mxc_v4l2_output v4l2_out: V4L2 device registered as video19
[    1.717803] imx2-wdt 20bc000.wdog: timeout 60 sec (nowayout=0)
[    1.718029] usbcore: registered new interface driver btusb
[    1.718230] sdhci: Secure Digital Host Controller Interface driver
[    1.718232] sdhci: Copyright(c) Pierre Ossman
[    1.718240] sdhci-pltfm: SDHCI platform and OF driver helper
[    1.719168] /soc/aips-bus@02100000/usdhc@02190000: voltage-ranges unspecified
[    1.719199] sdhci-esdhc-imx 2190000.usdhc: Got CD GPIO
[    1.720707] sdhci-esdhc-imx 2190000.usdhc: No vqmmc regulator found
[    1.763279] mmc1: SDHCI controller on 2190000.usdhc [2190000.usdhc] using ADMA
[    1.763900] /soc/aips-bus@02100000/usdhc@02198000: voltage-ranges unspecified
[    1.764332] sdhci-esdhc-imx 2198000.usdhc: No vqmmc regulator found
[    1.813137] mmc0: SDHCI controller on 2198000.usdhc [2198000.usdhc] using ADMA
[    1.830035] mxc_vpu 2040000.vpu_fsl: VPU initialized
[    1.830670] mxc_vdoa 21e4000.vdoa: i.MX Video Data Order Adapter(VDOA) driver probed
[    1.833405] caam 2100000.caam: Entropy delay = 3200
[    1.849341] ahci-imx 2200000.sata: no device found, disabling link.
[    1.855652] ahci-imx 2200000.sata: pass ahci_imx..hotplug=1 to enable hotplug
[    1.888420] mmc0: MAN_BKOPS_EN bit is not set
[    1.894193] caam 2100000.caam: Instantiated RNG4 SH0
[    1.912135] mmc0: new DDR MMC card at address 0001
[    1.917391] mmcblk0: mmc0:0001 Q2J54A 3.59 GiB 
[    1.922101] mmcblk0boot0: mmc0:0001 Q2J54A partition 1 16.0 MiB
[    1.928191] mmcblk0boot1: mmc0:0001 Q2J54A partition 2 16.0 MiB
[    1.935305]  mmcblk0: p1 p2
[    1.954956] caam 2100000.caam: Instantiated RNG4 SH1
[    1.959957] caam 2100000.caam: device ID = 0x0a16010000000000 (Era -524)
[    1.966702] caam 2100000.caam: job rings = 2, qi = 0
[    2.023152] usb 1-1: new high-speed USB device number 2 using ci_hdrc
[    2.028196] caam algorithms registered in /proc/crypto
[    2.033997] caam_jr 2101000.jr0: registering rng-caam
[    2.034902] snvs-secvio 20cc000.caam-snvs: can't get snvs clock
[    2.034958] snvs-secvio 20cc000.caam-snvs: violation handlers armed - non-secure state
[    2.035202] hidraw: raw HID events driver (C) Jiri Kosina
[    2.035409] usbcore: registered new interface driver usbhid
[    2.035411] usbhid: USB HID core driver
[    2.040680] stmpe-adc stmpe-adc: Initialized
[    2.044172] sgtl5000 2-000a: sgtl5000 revision 0x11
[    2.069984] fsl-asrc 2034000.asrc: driver registered
[    2.209508] imx-sgtl5000 sound: sgtl5000 <-> 2028000.ssi mapping ok
[    2.218446] imx-spdif sound-spdif: snd-soc-dummy-dai <-> 2004000.spdif mapping ok
[    2.228958] imx-audio-hdmi sound-hdmi: hdmi-hifi <-> soc:hdmi_audio@00120000 mapping ok
[    2.237850] Netfilter messages via NETLINK v0.30.
[    2.238018] hub 1-1:1.0: USB hub found
[    2.242628] hub 1-1:1.0: 4 ports detected
[    2.250479] nfnl_acct: registering with nfnetlink.
[    2.255350] nf_conntrack version 0.5.0 (16384 buckets, 65536 max)
[    2.262058] nf_tables: (c) 2007-2009 Patrick McHardy <kaber@trash.net>
[    2.269044] ip_tables: (C) 2000-2006 Netfilter Core Team
[    2.275066] NET: Registered protocol family 10
[    2.280587] ip6_tables: (C) 2000-2006 Netfilter Core Team
[    2.286071] NET: Registered protocol family 17
[    2.290592] bridge: automatic filtering via arp/ip/ip6tables has been deprecated. Update your scripts to load br_netfilter if you need this.
[    2.303288] Bridge firewalling registered
[    2.307333] can: controller area network core (rev 20120528 abi 9)
[    2.313607] NET: Registered protocol family 29
[    2.318106] can: raw protocol (rev 20120528)
[    2.322402] can: broadcast manager protocol (rev 20120528 t)
[    2.328124] can: netlink gateway (rev 20130117) max_hops=1
[    2.333910] Bluetooth: RFCOMM TTY layer initialized
[    2.338829] Bluetooth: RFCOMM socket layer initialized
[    2.344032] Bluetooth: RFCOMM ver 1.11
[    2.347821] Bluetooth: BNEP (Ethernet Emulation) ver 1.3
[    2.353172] Bluetooth: BNEP filters: protocol multicast
[    2.358454] Bluetooth: BNEP socket layer initialized
[    2.363483] Bluetooth: HIDP (Human Interface Emulation) ver 1.2
[    2.369456] Bluetooth: HIDP socket layer initialized
[    2.374539] 8021q: 802.1Q VLAN Support v1.8
[    2.379148] Key type dns_resolver registered
[    2.385428] Registering SWP/SWPB emulation handler
[    2.390951] registered taskstats version 1
[    2.395983] 1ffc000.pcie supply pcie-bus not found, using dummy regulator
[    2.553168] usb 1-1.3: new high-speed USB device number 3 using ci_hdrc
[    2.818281] imx6q-pcie 1ffc000.pcie: phy link never came up
