
Boot to Qt for Embedded Linux 2.1.1 b2qt-apalis-imx6 ttymxc0

b2qt-apalis-imx6 login: [   14.223592] ci_hdrc ci_hdrc.0: Device No Response

Boot to Qt for Embedded Linux 2.1.1 b2qt-apalis-imx6 ttymxc0

b2qt-apalis-imx6 login: root
root@b2qt-apalis-imx6:~# cd /
root@b2qt-apalis-imx6:/# 
root@b2qt-apalis-imx6:/# cd /
root@b2qt-apalis-imx6:/# cat /dev/ttymxc3 &
[1] 458
root@b2qt-apalis-imx6:/# cat /dev/ttymxc3 & 4
[2] 459
root@b2qt-apalis-imx6:/# echo "SET" > /dev/ttymxc4
root@b2qt-apalis-imx6:/# ET
SET BT BDADDR 88:6b:0f:62:71:86
SET BT NAME WT32i-A
SET BT CLASS 001f00
SET BT IDENT BT:47 f000 6.0.0 Bluegiga iWRAP
SET BT LAP 9e8b33
SET BT PAGEMODE 4 2000 1
SET BT PAIR 44:04:44:ee:03:df 529091c0e8ccf4c432738b58e3958b11
SET BT PAIR 01:01:01:01:05:76 5e6961da660d7e2190fe9f0532748e35
SET BT POWER 6 6 6
SET BT ROLE 0 f 2580
SET BT SNIFF 0 20 1 8
SET BT SSP 3 0
SET BT MTU 667
SET CONTROL AUDIO INTERNAL INTERNAL
SET CONTROL BAUD 115200,8n1
SET CONTROL BIND 0 20 F CLOSE 0
SET CONTROL BIND 1 20 F SET BT PAIR *
SET CONTROL CD 00 0
SET CONTROL CODEC SBC JOINT_STEREO 44100 0
SET CONTROL CONFIG 0000 0000 0000 1100
SET CONTROL ECHO 7
SET CONTROL ESCAPE 43 00 1
SET CONTROL GAIN 8 8
SET CONTROL MICBIAS b 0
SET CONTROL MSC DTE 00 00 00 00 00 00
SET CONTROL PIO 00 00 00
SET CONTROL PREAMP 1 1
SET CONTROL READY 00
SET CONTROL VREGEN 0 00
SET PROFILE SPP Bluetooth Serial Port
SET

root@b2qt-apalis-imx6:/# echo "SET" > /dev/ttymxc4 3
root@b2qt-apalis-imx6:/# ET
SET BT BDADDR 88:6b:0f:62:71:88
SET BT NAME WT32i-AJ
SET BT CLASS 001f00
SET BT IDENT BT:47 f000 6.0.0 Bluegiga iWRAP
SET BT LAP 9e8b33
SET BT PAGEMODE 4 2000 1
SET BT PAIR 01:01:01:01:05:76 92618c171d196cbf67e487252aabc70a
SET BT POWER 6 6 6
SET BT ROLE 0 f 2580
SET BT SNIFF 0 20 1 8
SET BT SSP 3 0
SET BT MTU 667
NAL
SET CONTROL BAUD 115200,8n1
SET CONTROL CODEC SBC JOINT_STEREO 44100 0
0 1100
SET CONTROL ECHO 7
SET CONTROL ESCAPE 43 00 1
SET CONTROL GAIN 8 8
SET CONTROL MICBIAS b 0
00 00
SET CONTROL PIO 00 00 00
SET CONTROL PREAMP 1 1
SET CONTROL READY 00
SET PROFILE SPP Bluetooth Serial Port

root@b2qt-apalis-imx6:/# 
root@b2qt-apalis-imx6:/# 
root@b2qt-apalis-imx6:/# echo "SET" > /dev/ttymxc3
root@b2qt-apalis-imx6:/# SET
SET BT BDADDR 88:6b:0f:62:71:88
SET BT NAME WT32i-AJ
SET BT CLASS 001f00
SET BT IDENT BT:47 f000 6.0.0 Bluegiga iWRAP
SET BT LAP 9e8b33
SET BT PAGEMODE 4 2000 1
SET BT PAIR 01:01:01:01:05:76 92618c171d196cbf67e487252aabc70a
SET BT POWER 6 6 6
SET BT ROLE 0 f 2580
SET BT SNIFF 0 20 1 8
SET BT SSP 3 0
SET BT MTU 667
SET CONTROL AUDIO INTERNAL INTERNAL
SET CONTROL BAUD 115200,8n1
SET CONTROL CD 00 0
SET CONTROL CODEC SBC JOINT_STEREO 44100 0
SET CONTROL CONFIG 0000 0000 0000 1100
SET CONTROL ECHO 7
SET CONTROL ESCAPE 43 00 1
SET CONTROL GAIN 8 8
SET CONTROL MICBIAS b 0
SET CONTROL MSC DTE 00 00 00 00 00 00
SET CONTROL PIO 00 00 00
SET CONTROL PREAMP 1 1
SET CONTROL READY 00
SET CONTROL VREGEN 0 00
SET PROFILE SPP Bluetooth Serial Port
SET

root@b2qt-apalis-imx6:/# 
root@b2qt-apalis-imx6:/# 
root@b2qt-apalis-imx6:/# 
root@b2qt-apalis-imx6:/# echo "SDP 01:01:01:01:05:76 110B" > /dev/ttymxc3
root@b2qt-apalis-imx6:/# SDP 01:01:01:01:05:76 110B
SDP 01:01:01:01:05:76 < I SERVICENAME S "JL_A2DP" > < I PROTOCOLDESCRIPTORLIST < < U L2CAP I 19 > < U 0019 I 100 > > >
SDP

root@b2qt-apalis-imx6:/# 
root@b2qt-apalis-imx6:/# 
root@b2qt-apalis-imx6:/# echo "SDP 01:01:01:01:05:76 110B" > /dev/ttymxc3 A
root@b2qt-apalis-imx6:/# SDP 01:01:01:01:05:76 110A
SDP ERROR 1b04 SDC_NO_RESPONSE_DATA

root@b2qt-apalis-imx6:/# echo "SDP 01:01:01:01:05:76 110A" > /dev/ttymxc3 C
root@b2qt-apalis-imx6:/# SDP 01:01:01:01:05:76 110C
SDP 01:01:01:01:05:76 < I PROTOCOLDESCRIPTORLIST < < U L2CAP I 17 > < U 0017 I 104 > > >
SDP

root@b2qt-apalis-imx6:/# 
root@b2qt-apalis-imx6:/# 
root@b2qt-apalis-imx6:/# echo "SDP 01:01:01:01:05:76 110C" > /dev/ttymxc3 E
root@b2qt-apalis-imx6:/# SDP 01:01:01:01:05:76 110E
SDP 01:01:01:01:05:76 < I PROTOCOLDESCRIPTORLIST < < U L2CAP I 17 > < U 0017 I 104 > > >
SDP 01:01:01:01:05:76 < I PROTOCOLDESCRIPTORLIST < < U L2CAP I 17 > < U 0017 I 104 > > >
SDP

root@b2qt-apalis-imx6:/# echo "CALL 01:01:01:01:05:76 19 A2DP" > /dev/ttymxc3
root@b2qt-apalis-imx6:/# CALL 01:01:01:01:05:76 19 A2DP
CALL 0
CONNECT 0 A2DP 19
NO CARRIER 0 ERROR 0 

root@b2qt-apalis-imx6:/# echo "CALL 01:01:01:01:05:76 19 A2DP" > /dev/ttymxc3
root@b2qt-apalis-imx6:/# CALL 01:01:01:01:05:76 19 A2DP
CALL 0
NO CARRIER 0 ERROR 0 

root@b2qt-apalis-imx6:/# 
root@b2qt-apalis-imx6:/# 
root@b2qt-apalis-imx6:/# echo "CALL 01:01:01:01:05:76 19 A2DP" > /dev/ttymxc3
root@b2qt-apalis-imx6:/# CALL 01:01:01:01:05:76 19 A2DP
CALL 0
CONNECT 0 A2DP 19
NO CARRIER 0 ERROR 0 

root@b2qt-apalis-imx6:/# 
root@b2qt-apalis-imx6:/# 
root@b2qt-apalis-imx6:/# 
root@b2qt-apalis-imx6:/# 
root@b2qt-apalis-imx6:/# echo "SET PROFILE A2DP SINK" > /dev/ttymxc3
root@b2qt-apalis-imx6:/# SET PROFILE A2DP SINK

root@b2qt-apalis-imx6:/# echo "SET PROFILE AVRCP CONTROLLER 3" > /dev/ttymxc3
root@b2qt-apalis-imx6:/# SET PROFILE AVRCP CONTROLLER 3

root@b2qt-apalis-imx6:/# echo "SET BT CLASS 240438" > /dev/ttymxc3
root@b2qt-apalis-imx6:/# SET BT CLASS 240438
echo "RESET" > /dev/ttymxc3
root@b2qt-apalis-imx6:/# RESET
WRAP THOR AI (6.0.0 build 952)
Copyright (c) 2003-2014 Bluegiga Technologies Inc.
READY.

root@b2qt-apalis-imx6:/# echo "RESET" > /dev/ttymxc3
root@b2qt-apalis-imx6:/# SET
SET BT BDADDR 88:6b:0f:62:71:88
SET BT NAME WT32i-AJ
SET BT CLASS 240438
SET BT IDENT BT:47 f000 6.0.0 Bluegiga iWRAP
SET BT LAP 9e8b33
SET BT PAGEMODE 4 2000 1
SET BT PAIR 01:01:01:01:05:76 92618c171d196cbf67e487252aabc70a
SET BT POWER 6 6 6
SET BT ROLE 0 f 2580
SET BT SNIFF 0 20 1 8
SET BT SSP 3 0
SET BT MTU 667
SET CONTROL AUDIO INTERNAL INTERNAL
SET CONTROL BAUD 115200,8n1
SET CONTROL CD 00 0
SET CONTROL CODEC SBC JOINT_STEREO 44100 0
SET CONTROL CONFIG 0000 0000 0000 1100
SET CONTROL ECHO 7
SET CONTROL ESCAPE 43 00 1
SET CONTROL GAIN 8 8
SET CONTROL MICBIAS b 0
SET CONTROL MSC DTE 00 00 00 00 00 00
SET CONTROL PIO 00 00 00
SET CONTROL PREAMP 1 1
SET CONTROL READY 00
SET CONTROL VREGEN 0 00
SET PROFILE A2DP SINK
SET PROFILE SPP Bluetooth Serial Port
SET PROFILE AVRCP CONTROLLER 03
SET

root@b2qt-apalis-imx6:/# echo "CALL 01:01:01:01:05:76 19 A2DP" > /dev/ttymxc3
root@b2qt-apalis-imx6:/# CALL 01:01:01:01:05:76 19 A2DP
CALL 0
CONNECT 0 A2DP 19
NO CARRIER 0 ERROR 0 

root@b2qt-apalis-imx6:/# 
root@b2qt-apalis-imx6:/# echo "CALL 01:01:01:01:05:76 19 A2DP" > /dev/ttymxc3
root@b2qt-apalis-imx6:/# CALL 01:01:01:01:05:76 19 A2DP
CALL 0
CONNECT 0 A2DP 19
NO CARRIER 0 ERROR 0 

root@b2qt-apalis-imx6:/# 
root@b2qt-apalis-imx6:/# echo "CALL 01:01:01:01:05:76 17 AVRCP" > /dev/ttymxc3
root@b2qt-apalis-imx6:/# CALL 01:01:01:01:05:76 17 AVRCP
CALL 0
CONNECT 0 AVRCP 17

root@b2qt-apalis-imx6:/# AVRCP 0 GET_CAPABILITIES 3

root@b2qt-apalis-imx6:/# echo "CALL 01:01:01:01:05:76 17 AVRCP" > /dev/ttymxc39 A2DP" > /dev/ttymxc3
root@b2qt-apalis-imx6:/# CALL 01:01:01:01:05:76 19 A2DP
CALL 1
CONNECT 1 A2DP 19
NO CARRIER 1 ERROR 0 

root@b2qt-apalis-imx6:/# 
root@b2qt-apalis-imx6:/# 
root@b2qt-apalis-imx6:/# echo "CALL 01:01:01:01:05:76 19 A2DP" > /dev/ttymxc3 7 AVRCP" > /dev/ttymxc39 A2DP" > /dev/ttymxc3
root@b2qt-apalis-imx6:/# CALL 01:01:01:01:05:76 19 A2DP
CALL 1
CONNECT 1 A2DP 19
NO CARRIER 1 ERROR 0 

root@b2qt-apalis-imx6:/# 
root@b2qt-apalis-imx6:/# 
root@b2qt-apalis-imx6:/# echo "set profile hsp-ag on" > /dev/ttymxc3
root@b2qt-apalis-imx6:/# set profile hsp-ag on

root@b2qt-apalis-imx6:/# echo "set profile hsp-ag on" > /dev/ttymxc3
root@b2qt-apalis-imx6:/# set
SET BT BDADDR 88:6b:0f:62:71:88
SET BT NAME WT32i-AJ
SET BT CLASS 240438
SET BT IDENT BT:47 f000 6.0.0 Bluegiga iWRAP
SET BT LAP 9e8b33
SET BT PAGEMODE 4 2000 1
SET BT PAIR 01:01:01:01:05:76 92618c171d196cbf67e487252aabc70a
SET BT POWER 6 6 6
SET BT ROLE 0 f 2580
SET BT SNIFF 0 20 1 8
SET BT SSP 3 0
SET BT MTU 667
SET CONTROL AUDIO INTERNAL INTERNAL
SET CONTROL BAUD 115200,8n1
SET CONTROL CD 00 0
SET CONTROL CODEC SBC JOINT_STEREO 44100 0
SET CONTROL CONFIG 0000 0000 0000 1100
SET CONTROL ECHO 7
SET CONTROL ESCAPE 43 00 1
SET CONTROL GAIN 8 8
SET CONTROL MICBIAS b 0
SET CONTROL MSC DTE 00 00 00 00 00 00
SET CONTROL PIO 00 00 00
SET CONTROL PREAMP 1 1
SET CONTROL READY 00
SET CONTROL VREGEN 0 00
SET PROFILE A2DP SINK
SET PROFILE SPP Bluetooth Serial Port
SET PROFILE HSP-AG Voice Gateway
SET PROFILE AVRCP CONTROLLER 03
SET

root@b2qt-apalis-imx6:/# echo "set bt class 200204" > /dev/ttymxc3
root@b2qt-apalis-imx6:/# set bt class 200204
echo "reset" > /dev/ttymxc3
root@b2qt-apalis-imx6:/# reset
WRAP THOR AI (6.0.0 build 952)
Copyright (c) 2003-2014 Bluegiga Technologies Inc.
READY.

root@b2qt-apalis-imx6:/# RING 0 01:01:01:01:05:76 19 A2DP 
NO CARRIER 0 ERROR 0 
RING 0 01:01:01:01:05:76 19 A2DP 
NO CARRIER 0 ERROR 0 
RING 0 01:01:01:01:05:76 19 A2DP 
NO CARRIER 0 ERROR 0 
RING 0 01:01:01:01:05:76 19 A2DP 
NO CARRIER 0 ERROR 0 
RING 0 01:01:01:01:05:76 19 A2DP 
NO CARRIER 0 ERROR 0 

root@b2qt-apalis-imx6:/# 
root@b2qt-apalis-imx6:/# 
root@b2qt-apalis-imx6:/# echo "pair 01:01:01:01:05:76" > /dev/ttymxc3
root@b2qt-apalis-imx6:/# pair 01:01:01:01:05:76

root@b2qt-apalis-imx6:/# echo "pair 01:01:01:01:05:76" > /dev/ttymxc3PAIR 01:01:01:01:05:76 FAIL

root@b2qt-apalis-imx6:/# pair 01:01:01:01:05:76

root@b2qt-apalis-imx6:/# PAIR 01:01:01:01:05:76 OK

root@b2qt-apalis-imx6:/# 
root@b2qt-apalis-imx6:/# RING 0 01:01:01:01:05:76 19 A2DP 
NO CARRIER 0 ERROR 0 
RING 0 01:01:01:01:05:76 19 A2DP 
NO CARRIER 0 ERROR 0 
RING 0 01:01:01:01:05:76 19 A2DP 
NO CARRIER 0 ERROR 0 
RING 0 01:01:01:01:05:76 19 A2DP 
NO CARRIER 0 ERROR 0 
RING 0 01:01:01:01:05:76 19 A2DP 
NO CARRIER 0 ERROR 0 
RING 0 01:01:01:01:05:76 19 A2DP 
NO CARRIER 0 ERROR 0 

root@b2qt-apalis-imx6:/# 
root@b2qt-apalis-imx6:/# 
root@b2qt-apalis-imx6:/# 
root@b2qt-apalis-imx6:/# echo "ring 0 01:01:01:01:05:76 5 HSP-AG" > /dev/ttymxc3
root@b2qt-apalis-imx6:/# ring 0 01:01:01:01:05:76 5 HSP-AG
SYNTAX ERROR

root@b2qt-apalis-imx6:/# 
root@b2qt-apalis-imx6:/# 
root@b2qt-apalis-imx6:/# RING 0 01:01:01:01:05:76 19 A2DP 
NO CARRIER 0 ERROR 0 
RING 0 01:01:01:01:05:76 19 A2DP 
NO CARRIER 0 ERROR 0 
echo "ring 0 01:01:01:01:05:76 5 HSP-AG" > /dev/ttymxc3
root@b2qt-apalis-imx6:/# ring 0 01:01:01:01:05:76 5 HSP-AG
SYNTAX ERROR

root@b2qt-apalis-imx6:/# 
root@b2qt-apalis-imx6:/# 
root@b2qt-apalis-imx6:/# 
root@b2qt-apalis-imx6:/# RING 0 01:01:01:01:05:76 19 A2DP 
NO CARRIER 0 ERROR 0 
RING 0 01:01:01:01:05:76 19 A2DP 
NO CARRIER 0 ERROR 0 
RING 0 01:01:01:01:05:76 19 A2DP 
NO CARRIER 0 ERROR 0 

root@b2qt-apalis-imx6:/# 
root@b2qt-apalis-imx6:/# 
root@b2qt-apalis-imx6:/# RING 0 01:01:01:01:05:76 19 A2DP 
NO CARRIER 0 ERROR 0 
RING 0 01:01:01:01:05:76 19 A2DP 
NO CARRIER 0 ERROR 0 
RING 0 01:01:01:01:05:76 19 A2DP 
NO CARRIER 0 ERROR 0 

root@b2qt-apalis-imx6:/# 
root@b2qt-apalis-imx6:/# 
root@b2qt-apalis-imx6:/# echo "ring 0 01:01:01:01:05:76 5 HSP-AG" > /dev/ttymxc3 h s p - a g
root@b2qt-apalis-imx6:/# ring 0 01:01:01:01:05:76 5 hsp-ag
SYNTAX ERROR
RING 0 01:01:01:01:05:76 19 A2DP 
NO CARRIER 0 ERROR 0 

root@b2qt-apalis-imx6:/# 
root@b2qt-apalis-imx6:/# 
root@b2qt-apalis-imx6:/# 
root@b2qt-apalis-imx6:/# 
root@b2qt-apalis-imx6:/# RING 0 01:01:01:01:05:76 19 A2DP 
NO CARRIER 0 ERROR 0 
RING 0 01:01:01:01:05:76 19 A2DP 
NO CARRIER 0 ERROR 0 

root@b2qt-apalis-imx6:/# echo "CALL 01:01:01:01:05:76  111E HFP-AG" > /dev/ttymxc3
root@b2qt-apalis-imx6:/# CALL 01:01:01:01:05:76  111E HFP-AG
CALL 0
CONNECT 0 HFP-AG 4
AT+BRSF=023
root@b2qt-apalis-imx6:/# 
root@b2qt-apalis-imx6:/# 
root@b2qt-apalis-imx6:/# 
root@b2qt-apalis-imx6:/# RING 1 01:01:01:01:05:76 19 A2DP 

root@b2qt-apalis-imx6:/# 
root@b2qt-apalis-imx6:/# 
root@b2qt-apalis-imx6:/# 
root@b2qt-apalis-imx6:/# cd home/
root@b2qt-apalis-imx6:/home# ;ls
-sh: syntax error near unexpected token `;'
root@b2qt-apalis-imx6:/home# ls
Enai_Noki_Paayum_Thota_Single-4  OhPenne.mp4  SmileSettai.mp4  Thaana_Serndha_Kootam  aplay  munb.wav  root
root@b2qt-apalis-imx6:/home# cd    cd Enai_Noki_Paayum_Thota_Single-4/
root@b2qt-apalis-imx6:/home/Enai_Noki_Paayum_Thota_Single-4# ls
Maru_Varthai_Pesathey-5StarMusiQ.Com.mp3	      Naan_Pizhaippeno-5StarMusiQ.Com.mp3
'Maruvaarthai_(Restrung_Version)-5StarMusiQ.Com.mp3'  Naan_Than_Inge_Visiri-5StarMusiQ.Com.mp3
root@b2qt-apalis-imx6:/home/Enai_Noki_Paayum_Thota_Single-4# 
root@b2qt-apalis-imx6:/home/Enai_Noki_Paayum_Thota_Single-4# 
root@b2qt-apalis-imx6:/home/Enai_Noki_Paayum_Thota_Single-4# 
root@b2qt-apalis-imx6:/home/Enai_Noki_Paayum_Thota_Single-4# gsy t-play-1.0 
Maru_Varthai_Pesathey-5StarMusiQ.Com.mp3            Naan_Pizhaippeno-5StarMusiQ.Com.mp3                 
Maruvaarthai_(Restrung_Version)-5StarMusiQ.Com.mp3  Naan_Than_Inge_Visiri-5StarMusiQ.Com.mp3            
root@b2qt-apalis-imx6:/home/Enai_Noki_Paayum_Thota_Single-4# gst-play-1.0 Maru) _Varthai_Pesathey-5StarMusiQ.Com.mp3 
Press 'k' to see a list of keyboard shortcuts.
Now playing /home/Enai_Noki_Paayum_Thota_Single-4/Maru_Varthai_Pesathey-5StarMusiQ.Com.mp3
Prerolling...CODEC: BLN_MAD-MMCODECS_MP3D_ARM_02.13.00_CORTEX-A8  build on Apr 10 2014 15:26:15.
Prerolled.0:00:00.1 / 0:05:56.7       0:00:00.2 / 0:05:56.7       0:00:00.3 / 0:05:56.7       0:00:00.4 / 0:05:56.7       0:00:00.5 / 0:05:56.7       0:00:00.6 / 0:05:56.7       0:00:00.7 / 0:05:56.7       0:00:00.8 / 0:05:56.7       0:00:00.9 / 0:05:56.7       0:00:01.0 / 0:05:56.7       0:00:01.1 / 0:05:56.7       0:00:01.2 / 0:05:56.7       0:00:01.3 / 0:05:56.7       0:00:01.4 / 0:05:56.7       0:00:01.5 / 0:05:56.7       0:00:01.6 / 0:05:56.7       0:00:01.7 / 0:05:56.7       0:00:01.8 / 0:05:56.7       0:00:01.9 / 0:05:56.7       0:00:02.0 / 0:05:56.7       0:00:02.1 / 0:05:56.7       0:00:02.2 / 0:05:56.7       0:00:02.3 / 0:05:56.7       0:00:02.4 / 0:05:56.7       0:00:02.5 / 0:05:56.7       0:00:02.6 / 0:05:56.7       0:00:02.7 / 0:05:56.7       0:00:02.8 / 0:05:56.7       

Interactive mode - keyboard controls:

	space    : pause/unpause
	q or ESC : quit
	>        : play next
	<        : play previous
	?        : seek forward
	?        : seek backward
	?        : volume up
	?        : volume down
	+        : increase playback rate
	-        : decrease playback rate
	d        : change playback direction
	t        : enable/disable trick modes
	a        : change audio track
	v        : change video track
	s        : change subtitle track
	k        : show keyboard shortcuts

0:00:02.9 / 0:05:56.7       0:00:03.0 / 0:05:56.7       0:00:03.1 / 0:05:56.7       0:00:03.2 / 0:05:56.7       0:00:03.3 / 0:05:56.7       0:00:03.4 / 0:05:56.7       0:00:03.5 / 0:05:56.7       Volume: 105%                  
0:00:03.6 / 0:05:56.7       0:00:03.7 / 0:05:56.7       0:00:03.8 / 0:05:56.7       0:00:03.9 / 0:05:56.7       0:00:04.0 / 0:05:56.7       Volume: 110%                  
Volume: 115%                  
Volume: 120%                  
0:00:04.1 / 0:05:56.7       Volume: 125%                  
Volume: 130%                  
Volume: 135%                  
0:00:04.2 / 0:05:56.7       Volume: 140%                  
Volume: 145%                  
Volume: 150%                  
Volume: 155%                  
0:00:04.3 / 0:05:56.7       Volume: 160%                  
Volume: 165%                  
Volume: 170%                  
0:00:04.4 / 0:05:56.7       Volume: 175%                  
Volume: 180%                  
Volume: 185%                  
0:00:04.5 / 0:05:56.7       Volume: 190%                  
No other audio tracks to switch to.
No other audio tracks to switch to.
0:00:04.6 / 0:05:56.7       Volume: 195%                  
Volume: 200%                  
Volume: 205%                  
0:00:04.7 / 0:05:56.7       No other audio tracks to switch to.
Volume: 210%                  
Volume: 215%                  

(gst-play-1.0:477): GLib-GObject-WARNING **: value "10.648000" of type 'gdouble' is invalid or out of range for property 'volume' of type 'gdouble'
Volume: 220%                  
0:00:04.8 / 0:05:56.7       
(gst-play-1.0:477): GLib-GObject-WARNING **: value "10.648000" of type 'gdouble' is invalid or out of range for property 'volume' of type 'gdouble'
Volume: 220%                  
No other audio tracks to switch to.
No other audio tracks to switch to.
0:00:04.9 / 0:05:56.7       
(gst-play-1.0:477): GLib-GObject-WARNING **: value "10.648000" of type 'gdouble' is invalid or out of range for property 'volume' of type 'gdouble'
Volume: 220%                  

(gst-play-1.0:477): GLib-GObject-WARNING **: value "10.648000" of type 'gdouble' is invalid or out of range for property 'volume' of type 'gdouble'
Volume: 220%                  

(gst-play-1.0:477): GLib-GObject-WARNING **: value "10.648000" of type 'gdouble' is invalid or out of range for property 'volume' of type 'gdouble'
Volume: 220%                  
0:00:05.0 / 0:05:56.7       No other audio tracks to switch to.

(gst-play-1.0:477): GLib-GObject-WARNING **: value "10.648000" of type 'gdouble' is invalid or out of range for property 'volume' of type 'gdouble'
Volume: 220%                  
0:00:05.1 / 0:05:56.7       0:00:05.2 / 0:05:56.7       0:00:05.3 / 0:05:56.7       0:00:05.4 / 0:05:56.7       0:00:05.5 / 0:05:56.7       0:00:05.6 / 0:05:56.7       No other audio tracks to switch to.
0:00:05.7 / 0:05:56.7       0:00:05.8 / 0:05:56.7       No other audio tracks to switch to.
0:00:05.9 / 0:05:56.7       
(gst-play-1.0:477): GLib-GObject-WARNING **: value "10.648000" of type 'gdouble' is invalid or out of range for property 'volume' of type 'gdouble'
Volume: 220%                  
0:00:06.0 / 0:05:56.7       0:00:06.1 / 0:05:56.7       0:00:06.2 / 0:05:56.7       0:00:06.3 / 0:05:56.7       0:00:06.4 / 0:05:56.7       0:00:06.5 / 0:05:56.7       0:00:06.6 / 0:05:56.7       0:00:06.7 / 0:05:56.7       0:00:06.8 / 0:05:56.7       0:00:06.9 / 0:05:56.7       0:00:07.0 / 0:05:56.7       0:00:07.1 / 0:05:56.7       0:00:07.2 / 0:05:56.7       0:00:07.3 / 0:05:56.7       0:00:07.4 / 0:05:56.7       0:00:07.5 / 0:05:56.7       0:00:07.6 / 0:05:56.7       0:00:07.7 / 0:05:56.7       0:00:07.8 / 0:05:56.7       0:00:07.9 / 0:05:56.7       0:00:08.0 / 0:05:56.7       0:00:08.1 / 0:05:56.7       0:00:08.2 / 0:05:56.7       0:00:08.3 / 0:05:56.7       0:00:08.4 / 0:05:56.7       0:00:08.5 / 0:05:56.7       0:00:08.6 / 0:05:56.7       0:00:08.7 / 0:05:56.7       0:00:08.8 / 0:05:56.7       0:00:08.9 / 0:05:56.7       0:00:09.0 / 0:05:56.7       0:00:09.1 / 0:05:56.7       0:00:09.2 / 0:05:56.7       0:00:09.3 / 0:05:56.7       0:00:09.4 / 0:05:56.7       0:00:09.5 / 0:05:56.7       0:00:09.6 / 0:05:56.7       0:00:09.7 / 0:05:56.7       0:00:09.8 / 0:05:56.7       0:00:09.9 / 0:05:56.7       0:00:10.0 / 0:05:56.7       0:00:10.1 / 0:05:56.7       0:00:10.2 / 0:05:56.7       0:00:10.3 / 0:05:56.7       0:00:10.4 / 0:05:56.7       0:00:10.5 / 0:05:56.7       0:00:10.6 / 0:05:56.7       0:00:10.7 / 0:05:56.7       0:00:10.8 / 0:05:56.7       0:00:10.9 / 0:05:56.7       0:00:11.0 / 0:05:56.7       0:00:11.1 / 0:05:56.7       0:00:11.2 / 0:05:56.7       0:00:11.3 / 0:05:56.7       0:00:11.4 / 0:05:56.7       0:00:11.5 / 0:05:56.7       0:00:11.6 / 0:05:56.7       0:00:11.7 / 0:05:56.7       0:00:11.8 / 0:05:56.7       0:00:11.9 / 0:05:56.7       0:00:12.0 / 0:05:56.7       0:00:12.1 / 0:05:56.7       0:00:12.2 / 0:05:56.7       0:00:12.4 / 0:05:56.7       0:00:12.4 / 0:05:56.7       0:00:12.6 / 0:05:56.7       0:00:12.6 / 0:05:56.7       0:00:12.8 / 0:05:56.7       0:00:12.8 / 0:05:56.7       0:00:13.0 / 0:05:56.7       0:00:13.0 / 0:05:56.7       0:00:13.2 / 0:05:56.7       0:00:13.2 / 0:05:56.7       0:00:13.4 / 0:05:56.7       0:00:13.4 / 0:05:56.7       0:00:13.6 / 0:05:56.7       0:00:13.6 / 0:05:56.7       0:00:13.8 / 0:05:56.7       0:00:13.8 / 0:05:56.7       0:00:14.0 / 0:05:56.7       0:00:14.0 / 0:05:56.7       0:00:14.2 / 0:05:56.7       0:00:14.2 / 0:05:56.7       0:00:14.4 / 0:05:56.7       0:00:14.4 / 0:05:56.7       0:00:14.6 / 0:05:56.7       0:00:14.6 / 0:05:56.7       0:00:14.8 / 0:05:56.7       0:00:14.8 / 0:05:56.7       0:00:15.0 / 0:05:56.7       0:00:15.0 / 0:05:56.7       0:00:15.2 / 0:05:56.7       0:00:15.3 / 0:05:56.7       0:00:15.4 / 0:05:56.7       0:00:15.5 / 0:05:56.7       0:00:15.6 / 0:05:56.7       0:00:15.7 / 0:05:56.7       0:00:15.8 / 0:05:56.7       0:00:15.9 / 0:05:56.7       0:00:16.0 / 0:05:56.7       0:00:16.1 / 0:05:56.7       0:00:16.2 / 0:05:56.7       0:00:16.3 / 0:05:56.7       0:00:16.4 / 0:05:56.7       0:00:16.5 / 0:05:56.7       0:00:16.6 / 0:05:56.7       0:00:16.7 / 0:05:56.7       0:00:16.8 / 0:05:56.7       0:00:16.9 / 0:05:56.7       0:00:17.0 / 0:05:56.7       0:00:17.1 / 0:05:56.7       0:00:17.2 / 0:05:56.7       0:00:17.3 / 0:05:56.7       0:00:17.4 / 0:05:56.7       0:00:17.5 / 0:05:56.7       0:00:17.6 / 0:05:56.7       0:00:17.7 / 0:05:56.7       0:00:17.8 / 0:05:56.7       0:00:17.9 / 0:05:56.7       0:00:18.0 / 0:05:56.7       0:00:18.1 / 0:05:56.7       0:00:18.2 / 0:05:56.7       0:00:18.3 / 0:05:56.7       0:00:18.4 / 0:05:56.7       0:00:18.5 / 0:05:56.7       0:00:18.6 / 0:05:56.7       0:00:18.7 / 0:05:56.7       0:00:18.8 / 0:05:56.7       0:00:18.9 / 0:05:56.7       0:00:19.0 / 0:05:56.7       0:00:19.1 / 0:05:56.7       0:00:19.2 / 0:05:56.7       0:00:19.3 / 0:05:56.7       0:00:19.4 / 0:05:56.7       0:00:19.5 / 0:05:56.7       0:00:19.6 / 0:05:56.7       0:00:19.7 / 0:05:56.7       0:00:19.8 / 0:05:56.7       0:00:19.9 / 0:05:56.7       0:00:20.0 / 0:05:56.7       0:00:20.1 / 0:05:56.7       0:00:20.2 / 0:05:56.7       0:00:20.3 / 0:05:56.7       0:00:20.4 / 0:05:56.7       0:00:20.5 / 0:05:56.7       0:00:20.6 / 0:05:56.7       0:00:20.7 / 0:05:56.7       0:00:20.8 / 0:05:56.7       0:00:20.9 / 0:05:56.7       0:00:21.0 / 0:05:56.7       0:00:21.1 / 0:05:56.7       0:00:21.2 / 0:05:56.7       0:00:21.3 / 0:05:56.7       0:00:21.4 / 0:05:56.7       0:00:21.5 / 0:05:56.7       0:00:21.6 / 0:05:56.7       0:00:21.7 / 0:05:56.7       0:00:21.8 / 0:05:56.7       0:00:21.9 / 0:05:56.7       0:00:22.0 / 0:05:56.7       0:00:22.1 / 0:05:56.7       0:00:22.2 / 0:05:56.7       0:00:22.3 / 0:05:56.7       0:00:22.4 / 0:05:56.7       0:00:22.5 / 0:05:56.7       0:00:22.6 / 0:05:56.7       0:00:22.7 / 0:05:56.7       0:00:22.8 / 0:05:56.7       0:00:22.9 / 0:05:56.7       0:00:23.0 / 0:05:56.7       0:00:23.1 / 0:05:56.7       0:00:23.2 / 0:05:56.7       0:00:23.3 / 0:05:56.7       0:00:23.4 / 0:05:56.7       0:00:23.5 / 0:05:56.7       0:00:23.6 / 0:05:56.7       0:00:23.7 / 0:05:56.7       0:00:23.8 / 0:05:56.7       0:00:23.9 / 0:05:56.7       0:00:24.0 / 0:05:56.7       0:00:24.1 / 0:05:56.7       0:00:24.2 / 0:05:56.7       0:00:24.3 / 0:05:56.7       0:00:24.4 / 0:05:56.7       0:00:24.5 / 0:05:56.7       0:00:24.6 / 0:05:56.7       0:00:24.7 / 0:05:56.7       0:00:24.8 / 0:05:56.7       0:00:24.9 / 0:05:56.7       0:00:25.0 / 0:05:56.7       0:00:25.1 / 0:05:56.7       0:00:25.2 / 0:05:56.7       0:00:25.3 / 0:05:56.7       0:00:25.4 / 0:05:56.7       0:00:25.5 / 0:05:56.7       0:00:25.6 / 0:05:56.7       0:00:25.7 / 0:05:56.7       0:00:25.8 / 0:05:56.7       0:00:25.9 / 0:05:56.7       0:00:26.0 / 0:05:56.7       0:00:26.1 / 0:05:56.7       0:00:26.2 / 0:05:56.7       0:00:26.3 / 0:05:56.7       0:00:26.4 / 0:05:56.7       0:00:26.5 / 0:05:56.7       0:00:26.6 / 0:05:56.7       0:00:26.7 / 0:05:56.7       0:00:26.8 / 0:05:56.7       0:00:26.9 / 0:05:56.7       0:00:27.0 / 0:05:56.7       0:00:27.1 / 0:05:56.7       0:00:27.2 / 0:05:56.7       0:00:27.3 / 0:05:56.7       0:00:27.4 / 0:05:56.7       0:00:27.5 / 0:05:56.7       0:00:27.6 / 0:05:56.7       0:00:27.7 / 0:05:56.7       0:00:27.8 / 0:05:56.7       0:00:27.9 / 0:05:56.7       0:00:28.0 / 0:05:56.7       0:00:28.1 / 0:05:56.7       0:00:28.2 / 0:05:56.7       0:00:28.3 / 0:05:56.7       0:00:28.4 / 0:05:56.7       0:00:28.5 / 0:05:56.7       0:00:28.6 / 0:05:56.7       0:00:28.7 / 0:05:56.7       0:00:28.8 / 0:05:56.7       0:00:28.9 / 0:05:56.7       0:00:29.0 / 0:05:56.7       0:00:29.1 / 0:05:56.7       0:00:29.2 / 0:05:56.7       0:00:29.3 / 0:05:56.7       0:00:29.4 / 0:05:56.7       0:00:29.6 / 0:05:56.7       0:00:29.6 / 0:05:56.7       0:00:29.8 / 0:05:56.7       0:00:29.8 / 0:05:56.7       0:00:30.0 / 0:05:56.7       0:00:30.0 / 0:05:56.7       0:00:30.2 / 0:05:56.7       0:00:30.2 / 0:05:56.7       0:00:30.4 / 0:05:56.7       0:00:30.4 / 0:05:56.7       0:00:30.6 / 0:05:56.7       0:00:30.6 / 0:05:56.7       0:00:30.8 / 0:05:56.7       0:00:30.8 / 0:05:56.7       0:00:31.0 / 0:05:56.7       0:00:31.0 / 0:05:56.7       0:00:31.2 / 0:05:56.7       0:00:31.2 / 0:05:56.7       0:00:31.4 / 0:05:56.7       0:00:31.4 / 0:05:56.7       0:00:31.6 / 0:05:56.7       0:00:31.6 / 0:05:56.7       0:00:31.8 / 0:05:56.7       0:00:31.8 / 0:05:56.7       0:00:32.0 / 0:05:56.7       0:00:32.0 / 0:05:56.7       0:00:32.2 / 0:05:56.7       0:00:32.2 / 0:05:56.7       0:00:32.4 / 0:05:56.7       0:00:32.4 / 0:05:56.7       0:00:32.6 / 0:05:56.7       0:00:32.6 / 0:05:56.7       0:00:32.8 / 0:05:56.7       0:00:32.8 / 0:05:56.7       0:00:33.0 / 0:05:56.7       0:00:33.0 / 0:05:56.7       0:00:33.2 / 0:05:56.7       0:00:33.3 / 0:05:56.7       0:00:33.4 / 0:05:56.7       0:00:33.5 / 0:05:56.7       0:00:33.6 / 0:05:56.7       0:00:33.7 / 0:05:56.7       0:00:33.8 / 0:05:56.7       0:00:33.9 / 0:05:56.7       0:00:34.0 / 0:05:56.7       0:00:34.1 / 0:05:56.7       0:00:34.2 / 0:05:56.7       0:00:34.3 / 0:05:56.7       0:00:34.4 / 0:05:56.7       0:00:34.5 / 0:05:56.7       0:00:34.6 / 0:05:56.7       0:00:34.7 / 0:05:56.7       0:00:34.8 / 0:05:56.7       0:00:34.9 / 0:05:56.7       0:00:35.0 / 0:05:56.7       0:00:35.1 / 0:05:56.7       0:00:35.2 / 0:05:56.7       0:00:35.3 / 0:05:56.7       0:00:35.4 / 0:05:56.7       0:00:35.5 / 0:05:56.7       0:00:35.6 / 0:05:56.7       0:00:35.7 / 0:05:56.7       0:00:35.8 / 0:05:56.7       0:00:35.9 / 0:05:56.7       0:00:36.0 / 0:05:56.7       0:00:36.1 / 0:05:56.7       0:00:36.2 / 0:05:56.7       0:00:36.3 / 0:05:56.7       0:00:36.4 / 0:05:56.7       0:00:36.5 / 0:05:56.7       0:00:36.6 / 0:05:56.7       0:00:36.7 / 0:05:56.7       0:00:36.8 / 0:05:56.7       0:00:36.9 / 0:05:56.7       0:00:37.0 / 0:05:56.7       0:00:37.1 / 0:05:56.7       0:00:37.2 / 0:05:56.7       0:00:37.3 / 0:05:56.7       0:00:37.4 / 0:05:56.7       0:00:37.5 / 0:05:56.7       0:00:37.6 / 0:05:56.7       0:00:37.7 / 0:05:56.7       0:00:37.8 / 0:05:56.7       0:00:37.9 / 0:05:56.7       0:00:38.0 / 0:05:56.7       0:00:38.1 / 0:05:56.7       0:00:38.2 / 0:05:56.7       0:00:38.3 / 0:05:56.7       0:00:38.4 / 0:05:56.7       0:00:38.5 / 0:05:56.7       0:00:38.6 / 0:05:56.7       0:00:38.7 / 0:05:56.7       0:00:38.8 / 0:05:56.7       0:00:38.9 / 0:05:56.7       0:00:39.0 / 0:05:56.7       0:00:39.1 / 0:05:56.7       0:00:39.2 / 0:05:56.7       0:00:39.3 / 0:05:56.7       0:00:39.4 / 0:05:56.7       0:00:39.5 / 0:05:56.7       0:00:39.6 / 0:05:56.7       0:00:39.7 / 0:05:56.7       0:00:39.8 / 0:05:56.7       0:00:39.9 / 0:05:56.7       0:00:40.0 / 0:05:56.7       0:00:40.1 / 0:05:56.7       0:00:40.2 / 0:05:56.7       0:00:40.3 / 0:05:56.7       0:00:40.4 / 0:05:56.7       0:00:40.5 / 0:05:56.7       0:00:40.6 / 0:05:56.7       0:00:40.7 / 0:05:56.7       0:00:40.8 / 0:05:56.7       0:00:40.9 / 0:05:56.7       0:00:41.0 / 0:05:56.7       0:00:41.1 / 0:05:56.7       0:00:41.2 / 0:05:56.7       0:00:41.3 / 0:05:56.7       0:00:41.4 / 0:05:56.7       0:00:41.5 / 0:05:56.7       0:00:41.6 / 0:05:56.7       0:00:41.7 / 0:05:56.7       0:00:41.8 / 0:05:56.7       0:00:41.9 / 0:05:56.7       No other audio tracks to switch to.
0:00:42.0 / 0:05:56.7       0:00:42.1 / 0:05:56.7       0:00:42.2 / 0:05:56.7       0:00:42.3 / 0:05:56.7       0:00:42.4 / 0:05:56.7       0:00:42.5 / 0:05:56.7       0:00:42.6 / 0:05:56.7       0:00:42.7 / 0:05:56.7       0:00:42.8 / 0:05:56.7       0:00:42.9 / 0:05:56.7       0:00:43.0 / 0:05:56.7       0:00:43.1 / 0:05:56.7       0:00:43.2 / 0:05:56.7       0:00:43.3 / 0:05:56.7       0:00:43.4 / 0:05:56.7       0:00:43.5 / 0:05:56.7       0:00:43.6 / 0:05:56.7       0:00:43.7 / 0:05:56.7       0:00:43.8 / 0:05:56.7       0:00:43.9 / 0:05:56.7       0:00:44.0 / 0:05:56.7       0:00:44.1 / 0:05:56.7       0:00:44.2 / 0:05:56.7       0:00:44.3 / 0:05:56.7       0:00:44.4 / 0:05:56.7       0:00:44.5 / 0:05:56.7       0:00:44.6 / 0:05:56.7       0:00:44.7 / 0:05:56.7       0:00:44.8 / 0:05:56.7       0:00:44.9 / 0:05:56.7       0:00:45.0 / 0:05:56.7       0:00:45.1 / 0:05:56.7       0:00:45.2 / 0:05:56.7       0:00:45.3 / 0:05:56.7       0:00:45.4 / 0:05:56.7       0:00:45.5 / 0:05:56.7       0:00:45.6 / 0:05:56.7       0:00:45.7 / 0:05:56.7       0:00:45.8 / 0:05:56.7       0:00:45.9 / 0:05:56.7       0:00:46.0 / 0:05:56.7       0:00:46.1 / 0:05:56.7       0:00:46.2 / 0:05:56.7       0:00:46.3 / 0:05:56.7       0:00:46.4 / 0:05:56.7       0:00:46.5 / 0:05:56.7       0:00:46.6 / 0:05:56.7       Volume: 210%                  
0:00:46.7 / 0:05:56.7       0:00:46.8 / 0:05:56.7       Volume: 205%                  
0:00:46.9 / 0:05:56.7       0:00:47.0 / 0:05:56.7       Volume: 200%                  
0:00:47.1 / 0:05:56.7       0:00:47.2 / 0:05:56.7       0:00:47.3 / 0:05:56.7       0:00:47.4 / 0:05:56.7       0:00:47.6 / 0:05:56.7       Volume: 205%                  
0:00:47.6 / 0:05:56.7       0:00:47.8 / 0:05:56.7       0:00:47.8 / 0:05:56.7       0:00:48.0 / 0:05:56.7       0:00:48.0 / 0:05:56.7       0:00:48.2 / 0:05:56.7       0:00:48.2 / 0:05:56.7       0:00:48.4 / 0:05:56.7       0:00:48.4 / 0:05:56.7       0:00:48.6 / 0:05:56.7       0:00:48.6 / 0:05:56.7       0:00:48.8 / 0:05:56.7       0:00:48.8 / 0:05:56.7       0:00:49.0 / 0:05:56.7       0:00:49.0 / 0:05:56.7       0:00:49.2 / 0:05:56.7       0:00:49.2 / 0:05:56.7       0:00:49.4 / 0:05:56.7       0:00:49.4 / 0:05:56.7       0:00:49.6 / 0:05:56.7       0:00:49.6 / 0:05:56.7       0:00:49.8 / 0:05:56.7       0:00:49.8 / 0:05:56.7       0:00:50.0 / 0:05:56.7       0:00:50.0 / 0:05:56.7       0:00:50.2 / 0:05:56.7       0:00:50.2 / 0:05:56.7       0:00:50.4 / 0:05:56.7       0:00:50.4 / 0:05:56.7       0:00:50.6 / 0:05:56.7       0:00:50.6 / 0:05:56.7       0:00:50.8 / 0:05:56.7       0:00:50.9 / 0:05:56.7       0:00:51.0 / 0:05:56.7       0:00:51.1 / 0:05:56.7       0:00:51.2 / 0:05:56.7       0:00:51.3 / 0:05:56.7       0:00:51.4 / 0:05:56.7       0:00:51.5 / 0:05:56.7       0:00:51.6 / 0:05:56.7       0:00:51.7 / 0:05:56.7       0:00:51.8 / 0:05:56.7       0:00:51.9 / 0:05:56.7       0:00:52.0 / 0:05:56.7       0:00:52.1 / 0:05:56.7       0:00:52.2 / 0:05:56.7       0:00:52.3 / 0:05:56.7       0:00:52.4 / 0:05:56.7       0:00:52.5 / 0:05:56.7       0:00:52.6 / 0:05:56.7       0:00:52.7 / 0:05:56.7       0:00:52.8 / 0:05:56.7       0:00:52.9 / 0:05:56.7       0:00:53.0 / 0:05:56.7       0:00:53.1 / 0:05:56.7       0:00:53.2 / 0:05:56.7       0:00:53.3 / 0:05:56.7       0:00:53.4 / 0:05:56.7       0:00:53.5 / 0:05:56.7       0:00:53.6 / 0:05:56.7       0:00:53.7 / 0:05:56.7       0:00:53.8 / 0:05:56.7       0:00:53.9 / 0:05:56.7       0:00:54.0 / 0:05:56.7       0:00:54.1 / 0:05:56.7       0:00:54.2 / 0:05:56.7       0:00:54.3 / 0:05:56.7       0:00:54.4 / 0:05:56.7       0:00:54.5 / 0:05:56.7       0:00:54.6 / 0:05:56.7       0:00:54.7 / 0:05:56.7       0:00:54.8 / 0:05:56.7       0:00:54.9 / 0:05:56.7       0:00:55.0 / 0:05:56.7       0:00:55.1 / 0:05:56.7       0:00:55.2 / 0:05:56.7       0:00:55.3 / 0:05:56.7       0:00:55.4 / 0:05:56.7       0:00:55.5 / 0:05:56.7       0:00:55.6 / 0:05:56.7       0:00:55.7 / 0:05:56.7       0:00:55.8 / 0:05:56.7       0:00:55.9 / 0:05:56.7       0:00:56.0 / 0:05:56.7       0:00:56.1 / 0:05:56.7       0:00:56.2 / 0:05:56.7       0:00:56.3 / 0:05:56.7       0:00:56.4 / 0:05:56.7       0:00:56.5 / 0:05:56.7       0:00:56.6 / 0:05:56.7       0:00:56.7 / 0:05:56.7       0:00:56.8 / 0:05:56.7       0:00:56.9 / 0:05:56.7       0:00:57.0 / 0:05:56.7       0:00:57.1 / 0:05:56.7       0:00:57.2 / 0:05:56.7       0:00:57.3 / 0:05:56.7       0:00:57.4 / 0:05:56.7       0:00:57.5 / 0:05:56.7       0:00:57.6 / 0:05:56.7       0:00:57.7 / 0:05:56.7       0:00:57.8 / 0:05:56.7       0:00:57.9 / 0:05:56.7       0:00:58.0 / 0:05:56.7       

U-Boot 2016.11+fslc+g80c3bd6 (Jan 02 2018 - 11:32:06 +0100)

CPU:   Freescale i.MX6Q rev1.5 at 792 MHz
Reset cause: POR
I2C:   ready
DRAM:  2 GiB
PMIC:  device id: 0x10, revision id: 0x21, programmed
MS('þFSL_SDHC: 0, FSL_SDHC: 1, FSL_SDHC: 2
auto-detected panel vga-rgb
Display: vga-rgb (640x480)
In:    serial
Out:   serial
Err:   serial
Model: Toradex Apalis iMX6 Quad 2GB IT V1.1C, Serial# 05139699
Net:   using PHY at 7
FEC [PRIME]
Hit any key to stop autoboot:  1  0 
Booting from internal eMMC chip...
reading imx6q-apalis-ixora-v1_1.dtb
48970 bytes read in 22 ms (2.1 MiB/s)
reading uImage
5943928 bytes read in 172 ms (33 MiB/s)
## Booting kernel from Legacy Image at 10800000 ...
   Image Name:   Linux-4.1.41-v2.7b1+g82f0f4f
   Image Type:   ARM Linux Kernel Image (uncompressed)
   Data Size:    5943864 Bytes = 5.7 MiB
   Load Address: 10008000
   Entry Point:  10008000
   Verifying Checksum ... OK
## Flattened Device Tree blob at 12000000
   Booting using the fdt blob at 0x12000000
   Loading Kernel Image ... OK
   Using Device Tree in place at 12000000, end 1200ef49

Starting kernel ...

[    0.000000] Booting Linux on physical CPU 0x0
[    0.000000] Initializing cgroup subsys cpu
[    0.000000] Initializing cgroup subsys cpuacct
[    0.000000] Linux version 4.1.41-v2.7b1+g82f0f4f (behlingc@mplan-ubuntu-1610-dev) (gcc version 5.3.0 (GCC) ) #1 SMP Wed Jan 31 17:39:36 CET 2018
[    0.000000] CPU: ARMv7 Processor [412fc09a] revision 10 (ARMv7), cr=10c5387d
[    0.000000] CPU: PIPT / VIPT nonaliasing data cache, VIPT aliasing instruction cache
[    0.000000] Machine model: Toradex Apalis iMX6Q/D Module on Ixora V1.1 Carrier Board
[    0.000000] Reserved memory: created CMA memory pool at 0x62000000, size 320 MiB
[    0.000000] Reserved memory: initialized node linux,cma, compatible id shared-dma-pool
[    0.000000] Memory policy: Data cache writealloc
[    0.000000] PERCPU: Embedded 12 pages/cpu @d0efd000 s16908 r8192 d24052 u49152
[    0.000000] Built 1 zonelists in Zone order, mobility grouping on.  Total pages: 521024
[    0.000000] Kernel command line: enable_wait_mode=off vmalloc=400M ip=off root=/dev/mmcblk0p2 rw,noatime rootfstype=ext4 rootwait fec_mac=00:14:2d:4e:6c:f3 consoleblank=0 no_console_suspend=1 console=tty1 console=ttymxc0,115200n8 mxc_hdmi.only_cea=1 video=mxcfb1:dev=hdmi,1920x1080M@60,if=RGB24 video=mxcfb0:dev=ldb,800x480M@60,if=RGB666 video=mxcfb2:off video=mxcfb3:off fbmem=32M
[    0.000000] PID hash table entries: 4096 (order: 2, 16384 bytes)
[    0.000000] Dentry cache hash table entries: 262144 (order: 8, 1048576 bytes)
[    0.000000] Inode-cache hash table entries: 131072 (order: 7, 524288 bytes)
[    0.000000] Memory: 1738972K/2097152K available (7679K kernel code, 330K rwdata, 2648K rodata, 372K init, 423K bss, 30500K reserved, 327680K cma-reserved, 425984K highmem)
[    0.000000] Virtual kernel memory layout:
[    0.000000]     vector  : 0xffff0000 - 0xffff1000   (   4 kB)
[    0.000000]     fixmap  : 0xffc00000 - 0xfff00000   (3072 kB)
[    0.000000]     vmalloc : 0xe6800000 - 0xff000000   ( 392 MB)
[    0.000000]     lowmem  : 0x80000000 - 0xe6000000   (1632 MB)
[    0.000000]     pkmap   : 0x7fe00000 - 0x80000000   (   2 MB)
[    0.000000]     modules : 0x7f000000 - 0x7fe00000   (  14 MB)
[    0.000000]       .text : 0x80008000 - 0x80a1e0a4   (10329 kB)
[    0.000000]       .init : 0x80a1f000 - 0x80a7c000   ( 372 kB)
[    0.000000]       .data : 0x80a7c000 - 0x80ace8c0   ( 331 kB)
[    0.000000]        .bss : 0x80ad1000 - 0x80b3ae1c   ( 424 kB)
[    0.000000] SLUB: HWalign=64, Order=0-3, MinObjects=0, CPUs=4, Nodes=1
[    0.000000] Hierarchical RCU implementation.
[    0.000000] NR_IRQS:16 nr_irqs:16 16
[    0.000000] L2C-310 erratum 769419 enabled
[    0.000000] L2C-310 enabling early BRESP for Cortex-A9
[    0.000000] L2C-310 full line of zeros enabled for Cortex-A9
[    0.000000] L2C-310 ID prefetch enabled, offset 16 lines
[    0.000000] L2C-310 dynamic clock gating enabled, standby mode enabled
[    0.000000] L2C-310 cache controller enabled, 16 ways, 1024 kB
[    0.000000] L2C-310: CACHE_ID 0x410000c7, AUX_CTRL 0x76470001
[    0.000000] mxc_clocksource_init 3000000
[    0.000000] Switching to timer-based delay loop, resolution 333ns
[    0.000006] sched_clock: 32 bits at 3000kHz, resolution 333ns, wraps every 715827882841ns
[    0.000023] clocksource mxc_timer1: mask: 0xffffffff max_cycles: 0xffffffff, max_idle_ns: 637086815595 ns
[    0.001230] Console: colour dummy device 80x30
[    0.001867] console [tty1] enabled
[    0.001895] Calibrating delay loop (skipped), value calculated using timer frequency.. 6.00 BogoMIPS (lpj=30000)
[    0.001936] pid_max: default: 32768 minimum: 301
[    0.002051] Mount-cache hash table entries: 4096 (order: 2, 16384 bytes)
[    0.002079] Mountpoint-cache hash table entries: 4096 (order: 2, 16384 bytes)
[    0.002653] Initializing cgroup subsys freezer
[    0.002691] Initializing cgroup subsys debug
[    0.002741] CPU: Testing write buffer coherency: ok
[    0.003015] Setting up static identity map for 0x10008280 - 0x100082d8
[    0.006299] Brought up 4 CPUs
[    0.006336] SMP: Total of 4 processors activated (24.00 BogoMIPS).
[    0.006360] CPU: All CPU(s) started in SVC mode.
[    0.006851] devtmpfs: initialized
[    0.019421] VFP support v0.3: implementor 41 architecture 3 part 30 variant 9 rev 4
[    0.019868] clocksource jiffies: mask: 0xffffffff max_cycles: 0xffffffff, max_idle_ns: 19112604462750000 ns
[    0.019928] futex hash table entries: 1024 (order: 4, 65536 bytes)
[    0.039473] pinctrl core: initialized pinctrl subsystem
[    0.040799] NET: Registered protocol family 16
[    0.049143] DMA: preallocated 256 KiB pool for atomic coherent allocations
[    0.079654] cpuidle: using governor ladder
[    0.109649] cpuidle: using governor menu
[    0.110042] CPU identified as i.MX6Q, silicon rev 1.5
[    0.134642] hw-breakpoint: found 5 (+1 reserved) breakpoint and 1 watchpoint registers.
[    0.134689] hw-breakpoint: maximum watchpoint size is 4 bytes.
[    0.135806] imx6q-pinctrl 20e0000.iomuxc: initialized IMX pinctrl driver
[    0.137786] imx-gpc 20dc000.gpc: no fsl,ldo-bypass found!
[    0.148001] mxs-dma 110000.dma-apbh: initialized
[    0.150539] usb_host_vbus: supplied by usb_host_vbus_hub
[    0.150893] vgaarb: loaded
[    0.151730] SCSI subsystem initialized
[    0.152226] usbcore: registered new interface driver usbfs
[    0.152324] usbcore: registered new interface driver hub
[    0.152425] usbcore: registered new device driver usb
[    0.152667] 2000000.aips-bus:usbphy_nop1 supply vcc not found, using dummy regulator
[    0.152849] 2000000.aips-bus:usbphy_nop2 supply vcc not found, using dummy regulator
[    0.153624] i2c-gpio i2c@0: using pins 80 (SDA) and 62 (SCL)
[    0.154488] i2c i2c-1: IMX I2C adapter registered
[    0.154526] i2c i2c-1: can't use DMA
[    0.156100] stmpe-i2c 2-0041: stmpe811 detected, chip id: 0x811
[    0.158040] i2c i2c-2: IMX I2C adapter registered
[    0.158076] i2c i2c-2: can't use DMA
[    0.158556] i2c i2c-3: IMX I2C adapter registered
[    0.158589] i2c i2c-3: can't use DMA
[    0.158754] Linux video capture interface: v2.00
[    0.158825] pps_core: LinuxPPS API ver. 1 registered
[    0.158849] pps_core: Software ver. 5.3.6 - Copyright 2005-2007 Rodolfo Giometti <giometti@linux.it>
[    0.158904] PTP clock support registered
[    0.179701] imx-ipuv3 2400000.ipu: IPU DMFC NORMAL mode: 1(0~1), 5B(4,5), 5F(6,7)
[    0.199696] imx-ipuv3 2800000.ipu: IPU DMFC NORMAL mode: 1(0~1), 5B(4,5), 5F(6,7)
[    0.200614] mxc_mipi_csi2 21dc000.mipi_csi: i.MX MIPI CSI2 driver probed ipu0 csi1
[    0.200659] mxc_mipi_csi2 21dc000.mipi_csi: i.MX MIPI CSI2 dphy version is 0x3130302a
[    0.200773] MIPI CSI2 driver module loaded
[    0.201064] Advanced Linux Sound Architecture Driver Initialized.
[    0.202298] Bluetooth: Core ver 2.20
[    0.202363] NET: Registered protocol family 31
[    0.202386] Bluetooth: HCI device and connection manager initialized
[    0.202415] Bluetooth: HCI socket layer initialized
[    0.202448] Bluetooth: L2CAP socket layer initialized
[    0.202492] Bluetooth: SCO socket layer initialized
[    0.203093] Switched to clocksource mxc_timer1
[    0.213877] NET: Registered protocol family 2
[    0.214660] TCP established hash table entries: 16384 (order: 4, 65536 bytes)
[    0.214834] TCP bind hash table entries: 16384 (order: 5, 131072 bytes)
[    0.215094] TCP: Hash tables configured (established 16384 bind 16384)
[    0.215196] UDP hash table entries: 1024 (order: 3, 32768 bytes)
[    0.215292] UDP-Lite hash table entries: 1024 (order: 3, 32768 bytes)
[    0.215569] NET: Registered protocol family 1
[    0.215906] RPC: Registered named UNIX socket transport module.
[    0.215935] RPC: Registered udp transport module.
[    0.215956] RPC: Registered tcp transport module.
[    0.215976] RPC: Registered tcp NFSv4.1 backchannel transport module.
[    0.216767] CPU PMU: Failed to parse /soc/pmu/interrupt-affinity[0]
[    0.216838] hw perfevents: enabled with armv7_cortex_a9 PMU driver, 7 counters available
[    0.217880] imx rpmsg driver is registered.
[    0.218925] Bus freq driver module loaded
[    0.225921] VFS: Disk quotas dquot_6.6.0
[    0.226118] VFS: Dquot-cache hash table entries: 1024 (order 0, 4096 bytes)
[    0.227190] squashfs: version 4.0 (2009/01/31) Phillip Lougher
[    0.227987] NFS: Registering the id_resolver key type
[    0.228040] Key type id_resolver registered
[    0.228063] Key type id_legacy registered
[    0.228104] nfs4filelayout_init: NFSv4 File Layout Driver Registering...
[    0.228638] ntfs: driver 2.1.32 [Flags: R/W].
[    0.229118] fuse init (API version 7.23)
[    0.233219] bounce: pool size: 64 pages
[    0.233265] io scheduler noop registered
[    0.233294] io scheduler deadline registered
[    0.233467] io scheduler cfq registered (default)
[    0.236208] backlight supply power not found, using dummy regulator
[    0.237835] MIPI DSI driver module loaded
[    0.239204] 20e0000.hdmi_video supply HDMI not found, using dummy regulator
[    0.240672] fbcvt: 800x480@60: CVT Name - .384M9
[    0.240721] mxc_sdc_fb fb@0: registered mxc display driver ldb
[    0.244841] mxc_sdc_fb fb@0: 800x480 h_sync,r,l: 72,24,96  v_sync,l,u: 7,3,10 pixclock=29500000 Hz
[    0.266784] mxc_hdmi 20e0000.hdmi_video: Detected HDMI controller 0x13:0xa:0xa0:0xc1
[    0.266844] fbcvt: 1920x1080@60: CVT Name - 2.073M9
[    0.266963] mxc_sdc_fb fb@1: registered mxc display driver hdmi
[    0.282230] mxc_sdc_fb fb@1: 1920x1080 h_sync,r,l: 44,88,148  v_sync,l,u: 5,4,36 pixclock=148500000 Hz
[    0.293176] imx-ipuv3 2400000.ipu: IPU DMFC DP HIGH RESOLUTION: 1(0,1), 5B(2~5), 5F(6,7)
[    0.296855] mxc_sdc_fb fb@2: mxcfb2 is turned off!
[    0.296951] mxc_sdc_fb fb@3: mxcfb3 is turned off!
[    0.298457] imx-sdma 20ec000.sdma: no iram assigned, using external mem
[    0.298876] imx-sdma 20ec000.sdma: no event needs to be remapped
[    0.299180] imx-sdma 20ec000.sdma: loaded firmware 3.3
[    0.301771] imx-sdma 20ec000.sdma: initialized
[    0.303468] pfuze100-regulator 2-0008: Full layer: 2, Metal layer: 1
[    0.304102] pfuze100-regulator 2-0008: FAB: 0, FIN: 0
[    0.304132] pfuze100-regulator 2-0008: pfuze100 found.
[    0.318693] 2020000.serial: ttymxc0 at MMIO 0x2020000 (irq = 26, base_baud = 5000000) is a IMX
[    1.225171] console [ttymxc0] enabled
[    1.229711] 21e8000.serial: ttymxc1 at MMIO 0x21e8000 (irq = 301, base_baud = 5000000) is a IMX
[    1.238974] 21f0000.serial: ttymxc3 at MMIO 0x21f0000 (irq = 302, base_baud = 5000000) is a IMX
[    1.248206] 21f4000.serial: ttymxc4 at MMIO 0x21f4000 (irq = 303, base_baud = 5000000) is a IMX
[    1.258945] [drm] Initialized drm 1.1.0 20060810
[    1.264056] [drm] Initialized vivante 1.0.0 20120216 on minor 0
[    1.278124] brd: module loaded
[    1.286300] loop: module loaded
[    1.290737] ahci-imx 2200000.sata: fsl,transmit-level-mV not specified, using 00000024
[    1.298738] ahci-imx 2200000.sata: fsl,transmit-boost-mdB not specified, using 00000480
[    1.306801] ahci-imx 2200000.sata: fsl,transmit-atten-16ths not specified, using 00002000
[    1.315028] ahci-imx 2200000.sata: fsl,receive-eq-mdB not specified, using 05000000
[    1.326218] ahci-imx 2200000.sata: SSS flag set, parallel bus scan disabled
[    1.333274] ahci-imx 2200000.sata: AHCI 0001.0300 32 slots 1 ports 3 Gbps 0x1 impl platform mode
[    1.342104] ahci-imx 2200000.sata: flags: ncq sntf stag pm led clo only pmp pio slum part ccc apst 
[    1.352606] scsi host0: ahci-imx
[    1.356186] ata1: SATA max UDMA/133 mmio [mem 0x02200000-0x02203fff] port 0x100 irq 313
[    1.367569] spi_imx 2008000.ecspi: probed
[    1.372515] vcan: Virtual CAN interface driver
[    1.377043] CAN device driver interface
[    1.381154] 2090000.flexcan supply xceiver not found, using dummy regulator
[    1.388950] flexcan 2090000.flexcan: device registered (reg_base=e6aa8000, irq=35)
[    1.396707] 2094000.flexcan supply xceiver not found, using dummy regulator
[    1.404409] flexcan 2094000.flexcan: device registered (reg_base=e6ab0000, irq=36)
[    1.413173] 2188000.ethernet supply phy not found, using dummy regulator
[    1.433509] pps pps0: new PPS source ptp0
[    1.438751] libphy: fec_enet_mii_bus: probed
[    1.444837] fec 2188000.ethernet eth0: registered PHC device 0
[    1.450959] PPP generic driver version 2.4.2
[    1.455512] ehci_hcd: USB 2.0 'Enhanced' Host Controller (EHCI) Driver
[    1.462070] ehci-pci: EHCI PCI platform driver
[    1.466624] ehci-mxc: Freescale On-Chip EHCI Host driver
[    1.472165] usbcore: registered new interface driver usb-storage
[    1.478353] usbcore: registered new interface driver usbserial
[    1.484272] usbcore: registered new interface driver usbserial_generic
[    1.490862] usbserial: USB Serial support registered for generic
[    1.496953] usbcore: registered new interface driver ftdi_sio
[    1.502765] usbserial: USB Serial support registered for FTDI USB Serial Device
[    1.510181] usbcore: registered new interface driver option
[    1.515825] usbserial: USB Serial support registered for GSM modem (1-port)
[    1.522855] usbcore: registered new interface driver pl2303
[    1.528502] usbserial: USB Serial support registered for pl2303
[    1.535808] 2184800.usbmisc supply vbus-wakeup not found, using dummy regulator
[    1.554969] ci_hdrc ci_hdrc.1: EHCI Host Controller
[    1.559906] ci_hdrc ci_hdrc.1: new USB bus registered, assigned bus number 1
[    1.583132] ci_hdrc ci_hdrc.1: USB 2.0 started, EHCI 1.00
[    1.589354] hub 1-0:1.0: USB hub found
[    1.593198] hub 1-0:1.0: 1 port detected
[    1.598128] mousedev: PS/2 mouse device common for all mice
[    1.604296] [PENMOUNT] Loading penmount_i2c V1.15.0
[    1.609338] [PENMOUNT] Probing for device ...
[    1.658212] [PENMOUNT] PM2204.D01.1.0.0
[    1.664946] [PENMOUNT] Supports 5 touch contacts
[    1.672453] [PENMOUNT] Supports WD mode
[    1.676326] [PENMOUNT] Supports WP mode
[    1.683045] [PENMOUNT] Use WP mode !
[    1.689524] [PENMOUNT] Sensitivity Level : 0 (max: 2)
[    1.697485] [PENMOUNT] irq already specified !!
[    1.702177] [PENMOUNT] Using IRQ 219
[    1.706024] input: PenMount I2C Touch Screen as /devices/soc0/soc/2100000.aips-bus/21a0000.i2c/i2c-1/1-0038/input/input0
[    1.713133] ata1: SATA link down (SStatus 0 SControl 300)
[    1.713177] ahci-imx 2200000.sata: no device found, disabling link.
[    1.713184] ahci-imx 2200000.sata: pass ahci_imx..hotplug=1 to enable hotplug
[    1.736314] input: PenMount I2C Touch Key as /devices/soc0/soc/2100000.aips-bus/21a0000.i2c/i2c-1/1-0038/input/input1
[    1.750399] rtc-ds1307 1-0068: rtc core: registered m41t0 as rtc0
[    1.757219] snvs_rtc 20cc000.snvs:snvs-rtc-lp: rtc core: registered 20cc000.snvs:snvs-r as rtc1
[    1.766119] i2c /dev entries driver
[    1.771380] mxc_v4l2_output v4l2_out: V4L2 device registered as video16
[    1.778206] mxc_v4l2_output v4l2_out: V4L2 device registered as video17
[    1.785034] mxc_v4l2_output v4l2_out: V4L2 device registered as video18
[    1.791829] mxc_v4l2_output v4l2_out: V4L2 device registered as video19
[    1.800623] imx2-wdt 20bc000.wdog: timeout 60 sec (nowayout=0)
[    1.806737] usbcore: registered new interface driver btusb
[    1.812452] sdhci: Secure Digital Host Controller Interface driver
[    1.818676] sdhci: Copyright(c) Pierre Ossman
[    1.823060] sdhci-pltfm: SDHCI platform and OF driver helper
[    1.829690] /soc/aips-bus@02100000/usdhc@02190000: voltage-ranges unspecified
[    1.836911] sdhci-esdhc-imx 2190000.usdhc: Got CD GPIO
[    1.843578] sdhci-esdhc-imx 2190000.usdhc: No vqmmc regulator found
[    1.893247] mmc1: SDHCI controller on 2190000.usdhc [2190000.usdhc] using ADMA
[    1.905209] /soc/aips-bus@02100000/usdhc@02198000: voltage-ranges unspecified
[    1.912852] sdhci-esdhc-imx 2198000.usdhc: No vqmmc regulator found
[    1.913133] usb 1-1: new high-speed USB device number 2 using ci_hdrc
[    1.973130] mmc0: SDHCI controller on 2198000.usdhc [2198000.usdhc] using ADMA
[    1.982028] mxc_vpu 2040000.vpu_fsl: VPU initialized
[    1.987629] mxc_vdoa 21e4000.vdoa: i.MX Video Data Order Adapter(VDOA) driver probed
[    1.998155] caam 2100000.caam: Entropy delay = 3200
[    2.003125] caam 2100000.caam: Instantiated RNG4 SH0
[    2.007329] mmc1: new high speed SDHC card at address 0001
[    2.033227] mmcblk1: mmc1:0001 00000 7.44 GiB 
[    2.039709]  mmcblk1: p1 p2
[    2.063855] caam 2100000.caam: Instantiated RNG4 SH1
[    2.068858] caam 2100000.caam: device ID = 0x0a16010000000000 (Era -524)
[    2.075598] caam 2100000.caam: job rings = 2, qi = 0
[    2.104307] hub 1-1:1.0: USB hub found
[    2.108273] hub 1-1:1.0: 4 ports detected
[    2.118367] mmc0: MAN_BKOPS_EN bit is not set
[    2.138967] caam algorithms registered in /proc/crypto
[    2.142029] mmc0: new DDR MMC card at address 0001
[    2.142432] mmcblk0: mmc0:0001 Q2J54A 3.59 GiB 
[    2.142552] mmcblk0boot0: mmc0:0001 Q2J54A partition 1 16.0 MiB
[    2.142669] mmcblk0boot1: mmc0:0001 Q2J54A partition 2 16.0 MiB
[    2.143820]  mmcblk0: p1 p2
[    2.172385] caam_jr 2101000.jr0: registering rng-caam
[    2.178407] snvs-secvio 20cc000.caam-snvs: can't get snvs clock
[    2.184442] snvs-secvio 20cc000.caam-snvs: violation handlers armed - non-secure state
[    2.192635] hidraw: raw HID events driver (C) Jiri Kosina
[    2.198292] usbcore: registered new interface driver usbhid
[    2.203913] usbhid: USB HID core driver
[    2.213215] stmpe-adc stmpe-adc: Initialized
[    2.221034] sgtl5000 2-000a: sgtl5000 revision 0x11
[    2.252420] fsl-asrc 2034000.asrc: driver registered
[    2.393135] usb 1-1.2: new low-speed USB device number 3 using ci_hdrc
[    2.399968] imx-sgtl5000 sound: sgtl5000 <-> 2028000.ssi mapping ok
[    2.409046] imx-spdif sound-spdif: snd-soc-dummy-dai <-> 2004000.spdif mapping ok
[    2.419506] imx-audio-hdmi sound-hdmi: hdmi-hifi <-> soc:hdmi_audio@00120000 mapping ok
[    2.428264] Netfilter messages via NETLINK v0.30.
[    2.433030] nfnl_acct: registering with nfnetlink.
[    2.437883] nf_conntrack version 0.5.0 (16384 buckets, 65536 max)
[    2.444508] nf_tables: (c) 2007-2009 Patrick McHardy <kaber@trash.net>
[    2.451451] ip_tables: (C) 2000-2006 Netfilter Core Team
[    2.457422] NET: Registered protocol family 10
[    2.462984] ip6_tables: (C) 2000-2006 Netfilter Core Team
[    2.468469] NET: Registered protocol family 17
[    2.472985] bridge: automatic filtering via arp/ip/ip6tables has been deprecated. Update your scripts to load br_netfilter if you need this.
[    2.485670] Bridge firewalling registered
[    2.489717] can: controller area network core (rev 20120528 abi 9)
[    2.496003] NET: Registered protocol family 29
[    2.500512] can: raw protocol (rev 20120528)
[    2.504839] can: broadcast manager protocol (rev 20120528 t)
[    2.510537] can: netlink gateway (rev 20130117) max_hops=1
[    2.516314] Bluetooth: RFCOMM TTY layer initialized
[    2.521319] Bluetooth: RFCOMM socket layer initialized
[    2.526538] Bluetooth: RFCOMM ver 1.11
[    2.526915] input: PixArt Dell MS116 USB Optical Mouse as /devices/soc0/soc/2100000.aips-bus/2184200.usb/ci_hdrc.1/usb1/1-1/1-1.2/1-1.2:1.0/0003:413C:301A.0001/input/input2
[    2.527379] hid-generic 0003:413C:301A.0001: input,hidraw0: USB HID v1.11 Mouse [PixArt Dell MS116 USB Optical Mouse] on usb-ci_hdrc.1-1.2/input0
[    2.558872] Bluetooth: BNEP (Ethernet Emulation) ver 1.3
[    2.564222] Bluetooth: BNEP filters: protocol multicast
[    2.569476] Bluetooth: BNEP socket layer initialized
[    2.574484] Bluetooth: HIDP (Human Interface Emulation) ver 1.2
[    2.580430] Bluetooth: HIDP socket layer initialized
[    2.585495] 8021q: 802.1Q VLAN Support v1.8
[    2.590068] Key type dns_resolver registered
[    2.596370] Registering SWP/SWPB emulation handler
[    2.601845] registered taskstats version 1
[    2.606021] usb 1-1.3: new high-speed USB device number 4 using ci_hdrc
[    2.613592] 1ffc000.pcie supply pcie-bus not found, using dummy regulator
[    3.033409] imx6q-pcie 1ffc000.pcie: phy link never came up
[    3.039064] imx6q-pcie 1ffc000.pcie: failed to initialize host
[    3.045060] imx6q-pcie: probe of 1ffc000.pcie failed with error -22
[    3.055405] rtc-ds1307 1-0068: setting system clock to 2018-02-03 16:28:57 UTC (1517675337)
[    3.073950] usb_otg_vbus: disabling
[    3.077717] ALSA device list:
[    3.080724]   #0: imx6q-apalis-sgtl5000
[    3.084633]   #1: imx-spdif
[    3.087452]   #2: imx-hdmi-soc
[    3.101992] EXT4-fs (mmcblk0p2): INFO: recovery required on readonly filesystem
[    3.109390] EXT4-fs (mmcblk0p2): write access will be enabled during recovery
[    3.196528] EXT4-fs (mmcblk0p2): orphan cleanup on readonly fs
[    3.202601] EXT4-fs (mmcblk0p2): 1 orphan inode deleted
[    3.207902] EXT4-fs (mmcblk0p2): recovery complete
[    3.229533] EXT4-fs (mmcblk0p2): mounted filesystem with ordered data mode. Opts: (null)
[    3.237734] VFS: Mounted root (ext4 filesystem) readonly on device 179:10.
[    3.245343] devtmpfs: mounted
[    3.248671] Freeing unused kernel memory: 372K (80a1f000 - 80a7c000)
[    3.383961] random: systemd urandom read with 49 bits of entropy available
[    3.395491] systemd[1]: systemd 229 running in system mode. (-PAM -AUDIT -SELINUX +IMA -APPARMOR +SMACK +SYSVINIT +UTMP -LIBCRYPTSETUP -GCRYPT -GNUTLS +ACL +XZ -LZ4 -SECCOMP +BLKID -ELFUTILS +KMOD -IDN)
[    3.414537] systemd[1]: Detected architecture arm.

Welcome to Boot to Qt for Embedded Linux 2.1.1 (krogoth)!

[    3.443653] systemd[1]: Set hostname to <b2qt-apalis-imx6>.
[    3.668065] systemd[1]: Listening on Journal Socket.
[  OK  ] Listening on Journal Socket.
[    3.703457] systemd[1]: Listening on Syslog Socket.
[  OK  ] Listening on Syslog Socket.
[    3.723294] systemd[1]: Reached target Remote File Systems.
[  OK  ] Reached target Remote File Systems.
[    3.753257] systemd[1]: Reached target Swap.
[  OK  ] Reached target Swap.
[    3.802509] systemd[1]: Listening on Journal Socket (/dev/log).
[  OK  ] Listening on Journal Socket (/dev/log).
[    3.824157] systemd[1]: Created slice System Slice.
[  OK  ] Created slice System Slice.
[    3.847388] systemd[1]: Starting Journal Service...
         Starting Journal Service...
[    3.877381] systemd[1]: Starting File System Check on Root Device...
         Starting File System Check on Root Device...
[    3.902860] systemd[1]: Starting Load Kernel Modules...
         Starting Load Kernel Modules...
[    3.917352] systemd[1]: Mounting Temporary Directory...
         Mounting Temporary Directory...[    3.925045] systemd[1]: Created slice system-serial\x2dgetty.slice.

[  OK  ] Created slice system-serial\x2[    3.935589] systemd[1]: Listening on Network Service Netlink Socket.
dgetty.slice.
[  OK  ] Listening on Network Service Netlink Socket.
[    3.952608] systemd[1]: Starting Create list of required static device nodes for the current kernel...
         [    3.965579] systemd[1]: Listening on /dev/initctl Compatibility Named Pipe.
Starting Create list of required [    3.973996] systemd[1]: Started Dispatch Password Requests to Console Directory Watch.
st... nodes for the current kerne[    3.984425] systemd[1]: Listening on udev Kernel Socket.
l...
[  OK  ] Listeni[    3.993020] systemd[1]: Created slice User and Session Slice.
ng on /dev/initctl Compatibility [    4.001247] systemd[1]: Reached target Slices.
Named Pipe.
[  OK  ] Started Dispatch Password Reques[    4.011693] systemd[1]: Mounting Debug File System...
ts to Console Directory Watch.
[[    4.019698] systemd[1]: Listening on udev Control Socket.
  OK  ] Listening on u[    4.028422] systemd[1]: Started Forward Password Requests to Wall Directory Watch.
dev Kernel Socket.
[  OK [    4.038326] systemd[1]: Reached target Paths.
 ] Created slice User and Session Slice.
[  OK  ][    4.048382] systemd[1]: Starting Setup Virtual Console...
 Reached target Slices.
         Mounting Debug File System...
[  OK  ] Listening on[    4.063673] systemd[1]: Mounted Debug File System.
 udev Control Socket.
[  [    4.070098] systemd[1]: Mounted Temporary Directory.
OK  ] Started Forward Password Requests to Wall Directory Watch.
[  OK  ] Reached target Paths.
         Starting Setup Virtual Console...
[  OK  ] Mounted Debug File System.
[  OK  ] Mounted Temporary Directory.
[    4.101306] RTL871X: module init start
[    4.104319] systemd[1]: Started Journal Service.
[    4.109825] RTL871X: rtl8723bu v4.3.6.11_12942.20141204_BTCOEX20140507-4E40
[    4.109830] RTL871X: rtl8723bu BT-Coex version = BTCOEX20140507-4E40
[  OK  ] Started Journal Service.
[  OK  ] Started Create list of required sta...ce nodes for the current kernel.
[  OK  ] Started File System Check on Root Device.
[  OK  ] Started Setup Virtual Console.
         Starting Remount Root and Kernel File Systems...
[    4.325166] EXT4-fs (mmcblk0p2): re-mounted. Opts: (null)
[  OK  ] Started Remount Root and Kernel File Systems.
         Starting Create Static Device Nodes in /dev...
[    4.411990] RTL871X: rtw_ndev_init(wlan0)
         Starting udev Coldplug all Devic[    4.422339] RTL871X: rtw_ndev_init(wlan1)
es...
[    4.430136] usbcore: registered new interface driver rtl8723bu
[    4.436111] RTL871X: module init ret=0
         Starting Flush Journal to Persistent Storage...
[    4.461296] Galcore version 5.0.11.41671
[  OK  ] Started Create Static Device Nodes in /dev.
[    4.552915] systemd-journald[189]: Received request to flush runtime journal from PID 1
[  OK  ] Reached target Local File Systems (Pre).
         Mounting /var/volatile...
         Starting udev Kernel Device Manager...
[  OK  ] Mounted /var/volatile.
[  OK  ] Started Flush Journal to Persistent Storage.
[  OK  ] Started udev Kernel Device Manager.
         Starting Load/Save Random Seed...
[  OK  ] Reached target Local File Systems.
         Starting Create Volatile Files and Directories...
[  OK  ] Started Load/Save Random Seed.
[  OK  ] Started Create Volatile Files and Directories.
         Starting Network Time Synchronization...
         Starting Update UTMP about System Boot/Shutdown...
[  OK  ] Started Network Time Synchronization.
[  OK  ] Reached target System Time Synchronized.
[  OK  ] Started Update UTMP about System Boot/Shutdown.
[  OK  ] Created slice system-systemd\x2dbacklight.slic[    5.283517] tty0tty null modem driver v1.2
e.
         Starting Load/Save Screen Backlight...htness of backlight:backlight...
[  OK  ] Started Load Kernel Modules.
[  OK  ] Started udev Coldplug all Devices.
[  OK  ] Started Load/Save Screen Backlight Brightness of backlight:backlight.
[  OK  ] Found device /dev/ttymxc0.
[  OK  ] Found device /dev/ttymxc1.
[    5.654309] ov5647_read_reg(mipi):reg=300a ret=-5
[    5.659090] camera ov5647_mipi is not found
[  OK  ] Reached target Sound Card.
         Mounting Configuration File System...
         Mounting FUSE Control File System...
         Starting Apply Kernel Variables...
[  OK  ] Mounted Configuration File System.
[  OK  ] Mounted FUSE C[    5.903628] ERROR: v4l2 capture: slave not found!
ontrol File System.
[    5.903724] ERROR: v4l2 capture: slave not found!
[  OK  ] Started Apply Kernel Variables.
[  OK  ] Listening on Load/Save RF Kill Switch Status /dev/rfkill Watch.
[  OK  ] Reached target System Initialization.
[  OK  ] Started Daily Cleanup of Temporary Directories.
[  OK  ] Reached target Timers.
[  OK  ] Listening on dropbear.socket.
[  OK  ] Listening on RPCbind Server Activation Socket.
[  OK  ] Listening on D-Bus System Message Bus Socket.
[  OK  ] Reached target Sockets.
[  OK  ] Reached target Basic System.
[  OK  ] Started Serial Getty on ttymxc0.
[  OK  ] Started Kernel Logging Service.
[  OK  ] Started B2Qt user application.
[  OK  ] Started System Logging Service.
[    6.325294] random: nonblocking pool is initialized
[  OK  ] Started Serial Getty on ttymxc1.
[  OK  ] Reached target Login Prompts.
         Starting Login Service...
         Starting Save/Restore Sound Card State...
[  OK  ] Started D-Bus System Message Bus.
         Starting D-BUS Session Message Bus....
         Starting Network Service...
[  OK  ] Started Save/Restore Sound Card State.
[  OK  ] Started Network Service.
[  OK  ] Started D-BUS Session Message Bus..
[    6.808566] flexcan 2090000.flexcan can0: writing ctrl=0x01232084
[  OK  ] Started Login Service.
[  OK  ] Reached target Network.
         Starting ADB Server Daemon...
         Starting Network Time Service...
         Starting Load/Save RF Kill Switch Status...
[    6.923269] usb 1-1.1: new high-speed USB device number 5 using ci_hdrc
[    6.936788] file system registered
[  OK  ] Started Load/Save RF Kill Switch Status.
[  OK  ] Started Network Time Service.
[  OK  ] Started ADB Server Daemon.
[  OK  ] Reached target Multi-User System.
[  OK  ] Started Ujet Telemetry Service.
[    7.047909] read descriptors
[    7.050863] read strings
[    7.053799] g_ffs gadget: g_ffs ready
[    7.061500] option 1-1.1:1.0: GSM modem (1-port) converter detected
[    7.068991] usb 1-1.1: GSM modem (1-port) converter now attached to ttyUSB0
[  OK  ] Reached target[    7.079047] option 1-1.1:1.1: GSM modem (1-port) converter detected
 Custom Target.
[    7.087720] usb 1-1.1: GSM modem (1-port) converter now attached to ttyUSB1
[    7.095766] option 1-1.1:1.2: GSM modem (1-port) converter detected
[    7.103009] usb 1-1.1: GSM modem (1-port) converter now attached to ttyUSB2
[  OK  ] Started Ujet B[    7.116200] option 1-1.1:1.3: GSM modem (1-port) converter detected
luetooth Audio Service.
[    7.124438] usb 1-1.1: GSM modem (1-port) converter now attached to ttyUSB3
[    7.133947] option 1-1.1:1.4: GSM modem (1-port) converter detected
[    7.141424] usb 1-1.1: GSM modem (1-port) converter now attached to ttyUSB4
[  OK  ] Started Ujet HTTPD Service.
         Starting Update UTMP about System Runlevel Changes...
[  OK  ] Started Ujet Ble Service.
         Starting Ujet Identify Service...
[  OK  ] Started Ujet Cloud Service.
[  OK  ] Started Update UTMP about System Runlevel Changes.
[  OK  ] Stopped Bluetooth service.
[    7.801289] mxc_sdc_fb fb@0: 800x480 h_sync,r,l: 72,24,96  v_sync,l,u: 7,3,10 pixclock=29500000 Hz

Boot to Qt for Embedded Linux 2.1.1 b2qt-apalis-imx6 ttymxc0

b2qt-apalis-imx6 login: [   14.065708] ci_hdrc ci_hdrc.0: Device No Response

Boot to Qt for Embedded Linux 2.1.1 b2qt-apalis-imx6 ttymxc0

b2qt-apalis-imx6 login: root
root@b2qt-apalis-imx6:~# cd /
root@b2qt-apalis-imx6:/# cat /dev/ttymxc3 &
[1] 470
root@b2qt-apalis-imx6:/# cat /dev/ttymxc3 & 4
[2] 471
root@b2qt-apalis-imx6:/# 
root@b2qt-apalis-imx6:/# 
root@b2qt-apalis-imx6:/# 
root@b2qt-apalis-imx6:/# 
root@b2qt-apalis-imx6:/# NQUIRY 7 NAME
INQUIRY_PARTIAL 88:6b:0f:62:71:88 200204
INQUIRY_PARTIAL bc:d1:1f:5b:f2:c1 5a020c
INQUIRY_PARTIAL 00:1b:10:00:2a:ec 6e0100
INQUIRY 3
INQUIRY 88:6b:0f:62:71:88 200204
INQUIRY bc:d1:1f:5b:f2:c1 5a020c
INQUIRY 00:1b:10:00:2a:ec 6e0100
NAME 88:6b:0f:62:71:88 "WT32i-AJ"
NAME bc:d1:1f:5b:f2:c1 "Galaxy S5"
NAME 00:1b:10:00:2a:ec "emb-ban-227-0"

root@b2qt-apalis-imx6:/# cat /dev/ttymxc4 &INQUIRY 7 NAME
INQUIRY_PARTIAL bc:d1:1f:5b:f2:c1 5a020c
INQUIRY_PARTIAL d0:53:49:e5:59:26 6c0100
INQUIRY_PARTIAL 00:1b:10:00:2a:ec 6e0100
INQUIRY_PARTIAL 88:6b:0f:62:71:88 200204
INQUIRY 4
INQUIRY bc:d1:1f:5b:f2:c1 5a020c
INQUIRY d0:53:49:e5:59:26 6c0100
INQUIRY 00:1b:10:00:2a:ec 6e0100
INQUIRY 88:6b:0f:62:71:88 200204
NAME bc:d1:1f:5b:f2:c1 "Galaxy S5"

root@b2qt-apalis-imx6:/# 
root@b2qt-apalis-imx6:/# 
root@b2qt-apalis-imx6:/# 
root@b2qt-apalis-imx6:/# NAME ERROR 0x104 d0:53:49:e5:59:26 HCI_ERROR_PAGE_TIMEOUT

root@b2qt-apalis-imx6:/# 
root@b2qt-apalis-imx6:/# 
root@b2qt-apalis-imx6:/# 
root@b2qt-apalis-imx6:/# echo "pair bc:d1:1f:5b:f2:c1" > /dev/ttymxc4
root@b2qt-apalis-imx6:/# 
root@b2qt-apalis-imx6:/# 
root@b2qt-apalis-imx6:/# echo "pair bc:d1:1f:5b:f2:c1" > /dev/ttymxc4root@b2qt-apalis-imx6:/# cat /dev/ttymxc4 &3 &d /at /dev/ttymxc3 &4 &
[3] 495
root@b2qt-apalis-imx6:/# cat /dev/ttymxc4 &echo "pair bc:d1:1f:5b:f2:c1" > /dev/ttymxc4
root@b2qt-apalis-imx6:/# pair bc:d1:1f:5b:f2:c1
PAIR bc:d1:1f:5b:f2:c1 OK

root@b2qt-apalis-imx6:/# echo "pair bc:d1:1f:5b:f2:c1" > /dev/ttymxc4root@b2qt-apalis-imx6:/# cat /dev/ttymxc4 & 3
[4] 496
root@b2qt-apalis-imx6:/# 
root@b2qt-apalis-imx6:/# 
root@b2qt-apalis-imx6:/# 
root@b2qt-apalis-imx6:/# 
root@b2qt-apalis-imx6:/# 
root@b2qt-apalis-imx6:/# echo "SET PROFILE A2DP SOURCE" > /dev/ttymxc4
root@b2qt-apalis-imx6:/# SET PROFILE A2DP SOURCE

root@b2qt-apalis-imx6:/# echo "SET PROFILE AVRCP TARGET 7" > /dev/ttymxc4
root@b2qt-apalis-imx6:/# SET PROFILE AVRCP TARGET 7

root@b2qt-apalis-imx6:/# echo "SET BT CLASS 280428" > /dev/ttymxc4
root@b2qt-apalis-imx6:/# SET BT CLASS 280428

root@b2qt-apalis-imx6:/# echo "RESET" > /dev/ttymxc4
root@b2qt-apalis-imx6:/# RESET

root@b2qt-apalis-imx6:/# WRAP THOR AI (6.0.0 build 952)
Copyright (c) 2003-2014 Bluegiga Technologies Inc.
READY.

root@b2qt-apalis-imx6:/# echo "SDP 00:07:80:93:0c:aa 110A" > /dev/ttymxc4
root@b2qt-apalis-imx6:/# SDP 00:07:80:93:0c:aa 110A

root@b2qt-apalis-imx6:/# 
root@b2qt-apalis-imx6:/# echo "SDP 00:07:80:93:0c:aa 110A" > /dev/ttymxc4
root@b2qt-apalis-imx6:/# SDP ERROR b01 SDC_CONNECTION_FAILED
SDP 00:07:80:93:0c:aa 110A

root@b2qt-apalis-imx6:/# SDP ERROR b01 SDC_CONNECTION_FAILED

root@b2qt-apalis-imx6:/# 
root@b2qt-apalis-imx6:/# echo "SDP 00:07:80:93:0c:aa 110A" > /dev/ttymxc4
root@b2qt-apalis-imx6:/# SDP 00:07:80:93:0c:aa 110A
SDP ERROR b01 SDC_CONNECTION_FAILED

root@b2qt-apalis-imx6:/# echo "SDP 00:07:80:93:0c:aa 110A" > /dev/ttymxc4 B
root@b2qt-apalis-imx6:/# SDP 00:07:80:93:0c:aa 110B
SDP ERROR b01 SDC_CONNECTION_FAILED

root@b2qt-apalis-imx6:/# 
root@b2qt-apalis-imx6:/# 
root@b2qt-apalis-imx6:/# echo "SDP 00:07:80:93:0c:aa 110B" > /dev/ttymxc4 A
root@b2qt-apalis-imx6:/# SDP 00:07:80:93:0c:aa 110A
SDP ERROR b01 SDC_CONNECTION_FAILED

root@b2qt-apalis-imx6:/# AVRCP PDU 30
SYNTAX ERROR
LIST
LIST 1
LIST 0 CONNECTED A2DP 716 0 0 0 0 0 01:01:01:01:05:76 19 INCOMING ACTIVE SLAVE ENCRYPTED 0
NO CARRIER 0 ERROR 0 
INQUIRY 7 NAME
INQUIRY_PARTIAL bc:d1:1f:5b:f2:c1 5a020c
INQUIRY_PARTIAL 88:6b:0f:62:71:86 280428
INQUIRY_PARTIAL 00:1b:10:00:2a:ec 6e0100
INQUIRY_PARTIAL 44:04:44:ee:03:df 5a020c
INQUIRY_PARTIAL 18:5e:0f:56:56:66 0c010c
INQUIRY 5
INQUIRY bc:d1:1f:5b:f2:c1 5a020c
INQUIRY 88:6b:0f:62:71:86 280428
INQUIRY 00:1b:10:00:2a:ec 6e0100
INQUIRY 44:04:44:ee:03:df 5a020c
INQUIRY 18:5e:0f:56:56:66 0c010c
NAME bc:d1:1f:5b:f2:c1 "Galaxy S5"
NAME 88:6b:0f:62:71:86 "WT32i-A"
NAME 00:1b:10:00:2a:ec "emb-ban-227-0"
NAME ERROR 0x104 44:04:44:ee:03:df HCI_ERROR_PAGE_TIMEOUT
NAME 18:5e:0f:56:56:66 "ngk-Latitude-3550"
RING 0 bc:d1:1f:5b:f2:c1 19 A2DP 
RING 1 bc:d1:1f:5b:f2:c1 19 A2DP 
RING 2 bc:d1:1f:5b:f2:c1 17 AVRCP 
A2DP STREAMING START 0
A2DP STREAMING STOP 0
A2DP STREAMING START 0
A2DP STREAMING STOP 0
A2DP STREAMING START 0
A2DP STREAMING STOP 0
A2DP STREAMING START 0
A2DP STREAMING STOP 0
A2DP STREAMING START 0
A2DP STREAMING STOP 0
A2DP STREAMING START 0
A2DP STREAMING STOP 0
A2DP STREAMING START 0
A2DP STREAMING STOP 0


U-Boot 2016.11+fslc+g80c3bd6 (Jan 02 2018 - 11:32:06 +0100)

CPU:   Freescale i.MX6Q rev1.5 at 792 MHz
Reset cause: POR
I2C:   ready
DRAM:  2 GiB
PMIC:  device id: 0x10, revision id: 0x21, programmed
S('þFSL_SDHC: 0, FSL_SDHC: 1, FSL_SDHC: 2
auto-detected panel vga-rgb
Display: vga-rgb (640x480)
In:    serial
Out:   serial
Err:   serial
Model: Toradex Apalis iMX6 Quad 2GB IT V1.1C, Serial# 05139699
Net:   using PHY at 7
FEC [PRIME]
Hit any key to stop autoboot:  1  0 
Booting from internal eMMC chip...
reading imx6q-apalis-ixora-v1_1.dtb
48970 bytes read in 22 ms (2.1 MiB/s)
reading uImage
5943928 bytes read in 172 ms (33 MiB/s)
## Booting kernel from Legacy Image at 10800000 ...
   Image Name:   Linux-4.1.41-v2.7b1+g82f0f4f
   Image Type:   ARM Linux Kernel Image (uncompressed)
   Data Size:    5943864 Bytes = 5.7 MiB
   Load Address: 10008000
   Entry Point:  10008000
   Verifying Checksum ... OK
## Flattened Device Tree blob at 12000000
   Booting using the fdt blob at 0x12000000
   Loading Kernel Image ... OK
   Using Device Tree in place at 12000000, end 1200ef49

Starting kernel ...

[    0.000000] Booting Linux on physical CPU 0x0
[    0.000000] Initializing cgroup subsys cpu
[    0.000000] Initializing cgroup subsys cpuacct
[    0.000000] Linux version 4.1.41-v2.7b1+g82f0f4f (behlingc@mplan-ubuntu-1610-dev) (gcc version 5.3.0 (GCC) ) #1 SMP Wed Jan 31 17:39:36 CET 2018
[    0.000000] CPU: ARMv7 Processor [412fc09a] revision 10 (ARMv7), cr=10c5387d
[    0.000000] CPU: PIPT / VIPT nonaliasing data cache, VIPT aliasing instruction cache
[    0.000000] Machine model: Toradex Apalis iMX6Q/D Module on Ixora V1.1 Carrier Board
[    0.000000] Reserved memory: created CMA memory pool at 0x62000000, size 320 MiB
[    0.000000] Reserved memory: initialized node linux,cma, compatible id shared-dma-pool
[    0.000000] Memory policy: Data cache writealloc
[    0.000000] PERCPU: Embedded 12 pages/cpu @d0efd000 s16908 r8192 d24052 u49152
[    0.000000] Built 1 zonelists in Zone order, mobility grouping on.  Total pages: 521024
[    0.000000] Kernel command line: enable_wait_mode=off vmalloc=400M ip=off root=/dev/mmcblk0p2 rw,noatime rootfstype=ext4 rootwait fec_mac=00:14:2d:4e:6c:f3 consoleblank=0 no_console_suspend=1 console=tty1 console=ttymxc0,115200n8 mxc_hdmi.only_cea=1 video=mxcfb1:dev=hdmi,1920x1080M@60,if=RGB24 video=mxcfb0:dev=ldb,800x480M@60,if=RGB666 video=mxcfb2:off video=mxcfb3:off fbmem=32M
[    0.000000] PID hash table entries: 4096 (order: 2, 16384 bytes)
[    0.000000] Dentry cache hash table entries: 262144 (order: 8, 1048576 bytes)
[    0.000000] Inode-cache hash table entries: 131072 (order: 7, 524288 bytes)
[    0.000000] Memory: 1738972K/2097152K available (7679K kernel code, 330K rwdata, 2648K rodata, 372K init, 423K bss, 30500K reserved, 327680K cma-reserved, 425984K highmem)
[    0.000000] Virtual kernel memory layout:
[    0.000000]     vector  : 0xffff0000 - 0xffff1000   (   4 kB)
[    0.000000]     fixmap  : 0xffc00000 - 0xfff00000   (3072 kB)
[    0.000000]     vmalloc : 0xe6800000 - 0xff000000   ( 392 MB)
[    0.000000]     lowmem  : 0x80000000 - 0xe6000000   (1632 MB)
[    0.000000]     pkmap   : 0x7fe00000 - 0x80000000   (   2 MB)
[    0.000000]     modules : 0x7f000000 - 0x7fe00000   (  14 MB)
[    0.000000]       .text : 0x80008000 - 0x80a1e0a4   (10329 kB)
[    0.000000]       .init : 0x80a1f000 - 0x80a7c000   ( 372 kB)
[    0.000000]       .data : 0x80a7c000 - 0x80ace8c0   ( 331 kB)
[    0.000000]        .bss : 0x80ad1000 - 0x80b3ae1c   ( 424 kB)
[    0.000000] SLUB: HWalign=64, Order=0-3, MinObjects=0, CPUs=4, Nodes=1
[    0.000000] Hierarchical RCU implementation.
[    0.000000] NR_IRQS:16 nr_irqs:16 16
[    0.000000] L2C-310 erratum 769419 enabled
[    0.000000] L2C-310 enabling early BRESP for Cortex-A9
[    0.000000] L2C-310 full line of zeros enabled for Cortex-A9
[    0.000000] L2C-310 ID prefetch enabled, offset 16 lines
[    0.000000] L2C-310 dynamic clock gating enabled, standby mode enabled
[    0.000000] L2C-310 cache controller enabled, 16 ways, 1024 kB
[    0.000000] L2C-310: CACHE_ID 0x410000c7, AUX_CTRL 0x76470001
[    0.000000] mxc_clocksource_init 3000000
[    0.000000] Switching to timer-based delay loop, resolution 333ns
[    0.000006] sched_clock: 32 bits at 3000kHz, resolution 333ns, wraps every 715827882841ns
[    0.000023] clocksource mxc_timer1: mask: 0xffffffff max_cycles: 0xffffffff, max_idle_ns: 637086815595 ns
[    0.001231] Console: colour dummy device 80x30
[    0.001872] console [tty1] enabled
[    0.001902] Calibrating delay loop (skipped), value calculated using timer frequency.. 6.00 BogoMIPS (lpj=30000)
[    0.001943] pid_max: default: 32768 minimum: 301
[    0.002054] Mount-cache hash table entries: 4096 (order: 2, 16384 bytes)
[    0.002083] Mountpoint-cache hash table entries: 4096 (order: 2, 16384 bytes)
[    0.002661] Initializing cgroup subsys freezer
[    0.002699] Initializing cgroup subsys debug
[    0.002751] CPU: Testing write buffer coherency: ok
[    0.003026] Setting up static identity map for 0x10008280 - 0x100082d8
[    0.006302] Brought up 4 CPUs
[    0.006335] SMP: Total of 4 processors activated (24.00 BogoMIPS).
[    0.006358] CPU: All CPU(s) started in SVC mode.
[    0.006870] devtmpfs: initialized
[    0.019386] VFP support v0.3: implementor 41 architecture 3 part 30 variant 9 rev 4
[    0.019824] clocksource jiffies: mask: 0xffffffff max_cycles: 0xffffffff, max_idle_ns: 19112604462750000 ns
[    0.019883] futex hash table entries: 1024 (order: 4, 65536 bytes)
[    0.039700] pinctrl core: initialized pinctrl subsystem
[    0.040954] NET: Registered protocol family 16
[    0.049297] DMA: preallocated 256 KiB pool for atomic coherent allocations
[    0.079652] cpuidle: using governor ladder
[    0.109651] cpuidle: using governor menu
[    0.110044] CPU identified as i.MX6Q, silicon rev 1.5
[    0.134633] hw-breakpoint: found 5 (+1 reserved) breakpoint and 1 watchpoint registers.
[    0.134681] hw-breakpoint: maximum watchpoint size is 4 bytes.
[    0.135813] imx6q-pinctrl 20e0000.iomuxc: initialized IMX pinctrl driver
[    0.137800] imx-gpc 20dc000.gpc: no fsl,ldo-bypass found!
[    0.148001] mxs-dma 110000.dma-apbh: initialized
[    0.150504] usb_host_vbus: supplied by usb_host_vbus_hub
[    0.150867] vgaarb: loaded
[    0.151695] SCSI subsystem initialized
[    0.152198] usbcore: registered new interface driver usbfs
[    0.152296] usbcore: registered new interface driver hub
[    0.152398] usbcore: registered new device driver usb
[    0.152628] 2000000.aips-bus:usbphy_nop1 supply vcc not found, using dummy regulator
[    0.152807] 2000000.aips-bus:usbphy_nop2 supply vcc not found, using dummy regulator
[    0.153583] i2c-gpio i2c@0: using pins 80 (SDA) and 62 (SCL)
[    0.154436] i2c i2c-1: IMX I2C adapter registered
[    0.154474] i2c i2c-1: can't use DMA
[    0.156032] stmpe-i2c 2-0041: stmpe811 detected, chip id: 0x811
[    0.157979] i2c i2c-2: IMX I2C adapter registered
[    0.158017] i2c i2c-2: can't use DMA
[    0.158497] i2c i2c-3: IMX I2C adapter registered
[    0.158533] i2c i2c-3: can't use DMA
[    0.158698] Linux video capture interface: v2.00
[    0.158768] pps_core: LinuxPPS API ver. 1 registered
[    0.158791] pps_core: Software ver. 5.3.6 - Copyright 2005-2007 Rodolfo Giometti <giometti@linux.it>
[    0.158846] PTP clock support registered
[    0.179701] imx-ipuv3 2400000.ipu: IPU DMFC NORMAL mode: 1(0~1), 5B(4,5), 5F(6,7)
[    0.199690] imx-ipuv3 2800000.ipu: IPU DMFC NORMAL mode: 1(0~1), 5B(4,5), 5F(6,7)
[    0.200639] mxc_mipi_csi2 21dc000.mipi_csi: i.MX MIPI CSI2 driver probed ipu0 csi1
[    0.200687] mxc_mipi_csi2 21dc000.mipi_csi: i.MX MIPI CSI2 dphy version is 0x3130302a
[    0.200801] MIPI CSI2 driver module loaded
[    0.201086] Advanced Linux Sound Architecture Driver Initialized.
[    0.202325] Bluetooth: Core ver 2.20
[    0.202388] NET: Registered protocol family 31
[    0.202412] Bluetooth: HCI device and connection manager initialized
[    0.202444] Bluetooth: HCI socket layer initialized
[    0.202474] Bluetooth: L2CAP socket layer initialized
[    0.202521] Bluetooth: SCO socket layer initialized
[    0.203116] Switched to clocksource mxc_timer1
[    0.213904] NET: Registered protocol family 2
[    0.214687] TCP established hash table entries: 16384 (order: 4, 65536 bytes)
[    0.214858] TCP bind hash table entries: 16384 (order: 5, 131072 bytes)
[    0.215122] TCP: Hash tables configured (established 16384 bind 16384)
[    0.215221] UDP hash table entries: 1024 (order: 3, 32768 bytes)
[    0.215315] UDP-Lite hash table entries: 1024 (order: 3, 32768 bytes)
[    0.215586] NET: Registered protocol family 1
[    0.215917] RPC: Registered named UNIX socket transport module.
[    0.215949] RPC: Registered udp transport module.
[    0.215971] RPC: Registered tcp transport module.
[    0.215990] RPC: Registered tcp NFSv4.1 backchannel transport module.
[    0.216788] CPU PMU: Failed to parse /soc/pmu/interrupt-affinity[0]
[    0.216862] hw perfevents: enabled with armv7_cortex_a9 PMU driver, 7 counters available
[    0.217901] imx rpmsg driver is registered.
[    0.218937] Bus freq driver module loaded
[    0.225956] VFS: Disk quotas dquot_6.6.0
[    0.226144] VFS: Dquot-cache hash table entries: 1024 (order 0, 4096 bytes)
[    0.227216] squashfs: version 4.0 (2009/01/31) Phillip Lougher
[    0.228016] NFS: Registering the id_resolver key type
[    0.228077] Key type id_resolver registered
[    0.228099] Key type id_legacy registered
[    0.228143] nfs4filelayout_init: NFSv4 File Layout Driver Registering...
[    0.228680] ntfs: driver 2.1.32 [Flags: R/W].
[    0.229171] fuse init (API version 7.23)
[    0.233373] bounce: pool size: 64 pages
[    0.233414] io scheduler noop registered
[    0.233442] io scheduler deadline registered
[    0.233612] io scheduler cfq registered (default)
[    0.236341] backlight supply power not found, using dummy regulator
[    0.237959] MIPI DSI driver module loaded
[    0.239339] 20e0000.hdmi_video supply HDMI not found, using dummy regulator
[    0.240809] fbcvt: 800x480@60: CVT Name - .384M9
[    0.240856] mxc_sdc_fb fb@0: registered mxc display driver ldb
[    0.245340] mxc_sdc_fb fb@0: 800x480 h_sync,r,l: 72,24,96  v_sync,l,u: 7,3,10 pixclock=29500000 Hz
[    0.266886] mxc_hdmi 20e0000.hdmi_video: Detected HDMI controller 0x13:0xa:0xa0:0xc1
[    0.266946] fbcvt: 1920x1080@60: CVT Name - 2.073M9
[    0.267065] mxc_sdc_fb fb@1: registered mxc display driver hdmi
[    0.282333] mxc_sdc_fb fb@1: 1920x1080 h_sync,r,l: 44,88,148  v_sync,l,u: 5,4,36 pixclock=148500000 Hz
[    0.303199] imx-ipuv3 2400000.ipu: IPU DMFC DP HIGH RESOLUTION: 1(0,1), 5B(2~5), 5F(6,7)
[    0.306888] mxc_sdc_fb fb@2: mxcfb2 is turned off!
[    0.306978] mxc_sdc_fb fb@3: mxcfb3 is turned off!
[    0.308487] imx-sdma 20ec000.sdma: no iram assigned, using external mem
[    0.308910] imx-sdma 20ec000.sdma: no event needs to be remapped
[    0.309215] imx-sdma 20ec000.sdma: loaded firmware 3.3
[    0.311813] imx-sdma 20ec000.sdma: initialized
[    0.313545] pfuze100-regulator 2-0008: Full layer: 2, Metal layer: 1
[    0.314179] pfuze100-regulator 2-0008: FAB: 0, FIN: 0
[    0.314206] pfuze100-regulator 2-0008: pfuze100 found.
[    0.328744] 2020000.serial: ttymxc0 at MMIO 0x2020000 (irq = 26, base_baud = 5000000) is a IMX
[    1.235223] console [ttymxc0] enabled
[    1.239763] 21e8000.serial: ttymxc1 at MMIO 0x21e8000 (irq = 301, base_baud = 5000000) is a IMX
[    1.249023] 21f0000.serial: ttymxc3 at MMIO 0x21f0000 (irq = 302, base_baud = 5000000) is a IMX
[    1.258257] 21f4000.serial: ttymxc4 at MMIO 0x21f4000 (irq = 303, base_baud = 5000000) is a IMX
[    1.268981] [drm] Initialized drm 1.1.0 20060810
[    1.274098] [drm] Initialized vivante 1.0.0 20120216 on minor 0
[    1.288175] brd: module loaded
[    1.296341] loop: module loaded
[    1.300776] ahci-imx 2200000.sata: fsl,transmit-level-mV not specified, using 00000024
[    1.308785] ahci-imx 2200000.sata: fsl,transmit-boost-mdB not specified, using 00000480
[    1.316853] ahci-imx 2200000.sata: fsl,transmit-atten-16ths not specified, using 00002000
[    1.325081] ahci-imx 2200000.sata: fsl,receive-eq-mdB not specified, using 05000000
[    1.336258] ahci-imx 2200000.sata: SSS flag set, parallel bus scan disabled
[    1.343314] ahci-imx 2200000.sata: AHCI 0001.0300 32 slots 1 ports 3 Gbps 0x1 impl platform mode
[    1.352142] ahci-imx 2200000.sata: flags: ncq sntf stag pm led clo only pmp pio slum part ccc apst 
[    1.362648] scsi host0: ahci-imx
[    1.366234] ata1: SATA max UDMA/133 mmio [mem 0x02200000-0x02203fff] port 0x100 irq 313
[    1.377619] spi_imx 2008000.ecspi: probed
[    1.382564] vcan: Virtual CAN interface driver
[    1.387094] CAN device driver interface
[    1.391203] 2090000.flexcan supply xceiver not found, using dummy regulator
[    1.399003] flexcan 2090000.flexcan: device registered (reg_base=e6aa8000, irq=35)
[    1.406752] 2094000.flexcan supply xceiver not found, using dummy regulator
[    1.414447] flexcan 2094000.flexcan: device registered (reg_base=e6ab0000, irq=36)
[    1.423199] 2188000.ethernet supply phy not found, using dummy regulator
[    1.443541] pps pps0: new PPS source ptp0
[    1.448799] libphy: fec_enet_mii_bus: probed
[    1.454898] fec 2188000.ethernet eth0: registered PHC device 0
[    1.461020] PPP generic driver version 2.4.2
[    1.465574] ehci_hcd: USB 2.0 'Enhanced' Host Controller (EHCI) Driver
[    1.472136] ehci-pci: EHCI PCI platform driver
[    1.476695] ehci-mxc: Freescale On-Chip EHCI Host driver
[    1.482230] usbcore: registered new interface driver usb-storage
[    1.488414] usbcore: registered new interface driver usbserial
[    1.494332] usbcore: registered new interface driver usbserial_generic
[    1.500920] usbserial: USB Serial support registered for generic
[    1.507014] usbcore: registered new interface driver ftdi_sio
[    1.512831] usbserial: USB Serial support registered for FTDI USB Serial Device
[    1.520245] usbcore: registered new interface driver option
[    1.525892] usbserial: USB Serial support registered for GSM modem (1-port)
[    1.532919] usbcore: registered new interface driver pl2303
[    1.538565] usbserial: USB Serial support registered for pl2303
[    1.545885] 2184800.usbmisc supply vbus-wakeup not found, using dummy regulator
[    1.565031] ci_hdrc ci_hdrc.1: EHCI Host Controller
[    1.569968] ci_hdrc ci_hdrc.1: new USB bus registered, assigned bus number 1
[    1.593155] ci_hdrc ci_hdrc.1: USB 2.0 started, EHCI 1.00
[    1.599364] hub 1-0:1.0: USB hub found
[    1.603222] hub 1-0:1.0: 1 port detected
[    1.608148] mousedev: PS/2 mouse device common for all mice
[    1.614346] [PENMOUNT] Loading penmount_i2c V1.15.0
[    1.619391] [PENMOUNT] Probing for device ...
[    1.643080] [PENMOUNT] PM2204.D01.1.0.0
[    1.649827] [PENMOUNT] Supports 5 touch contacts
[    1.657351] [PENMOUNT] Supports WD mode
[    1.661207] [PENMOUNT] Supports WP mode
[    1.667943] [PENMOUNT] Use WP mode !
[    1.674420] [PENMOUNT] Sensitivity Level : 0 (max: 2)
[    1.682360] [PENMOUNT] irq already specified !!
[    1.687066] [PENMOUNT] Using IRQ 219
[    1.690895] input: PenMount I2C Touch Screen as /devices/soc0/soc/2100000.aips-bus/21a0000.i2c/i2c-1/1-0038/input/input0
[    1.702309] input: PenMount I2C Touch Key as /devices/soc0/soc/2100000.aips-bus/21a0000.i2c/i2c-1/1-0038/input/input1
[    1.716509] rtc-ds1307 1-0068: rtc core: registered m41t0 as rtc0
[    1.723156] ata1: SATA link down (SStatus 0 SControl 300)
[    1.723317] snvs_rtc 20cc000.snvs:snvs-rtc-lp: rtc core: registered 20cc000.snvs:snvs-r as rtc1
[    1.723455] i2c /dev entries driver
[    1.725198] mxc_v4l2_output v4l2_out: V4L2 device registered as video16
[    1.725353] mxc_v4l2_output v4l2_out: V4L2 device registered as video17
[    1.725518] mxc_v4l2_output v4l2_out: V4L2 device registered as video18
[    1.725678] mxc_v4l2_output v4l2_out: V4L2 device registered as video19
[    1.727790] imx2-wdt 20bc000.wdog: timeout 60 sec (nowayout=0)
[    1.728016] usbcore: registered new interface driver btusb
[    1.728213] sdhci: Secure Digital Host Controller Interface driver
[    1.728215] sdhci: Copyright(c) Pierre Ossman
[    1.728224] sdhci-pltfm: SDHCI platform and OF driver helper
[    1.729150] /soc/aips-bus@02100000/usdhc@02190000: voltage-ranges unspecified
[    1.729180] sdhci-esdhc-imx 2190000.usdhc: Got CD GPIO
[    1.730690] sdhci-esdhc-imx 2190000.usdhc: No vqmmc regulator found
[    1.773280] mmc1: SDHCI controller on 2190000.usdhc [2190000.usdhc] using ADMA
[    1.776985] /soc/aips-bus@02100000/usdhc@02198000: voltage-ranges unspecified
[    1.785547] sdhci-esdhc-imx 2198000.usdhc: No vqmmc regulator found
[    1.833140] mmc0: SDHCI controller on 2198000.usdhc [2198000.usdhc] using ADMA
[    1.834754] mxc_vpu 2040000.vpu_fsl: VPU initialized
[    1.835303] mxc_vdoa 21e4000.vdoa: i.MX Video Data Order Adapter(VDOA) driver probed
[    1.838006] caam 2100000.caam: Entropy delay = 3200
[    1.859344] ahci-imx 2200000.sata: no device found, disabling link.
[    1.865658] ahci-imx 2200000.sata: pass ahci_imx..hotplug=1 to enable hotplug
[    1.887324] mmc1: new high speed SDHC card at address 0001
[    1.893265] mmcblk1: mmc1:0001 00000 7.44 GiB 
[    1.898797] caam 2100000.caam: Instantiated RNG4 SH0
[    1.899649]  mmcblk1: p1 p2
[    1.959559] caam 2100000.caam: Instantiated RNG4 SH1
[    1.964569] caam 2100000.caam: device ID = 0x0a16010000000000 (Era -524)
[    1.971296] caam 2100000.caam: job rings = 2, qi = 0
[    1.988343] mmc0: MAN_BKOPS_EN bit is not set
[    2.011989] mmc0: new DDR MMC card at address 0001
[    2.017221] mmcblk0: mmc0:0001 Q2J54A 3.59 GiB 
[    2.021914] mmcblk0boot0: mmc0:0001 Q2J54A partition 1 16.0 MiB
[    2.028016] mmcblk0boot1: mmc0:0001 Q2J54A partition 2 16.0 MiB
[    2.035421]  mmcblk0: p1 p2
[    2.042272] caam algorithms registered in /proc/crypto
[    2.043171] usb 1-1: new high-speed USB device number 2 using ci_hdrc
[    2.057980] caam_jr 2101000.jr0: registering rng-caam
[    2.064006] snvs-secvio 20cc000.caam-snvs: can't get snvs clock
[    2.070028] snvs-secvio 20cc000.caam-snvs: violation handlers armed - non-secure state
[    2.078239] hidraw: raw HID events driver (C) Jiri Kosina
[    2.083948] usbcore: registered new interface driver usbhid
[    2.089548] usbhid: USB HID core driver
[    2.098709] stmpe-adc stmpe-adc: Initialized
[    2.106529] sgtl5000 2-000a: sgtl5000 revision 0x11
[    2.137275] fsl-asrc 2034000.asrc: driver registered
[    2.194255] hub 1-1:1.0: USB hub found
[    2.198210] hub 1-1:1.0: 4 ports detected
[    2.282004] imx-sgtl5000 sound: sgtl5000 <-> 2028000.ssi mapping ok
[    2.291019] imx-spdif sound-spdif: snd-soc-dummy-dai <-> 2004000.spdif mapping ok
[    2.301499] imx-audio-hdmi sound-hdmi: hdmi-hifi <-> soc:hdmi_audio@00120000 mapping ok
[    2.310519] Netfilter messages via NETLINK v0.30.
[    2.315298] nfnl_acct: registering with nfnetlink.
[    2.320138] nf_conntrack version 0.5.0 (16384 buckets, 65536 max)
[    2.326771] nf_tables: (c) 2007-2009 Patrick McHardy <kaber@trash.net>
[    2.333755] ip_tables: (C) 2000-2006 Netfilter Core Team
[    2.339719] NET: Registered protocol family 10
[    2.345210] ip6_tables: (C) 2000-2006 Netfilter Core Team
[    2.350657] NET: Registered protocol family 17
[    2.355275] bridge: automatic filtering via arp/ip/ip6tables has been deprecated. Update your scripts to load br_netfilter if you need this.
[    2.367972] Bridge firewalling registered
[    2.372018] can: controller area network core (rev 20120528 abi 9)
[    2.378300] NET: Registered protocol family 29
[    2.382796] can: raw protocol (rev 20120528)
[    2.387117] can: broadcast manager protocol (rev 20120528 t)
[    2.392811] can: netlink gateway (rev 20130117) max_hops=1
[    2.398583] Bluetooth: RFCOMM TTY layer initialized
[    2.403618] Bluetooth: RFCOMM socket layer initialized
[    2.408847] Bluetooth: RFCOMM ver 1.11
[    2.412671] Bluetooth: BNEP (Ethernet Emulation) ver 1.3
[    2.418024] Bluetooth: BNEP filters: protocol multicast
[    2.423326] Bluetooth: BNEP socket layer initialized
[    2.428340] Bluetooth: HIDP (Human Interface Emulation) ver 1.2
[    2.434305] Bluetooth: HIDP socket layer initialized
[    2.439361] 8021q: 802.1Q VLAN Support v1.8
[    2.444043] Key type dns_resolver registered
[    2.450305] Registering SWP/SWPB emulation handler
[    2.455823] registered taskstats version 1
[    2.460803] 1ffc000.pcie supply pcie-bus not found, using dummy regulator
[    2.880595] imx6q-pcie 1ffc000.pcie: phy link never came up
[    2.886264] imx6q-pcie 1ffc000.pcie: failed to initialize host
[    2.886282] usb 1-1.2: new low-speed USB device number 3 using ci_hdrc
[    2.898829] imx6q-pcie: probe of 1ffc000.pcie failed with error -22
[    2.909146] rtc-ds1307 1-0068: setting system clock to 2018-02-03 17:18:51 UTC (1517678331)
[    2.927638] usb_otg_vbus: disabling
[    2.931430] ALSA device list:
[    2.934476]   #0: imx6q-apalis-sgtl5000
[    2.938334]   #1: imx-spdif
[    2.941147]   #2: imx-hdmi-soc
[    2.953803] EXT4-fs (mmcblk0p2): INFO: recovery required on readonly filesystem
[    2.961156] EXT4-fs (mmcblk0p2): write access will be enabled during recovery
[    3.001485] input: PixArt Dell MS116 USB Optical Mouse as /devices/soc0/soc/2100000.aips-bus/2184200.usb/ci_hdrc.1/usb1/1-1/1-1.2/1-1.2:1.0/0003:413C:301A.0001/input/input2
[    3.017437] hid-generic 0003:413C:301A.0001: input,hidraw0: USB HID v1.11 Mouse [PixArt Dell MS116 USB Optical Mouse] on usb-ci_hdrc.1-1.2/input0
[    3.123161] usb 1-1.3: new high-speed USB device number 4 using ci_hdrc
[    3.136773] EXT4-fs (mmcblk0p2): recovery complete
[    3.142448] EXT4-fs (mmcblk0p2): mounted filesystem with ordered data mode. Opts: (null)
[    3.150739] VFS: Mounted root (ext4 filesystem) readonly on device 179:10.
[    3.158591] devtmpfs: mounted
[    3.162267] Freeing unused kernel memory: 372K (80a1f000 - 80a7c000)
[    3.295048] random: systemd urandom read with 25 bits of entropy available
[    3.304681] systemd[1]: systemd 229 running in system mode. (-PAM -AUDIT -SELINUX +IMA -APPARMOR +SMACK +SYSVINIT +UTMP -LIBCRYPTSETUP -GCRYPT -GNUTLS +ACL +XZ -LZ4 -SECCOMP +BLKID -ELFUTILS +KMOD -IDN)
[    3.323392] systemd[1]: Detected architecture arm.

Welcome to Boot to Qt for Embedded Linux 2.1.1 (krogoth)!

[    3.353661] systemd[1]: Set hostname to <b2qt-apalis-imx6>.
[    3.581146] systemd[1]: Listening on Journal Socket (/dev/log).
[  OK  ] Listening on Journal Socket (/dev/log).
[    3.603403] systemd[1]: Listening on Syslog Socket.
[  OK  ] Listening on Syslog Socket.
[    3.623558] systemd[1]: Started Dispatch Password Requests to Console Directory Watch.
[  OK  ] Started Dispatch Password Requests to Console Directory Watch.
[    3.653686] systemd[1]: Created slice System Slice.
[  OK  ] Created slice System Slice.
[    3.688382] systemd[1]: Started Forward Password Requests to Wall Directory Watch.
[  OK  ] Started Forward Password Requests to Wall Directory Watch.
[    3.713309] systemd[1]: Reached target Paths.
[  OK  ] Reached target Paths.
[    3.733321] systemd[1]: Reached target Swap.
[  OK  ] Reached target Swap.
[    3.753437] systemd[1]: Listening on udev Control Socket.
[  OK  ] Listening on udev Control Socket.
[    3.773539] systemd[1]: Listening on Network Service Netlink Socket.
[  OK  ] Listening on Network Service Netlink Socket.
[    3.793677] systemd[1]: Listening on /dev/initctl Compatibility Named Pipe.
[  OK  ] Listening on /dev/initctl Compatibility Named Pipe.
[    3.823562] systemd[1]: Listening on udev Kernel Socket.
[  OK  ] Listening on udev Kernel Socket.
[    3.843919] systemd[1]: Created slice User and Session Slice.
[  OK  ] Created slice User and Session Slice.
[    3.863438] systemd[1]: Reached target Slices.
[  OK  ] Reached target Slices.
[    3.883721] systemd[1]: Listening on Journal Socket.
[  OK  ] Listening on Journal Socket.
[    3.917163] systemd[1]: Starting Load Kernel Modules...
         Starting Load Kernel Modules...
[    3.948184] systemd[1]: Starting Setup Virtual Console...
         Starting Setup Virtual Console...
[    3.979867] systemd[1]: Starting Create list of required static device nodes for the current kernel...
         Starting Create list of required st... nodes for the current kernel...
[    4.007645] RTL871X: module init start
[    4.011467] RTL871X: rtl8723bu v4.3.6.11_12942.20141204_BTCOEX20140507-4E40
[    4.018553] RTL871X: rtl8723bu BT-Coex version = BTCOEX20140507-4E40
[    4.035903] systemd[1]: Starting Journal Service...
         Starting Journal Service...
[    4.065523] systemd[1]: Mounting Debug File System...
         Mounting Debug File System...
[    4.096019] systemd[1]: Mounting Temporary Directory...
         Mounting Temporary Directory...
[    4.125754] systemd[1]: Starting File System Check on Root Device...
         Starting File System Check on Root Device...
[    4.153751] systemd[1]: Reached target Remote File Systems.
[  OK  ] Reached target[    4.159979] systemd[1]: Created slice system-serial\x2dgetty.slice.
 Remote File Systems.
[  OK  ] Created slice system-serial\x2dgetty.slice.
[    4.182896] systemd[1]: Mounted Debug File System.
[  OK  ] Mounted Debug [    4.189659] systemd[1]: Mounted Temporary Directory.
File System.
[  OK  ] Mounted Temporary Directory.
[    4.201645] systemd[1]: Started Setup Virtual Console.
[  OK  ] Started Setup [    4.210544] systemd[1]: Started Create list of required static device nodes for the current kernel.
Virtual Console.
[  OK  ] Started Crea[    4.223511] systemd[1]: Started Journal Service.
te list of required sta...ce nodes for the current kernel.
[  OK  ] Started Journal Service.
[  OK  ] Started File System Check on Root Device.
         Starting Remount Root and Kernel File Systems...
[    4.410257] EXT4-fs (mmcblk0p2): re-mounted. Opts: (null)
[    4.412272] RTL871X: rtw_ndev_init(wlan0)
[    4.413550] RTL871X: rtw_ndev_init(wlan1)
[    4.415000] usbcore: registered new interface driver rtl8723bu
[    4.415004] RTL871X: module init ret=0
[    4.434257] Galcore version 5.0.11.41671
[  OK  ] Started Remount Root and Kernel File Systems.
         Starting udev Coldplug all Devices...
         Starting Flush Journal to Persistent Storage...
         Starting Create Static Device Nodes in /dev...
[    4.594329] systemd-journald[195]: Received request to flush runtime journal from PID 1
[  OK  ] Started Flush Journal to Persistent Storage.
[  OK  ] Started Create Static Device Nodes in /dev.
[  OK  ] Reached target Local File Systems (Pre).
         Mounting /var/volatile...
         Starting udev Kernel Device Manager...
[  OK  ] Mounted /var/volatile.
         Starting Load/Save Random Seed...
[  OK  ] Reached target Local File Systems.
         Starting Create Volatile Files and Directories...
[  OK  ] Started udev Kernel Device Manager.
[  OK  ] Started Load/Save Random Seed.
[  OK  ] Started Create Volatile Files and Directories.
         Starting Update UTMP about System Boot/Shutdown...
         Starting Network Time Synchronization...
[  OK  ] Started Update UTMP about System Boot/Shutdown.
[  OK  ] Started Network Time Synchronization.
[    5.320242] tty0tty null modem driver v1.2
[  OK  ] Started Load Kernel Modules.
[  OK  ] Started udev Coldplug all Devices.
[  OK  ] Found device /dev/ttymxc0.
[  OK  ] Created slice system-systemd\x2dbacklight.slice.
         Starting Load/Save Screen Backlight...htness of backlight:backlight...
         Mounting Configuration File System...
         Starting Apply Kernel Variables...
[  OK  ] Reached target System Time Synchronized.
         Mounting FUSE Control File System...
[  OK  ] Mounted Configuration File System.
[  OK  ] Mounted FUSE Control File System.
[  OK  ] Started Apply Kernel Variables.
[  OK  ] Started Load/Save Screen Backlight Brightness of backlight:backlight.
[    5.813427] ov5647_read_reg(mipi):reg=300a ret=-5
[    5.818190] camera ov5647_mipi is not found
[  OK  ] Found device /dev/ttymxc1.
[    5.934898] ERROR: v4l2 capture: slave not found!
[    5.935954] ERROR: v4l2 capture: slave not found!
[  OK  ] Listening on Load/Save RF Kill Switch Status /dev/rfkill Watch.
[  OK  ] Reached target Sound Card.
[  OK  ] Reached target System Initialization.
[  OK  ] Started Daily Cleanup of Temporary Directories.
[  OK  ] Reached target Timers.
[  OK  ] Listening on dropbear.socket.
[  OK  ] Listening on RPCbind Server Activation Socket.
[  OK  ] Listening on D-Bus System Message Bus Socket.
[  OK  ] Reached target Sockets.
[  OK  ] Reached target Basic System.
[  OK  ] Started Kernel Logging Service.
         Starting Login Service...
[  OK  ] Started Serial Getty on ttymxc0.
[  OK  ] Started System Logging Service.
[  OK  ] Started D-Bus System Message Bus.
         Starting D-BUS Session Message Bus....
[  OK  ] Started Serial Getty on ttymxc1.
[  OK  ] Reached target Login Prompts.
         Starting Save/Restore Sound Card State...
[  OK  ] Started B2Qt user application.
         Starting Network Service...
         Starting Load/Save RF Kill Switch Status...
[  OK  ] Started Login Service.
[  OK  ] Started D-BUS Session Message Bus..
[  OK  ] Started Save/Restore Sound Card State.
[  OK  ] Started Load/Save RF Kill Switch Status.
[    6.683188] usb 1-1.1: new high-speed USB device number 5 using ci_hdrc
[  OK  ] Started Network Service.
[  OK  ] Reached target Network.
         Starting ADB Server Daemon...
         Starting Network Time Service...
[    6.820956] option 1-1.1:1.0: GSM modem (1-port) converter detected
[    6.830413] usb 1-1.1: GSM modem (1-port) converter now attached to ttyUSB0
[    6.838483] option 1-1.1:1.1: GSM modem (1-port) converter detected
[    6.845606] usb 1-1.1: GSM modem (1-port) converter now attached to ttyUSB1
[    6.853790] option 1-1.1:1.2: GSM modem (1-port) converter detected
[    6.860795] usb 1-1.1: GSM modem (1-port) converter now attached to ttyUSB2
[    6.868758] option 1-1.1:1.3: GSM modem (1-port) converter detected
[    6.875797] usb 1-1.1: GSM modem (1-port) converter now attached to ttyUSB3
[    6.884026] option 1-1.1:1.4: GSM modem (1-port) converter detected
[    6.890995] usb 1-1.1: GSM modem (1-port) converter now attached to ttyUSB4
[  OK  ] Started Network Time Service.
[    6.912808] file system registered
[  OK  ] Started ADB Server Daemon.
[  OK  ] Reached target Multi-User System.
[  OK  ] Started Ujet C[    7.029104] read descriptors
loud Service.
[    7.032694] read strings
[    7.036893] g_ffs gadget: g_ffs ready
[  OK  ] Reached target Custom Target.
[  OK  ] Started Ujet HTTPD Service.
[  OK  ] Started Ujet Telemetry Service.
         Starting Ujet Identify Service...
[  OK  ] Started Ujet Bluetooth Audio Service.
[  OK  ] Started Ujet Ble Service.
         Starting Update UTMP about System Runlevel Changes...
[  OK  ] Started Update UTMP about System Runlevel Changes.
[    7.265481] flexcan 2090000.flexcan can0: writing ctrl=0x01232084
[  OK  ] Stopped Bluetooth service.
[    8.332320] mxc_sdc_fb fb@0: 800x480 h_sync,r,l: 72,24,96  v_sync,l,u: 7,3,10 pixclock=29500000 Hz
[    8.491784] random: nonblocking pool is initialized

Boot to Qt for Embedded Linux 2.1.1 b2qt-apalis-imx6 ttymxc0

