
root@b2qt-apalis-imx6:/# 
root@b2qt-apalis-imx6:/# 
root@b2qt-apalis-imx6:/# cd /
root@b2qt-apalis-imx6:/# cat /dev/ttymxc3 &
[1] 466
root@b2qt-apalis-imx6:/# cat /dev/ttymxc3 & 4
[2] 467
root@b2qt-apalis-imx6:/# RING 0 01:01:01:01:05:76 19 A2DP 
NO CARRIER 0 ERROR 0 

root@b2qt-apalis-imx6:/# 
root@b2qt-apalis-imx6:/# 
root@b2qt-apalis-imx6:/# 
root@b2qt-apalis-imx6:/# 
root@b2qt-apalis-imx6:/# cat /dev/ttymxc4 &
[3] 468
root@b2qt-apalis-imx6:/# cat /dev/ttymxc4 &3 &
[4] 469
root@b2qt-apalis-imx6:/# 
root@b2qt-apalis-imx6:/# 
root@b2qt-apalis-imx6:/# RING 0 01:01:01:01:05:76 19 A2DP 
NO CARRIER 0 ERROR 0 

root@b2qt-apalis-imx6:/# 
root@b2qt-apalis-imx6:/# 
root@b2qt-apalis-imx6:/# 
root@b2qt-apalis-imx6:/# 
root@b2qt-apalis-imx6:/# 
root@b2qt-apalis-imx6:/# RING 0 01:01:01:01:05:76 19 A2DP 
NO CARRIER 0 ERROR 0 

root@b2qt-apalis-imx6:/# 
root@b2qt-apalis-imx6:/# 
root@b2qt-apalis-imx6:/# 
root@b2qt-apalis-imx6:/# rebooy t
         Stopping Save/Restore Sound Card State...
[  OK  ] Closed Load/Save RF Kill Switch Status /dev/rfkill Watch.
[  OK  ] Stopped target Sound Card.
[  OK  ] Stopped target Timers.
         Stopping Ujet HTTPD Service...
[  OK  ] Stopped Ujet Bluetooth Audio Service.
         Stopping Ujet Ble Service...
[  OK  ] Stopped Daily Cleanup of Temporary Directories.
[  OK  ] Stopped target System Time Synchronized.
[  OK  ] Stopped target Remote File Systems.
[  OK  ] Stopped target Custom Target.
         Stopping Ujet Telemetry Service...
         Stopping Ujet Cloud Service...
[  OK  ] Stopped Ujet Identify Service.
[  OK  ] Stopped Ujet Cloud Service.
[  OK  ] Stopped Ujet Telemetry Service.
[  OK  ] Stopped Ujet HTTPD Service.
[  OK  ] Stopped Ujet Ble Service.
[  OK  ] Stopped Save/Restore Sound Card State.
[  OK  ] Stopped target Multi-User System.
         Stopping Network Time Service...
         Stopping Login Service...
         Stopping ADB Server Daemon...
         Stopping D-BUS Session Message Bus....
         Stopping B2Qt user application...
[  OK  ] Stopped Kernel Logging Service.
[  948.221399] mxc_sdc_fb fb@0: 800x480 h_sync,r,l: 72,24,96  v_sync,l,u: 7,3,10 pixclock=29500000 Hz
[  OK  ] Stopped Login Service.
[  OK  ] Stopped Serial Getty on ttymxc0.
[  OK  ] Stopped System Logging Service.
[  OK  ] Stopped Serial Getty on ttymxc1.
[  OK  ] Stopped Network Time Service.
[  OK  ] Stopped D-BUS Session Message Bus..
[  OK  ] Removed slice system-serial\x2dgetty.slice.
[  OK  ] Stopped B2Qt user application.
[  OK  ] Unmounted /dev/usb-ffs/adb.
[  949.283313] ffs_data_put(): freeing
[  949.297102] unloading
[  OK  ] Stopped ADB Server Daemon.
[  OK  ] Stopped target Network.
         Stopping Network Service...
[  OK  ] Stopped Network Service.
         Stopping D-Bus System Message Bus...
[  OK  ] Stopped D-Bus System Message Bus.
[  OK  ] Stopped target Basic System.
[  OK  ] Stopped target Slices.
[  OK  ] Removed slice User and Session Slice.
[  OK  ] Stopped target Sockets.
[  OK  ] Closed dropbear.socket.
[  OK  ] Closed Syslog Socket.
[  OK  ] Closed RPCbind Server Activation Socket.
[  OK  ] Stopped target Paths.
[  OK  ] Stopped Forward Password Requests to Wall Directory Watch.
[  OK  ] Stopped Dispatch Password Requests to Console Directory Watch.
[  OK  ] Closed D-Bus System Message Bus Socket.
[  OK  ] Stopped target System Initialization.
[  OK  ] Stopped target Swap.
         Stopping Load/Save Screen Backlight...htness of backlight:backlight...
         Stopping Network Time Synchronization...
[  OK  ] Stopped Apply Kernel Variables.
[  OK  ] Stopped Load Kernel Modules.
         Stopping Load/Save Random Seed...
         Stopping Update UTMP about System Boot/Shutdown...
[  OK  ] Stopped Setup Virtual Console.
[  OK  ] Stopped Network Time Synchronization.
[  OK  ] Stopped Load/Save Screen Backlight Brightness of backlight:backlight.
[  OK  ] Stopped Load/Save Random Seed.
[  OK  ] Stopped Update UTMP about System Boot/Shutdown.
[  OK  ] Removed slice system-systemd\x2dbacklight.slice.
[  OK  ] Stopped Create Volatile Files and Directories.
[  OK  ] Stopped target Local File Systems.
         Unmounting /var/volatile...
         Unmounting Temporary Directory...
[  OK  ] Unmounted /var/volatile.
[  OK  ] Unmounted Temporary Directory.
[  OK  ] Reached target Unmount All Filesystems.
[  OK  ] Stopped target Local File Systems (Pre).
[  OK  ] Stopped Remount Root and Kernel File Systems.
[  OK  ] Stopped Create Static Device Nodes in /dev.
[  OK  ] Reached target Shutdown.
[  OK  ] Reached target Final Step.
         Starting Reboot...
[  950.700206] systemd-shutdown[1]: Sending SIGTERM to remaining processes...
[  950.722096] systemd-journald[196]: Received SIGTERM from PID 1 (systemd-shutdow).
[  950.763711] systemd-shutdown[1]: Sending SIGKILL to remaining processes...
[  950.783329] systemd-shutdown[1]: Hardware watchdog 'imx2+ watchdog', version 0
[  950.791420] systemd-shutdown[1]: Unmounting file systems.
[  950.797398] systemd-shutdown[1]: Remounting '/' read-only with options 'data=ordered'.
[  950.843211] EXT4-fs (mmcblk0p2): re-mounted. Opts: data=ordered
[  950.854364] systemd-shutdown[1]: Remounting '/' read-only with options 'data=ordered'.
[  950.862418] EXT4-fs (mmcblk0p2): re-mounted. Opts: data=ordered
[  950.870360] systemd-shutdown[1]: All filesystems unmounted.
[  950.876016] systemd-shutdown[1]: Deactivating swaps.
[  950.881155] systemd-shutdown[1]: All swaps deactivated.
[  950.886709] systemd-shutdown[1]: Detaching loop devices.
[  950.897340] systemd-shutdown[1]: All loop devices detached.
[  950.902961] systemd-shutdown[1]: Detaching DM devices.
[  950.908608] systemd-shutdown[1]: All DM devices detached.
[  950.919745] systemd-shutdown[1]: Rebooting.
[  953.494373] imx2-wdt 20bc000.wdog: Device shutdown: Expect reboot!
[  953.500847] reboot: Restarting system


U-Boot 2016.11+fslc+g80c3bd6 (Jan 02 2018 - 11:32:06 +0100)

CPU:   Freescale i.MX6Q rev1.5 at 792 MHz
Reset cause: WDOG
I2C:   ready
DRAM:  2 GiB
force_idle_bus: sda=0 scl=1 sda.gp=0x9a scl.gp=0x9b
PMIC:  device id: 0x10, revision id: 0x21, programmed
MS('þFSL_SDHC: 0, FSL_SDHC: 1, FSL_SDHC: 2
auto-detected panel vga-rgb
Display: vga-rgb (640x480)
In:    serial
Out:   serial
Err:   serial
Model: Toradex Apalis iMX6 Quad 2GB IT V1.1C, Serial# 05139699
Net:   using PHY at 7
FEC [PRIME]
Hit any key to stop autoboot:  1  0 
Booting from internal eMMC chip...
reading imx6q-apalis-ixora-v1_1.dtb
48970 bytes read in 22 ms (2.1 MiB/s)
reading uImage
5943928 bytes read in 172 ms (33 MiB/s)
## Booting kernel from Legacy Image at 10800000 ...
   Image Name:   Linux-4.1.41-v2.7b1+g82f0f4f
   Image Type:   ARM Linux Kernel Image (uncompressed)
   Data Size:    5943864 Bytes = 5.7 MiB
   Load Address: 10008000
   Entry Point:  10008000
   Verifying Checksum ... OK
## Flattened Device Tree blob at 12000000
   Booting using the fdt blob at 0x12000000
   Loading Kernel Image ... OK
   Using Device Tree in place at 12000000, end 1200ef49

Starting kernel ...

[    0.000000] Booting Linux on physical CPU 0x0
[    0.000000] Initializing cgroup subsys cpu
[    0.000000] Initializing cgroup subsys cpuacct
[    0.000000] Linux version 4.1.41-v2.7b1+g82f0f4f (behlingc@mplan-ubuntu-1610-dev) (gcc version 5.3.0 (GCC) ) #1 SMP Wed Jan 31 17:39:36 CET 2018
[    0.000000] CPU: ARMv7 Processor [412fc09a] revision 10 (ARMv7), cr=10c5387d
[    0.000000] CPU: PIPT / VIPT nonaliasing data cache, VIPT aliasing instruction cache
[    0.000000] Machine model: Toradex Apalis iMX6Q/D Module on Ixora V1.1 Carrier Board
[    0.000000] Reserved memory: created CMA memory pool at 0x62000000, size 320 MiB
[    0.000000] Reserved memory: initialized node linux,cma, compatible id shared-dma-pool
[    0.000000] Memory policy: Data cache writealloc
[    0.000000] PERCPU: Embedded 12 pages/cpu @d0efd000 s16908 r8192 d24052 u49152
[    0.000000] Built 1 zonelists in Zone order, mobility grouping on.  Total pages: 521024
[    0.000000] Kernel command line: enable_wait_mode=off vmalloc=400M ip=off root=/dev/mmcblk0p2 rw,noatime rootfstype=ext4 rootwait fec_mac=00:14:2d:4e:6c:f3 consoleblank=0 no_console_suspend=1 console=tty1 console=ttymxc0,115200n8 mxc_hdmi.only_cea=1 video=mxcfb1:dev=hdmi,1920x1080M@60,if=RGB24 video=mxcfb0:dev=ldb,800x480M@60,if=RGB666 video=mxcfb2:off video=mxcfb3:off fbmem=32M
[    0.000000] PID hash table entries: 4096 (order: 2, 16384 bytes)
[    0.000000] Dentry cache hash table entries: 262144 (order: 8, 1048576 bytes)
[    0.000000] Inode-cache hash table entries: 131072 (order: 7, 524288 bytes)
[    0.000000] Memory: 1738972K/2097152K available (7679K kernel code, 330K rwdata, 2648K rodata, 372K init, 423K bss, 30500K reserved, 327680K cma-reserved, 425984K highmem)
[    0.000000] Virtual kernel memory layout:
[    0.000000]     vector  : 0xffff0000 - 0xffff1000   (   4 kB)
[    0.000000]     fixmap  : 0xffc00000 - 0xfff00000   (3072 kB)
[    0.000000]     vmalloc : 0xe6800000 - 0xff000000   ( 392 MB)
[    0.000000]     lowmem  : 0x80000000 - 0xe6000000   (1632 MB)
[    0.000000]     pkmap   : 0x7fe00000 - 0x80000000   (   2 MB)
[    0.000000]     modules : 0x7f000000 - 0x7fe00000   (  14 MB)
[    0.000000]       .text : 0x80008000 - 0x80a1e0a4   (10329 kB)
[    0.000000]       .init : 0x80a1f000 - 0x80a7c000   ( 372 kB)
[    0.000000]       .data : 0x80a7c000 - 0x80ace8c0   ( 331 kB)
[    0.000000]        .bss : 0x80ad1000 - 0x80b3ae1c   ( 424 kB)
[    0.000000] SLUB: HWalign=64, Order=0-3, MinObjects=0, CPUs=4, Nodes=1
[    0.000000] Hierarchical RCU implementation.
[    0.000000] NR_IRQS:16 nr_irqs:16 16
[    0.000000] L2C-310 erratum 769419 enabled
[    0.000000] L2C-310 enabling early BRESP for Cortex-A9
[    0.000000] L2C-310 full line of zeros enabled for Cortex-A9
[    0.000000] L2C-310 ID prefetch enabled, offset 16 lines
[    0.000000] L2C-310 dynamic clock gating enabled, standby mode enabled
[    0.000000] L2C-310 cache controller enabled, 16 ways, 1024 kB
[    0.000000] L2C-310: CACHE_ID 0x410000c7, AUX_CTRL 0x76470001
[    0.000000] mxc_clocksource_init 3000000
[    0.000000] Switching to timer-based delay loop, resolution 333ns
[    0.000006] sched_clock: 32 bits at 3000kHz, resolution 333ns, wraps every 715827882841ns
[    0.000022] clocksource mxc_timer1: mask: 0xffffffff max_cycles: 0xffffffff, max_idle_ns: 637086815595 ns
[    0.001233] Console: colour dummy device 80x30
[    0.001871] console [tty1] enabled
[    0.001900] Calibrating delay loop (skipped), value calculated using timer frequency.. 6.00 BogoMIPS (lpj=30000)
[    0.001941] pid_max: default: 32768 minimum: 301
[    0.002054] Mount-cache hash table entries: 4096 (order: 2, 16384 bytes)
[    0.002082] Mountpoint-cache hash table entries: 4096 (order: 2, 16384 bytes)
[    0.002659] Initializing cgroup subsys freezer
[    0.002697] Initializing cgroup subsys debug
[    0.002748] CPU: Testing write buffer coherency: ok
[    0.003025] Setting up static identity map for 0x10008280 - 0x100082d8
[    0.006324] Brought up 4 CPUs
[    0.006359] SMP: Total of 4 processors activated (24.00 BogoMIPS).
[    0.006382] CPU: All CPU(s) started in SVC mode.
[    0.006885] devtmpfs: initialized
[    0.019445] VFP support v0.3: implementor 41 architecture 3 part 30 variant 9 rev 4
[    0.019888] clocksource jiffies: mask: 0xffffffff max_cycles: 0xffffffff, max_idle_ns: 19112604462750000 ns
[    0.019948] futex hash table entries: 1024 (order: 4, 65536 bytes)
[    0.039937] pinctrl core: initialized pinctrl subsystem
[    0.041203] NET: Registered protocol family 16
[    0.049575] DMA: preallocated 256 KiB pool for atomic coherent allocations
[    0.079656] cpuidle: using governor ladder
[    0.109652] cpuidle: using governor menu
[    0.110047] CPU identified as i.MX6Q, silicon rev 1.5
[    0.134656] hw-breakpoint: found 5 (+1 reserved) breakpoint and 1 watchpoint registers.
[    0.134704] hw-breakpoint: maximum watchpoint size is 4 bytes.
[    0.135829] imx6q-pinctrl 20e0000.iomuxc: initialized IMX pinctrl driver
[    0.137830] imx-gpc 20dc000.gpc: no fsl,ldo-bypass found!
[    0.147996] mxs-dma 110000.dma-apbh: initialized
[    0.150494] usb_host_vbus: supplied by usb_host_vbus_hub
[    0.150861] vgaarb: loaded
[    0.151689] SCSI subsystem initialized
[    0.152191] usbcore: registered new interface driver usbfs
[    0.152287] usbcore: registered new interface driver hub
[    0.152388] usbcore: registered new device driver usb
[    0.152616] 2000000.aips-bus:usbphy_nop1 supply vcc not found, using dummy regulator
[    0.152797] 2000000.aips-bus:usbphy_nop2 supply vcc not found, using dummy regulator
[    0.153573] i2c-gpio i2c@0: using pins 80 (SDA) and 62 (SCL)
[    0.154433] i2c i2c-1: IMX I2C adapter registered
[    0.154471] i2c i2c-1: can't use DMA
[    0.156025] stmpe-i2c 2-0041: stmpe811 detected, chip id: 0x811
[    0.157962] i2c i2c-2: IMX I2C adapter registered
[    0.158000] i2c i2c-2: can't use DMA
[    0.158472] i2c i2c-3: IMX I2C adapter registered
[    0.158506] i2c i2c-3: can't use DMA
[    0.158665] Linux video capture interface: v2.00
[    0.158736] pps_core: LinuxPPS API ver. 1 registered
[    0.158759] pps_core: Software ver. 5.3.6 - Copyright 2005-2007 Rodolfo Giometti <giometti@linux.it>
[    0.158812] PTP clock support registered
[    0.179704] imx-ipuv3 2400000.ipu: IPU DMFC NORMAL mode: 1(0~1), 5B(4,5), 5F(6,7)
[    0.199693] imx-ipuv3 2800000.ipu: IPU DMFC NORMAL mode: 1(0~1), 5B(4,5), 5F(6,7)
[    0.200619] mxc_mipi_csi2 21dc000.mipi_csi: i.MX MIPI CSI2 driver probed ipu0 csi1
[    0.200664] mxc_mipi_csi2 21dc000.mipi_csi: i.MX MIPI CSI2 dphy version is 0x3130302a
[    0.200776] MIPI CSI2 driver module loaded
[    0.201068] Advanced Linux Sound Architecture Driver Initialized.
[    0.202301] Bluetooth: Core ver 2.20
[    0.202366] NET: Registered protocol family 31
[    0.202390] Bluetooth: HCI device and connection manager initialized
[    0.202420] Bluetooth: HCI socket layer initialized
[    0.202451] Bluetooth: L2CAP socket layer initialized
[    0.202494] Bluetooth: SCO socket layer initialized
[    0.203091] Switched to clocksource mxc_timer1
[    0.213889] NET: Registered protocol family 2
[    0.214673] TCP established hash table entries: 16384 (order: 4, 65536 bytes)
[    0.214846] TCP bind hash table entries: 16384 (order: 5, 131072 bytes)
[    0.215107] TCP: Hash tables configured (established 16384 bind 16384)
[    0.215204] UDP hash table entries: 1024 (order: 3, 32768 bytes)
[    0.215301] UDP-Lite hash table entries: 1024 (order: 3, 32768 bytes)
[    0.215575] NET: Registered protocol family 1
[    0.215913] RPC: Registered named UNIX socket transport module.
[    0.215942] RPC: Registered udp transport module.
[    0.215962] RPC: Registered tcp transport module.
[    0.215980] RPC: Registered tcp NFSv4.1 backchannel transport module.
[    0.216774] CPU PMU: Failed to parse /soc/pmu/interrupt-affinity[0]
[    0.216848] hw perfevents: enabled with armv7_cortex_a9 PMU driver, 7 counters available
[    0.217887] imx rpmsg driver is registered.
[    0.218931] Bus freq driver module loaded
[    0.225921] VFS: Disk quotas dquot_6.6.0
[    0.226111] VFS: Dquot-cache hash table entries: 1024 (order 0, 4096 bytes)
[    0.227170] squashfs: version 4.0 (2009/01/31) Phillip Lougher
[    0.227956] NFS: Registering the id_resolver key type
[    0.228023] Key type id_resolver registered
[    0.228048] Key type id_legacy registered
[    0.228091] nfs4filelayout_init: NFSv4 File Layout Driver Registering...
[    0.228621] ntfs: driver 2.1.32 [Flags: R/W].
[    0.229103] fuse init (API version 7.23)
[    0.233273] bounce: pool size: 64 pages
[    0.233318] io scheduler noop registered
[    0.233345] io scheduler deadline registered
[    0.233515] io scheduler cfq registered (default)
[    0.236275] backlight supply power not found, using dummy regulator
[    0.237891] MIPI DSI driver module loaded
[    0.239265] 20e0000.hdmi_video supply HDMI not found, using dummy regulator
[    0.240738] fbcvt: 800x480@60: CVT Name - .384M9
[    0.240787] mxc_sdc_fb fb@0: registered mxc display driver ldb
[    0.244999] mxc_sdc_fb fb@0: 800x480 h_sync,r,l: 72,24,96  v_sync,l,u: 7,3,10 pixclock=29500000 Hz
[    0.266795] mxc_hdmi 20e0000.hdmi_video: Detected HDMI controller 0x13:0xa:0xa0:0xc1
[    0.266853] fbcvt: 1920x1080@60: CVT Name - 2.073M9
[    0.266971] mxc_sdc_fb fb@1: registered mxc display driver hdmi
[    0.282233] mxc_sdc_fb fb@1: 1920x1080 h_sync,r,l: 44,88,148  v_sync,l,u: 5,4,36 pixclock=148500000 Hz
[    0.293171] imx-ipuv3 2400000.ipu: IPU DMFC DP HIGH RESOLUTION: 1(0,1), 5B(2~5), 5F(6,7)
[    0.296841] mxc_sdc_fb fb@2: mxcfb2 is turned off!
[    0.296936] mxc_sdc_fb fb@3: mxcfb3 is turned off!
[    0.298442] imx-sdma 20ec000.sdma: no iram assigned, using external mem
[    0.298866] imx-sdma 20ec000.sdma: no event needs to be remapped
[    0.299169] imx-sdma 20ec000.sdma: loaded firmware 3.3
[    0.301767] imx-sdma 20ec000.sdma: initialized
[    0.303467] pfuze100-regulator 2-0008: Full layer: 2, Metal layer: 1
[    0.304102] pfuze100-regulator 2-0008: FAB: 0, FIN: 0
[    0.304130] pfuze100-regulator 2-0008: pfuze100 found.
[    0.318672] 2020000.serial: ttymxc0 at MMIO 0x2020000 (irq = 26, base_baud = 5000000) is a IMX
[    1.225162] console [ttymxc0] enabled
[    1.229710] 21e8000.serial: ttymxc1 at MMIO 0x21e8000 (irq = 301, base_baud = 5000000) is a IMX
[    1.238971] 21f0000.serial: ttymxc3 at MMIO 0x21f0000 (irq = 302, base_baud = 5000000) is a IMX
[    1.248210] 21f4000.serial: ttymxc4 at MMIO 0x21f4000 (irq = 303, base_baud = 5000000) is a IMX
[    1.258950] [drm] Initialized drm 1.1.0 20060810
[    1.264061] [drm] Initialized vivante 1.0.0 20120216 on minor 0
[    1.278140] brd: module loaded
[    1.286326] loop: module loaded
[    1.290756] ahci-imx 2200000.sata: fsl,transmit-level-mV not specified, using 00000024
[    1.298760] ahci-imx 2200000.sata: fsl,transmit-boost-mdB not specified, using 00000480
[    1.306826] ahci-imx 2200000.sata: fsl,transmit-atten-16ths not specified, using 00002000
[    1.315057] ahci-imx 2200000.sata: fsl,receive-eq-mdB not specified, using 05000000
[    1.326261] ahci-imx 2200000.sata: SSS flag set, parallel bus scan disabled
[    1.333304] ahci-imx 2200000.sata: AHCI 0001.0300 32 slots 1 ports 3 Gbps 0x1 impl platform mode
[    1.342131] ahci-imx 2200000.sata: flags: ncq sntf stag pm led clo only pmp pio slum part ccc apst 
[    1.352633] scsi host0: ahci-imx
[    1.356213] ata1: SATA max UDMA/133 mmio [mem 0x02200000-0x02203fff] port 0x100 irq 313
[    1.367611] spi_imx 2008000.ecspi: probed
[    1.372573] vcan: Virtual CAN interface driver
[    1.377105] CAN device driver interface
[    1.381210] 2090000.flexcan supply xceiver not found, using dummy regulator
[    1.389006] flexcan 2090000.flexcan: device registered (reg_base=e6aa8000, irq=35)
[    1.396757] 2094000.flexcan supply xceiver not found, using dummy regulator
[    1.404460] flexcan 2094000.flexcan: device registered (reg_base=e6ab0000, irq=36)
[    1.413214] 2188000.ethernet supply phy not found, using dummy regulator
[    1.433513] pps pps0: new PPS source ptp0
[    1.438771] libphy: fec_enet_mii_bus: probed
[    1.444867] fec 2188000.ethernet eth0: registered PHC device 0
[    1.450992] PPP generic driver version 2.4.2
[    1.455545] ehci_hcd: USB 2.0 'Enhanced' Host Controller (EHCI) Driver
[    1.462105] ehci-pci: EHCI PCI platform driver
[    1.466666] ehci-mxc: Freescale On-Chip EHCI Host driver
[    1.472196] usbcore: registered new interface driver usb-storage
[    1.478384] usbcore: registered new interface driver usbserial
[    1.484302] usbcore: registered new interface driver usbserial_generic
[    1.490891] usbserial: USB Serial support registered for generic
[    1.496979] usbcore: registered new interface driver ftdi_sio
[    1.502793] usbserial: USB Serial support registered for FTDI USB Serial Device
[    1.510195] usbcore: registered new interface driver option
[    1.515838] usbserial: USB Serial support registered for GSM modem (1-port)
[    1.522864] usbcore: registered new interface driver pl2303
[    1.528509] usbserial: USB Serial support registered for pl2303
[    1.535829] 2184800.usbmisc supply vbus-wakeup not found, using dummy regulator
[    1.554903] ci_hdrc ci_hdrc.1: EHCI Host Controller
[    1.559842] ci_hdrc ci_hdrc.1: new USB bus registered, assigned bus number 1
[    1.583118] ci_hdrc ci_hdrc.1: USB 2.0 started, EHCI 1.00
[    1.589338] hub 1-0:1.0: USB hub found
[    1.593197] hub 1-0:1.0: 1 port detected
[    1.598128] mousedev: PS/2 mouse device common for all mice
[    1.604305] [PENMOUNT] Loading penmount_i2c V1.15.0
[    1.609350] [PENMOUNT] Probing for device ...
[    1.681203] [PENMOUNT] PM2204.D01.1.0.0
[    1.687960] [PENMOUNT] Supports 5 touch contacts
[    1.695469] [PENMOUNT] Supports WD mode
[    1.699324] [PENMOUNT] Supports WP mode
[    1.706068] [PENMOUNT] Use WP mode !
[    1.712536] [PENMOUNT] Sensitivity Level : 0 (max: 2)
[    1.713125] ata1: SATA link down (SStatus 0 SControl 300)
[    1.713168] ahci-imx 2200000.sata: no device found, disabling link.
[    1.713175] ahci-imx 2200000.sata: pass ahci_imx..hotplug=1 to enable hotplug
[    1.739410] [PENMOUNT] irq already specified !!
[    1.744126] [PENMOUNT] Using IRQ 219
[    1.747963] input: PenMount I2C Touch Screen as /devices/soc0/soc/2100000.aips-bus/21a0000.i2c/i2c-1/1-0038/input/input0
[    1.759388] input: PenMount I2C Touch Key as /devices/soc0/soc/2100000.aips-bus/21a0000.i2c/i2c-1/1-0038/input/input1
[    1.773484] rtc-ds1307 1-0068: rtc core: registered m41t0 as rtc0
[    1.780234] snvs_rtc 20cc000.snvs:snvs-rtc-lp: rtc core: registered 20cc000.snvs:snvs-r as rtc1
[    1.789139] i2c /dev entries driver
[    1.794561] mxc_v4l2_output v4l2_out: V4L2 device registered as video16
[    1.801362] mxc_v4l2_output v4l2_out: V4L2 device registered as video17
[    1.808196] mxc_v4l2_output v4l2_out: V4L2 device registered as video18
[    1.815017] mxc_v4l2_output v4l2_out: V4L2 device registered as video19
[    1.823835] imx2-wdt 20bc000.wdog: timeout 60 sec (nowayout=0)
[    1.829926] usbcore: registered new interface driver btusb
[    1.835673] sdhci: Secure Digital Host Controller Interface driver
[    1.841880] sdhci: Copyright(c) Pierre Ossman
[    1.846291] sdhci-pltfm: SDHCI platform and OF driver helper
[    1.852948] /soc/aips-bus@02100000/usdhc@02190000: voltage-ranges unspecified
[    1.860172] sdhci-esdhc-imx 2190000.usdhc: Got CD GPIO
[    1.866854] sdhci-esdhc-imx 2190000.usdhc: No vqmmc regulator found
[    1.913130] usb 1-1: new high-speed USB device number 2 using ci_hdrc
[    1.919777] mmc1: SDHCI controller on 2190000.usdhc [2190000.usdhc] using ADMA
[    1.930789] /soc/aips-bus@02100000/usdhc@02198000: voltage-ranges unspecified
[    1.946569] sdhci-esdhc-imx 2198000.usdhc: No vqmmc regulator found
[    1.996134] mmc0: SDHCI controller on 2198000.usdhc [2198000.usdhc] using ADMA
[    2.004476] mmc1: new high speed SDHC card at address 0001
[    2.010588] mmcblk1: mmc1:0001 00000 7.44 GiB 
[    2.016650]  mmcblk1: p1 p2
[    2.019572] mxc_vpu 2040000.vpu_fsl: VPU initialized
[    2.029242] mxc_vdoa 21e4000.vdoa: i.MX Video Data Order Adapter(VDOA) driver probed
[    2.039838] caam 2100000.caam: Entropy delay = 3200
[    2.094238] hub 1-1:1.0: USB hub found
[    2.098207] hub 1-1:1.0: 4 ports detected
[    2.107585] caam 2100000.caam: Instantiated RNG4 SH0
[    2.116379] mmc0: MAN_BKOPS_EN bit is not set
[    2.140006] mmc0: new DDR MMC card at address 0001
[    2.145211] mmcblk0: mmc0:0001 Q2J54A 3.59 GiB 
[    2.149899] mmcblk0boot0: mmc0:0001 Q2J54A partition 1 16.0 MiB
[    2.156000] mmcblk0boot1: mmc0:0001 Q2J54A partition 2 16.0 MiB
[    2.163025]  mmcblk0: p1 p2
[    2.168348] caam 2100000.caam: Instantiated RNG4 SH1
[    2.173370] caam 2100000.caam: device ID = 0x0a16010000000000 (Era -524)
[    2.180097] caam 2100000.caam: job rings = 2, qi = 0
[    2.248280] caam algorithms registered in /proc/crypto
[    2.257430] caam_jr 2101000.jr0: registering rng-caam
[    2.263459] snvs-secvio 20cc000.caam-snvs: can't get snvs clock
[    2.269471] snvs-secvio 20cc000.caam-snvs: violation handlers armed - non-secure state
[    2.277674] hidraw: raw HID events driver (C) Jiri Kosina
[    2.283346] usbcore: registered new interface driver usbhid
[    2.288944] usbhid: USB HID core driver
[    2.298066] stmpe-adc stmpe-adc: Initialized
[    2.306078] sgtl5000 2-000a: sgtl5000 revision 0x11
[    2.336789] fsl-asrc 2034000.asrc: driver registered
[    2.383119] usb 1-1.2: new low-speed USB device number 3 using ci_hdrc
[    2.481822] imx-sgtl5000 sound: sgtl5000 <-> 2028000.ssi mapping ok
[    2.490917] imx-spdif sound-spdif: snd-soc-dummy-dai <-> 2004000.spdif mapping ok
[    2.501508] imx-audio-hdmi sound-hdmi: hdmi-hifi <-> soc:hdmi_audio@00120000 mapping ok
[    2.510304] Netfilter messages via NETLINK v0.30.
[    2.515126] nfnl_acct: registering with nfnetlink.
[    2.520004] nf_conntrack version 0.5.0 (16384 buckets, 65536 max)
[    2.526652] nf_tables: (c) 2007-2009 Patrick McHardy <kaber@trash.net>
[    2.533726] ip_tables: (C) 2000-2006 Netfilter Core Team
[    2.540157] NET: Registered protocol family 10
[    2.545832] ip6_tables: (C) 2000-2006 Netfilter Core Team
[    2.551306] NET: Registered protocol family 17
[    2.551693] input: PixArt Dell MS116 USB Optical Mouse as /devices/soc0/soc/2100000.aips-bus/2184200.usb/ci_hdrc.1/usb1/1-1/1-1.2/1-1.2:1.0/0003:413C:301A.0001/input/input2
[    2.552153] hid-generic 0003:413C:301A.0001: input,hidraw0: USB HID v1.11 Mouse [PixArt Dell MS116 USB Optical Mouse] on usb-ci_hdrc.1-1.2/input0
[    2.584391] bridge: automatic filtering via arp/ip/ip6tables has been deprecated. Update your scripts to load br_netfilter if you need this.
[    2.597075] Bridge firewalling registered
[    2.601130] can: controller area network core (rev 20120528 abi 9)
[    2.607427] NET: Registered protocol family 29
[    2.611920] can: raw protocol (rev 20120528)
[    2.616233] can: broadcast manager protocol (rev 20120528 t)
[    2.621938] can: netlink gateway (rev 20130117) max_hops=1
[    2.627740] Bluetooth: RFCOMM TTY layer initialized
[    2.632657] Bluetooth: RFCOMM socket layer initialized
[    2.637874] Bluetooth: RFCOMM ver 1.11
[    2.641663] Bluetooth: BNEP (Ethernet Emulation) ver 1.3
[    2.647010] Bluetooth: BNEP filters: protocol multicast
[    2.652267] Bluetooth: BNEP socket layer initialized
[    2.657272] Bluetooth: HIDP (Human Interface Emulation) ver 1.2
[    2.663110] usb 1-1.3: new high-speed USB device number 4 using ci_hdrc
[    2.669870] Bluetooth: HIDP socket layer initialized
[    2.674939] 8021q: 802.1Q VLAN Support v1.8
[    2.679528] Key type dns_resolver registered
[    2.685824] Registering SWP/SWPB emulation handler
[    2.691331] registered taskstats version 1
[    2.696418] 1ffc000.pcie supply pcie-bus not found, using dummy regulator
[    3.120827] imx6q-pcie 1ffc000.pcie: phy link never came up
[    3.126501] imx6q-pcie 1ffc000.pcie: failed to initialize host
[    3.132468] imx6q-pcie: probe of 1ffc000.pcie failed with error -22
[    3.142753] rtc-ds1307 1-0068: setting system clock to 2018-02-04 18:08:15 UTC (1517767695)
[    3.161647] usb_otg_vbus: disabling
[    3.165629] ALSA device list:
[    3.168639]   #0: imx6q-apalis-sgtl5000
[    3.172494]   #1: imx-spdif
[    3.175336]   #2: imx-hdmi-soc
[    3.194570] EXT4-fs (mmcblk0p2): mounted filesystem with ordered data mode. Opts: (null)
[    3.202858] VFS: Mounted root (ext4 filesystem) readonly on device 179:10.
[    3.210252] devtmpfs: mounted
[    3.213754] Freeing unused kernel memory: 372K (80a1f000 - 80a7c000)
[    3.345756] random: systemd urandom read with 83 bits of entropy available
[    3.355350] systemd[1]: systemd 229 running in system mode. (-PAM -AUDIT -SELINUX +IMA -APPARMOR +SMACK +SYSVINIT +UTMP -LIBCRYPTSETUP -GCRYPT -GNUTLS +ACL +XZ -LZ4 -SECCOMP +BLKID -ELFUTILS +KMOD -IDN)
[    3.374042] systemd[1]: Detected architecture arm.

Welcome to Boot to Qt for Embedded Linux 2.1.1 (krogoth)!

[    3.413637] systemd[1]: Set hostname to <b2qt-apalis-imx6>.
[    3.666164] systemd[1]: Created slice User and Session Slice.
[  OK  ] Created slice User and Session Slice.
[    3.703524] systemd[1]: Started Dispatch Password Requests to Console Directory Watch.
[  OK  ] Started Dispatch Password Requests to Console Directory Watch.
[    3.733456] systemd[1]: Listening on Journal Socket.
[  OK  ] Listening on Journal Socket.
[    3.753462] systemd[1]: Started Forward Password Requests to Wall Directory Watch.
[  OK  ] Started Forward Password Requests to Wall Directory Watch.
[    3.783448] systemd[1]: Reached target Paths.
[  OK  ] Reached target Paths.
[    3.803647] systemd[1]: Listening on /dev/initctl Compatibility Named Pipe.
[  OK  ] Listening on /dev/initctl Compatibility Named Pipe.
[    3.833420] systemd[1]: Reached target Swap.
[  OK  ] Reached target Swap.
[    3.872427] systemd[1]: Reached target Remote File Systems.
[  OK  ] Reached target Remote File Systems.
[    3.893633] systemd[1]: Listening on Syslog Socket.
[  OK  ] Listening on Syslog Socket.
[    3.914063] systemd[1]: Created slice System Slice.
[  OK  ] Created slice System Slice.
[    3.937072] systemd[1]: Mounting Debug File System...
         Mounting Debug File System...
[    3.967402] systemd[1]: Mounting Temporary Directory...
         Mounting Temporary Directory...
[    3.984738] systemd[1]: Starting Setup Virtual Console...
         Starting Setup Virtual Console...
[    4.015467] systemd[1]: Starting File System Check on Root Device...
         Starting File System Check on Root Device...
[    4.047824] systemd[1]: Starting Load Kernel Modules...
         [    4.053781] systemd[1]: Listening on Journal Socket (/dev/log).
Starting Load Kernel Modules...
[  OK  ] Listening on[    4.063525] systemd[1]: Starting Journal Service...
 Journal Socket (/dev/log).
[    4.071348] systemd[1]: Listening on udev Control Socket.
         Starting Journal Service[    4.079565] systemd[1]: Listening on Network Service Netlink Socket.
...
[  OK  ] Listening on udev Control Socket.
[    4.091781] systemd[1]: Starting Create list of required static device nodes for the current kernel...
32m  OK  ] Listening on Netwo[    4.103915] systemd[1]: Created slice system-serial\x2dgetty.slice.
rk Service Netlink Socket.
     [    4.112882] systemd[1]: Reached target Slices.
    Starting Create list of requi[    4.119942] systemd[1]: Listening on udev Kernel Socket.
red st... nodes for the current kernel...
[  OK  ] Cr[    4.132447] systemd[1]: Mounted Debug File System.
eated slice system-serial\x2dgett[    4.138669] systemd[1]: Mounted Temporary Directory.
y.slice.
[  OK  ] Rea[    4.148897] systemd[1]: Started Setup Virtual Console.
ched target Slices.
[  OK  ] Listening on udev Kernel Socket.
[  OK  ] Mounted Debug File System.
[  OK  ] Mounted Temporary Directory.
[  OK  ] Started Setup Virtual Console.
[    4.172321] systemd[1]: Started Create list of required static device nodes for the current kernel.
[  OK  ] Started Create list of required sta...ce nodes for the current kernel.
[    4.207296] RTL871X: module init start
[    4.211133] RTL871X: rtl8723bu v4.3.6.11_12942.20141204_BTCOEX20140507-4E40
[    4.218196] RTL871X: rtl8723bu BT-Coex version = BTCOEX20140507-4E40
[    4.253251] systemd[1]: Started File System Check on Root Device.
[  OK  ] Started File System Check on Root Device.
[    4.300109] systemd[1]: Starting Remount Root and Kernel File Systems...
         Starting Remount Root and Kernel File Systems...
[    4.339409] systemd[1]: Started Journal Service.
ù[  OK  ] Started Journal Service.
[    4.353855] random: nonblocking pool is initialized
[  OK  ] Started Remount Root and Kernel File Systems.
         Starting udev Coldplug all Devices...
         Starting Create Static Device Nodes in /dev...
         Starting Flush Journal to Persistent Storage...
[  OK  ] Started Create Static Device Nodes in /dev.
[    4.555528] RTL871X: rtw_ndev_init(wlan0)
[    4.560698] RTL871X: rtw_ndev_init(wlan1)
[    4.566028] usbcore: registered new interface driver rtl8723bu
[    4.571675] systemd-journald[200]: Received request to flush runtime journal from PID 1
[    4.580050] RTL871X: module init ret=0
[  OK  ] Started Flush Journal to Persistent Storage.
[    4.604884] Galcore version 5.0.11.41671
         Starting udev Kernel Device Manager...
[  OK  ] Reached target Local File Systems (Pre).
         Mounting /var/volatile...
[  OK  ] Mounted /var/volatile.
[  OK  ] Reached target Local File Systems.
         Starting Create Volatile Files and Directories...
         Starting Load/Save Random Seed...
[  OK  ] Started udev Kernel Device Manager.
[  OK  ] Started udev Coldplug all Devices.
[  OK  ] Started Create Volatile Files and Directories.
[  OK  ] Started Load/Save Random Seed.
         Starting Network Time Synchronization...
         Starting Update UTMP about System Boot/Shutdown...
[  OK  ] Started Network Time Synchronization.
[  OK  ] Found device /dev/ttymxc0.
[  OK  ] Found device /dev/ttymxc1.
[  OK  [    5.598382] tty0tty null modem driver v1.2
] Started Update UTMP about System Boot/Shutdown.
[  OK  ] Started Load Kernel Modules.
[    5.755368] ov5647_read_reg(mipi):reg=300a ret=-5
[    5.760153] camera ov5647_mipi is not found
[    5.894636] ERROR: v4l2 capture: slave not found!
[    5.895867] ERROR: v4l2 capture: slave not found!
[  OK  ] Listening on Load/Save RF Kill Switch Status /dev/rfkill Watch.
[  OK  ] Reached target Sound Card.
         Mounting FUSE Control File System...
         Mounting Configuration File System...
         Starting Apply Kernel Variables...
[  OK  ] Reached target System Time Synchronized.
[  OK  ] Created slice system-systemd\x2dbacklight.slice.
         Starting Load/Save Screen Backlight...htness of backlight:backlight...
[  OK  ] Mounted Configuration File System.
[  OK  ] Mounted FUSE Control File System.
[  OK  ] Started Apply Kernel Variables.
[  OK  ] Started Load/Save Screen Backlight Brightness of backlight:backlight.
         Starting Load/Save RF Kill Switch Status...
[  OK  ] Reached target System Initialization.
[  OK  ] Started Daily Cleanup of Temporary Directories.
[  OK  ] Reached target Timers.
[  OK  ] Listening on D-Bus System Message Bus Socket.
[  OK  ] Listening on RPCbind Server Activation Socket.
[  OK  ] Listening on dropbear.socket.
[  OK  ] Reached target Sockets.
[  OK  ] Reached target Basic System.
[  OK  ] Started Serial Getty on ttymxc1.
         Starting Login Service...
[  OK  ] Started B2Qt user application.
[  OK  ] Started Kernel Logging Service.
         Starting Save/Restore Sound Card State...
[  OK  ] Started Serial Getty on ttymxc0.
[  OK  ] Reached target Login Prompts.
[  OK  ] Started D-Bus System Message Bus.
         Starting Network Service...
         Starting D-BUS Session Message Bus....
[  OK  ] Started System Logging Service.
[  OK  ] Started Load/Save RF Kill Switch Status.
[  OK  ] Started Network Service.
[  OK  ] Started Login Service.
[  OK  ] Reached target Network.
         Starting Network Time Service...
         Starting ADB Server Daemon...
[  OK  ] Started D-BUS Session Message Bus..
[  OK  ] Started Network Time Service.
[    7.155756] file system registered
[    7.189621] flexcan 2090000.flexcan can0: writing ctrl=0x01232084
[  OK  ] Started ADB Server Daemon.
[  OK  ] Reached target Multi-User System.
[  OK  ] Started Ujet Ble Service.
[  OK  ] Reached target Custom Target.
         Starting Ujet Identify Service...
[  OK  ] Started Ujet Bluetooth Audio Service.
         Starting Update UTMP about System Runlevel Changes...
[  OK  ] Started Ujet HTTPD Service.
[  OK  ] Started Ujet C[    7.370125] read descriptors
loud Service.
[    7.374283] read strings
[    7.378165] g_ffs gadget: g_ffs ready
[  OK  ] Started Ujet Telemetry Service.
[    7.443222] usb 1-1.1: new high-speed USB device number 5 using ci_hdrc
[  OK  ] Stopped Bluetooth service.
[  OK  ] Started Update UTMP about System Runlevel Changes.
[    7.581993] option 1-1.1:1.0: GSM modem (1-port) converter detected
[    7.590597] usb 1-1.1: GSM modem (1-port) converter now attached to ttyUSB0
[    7.601161] option 1-1.1:1.1: GSM modem (1-port) converter detected
[    7.610030] usb 1-1.1: GSM modem (1-port) converter now attached to ttyUSB1
[    7.618928] option 1-1.1:1.2: GSM modem (1-port) converter detected
[    7.626515] usb 1-1.1: GSM modem (1-port) converter now attached to ttyUSB2
[    7.635873] option 1-1.1:1.3: GSM modem (1-port) converter detected
[    7.643746] usb 1-1.1: GSM modem (1-port) converter now attached to ttyUSB3
[    7.653587] option 1-1.1:1.4: GSM modem (1-port) converter detected
[    7.662054] usb 1-1.1: GSM modem (1-port) converter now attached to ttyUSB4
[  OK  ] Started Save/Restore Sound Card State.
[    8.355452] mxc_sdc_fb fb@0: 800x480 h_sync,r,l: 72,24,96  v_sync,l,u: 7,3,10 pixclock=29500000 Hz
[   11.574896] alloc_contig_range: [62100, 62114) PFNs busy

Boot to Qt for Embedded Linux 2.1.1 b2qt-apalis-imx6 ttymxc0

b2qt-apalis-imx6 login: [   14.392747] ci_hdrc ci_hdrc.0: Device No Response
root
root@b2qt-apalis-imx6:~# 
root@b2qt-apalis-imx6:~# 
root@b2qt-apalis-imx6:~# 
root@b2qt-apalis-imx6:~# cd /
root@b2qt-apalis-imx6:/# 
root@b2qt-apalis-imx6:/# 
root@b2qt-apalis-imx6:/# 
root@b2qt-apalis-imx6:/# 
root@b2qt-apalis-imx6:/# 
root@b2qt-apalis-imx6:/# cay   t /dev/ttymxc3 &
[1] 457
root@b2qt-apalis-imx6:/# cat /dev/ttymxc3 & 4
[2] 459
root@b2qt-apalis-imx6:/# ALL 01:01:01:01:05:76 111F HFP
CALL 01:01:01:01:05:76 19 A2DP
CALL 1
CALL 01:01:01:01:05:76 17 AVRCP
NO CARRIER 3 ERROR 1 BOCK_ERR_RESOURCES
NO CARRIER 0 ERROR 1b04 SDC_NO_RESPONSE_DATA
CONNECT 2 AVRCP 17
CONNECT 1 A2DP 19
NO CARRIER 1 ERROR 0 
AVRCP 2 GET_CAPABILITIES 3

root@b2qt-apalis-imx6:/# 
root@b2qt-apalis-imx6:/# 
root@b2qt-apalis-imx6:/# LIST 0 CONNECTED AVRCP 672 0 0 0 0 0 40:4d:7f:78:18:d4 17 INCOMING ACTIVE SLAVE ENCRYPTED 0
 
AVRCP PDU 30
AVRCP 2 GET_PLAY_STATUS_RSP REJ

root@b2qt-apalis-imx6:/# 
root@b2qt-apalis-imx6:/# 
root@b2qt-apalis-imx6:/# A2DP STREAMING START 1

root@b2qt-apalis-imx6:/# 
root@b2qt-apalis-imx6:/# 
root@b2qt-apalis-imx6:/# A2DP STREAMING STOP 1

root@b2qt-apalis-imx6:/# 
root@b2qt-apalis-imx6:/# 
root@b2qt-apalis-imx6:/# A2DP STREAMING START 1

root@b2qt-apalis-imx6:/# 
root@b2qt-apalis-imx6:/# 
root@b2qt-apalis-imx6:/# 
root@b2qt-apalis-imx6:/# 
root@b2qt-apalis-imx6:/# 
root@b2qt-apalis-imx6:/# 
root@b2qt-apalis-imx6:/# A2DP STREAMING STOP 1

root@b2qt-apalis-imx6:/# 
root@b2qt-apalis-imx6:/# 
root@b2qt-apalis-imx6:/# 
root@b2qt-apalis-imx6:/# 
root@b2qt-apalis-imx6:/# 
root@b2qt-apalis-imx6:/# 
root@b2qt-apalis-imx6:/# 
root@b2qt-apalis-imx6:/# 
root@b2qt-apalis-imx6:/# 
root@b2qt-apalis-imx6:/# reboot
[  OK  ] Stopped target Custom Target.
         Stopping Ujet Telemetry Service...
[  OK  ] Stopped target System Time Synchronized.
         Stopping Ujet Ble Service...
[  OK  ] Stopped target Timers.
[  OK  ] Closed Load/Save RF Kill Switch Status /dev/rfkill Watch.
[  OK  ] Stopped Daily Cleanup of Temporary Directories.
         Stopping Save/Restore Sound Card State...
         Stopping Ujet Cloud Service...
[  OK  ] Stopped target Sound Card.
[  OK  ] Stopped target Remote File Systems.
         Stopping Ujet Bluetooth Audio Service...
         Stopping Ujet HTTPD Service...
[  OK  ] Stopped Ujet Ble Service.
[  OK  ] Stopped Ujet Identify Service.
[  OK  ] Stopped Ujet Bluetooth Audio Service.
[  OK  ] Stopped Ujet HTTPD Service.
[  OK  ] Stopped Ujet Cloud Service.
[  OK  ] Stopped Ujet Telemetry Service.
[  OK  ] Stopped Save/Restore Sound Card State.
[  OK  ] Stopped target Multi-User System.
         Stopping B2Qt user application...
         Stopping Kernel Logging Service.®         Stopping Network Time Service...
         Stopping ADB Server Daemon...
[  618.322970] mxc_sdc_fb fb@0: 800x480 h_sync,r,l: 72,24,96  v_sync,l,u: 7,3,10 pixclock=29500000 Hz
         Stopping System Logging Service...
         Stopping Login Service...
[  OK  ] Stopped Serial Getty on ttymxc1.
[  OK  ] Stopped Login Service.
[  OK  ] Stopped Kernel Logging Service.
[  OK  ] Stopped Serial Getty on ttymxc0.
[  OK  ] Stopped System Logging Service.
[  OK  ] Stopped Network Time Service.
[  OK  ] Stopped D-BUS Session Message Bus..
[  OK  ] Stopped B2Qt user application.
[  OK  ] Removed slice system-serial\x2dgetty.slice.
[  OK  ] Unmounted /dev/usb-ffs/adb.
[  619.423264] ffs_data_put(): freeing
[  619.437006] unloading
[  OK  ] Stopped ADB Server Daemon.
[  OK  ] Stopped target Network.
         Stopping Network Service...
[  OK  ] Stopped Network Service.
         Stopping D-Bus System Message Bus...
[  OK  ] Stopped D-Bus System Message Bus.
[  OK  ] Stopped target Basic System.
[  OK  ] Stopped target Slices.
[  OK  ] Removed slice User and Session Slice.
[  OK  ] Stopped target Sockets.
[  OK  ] Closed dropbear.socket.
[  OK  ] Closed RPCbind Server Activation Socket.
[  OK  ] Closed Syslog Socket.
[  OK  ] Stopped target Paths.
[  OK  ] Stopped Dispatch Password Requests to Console Directory Watch.
[  OK  ] Stopped Forward Password Requests to Wall Directory Watch.
[  OK  ] Closed D-Bus System Message Bus Socket.
[  OK  ] Stopped target System Initialization.
[  OK  ] Stopped target Swap.
         Stopping Load/Save Screen Backlight...htness of backlight:backlight...
[  OK  ] Stopped Setup Virtual Console.
         Stopping Network Time Synchronization...
[  OK  ] Stopped Apply Kernel Variables.
         Stopping Update UTMP about System Boot/Shutdown...
[  OK  ] Stopped Load Kernel Modules.
         Stopping Load/Save Random Seed...
[  OK  ] Stopped Network Time Synchronization.
[  OK  ] Stopped Load/Save Screen Backlight Brightness of backlight:backlight.
[  OK  ] Stopped Load/Save Random Seed.
[  OK  ] Stopped Update UTMP about System Boot/Shutdown.
[  OK  ] Removed slice system-systemd\x2dbacklight.slice.
[  OK  ] Stopped Create Volatile Files and Directories.
[  OK  ] Stopped target Local File Systems.
         Unmounting /var/volatile...
         Unmounting Temporary Directory...
[  OK  ] Unmounted /var/volatile.
[  OK  ] Unmounted Temporary Directory.
[  OK  ] Reached target Unmount All Filesystems.
[  OK  ] Stopped target Local File Systems (Pre).
[  OK  ] Stopped Remount Root and Kernel File Systems.
[  OK  ] Stopped Create Static Device Nodes in /dev.
[  OK  ] Reached target Shutdown.
[  OK  ] Reached target Final Step.
         Starting Reboot...
[  620.919256] systemd-shutdown[1]: Sending SIGTERM to remaining processes...
[  620.940939] systemd-journald[200]: Received SIGTERM from PID 1 (systemd-shutdow).
[  620.983695] systemd-shutdown[1]: Sending SIGKILL to remaining processes...
[  621.003303] systemd-shutdown[1]: Hardware watchdog 'imx2+ watchdog', version 0
[  621.011398] systemd-shutdown[1]: Unmounting file systems.
[  621.017350] systemd-shutdown[1]: Remounting '/' read-only with options 'data=ordered'.
[  621.058115] EXT4-fs (mmcblk0p2): re-mounted. Opts: data=ordered
[  621.071054] systemd-shutdown[1]: Remounting '/' read-only with options 'data=ordered'.
[  621.079174] EXT4-fs (mmcblk0p2): re-mounted. Opts: data=ordered
[  621.085201] systemd-shutdown[1]: All filesystems unmounted.
[  621.090809] systemd-shutdown[1]: Deactivating swaps.
[  621.095975] systemd-shutdown[1]: All swaps deactivated.
[  621.101230] systemd-shutdown[1]: Detaching loop devices.
[  621.119670] systemd-shutdown[1]: All loop devices detached.
[  621.125351] systemd-shutdown[1]: Detaching DM devices.
[  621.130868] systemd-shutdown[1]: All DM devices detached.
[  621.141852] systemd-shutdown[1]: Rebooting.
[  623.714267] imx2-wdt 20bc000.wdog: Device shutdown: Expect reboot!
[  623.720716] reboot: Restarting system


U-Boot 2016.11+fslc+g80c3bd6 (Jan 02 2018 - 11:32:06 +0100)

CPU:   Freescale i.MX6Q rev1.5 at 792 MHz
Reset cause: WDOG
I2C:   ready
DRAM:  2 GiB
PMIC:  device id: 0x10, revision id: 0x21, programmed
S('þFSL_SDHC: 0, FSL_SDHC: 1, FSL_SDHC: 2
auto-detected panel vga-rgb
Display: vga-rgb (640x480)
In:    serial
Out:   serial
Err:   serial
Model: Toradex Apalis iMX6 Quad 2GB IT V1.1C, Serial# 05139699
Net:   using PHY at 7
FEC [PRIME]
Hit any key to stop autoboot:  1  0 
Apalis iMX6 # run sdboot
Booting from SD card
reading imx6q-apalis-ixora-v1_1.dtb
49809 bytes read in 27 ms (1.8 MiB/s)
reading uImage
5943136 bytes read in 546 ms (10.4 MiB/s)
## Booting kernel from Legacy Image at 10800000 ...
   Image Name:   Linux-4.1.41-v2.7b1+g82f0f4f
   Image Type:   ARM Linux Kernel Image (uncompressed)
   Data Size:    5943072 Bytes = 5.7 MiB
   Load Address: 10008000
   Entry Point:  10008000
   Verifying Checksum ... OK
## Flattened Device Tree blob at 12000000
   Booting using the fdt blob at 0x12000000
   Loading Kernel Image ... OK
   Using Device Tree in place at 12000000, end 1200f290

Starting kernel ...

[    0.000000] Booting Linux on physical CPU 0x0
[    0.000000] Initializing cgroup subsys cpu
[    0.000000] Initializing cgroup subsys cpuacct
[    0.000000] Linux version 4.1.41-v2.7b1+g82f0f4f (admin@mplan-ubuntu-1610-dev) (gcc version 5.3.0 (GCC) ) #1 SMP Fri Nov 10 18:16:05 CET 2017
[    0.000000] CPU: ARMv7 Processor [412fc09a] revision 10 (ARMv7), cr=10c5387d
[    0.000000] CPU: PIPT / VIPT nonaliasing data cache, VIPT aliasing instruction cache
[    0.000000] Machine model: Toradex Apalis iMX6Q/D Module on Ixora V1.1 Carrier Board
[    0.000000] Reserved memory: created CMA memory pool at 0x62000000, size 320 MiB
[    0.000000] Reserved memory: initialized node linux,cma, compatible id shared-dma-pool
[    0.000000] Memory policy: Data cache writealloc
[    0.000000] PERCPU: Embedded 12 pages/cpu @d0efc000 s16908 r8192 d24052 u49152
[    0.000000] Built 1 zonelists in Zone order, mobility grouping on.  Total pages: 521024
[    0.000000] Kernel command line: enable_wait_mode=off vmalloc=400M ip=off root=/dev/mmcblk1p2 rw,noatime rootfstype=ext4 rootwait fec_mac=00:14:2d:4e:6c:f3 consoleblank=0 no_console_suspend=1 console=tty1 console=ttymxc0,115200n8 mxc_hdmi.only_cea=1 video=mxcfb1:dev=hdmi,1920x1080M@60,if=RGB24 video=mxcfb0:dev=ldb,800x480M@60,if=RGB666 video=mxcfb2:off video=mxcfb3:off fbmem=32M
[    0.000000] PID hash table entries: 4096 (order: 2, 16384 bytes)
[    0.000000] Dentry cache hash table entries: 262144 (order: 8, 1048576 bytes)
[    0.000000] Inode-cache hash table entries: 131072 (order: 7, 524288 bytes)
[    0.000000] Memory: 1738968K/2097152K available (7679K kernel code, 330K rwdata, 2644K rodata, 376K init, 422K bss, 30504K reserved, 327680K cma-reserved, 425984K highmem)
[    0.000000] Virtual kernel memory layout:
[    0.000000]     vector  : 0xffff0000 - 0xffff1000   (   4 kB)
[    0.000000]     fixmap  : 0xffc00000 - 0xfff00000   (3072 kB)
[    0.000000]     vmalloc : 0xe6800000 - 0xff000000   ( 392 MB)
[    0.000000]     lowmem  : 0x80000000 - 0xe6000000   (1632 MB)
[    0.000000]     pkmap   : 0x7fe00000 - 0x80000000   (   2 MB)
[    0.000000]     modules : 0x7f000000 - 0x7fe00000   (  14 MB)
[    0.000000]       .text : 0x80008000 - 0x80a1d0a4   (10325 kB)
[    0.000000]       .init : 0x80a1e000 - 0x80a7c000   ( 376 kB)
[    0.000000]       .data : 0x80a7c000 - 0x80ace8c0   ( 331 kB)
[    0.000000]        .bss : 0x80ad1000 - 0x80b3ab1c   ( 423 kB)
[    0.000000] SLUB: HWalign=64, Order=0-3, MinObjects=0, CPUs=4, Nodes=1
[    0.000000] Hierarchical RCU implementation.
[    0.000000] NR_IRQS:16 nr_irqs:16 16
[    0.000000] L2C-310 erratum 769419 enabled
[    0.000000] L2C-310 enabling early BRESP for Cortex-A9
[    0.000000] L2C-310 full line of zeros enabled for Cortex-A9
[    0.000000] L2C-310 ID prefetch enabled, offset 16 lines
[    0.000000] L2C-310 dynamic clock gating enabled, standby mode enabled
[    0.000000] L2C-310 cache controller enabled, 16 ways, 1024 kB
[    0.000000] L2C-310: CACHE_ID 0x410000c7, AUX_CTRL 0x76470001
[    0.000000] mxc_clocksource_init 3000000
[    0.000000] Switching to timer-based delay loop, resolution 333ns
[    0.000006] sched_clock: 32 bits at 3000kHz, resolution 333ns, wraps every 715827882841ns
[    0.000022] clocksource mxc_timer1: mask: 0xffffffff max_cycles: 0xffffffff, max_idle_ns: 637086815595 ns
[    0.001247] Console: colour dummy device 80x30
[    0.001869] console [tty1] enabled
[    0.001898] Calibrating delay loop (skipped), value calculated using timer frequency.. 6.00 BogoMIPS (lpj=30000)
[    0.001939] pid_max: default: 32768 minimum: 301
[    0.002051] Mount-cache hash table entries: 4096 (order: 2, 16384 bytes)
[    0.002080] Mountpoint-cache hash table entries: 4096 (order: 2, 16384 bytes)
[    0.002669] Initializing cgroup subsys freezer
[    0.002704] Initializing cgroup subsys debug
[    0.002754] CPU: Testing write buffer coherency: ok
[    0.003028] Setting up static identity map for 0x10008280 - 0x100082d8
[    0.006331] Brought up 4 CPUs
[    0.006368] SMP: Total of 4 processors activated (24.00 BogoMIPS).
[    0.006391] CPU: All CPU(s) started in SVC mode.
[    0.006887] devtmpfs: initialized
[    0.019669] VFP support v0.3: implementor 41 architecture 3 part 30 variant 9 rev 4
[    0.020086] clocksource jiffies: mask: 0xffffffff max_cycles: 0xffffffff, max_idle_ns: 19112604462750000 ns
[    0.020145] futex hash table entries: 1024 (order: 4, 65536 bytes)
[    0.039804] pinctrl core: initialized pinctrl subsystem
[    0.041063] NET: Registered protocol family 16
[    0.049431] DMA: preallocated 256 KiB pool for atomic coherent allocations
[    0.079653] cpuidle: using governor ladder
[    0.109649] cpuidle: using governor menu
[    0.110050] CPU identified as i.MX6Q, silicon rev 1.5
[    0.134684] hw-breakpoint: found 5 (+1 reserved) breakpoint and 1 watchpoint registers.
[    0.134733] hw-breakpoint: maximum watchpoint size is 4 bytes.
[    0.135857] imx6q-pinctrl 20e0000.iomuxc: initialized IMX pinctrl driver
[    0.137852] imx-gpc 20dc000.gpc: no fsl,ldo-bypass found!
[    0.148036] mxs-dma 110000.dma-apbh: initialized
[    0.150545] usb_host_vbus: supplied by usb_host_vbus_hub
[    0.150887] vgaarb: loaded
[    0.151693] SCSI subsystem initialized
[    0.152180] usbcore: registered new interface driver usbfs
[    0.152274] usbcore: registered new interface driver hub
[    0.152379] usbcore: registered new device driver usb
[    0.152612] 2000000.aips-bus:usbphy_nop1 supply vcc not found, using dummy regulator
[    0.152794] 2000000.aips-bus:usbphy_nop2 supply vcc not found, using dummy regulator
[    0.153560] i2c-gpio i2c@0: using pins 80 (SDA) and 62 (SCL)
[    0.154414] i2c i2c-1: IMX I2C adapter registered
[    0.154452] i2c i2c-1: can't use DMA
[    0.156018] stmpe-i2c 2-0041: stmpe811 detected, chip id: 0x811
[    0.157971] i2c i2c-2: IMX I2C adapter registered
[    0.158007] i2c i2c-2: can't use DMA
[    0.158700] i2c i2c-3: IMX I2C adapter registered
[    0.158735] i2c i2c-3: can't use DMA
[    0.158902] Linux video capture interface: v2.00
[    0.158972] pps_core: LinuxPPS API ver. 1 registered
[    0.158995] pps_core: Software ver. 5.3.6 - Copyright 2005-2007 Rodolfo Giometti <giometti@linux.it>
[    0.159050] PTP clock support registered
[    0.179699] imx-ipuv3 2400000.ipu: IPU DMFC NORMAL mode: 1(0~1), 5B(4,5), 5F(6,7)
[    0.199690] imx-ipuv3 2800000.ipu: IPU DMFC NORMAL mode: 1(0~1), 5B(4,5), 5F(6,7)
[    0.200672] mxc_mipi_csi2 21dc000.mipi_csi: i.MX MIPI CSI2 driver probed ipu0 csi1
[    0.200720] mxc_mipi_csi2 21dc000.mipi_csi: i.MX MIPI CSI2 dphy version is 0x3130302a
[    0.200834] MIPI CSI2 driver module loaded
[    0.201122] Advanced Linux Sound Architecture Driver Initialized.
[    0.202354] Bluetooth: Core ver 2.20
[    0.202416] NET: Registered protocol family 31
[    0.202440] Bluetooth: HCI device and connection manager initialized
[    0.202470] Bluetooth: HCI socket layer initialized
[    0.202497] Bluetooth: L2CAP socket layer initialized
[    0.202542] Bluetooth: SCO socket layer initialized
[    0.203144] Switched to clocksource mxc_timer1
[    0.213915] NET: Registered protocol family 2
[    0.214690] TCP established hash table entries: 16384 (order: 4, 65536 bytes)
[    0.214863] TCP bind hash table entries: 16384 (order: 5, 131072 bytes)
[    0.215124] TCP: Hash tables configured (established 16384 bind 16384)
[    0.215219] UDP hash table entries: 1024 (order: 3, 32768 bytes)
[    0.215317] UDP-Lite hash table entries: 1024 (order: 3, 32768 bytes)
[    0.215593] NET: Registered protocol family 1
[    0.215934] RPC: Registered named UNIX socket transport module.
[    0.215966] RPC: Registered udp transport module.
[    0.215987] RPC: Registered tcp transport module.
[    0.216007] RPC: Registered tcp NFSv4.1 backchannel transport module.
[    0.216809] CPU PMU: Failed to parse /soc/pmu/interrupt-affinity[0]
[    0.216880] hw perfevents: enabled with armv7_cortex_a9 PMU driver, 7 counters available
[    0.217930] imx rpmsg driver is registered.
[    0.218972] Bus freq driver module loaded
[    0.225977] VFS: Disk quotas dquot_6.6.0
[    0.226169] VFS: Dquot-cache hash table entries: 1024 (order 0, 4096 bytes)
[    0.227240] squashfs: version 4.0 (2009/01/31) Phillip Lougher
[    0.228021] NFS: Registering the id_resolver key type
[    0.228078] Key type id_resolver registered
[    0.228104] Key type id_legacy registered
[    0.228148] nfs4filelayout_init: NFSv4 File Layout Driver Registering...
[    0.228700] ntfs: driver 2.1.32 [Flags: R/W].
[    0.229172] fuse init (API version 7.23)
[    0.233383] bounce: pool size: 64 pages
[    0.233425] io scheduler noop registered
[    0.233453] io scheduler deadline registered
[    0.233626] io scheduler cfq registered (default)
[    0.236368] backlight supply power not found, using dummy regulator
[    0.237975] MIPI DSI driver module loaded
[    0.239348] 20e0000.hdmi_video supply HDMI not found, using dummy regulator
[    0.240812] fbcvt: 800x480@60: CVT Name - .384M9
[    0.240859] mxc_sdc_fb fb@0: registered mxc display driver ldb
[    0.245205] mxc_sdc_fb fb@0: 800x480 h_sync,r,l: 72,24,96  v_sync,l,u: 7,3,10 pixclock=29500000 Hz
[    0.266928] mxc_hdmi 20e0000.hdmi_video: Detected HDMI controller 0x13:0xa:0xa0:0xc1
[    0.266988] fbcvt: 1920x1080@60: CVT Name - 2.073M9
[    0.267123] mxc_sdc_fb fb@1: registered mxc display driver hdmi
[    0.282364] mxc_sdc_fb fb@1: 1920x1080 h_sync,r,l: 44,88,148  v_sync,l,u: 5,4,36 pixclock=148500000 Hz
[    0.303223] imx-ipuv3 2400000.ipu: IPU DMFC DP HIGH RESOLUTION: 1(0,1), 5B(2~5), 5F(6,7)
[    0.306904] mxc_sdc_fb fb@2: mxcfb2 is turned off!
[    0.306998] mxc_sdc_fb fb@3: mxcfb3 is turned off!
[    0.308480] imx-sdma 20ec000.sdma: no iram assigned, using external mem
[    0.308900] imx-sdma 20ec000.sdma: no event needs to be remapped
[    0.309206] imx-sdma 20ec000.sdma: loaded firmware 3.3
[    0.311814] imx-sdma 20ec000.sdma: initialized
[    0.313539] pfuze100-regulator 2-0008: Full layer: 2, Metal layer: 1
[    0.314170] pfuze100-regulator 2-0008: FAB: 0, FIN: 0
[    0.314201] pfuze100-regulator 2-0008: pfuze100 found.
[    0.328718] 2020000.serial: ttymxc0 at MMIO 0x2020000 (irq = 26, base_baud = 5000000) is a IMX
[    1.234956] console [ttymxc0] enabled
[    1.239518] 21e8000.serial: ttymxc1 at MMIO 0x21e8000 (irq = 301, base_baud = 5000000) is a IMX
[    1.248785] 21f0000.serial: ttymxc3 at MMIO 0x21f0000 (irq = 302, base_baud = 5000000) is a IMX
[    1.258026] 21f4000.serial: ttymxc4 at MMIO 0x21f4000 (irq = 303, base_baud = 5000000) is a IMX
[    1.268767] [drm] Initialized drm 1.1.0 20060810
[    1.273886] [drm] Initialized vivante 1.0.0 20120216 on minor 0
[    1.287939] brd: module loaded
[    1.296078] loop: module loaded
[    1.300521] ahci-imx 2200000.sata: fsl,transmit-level-mV not specified, using 00000024
[    1.308522] ahci-imx 2200000.sata: fsl,transmit-boost-mdB not specified, using 00000480
[    1.316589] ahci-imx 2200000.sata: fsl,transmit-atten-16ths not specified, using 00002000
[    1.324819] ahci-imx 2200000.sata: fsl,receive-eq-mdB not specified, using 05000000
[    1.335999] ahci-imx 2200000.sata: SSS flag set, parallel bus scan disabled
[    1.343024] ahci-imx 2200000.sata: AHCI 0001.0300 32 slots 1 ports 3 Gbps 0x1 impl platform mode
[    1.351883] ahci-imx 2200000.sata: flags: ncq sntf stag pm led clo only pmp pio slum part ccc apst 
[    1.362405] scsi host0: ahci-imx
[    1.365995] ata1: SATA max UDMA/133 mmio [mem 0x02200000-0x02203fff] port 0x100 irq 313
[    1.377436] spi_imx 2008000.ecspi: probed
[    1.382394] vcan: Virtual CAN interface driver
[    1.386924] CAN device driver interface
[    1.391028] 2090000.flexcan supply xceiver not found, using dummy regulator
[    1.398822] flexcan 2090000.flexcan: device registered (reg_base=e6aa8000, irq=35)
[    1.406573] 2094000.flexcan supply xceiver not found, using dummy regulator
[    1.414285] flexcan 2094000.flexcan: device registered (reg_base=e6ab0000, irq=36)
[    1.423010] 2188000.ethernet supply phy not found, using dummy regulator
[    1.443561] pps pps0: new PPS source ptp0
[    1.448816] libphy: fec_enet_mii_bus: probed
[    1.454910] fec 2188000.ethernet eth0: registered PHC device 0
[    1.461036] PPP generic driver version 2.4.2
[    1.465562] ehci_hcd: USB 2.0 'Enhanced' Host Controller (EHCI) Driver
[    1.472120] ehci-pci: EHCI PCI platform driver
[    1.476674] ehci-mxc: Freescale On-Chip EHCI Host driver
[    1.482199] usbcore: registered new interface driver usb-storage
[    1.488381] usbcore: registered new interface driver usbserial
[    1.494299] usbcore: registered new interface driver usbserial_generic
[    1.500885] usbserial: USB Serial support registered for generic
[    1.506972] usbcore: registered new interface driver ftdi_sio
[    1.512774] usbserial: USB Serial support registered for FTDI USB Serial Device
[    1.520181] usbcore: registered new interface driver option
[    1.525835] usbserial: USB Serial support registered for GSM modem (1-port)
[    1.532864] usbcore: registered new interface driver pl2303
[    1.538513] usbserial: USB Serial support registered for pl2303
[    1.545841] 2184800.usbmisc supply vbus-wakeup not found, using dummy regulator
[    1.564970] ci_hdrc ci_hdrc.1: EHCI Host Controller
[    1.569907] ci_hdrc ci_hdrc.1: new USB bus registered, assigned bus number 1
[    1.593178] ci_hdrc ci_hdrc.1: USB 2.0 started, EHCI 1.00
[    1.599392] hub 1-0:1.0: USB hub found
[    1.603243] hub 1-0:1.0: 1 port detected
[    1.608179] mousedev: PS/2 mouse device common for all mice
[    1.614377] [PENMOUNT] Loading penmount_i2c V1.15.0
[    1.619420] [PENMOUNT] Probing for device ...
[    1.643106] [PENMOUNT] PM2204.D01.1.0.0
[    1.649857] [PENMOUNT] Supports 5 touch contacts
[    1.657382] [PENMOUNT] Supports WD mode
[    1.661238] [PENMOUNT] Supports WP mode
[    1.667975] [PENMOUNT] Use WP mode !
[    1.674450] [PENMOUNT] Sensitivity Level : 0 (max: 2)
[    1.682389] [PENMOUNT] irq already specified !!
[    1.687091] [PENMOUNT] Using IRQ 219
[    1.690916] input: PenMount I2C Touch Screen as /devices/soc0/soc/2100000.aips-bus/21a0000.i2c/i2c-1/1-0038/input/input0
[    1.702350] input: PenMount I2C Touch Key as /devices/soc0/soc/2100000.aips-bus/21a0000.i2c/i2c-1/1-0038/input/input1
[    1.716551] rtc-ds1307 1-0068: rtc core: registered m41t0 as rtc0
[    1.723188] ata1: SATA link down (SStatus 0 SControl 300)
[    1.723335] snvs_rtc 20cc000.snvs:snvs-rtc-lp: rtc core: registered 20cc000.snvs:snvs-r as rtc1
[    1.723470] i2c /dev entries driver
[    1.725224] mxc_v4l2_output v4l2_out: V4L2 device registered as video16
[    1.725390] mxc_v4l2_output v4l2_out: V4L2 device registered as video17
[    1.725545] mxc_v4l2_output v4l2_out: V4L2 device registered as video18
[    1.725703] mxc_v4l2_output v4l2_out: V4L2 device registered as video19
[    1.727822] imx2-wdt 20bc000.wdog: timeout 60 sec (nowayout=0)
[    1.728047] usbcore: registered new interface driver btusb
[    1.728246] sdhci: Secure Digital Host Controller Interface driver
[    1.728248] sdhci: Copyright(c) Pierre Ossman
[    1.728255] sdhci-pltfm: SDHCI platform and OF driver helper
[    1.729179] /soc/aips-bus@02100000/usdhc@02190000: voltage-ranges unspecified
[    1.729209] sdhci-esdhc-imx 2190000.usdhc: Got CD GPIO
[    1.729719] sdhci-esdhc-imx 2190000.usdhc: No vqmmc regulator found
[    1.773307] mmc1: SDHCI controller on 2190000.usdhc [2190000.usdhc] using ADMA
[    1.776997] /soc/aips-bus@02100000/usdhc@02198000: voltage-ranges unspecified
[    1.785560] sdhci-esdhc-imx 2198000.usdhc: No vqmmc regulator found
[    1.832270] mmc1: new SDHC card at address 0001
[    1.832661] mmcblk1: mmc1:0001 00000 7.44 GiB 
[    1.834510]  mmcblk1: p1 p2
[    1.843186] mmc0: SDHCI controller on 2198000.usdhc [2198000.usdhc] using ADMA
[    1.845808] mxc_vpu 2040000.vpu_fsl: VPU initialized
[    1.848455] mxc_vdoa 21e4000.vdoa: i.MX Video Data Order Adapter(VDOA) driver probed
[    1.851309] caam 2100000.caam: Entropy delay = 3200
[    1.871194] ahci-imx 2200000.sata: no device found, disabling link.
[    1.877506] ahci-imx 2200000.sata: pass ahci_imx..hotplug=1 to enable hotplug
[    1.912231] caam 2100000.caam: Instantiated RNG4 SH0
[    1.933179] usb 1-1: new high-speed USB device number 2 using ci_hdrc
[    1.958437] mmc0: MAN_BKOPS_EN bit is not set
[    1.972862] caam 2100000.caam: Instantiated RNG4 SH1
[    1.977885] caam 2100000.caam: device ID = 0x0a16010000000000 (Era -524)
[    1.984635] caam 2100000.caam: job rings = 2, qi = 0
[    1.993355] mmc0: new DDR MMC card at address 0001
[    1.998596] mmcblk0: mmc0:0001 Q2J54A 3.59 GiB 
[    2.003307] mmcblk0boot0: mmc0:0001 Q2J54A partition 1 16.0 MiB
[    2.009363] mmcblk0boot1: mmc0:0001 Q2J54A partition 2 16.0 MiB
[    2.016629]  mmcblk0: p1 p2
[    2.068874] caam algorithms registered in /proc/crypto
[    2.078171] caam_jr 2101000.jr0: registering rng-caam
[    2.084305] snvs-secvio 20cc000.caam-snvs: can't get snvs clock
[    2.084458] hub 1-1:1.0: USB hub found
[    2.090294] hub 1-1:1.0: 4 ports detected
[    2.098174] snvs-secvio 20cc000.caam-snvs: violation handlers armed - non-secure state
[    2.106439] hidraw: raw HID events driver (C) Jiri Kosina
[    2.112141] usbcore: registered new interface driver usbhid
[    2.117775] usbhid: USB HID core driver
[    2.127029] stmpe-adc stmpe-adc: Initialized
[    2.134885] sgtl5000 2-000a: sgtl5000 revision 0x11
[    2.166318] fsl-asrc 2034000.asrc: driver registered
[    2.311703] imx-sgtl5000 sound: sgtl5000 <-> 2028000.ssi mapping ok
[    2.320754] imx-spdif sound-spdif: snd-soc-dummy-dai <-> 2004000.spdif mapping ok
[    2.331259] imx-audio-hdmi sound-hdmi: hdmi-hifi <-> soc:hdmi_audio@00120000 mapping ok
[    2.340126] Netfilter messages via NETLINK v0.30.
[    2.344904] nfnl_acct: registering with nfnetlink.
[    2.349744] nf_conntrack version 0.5.0 (16384 buckets, 65536 max)
[    2.356371] nf_tables: (c) 2007-2009 Patrick McHardy <kaber@trash.net>
[    2.363370] ip_tables: (C) 2000-2006 Netfilter Core Team
[    2.369337] NET: Registered protocol family 10
[    2.374934] ip6_tables: (C) 2000-2006 Netfilter Core Team
[    2.380386] NET: Registered protocol family 17
[    2.384932] bridge: automatic filtering via arp/ip/ip6tables has been deprecated. Update your scripts to load br_netfilter if you need this.
[    2.397621] usb 1-1.2: new low-speed USB device number 3 using ci_hdrc
[    2.404256] Bridge firewalling registered
[    2.408310] can: controller area network core (rev 20120528 abi 9)
[    2.414600] NET: Registered protocol family 29
[    2.419100] can: raw protocol (rev 20120528)
[    2.423416] can: broadcast manager protocol (rev 20120528 t)
[    2.429109] can: netlink gateway (rev 20130117) max_hops=1
[    2.434898] Bluetooth: RFCOMM TTY layer initialized
[    2.439811] Bluetooth: RFCOMM socket layer initialized
[    2.445077] Bluetooth: RFCOMM ver 1.11
[    2.448869] Bluetooth: BNEP (Ethernet Emulation) ver 1.3
[    2.454224] Bluetooth: BNEP filters: protocol multicast
[    2.459478] Bluetooth: BNEP socket layer initialized
[    2.464487] Bluetooth: HIDP (Human Interface Emulation) ver 1.2
[    2.470434] Bluetooth: HIDP socket layer initialized
[    2.475501] 8021q: 802.1Q VLAN Support v1.8
[    2.480054] Key type dns_resolver registered
[    2.486317] Registering SWP/SWPB emulation handler
[    2.491835] registered taskstats version 1
[    2.496860] 1ffc000.pcie supply pcie-bus not found, using dummy regulator
[    2.918258] imx6q-pcie 1ffc000.pcie: phy link never came up
[    2.923928] imx6q-pcie 1ffc000.pcie: failed to initialize host
[    2.929904] imx6q-pcie: probe of 1ffc000.pcie failed with error -22
[    2.932142] input: PixArt Dell MS116 USB Optical Mouse as /devices/soc0/soc/2100000.aips-bus/2184200.usb/ci_hdrc.1/usb1/1-1/1-1.2/1-1.2:1.0/0003:413C:301A.0001/input/input2
[    2.932644] hid-generic 0003:413C:301A.0001: input,hidraw0: USB HID v1.11 Mouse [PixArt Dell MS116 USB Optical Mouse] on usb-ci_hdrc.1-1.2/input0
[    2.968848] rtc-ds1307 1-0068: setting system clock to 2018-02-04 18:18:43 UTC (1517768323)
[    2.987272] usb_otg_vbus: disabling
[    2.991063] ALSA device list:
[    2.994111]   #0: imx6q-apalis-sgtl5000
[    2.997970]   #1: imx-spdif
[    3.000783]   #2: imx-hdmi-soc
[    3.013207] usb 1-1.3: new high-speed USB device number 4 using ci_hdrc
[    3.014846] EXT4-fs (mmcblk1p2): INFO: recovery required on readonly filesystem
[    3.014850] EXT4-fs (mmcblk1p2): write access will be enabled during recovery
[    3.064700] EXT4-fs (mmcblk1p2): recovery complete
[    3.079399] EXT4-fs (mmcblk1p2): mounted filesystem with ordered data mode. Opts: (null)
[    3.087591] VFS: Mounted root (ext4 filesystem) readonly on device 179:2.
[    3.095657] devtmpfs: mounted
[    3.098994] Freeing unused kernel memory: 376K (80a1e000 - 80a7c000)
[    3.587408] random: systemd urandom read with 40 bits of entropy available
[    3.599832] systemd[1]: systemd 229 running in system mode. (-PAM -AUDIT -SELINUX +IMA -APPARMOR +SMACK +SYSVINIT +UTMP -LIBCRYPTSETUP -GCRYPT -GNUTLS +ACL +XZ -LZ4 -SECCOMP +BLKID -ELFUTILS +KMOD -IDN)
[    3.619065] systemd[1]: Detected architecture arm.

Welcome to Boot to Qt for Embedded Linux 2.1.1 (krogoth)!

[    3.664969] systemd[1]: Set hostname to <b2qt-apalis-imx6>.
[    4.170583] systemd[1]: Started Dispatch Password Requests to Console Directory Watch.
[  OK  ] Started Dispatch Password Requests to Console Directory Watch.
[    4.203384] systemd[1]: Reached target Remote File Systems.
[  OK  ] Reached target Remote File Systems.
[    4.223435] systemd[1]: Listening on Syslog Socket.
[  OK  ] Listening on Syslog Socket.
[    4.243396] systemd[1]: Listening on udev Kernel Socket.
[  OK  ] Listening on udev Kernel Socket.
[    4.263593] systemd[1]: Listening on Network Service Netlink Socket.
[  OK  ] Listening on Network Service Netlink Socket.
[    4.284173] systemd[1]: Created slice User and Session Slice.
[  OK  ] Created slice User and Session Slice.
[    4.313966] systemd[1]: Created slice System Slice.
[  OK  ] Created slice System Slice.
[    4.333816] systemd[1]: Listening on udev Control Socket.
[  OK  ] Listening on udev Control Socket.
[    4.381511] systemd[1]: Listening on /dev/initctl Compatibility Named Pipe.
[  OK  ] Listening on /dev/initctl Compatibility Named Pipe.
[    4.413829] systemd[1]: Listening on Journal Socket.
[  OK  ] Listening on Journal Socket.
[    4.437383] systemd[1]: Starting File System Check on Root Device...
         Starting File System Check on Root Device...
[    4.469585] systemd[1]: Starting Setup Virtual Console...
         Starting Setup Virtual Console...
[    4.499439] systemd[1]: Mounting Debug File System...
         Mounting Debug File System...
[    4.510552] systemd[1]: Starting Create list of required static device nodes for the current kernel...
         Starting Create list of required st... nodes for the current kernel...
[    4.527464] systemd[1]: Mounting Temporary Directory...
         Mounting Temporary Direc[    4.533445] systemd[1]: Listening on Journal Socket (/dev/log).
tory...
[  OK  ] Listening on Journal Socket (/[    4.546034] systemd[1]: Starting Journal Service...
dev/log).
         Starting Journal Service...
[    4.560225] systemd[1]: Starting Load Kernel Modules...
         Starting Load Kernel Modules...[    4.568251] systemd[1]: Started UJET intro video.

[  OK  ] Started UJET i[    4.574259] systemd[1]: Reached target Swap.
ntro video.
[    4.581559] systemd[1]: Reached target Slices.
[  OK  ] Reached targe[    4.587827] systemd[1]: Created slice system-serial\x2dgetty.slice.
t Swap.
[  OK  ] Reac[    4.596477] systemd[1]: Started Forward Password Requests to Wall Directory Watch.
hed target Slices.
[  OK [    4.606866] systemd[1]: Reached target Paths.
 ] Created slice system-serial\x2dgetty.slice.
[  OK [    4.618017] systemd[1]: Mounted Debug File System.
 ] Started Forward Password R[    4.624413] systemd[1]: Mounted Temporary Directory.
equests to Wall Directory Watch.[    4.632782] systemd[1]: Started Setup Virtual Console.

[  OK  ] Reached targ[    4.641554] systemd[1]: Started Create list of required static device nodes for the current kernel.
et Paths.
[  OK  ] Mounted Debug File System.
[  OK  ] Mounted Temporary Directory.
[  OK  ] Started Setup Virtual Console.
[  OK  ] Started Create list of required sta...ce nodes for the current kernel.
[    4.995906] systemd[1]: Started Journal Service.
[  OK  ] Started Journal Service.
[  OK  ] Started File System Check on Root Device.
[    5.028838] RTL871X: module init start
[    5.032660] RTL871X: rtl8723bu v4.3.6.11_12942.20141204_BTCOEX20140507-4E40
[    5.039747] RTL871X: rtl8723bu BT-Coex version = BTCOEX20140507-4E40
         Starting Remount Root and Kernel File Systems...
[    5.128369] EXT4-fs (mmcblk1p2): re-mounted. Opts: (null)
[  OK  ] Started Remount Root and Kernel File Systems.
         Starting Flush Journal to Persistent Storage...
         Starting udev Coldplug all Devices...
         Starting Create Static Device Nodes in /dev...
[    5.325499] systemd-journald[201]: Received request to flush runtime journal from PID 1
[  OK  ] Started Flush Journal to Persistent Storage.
[    5.362545] RTL871X: rtw_ndev_init(wlan0)
[    5.374845] RTL871X: rtw_ndev_init(wlan1)
[    5.380532] usbcore: registered new interface driver rtl8723bu
[    5.386477] RTL871X: module init ret=0
[    5.443270] Galcore version 5.0.11.41671
[  OK  ] Started Create Static Device Nodes in /dev.
[  OK  ] Reached target Local File Systems (Pre).
         Mounting /var/volatile...
         Starting udev Kernel Device Manager...
[  OK  ] Mounted /var/volatile.
         Starting Load/Save Random Seed...
[  OK  ] Reached target Local File Systems.
         Starting Create Volatile Files and Directories...
[  OK  ] Started Load/Save Random Seed.
[  OK  ] Started udev Kernel Device Manager.
[  OK  ] Started Create Volatile Files and Directories.
         Starting Update UTMP about System Boot/Shutdown...
         Starting Network Time Synchronization...
[  OK  ] Started Update UTMP about System Boot/Shutdown.
[  OK  ] Started Network Time Synchronization.
[  OK  ] Started udev Coldplug all Devices.
[  OK  ] Created slice system-systemd\x2dbacklight.slice.
         Starting Load/Save Screen Backlight...htness of backlight:backlight...
[  OK  ] Reached target System Time Synchronized.
[  OK  ] Found device /dev/ttymxc0.
[  OK  ] Started Load/Save Screen Backlight Brightness of backlight:backlight.
[    6.526350] tty0tty null modem driver v1.2
[  OK  ] Started Load Kernel Modules.
         Mounting FUSE Control File System...
         Starting Apply Kernel Variables...
         Mounting Configuration File System...
[  OK  ] Mounted Configuration File System.
[  OK  ] Mounted FUSE Control File System.
[  OK  ] Started Apply Kernel Variables.
[  OK  ] Found device /dev/ttymxc1.
[  OK  ] Reached target Sound Card.
[  OK  ] Reached target System Initialization.
[  OK  ] Listening on dropbear.socket.
[  OK  ] Listening on RPCbind Server Activation Socket.
[  OK  ] Started Daily Cleanup of Temporary Directories.
[  OK  ] Reached target Timers.
[  OK  ] Listening on D-Bus System Message Bus Socket.
[  OK  ] Reached target Sockets.
[  OK  ] Reached target Basic System.
[  OK  ] Started System Logging Service.
         Starting Save/Restore Sound Card State...
[  OK  ] Started Serial Getty on ttymxc1.
[  OK  ] Started Serial Getty on ttymxc0.
[    7.703614] usb 1-1.1: new high-speed USB device number 5 using ci_hdrc
[  OK  ] Reached target Login Prompts.
[  OK  ] Started B2Qt user application.
[  OK  ] Started Kernel Logging Service.
         Starting Login Service...
[  OK  ] Started D-Bus System Message Bus.
[    7.830576] option 1-1.1:1.0: GSM modem (1-port) converter detected
[    7.841978] usb 1-1.1: GSM modem (1-port) converter now attached to ttyUSB0
[    7.894081] option 1-1.1:1.1: GSM modem (1-port) converter detected
[    7.932986] usb 1-1.1: GSM modem (1-port) converter now attached to ttyUSB1
[    7.964155] option 1-1.1:1.2: GSM modem (1-port) converter detected
[    7.991965] usb 1-1.1: GSM modem (1-port) converter now attached to ttyUSB2
[    8.034153] option 1-1.1:1.3: GSM modem (1-port) converter detected
[    8.068121] usb 1-1.1: GSM modem (1-port) converter now attached to ttyUSB3
[    8.102332] option 1-1.1:1.4: GSM modem (1-port) converter detected
[    8.134526] usb 1-1.1: GSM modem (1-port) converter now attached to ttyUSB4
         Starting D-BUS Session Message Bus....
         Starting Network Service...
[  OK  ] Started Save/Restore Sound Card State.
[  OK  ] Listening on Load/Save RF Kill Switch Status /dev/rfkill Watch.
[    9.072982] random: nonblocking pool is initialized
[  OK  ] Started Login Service.
         Starting Load/Save RF Kill Switch Status...
[  OK  ] Started Network Service.
[  OK  ] Reached target Network.
         Starting ADB Server Daemon...
         Starting Network Time Service...
[  OK  ] Started Load/Save RF Kill Switch Status.
[  OK  ] Started Network Time Service.
[  OK  ] Started D-BUS [    9.506975] file system registered
Session Message Bus..
[    9.548574] ERROR: v4l2 capture: slave not found! V4L2_CID_HUE
[    9.553502] ERROR: v4l2 capture: slave not found! V4L2_CID_HUE
[  OK  ] Started ADB Server Daemon.
[  OK  ] Reached target Multi-User System.
         Starting Update UTMP about System Runlevel Changes...
[  OK  ] Started Ujet HTTPD Service.
[  OK  ] Started Ujet Bluetooth Audio Service.
[  OK  ] Started Ujet Cloud Service.
         Starting Ujet Identify Service...
[  OK  ] Reached target Custom Target.
[  OK  ] Started Ujet Ble Service.
[  OK  ] Started Ujet Telemetry Service.
[    9.984418] flexcan 2090000.flexcan can0: writing ctrl=0x01232084
[  OK  ] Started Update UTMP about System Runlevel Changes.
[  OK  ] Stopped Bluetooth service.
[   10.506046] read descriptors
[   10.509039] read strings
[   10.511714] g_ffs gadget: g_ffs ready

Boot to Qt for Embedded Linux 2.1.1 b2qt-apalis-imx6 ttymxc0

b2qt-apalis-imx6 login: [   14.925152] mxc_sdc_fb fb@0: 800x480 h_sync,r,l: 72,24,96  v_sync,l,u: 7,3,10 pixclock=29500000 Hz
[   17.525597] ci_hdrc ci_hdrc.0: Device No Response

Boot to Qt for Embedded Linux 2.1.1 b2qt-apalis-imx6 ttymxc0

b2qt-apalis-imx6 login: 
Boot to Qt for Embedded Linux 2.1.1 b2qt-apalis-imx6 ttymxc0

b2qt-apalis-imx6 login: 
Boot to Qt for Embedded Linux 2.1.1 b2qt-apalis-imx6 ttymxc0

b2qt-apalis-imx6 login: root
root@b2qt-apalis-imx6:~# cat /dev/ttymxc3 &
[1] 467
root@b2qt-apalis-imx6:~# cat /dev/ttymxc3 &   4 &
[2] 468
root@b2qt-apalis-imx6:~# 
root@b2qt-apalis-imx6:~# 
root@b2qt-apalis-imx6:~# NO CARRIER 0 ERROR 0 

NO CARRIER 1 ERROR 0 
root@b2qt-apalis-imx6:~# NO CARRIER 2 ERROR 0 

root@b2qt-apalis-imx6:~# 
root@b2qt-apalis-imx6:~# 
root@b2qt-apalis-imx6:~# 
root@b2qt-apalis-imx6:~# reboot
         Stopping Ujet Telemetry Service...
[  OK  ] Closed Load/Save RF Kill Switch Status /dev/rfkill Watch.
         Stopping Save/Restore Sound Card State...
[  OK  ] Stopped target Timers.
         Stopping Ujet Cloud Service...
[  OK  ] Stopped target Sound Card.
[  OK  ] Stopped Ujet Ble Service.
[  OK  ] Stopped Daily Cleanup of Temporary Directories.
         Stopping Ujet HTTPD Service...
[  OK  ] Stopped target Remote File Systems.
[  OK  ] Stopped Ujet Identify Service.
[  OK  ] Stopped Ujet Bluetooth Audio Service.
[  OK  ] Stopped target System Time Synchronized.
[  OK  ] Stopped target Custom Target.
[  OK  ] Stopped Ujet HTTPD Service.
[  OK  ] Stopped Ujet Cloud Service.
[  OK  ] Stopped Ujet Telemetry Service.
[  OK  ] Stopped Save/Restore Sound Card State.
[  OK  ] Stopped target Multi-User System.
         Stopping D-BUS Session Message Bus....
         Stopping B2Qt user application...
      ð         Stopping Login Service...
         Stopping System Logging Service...
[  148.515929] mxc_sdc_fb fb@0: 800x480 h_sync,r,l: 72,24,96  v_sync,l,u: 7,3,10 pixclock=29500000 Hz
         Stopping ADB Server Daemon...
[  OK  ] Stopped System Logging Service.
[  OK  ] Stopped Serial Getty on ttymxc1.
[  OK  ] Stopped Serial Getty on ttymxc0.
[  OK  ] Stopped Kernel Logging Service.
[  OK  ] Stopped Login Service.
[  OK  ] Stopped Network Time Service.
[  OK  ] Stopped D-BUS Session Message Bus..
[  OK  ] Stopped B2Qt user application.
[  OK  ] Removed slice system-serial\x2dgetty.slice.
[  OK  ] Unmounted /dev/usb-ffs/adb.
[  149.623345] ffs_data_put(): freeing
[  149.637019] unloading
[  OK  ] Stopped ADB Server Daemon.
[  OK  ] Stopped target Network.
         Stopping Network Service...
[  OK  ] Stopped Network Service.
         Stopping D-Bus System Message Bus...
[  OK  ] Stopped D-Bus System Message Bus.
[  OK  ] Stopped target Basic System.
[  OK  ] Stopped target Sockets.
[  OK  ] Closed dropbear.socket.
[  OK  ] Closed Syslog Socket.
[  OK  ] Closed RPCbind Server Activation Socket.
[  OK  ] Stopped target Slices.
[  OK  ] Removed slice User and Session Slice.
[  OK  ] Stopped target Paths.
[  OK  ] Stopped Dispatch Password Requests to Console Directory Watch.
[  OK  ] Stopped Forward Password Requests to Wall Directory Watch.
[  OK  ] Closed D-Bus System Message Bus Socket.
[  OK  ] Stopped target System Initialization.
         Stopping Network Time Synchronization...
[  OK  ] Stopped target Swap.
         Stopping Load/Save Random Seed...
[  OK  ] Stopped Setup Virtual Console.
         Stopping Load/Save Screen Backlight...htness of backlight:backlight...
[  OK  ] Stopped Apply Kernel Variables.
[  OK  ] Stopped Load Kernel Modules.
[  OK  ] Stopped Network Time Synchronization.
[  OK  ] Stopped Load/Save Random Seed.
[  OK  ] Stopped Load/Save Screen Backlight Brightness of backlight:backlight.
[  OK  ] Removed slice system-systemd\x2dbacklight.slice.
[  OK  ] Stopped Create Volatile Files and Directories.
[  OK  ] Stopped target Local File Systems.
         Unmounting /var/volatile...
         Unmounting Temporary Directory...
[  OK  ] Unmounted /var/volatile.
[  OK  ] Unmounted Temporary Directory.
[  OK  ] Reached target Unmount All Filesystems.
[  OK  ] Stopped target Local File Systems (Pre).
[  OK  ] Stopped Remount Root and Kernel File Systems.
[  OK  ] Stopped Create Static Device Nodes in /dev.
[  OK  ] Reached target Shutdown.
[  151.039421] systemd-shutdown[1]: Sending SIGTERM to remaining processes...
[  151.061207] systemd-journald[201]: Received SIGTERM from PID 1 (systemd-shutdow).
[  151.094023] systemd-shutdown[1]: Sending SIGKILL to remaining processes...
[  151.113767] systemd-shutdown[1]: Hardware watchdog 'imx2+ watchdog', version 0
[  151.121871] systemd-shutdown[1]: Unmounting file systems.
[  151.127851] systemd-shutdown[1]: Remounting '/' read-only with options 'data=ordered'.
[  151.253492] EXT4-fs (mmcblk1p2): re-mounted. Opts: data=ordered
[  151.264691] systemd-shutdown[1]: Remounting '/' read-only with options 'data=ordered'.
[  151.272741] EXT4-fs (mmcblk1p2): re-mounted. Opts: data=ordered
[  151.278767] systemd-shutdown[1]: All filesystems unmounted.
[  151.284409] systemd-shutdown[1]: Deactivating swaps.
[  151.289541] systemd-shutdown[1]: All swaps deactivated.
[  151.294838] systemd-shutdown[1]: Detaching loop devices.
[  151.307780] systemd-shutdown[1]: All loop devices detached.
[  151.313616] systemd-shutdown[1]: Detaching DM devices.
[  151.319148] systemd-shutdown[1]: All DM devices detached.
[  151.342123] systemd-shutdown[1]: Rebooting.
[  153.924327] imx2-wdt 20bc000.wdog: Device shutdown: Expect reboot!
[  153.930766] reboot: Restarting system


U-Boot 2016.11+fslc+g80c3bd6 (Jan 02 2018 - 11:32:06 +0100)

CPU:   Freescale i.MX6Q rev1.5 at 792 MHz
Reset cause: WDOG
I2C:   ready
DRAM:  2 GiB
PMIC:  device id: 0x10, revision id: 0x21, programmed
MS('þFSL_SDHC: 0, FSL_SDHC: 1, FSL_SDHC: 2
auto-detected panel vga-rgb
Display: vga-rgb (640x480)
In:    serial
Out:   serial
Err:   serial
Model: Toradex Apalis iMX6 Quad 2GB IT V1.1C, Serial# 05139699
Net:   using PHY at 7
FEC [PRIME]
Hit any key to stop autoboot:  1  0 
Booting from internal eMMC chip...
reading imx6q-apalis-ixora-v1_1.dtb
48970 bytes read in 22 ms (2.1 MiB/s)
reading uImage
5943928 bytes read in 172 ms (33 MiB/s)
## Booting kernel from Legacy Image at 10800000 ...
   Image Name:   Linux-4.1.41-v2.7b1+g82f0f4f
   Image Type:   ARM Linux Kernel Image (uncompressed)
   Data Size:    5943864 Bytes = 5.7 MiB
   Load Address: 10008000
   Entry Point:  10008000
   Verifying Checksum ... OK
## Flattened Device Tree blob at 12000000
   Booting using the fdt blob at 0x12000000
   Loading Kernel Image ... OK
   Using Device Tree in place at 12000000, end 1200ef49

Starting kernel ...

[    0.000000] Booting Linux on physical CPU 0x0
[    0.000000] Initializing cgroup subsys cpu
[    0.000000] Initializing cgroup subsys cpuacct
[    0.000000] Linux version 4.1.41-v2.7b1+g82f0f4f (behlingc@mplan-ubuntu-1610-dev) (gcc version 5.3.0 (GCC) ) #1 SMP Wed Jan 31 17:39:36 CET 2018
[    0.000000] CPU: ARMv7 Processor [412fc09a] revision 10 (ARMv7), cr=10c5387d
[    0.000000] CPU: PIPT / VIPT nonaliasing data cache, VIPT aliasing instruction cache
[    0.000000] Machine model: Toradex Apalis iMX6Q/D Module on Ixora V1.1 Carrier Board
[    0.000000] Reserved memory: created CMA memory pool at 0x62000000, size 320 MiB
[    0.000000] Reserved memory: initialized node linux,cma, compatible id shared-dma-pool
[    0.000000] Memory policy: Data cache writealloc
[    0.000000] PERCPU: Embedded 12 pages/cpu @d0efd000 s16908 r8192 d24052 u49152
[    0.000000] Built 1 zonelists in Zone order, mobility grouping on.  Total pages: 521024
[    0.000000] Kernel command line: enable_wait_mode=off vmalloc=400M ip=off root=/dev/mmcblk0p2 rw,noatime rootfstype=ext4 rootwait fec_mac=00:14:2d:4e:6c:f3 consoleblank=0 no_console_suspend=1 console=tty1 console=ttymxc0,115200n8 mxc_hdmi.only_cea=1 video=mxcfb1:dev=hdmi,1920x1080M@60,if=RGB24 video=mxcfb0:dev=ldb,800x480M@60,if=RGB666 video=mxcfb2:off video=mxcfb3:off fbmem=32M
[    0.000000] PID hash table entries: 4096 (order: 2, 16384 bytes)
[    0.000000] Dentry cache hash table entries: 262144 (order: 8, 1048576 bytes)
[    0.000000] Inode-cache hash table entries: 131072 (order: 7, 524288 bytes)
[    0.000000] Memory: 1738972K/2097152K available (7679K kernel code, 330K rwdata, 2648K rodata, 372K init, 423K bss, 30500K reserved, 327680K cma-reserved, 425984K highmem)
[    0.000000] Virtual kernel memory layout:
[    0.000000]     vector  : 0xffff0000 - 0xffff1000   (   4 kB)
[    0.000000]     fixmap  : 0xffc00000 - 0xfff00000   (3072 kB)
[    0.000000]     vmalloc : 0xe6800000 - 0xff000000   ( 392 MB)
[    0.000000]     lowmem  : 0x80000000 - 0xe6000000   (1632 MB)
[    0.000000]     pkmap   : 0x7fe00000 - 0x80000000   (   2 MB)
[    0.000000]     modules : 0x7f000000 - 0x7fe00000   (  14 MB)
[    0.000000]       .text : 0x80008000 - 0x80a1e0a4   (10329 kB)
[    0.000000]       .init : 0x80a1f000 - 0x80a7c000   ( 372 kB)
[    0.000000]       .data : 0x80a7c000 - 0x80ace8c0   ( 331 kB)
[    0.000000]        .bss : 0x80ad1000 - 0x80b3ae1c   ( 424 kB)
[    0.000000] SLUB: HWalign=64, Order=0-3, MinObjects=0, CPUs=4, Nodes=1
[    0.000000] Hierarchical RCU implementation.
[    0.000000] NR_IRQS:16 nr_irqs:16 16
[    0.000000] L2C-310 erratum 769419 enabled
[    0.000000] L2C-310 enabling early BRESP for Cortex-A9
[    0.000000] L2C-310 full line of zeros enabled for Cortex-A9
[    0.000000] L2C-310 ID prefetch enabled, offset 16 lines
[    0.000000] L2C-310 dynamic clock gating enabled, standby mode enabled
[    0.000000] L2C-310 cache controller enabled, 16 ways, 1024 kB
[    0.000000] L2C-310: CACHE_ID 0x410000c7, AUX_CTRL 0x76470001
[    0.000000] mxc_clocksource_init 3000000
[    0.000000] Switching to timer-based delay loop, resolution 333ns
[    0.000006] sched_clock: 32 bits at 3000kHz, resolution 333ns, wraps every 715827882841ns
[    0.000022] clocksource mxc_timer1: mask: 0xffffffff max_cycles: 0xffffffff, max_idle_ns: 637086815595 ns
[    0.001232] Console: colour dummy device 80x30
[    0.001867] console [tty1] enabled
[    0.001898] Calibrating delay loop (skipped), value calculated using timer frequency.. 6.00 BogoMIPS (lpj=30000)
[    0.001939] pid_max: default: 32768 minimum: 301
[    0.002057] Mount-cache hash table entries: 4096 (order: 2, 16384 bytes)
[    0.002086] Mountpoint-cache hash table entries: 4096 (order: 2, 16384 bytes)
[    0.002670] Initializing cgroup subsys freezer
[    0.002710] Initializing cgroup subsys debug
[    0.002759] CPU: Testing write buffer coherency: ok
[    0.003035] Setting up static identity map for 0x10008280 - 0x100082d8
[    0.006331] Brought up 4 CPUs
[    0.006366] SMP: Total of 4 processors activated (24.00 BogoMIPS).
[    0.006387] CPU: All CPU(s) started in SVC mode.
[    0.006883] devtmpfs: initialized
[    0.019430] VFP support v0.3: implementor 41 architecture 3 part 30 variant 9 rev 4
[    0.019870] clocksource jiffies: mask: 0xffffffff max_cycles: 0xffffffff, max_idle_ns: 19112604462750000 ns
[    0.019925] futex hash table entries: 1024 (order: 4, 65536 bytes)
[    0.039827] pinctrl core: initialized pinctrl subsystem
[    0.041103] NET: Registered protocol family 16
[    0.049484] DMA: preallocated 256 KiB pool for atomic coherent allocations
[    0.079653] cpuidle: using governor ladder
[    0.109651] cpuidle: using governor menu
[    0.110045] CPU identified as i.MX6Q, silicon rev 1.5
[    0.134605] hw-breakpoint: found 5 (+1 reserved) breakpoint and 1 watchpoint registers.
[    0.134653] hw-breakpoint: maximum watchpoint size is 4 bytes.
[    0.135770] imx6q-pinctrl 20e0000.iomuxc: initialized IMX pinctrl driver
[    0.137761] imx-gpc 20dc000.gpc: no fsl,ldo-bypass found!
[    0.147942] mxs-dma 110000.dma-apbh: initialized
[    0.150462] usb_host_vbus: supplied by usb_host_vbus_hub
[    0.150827] vgaarb: loaded
[    0.151646] SCSI subsystem initialized
[    0.152154] usbcore: registered new interface driver usbfs
[    0.152250] usbcore: registered new interface driver hub
[    0.152353] usbcore: registered new device driver usb
[    0.152587] 2000000.aips-bus:usbphy_nop1 supply vcc not found, using dummy regulator
[    0.152767] 2000000.aips-bus:usbphy_nop2 supply vcc not found, using dummy regulator
[    0.153538] i2c-gpio i2c@0: using pins 80 (SDA) and 62 (SCL)
[    0.154398] i2c i2c-1: IMX I2C adapter registered
[    0.154434] i2c i2c-1: can't use DMA
[    0.155982] stmpe-i2c 2-0041: stmpe811 detected, chip id: 0x811
[    0.157914] i2c i2c-2: IMX I2C adapter registered
[    0.157953] i2c i2c-2: can't use DMA
[    0.158431] i2c i2c-3: IMX I2C adapter registered
[    0.158467] i2c i2c-3: can't use DMA
[    0.158637] Linux video capture interface: v2.00
[    0.158709] pps_core: LinuxPPS API ver. 1 registered
[    0.158732] pps_core: Software ver. 5.3.6 - Copyright 2005-2007 Rodolfo Giometti <giometti@linux.it>
[    0.158784] PTP clock support registered
[    0.179701] imx-ipuv3 2400000.ipu: IPU DMFC NORMAL mode: 1(0~1), 5B(4,5), 5F(6,7)
[    0.199697] imx-ipuv3 2800000.ipu: IPU DMFC NORMAL mode: 1(0~1), 5B(4,5), 5F(6,7)
[    0.200621] mxc_mipi_csi2 21dc000.mipi_csi: i.MX MIPI CSI2 driver probed ipu0 csi1
[    0.200667] mxc_mipi_csi2 21dc000.mipi_csi: i.MX MIPI CSI2 dphy version is 0x3130302a
[    0.200781] MIPI CSI2 driver module loaded
[    0.201064] Advanced Linux Sound Architecture Driver Initialized.
[    0.202290] Bluetooth: Core ver 2.20
[    0.202356] NET: Registered protocol family 31
[    0.202378] Bluetooth: HCI device and connection manager initialized
[    0.202408] Bluetooth: HCI socket layer initialized
[    0.202441] Bluetooth: L2CAP socket layer initialized
[    0.202484] Bluetooth: SCO socket layer initialized
[    0.203076] Switched to clocksource mxc_timer1
[    0.213840] NET: Registered protocol family 2
[    0.214617] TCP established hash table entries: 16384 (order: 4, 65536 bytes)
[    0.214792] TCP bind hash table entries: 16384 (order: 5, 131072 bytes)
[    0.215051] TCP: Hash tables configured (established 16384 bind 16384)
[    0.215152] UDP hash table entries: 1024 (order: 3, 32768 bytes)
[    0.215246] UDP-Lite hash table entries: 1024 (order: 3, 32768 bytes)
[    0.215510] NET: Registered protocol family 1
[    0.215844] RPC: Registered named UNIX socket transport module.
[    0.215874] RPC: Registered udp transport module.
[    0.215894] RPC: Registered tcp transport module.
[    0.215914] RPC: Registered tcp NFSv4.1 backchannel transport module.
[    0.216707] CPU PMU: Failed to parse /soc/pmu/interrupt-affinity[0]
[    0.216778] hw perfevents: enabled with armv7_cortex_a9 PMU driver, 7 counters available
[    0.217803] imx rpmsg driver is registered.
[    0.218848] Bus freq driver module loaded
[    0.225842] VFS: Disk quotas dquot_6.6.0
[    0.226035] VFS: Dquot-cache hash table entries: 1024 (order 0, 4096 bytes)
[    0.227086] squashfs: version 4.0 (2009/01/31) Phillip Lougher
[    0.227885] NFS: Registering the id_resolver key type
[    0.227946] Key type id_resolver registered
[    0.227971] Key type id_legacy registered
[    0.228012] nfs4filelayout_init: NFSv4 File Layout Driver Registering...
[    0.228554] ntfs: driver 2.1.32 [Flags: R/W].
[    0.229037] fuse init (API version 7.23)
[    0.233215] bounce: pool size: 64 pages
[    0.233254] io scheduler noop registered
[    0.233282] io scheduler deadline registered
[    0.233450] io scheduler cfq registered (default)
[    0.236200] backlight supply power not found, using dummy regulator
[    0.237826] MIPI DSI driver module loaded
[    0.239204] 20e0000.hdmi_video supply HDMI not found, using dummy regulator
[    0.240678] fbcvt: 800x480@60: CVT Name - .384M9
[    0.240726] mxc_sdc_fb fb@0: registered mxc display driver ldb
[    0.244655] mxc_sdc_fb fb@0: 800x480 h_sync,r,l: 72,24,96  v_sync,l,u: 7,3,10 pixclock=29500000 Hz
[    0.266707] mxc_hdmi 20e0000.hdmi_video: Detected HDMI controller 0x13:0xa:0xa0:0xc1
[    0.266764] fbcvt: 1920x1080@60: CVT Name - 2.073M9
[    0.266881] mxc_sdc_fb fb@1: registered mxc display driver hdmi
[    0.282088] mxc_sdc_fb fb@1: 1920x1080 h_sync,r,l: 44,88,148  v_sync,l,u: 5,4,36 pixclock=148500000 Hz
[    0.293157] imx-ipuv3 2400000.ipu: IPU DMFC DP HIGH RESOLUTION: 1(0,1), 5B(2~5), 5F(6,7)
[    0.296833] mxc_sdc_fb fb@2: mxcfb2 is turned off!
[    0.296927] mxc_sdc_fb fb@3: mxcfb3 is turned off!
[    0.298421] imx-sdma 20ec000.sdma: no iram assigned, using external mem
[    0.298846] imx-sdma 20ec000.sdma: no event needs to be remapped
[    0.299149] imx-sdma 20ec000.sdma: loaded firmware 3.3
[    0.301748] imx-sdma 20ec000.sdma: initialized
[    0.303455] pfuze100-regulator 2-0008: Full layer: 2, Metal layer: 1
[    0.304091] pfuze100-regulator 2-0008: FAB: 0, FIN: 0
[    0.304119] pfuze100-regulator 2-0008: pfuze100 found.
[    0.318651] 2020000.serial: ttymxc0 at MMIO 0x2020000 (irq = 26, base_baud = 5000000) is a IMX
[    1.225158] console [ttymxc0] enabled
[    1.229704] 21e8000.serial: ttymxc1 at MMIO 0x21e8000 (irq = 301, base_baud = 5000000) is a IMX
[    1.238962] 21f0000.serial: ttymxc3 at MMIO 0x21f0000 (irq = 302, base_baud = 5000000) is a IMX
[    1.248202] 21f4000.serial: ttymxc4 at MMIO 0x21f4000 (irq = 303, base_baud = 5000000) is a IMX
[    1.258938] [drm] Initialized drm 1.1.0 20060810
[    1.264051] [drm] Initialized vivante 1.0.0 20120216 on minor 0
[    1.278111] brd: module loaded
[    1.286291] loop: module loaded
[    1.290733] ahci-imx 2200000.sata: fsl,transmit-level-mV not specified, using 00000024
[    1.298738] ahci-imx 2200000.sata: fsl,transmit-boost-mdB not specified, using 00000480
[    1.306804] ahci-imx 2200000.sata: fsl,transmit-atten-16ths not specified, using 00002000
[    1.315032] ahci-imx 2200000.sata: fsl,receive-eq-mdB not specified, using 05000000
[    1.326240] ahci-imx 2200000.sata: SSS flag set, parallel bus scan disabled
[    1.333285] ahci-imx 2200000.sata: AHCI 0001.0300 32 slots 1 ports 3 Gbps 0x1 impl platform mode
[    1.342113] ahci-imx 2200000.sata: flags: ncq sntf stag pm led clo only pmp pio slum part ccc apst 
[    1.352596] scó

U-Boot 2016.11+fslc+g80c3bd6 (Jan 02 2018 - 11:32:06 +0100)

CPU:   Freescale i.MX6Q rev1.5 at 792 MHz
Reset cause: POR
I2C:   ready
DRAM:  2 GiB
PMIC:  device id: 0x10, revision id: 0x21, programmed
MC:   FSL_SDHC: 0, FSL_SDHC: 1, FSL_SDHC: 2
auto-detected panel vga-rgb
Display: vga-rgb (640x480)
In:    serial
Out:   serial
Err:   serial
Model: Toradex Apalis iMX6 Quad 2GB IT V1.1C, Serial# 05139699
Net:   using PHY at 7
FEC [PRIME]
Hit any key to stop autoboot:  1  0
Apalis iMX6 # 
Apalis iMX6 # 
Apalis iMX6 # 
Apalis iMX6 # run sdboot
Booting from SD card
reading imx6q-apalis-ixora-v1_1.dtb
49809 bytes read in 27 ms (1.8 MiB/s)
reading uImage
5943136 bytes read in 547 ms (10.4 MiB/s)
## Booting kernel from Legacy Image at 10800000 ...
   Image Name:   Linux-4.1.41-v2.7b1+g82f0f4f
   Image Type:   ARM Linux Kernel Image (uncompressed)
   Data Size:    5943072 Bytes = 5.7 MiB
   Load Address: 10008000
   Entry Point:  10008000
   Verifying Checksum ... OK
## Flattened Device Tree blob at 12000000
   Booting using the fdt blob at 0x12000000
   Loading Kernel Image ... OK
   Using Device Tree in place at 12000000, end 1200f290

Starting kernel ...

[    0.000000] Booting Linux on physical CPU 0x0
[    0.000000] Initializing cgroup subsys cpu
[    0.000000] Initializing cgroup subsys cpuacct
[    0.000000] Linux version 4.1.41-v2.7b1+g82f0f4f (admin@mplan-ubuntu-1610-dev) (gcc version 5.3.0 (GCC) ) #1 SMP Fri Nov 10 18:16:05 CET 2017
[    0.000000] CPU: ARMv7 Processor [412fc09a] revision 10 (ARMv7), cr=10c5387d
[    0.000000] CPU: PIPT / VIPT nonaliasing data cache, VIPT aliasing instruction cache
[    0.000000] Machine model: Toradex Apalis iMX6Q/D Module on Ixora V1.1 Carrier Board
[    0.000000] Reserved memory: created CMA memory pool at 0x62000000, size 320 MiB
[    0.000000] Reserved memory: initialized node linux,cma, compatible id shared-dma-pool
[    0.000000] Memory policy: Data cache writealloc
[    0.000000] PERCPU: Embedded 12 pages/cpu @d0efc000 s16908 r8192 d24052 u49152
[    0.000000] Built 1 zonelists in Zone order, mobility grouping on.  Total pages: 521024
[    0.000000] Kernel command line: enable_wait_mode=off vmalloc=400M ip=off root=/dev/mmcblk1p2 rw,noatime rootfstype=ext4 rootwait fec_mac=00:14:2d:4e:6c:f3 consoleblank=0 no_console_suspend=1 console=tty1 console=ttymxc0,115200n8 mxc_hdmi.only_cea=1 video=mxcfb1:dev=hdmi,1920x1080M@60,if=RGB24 video=mxcfb0:dev=ldb,800x480M@60,if=RGB666 video=mxcfb2:off video=mxcfb3:off fbmem=32M
[    0.000000] PID hash table entries: 4096 (order: 2, 16384 bytes)
[    0.000000] Dentry cache hash table entries: 262144 (order: 8, 1048576 bytes)
[    0.000000] Inode-cache hash table entries: 131072 (order: 7, 524288 bytes)
[    0.000000] Memory: 1738968K/2097152K available (7679K kernel code, 330K rwdata, 2644K rodata, 376K init, 422K bss, 30504K reserved, 327680K cma-reserved, 425984K highmem)
[    0.000000] Virtual kernel memory layout:
[    0.000000]     vector  : 0xffff0000 - 0xffff1000   (   4 kB)
[    0.000000]     fixmap  : 0xffc00000 - 0xfff00000   (3072 kB)
[    0.000000]     vmalloc : 0xe6800000 - 0xff000000   ( 392 MB)
[    0.000000]     lowmem  : 0x80000000 - 0xe6000000   (1632 MB)
[    0.000000]     pkmap   : 0x7fe00000 - 0x80000000   (   2 MB)
[    0.000000]     modules : 0x7f000000 - 0x7fe00000   (  14 MB)
[    0.000000]       .text : 0x80008000 - 0x80a1d0a4   (10325 kB)
[    0.000000]       .init : 0x80a1e000 - 0x80a7c000   ( 376 kB)
[    0.000000]       .data : 0x80a7c000 - 0x80ace8c0   ( 331 kB)
[    0.000000]        .bss : 0x80ad1000 - 0x80b3ab1c   ( 423 kB)
[    0.000000] SLUB: HWalign=64, Order=0-3, MinObjects=0, CPUs=4, Nodes=1
[    0.000000] Hierarchical RCU implementation.
[    0.000000] NR_IRQS:16 nr_irqs:16 16
[    0.000000] L2C-310 erratum 769419 enabled
[    0.000000] L2C-310 enabling early BRESP for Cortex-A9
[    0.000000] L2C-310 full line of zeros enabled for Cortex-A9
[    0.000000] L2C-310 ID prefetch enabled, offset 16 lines
[    0.000000] L2C-310 dynamic clock gating enabled, standby mode enabled
[    0.000000] L2C-310 cache controller enabled, 16 ways, 1024 kB
[    0.000000] L2C-310: CACHE_ID 0x410000c7, AUX_CTRL 0x76470001
[    0.000000] mxc_clocksource_init 3000000
[    0.000000] Switching to timer-based delay loop, resolution 333ns
[    0.000006] sched_clock: 32 bits at 3000kHz, resolution 333ns, wraps every 715827882841ns
[    0.000025] clocksource mxc_timer1: mask: 0xffffffff max_cycles: 0xffffffff, max_idle_ns: 637086815595 ns
[    0.001253] Console: colour dummy device 80x30
[    0.001879] console [tty1] enabled
[    0.001910] Calibrating delay loop (skipped), value calculated using timer frequency.. 6.00 BogoMIPS (lpj=30000)
[    0.001950] pid_max: default: 32768 minimum: 301
[    0.002069] Mount-cache hash table entries: 4096 (order: 2, 16384 bytes)
[    0.002098] Mountpoint-cache hash table entries: 4096 (order: 2, 16384 bytes)
[    0.002679] Initializing cgroup subsys freezer
[    0.002718] Initializing cgroup subsys debug
[    0.002768] CPU: Testing write buffer coherency: ok
[    0.003041] Setting up static identity map for 0x10008280 - 0x100082d8
[    0.006354] Brought up 4 CPUs
[    0.006387] SMP: Total of 4 processors activated (24.00 BogoMIPS).
[    0.006409] CPU: All CPU(s) started in SVC mode.
[    0.006923] devtmpfs: initialized
[    0.019745] VFP support v0.3: implementor 41 architecture 3 part 30 variant 9 rev 4
[    0.020167] clocksource jiffies: mask: 0xffffffff max_cycles: 0xffffffff, max_idle_ns: 19112604462750000 ns
[    0.020223] futex hash table entries: 1024 (order: 4, 65536 bytes)
[    0.040216] pinctrl core: initialized pinctrl subsystem
[    0.041467] NET: Registered protocol family 16
[    0.049883] DMA: preallocated 256 KiB pool for atomic coherent allocations
[    0.079654] cpuidle: using governor ladder
[    0.109650] cpuidle: using governor menu
[    0.110046] CPU identified as i.MX6Q, silicon rev 1.5
[    0.134693] hw-breakpoint: found 5 (+1 reserved) breakpoint and 1 watchpoint registers.
[    0.134740] hw-breakpoint: maximum watchpoint size is 4 bytes.
[    0.135907] imx6q-pinctrl 20e0000.iomuxc: initialized IMX pinctrl driver
[    0.137895] imx-gpc 20dc000.gpc: no fsl,ldo-bypass found!
[    0.148096] mxs-dma 110000.dma-apbh: initialized
[    0.150628] usb_host_vbus: supplied by usb_host_vbus_hub
[    0.150969] vgaarb: loaded
[    0.151787] SCSI subsystem initialized
[    0.152276] usbcore: registered new interface driver usbfs
[    0.152370] usbcore: registered new interface driver hub
[    0.152473] usbcore: registered new device driver usb
[    0.152705] 2000000.aips-bus:usbphy_nop1 supply vcc not found, using dummy regulator
