
root@b2qt-apalis-imx6:/# 
root@b2qt-apalis-imx6:/# 
root@b2qt-apalis-imx6:/# 
root@b2qt-apalis-imx6:/# cat /e dev/ttymxc3 &
[1] 512
root@b2qt-apalis-imx6:/# cat /dev/ttymxc3 &3 4
[2] 513
root@b2qt-apalis-imx6:/# ALL 50:c9:71:4c:e0:10 111E HFP-AG
CALL 0
CALL 50:c9:71:4c:e0:10 19 A2DP
CALL 1
SSP COMPLETE 50:c9:71:4c:e0:10 HCI_ERROR_PAIRING_NOT_ALLOWED
NO CARRIER 1 ERROR 9003 L2CAP_CONNECTION_REJ_SECURITY
SSP COMPLETE 50:c9:71:4c:e0:10 HCI_ERROR_PAIRING_NOT_ALLOWED
NO CARRIER 0 ERROR 403 RFC_CONNECTION_REJ_SECURITY
INQUIRY 7 NAME
INQUIRY_PARTIAL 00:1b:10:00:2a:ec 6e0100
INQUIRY_PARTIAL 44:04:44:ee:03:df 5a020c
INQUIRY_PARTIAL 88:6b:0f:62:71:86 280428
INQUIRY 3
INQUIRY 00:1b:10:00:2a:ec 6e0100
INQUIRY 44:04:44:ee:03:df 5a020c
INQUIRY 88:6b:0f:62:71:86 280428
NAME 00:1b:10:00:2a:ec "emb-ban-227-0"
NAME 44:04:44:ee:03:df "Aravinth"
NAME 88:6b:0f:62:71:86 "WT32i-A"
INQUIRY 7 NAME
INQUIRY_PARTIAL 50:c9:71:4c:e0:10 240404
INQUIRY_PARTIAL 00:1b:10:00:2a:ec 6e0100
INQUIRY_PARTIAL 44:04:44:ee:03:df 5a020c
INQUIRY_PARTIAL 88:6b:0f:62:71:86 280428
INQUIRY 4
INQUIRY 50:c9:71:4c:e0:10 240404
INQUIRY 00:1b:10:00:2a:ec 6e0100
INQUIRY 44:04:44:ee:03:df 5a020c
INQUIRY 88:6b:0f:62:71:86 280428

root@b2qt-apalis-imx6:/# 
root@b2qt-apalis-imx6:/# 
root@b2qt-apalis-imx6:/# 
root@b2qt-apalis-imx6:/# NAME 88:6b:0f:62:71:86 "WT32i-A"

root@b2qt-apalis-imx6:/# NAME 44:04:44:ee:03:df "Aravinth"

root@b2qt-apalis-imx6:/# 
root@b2qt-apalis-imx6:/# 
root@b2qt-apalis-imx6:/# NAME 00:1b:10:00:2a:ec "emb-ban-227-0"
NAME 50:c9:71:4c:e0:10 "JABRA EASYGO"

root@b2qt-apalis-imx6:/# echo ""S"E"T"" > . /dev/ttymxc3
root@b2qt-apalis-imx6:/# SET
SET BT BDADDR 88:6b:0f:62:71:88
SET BT NAME WT32i-AJ
SET BT CLASS 200204
SET BT IDENT BT:47 f000 6.0.0 Bluegiga iWRAP
SET BT LAP 9e8b33
SET BT PAGEMODE 4 2000 1
SET BT PAIR 01:01:01:01:05:76 9146ca5cc17d95c549f6ceec16168a78
SET BT PAIR bc:d1:1f:5b:f2:c1 fff4dd2d860e3da5b404e33d5ee39b1e
SET BT PAIR 44:04:44:ee:03:df 12733cc462c13dc3f5020140c061e633
SET BT PAIR 50:82:d5:75:9d:d3 f0c7395643ab63946e7bffb69fd277ad
SET BT PAIR 40:4d:7f:78:18:d4 bfc0b04ae8a7df17980baec9a9badcae
SET BT POWER 6 6 6
SET BT ROLE 0 f 2580
SET BT SNIFF 0 20 1 8
SET BT SSP 3 0
SET BT MTU 667
SET CONTROL AUDIO INTERNAL INTERNAL
SET CONTROL BAUD 115200,8n1
SET CONTROL CD 00 0
SET CONTROL CODEC SBC JOINT_STEREO 44100 0
SET CONTROL CONFIG 0000 0000 0000 1100
SET CONTROL ECHO 7
SET CONTROL ESCAPE 43 00 1
SET CONTROL GAIN 8 8
SET CONTROL MICBIAS b 0
SET CONTROL MSC DTE 00 00 00 00 00 00
SET CONTROL PIO 00 00 00
SET CONTROL PREAMP 1 1
SET CONTROL READY 00
SET CONTROL VREGEN 0 00
SET PROFILE A2DP SINK
SET PROFILE SPP Bluetooth Serial Port
SET PROFILE HSP-AG Voice Gateway
SET PROFILE AVRCP CONTROLLER 03
SET

root@b2qt-apalis-imx6:/# echo ""p"a"i"r" "5"0":"c"9":"7"1":"4"c":"e"0":"1"0"" > /dev/ttymxc3
root@b2qt-apalis-imx6:/# air 50:c9:71:4c:e0:10
SSP COMPLETE 50:c9:71:4c:e0:10 HCI_ERROR_PAIRING_NOT_ALLOWED
PAIR 50:c9:71:4c:e0:10 FAIL

root@b2qt-apalis-imx6:/# 
root@b2qt-apalis-imx6:/# echo "pair 50:c9:71:4c:e0:10" > /dev/ttymxc3
root@b2qt-apalis-imx6:/# pair 50:c9:71:4c:e0:10
SSP COMPLETE 50:c9:71:4c:e0:10 HCI_ERROR_PAIRING_NOT_ALLOWED
PAIR 50:c9:71:4c:e0:10 FAIL
echo "pair 50:c9:71:4c:e0:10" > /dev/ttymxc3
root@b2qt-apalis-imx6:/# pair 50:c9:71:4c:e0:10
SSP COMPLETE 50:c9:71:4c:e0:10 HCI_ERROR_PAIRING_NOT_ALLOWED
PAIR 50:c9:71:4c:e0:10 FAIL
echo "pair 50:c9:71:4c:e0:10" > /dev/ttymxc3
root@b2qt-apalis-imx6:/# pair 50:c9:71:4c:e0:10
SSP COMPLETE 50:c9:71:4c:e0:10 HCI_ERROR_PAIRING_NOT_ALLOWED
PAIR 50:c9:71:4c:e0:10 FAIL

root@b2qt-apalis-imx6:/# 
root@b2qt-apalis-imx6:/# 
root@b2qt-apalis-imx6:/# echo "pair 50:c9:71:4c:e0:10" > /dev/ttymxc3
root@b2qt-apalis-imx6:/# pair 50:c9:71:4c:e0:10
SSP COMPLETE 50:c9:71:4c:e0:10 HCI_ERROR_PAIRING_NOT_ALLOWED
PAIR 50:c9:71:4c:e0:10 FAIL

root@b2qt-apalis-imx6:/# 
root@b2qt-apalis-imx6:/# 
root@b2qt-apalis-imx6:/# echo "pair 50:c9:71:4c:e0:10" > /dev/ttymxc3
root@b2qt-apalis-imx6:/# pair 50:c9:71:4c:e0:10
PAIR 50:c9:71:4c:e0:10 FAIL

root@b2qt-apalis-imx6:/# echo "pair 50:c9:71:4c:e0:10" > /dev/ttymxc3
root@b2qt-apalis-imx6:/# 
proot@b2qt-apalis-imx6:/# air 50:c9:71:4c:e0:10
SSP COMPLETE 50:c9:71:4c:e0:10 HCI_ERROR_PAIRING_NOT_ALLOWED
PAIR 50:c9:71:4c:e0:10 FAIL

root@b2qt-apalis-imx6:/# 
root@b2qt-apalis-imx6:/# 
root@b2qt-apalis-imx6:/# echo "pair 50:c9:71:4c:e0:10" > /dev/ttymxc3
root@b2qt-apalis-imx6:/# pair 50:c9:71:4c:e0:10
SSP COMPLETE 50:c9:71:4c:e0:10 HCI_ERROR_PAIRING_NOT_ALLOWED
PAIR 50:c9:71:4c:e0:10 FAIL

root@b2qt-apalis-imx6:/# 
root@b2qt-apalis-imx6:/# 
root@b2qt-apalis-imx6:/# echo "pair 50:c9:71:4c:e0:10" > /dev/ttymxc3
root@b2qt-apalis-imx6:/# pair 50:c9:71:4c:e0:10
SSP COMPLETE 50:c9:71:4c:e0:10 HCI_ERROR_PAIRING_NOT_ALLOWED
PAIR 50:c9:71:4c:e0:10 FAIL

root@b2qt-apalis-imx6:/# echo "pair 50:c9:71:4c:e0:10" > /dev/ttymxc3
root@b2qt-apalis-imx6:/# pair 50:c9:71:4c:e0:10
SSP COMPLETE 50:c9:71:4c:e0:10 HCI_ERROR_PAIRING_NOT_ALLOWED
PAIR 50:c9:71:4c:e0:10 FAIL

root@b2qt-apalis-imx6:/# 
root@b2qt-apalis-imx6:/# 
root@b2qt-apalis-imx6:/# echo "pair 50:c9:71:4c:e0:10" > /dev/ttymxc3
root@b2qt-apalis-imx6:/# pair 50:c9:71:4c:e0:10
SSP COMPLETE 50:c9:71:4c:e0:10 HCI_ERROR_PAIRING_NOT_ALLOWED
PAIR 50:c9:71:4c:e0:10 FAIL

root@b2qt-apalis-imx6:/# 
root@b2qt-apalis-imx6:/# 
root@b2qt-apalis-imx6:/# echo "pair 50:c9:71:4c:e0:10" > /dev/ttymxc3
root@b2qt-apalis-imx6:/# pair 50:c9:71:4c:e0:10
SSP COMPLETE 50:c9:71:4c:e0:10 HCI_ERROR_PAIRING_NOT_ALLOWED
PAIR 50:c9:71:4c:e0:10 FAIL

root@b2qt-apalis-imx6:/# 
root@b2qt-apalis-imx6:/# 
root@b2qt-apalis-imx6:/# echo "pair 50:c9:71:4c:e0:10" > /dev/ttymxc3
root@b2qt-apalis-imx6:/# pair 50:c9:71:4c:e0:10
SSP COMPLETE 50:c9:71:4c:e0:10 HCI_ERROR_PAIRING_NOT_ALLOWED
PAIR 50:c9:71:4c:e0:10 FAIL

root@b2qt-apalis-imx6:/# 
root@b2qt-apalis-imx6:/# 
root@b2qt-apalis-imx6:/# echo "pair 50:c9:71:4c:e0:10" > /dev/ttymxc3
root@b2qt-apalis-imx6:/# pair 50:c9:71:4c:e0:10
SSP COMPLETE 50:c9:71:4c:e0:10 HCI_ERROR_PAIRING_NOT_ALLOWED
PAIR 50:c9:71:4c:e0:10 FAIL

root@b2qt-apalis-imx6:/# 
root@b2qt-apalis-imx6:/# echo "pair 50:c9:71:4c:e0:10" > /dev/ttymxc3
root@b2qt-apalis-imx6:/# pair 50:c9:71:4c:e0:10
SSP COMPLETE 50:c9:71:4c:e0:10 HCI_ERROR_PAIRING_NOT_ALLOWED
PAIR 50:c9:71:4c:e0:10 FAIL

root@b2qt-apalis-imx6:/# 
root@b2qt-apalis-imx6:/# 
root@b2qt-apalis-imx6:/# echo "pair 50:c9:71:4c:e0:10" > /dev/ttymxc3
root@b2qt-apalis-imx6:/# pair 50:c9:71:4c:e0:10
PAIR 50:c9:71:4c:e0:10 OK
INQUIRY 7 NAME
INQUIRY_PARTIAL 00:1b:10:00:2a:ec 6e0100
INQUIRY_PARTIAL 88:6b:0f:62:71:86 280428
INQUIRY_PARTIAL 44:04:44:ee:03:df 5a020c

root@b2qt-apalis-imx6:/# 
root@b2qt-apalis-imx6:/# INQUIRY 3
INQUIRY 00:1b:10:00:2a:ec 6e0100
INQUIRY 88:6b:0f:62:71:86 280428
INQUIRY 44:04:44:ee:03:df 5a020c

root@b2qt-apalis-imx6:/# NAME 00:1b:10:00:2a:ec "emb-ban-227-0"
NAME 88:6b:0f:62:71:86 "WT32i-A"
NAME 44:04:44:ee:03:df "Aravinth"

root@b2qt-apalis-imx6:/# 
root@b2qt-apalis-imx6:/# 
root@b2qt-apalis-imx6:/# SET BT PAIR bc:d1:1f:5b:f2:c1
SET BT PAIR
SET BT PAIR 01:01:01:01:05:76 9146ca5cc17d95c549f6ceec16168a78
SET BT PAIR 44:04:44:ee:03:df 12733cc462c13dc3f5020140c061e633
SET BT PAIR 50:82:d5:75:9d:d3 f0c7395643ab63946e7bffb69fd277ad
SET BT PAIR 40:4d:7f:78:18:d4 bfc0b04ae8a7df17980baec9a9badcae
SET BT PAIR 50:c9:71:4c:e0:10 9c4003c3118b073893f7f6f34c578ada
SET

root@b2qt-apalis-imx6:/# SET BT PAIR 44:04:44:ee:03:df
SET BT PAIR
SET BT PAIR 01:01:01:01:05:76 9146ca5cc17d95c549f6ceec16168a78
SET BT PAIR 50:82:d5:75:9d:d3 f0c7395643ab63946e7bffb69fd277ad
SET BT PAIR 40:4d:7f:78:18:d4 bfc0b04ae8a7df17980baec9a9badcae
SET BT PAIR 50:c9:71:4c:e0:10 9c4003c3118b073893f7f6f34c578ada
SET
SET BT PAIR 50:82:d5:75:9d:d3
SET BT PAIR
46ca5cc17d95c549f6ceec16168a78
SET BT PAIR 40:4d:7f:78:18:d4 bfc0b04ae8a7df17980baec9a9badcae
SET BT PAIR 50:c9:71:4c:e0:10 9c4003c3118b073893f7f6f34c578ada
SET
ET BT PAIR 40:4d:7f:78:18:d4
SET BT PAIR
SET BT PAIR 01:01:01:01:05:76 9146ca5cc17d95c549f6ceec16168a78
SET BT PAIR 50:c9:71:4c:e0:10 9c4003c3118b073893f7f6f34c578ada
SET

root@b2qt-apalis-imx6:/# 
root@b2qt-apalis-imx6:/# 
root@b2qt-apalis-imx6:/# 
root@b2qt-apalis-imx6:/# INQUIRY 7 NAME
INQUIRY_PARTIAL 00:1b:10:00:2a:ec 6e0100
INQUIRY_PARTIAL 88:6b:0f:62:71:86 280428
INQUIRY_PARTIAL 44:04:44:ee:03:df 5a020c
INQUIRY 3
INQUIRY 00:1b:10:00:2a:ec 6e0100
INQUIRY 88:6b:0f:62:71:86 280428
INQUIRY 44:04:44:ee:03:df 5a020c
NAME 00:1b:10:00:2a:ec "emb-ban-227-0"
NAME 88:6b:0f:62:71:86 "WT32i-A"
NAME 44:04:44:ee:03:df "Aravinth"

root@b2qt-apalis-imx6:/# 
root@b2qt-apalis-imx6:/# 
root@b2qt-apalis-imx6:/# reINQUIRY 7 NAME
INQUIRY_PARTIAL 50:c9:71:4c:e0:10 240404
INQUIRY_PARTIAL 88:6b:0f:62:71:86 280428
INQUIRY_PARTIAL 00:1b:10:00:2a:ec 6e0100
INQUIRY_PARTIAL 44:04:44:ee:03:df 5a020c
INQUIRY 4
INQUIRY 50:c9:71:4c:e0:10 240404
INQUIRY 88:6b:0f:62:71:86 280428
INQUIRY 00:1b:10:00:2a:ec 6e0100
INQUIRY 44:04:44:ee:03:df 5a020c
NAME 50:c9:71:4c:e0:10 "JABRA EASYGO"
NAME 88:6b:0f:62:71:86 "WT32i-A"
NAME 00:1b:10:00:2a:ec "emb-ban-227-0"
NAME 44:04:44:ee:03:df "Aravinth"


U-Boot 2016.11+fslc+g80c3bd6 (Jan 02 2018 - 11:32:06 +0100)

CPU:   Freescale i.MX6Q rev1.5 at 792 MHz
Reset cause: POR
I2C:   ready
DRAM:  2 GiB
PMIC:  device id: 0x10, revision id: 0x21, programmed
MMC:   FSL_SDHC: 0, FSL_SDHC: 1, FSL_SDHC: 2
auto-detected panel vga-rgb
Display: vga-rgb (640x480)
In:    serial
Out:   serial
Err:   serial
Model: Toradex Apalis iMX6 Quad 2GB IT V1.1C, Serial# 05139699
Net:   using PHY at 7
FEC [PRIME]
Hit any key to stop autoboot:  1  0 
Booting from internal eMMC chip...
reading imx6q-apalis-ixora-v1_1.dtb
48970 bytes read in 22 ms (2.1 MiB/s)
reading uImage
5943928 bytes read in 172 ms (33 MiB/s)
## Booting kernel from Legacy Image at 10800000 ...
   Image Name:   Linux-4.1.41-v2.7b1+g82f0f4f
   Image Type:   ARM Linux Kernel Image (uncompressed)
   Data Size:    5943864 Bytes = 5.7 MiB
   Load Address: 10008000
   Entry Point:  10008000
   Verifying Checksum ... OK
## Flattened Device Tree blob at 12000000
   Booting using the fdt blob at 0x12000000
   Loading Kernel Image ... OK
   Using Device Tree in place at 12000000, end 1200ef49

Starting kernel ...

[    0.000000] Booting Linux on physical CPU 0x0
[    0.000000] Initializing cgroup subsys cpu
[    0.000000] Initializing cgroup subsys cpuacct
[    0.000000] Linux version 4.1.41-v2.7b1+g82f0f4f (behlingc@mplan-ubuntu-1610-dev) (gcc version 5.3.0 (GCC) ) #1 SMP Wed Jan 31 17:39:36 CET 2018
[    0.000000] CPU: ARMv7 Processor [412fc09a] revision 10 (ARMv7), cr=10c5387d
[    0.000000] CPU: PIPT / VIPT nonaliasing data cache, VIPT aliasing instruction cache
[    0.000000] Machine model: Toradex Apalis iMX6Q/D Module on Ixora V1.1 Carrier Board
[    0.000000] Reserved memory: created CMA memory pool at 0x62000000, size 320 MiB
[    0.000000] Reserved memory: initialized node linux,cma, compatible id shared-dma-pool
[    0.000000] Memory policy: Data cache writealloc
[    0.000000] PERCPU: Embedded 12 pages/cpu @d0efd000 s16908 r8192 d24052 u49152
[    0.000000] Built 1 zonelists in Zone order, mobility grouping on.  Total pages: 521024
[    0.000000] Kernel command line: enable_wait_mode=off vmalloc=400M ip=off root=/dev/mmcblk0p2 rw,noatime rootfstype=ext4 rootwait fec_mac=00:14:2d:4e:6c:f3 consoleblank=0 no_console_suspend=1 console=tty1 console=ttymxc0,115200n8 mxc_hdmi.only_cea=1 video=mxcfb1:dev=hdmi,1920x1080M@60,if=RGB24 video=mxcfb0:dev=ldb,800x480M@60,if=RGB666 video=mxcfb2:off video=mxcfb3:off fbmem=32M
[    0.000000] PID hash table entries: 4096 (order: 2, 16384 bytes)
[    0.000000] Dentry cache hash table entries: 262144 (order: 8, 1048576 bytes)
[    0.000000] Inode-cache hash table entries: 131072 (order: 7, 524288 bytes)
[    0.000000] Memory: 1738972K/2097152K available (7679K kernel code, 330K rwdata, 2648K rodata, 372K init, 423K bss, 30500K reserved, 327680K cma-reserved, 425984K highmem)
[    0.000000] Virtual kernel memory layout:
[    0.000000]     vector  : 0xffff0000 - 0xffff1000   (   4 kB)
[    0.000000]     fixmap  : 0xffc00000 - 0xfff00000   (3072 kB)
[    0.000000]     vmalloc : 0xe6800000 - 0xff000000   ( 392 MB)
[    0.000000]     lowmem  : 0x80000000 - 0xe6000000   (1632 MB)
[    0.000000]     pkmap   : 0x7fe00000 - 0x80000000   (   2 MB)
[    0.000000]     modules : 0x7f000000 - 0x7fe00000   (  14 MB)
[    0.000000]       .text : 0x80008000 - 0x80a1e0a4   (10329 kB)
[    0.000000]       .init : 0x80a1f000 - 0x80a7c000   ( 372 kB)
[    0.000000]       .data : 0x80a7c000 - 0x80ace8c0   ( 331 kB)
[    0.000000]        .bss : 0x80ad1000 - 0x80b3ae1c   ( 424 kB)
[    0.000000] SLUB: HWalign=64, Order=0-3, MinObjects=0, CPUs=4, Nodes=1
[    0.000000] Hierarchical RCU implementation.
[    0.000000] NR_IRQS:16 nr_irqs:16 16
[    0.000000] L2C-310 erratum 769419 enabled
[    0.000000] L2C-310 enabling early BRESP for Cortex-A9
[    0.000000] L2C-310 full line of zeros enabled for Cortex-A9
[    0.000000] L2C-310 ID prefetch enabled, offset 16 lines
[    0.000000] L2C-310 dynamic clock gating enabled, standby mode enabled
[    0.000000] L2C-310 cache controller enabled, 16 ways, 1024 kB
[    0.000000] L2C-310: CACHE_ID 0x410000c7, AUX_CTRL 0x76470001
[    0.000000] mxc_clocksource_init 3000000
[    0.000000] Switching to timer-based delay loop, resolution 333ns
[    0.000006] sched_clock: 32 bits at 3000kHz, resolution 333ns, wraps every 715827882841ns
[    0.000022] clocksource mxc_timer1: mask: 0xffffffff max_cycles: 0xffffffff, max_idle_ns: 637086815595 ns
[    0.001234] Console: colour dummy device 80x30
[    0.001872] console [tty1] enabled
[    0.001901] Calibrating delay loop (skipped), value calculated using timer frequency.. 6.00 BogoMIPS (lpj=30000)
[    0.001942] pid_max: default: 32768 minimum: 301
[    0.002056] Mount-cache hash table entries: 4096 (order: 2, 16384 bytes)
[    0.002084] Mountpoint-cache hash table entries: 4096 (order: 2, 16384 bytes)
[    0.002671] Initializing cgroup subsys freezer
[    0.002712] Initializing cgroup subsys debug
[    0.002762] CPU: Testing write buffer coherency: ok
[    0.003035] Setting up static identity map for 0x10008280 - 0x100082d8
[    0.006338] Brought up 4 CPUs
[    0.006370] SMP: Total of 4 processors activated (24.00 BogoMIPS).
[    0.006392] CPU: All CPU(s) started in SVC mode.
[    0.006876] devtmpfs: initialized
[    0.019437] VFP support v0.3: implementor 41 architecture 3 part 30 variant 9 rev 4
[    0.019874] clocksource jiffies: mask: 0xffffffff max_cycles: 0xffffffff, max_idle_ns: 19112604462750000 ns
[    0.019935] futex hash table entries: 1024 (order: 4, 65536 bytes)
[    0.039741] pinctrl core: initialized pinctrl subsystem
[    0.040987] NET: Registered protocol family 16
[    0.049351] DMA: preallocated 256 KiB pool for atomic coherent allocations
[    0.079651] cpuidle: using governor ladder
[    0.109644] cpuidle: using governor menu
[    0.110040] CPU identified as i.MX6Q, silicon rev 1.5
[    0.134614] hw-breakpoint: found 5 (+1 reserved) breakpoint and 1 watchpoint registers.
[    0.134662] hw-breakpoint: maximum watchpoint size is 4 bytes.
[    0.135778] imx6q-pinctrl 20e0000.iomuxc: initialized IMX pinctrl driver
[    0.137767] imx-gpc 20dc000.gpc: no fsl,ldo-bypass found!
[    0.147991] mxs-dma 110000.dma-apbh: initialized
[    0.150494] usb_host_vbus: supplied by usb_host_vbus_hub
[    0.150851] vgaarb: loaded
[    0.151671] SCSI subsystem initialized
[    0.152174] usbcore: registered new interface driver usbfs
[    0.152268] usbcore: registered new interface driver hub
[    0.152374] usbcore: registered new device driver usb
[    0.152613] 2000000.aips-bus:usbphy_nop1 supply vcc not found, using dummy regulator
[    0.152797] 2000000.aips-bus:usbphy_nop2 supply vcc not found, using dummy regulator
[    0.153567] i2c-gpio i2c@0: using pins 80 (SDA) and 62 (SCL)
[    0.154435] i2c i2c-1: IMX I2C adapter registered
[    0.154473] i2c i2c-1: can't use DMA
[    0.156023] stmpe-i2c 2-0041: stmpe811 detected, chip id: 0x811
[    0.157958] i2c i2c-2: IMX I2C adapter registered
[    0.157995] i2c i2c-2: can't use DMA
[    0.158468] i2c i2c-3: IMX I2C adapter registered
[    0.158502] i2c i2c-3: can't use DMA
[    0.158664] Linux video capture interface: v2.00
[    0.158737] pps_core: LinuxPPS API ver. 1 registered
[    0.158760] pps_core: Software ver. 5.3.6 - Copyright 2005-2007 Rodolfo Giometti <giometti@linux.it>
[    0.158814] PTP clock support registered
[    0.179695] imx-ipuv3 2400000.ipu: IPU DMFC NORMAL mode: 1(0~1), 5B(4,5), 5F(6,7)
[    0.199689] imx-ipuv3 2800000.ipu: IPU DMFC NORMAL mode: 1(0~1), 5B(4,5), 5F(6,7)
[    0.200610] mxc_mipi_csi2 21dc000.mipi_csi: i.MX MIPI CSI2 driver probed ipu0 csi1
[    0.200659] mxc_mipi_csi2 21dc000.mipi_csi: i.MX MIPI CSI2 dphy version is 0x3130302a
[    0.200771] MIPI CSI2 driver module loaded
[    0.201061] Advanced Linux Sound Architecture Driver Initialized.
[    0.202310] Bluetooth: Core ver 2.20
[    0.202374] NET: Registered protocol family 31
[    0.202396] Bluetooth: HCI device and connection manager initialized
[    0.202426] Bluetooth: HCI socket layer initialized
[    0.202457] Bluetooth: L2CAP socket layer initialized
[    0.202501] Bluetooth: SCO socket layer initialized
[    0.203103] Switched to clocksource mxc_timer1
[    0.213871] NET: Registered protocol family 2
[    0.214655] TCP established hash table entries: 16384 (order: 4, 65536 bytes)
[    0.214826] TCP bind hash table entries: 16384 (order: 5, 131072 bytes)
[    0.215090] TCP: Hash tables configured (established 16384 bind 16384)
[    0.215184] UDP hash table entries: 1024 (order: 3, 32768 bytes)
[    0.215275] UDP-Lite hash table entries: 1024 (order: 3, 32768 bytes)
[    0.215544] NET: Registered protocol family 1
[    0.215871] RPC: Registered named UNIX socket transport module.
[    0.215901] RPC: Registered udp transport module.
[    0.215920] RPC: Registered tcp transport module.
[    0.215940] RPC: Registered tcp NFSv4.1 backchannel transport module.
[    0.216730] CPU PMU: Failed to parse /soc/pmu/interrupt-affinity[0]
[    0.216799] hw perfevents: enabled with armv7_cortex_a9 PMU driver, 7 counters available
[    0.217838] imx rpmsg driver is registered.
[    0.218875] Bus freq driver module loaded
[    0.225860] VFS: Disk quotas dquot_6.6.0
[    0.226053] VFS: Dquot-cache hash table entries: 1024 (order 0, 4096 bytes)
[    0.227111] squashfs: version 4.0 (2009/01/31) Phillip Lougher
[    0.227911] NFS: Registering the id_resolver key type
[    0.227966] Key type id_resolver registered
[    0.227990] Key type id_legacy registered
[    0.228035] nfs4filelayout_init: NFSv4 File Layout Driver Registering...
[    0.228574] ntfs: driver 2.1.32 [Flags: R/W].
[    0.229060] fuse init (API version 7.23)
[    0.233228] bounce: pool size: 64 pages
[    0.233271] io scheduler noop registered
[    0.233297] io scheduler deadline registered
[    0.233468] io scheduler cfq registered (default)
[    0.236197] backlight supply power not found, using dummy regulator
[    0.237818] MIPI DSI driver module loaded
[    0.239206] 20e0000.hdmi_video supply HDMI not found, using dummy regulator
[    0.240676] fbcvt: 800x480@60: CVT Name - .384M9
[    0.240726] mxc_sdc_fb fb@0: registered mxc display driver ldb
[    0.244941] mxc_sdc_fb fb@0: 800x480 h_sync,r,l: 72,24,96  v_sync,l,u: 7,3,10 pixclock=29500000 Hz
[    0.266833] mxc_hdmi 20e0000.hdmi_video: Detected HDMI controller 0x13:0xa:0xa0:0xc1
[    0.266892] fbcvt: 1920x1080@60: CVT Name - 2.073M9
[    0.267007] mxc_sdc_fb fb@1: registered mxc display driver hdmi
[    0.282248] mxc_sdc_fb fb@1: 1920x1080 h_sync,r,l: 44,88,148  v_sync,l,u: 5,4,36 pixclock=148500000 Hz
[    0.293188] imx-ipuv3 2400000.ipu: IPU DMFC DP HIGH RESOLUTION: 1(0,1), 5B(2~5), 5F(6,7)
[    0.296859] mxc_sdc_fb fb@2: mxcfb2 is turned off!
[    0.296952] mxc_sdc_fb fb@3: mxcfb3 is turned off!
[    0.298455] imx-sdma 20ec000.sdma: no iram assigned, using external mem
[    0.298880] imx-sdma 20ec000.sdma: no event needs to be remapped
[    0.299183] imx-sdma 20ec000.sdma: loaded firmware 3.3
[    0.301773] imx-sdma 20ec000.sdma: initialized
[    0.303450] pfuze100-regulator 2-0008: Full layer: 2, Metal layer: 1
[    0.304065] pfuze100-regulator 2-0008: FAB: 0, FIN: 0
[    0.304093] pfuze100-regulator 2-0008: pfuze100 found.
[    0.318433] 2020000.serial: ttymxc0 at MMIO 0x2020000 (irq = 26, base_baud = 5000000) is a IMX
[    1.224915] console [ttymxc0] enabled
[    1.229464] 21e8000.serial: ttymxc1 at MMIO 0x21e8000 (irq = 301, base_baud = 5000000) is a IMX
[    1.238728] 21f0000.serial: ttymxc3 at MMIO 0x21f0000 (irq = 302, base_baud = 5000000) is a IMX
[    1.247968] 21f4000.serial: ttymxc4 at MMIO 0x21f4000 (irq = 303, base_baud = 5000000) is a IMX
[    1.258708] [drm] Initialized drm 1.1.0 20060810
[    1.263828] [drm] Initialized vivante 1.0.0 20120216 on minor 0
[    1.277892] brd: module loaded
[    1.286088] loop: module loaded
[    1.290514] ahci-imx 2200000.sata: fsl,transmit-level-mV not specified, using 00000024
[    1.298537] ahci-imx 2200000.sata: fsl,transmit-boost-mdB not specified, using 00000480
[    1.306602] ahci-imx 2200000.sata: fsl,transmit-atten-16ths not specified, using 00002000
[    1.314835] ahci-imx 2200000.sata: fsl,receive-eq-mdB not specified, using 05000000
[    1.326000] ahci-imx 2200000.sata: SSS flag set, parallel bus scan disabled
[    1.333024] ahci-imx 2200000.sata: AHCI 0001.0300 32 slots 1 ports 3 Gbps 0x1 impl platform mode
[    1.341882] ahci-imx 2200000.sata: flags: ncq sntf stag pm led clo only pmp pio slum part ccc apst 
[    1.352329] scsi host0: ahci-imx
[    1.355921] ata1: SATA max UDMA/133 mmio [mem 0x02200000-0x02203fff] port 0x100 irq 313
[    1.367289] spi_imx 2008000.ecspi: probed
[    1.372249] vcan: Virtual CAN interface driver
[    1.376780] CAN device driver interface
[    1.380881] 2090000.flexcan supply xceiver not found, using dummy regulator
[    1.388671] flexcan 2090000.flexcan: device registered (reg_base=e6aa8000, irq=35)
[    1.396426] 2094000.flexcan supply xceiver not found, using dummy regulator
[    1.404129] flexcan 2094000.flexcan: device registered (reg_base=e6ab0000, irq=36)
[    1.412859] 2188000.ethernet supply phy not found, using dummy regulator
[    1.433525] pps pps0: new PPS source ptp0
[    1.438788] libphy: fec_enet_mii_bus: probed
[    1.444891] fec 2188000.ethernet eth0: registered PHC device 0
[    1.451020] PPP generic driver version 2.4.2
[    1.455573] ehci_hcd: USB 2.0 'Enhanced' Host Controller (EHCI) Driver
[    1.462135] ehci-pci: EHCI PCI platform driver
[    1.466693] ehci-mxc: Freescale On-Chip EHCI Host driver
[    1.472228] usbcore: registered new interface driver usb-storage
[    1.478420] usbcore: registered new interface driver usbserial
[    1.484338] usbcore: registered new interface driver usbserial_generic
[    1.490928] usbserial: USB Serial support registered for generic
[    1.497019] usbcore: registered new interface driver ftdi_sio
[    1.502833] usbserial: USB Serial support registered for FTDI USB Serial Device
[    1.510244] usbcore: registered new interface driver option
[    1.515889] usbserial: USB Serial support registered for GSM modem (1-port)
[    1.522913] usbcore: registered new interface driver pl2303
[    1.528558] usbserial: USB Serial support registered for pl2303
[    1.535863] 2184800.usbmisc supply vbus-wakeup not found, using dummy regulator
[    1.555023] ci_hdrc ci_hdrc.1: EHCI Host Controller
[    1.559959] ci_hdrc ci_hdrc.1: new USB bus registered, assigned bus number 1
[    1.583140] ci_hdrc ci_hdrc.1: USB 2.0 started, EHCI 1.00
[    1.589358] hub 1-0:1.0: USB hub found
[    1.593203] hub 1-0:1.0: 1 port detected
[    1.598124] mousedev: PS/2 mouse device common for all mice
[    1.604293] [PENMOUNT] Loading penmount_i2c V1.15.0
[    1.609334] [PENMOUNT] Probing for device ...
[    1.633006] [PENMOUNT] PM2204.D01.1.0.0
[    1.639751] [PENMOUNT] Supports 5 touch contacts
[    1.647275] [PENMOUNT] Supports WD mode
[    1.651131] [PENMOUNT] Supports WP mode
[    1.657873] [PENMOUNT] Use WP mode !
[    1.664346] [PENMOUNT] Sensitivity Level : 0 (max: 2)
[    1.672284] [PENMOUNT] irq already specified !!
[    1.676992] [PENMOUNT] Using IRQ 219
[    1.680829] input: PenMount I2C Touch Screen as /devices/soc0/soc/2100000.aips-bus/21a0000.i2c/i2c-1/1-0038/input/input0
[    1.692255] input: PenMount I2C Touch Key as /devices/soc0/soc/2100000.aips-bus/21a0000.i2c/i2c-1/1-0038/input/input1
[    1.706447] rtc-ds1307 1-0068: rtc core: registered m41t0 as rtc0
[    1.713146] ata1: SATA link down (SStatus 0 SControl 300)
[    1.713259] snvs_rtc 20cc000.snvs:snvs-rtc-lp: rtc core: registered 20cc000.snvs:snvs-r as rtc1
[    1.713397] i2c /dev entries driver
[    1.715140] mxc_v4l2_output v4l2_out: V4L2 device registered as video16
[    1.715299] mxc_v4l2_output v4l2_out: V4L2 device registered as video17
[    1.715465] mxc_v4l2_output v4l2_out: V4L2 device registered as video18
[    1.715625] mxc_v4l2_output v4l2_out: V4L2 device registered as video19
[    1.717734] imx2-wdt 20bc000.wdog: timeout 60 sec (nowayout=0)
[    1.717956] usbcore: registered new interface driver btusb
[    1.718156] sdhci: Secure Digital Host Controller Interface driver
[    1.718159] sdhci: Copyright(c) Pierre Ossman
[    1.718168] sdhci-pltfm: SDHCI platform and OF driver helper
[    1.719103] /soc/aips-bus@02100000/usdhc@02190000: voltage-ranges unspecified
[    1.719134] sdhci-esdhc-imx 2190000.usdhc: Got CD GPIO
[    1.720640] sdhci-esdhc-imx 2190000.usdhc: No vqmmc regulator found
[    1.763266] mmc1: SDHCI controller on 2190000.usdhc [2190000.usdhc] using ADMA
[    1.766964] /soc/aips-bus@02100000/usdhc@02198000: voltage-ranges unspecified
[    1.775524] sdhci-esdhc-imx 2198000.usdhc: No vqmmc regulator found
[    1.823129] mmc0: SDHCI controller on 2198000.usdhc [2198000.usdhc] using ADMA
[    1.824745] mxc_vpu 2040000.vpu_fsl: VPU initialized
[    1.825312] mxc_vdoa 21e4000.vdoa: i.MX Video Data Order Adapter(VDOA) driver probed
[    1.828044] caam 2100000.caam: Entropy delay = 3200
[    1.828074] caam 2100000.caam: Instantiated RNG4 SH0
[    1.854322] ahci-imx 2200000.sata: no device found, disabling link.
[    1.860618] ahci-imx 2200000.sata: pass ahci_imx..hotplug=1 to enable hotplug
[    1.882008] mmc1: new high speed SDHC card at address 0001
[    1.887954] mmcblk1: mmc1:0001 00000 7.44 GiB 
[    1.888839] caam 2100000.caam: Instantiated RNG4 SH1
[    1.888850] caam 2100000.caam: device ID = 0x0a16010000000000 (Era -524)
[    1.888857] caam 2100000.caam: job rings = 2, qi = 0
[    1.910984]  mmcblk1: p1 p2
[    1.913855] usb 1-1: new high-speed USB device number 2 using ci_hdrc
[    1.975089] caam algorithms registered in /proc/crypto
[    1.984260] caam_jr 2101000.jr0: registering rng-caam
[    1.990274] snvs-secvio 20cc000.caam-snvs: can't get snvs clock
[    1.996372] snvs-secvio 20cc000.caam-snvs: violation handlers armed - non-secure state
[    2.004641] hidraw: raw HID events driver (C) Jiri Kosina
[    2.010296] usbcore: registered new interface driver usbhid
[    2.015928] usbhid: USB HID core driver
[    2.019827] mmc0: MAN_BKOPS_EN bit is not set
[    2.025687] stmpe-adc stmpe-adc: Initialized
[    2.033719] sgtl5000 2-000a: sgtl5000 revision 0x11
[    2.051491] mmc0: new DDR MMC card at address 0001
[    2.056699] mmcblk0: mmc0:0001 Q2J54A 3.59 GiB 
[    2.061375] mmcblk0boot0: mmc0:0001 Q2J54A partition 1 16.0 MiB
[    2.067430] fsl-asrc 2034000.asrc: driver registered
[    2.067557] mmcblk0boot1: mmc0:0001 Q2J54A partition 2 16.0 MiB
[    2.078591]  mmcblk0: p1 p2
[    2.082173] hub 1-1:1.0: USB hub found
[    2.087388] hub 1-1:1.0: 4 ports detected
[    2.219297] imx-sgtl5000 sound: sgtl5000 <-> 2028000.ssi mapping ok
[    2.228357] imx-spdif sound-spdif: snd-soc-dummy-dai <-> 2004000.spdif mapping ok
[    2.238849] imx-audio-hdmi sound-hdmi: hdmi-hifi <-> soc:hdmi_audio@00120000 mapping ok
[    2.247616] Netfilter messages via NETLINK v0.30.
[    2.252367] nfnl_acct: registering with nfnetlink.
[    2.257218] nf_conntrack version 0.5.0 (16384 buckets, 65536 max)
[    2.263844] nf_tables: (c) 2007-2009 Patrick McHardy <kaber@trash.net>
[    2.270804] ip_tables: (C) 2000-2006 Netfilter Core Team
[    2.276783] NET: Registered protocol family 10
[    2.282318] ip6_tables: (C) 2000-2006 Netfilter Core Team
[    2.287875] NET: Registered protocol family 17
[    2.292442] bridge: automatic filtering via arp/ip/ip6tables has been deprecated. Update your scripts to load br_netfilter if you need this.
[    2.305162] Bridge firewalling registered
[    2.309212] can: controller area network core (rev 20120528 abi 9)
[    2.315491] NET: Registered protocol family 29
[    2.319990] can: raw protocol (rev 20120528)
[    2.324343] can: broadcast manager protocol (rev 20120528 t)
[    2.330067] can: netlink gateway (rev 20130117) max_hops=1
[    2.335871] Bluetooth: RFCOMM TTY layer initialized
[    2.340785] Bluetooth: RFCOMM socket layer initialized
[    2.345993] Bluetooth: RFCOMM ver 1.11
[    2.349787] Bluetooth: BNEP (Ethernet Emulation) ver 1.3
[    2.355146] Bluetooth: BNEP filters: protocol multicast
[    2.360399] Bluetooth: BNEP socket layer initialized
[    2.365407] Bluetooth: HIDP (Human Interface Emulation) ver 1.2
[    2.371354] Bluetooth: HIDP socket layer initialized
[    2.376425] 8021q: 802.1Q VLAN Support v1.8
[    2.380982] Key type dns_resolver registered
[    2.387301] Registering SWP/SWPB emulation handler
[    2.392794] registered taskstats version 1
[    2.396990] usb 1-1.2: new low-speed USB device number 3 using ci_hdrc
[    2.404530] 1ffc000.pcie supply pcie-bus not found, using dummy regulator
[    2.521202] input: PixArt Dell MS116 USB Optical Mouse as /devices/soc0/soc/2100000.aips-bus/2184200.usb/ci_hdrc.1/usb1/1-1/1-1.2/1-1.2:1.0/0003:413C:301A.0001/input/input2
[    2.537164] hid-generic 0003:413C:301A.0001: input,hidraw0: USB HID v1.11 Mouse [PixArt Dell MS116 USB Optical Mouse] on usb-ci_hdrc.1-1.2/input0
[    2.643139] usb 1-1.3: new high-speed USB device number 4 using ci_hdrc
[    2.827266] imx6q-pcie 1ffc000.pcie: phy link never came up
[    2.832895] imx6q-pcie 1ffc000.pcie: failed to initialize host
[    2.838874] imx6q-pcie: probe of 1ffc000.pcie failed with error -22
[    2.849261] rtc-ds1307 1-0068: setting system clock to 2018-02-05 12:26:57 UTC (1517833617)
[    2.867793] usb_otg_vbus: disabling
[    2.871566] ALSA device list:
[    2.874619]   #0: imx6q-apalis-sgtl5000
[    2.878480]   #1: imx-spdif
[    2.881292]   #2: imx-hdmi-soc
[    2.894000] EXT4-fs (mmcblk0p2): INFO: recovery required on readonly filesystem
[    2.901352] EXT4-fs (mmcblk0p2): write access will be enabled during recovery
[    3.145358] EXT4-fs (mmcblk0p2): recovery complete
[    3.150984] EXT4-fs (mmcblk0p2): mounted filesystem with ordered data mode. Opts: (null)
[    3.159244] VFS: Mounted root (ext4 filesystem) readonly on device 179:10.
[    3.167078] devtmpfs: mounted
[    3.170415] Freeing unused kernel memory: 372K (80a1f000 - 80a7c000)
[    3.307456] random: systemd urandom read with 25 bits of entropy available
[    3.319034] systemd[1]: systemd 229 running in system mode. (-PAM -AUDIT -SELINUX +IMA -APPARMOR +SMACK +SYSVINIT +UTMP -LIBCRYPTSETUP -GCRYPT -GNUTLS +ACL +XZ -LZ4 -SECCOMP +BLKID -ELFUTILS +KMOD -IDN)
[    3.338229] systemd[1]: Detected architecture arm.

Welcome to Boot to Qt for Embedded Linux 2.1.1 (krogoth)!

[    3.363658] systemd[1]: Set hostname to <b2qt-apalis-imx6>.
[    3.595236] systemd[1]: Listening on Syslog Socket.
[  OK  ] Listening on Syslog Socket.
[    3.633461] systemd[1]: Listening on udev Kernel Socket.
[  OK  ] Listening on udev Kernel Socket.
[    3.653289] systemd[1]: Reached target Swap.
[  OK  ] Reached target Swap.
[    3.673631] systemd[1]: Created slice User and Session Slice.
[  OK  ] Created slice User and Session Slice.
[    3.693622] systemd[1]: Listening on /dev/initctl Compatibility Named Pipe.
[  OK  ] Listening on /dev/initctl Compatibility Named Pipe.
[    3.723441] systemd[1]: Reached target Remote File Systems.
[  OK  ] Reached target Remote File Systems.
[    3.762882] systemd[1]: Listening on udev Control Socket.
[  OK  ] Listening on udev Control Socket.
[    3.783976] systemd[1]: Created slice System Slice.
[  OK  ] Created slice System Slice.
[    3.803607] systemd[1]: Reached target Slices.
[  OK  ] Reached target Slices.
[    3.824010] systemd[1]: Created slice system-serial\x2dgetty.slice.
[  OK  ] Created slice system-serial\x2dgetty.slice.
[    3.853821] systemd[1]: Started Forward Password Requests to Wall Directory Watch.
[  OK  ] Started Forward Password Requests to Wall Directory Watch.
[    3.883700] systemd[1]: Listening on Journal Socket.
[  OK  ] Listening on Journal Socket.
[    3.907835] systemd[1]: Starting Setup Virtual Console...
         Starting Setup Virtual Console...
[    3.937246] systemd[1]: Mounting Debug File System...
         Mounting Debug File System...
[    3.970243] systemd[1]: Starting Load Kernel Modules...
         Starting Load Kernel Modules...
[    3.999428] systemd[1]: Starting Create list of required static device nodes for the current kernel...
         Starting Create list of required st... nodes for the current kernel...
[    4.036294] systemd[1]: Starting File System Check on Root Device...
         Starting File System Check on Ro[    4.046401] RTL871X: module init start
ot Device...
[    4.050422] RTL871X: rtl8723bu v4.3.6.11_12942.20141204_BTCOEX20140507-4E40
[    4.058636] RTL871X: rtl8723bu BT-Coex version = BTCOEX20140507-4E40
[    4.076283] systemd[1]: Mounting Temporary Directory...
         [    4.082306] systemd[1]: Started Dispatch Password Requests to Console Directory Watch.
Mounting Temporary Directory...
[    4.091336] systemd[1]: Reached target Paths.
[  OK  ] Started Dispa[    4.098279] systemd[1]: Listening on Journal Socket (/dev/log).
tch Password Requests to Console Directory Watch.
[  OK  [    4.109607] systemd[1]: Starting Journal Service...
] Reached target Paths.
[    4.117675] systemd[1]: Listening on Network Service Netlink Socket.
;32m  OK  ] Listening on Journal Socket (/dev/log).
        [    4.130999] systemd[1]: Mounted Debug File System.
 Starting Journal Service...
[    4.137149] systemd[1]: Mounted Temporary Directory.
0;32m  OK  ] Listening on Net[    4.145643] systemd[1]: Started Setup Virtual Console.
work Service Netlink Socket.
[    4.154289] systemd[1]: Started Create list of required static device nodes for the current kernel.
0;32m  OK  ] Mounted Debug File System.
[  OK  ] Mounted Temporary Directory.
[  OK  ] Started Setup Virtual Console.
[  OK  ] Started Create list of required sta...ce nodes for the current kernel.
[    4.214207] systemd[1]: Started File System Check on Root Device.
[  OK  ] Started File System Check on Root Device.
[    4.301265] systemd[1]: Started Journal Service.
[  OK  ] Started Journal Service.
[    4.403234] RTL871X: rtw_ndev_init(wlan0)
         Starting Remount Root and Kernel[    4.408911] RTL871X: rtw_ndev_init(wlan1)
 File Systems...
[    4.416716] usbcore: registered new interface driver rtl8723bu
[    4.422949] RTL871X: module init ret=0
[    4.445445] Galcore version 5.0.11.41671
[    4.449468] EXT4-fs (mmcblk0p2): re-mounted. Opts: (null)
[  OK  ] Started Remount Root and Kernel File Systems.
         Starting udev Coldplug all Devices...
         Starting Create Static Device Nodes in /dev...
         Starting Flush Journal to Persistent Storage...
[    4.586595] systemd-journald[202]: Received request to flush runtime journal from PID 1
[  OK  ] Started Create Static Device Nodes in /dev.
[  OK  ] Started Flush Journal to Persistent Storage.
[  OK  ] Reached target Local File Systems (Pre).
         Mounting /var/volatile...
         Starting udev Kernel Device Manager...
[  OK  ] Mounted /var/volatile.
[  OK  ] Started udev Kernel Device Manager.
         Starting Load/Save Random Seed...
[  OK  ] Reached target Local File Systems.
         Starting Create Volatile Files and Directories...
[  OK  ] Started Load/Save Random Seed.
[  OK  ] Started Create Volatile Files and Directories.
         Starting Network Time Synchronization...
         Starting Update UTMP about System Boot/Shutdown...
[  OK  ] Started udev Coldplug all Devices.
[  OK  ] Started Network Time Synchronization.
[    5.339064] tty0tty null modem driver v1.2
[  OK  ] Started Load Kernel Modules.
[  OK  ] Found device /dev/ttymxc0.
[  OK  ] Started Update UTMP about System Boot/Shutdown.
[  OK  ] Found device /dev/ttymxc1.
[    5.735707] ov5647_read_reg(mipi):reg=300a ret=-5
[    5.740482] camera ov5647_mipi is not found
[    5.874515] ERROR: v4l2 capture: slave not found!
[    5.874518] ERROR: v4l2 capture: slave not found!
[  OK  ] Listening on Load/Save RF Kill Switch Status /dev/rfkill Watch.
[  OK  ] Reached target Sound Card.
         Starting Apply Kernel Variables...
         Mounting FUSE Control File System...
         Mounting Configuration File System...
[  OK  ] Created slice system-systemd\x2dbacklight.slice.
         Starting Load/Save Screen Backlight...htness of backlight:backlight...
[  OK  ] Reached target System Time Synchronized.
[  OK  ] Mounted Configuration File System.
[  OK  ] Mounted FUSE Control File System.
[  OK  ] Started Apply Kernel Variables.
[  OK  ] Started Load/Save Screen Backlight Brightness of backlight:backlight.
         Starting Load/Save RF Kill Switch Status...
[  OK  ] Reached target System Initialization.
[  OK  ] Started Daily Cleanup of Temporary Directories.
[  OK  ] Reached target Timers.
[  OK  ] Listening on dropbear.socket.
[  OK  ] Listening on RPCbind Server Activation Socket.
[  OK  ] Listening on D-Bus System Message Bus Socket.
[  OK  ] Reached target Sockets.
[  OK  ] Reached target Basic System.
[  OK  ] Started Kernel Logging Service.
[  OK  ] Started Serial Getty on ttymxc0.
[  OK  ] Started Serial Getty on ttymxc1.
[  OK  ] Reached target Login Prompts.
[  OK  ] Started B2Qt user application.
[  OK  ] Started System Logging Service.
         Starting Save/Restore Sound Card State...
         Starting Login Service...
[  OK  ] Started D-Bus System Message Bus.
[    6.673180] usb 1-1.1: new high-speed USB device number 5 using ci_hdrc
         Starting Network Service...
         Starting D-BUS Session Message Bus....
[    6.812958] option 1-1.1:1.0: GSM modem (1-port) converter detected
[  OK  ] Started Load/Save RF Kill Switch Status.
[    6.825949] usb 1-1.1: GSM modem (1-port) converter now attached to ttyUSB0
[    6.834905] option 1-1.1:1.1: GSM modem (1-port) converter detected
[    6.841814] usb 1-1.1: GSM modem (1-port) converter now attached to ttyUSB1
[  OK  ] Started Save/R[    6.854050] option 1-1.1:1.2: GSM modem (1-port) converter detected
estore Sound Card State.
[    6.863075] usb 1-1.1: GSM modem (1-port) converter now attached to ttyUSB2
[    6.872498] option 1-1.1:1.3: GSM modem (1-port) converter detected
[    6.893850] usb 1-1.1: GSM modem (1-port) converter now attached to ttyUSB3
[    6.901757] option 1-1.1:1.4: GSM modem (1-port) converter detected
[    6.920036] usb 1-1.1: GSM modem (1-port) converter now attached to ttyUSB4
[  OK  ] Started Login Service.
[  OK  ] Started Network Service.
[  OK  ] Reached target Network.
         Starting Network Time Service...
         Starting ADB Server Daemon...
[  OK  ] Started D-BUS Session Message Bus..
[  OK  ] Started Network Time Service.
[    7.164175] file system registered
[    7.182825] flexcan 2090000.flexcan can0: writing ctrl=0x01232084
[  OK  ] Started ADB Server Daemon.
[  OK  ] Reached target Multi-User System.
         Starting Update UTMP about System Runlevel Changes...
[    7.278830] read descriptors
[    7.281771] read strings
[    7.284652] g_ffs gadget: g_ffs ready
[  OK  ] Started Ujet HTTPD Service.
[  OK  ] Started Ujet Telemetry Service.
[  OK  ] Started Ujet Bluetooth Audio Service.
[  OK  ] Started Ujet Ble Service.
[  OK  ] Reached target Custom Target.
         Starting Ujet Identify Service...
[  OK  ] Started Ujet Cloud Service.
[  OK  ] Started Update UTMP about System Runlevel Changes.
[  OK  ] Stopped Bluetooth service.
[    8.128070] mxc_sdc_fb fb@0: 800x480 h_sync,r,l: 72,24,96  v_sync,l,u: 7,3,10 pixclock=29500000 Hz
[    8.393679] random: nonblocking pool is initialized

Boot to Qt for Embedded Linux 2.1.1 b2qt-apalis-imx6 ttymxc0

b2qt-apalis-imx6 login: root
root@b2qt-apalis-imx6:~# 
root@b2qt-apalis-imx6:~# [   14.296491] ci_hdrc ci_hdrc.0: Device No Response

root@b2qt-apalis-imx6:~# cd 
root@b2qt-apalis-imx6:~# cd /
root@b2qt-apalis-imx6:/# 
root@b2qt-apalis-imx6:/# 
root@b2qt-apalis-imx6:/# 
root@b2qt-apalis-imx6:/# cat /dev/ttymxc3 &
[1] 437
root@b2qt-apalis-imx6:/# cat /dev/ttymxc3 & 4
[2] 440
root@b2qt-apalis-imx6:/# 
root@b2qt-apalis-imx6:/# 
root@b2qt-apalis-imx6:/# 
root@b2qt-apalis-imx6:/# 
root@b2qt-apalis-imx6:/# cd /
root@b2qt-apalis-imx6:/# 
root@b2qt-apalis-imx6:/# 
root@b2qt-apalis-imx6:/# 
root@b2qt-apalis-imx6:/# 
root@b2qt-apalis-imx6:/# 
root@b2qt-apalis-imx6:/# 
root@b2qt-apalis-imx6:/# 
root@b2qt-apalis-imx6:/# 
root@b2qt-apalis-imx6:/# 
root@b2qt-apalis-imx6:/# cd /
root@b2qt-apalis-imx6:/# 
root@b2qt-apalis-imx6:/# 
root@b2qt-apalis-imx6:/# 
root@b2qt-apalis-imx6:/# 
root@b2qt-apalis-imx6:/# HSP-AG 0 VOLUME 10

root@b2qt-apalis-imx6:/# 
root@b2qt-apalis-imx6:/# HSP-AG 0 VOLUME 12

root@b2qt-apalis-imx6:/# RING 0 bc:d1:1f:5b:f2:c1 19 A2DP 
RING 1 bc:d1:1f:5b:f2:c1 19 A2DP 

root@b2qt-apalis-imx6:/# A2DP STREAMING START 0

root@b2qt-apalis-imx6:/# 
root@b2qt-apalis-imx6:/# ar
ar                                arm-poky-linux-gnueabi-as         arm-poky-linux-gnueabi-ld         arm-poky-linux-gnueabi-objdump    arm-poky-linux-gnueabi-strip
arch                              arm-poky-linux-gnueabi-c++filt    arm-poky-linux-gnueabi-ld.bfd     arm-poky-linux-gnueabi-ranlib     
arch.coreutils                    arm-poky-linux-gnueabi-dwp        arm-poky-linux-gnueabi-ld.gold    arm-poky-linux-gnueabi-readelf    
arm-poky-linux-gnueabi-addr2line  arm-poky-linux-gnueabi-elfedit    arm-poky-linux-gnueabi-nm         arm-poky-linux-gnueabi-size       
arm-poky-linux-gnueabi-ar         arm-poky-linux-gnueabi-gprof      arm-poky-linux-gnueabi-objcopy    arm-poky-linux-gnueabi-strings    
root@b2qt-apalis-imx6:/# ar  re
read                    readlink                readprofile             realpath.coreutils      renice                  resize                  rev
readarray               readlink.coreutils      readprofile.util-linux  reboot                  renice.util-linux       resizepart              
readelf                 readonly                realpath                rename                  reset                   return                  
root@b2qt-apalis-imx6:/# re  gs
gsettings-data-convert    gst-device-monitor-1.0    gst-inspect-1.0           gst-play-1.0              
gsettings-schema-convert  gst-discoverer-1.0        gst-launch-1.0            gst-typefind-1.0          
root@b2qt-apalis-imx6:/# gss t-discoverer-1.0 
usage: gst-discoverer-1.0 <uris>
root@b2qt-apalis-imx6:/# A2DP STREAMING STOP 0

root@b2qt-apalis-imx6:/# 
root@b2qt-apalis-imx6:/# 
root@b2qt-apalis-imx6:/# A2DP STREAMING START 0
A2DP STREAMING STOP 0
NO CARRIER 1 ERROR 0 
NO CARRIER 0 ERROR 0 
