

U-Boot 2016.11+fslc+g80c3bd6 (Jan 02 2018 - 11:32:06 +0100)

CPU:   Freescale i.MX6Q rev1.5 at 792 MHz
Reset cause: POR
I2C:   ready
DRAM:  2 GiB
PMIC:  device id: 0x10, revision id: 0x21, programmed
MMC:   FSL_SDHC: 0, FSL_SDHC: 1, FSL_SDHC: 2
auto-detected panel vga-rgb
Display: vga-rgb (640x480)
In:    serial
Out:   serial
Err:   serial
Model: Toradex Apalis iMX6 Quad 2GB IT V1.1C, Serial# 05139699
Net:   using PHY at 7
FEC [PRIME]
Hit any key to stop autoboot:  1  0 
Booting from internal eMMC chip...
reading imx6q-apalis-ixora-v1_1.dtb
48970 bytes read in 22 ms (2.1 MiB/s)
reading uImage
5943928 bytes read in 172 ms (33 MiB/s)
## Booting kernel from Legacy Image at 10800000 ...
   Image Name:   Linux-4.1.41-v2.7b1+g82f0f4f
   Image Type:   ARM Linux Kernel Image (uncompressed)
   Data Size:    5943864 Bytes = 5.7 MiB
   Load Address: 10008000
   Entry Point:  10008000
   Verifying Checksum ... OK
## Flattened Device Tree blob at 12000000
   Booting using the fdt blob at 0x12000000
   Loading Kernel Image ... OK
   Using Device Tree in place at 12000000, end 1200ef49

Starting kernel ...

[    0.000000] Booting Linux on physical CPU 0x0
[    0.000000] Initializing cgroup subsys cpu
[    0.000000] Initializing cgroup subsys cpuacct
[    0.000000] Linux version 4.1.41-v2.7b1+g82f0f4f (behlingc@mplan-ubuntu-1610-dev) (gcc version 5.3.0 (GCC) ) #1 SMP Wed Jan 31 17:39:36 CET 2018
[    0.000000] CPU: ARMv7 Processor [412fc09a] revision 10 (ARMv7), cr=10c5387d
[    0.000000] CPU: PIPT / VIPT nonaliasing data cache, VIPT aliasing instruction cache
[    0.000000] Machine model: Toradex Apalis iMX6Q/D Module on Ixora V1.1 Carrier Board
[    0.000000] Reserved memory: created CMA memory pool at 0x62000000, size 320 MiB
[    0.000000] Reserved memory: initialized node linux,cma, compatible id shared-dma-pool
[    0.000000] Memory policy: Data cache writealloc
[    0.000000] PERCPU: Embedded 12 pages/cpu @d0efd000 s16908 r8192 d24052 u49152
[    0.000000] Built 1 zonelists in Zone order, mobility grouping on.  Total pages: 521024
[    0.000000] Kernel command line: enable_wait_mode=off vmalloc=400M ip=off root=/dev/mmcblk0p2 rw,noatime rootfstype=ext4 rootwait fec_mac=00:14:2d:4e:6c:f3 consoleblank=0 no_console_suspend=1 console=tty1 console=ttymxc0,115200n8 mxc_hdmi.only_cea=1 video=mxcfb1:dev=hdmi,1920x1080M@60,if=RGB24 video=mxcfb0:dev=ldb,800x480M@60,if=RGB666 video=mxcfb2:off video=mxcfb3:off fbmem=32M
[    0.000000] PID hash table entries: 4096 (order: 2, 16384 bytes)
[    0.000000] Dentry cache hash table entries: 262144 (order: 8, 1048576 bytes)
[    0.000000] Inode-cache hash table entries: 131072 (order: 7, 524288 bytes)
[    0.000000] Memory: 1738972K/2097152K available (7679K kernel code, 330K rwdata, 2648K rodata, 372K init, 423K bss, 30500K reserved, 327680K cma-reserved, 425984K highmem)
[    0.000000] Virtual kernel memory layout:
[    0.000000]     vector  : 0xffff0000 - 0xffff1000   (   4 kB)
[    0.000000]     fixmap  : 0xffc00000 - 0xfff00000   (3072 kB)
[    0.000000]     vmalloc : 0xe6800000 - 0xff000000   ( 392 MB)
[    0.000000]     lowmem  : 0x80000000 - 0xe6000000   (1632 MB)
[    0.000000]     pkmap   : 0x7fe00000 - 0x80000000   (   2 MB)
[    0.000000]     modules : 0x7f000000 - 0x7fe00000   (  14 MB)
[    0.000000]       .text : 0x80008000 - 0x80a1e0a4   (10329 kB)
[    0.000000]       .init : 0x80a1f000 - 0x80a7c000   ( 372 kB)
[    0.000000]       .data : 0x80a7c000 - 0x80ace8c0   ( 331 kB)
[    0.000000]        .bss : 0x80ad1000 - 0x80b3ae1c   ( 424 kB)
[    0.000000] SLUB: HWalign=64, Order=0-3, MinObjects=0, CPUs=4, Nodes=1
[    0.000000] Hierarchical RCU implementation.
[    0.000000] NR_IRQS:16 nr_irqs:16 16
[    0.000000] L2C-310 erratum 769419 enabled
[    0.000000] L2C-310 enabling early BRESP for Cortex-A9
[    0.000000] L2C-310 full line of zeros enabled for Cortex-A9
[    0.000000] L2C-310 ID prefetch enabled, offset 16 lines
[    0.000000] L2C-310 dynamic clock gating enabled, standby mode enabled
[    0.000000] L2C-310 cache controller enabled, 16 ways, 1024 kB
[    0.000000] L2C-310: CACHE_ID 0x410000c7, AUX_CTRL 0x76470001
[    0.000000] mxc_clocksource_init 3000000
[    0.000000] Switching to timer-based delay loop, resolution 333ns
[    0.000006] sched_clock: 32 bits at 3000kHz, resolution 333ns, wraps every 715827882841ns
[    0.000025] clocksource mxc_timer1: mask: 0xffffffff max_cycles: 0xffffffff, max_idle_ns: 637086815595 ns
[    0.001231] Console: colour dummy device 80x30
[    0.001870] console [tty1] enabled
[    0.001898] Calibrating delay loop (skipped), value calculated using timer frequency.. 6.00 BogoMIPS (lpj=30000)
[    0.001938] pid_max: default: 32768 minimum: 301
[    0.002051] Mount-cache hash table entries: 4096 (order: 2, 16384 bytes)
[    0.002080] Mountpoint-cache hash table entries: 4096 (order: 2, 16384 bytes)
[    0.002681] Initializing cgroup subsys freezer
[    0.002721] Initializing cgroup subsys debug
[    0.002772] CPU: Testing write buffer coherency: ok
[    0.003046] Setting up static identity map for 0x10008280 - 0x100082d8
[    0.006339] Brought up 4 CPUs
[    0.006375] SMP: Total of 4 processors activated (24.00 BogoMIPS).
[    0.006399] CPU: All CPU(s) started in SVC mode.
[    0.006907] devtmpfs: initialized
[    0.019472] VFP support v0.3: implementor 41 architecture 3 part 30 variant 9 rev 4
[    0.019907] clocksource jiffies: mask: 0xffffffff max_cycles: 0xffffffff, max_idle_ns: 19112604462750000 ns
[    0.019965] futex hash table entries: 1024 (order: 4, 65536 bytes)
[    0.039477] pinctrl core: initialized pinctrl subsystem
[    0.040798] NET: Registered protocol family 16
[    0.049130] DMA: preallocated 256 KiB pool for atomic coherent allocations
[    0.079653] cpuidle: using governor ladder
[    0.109647] cpuidle: using governor menu
[    0.110041] CPU identified as i.MX6Q, silicon rev 1.5
[    0.134629] hw-breakpoint: found 5 (+1 reserved) breakpoint and 1 watchpoint registers.
[    0.134677] hw-breakpoint: maximum watchpoint size is 4 bytes.
[    0.135797] imx6q-pinctrl 20e0000.iomuxc: initialized IMX pinctrl driver
[    0.137779] imx-gpc 20dc000.gpc: no fsl,ldo-bypass found!
[    0.148019] mxs-dma 110000.dma-apbh: initialized
[    0.150517] usb_host_vbus: supplied by usb_host_vbus_hub
[    0.150875] vgaarb: loaded
[    0.151704] SCSI subsystem initialized
[    0.152212] usbcore: registered new interface driver usbfs
[    0.152305] usbcore: registered new interface driver hub
[    0.152407] usbcore: registered new device driver usb
[    0.152641] 2000000.aips-bus:usbphy_nop1 supply vcc not found, using dummy regulator
[    0.152822] 2000000.aips-bus:usbphy_nop2 supply vcc not found, using dummy regulator
[    0.153594] i2c-gpio i2c@0: using pins 80 (SDA) and 62 (SCL)
[    0.154451] i2c i2c-1: IMX I2C adapter registered
[    0.154485] i2c i2c-1: can't use DMA
[    0.156042] stmpe-i2c 2-0041: stmpe811 detected, chip id: 0x811
[    0.157974] i2c i2c-2: IMX I2C adapter registered
[    0.158012] i2c i2c-2: can't use DMA
[    0.158503] i2c i2c-3: IMX I2C adapter registered
[    0.158535] i2c i2c-3: can't use DMA
[    0.158699] Linux video capture interface: v2.00
[    0.158772] pps_core: LinuxPPS API ver. 1 registered
[    0.158796] pps_core: Software ver. 5.3.6 - Copyright 2005-2007 Rodolfo Giometti <giometti@linux.it>
[    0.158851] PTP clock support registered
[    0.179700] imx-ipuv3 2400000.ipu: IPU DMFC NORMAL mode: 1(0~1), 5B(4,5), 5F(6,7)
[    0.199691] imx-ipuv3 2800000.ipu: IPU DMFC NORMAL mode: 1(0~1), 5B(4,5), 5F(6,7)
[    0.200612] mxc_mipi_csi2 21dc000.mipi_csi: i.MX MIPI CSI2 driver probed ipu0 csi1
[    0.200657] mxc_mipi_csi2 21dc000.mipi_csi: i.MX MIPI CSI2 dphy version is 0x3130302a
[    0.200774] MIPI CSI2 driver module loaded
[    0.201061] Advanced Linux Sound Architecture Driver Initialized.
[    0.202307] Bluetooth: Core ver 2.20
[    0.202375] NET: Registered protocol family 31
[    0.202397] Bluetooth: HCI device and connection manager initialized
[    0.202426] Bluetooth: HCI socket layer initialized
[    0.202457] Bluetooth: L2CAP socket layer initialized
[    0.202501] Bluetooth: SCO socket layer initialized
[    0.203096] Switched to clocksource mxc_timer1
[    0.213875] NET: Registered protocol family 2
[    0.214658] TCP established hash table entries: 16384 (order: 4, 65536 bytes)
[    0.214832] TCP bind hash table entries: 16384 (order: 5, 131072 bytes)
[    0.215093] TCP: Hash tables configured (established 16384 bind 16384)
[    0.215186] UDP hash table entries: 1024 (order: 3, 32768 bytes)
[    0.215278] UDP-Lite hash table entries: 1024 (order: 3, 32768 bytes)
[    0.215543] NET: Registered protocol family 1
[    0.215872] RPC: Registered named UNIX socket transport module.
[    0.215901] RPC: Registered udp transport module.
[    0.215923] RPC: Registered tcp transport module.
[    0.215942] RPC: Registered tcp NFSv4.1 backchannel transport module.
[    0.216722] CPU PMU: Failed to parse /soc/pmu/interrupt-affinity[0]
[    0.216793] hw perfevents: enabled with armv7_cortex_a9 PMU driver, 7 counters available
[    0.217839] imx rpmsg driver is registered.
[    0.218892] Bus freq driver module loaded
[    0.225887] VFS: Disk quotas dquot_6.6.0
[    0.226080] VFS: Dquot-cache hash table entries: 1024 (order 0, 4096 bytes)
[    0.227135] squashfs: version 4.0 (2009/01/31) Phillip Lougher
[    0.227932] NFS: Registering the id_resolver key type
[    0.227995] Key type id_resolver registered
[    0.228019] Key type id_legacy registered
[    0.228064] nfs4filelayout_init: NFSv4 File Layout Driver Registering...
[    0.228606] ntfs: driver 2.1.32 [Flags: R/W].
[    0.229085] fuse init (API version 7.23)
[    0.233200] bounce: pool size: 64 pages
[    0.233242] io scheduler noop registered
[    0.233271] io scheduler deadline registered
[    0.233439] io scheduler cfq registered (default)
[    0.236166] backlight supply power not found, using dummy regulator
[    0.237791] MIPI DSI driver module loaded
[    0.239163] 20e0000.hdmi_video supply HDMI not found, using dummy regulator
[    0.240635] fbcvt: 800x480@60: CVT Name - .384M9
[    0.240682] mxc_sdc_fb fb@0: registered mxc display driver ldb
[    0.245026] mxc_sdc_fb fb@0: 800x480 h_sync,r,l: 72,24,96  v_sync,l,u: 7,3,10 pixclock=29500000 Hz
[    0.266850] mxc_hdmi 20e0000.hdmi_video: Detected HDMI controller 0x13:0xa:0xa0:0xc1
[    0.266908] fbcvt: 1920x1080@60: CVT Name - 2.073M9
[    0.267027] mxc_sdc_fb fb@1: registered mxc display driver hdmi
[    0.282211] mxc_sdc_fb fb@1: 1920x1080 h_sync,r,l: 44,88,148  v_sync,l,u: 5,4,36 pixclock=148500000 Hz
[    0.293180] imx-ipuv3 2400000.ipu: IPU DMFC DP HIGH RESOLUTION: 1(0,1), 5B(2~5), 5F(6,7)
[    0.296858] mxc_sdc_fb fb@2: mxcfb2 is turned off!
[    0.296950] mxc_sdc_fb fb@3: mxcfb3 is turned off!
[    0.298452] imx-sdma 20ec000.sdma: no iram assigned, using external mem
[    0.298874] imx-sdma 20ec000.sdma: no event needs to be remapped
[    0.299177] imx-sdma 20ec000.sdma: loaded firmware 3.3
[    0.301787] imx-sdma 20ec000.sdma: initialized
[    0.303522] pfuze100-regulator 2-0008: Full layer: 2, Metal layer: 1
[    0.304154] pfuze100-regulator 2-0008: FAB: 0, FIN: 0
[    0.304183] pfuze100-regulator 2-0008: pfuze100 found.
[    0.318728] 2020000.serial: ttymxc0 at MMIO 0x2020000 (irq = 26, base_baud = 5000000) is a IMX
[    1.225216] console [ttymxc0] enabled
[    1.229765] 21e8000.serial: ttymxc1 at MMIO 0x21e8000 (irq = 301, base_baud = 5000000) is a IMX
[    1.239024] 21f0000.serial: ttymxc3 at MMIO 0x21f0000 (irq = 302, base_baud = 5000000) is a IMX
[    1.248262] 21f4000.serial: ttymxc4 at MMIO 0x21f4000 (irq = 303, base_baud = 5000000) is a IMX
[    1.259009] [drm] Initialized drm 1.1.0 20060810
[    1.264124] [drm] Initialized vivante 1.0.0 20120216 on minor 0
[    1.278177] brd: module loaded
[    1.286356] loop: module loaded
[    1.290797] ahci-imx 2200000.sata: fsl,transmit-level-mV not specified, using 00000024
[    1.298800] ahci-imx 2200000.sata: fsl,transmit-boost-mdB not specified, using 00000480
[    1.306866] ahci-imx 2200000.sata: fsl,transmit-atten-16ths not specified, using 00002000
[    1.315095] ahci-imx 2200000.sata: fsl,receive-eq-mdB not specified, using 05000000
[    1.326272] ahci-imx 2200000.sata: SSS flag set, parallel bus scan disabled
[    1.333318] ahci-imx 2200000.sata: AHCI 0001.0300 32 slots 1 ports 3 Gbps 0x1 impl platform mode
[    1.342145] ahci-imx 2200000.sata: flags: ncq sntf stag pm led clo only pmp pio slum part ccc apst 
[    1.352652] scsi host0: ahci-imx
[    1.356242] ata1: SATA max UDMA/133 mmio [mem 0x02200000-0x02203fff] port 0x100 irq 313
[    1.367633] spi_imx 2008000.ecspi: probed
[    1.372581] vcan: Virtual CAN interface driver
[    1.377109] CAN device driver interface
[    1.381213] 2090000.flexcan supply xceiver not found, using dummy regulator
[    1.389001] flexcan 2090000.flexcan: device registered (reg_base=e6aa8000, irq=35)
[    1.396753] 2094000.flexcan supply xceiver not found, using dummy regulator
[    1.404457] flexcan 2094000.flexcan: device registered (reg_base=e6ab0000, irq=36)
[    1.413210] 2188000.ethernet supply phy not found, using dummy regulator
[    1.433518] pps pps0: new PPS source ptp0
[    1.438769] libphy: fec_enet_mii_bus: probed
[    1.444836] fec 2188000.ethernet eth0: registered PHC device 0
[    1.450961] PPP generic driver version 2.4.2
[    1.455511] ehci_hcd: USB 2.0 'Enhanced' Host Controller (EHCI) Driver
[    1.462071] ehci-pci: EHCI PCI platform driver
[    1.466629] ehci-mxc: Freescale On-Chip EHCI Host driver
[    1.472167] usbcore: registered new interface driver usb-storage
[    1.478357] usbcore: registered new interface driver usbserial
[    1.484275] usbcore: registered new interface driver usbserial_generic
[    1.490864] usbserial: USB Serial support registered for generic
[    1.496959] usbcore: registered new interface driver ftdi_sio
[    1.502772] usbserial: USB Serial support registered for FTDI USB Serial Device
[    1.510188] usbcore: registered new interface driver option
[    1.515837] usbserial: USB Serial support registered for GSM modem (1-port)
[    1.522865] usbcore: registered new interface driver pl2303
[    1.528511] usbserial: USB Serial support registered for pl2303
[    1.535834] 2184800.usbmisc supply vbus-wakeup not found, using dummy regulator
[    1.555002] ci_hdrc ci_hdrc.1: EHCI Host Controller
[    1.559941] ci_hdrc ci_hdrc.1: new USB bus registered, assigned bus number 1
[    1.583134] ci_hdrc ci_hdrc.1: USB 2.0 started, EHCI 1.00
[    1.589352] hub 1-0:1.0: USB hub found
[    1.593208] hub 1-0:1.0: 1 port detected
[    1.598130] mousedev: PS/2 mouse device common for all mice
[    1.604324] [PENMOUNT] Loading penmount_i2c V1.15.0
[    1.609372] [PENMOUNT] Probing for device ...
[    1.633064] [PENMOUNT] PM2204.D01.1.0.0
[    1.639817] [PENMOUNT] Supports 5 touch contacts
[    1.647346] [PENMOUNT] Supports WD mode
[    1.651202] [PENMOUNT] Supports WP mode
[    1.657943] [PENMOUNT] Use WP mode !
[    1.664414] [PENMOUNT] Sensitivity Level : 0 (max: 2)
[    1.672354] [PENMOUNT] irq already specified !!
[    1.677059] [PENMOUNT] Using IRQ 219
[    1.680888] input: PenMount I2C Touch Screen as /devices/soc0/soc/2100000.aips-bus/21a0000.i2c/i2c-1/1-0038/input/input0
[    1.692306] input: PenMount I2C Touch Key as /devices/soc0/soc/2100000.aips-bus/21a0000.i2c/i2c-1/1-0038/input/input1
[    1.706497] rtc-ds1307 1-0068: rtc core: registered m41t0 as rtc0
[    1.713142] ata1: SATA link down (SStatus 0 SControl 300)
[    1.713329] snvs_rtc 20cc000.snvs:snvs-rtc-lp: rtc core: registered 20cc000.snvs:snvs-r as rtc1
[    1.713465] i2c /dev entries driver
[    1.715213] mxc_v4l2_output v4l2_out: V4L2 device registered as video16
[    1.715373] mxc_v4l2_output v4l2_out: V4L2 device registered as video17
[    1.715538] mxc_v4l2_output v4l2_out: V4L2 device registered as video18
[    1.715697] mxc_v4l2_output v4l2_out: V4L2 device registered as video19
[    1.717800] imx2-wdt 20bc000.wdog: timeout 60 sec (nowayout=0)
[    1.718025] usbcore: registered new interface driver btusb
[    1.718221] sdhci: Secure Digital Host Controller Interface driver
[    1.718223] sdhci: Copyright(c) Pierre Ossman
[    1.718231] sdhci-pltfm: SDHCI platform and OF driver helper
[    1.719157] /soc/aips-bus@02100000/usdhc@02190000: voltage-ranges unspecified
[    1.719186] sdhci-esdhc-imx 2190000.usdhc: Got CD GPIO
[    1.720693] sdhci-esdhc-imx 2190000.usdhc: No vqmmc regulator found
[    1.763266] mmc1: SDHCI controller on 2190000.usdhc [2190000.usdhc] using ADMA
[    1.765932] /soc/aips-bus@02100000/usdhc@02198000: voltage-ranges unspecified
[    1.766363] sdhci-esdhc-imx 2198000.usdhc: No vqmmc regulator found
[    1.803131] mmc0: SDHCI controller on 2198000.usdhc [2198000.usdhc] using ADMA
[    1.818053] mxc_vpu 2040000.vpu_fsl: VPU initialized
[    1.822723] mxc_vdoa 21e4000.vdoa: i.MX Video Data Order Adapter(VDOA) driver probed
[    1.844424] ahci-imx 2200000.sata: no device found, disabling link.
[    1.845005] caam 2100000.caam: Entropy delay = 3200
[    1.855632] ahci-imx 2200000.sata: pass ahci_imx..hotplug=1 to enable hotplug
[    1.888379] mmc0: MAN_BKOPS_EN bit is not set
[    1.905795] caam 2100000.caam: Instantiated RNG4 SH0
[    1.923142] usb 1-1: new high-speed USB device number 2 using ci_hdrc
[    1.926737] mmc0: new DDR MMC card at address 0001
[    1.934539] mmcblk0: mmc0:0001 Q2J54A 3.59 GiB 
[    1.939220] mmcblk0boot0: mmc0:0001 Q2J54A partition 1 16.0 MiB
[    1.945317] mmcblk0boot1: mmc0:0001 Q2J54A partition 2 16.0 MiB
[    1.952412]  mmcblk0: p1 p2
[    1.966558] caam 2100000.caam: Instantiated RNG4 SH1
[    1.971562] caam 2100000.caam: device ID = 0x0a16010000000000 (Era -524)
[    1.978303] caam 2100000.caam: job rings = 2, qi = 0
[    2.058456] caam algorithms registered in /proc/crypto
[    2.067648] caam_jr 2101000.jr0: registering rng-caam
[    2.073689] snvs-secvio 20cc000.caam-snvs: can't get snvs clock
[    2.079688] snvs-secvio 20cc000.caam-snvs: violation handlers armed - non-secure state
[    2.087957] hidraw: raw HID events driver (C) Jiri Kosina
[    2.093627] hub 1-1:1.0: USB hub found
[    2.093652] usbcore: registered new interface driver usbhid
[    2.093654] usbhid: USB HID core driver
[    2.106966] stmpe-adc stmpe-adc: Initialized
[    2.111303] hub 1-1:1.0: 4 ports detected
[    2.117887] sgtl5000 2-000a: sgtl5000 revision 0x11
[    2.148589] fsl-asrc 2034000.asrc: driver registered
[    2.292423] imx-sgtl5000 sound: sgtl5000 <-> 2028000.ssi mapping ok
[    2.301434] imx-spdif sound-spdif: snd-soc-dummy-dai <-> 2004000.spdif mapping ok
[    2.311976] imx-audio-hdmi sound-hdmi: hdmi-hifi <-> soc:hdmi_audio@00120000 mapping ok
[    2.320752] Netfilter messages via NETLINK v0.30.
[    2.325532] nfnl_acct: registering with nfnetlink.
[    2.330372] nf_conntrack version 0.5.0 (16384 buckets, 65536 max)
[    2.337014] nf_tables: (c) 2007-2009 Patrick McHardy <kaber@trash.net>
[    2.344010] ip_tables: (C) 2000-2006 Netfilter Core Team
[    2.350002] NET: Registered protocol family 10
[    2.355527] ip6_tables: (C) 2000-2006 Netfilter Core Team
[    2.360976] NET: Registered protocol family 17
[    2.365515] bridge: automatic filtering via arp/ip/ip6tables has been deprecated. Update your scripts to load br_netfilter if you need this.
[    2.378211] Bridge firewalling registered
[    2.382258] can: controller area network core (rev 20120528 abi 9)
[    2.388537] NET: Registered protocol family 29
[    2.393036] can: raw protocol (rev 20120528)
[    2.393133] usb 1-1.3: new high-speed USB device number 3 using ci_hdrc
[    2.403997] can: broadcast manager protocol (rev 20120528 t)
[    2.409694] can: netlink gateway (rev 20130117) max_hops=1
[    2.415465] Bluetooth: RFCOMM TTY layer initialized
[    2.420380] Bluetooth: RFCOMM socket layer initialized
[    2.425585] Bluetooth: RFCOMM ver 1.11
[    2.429371] Bluetooth: BNEP (Ethernet Emulation) ver 1.3
[    2.434716] Bluetooth: BNEP filters: protocol multicast
[    2.439967] Bluetooth: BNEP socket layer initialized
[    2.444974] Bluetooth: HIDP (Human Interface Emulation) ver 1.2
[    2.450920] Bluetooth: HIDP socket layer initialized
[    2.455985] 8021q: 802.1Q VLAN Support v1.8
[    2.460547] Key type dns_resolver registered
[    2.466848] Registering SWP/SWPB emulation handler
[    2.472333] registered taskstats version 1
[    2.477427] 1ffc000.pcie supply pcie-bus not found, using dummy regulator
[    2.897238] imx6q-pcie 1ffc000.pcie: phy link never came up
[    2.902888] imx6q-pcie 1ffc000.pcie: failed to initialize host
[    2.908913] imx6q-pcie: probe of 1ffc000.pcie failed with error -22
[    2.919262] rtc-ds1307 1-0068: setting system clock to 2018-02-09 16:52:54 UTC (1518195174)
[    2.937713] usb_otg_vbus: disabling
[    2.941519] ALSA device list:
[    2.944593]   #0: imx6q-apalis-sgtl5000
[    2.948455]   #1: imx-spdif
[    2.951269]   #2: imx-hdmi-soc
[    2.965852] EXT4-fs (mmcblk0p2): INFO: recovery required on readonly filesystem
[    2.973250] EXT4-fs (mmcblk0p2): write access will be enabled during recovery
[    2.985121] EXT4-fs (mmcblk0p2): recovery complete
[    3.095076] EXT4-fs (mmcblk0p2): mounted filesystem with ordered data mode. Opts: (null)
[    3.103284] VFS: Mounted root (ext4 filesystem) readonly on device 179:2.
[    3.110846] devtmpfs: mounted
[    3.114205] Freeing unused kernel memory: 372K (80a1f000 - 80a7c000)
[    3.244650] random: systemd urandom read with 17 bits of entropy available
[    3.254257] systemd[1]: systemd 229 running in system mode. (-PAM -AUDIT -SELINUX +IMA -APPARMOR +SMACK +SYSVINIT +UTMP -LIBCRYPTSETUP -GCRYPT -GNUTLS +ACL +XZ -LZ4 -SECCOMP +BLKID -ELFUTILS +KMOD -IDN)
[    3.272978] systemd[1]: Detected architecture arm.

Welcome to Boot to Qt for Embedded Linux 2.1.1 (krogoth)!

[    3.303661] systemd[1]: Set hostname to <b2qt-apalis-imx6>.
[    3.527334] systemd[1]: Started Dispatch Password Requests to Console Directory Watch.
[  OK  ] Started Dispatch Password Requests to Console Directory Watch.
[    3.563477] systemd[1]: Listening on /dev/initctl Compatibility Named Pipe.
[  OK  ] Listening on /dev/initctl Compatibility Named Pipe.
[    3.593678] systemd[1]: Created slice System Slice.
[  OK  ] Created slice System Slice.
[    3.623424] systemd[1]: Listening on udev Control Socket.
[  OK  ] Listening on udev Control Socket.
[    3.653636] systemd[1]: Listening on Journal Socket (/dev/log).
[  OK  ] Listening on Journal Socket (/dev/log).
[    3.683692] systemd[1]: Listening on Journal Socket.
[  OK  ] Listening on Journal Socket.
[    3.717134] systemd[1]: Mounting Debug File System...
         Mounting Debug File System...
[    3.747449] systemd[1]: Starting Setup Virtual Console...
         Starting Setup Virtual Console...
[    3.777669] systemd[1]: Mounting Temporary Directory...
         Mounting Temporary Directory...
[    3.804497] systemd[1]: Listening on Network Service Netlink Socket.
[  OK  ] Listening on Network Service Netlink Socket.
[    3.843501] systemd[1]: Reached target Remote File Systems.
[  OK  ] Reached target Remote File Systems.
[    3.868202] systemd[1]: Starting Create list of required static device nodes for the current kernel...
         Starting Create list of required st... nodes for the current kernel...
[    3.904180] systemd[1]: Created slice system-serial\x2dgetty.slice.
[  OK  ] Created slice system-serial\x2dgetty.slice.
[    3.933667] systemd[1]: Listening on udev Kernel Socket.
[  OK  ] Listening on udev Kernel Socket.
[    3.957277] systemd[1]: Starting File System Check on Root Device...
         Starting File System Check on Root Device...
[    3.984658] systemd[1]: Created slice User and Session Slice.
[  OK  ] Created slice [    3.991254] systemd[1]: Reached target Slices.
User and Session Slice.
[    3.999606] systemd[1]: Started Forward Password Requests to Wall Directory Watch.
[  OK  ] Reached targe[    4.008960] systemd[1]: Reached target Paths.
t Slices.
[  OK  ] Started Forward Password Requests to Wall Directory Watch.
[  OK  ] Reached target Pat[    4.025551] systemd[1]: Starting Load Kernel Modules...
hs.
         Starting Load Kernel Mo[    4.032473] systemd[1]: Reached target Swap.
dules...
[    4.040105] systemd[1]: Listening on Syslog Socket.
[  OK  ] Reached target Swap.
[  OK  ] Lis[    4.048930] systemd[1]: Starting Journal Service...
tening on Syslog Socket.
         Starting Journal Service...
[    4.062326] systemd[1]: Mounted Debug File System.
[  OK  ] Mounted Debug [    4.067566] systemd[1]: Mounted Temporary Directory.
File System.
[  OK  ] Mounted Temp[    4.077170] systemd[1]: Started Setup Virtual Console.
orary Directory.
[  OK  ] Started Setu[    4.086763] systemd[1]: Started Create list of required static device nodes for the current kernel.
p Virtual Console.
[  OK  ] Started Create list of required sta...ce nodes for the current kernel.
[    4.164332] RTL871X: module init start
[    4.168127] RTL871X: rtl8723bu v4.3.6.11_12942.20141204_BTCOEX20140507-4E40
[    4.175160] RTL871X: rtl8723bu BT-Coex version = BTCOEX20140507-4E40
[    4.196430] systemd[1]: Started File System Check on Root Device.
[  OK  ] Started File System Check on Root Device.
[    4.240832] systemd[1]: Starting Remount Root and Kernel File Systems...
         Starting Remount Root and Kernel File Systems...
[    4.269074] EXT4-fs (mmcblk0p2): re-mounted. Opts: (null)
[    4.279379] systemd[1]: Started Remount Root and Kernel File Systems.
[  OK  ] Started Remount Root and Kernel File Systems.
[    4.342095] systemd[1]: Starting udev Coldplug all Devices...
         Starting udev Coldplug all Devices...
[    4.369501] systemd[1]: Starting Create Static Device Nodes in /dev...
         Starting Create Static Device Nodes in /dev...
[    4.399991] systemd[1]: Started Journal Service.
[  OK  ] Started Journal Service.
[  OK  ] Started Create Static Device Nodes in /dev.
         Starting udev Kernel Device Manager...
[  OK  ] Reached target Local File Systems (Pre).
[    4.535629] RTL871X: rtw_ndev_init(wlan0)
[    4.541464] RTL871X: rtw_ndev_init(wlan1)
         Mounting /var/volatile...
[    4.551565] usbcore: registered new interface driver rtl8723bu
[    4.558425] RTL871X: module init ret=0
         Starting Flush Journal to Persistent Storage...
[  OK  ] Mounted /var/v[    4.587974] Galcore version 5.0.11.41671
olatile.
[  OK  ] Started udev Kernel Device Manager.
         Starting Load/Save Random Seed...
[    4.703508] systemd-journald[200]: Received request to flush runtime journal from PID 1
[  OK  ] Reached target Local File Systems.
[  OK  ] Started Flush Journal to Persistent Storage.
[  OK  ] Started Load/Save Random Seed.
         Starting Create Volatile Files and Directories...
[  OK  ] Started Create Volatile Files and Directories.
[  OK  ] Started udev Coldplug all Devices.
[  OK  ] Found device /dev/ttymxc0.
[  OK  ] Created slice system-systemd\x2dbacklight.slice.
         Starting Load/Save Screen Backlight...htness of backlight:backlight...
         Starting Update UTMP about System Boot/Shutdown...
         Starting Network Time Synchronization...
[  OK  ] Found device /dev/ttymxc1.
[  OK  ] Started Load/Save Screen Backlight Brightness of backlight:backlight.
[    5.634133] ov5647_read_reg(mipi):reg=300a ret=-5
[    5.638904] camera ov5647_mipi is not found
[    5.671174] tty0tty null modem driver v1.2
[  OK  ] Started Load Kernel Modules.
[  OK  ] Started Network Time Synchronization.
[  OK  ] Started Update UTMP about System Boot/Shutdown.
[    5.843563] ERROR: v4l2 capture: slave not found!
[    5.845948] ERROR: v4l2 capture: slave not found!
[  OK  ] Listening on Load/Save RF Kill Switch Status /dev/rfkill Watch.
[  OK  ] Reached target System Time Synchronized.
         Mounting FUSE Control File System...
         Mounting Configuration File System...
         Starting Apply Kernel Variables...
[  OK  ] Reached target Sound Card.
[  OK  ] Mounted Configuration File System.
[  OK  ] Mounted FUSE Control File System.
[  OK  ] Started Apply Kernel Variables.
         Starting Load/Save RF Kill Switch Status...
[  OK  ] Reached target System Initialization.
[  OK  ] Listening on RPCbind Server Activation Socket.
[  OK  ] Listening on D-Bus System Message Bus Socket.
[  OK  ] Listening on dropbear.socket.
[  OK  ] Reached target Sockets.
[  OK  ] Reached target Basic System.
         Starting Login Service...
[  OK  ] Started Serial Getty on ttymxc0.
[  OK  ] Started D-Bus System Message Bus.
[  OK  ] Started System Logging Service.
[  OK  ] Started B2Qt user application.
[  OK  ] Started Kernel Logging Service.
         Starting D-BUS Session Message Bus....
         Starting Network Service...
[  OK  ] Started Daily Cleanup of Temporary Directories.
[  OK  ] Reached target Timers.
[  OK  ] Started Serial Getty on ttymxc1.
[  OK  ] Reached target Login Prompts.
         Starting Save/Restore Sound Card State...
[  OK  ] Started Load/Save RF Kill Switch Status.
[  OK  ] Started Login Service.
[    6.683384] usb 1-1.1: new high-speed USB device number 4 using ci_hdrc
[  OK  ] Started Network Service.
[  OK  ] Started Save/Restore Sound Card State.
[  OK  ] Reached target Network.
         Starting Network Time Service...
[    6.819918] option 1-1.1:1.0: GSM modem (1-port) converter detected
         Starting ADB Server Daemon...
[    6.839745] usb 1-1.1: GSM modem (1-port) converter now attached to ttyUSB0
[    6.848065] option 1-1.1:1.1: GSM modem (1-port) converter detected
[    6.855420] usb 1-1.1: GSM modem (1-port) converter now attached to ttyUSB1
[    6.863743] option 1-1.1:1.2: GSM modem (1-port) converter detected
[    6.871096] usb 1-1.1: GSM modem (1-port) converter now attached to ttyUSB2
[    6.879218] option 1-1.1:1.3: GSM modem (1-port) converter detected
[    6.886608] usb 1-1.1: GSM modem (1-port) converter now attached to ttyUSB3
[    6.896502] option 1-1.1:1.4: GSM modem (1-port) converter detected
[  OK  ] Started D-BUS [    6.905426] usb 1-1.1: GSM modem (1-port) converter now attached to ttyUSB4
Session Message Bus..
[    6.920295] file system registered
[  OK  ] Started Network Time Service.
[  OK  ] Started ADB Server Daemon.
[  OK  ] Reached target Multi-User System.
[  OK  ] Started Ujet Telemetry Service.
[  OK  ] Started Ujet HTTPD Service.
[    7.098620] read descriptors
[    7.101581] read strings
[    7.104363] g_ffs gadget: g_ffs ready
[  OK  ] Reached target Custom Target.
         Starting Ujet Identify Service...
[    7.162592] flexcan 2090000.flexcan can0: writing ctrl=0x01232084
[  OK  ] Started Ujet Cloud Service.
[  OK  ] Started Ujet Ble Service.
         Starting Update UTMP about System Runlevel Changes...
[  OK  ] Started Ujet Bluetooth Audio Service.
[  OK  ] Started Update UTMP about System Runlevel Changes.
[  OK  ] Stopped Bluetooth service.
[    7.984345] mxc_sdc_fb fb@0: 800x480 h_sync,r,l: 72,24,96  v_sync,l,u: 7,3,10 pixclock=29500000 Hz
[    8.707136] random: nonblocking pool is initialized

Boot to Qt for Embedded Linux 2.1.1 b2qt-apalis-imx6 ttymxc0

b2qt-apalis-imx6 login: [   14.116816] ci_hdrc ci_hdrc.0: Device No Response
root
root@b2qt-apalis-imx6:~# cd /
root@b2qt-apalis-imx6:/# 
root@b2qt-apalis-imx6:/# 
root@b2qt-apalis-imx6:/# cat /dev/ttymxc3 > | > tee    || tee -a BT-mxc4-1.txt 3-1.txt &
[1] 452
root@b2qt-apalis-imx6:/# cat /dev/ttymxc3 | tee -a BT-mxc3-1.txt & 43 4
[2] 454
root@b2qt-apalis-imx6:/# 
root@b2qt-apalis-imx6:/# 
root@b2qt-apalis-imx6:/# 
root@b2qt-apalis-imx6:/# echo "SET" > /dev/ttymxc3
root@b2qt-apalis-imx6:/# ET
SET BT BDADDR 88:6b:0f:62:71:88
SET BT NAME WT32i-AJ
SET BT CLASS 200204
SET BT IDENT BT:47 f000 6.0.0 Bluegiga iWRAP
SET BT LAP 9e8b33
SET BT PAGEMODE 4 2000 1
SET BT POWER 6 6 6
SET BT ROLE 0 f 2580
SET BT SNIFF 0 20 1 8
SET BT SSP 3 0
SET BT MTU 667
SET CONTROL AUDIO INTERNAL INTERNAL
SET CONTROL BAUD 115200,8n1
SET CONTROL CD 00 0
SET CONTROL CODEC SBC JOINT_STEREO 44100 0
SET CONTROL CONFIG 0000 0000 0000 1100
SET CONTROL ECHO 7
SET CONTROL ESCAPE 43 00 1
SET CONTROL GAIN 8 8
SET CONTROL MICBIAS b 0
SET CONTROL MSC DTE 00 00 00 00 00 00
SET CONTROL PIO 00 00 00
SET CONTROL PREAMP 1 1
SET CONTROL READY 00
SET CONTROL VREGEN 0 00
SET PROFILE A2DP SINK
SET PROFILE SPP Bluetooth Serial Port
SET PROFILE HSP-AG Voice Gateway
SET PROFILE AVRCP CONTROLLER 03
SET
echo "SET PROFILE A2DP SINK" > /dev/ttymxc3
root@b2qt-apalis-imx6:/# SET PROFILE A2DP SINK

root@b2qt-apalis-imx6:/# 
root@b2qt-apalis-imx6:/# echo "SET PROFILE AVRCP CONTROLLER 3" > /dev/ttymxc3
root@b2qt-apalis-imx6:/# S
root@b2qt-apalis-imx6:/# 
root@b2qt-apalis-imx6:/# echo "SET PROFILE AVRCP CONTROLLER 3" > /dev/ttymxc3
root@b2qt-apalis-imx6:/# SET PROFILE AVRCP CONTROLLER 3

root@b2qt-apalis-imx6:/# 
root@b2qt-apalis-imx6:/# 
root@b2qt-apalis-imx6:/# 
root@b2qt-apalis-imx6:/# echo "SET BT CLASS 240438" > /dev/ttymxc3
root@b2qt-apalis-imx6:/# SET BT CLASS 240438

root@b2qt-apalis-imx6:/# echo "RESET" > /dev/ttymxc3
root@b2qt-apalis-imx6:/# RESET
WRAP THOR AI (6.0.0 build 952)
Copyright (c) 2003-2014 Bluegiga Technologies Inc.
READY.

root@b2qt-apalis-imx6:/# 
root@b2qt-apalis-imx6:/# 
root@b2qt-apalis-imx6:/# echo "SET" > /dev/ttymxc3
root@b2qt-apalis-imx6:/# ET

SET BT NAME WT32i-AJ
SET BT CLASS 240438
SET BT IDENT BT:47 f000 6.0.0 Bluegiga iWRAP
SET BT LAP 9e8b33
SET BT PAGEMODE 4 2000 1
SET BT POWER 6 6 6
SET BT ROLE 0 f 2580
SET BT SNIFF 0 20 1 8
SET BT SSP 3 0
SET BT MTU 667
SET CONTROL AUDIO INTERNAL INTERNAL
SET CONTROL BAUD 115200,8n1
SET CONTROL CD 00 0
SET CONTROL CODEC SBC JOINT_STEREO 44100 0
SET CONTROL CONFIG 0000 0000 0000 1100
SET CONTROL ECHO 7
SET CONTROL ESCAPE 43 00 1
SET CONTROL GAIN 8 8
SET CONTROL MICBIAS b 0
SET CONTROL MSC DTE 00 00 00 00 00 00
SET CONTROL PIO 00 00 00
SET CONTROL PREAMP 1 1
SET CONTROL READY 00
SET CONTROL VREGEN 0 00
SET PROFILE A2DP SINK
SET PROFILE SPP Bluetooth Serial Port
SET PROFILE HSP-AG Voice Gateway
SET PROFILE AVRCP CONTROLLER 03
SET

root@b2qt-apalis-imx6:/# 
root@b2qt-apalis-imx6:/# 
root@b2qt-apalis-imx6:/# 
root@b2qt-apalis-imx6:/# 
root@b2qt-apalis-imx6:/# 
root@b2qt-apalis-imx6:/# 
root@b2qt-apalis-imx6:/# echo "SET" > /dev/ttymxc4
root@b2qt-apalis-imx6:/# SET BT BDADDR 88:6b:0f:62:71:86
SET BT NAME WT32i-A
SET BT CLASS 280428
uegiga iWRAP
SET BT LAP 9e8b33
SET BT PAGEMODE 4 2000 1
SET BT POWER 6 6 6
SET BT ROLE 0 f 2580
P 3 0
SET BT MTU 667
SET CONTROL AUDIO INTERNAL INTERNAL
 CONTROL BIND 0 20 F CLOSE 0
SET CONTROL BIND 1 20 F SET BT PAIR *
SET CONTROL CD 00 0
EO 44100 0
SET CONTROL CONFIG 0000 0000 0000 1100
SET CONTROL ECHO 7
SET CONTROL ESCAPE 43 00 1
SET CONTROL GAIN 8 8
SET CONTROL MICBIAS b 0
00 00
SET CONTROL PIO 00 00 00
SET CONTROL PREAMP 1 1
SET CONTROL READY 00
SET CONTROL VREGEN 0 00
SET PROFILE A2DP SINK
SET PROFILE SPP Bluetooth Serial Port
SET PROFILE AVRCP TARGET 07
SET

root@b2qt-apalis-imx6:/# echo "SET" > /dev/ttymxc4
root@b2qt-apalis-imx6:/# SET BT IDENT BT:47 f000 6.0.0 Bluegiga iWRAP
SET BT LAP 9e8b33
SET BT PAGEMODE 4 2000 1
0 f 2580
SET BT SNIFF 0 20 1 8
SET BT SSP 3 0
SET CONTROL AUDIO INTERNAL INTERNAL
 CONTROL BIND 0 20 F CLOSE 0
SET CONTROL BIND 1 20 F SET BT PAIR *
SET CONTROL CD 00 0
EO 44100 0
SET CONTROL CONFIG 0000 0000 0000 1100
SET CONTROL ECHO 7
SET CONTROL ESCAPE 43 00 1
SET CONTROL GAIN 8 8
SET CONTROL MICBIAS b 0
00 00
SET CONTROL PIO 00 00 00
SET CONTROL PREAMP 1 1
SET CONTROL READY 00
FILE A2DP SINK
SET PROFILE SPP Bluetooth Serial Port


root@b2qt-apalis-imx6:/# echo "SET PROFILE A2DP SOURCE" > /dev/ttymxc4
root@b2qt-apalis-imx6:/# S
root@b2qt-apalis-imx6:/# echo "SET PROFILE A2DP SOURCE" > /dev/ttymxc4
root@b2qt-apalis-imx6:/# 
root@b2qt-apalis-imx6:/# 
root@b2qt-apalis-imx6:/# 
root@b2qt-apalis-imx6:/# 
root@b2qt-apalis-imx6:/# echo "SET PROFILE A2DP SOURCE" > /dev/ttymxc4
root@b2qt-apalis-imx6:/# S
root@b2qt-apalis-imx6:/# 
root@b2qt-apalis-imx6:/# 
root@b2qt-apalis-imx6:/# echo "SET PROFILE A2DP SOURCE" > /dev/ttymxc4
root@b2qt-apalis-imx6:/# 
root@b2qt-apalis-imx6:/# 
root@b2qt-apalis-imx6:/# cat BT-mxc4-1.txt 
SET BT BDADDR 88:6b:0f:62:71:86
SET BT NAME WT32i-A
SET BT CLASS 280428
uegiga iWRAP
SET BT LAP 9e8b33
SET BT PAGEMODE 4 2000 1
SET BT POWER 6 6 6
SET BT ROLE 0 f 2580
P 3 0
SET BT MTU 667
SET CONTROL AUDIO INTERNAL INTERNAL
 CONTROL BIND 0 20 F CLOSE 0
SET CONTROL BIND 1 20 F SET BT PAIR *
SET CONTROL CD 00 0
EO 44100 0
SET CONTROL CONFIG 0000 0000 0000 1100
SET CONTROL ECHO 7
SET CONTROL ESCAPE 43 00 1
SET CONTROL GAIN 8 8
SET CONTROL MICBIAS b 0
00 00
SET CONTROL PIO 00 00 00
SET CONTROL PREAMP 1 1
SET CONTROL READY 00
SET CONTROL VREGEN 0 00
SET PROFILE A2DP SINK
SET PROFILE SPP Bluetooth Serial Port
SET PROFILE AVRCP TARGET 07
SET
SET BT IDENT BT:47 f000 6.0.0 Bluegiga iWRAP
SET BT LAP 9e8b33
SET BT PAGEMODE 4 2000 1
0 f 2580
SET BT SNIFF 0 20 1 8
SET BT SSP 3 0
SET CONTROL AUDIO INTERNAL INTERNAL
 CONTROL BIND 0 20 F CLOSE 0
SET CONTROL BIND 1 20 F SET BT PAIR *
SET CONTROL CD 00 0
EO 44100 0
SET CONTROL CONFIG 0000 0000 0000 1100
SET CONTROL ECHO 7
SET CONTROL ESCAPE 43 00 1
SET CONTROL GAIN 8 8
SET CONTROL MICBIAS b 0
00 00
SET CONTROL PIO 00 00 00
SET CONTROL PREAMP 1 1
SET CONTROL READY 00
FILE A2DP SINK
SET PROFILE SPP Bluetooth Serial Port

SSroot@b2qt-apalis-imx6:/# 
root@b2qt-apalis-imx6:/# 
root@b2qt-apalis-imx6:/# 
root@b2qt-apalis-imx6:/# echo "SET PROFILE A2DP SOURCE" > /dev/ttymxc4
root@b2qt-apalis-imx6:/# SET PROFILE A2DP SOURCE

root@b2qt-apalis-imx6:/# 
root@b2qt-apalis-imx6:/# 
root@b2qt-apalis-imx6:/# echo "SET PROFILE AVRCP TARGET 7" > /dev/ttymxc4
root@b2qt-apalis-imx6:/# SET PROFILE AVRCP TARGET 7

root@b2qt-apalis-imx6:/# echo "SET BT CLASS 280428" > /dev/ttymxc4
root@b2qt-apalis-imx6:/# SET BT CLASS 280428

root@b2qt-apalis-imx6:/# 
root@b2qt-apalis-imx6:/# echo "RESET" > /dev/ttymxc4
root@b2qt-apalis-imx6:/# RESET
WRAP THOR AI (6.0.0 build 952)
Copyright (c) 2003-2014 Bluegiga Technologies Inc.
READY.

root@b2qt-apalis-imx6:/# 
root@b2qt-apalis-imx6:/# 
root@b2qt-apalis-imx6:/# 
root@b2qt-apalis-imx6:/# echo "CALL 01:01:01:01:05:76 19 A2DP" > /dev/ttymxc3
root@b2qt-apalis-imx6:/# CALL 01:01:01:01:05:76 19 A2DP
CALL 0
CONNECT 0 A2DP 19
NO CARRIER 0 ERROR 0 

root@b2qt-apalis-imx6:/# echo "CALL 01:01:01:01:05:76 19 A2DP" > /dev/ttymxc3
root@b2qt-apalis-imx6:/# CALL 01:01:01:01:05:76 19 A2DP
CALL 0
CONNECT 0 A2DP 19
NO CARRIER 0 ERROR 0 

root@b2qt-apalis-imx6:/# 
root@b2qt-apalis-imx6:/# echo "CALL 01:01:01:01:05:76 19 A2DP" > /dev/ttymxc3
root@b2qt-apalis-imx6:/# CALL 01:01:01:01:05:76 19 A2DP
CALL 0
CONNECT 0 A2DP 19
NO CARRIER 0 ERROR 0 

root@b2qt-apalis-imx6:/# echo "CALL 01:01:01:01:05:76 19 A2DP" > /dev/ttymxc3
root@b2qt-apalis-imx6:/# CALL 01:01:01:01:05:76 19 A2DP
CALL 0
CONNECT 0 A2DP 19
NO CARRIER 0 ERROR 0 

root@b2qt-apalis-imx6:/# echo "CALL 01:01:01:01:05:76 19 A2DP" > /dev/ttymxc3
root@b2qt-apalis-imx6:/# CALL 01:01:01:01:05:76 19 A2DP
CALL 0
CONNECT 0 A2DP 19
NO CARRIER 0 ERROR 0 

root@b2qt-apalis-imx6:/# 
root@b2qt-apalis-imx6:/# echo "CALL 01:01:01:01:05:76 19 A2DP" > /dev/ttymxc3
root@b2qt-apalis-imx6:/# CALL 01:01:01:01:05:76 19 A2DP
CALL 0
IST

root@b2qt-apalis-imx6:/# echo "CALL 01:01:01:01:05:76 19 A2DP" > /dev/ttymxc3
root@b2qt-apalis-imx6:/# CALL 01:01:01:01:05:76 19 A2DP
CALL 0
NO CARRIER 0 ERROR 9801 L2CAP_CONNECTION_FAILED
RING 0 01:01:01:01:05:76 19 A2DP 
NO CARRIER 0 ERROR 0 

root@b2qt-apalis-imx6:/# 
root@b2qt-apalis-imx6:/# 
root@b2qt-apalis-imx6:/# echo "CALL 01:01:01:01:05:76 17 AVRCP" > /dev/ttymxc3RING 0 01:01:01:01:05:76 19 A2DP 
NO CARRIER 0 ERROR 0 

root@b2qt-apalis-imx6:/# CALL 01:01:01:01:05:76 17 AVRCP
CALL 0
CONNECT 0 AVRCP 17

root@b2qt-apalis-imx6:/# 
root@b2qt-apalis-imx6:/# 
root@b2qt-apalis-imx6:/# AVRCP 0 GET_CAPABILITIES 3

root@b2qt-apalis-imx6:/# 
root@b2qt-apalis-imx6:/# 
root@b2qt-apalis-imx6:/# echo "CALL 01:01:01:01:05:76 17 AVRCP" > /dev/ttymxc3^C
root@b2qt-apalis-imx6:/# echo "CALL 01:01:01:01:05:76 19 A2DP" > /dev/ttymxc3
root@b2qt-apalis-imx6:/# CALL 01:01:01:01:05:76 19 A2DP
CALL 1
CONNECT 1 A2DP 19
NO CARRIER 1 ERROR 0 

root@b2qt-apalis-imx6:/# echo "CALL 01:01:01:01:05:76 19 A2DP" > /dev/ttymxc3
root@b2qt-apalis-imx6:/# CALL 01:01:01:01:05:76 19 A2DP
CALL 1
CONNECT 1 A2DP 19
NO CARRIER 1 ERROR 0 

root@b2qt-apalis-imx6:/# echo "CALL 01:01:01:01:05:76 19 A2DP" > /dev/ttymxc3
root@b2qt-apalis-imx6:/# CALL 01:01:01:01:05:76 19 A2DP
CALL 1
CONNECT 1 A2DP 19
NO CARRIER 1 ERROR 0 

root@b2qt-apalis-imx6:/# 
root@b2qt-apalis-imx6:/# 
root@b2qt-apalis-imx6:/# 
root@b2qt-apalis-imx6:/# echo "CALL 01:01:01:01:05:76 19 A2DP" > /dev/ttymxc3 L O S E   1
root@b2qt-apalis-imx6:/# CLOSE 1
NO CARRIER 1 ERROR 0 NO_LINK

root@b2qt-apalis-imx6:/# 
root@b2qt-apalis-imx6:/# 
root@b2qt-apalis-imx6:/# echo "CLOSE 1" > /dev/ttymxc3                       ALL 01:01:01:01:05:76 19 A2DP" > /dev/ttymxc3
root@b2qt-apalis-imx6:/# CALL 01:01:01:01:05:76 19 A2DP
CALL 1
CONNECT 1 A2DP 19
NO CARRIER 1 ERROR 0 

root@b2qt-apalis-imx6:/# 
root@b2qt-apalis-imx6:/# 
root@b2qt-apalis-imx6:/# echo "CALL 01:01:01:01:05:76 19 A2DP" > /dev/ttymxc3root@b2qt-apalis-imx6:/# echo "CLOSE 1" > /dev/ttymxc3 0
root@b2qt-apalis-imx6:/# CLOSE 0
NO CARRIER 0 ERROR 0 

root@b2qt-apalis-imx6:/# 
root@b2qt-apalis-imx6:/# 
root@b2qt-apalis-imx6:/# echo "CLOSE 0" > /dev/ttymxc3                       ALL 01:01:01:01:05:76 19 A2DP" > /dev/ttymxc3
root@b2qt-apalis-imx6:/# CALL 01:01:01:01:05:76 19 A2DP
CALL 0
CONNECT 0 A2DP 19
NO CARRIER 0 ERROR 0 

root@b2qt-apalis-imx6:/# 
root@b2qt-apalis-imx6:/# 
root@b2qt-apalis-imx6:/# echo "CALL 01:01:01:01:05:76 19 A2DP" > /dev/ttymxc3
root@b2qt-apalis-imx6:/# CNO CARRIER 0 ERROR 0 

root@b2qt-apalis-imx6:/# 
root@b2qt-apalis-imx6:/# 
root@b2qt-apalis-imx6:/# echo "CALL 01:01:01:01:05:76 19 A2DP" > /dev/ttymxc3
root@b2qt-apalis-imx6:/# CALL 01:01:01:01:05:76 19 A2DP
CALL 0
NO CARRIER 0 ERROR 9801 L2CAP_CONNECTION_FAILED
RING 0 01:01:01:01:05:76 19 A2DP 
NO CARRIER 0 ERROR 0 
RING 0 01:01:01:01:05:76 19 A2DP 
NO CARRIER 0 ERROR 0 
RING 0 01:01:01:01:05:76 19 A2DP 
NO CARRIER 0 ERROR 0 

root@b2qt-apalis-imx6:/# 
root@b2qt-apalis-imx6:/# 
root@b2qt-apalis-imx6:/# echo "INQUIRY 7 NAME" > /dev/ttymxc3
root@b2qt-apalis-imx6:/# INQUIRY 7 NAME
INQUIRY_PARTIAL 4c:49:e3:6e:06:92 5a020c
INQUIRY_PARTIAL 22:22:77:fa:61:aa 08043c
INQUIRY_PARTIAL 94:65:2d:d1:25:16 5a020c
INQUIRY_PARTIAL 88:6b:0f:62:71:86 280428
INQUIRY_PARTIAL 01:01:01:01:05:76 240418
INQUIRY 5
INQUIRY 4c:49:e3:6e:06:92 5a020c
INQUIRY 22:22:77:fa:61:aa 08043c
INQUIRY 94:65:2d:d1:25:16 5a020c
INQUIRY 88:6b:0f:62:71:86 280428
INQUIRY 01:01:01:01:05:76 240418
NAME 4c:49:e3:6e:06:92 "Garg's Android"
NAME 22:22:77:fa:61:aa "X65-61aa"
NAME 94:65:2d:d1:25:16 "OnePlus 5T"
NAME 88:6b:0f:62:71:86 "WT32i-A"
NAME 01:01:01:01:05:76 "Bluetooth music"
RING 0 01:01:01:01:05:76 19 A2DP 
NO CARRIER 0 ERROR 0 
RING 0 01:01:01:01:05:76 19 A2DP 
NO CARRIER 0 ERROR 0 
RING 0 01:01:01:01:05:76 19 A2DP 
NO CARRIER 0 ERROR 0 
RING 0 01:01:01:01:05:76 19 A2DP 
NO CARRIER 0 ERROR 0 
RING 0 01:01:01:01:05:76 19 A2DP 
NO CARRIER 0 ERROR 0 

root@b2qt-apalis-imx6:/# 
root@b2qt-apalis-imx6:/# 
root@b2qt-apalis-imx6:/# echo "SDP 01:01:01:01:05:76 110B" > /dev/ttymxc3
root@b2qt-apalis-imx6:/# SDP 01:01:01:01:05:76 110B
SDP 01:01:01:01:05:76 < I SERVICENAME S "JL_A2DP" > < I PROTOCOLDESCRIPTORLIST < < U L2CAP I 19 > < U 0019 I 100 > > >
SDP

root@b2qt-apalis-imx6:/# RING 0 01:01:01:01:05:76 19 A2DP 
NO CARRIER 0 ERROR 0 
RING 0 01:01:01:01:05:76 19 A2DP 
NO CARRIER 0 ERROR 0 
echo "SDP 01:01:01:01:05:76 110B" > /dev/ttymxc3B A
root@b2qt-apalis-imx6:/# SDP 01:01:01:01:05:76 110A
SDP ERROR b01 SDC_CONNECTION_FAILED

root@b2qt-apalis-imx6:/# 
root@b2qt-apalis-imx6:/# 
root@b2qt-apalis-imx6:/# 
root@b2qt-apalis-imx6:/# 
root@b2qt-apalis-imx6:/# 
root@b2qt-apalis-imx6:/# echo "SET" > /dev/ttymxc3
root@b2qt-apalis-imx6:/# SET
SET BT BDADDR 88:6b:0f:62:71:88
SET BT NAME WT32i-AJ
SET BT CLASS 240438
SET BT IDENT BT:47 f000 6.0.0 Bluegiga iWRAP
SET BT LAP 9e8b33
SET BT PAGEMODE 4 2000 1
SET BT PAIR 01:01:01:01:05:76 b537ffbb72f664b887b27e1bcc19df19
SET BT POWER 6 6 6
SET BT ROLE 0 f 2580
SET BT SNIFF 0 20 1 8
SET BT SSP 3 0
SET BT MTU 667
SET CONTROL AUDIO INTERNAL INTERNAL
SET CONTROL BAUD 115200,8n1
SET CONTROL CD 00 0
SET CONTROL CODEC SBC JOINT_STEREO 44100 0
SET CONTROL CONFIG 0000 0000 0000 1100
SET CONTROL ECHO 7
SET CONTROL ESCAPE 43 00 1
SET CONTROL GAIN 8 8
SET CONTROL MICBIAS b 0
SET CONTROL MSC DTE 00 00 00 00 00 00
SET CONTROL PIO 00 00 00
SET CONTROL PREAMP 1 1
SET CONTROL READY 00
SET CONTROL VREGEN 0 00
SET PROFILE A2DP SINK
SET PROFILE SPP Bluetooth Serial Port
SET PROFILE HSP-AG Voice Gateway
SET PROFILE AVRCP CONTROLLER 03
SET

root@b2qt-apalis-imx6:/# echo "SET" > /dev/ttymxc3 4
root@b2qt-apalis-imx6:/# SET
SET BT BDADDR 88:6b:0f:62:71:86
SET BT NAME WT32i-A
SET BT CLASS 280428
SET BT IDENT BT:47 f000 6.0.0 Bluegiga iWRAP
SET BT LAP 9e8b33
SET BT PAGEMODE 4 2000 1
SET BT POWER 6 6 6
SET BT ROLE 0 f 2580
SET BT SNIFF 0 20 1 8
SET BT SSP 3 0
SET BT MTU 667
SET CONTROL AUDIO INTERNAL INTERNAL
SET CONTROL BAUD 115200,8n1
SET CONTROL BIND 0 20 F CLOSE 0
SET CONTROL BIND 1 20 F SET BT PAIR *
SET CONTROL CD 00 0
SET CONTROL CODEC SBC JOINT_STEREO 44100 0
SET CONTROL CONFIG 0000 0000 0000 1100
SET CONTROL ECHO 7
SET CONTROL ESCAPE 43 00 1
SET CONTROL GAIN 8 8
SET CONTROL MICBIAS b 0
SET CONTROL MSC DTE 00 00 00 00 00 00
SET CONTROL PIO 00 00 00
SET CONTROL PREAMP 1 1
SET CONTROL READY 00
SET CONTROL VREGEN 0 00
SET PROFILE A2DP SOURCE
SET PROFILE SPP Bluetooth Serial Port
SET PROFILE AVRCP TARGET 07
SET

root@b2qt-apalis-imx6:/# 
root@b2qt-apalis-imx6:/# 
root@b2qt-apalis-imx6:/# 
root@b2qt-apalis-imx6:/# 
root@b2qt-apalis-imx6:/# 
root@b2qt-apalis-imx6:/# echo "CALL 01:01:01:01:05:76 19 A2DP" > /dev/ttymxc3
root@b2qt-apalis-imx6:/# CALL 01:01:01:01:05:76 19 A2DP
CALL 0
CONNECT 0 A2DP 19
NO CARRIER 0 ERROR 0 
RING 0 01:01:01:01:05:76 19 A2DP 
NO CARRIER 0 ERROR 0 
RING 0 01:01:01:01:05:76 19 A2DP 
NO CARRIER 0 ERROR 0 
RING 0 01:01:01:01:05:76 19 A2DP 
NO CARRIER 0 ERROR 0 

root@b2qt-apalis-imx6:/# 
root@b2qt-apalis-imx6:/# 
root@b2qt-apalis-imx6:/# 
root@b2qt-apalis-imx6:/# 
root@b2qt-apalis-imx6:/# RING 0 01:01:01:01:05:76 19 A2DP 
NO CARRIER 0 ERROR 0 

root@b2qt-apalis-imx6:/# 
root@b2qt-apalis-imx6:/# 
root@b2qt-apalis-imx6:/# RING 0 01:01:01:01:05:76 19 A2DP 
NO CARRIER 0 ERROR 0 
RING 0 01:01:01:01:05:76 19 A2DP 
NO CARRIER 0 ERROR 0 
RING 0 01:01:01:01:05:76 19 A2DP 
NO CARRIER 0 ERROR 0 

root@b2qt-apalis-imx6:/# 
root@b2qt-apalis-imx6:/# 
root@b2qt-apalis-imx6:/# reboot
         Stopping Save/Restore Sound Card State...
[  OK  ] Stopped target Timers.
[  OK  ] Stopped Daily Cleanup of Temporary Directories.
[  OK  ] Stopped target Custom Target.
[  OK  ] Stopped target System Time Synchronized.
         Stopping Ujet Cloud Service...
[  OK  ] Stopped Ujet Bluetooth Audio Service.
[  OK  ] Stopped target Remote File Systems.
         Stopping Ujet HTTPD Service...
[  OK  ] Stopped target Sound Card.
         Stopping Ujet Ble Service...
[  OK  ] Closed Load/Save RF Kill Switch Status /dev/rfkill Watch.
         Stopping Ujet Telemetry Service...
[  OK  ] Stopped Ujet Telemetry Service.
[  OK  ] Stopped Ujet HTTPD Service.
[  OK  ] Stopped Ujet Identify Service.
[  OK  ] Stopped Ujet Cloud Service.
[  OK  ] Stopped Ujet Ble Service.
[  OK  ] Stopped Save/Restore Sound Card State.
RING 0 01:01:01:01:05:76 19 A2DP 
[  OK  ] Stopped target Multi-User System.
[  OK  ] ÿ         Stopping System Logging Service...
         Stopping D-BUS Session Message Bus....
         Stopping Network Time Service...
         Stopping ADB Server Daemon...
         Stopping Kernel Logging Service...
         Stopping B2Qt user application...
[  OK  ] Stopped Login Service.
[ 1741.852271] mxc_sdc_fb fb@0: 800x480 h_sync,r,l: 72,24,96  v_sync,l,u: 7,3,10 pixclock=29500000 Hz
[  OK  ] Stopped Serial Getty on ttymxc0.
[  OK  ] Stopped System Logging Service.
[  OK  ] Stopped Kernel Logging Service.
[  OK  ] Stopped Serial Getty on ttymxc1.
[  OK  ] Stopped Network Time Service.
[  OK  ] Stopped D-BUS Session Message Bus..
[  OK  ] Stopped B2Qt user application.
[  OK  ] Removed slice system-serial\x2dgetty.slice.
[  OK  ] Unmounted /dev/usb-ffs/adb.
[ 1742.863286] ffs_data_put(): freeing
[ 1742.877131] unloading
[  OK  ] Stopped ADB Server Daemon.
[  OK  ] Stopped target Network.
         Stopping Network Service...
[  OK  ] Stopped Network Service.
         Stopping D-Bus System Message Bus...
[  OK  ] Stopped D-Bus System Message Bus.
[  OK  ] Stopped target Basic System.
[  OK  ] Stopped target Slices.
[  OK  ] Removed slice User and Session Slice.
[  OK  ] Stopped target Sockets.
[  OK  ] Closed dropbear.socket.
[  OK  ] Closed RPCbind Server Activation Socket.
[  OK  ] Closed Syslog Socket.
[  OK  ] Stopped target Paths.
[  OK  ] Stopped Dispatch Password Requests to Console Directory Watch.
[  OK  ] Stopped Forward Password Requests to Wall Directory Watch.
[  OK  ] Closed D-Bus System Message Bus Socket.
[  OK  ] Stopped target System Initialization.
         Stopping Load/Save Random Seed...
[  OK  ] Stopped Apply Kernel Variables.
[  OK  ] Stopped target Swap.
         Stopping Load/Save Screen Backlight...htness of backlight:backlight...
[  OK  ] Stopped Load Kernel Modules.
         Stopping Network Time Synchronization...
[  OK  ] Stopped Setup Virtual Console.
[  OK  ] Stopped Network Time Synchronization.
[  OK  ] Stopped Load/Save Random Seed.
[  OK  ] Stopped Load/Save Screen Backlight Brightness of backlight:backlight.
[  OK  ] Removed slice system-systemd\x2dbacklight.slice.
[  OK  ] Stopped Create Volatile Files and Directories.
[  OK  ] Stopped target Local File Systems.
         Unmounting /var/volatile...
         Unmounting Temporary Directory...
[  OK  ] Unmounted /var/volatile.
[  OK  ] Unmounted Temporary Directory.
[  OK  ] Reached target Unmount All Filesystems.
[  OK  ] Stopped target Local File Systems (Pre).
[  OK  ] Stopped Create Static Device Nodes in /dev.
[  OK  ] Stopped Remount Root and Kernel File Systems.
[  OK  ] Reached target Shutdown.
[  OK  ] Reached target Final Step.
         Starting Reboot...
[ 1744.257204] systemd-shutdown[1]: Sending SIGTERM to remaining processes...
[ 1744.278754] systemd-journald[200]: Received SIGTERM from PID 1 (systemd-shutdow).
[ 1744.303739] systemd-shutdown[1]: Sending SIGKILL to remaining processes...
[ 1744.323227] systemd-shutdown[1]: Hardware watchdog 'imx2+ watchdog', version 0
[ 1744.331334] systemd-shutdown[1]: Unmounting file systems.
[ 1744.337293] systemd-shutdown[1]: Remounting '/' read-only with options 'data=ordered'.
[ 1744.382894] EXT4-fs (mmcblk0p2): re-mounted. Opts: data=ordered
[ 1744.396373] systemd-shutdown[1]: Remounting '/' read-only with options 'data=ordered'.
[ 1744.404452] EXT4-fs (mmcblk0p2): re-mounted. Opts: data=ordered
[ 1744.410425] systemd-shutdown[1]: All filesystems unmounted.
[ 1744.416052] systemd-shutdown[1]: Deactivating swaps.
[ 1744.421186] systemd-shutdown[1]: All swaps deactivated.
[ 1744.426518] systemd-shutdown[1]: Detaching loop devices.
[ 1744.444881] systemd-shutdown[1]: All loop devices detached.
[ 1744.450503] systemd-shutdown[1]: Detaching DM devices.
[ 1744.456043] systemd-shutdown[1]: All DM devices detached.
[ 1744.467083] systemd-shutdown[1]: Rebooting.
[ 1747.035503] imx2-wdt 20bc000.wdog: Device shutdown: Expect reboot!
[ 1747.042028] reboot: Restarting system


U-Boot 2016.11+fslc+g80c3bd6 (Jan 02 2018 - 11:32:06 +0100)

CPU:   Freescale i.MX6Q rev1.5 at 792 MHz
Reset cause: WDOG
I2C:   ready
DRAM:  2 GiB
PMIC:  device id: 0x10, revision id: 0x21, programmed
MC:   FSL_SDHC: 0, FSL_SDHC: 1, FSL_SDHC: 2
auto-detected panel vga-rgb
Display: vga-rgb (640x480)
In:    serial
Out:   serial
Err:   serial
Model: Toradex Apalis iMX6 Quad 2GB IT V1.1C, Serial# 05139699
Net:   using PHY at 7
FEC [PRIME]
Hit any key to stop autoboot:  1  0 
Booting from internal eMMC chip...
reading imx6q-apalis-ixora-v1_1.dtb
48970 bytes read in 22 ms (2.1 MiB/s)
reading uImage
5943928 bytes read in 172 ms (33 MiB/s)
## Booting kernel from Legacy Image at 10800000 ...
   Image Name:   Linux-4.1.41-v2.7b1+g82f0f4f
   Image Type:   ARM Linux Kernel Image (uncompressed)
   Data Size:    5943864 Bytes = 5.7 MiB
   Load Address: 10008000
   Entry Point:  10008000
   Verifying Checksum ... OK
## Flattened Device Tree blob at 12000000
   Booting using the fdt blob at 0x12000000
   Loading Kernel Image ... 

U-Boot 2016.11+fslc+g80c3bd6 (Jan 02 2018 - 11:32:06 +0100)

CPU:   Freescale i.MX6Q rev1.5 at 792 MHz
Reset cause: POR
I2C:   ready
DRAM:  2 GiB
PMIC:  device id: 0x10, revision id: 0x21, programmed
MMC:   FSL_SDHC: 0, FSL_SDHC: 1, FSL_SDHC: 2
auto-detected panel vga-rgb
Display: vga-rgb (640x480)
In:    serial
Out:   serial
Err:   serial
Model: Toradex Apalis iMX6 Quad 2GB IT V1.1C, Serial# 05139699
Net:   using PHY at 7
FEC [PRIME]
Hit any key to stop autoboot:  1  0 
Booting from internal eMMC chip...
reading imx6q-apalis-ixora-v1_1.dtb
48970 bytes read in 22 ms (2.1 MiB/s)
reading uImage
5943928 bytes read in 172 ms (33 MiB/s)
## Booting kernel from Legacy Image at 10800000 ...
   Image Name:   Linux-4.1.41-v2.7b1+g82f0f4f
   Image Type:   ARM Linux Kernel Image (uncompressed)
   Data Size:    5943864 Bytes = 5.7 MiB
   Load Address: 10008000
   Entry Point:  10008000
   Verifying Checksum ... OK
## Flattened Device Tree blob at 12000000
   Booting using the fdt blob at 0x12000000
   Loading Kernel Image ... OK
   Using Device Tree in place at 12000000, end 1200ef49

Starting kernel ...

[    0.000000] Booting Linux on physical CPU 0x0
[    0.000000] Initializing cgroup subsys cpu
[    0.000000] Initializing cgroup subsys cpuacct
[    0.000000] Linux version 4.1.41-v2.7b1+g82f0f4f (behlingc@mplan-ubuntu-1610-dev) (gcc version 5.3.0 (GCC) ) #1 SMP Wed Jan 31 17:39:36 CET 2018
[    0.000000] CPU: ARMv7 Processor [412fc09a] revision 10 (ARMv7), cr=10c5387d
[    0.000000] CPU: PIPT / VIPT nonaliasing data cache, VIPT aliasing instruction cache
[    0.000000] Machine model: Toradex Apalis iMX6Q/D Module on Ixora V1.1 Carrier Board
[    0.000000] Reserved memory: created CMA memory pool at 0x62000000, size 320 MiB
[    0.000000] Reserved memory: initialized node linux,cma, compatible id shared-dma-pool
[    0.000000] Memory policy: Data cache writealloc
[    0.000000] PERCPU: Embedded 12 pages/cpu @d0efd000 s16908 r8192 d24052 u49152
[    0.000000] Built 1 zonelists in Zone order, mobility grouping on.  Total pages: 521024
[    0.000000] Kernel command line: enable_wait_mode=off vmalloc=400M ip=off root=/dev/mmcblk0p2 rw,noatime rootfstype=ext4 rootwait fec_mac=00:14:2d:4e:6c:f3 consoleblank=0 no_console_suspend=1 console=tty1 console=ttymxc0,115200n8 mxc_hdmi.only_cea=1 video=mxcfb1:dev=hdmi,1920x1080M@60,if=RGB24 video=mxcfb0:dev=ldb,800x480M@60,if=RGB666 video=mxcfb2:off video=mxcfb3:off fbmem=32M
[    0.000000] PID hash table entries: 4096 (order: 2, 16384 bytes)
[    0.000000] Dentry cache hash table entries: 262144 (order: 8, 1048576 bytes)
[    0.000000] Inode-cache hash table entries: 131072 (order: 7, 524288 bytes)
[    0.000000] Memory: 1738972K/2097152K available (7679K kernel code, 330K rwdata, 2648K rodata, 372K init, 423K bss, 30500K reserved, 327680K cma-reserved, 425984K highmem)
[    0.000000] Virtual kernel memory layout:
[    0.000000]     vector  : 0xffff0000 - 0xffff1000   (   4 kB)
[    0.000000]     fixmap  : 0xffc00000 - 0xfff00000   (3072 kB)
[    0.000000]     vmalloc : 0xe6800000 - 0xff000000   ( 392 MB)
[    0.000000]     lowmem  : 0x80000000 - 0xe6000000   (1632 MB)
[    0.000000]     pkmap   : 0x7fe00000 - 0x80000000   (   2 MB)
[    0.000000]     modules : 0x7f000000 - 0x7fe00000   (  14 MB)
[    0.000000]       .text : 0x80008000 - 0x80a1e0a4   (10329 kB)
[    0.000000]       .init : 0x80a1f000 - 0x80a7c000   ( 372 kB)
[    0.000000]       .data : 0x80a7c000 - 0x80ace8c0   ( 331 kB)
[    0.000000]        .bss : 0x80ad1000 - 0x80b3ae1c   ( 424 kB)
[    0.000000] SLUB: HWalign=64, Order=0-3, MinObjects=0, CPUs=4, Nodes=1
[    0.000000] Hierarchical RCU implementation.
[    0.000000] NR_IRQS:16 nr_irqs:16 16
[    0.000000] L2C-310 erratum 769419 enabled
[    0.000000] L2C-310 enabling early BRESP for Cortex-A9
[    0.000000] L2C-310 full line of zeros enabled for Cortex-A9
[    0.000000] L2C-310 ID prefetch enabled, offset 16 lines
[    0.000000] L2C-310 dynamic clock gating enabled, standby mode enabled
[    0.000000] L2C-310 cache controller enabled, 16 ways, 1024 kB
[    0.000000] L2C-310: CACHE_ID 0x410000c7, AUX_CTRL 0x76470001
[    0.000000] mxc_clocksource_init 3000000
[    0.000000] Switching to timer-based delay loop, resolution 333ns
[    0.000006] sched_clock: 32 bits at 3000kHz, resolution 333ns, wraps every 715827882841ns
[    0.000022] clocksource mxc_timer1: mask: 0xffffffff max_cycles: 0xffffffff, max_idle_ns: 637086815595 ns
[    0.001233] Console: colour dummy device 80x30
[    0.001859] console [tty1] enabled
[    0.001890] Calibrating delay loop (skipped), value calculated using timer frequency.. 6.00 BogoMIPS (lpj=30000)
[    0.001930] pid_max: default: 32768 minimum: 301
[    0.002045] Mount-cache hash table entries: 4096 (order: 2, 16384 bytes)
[    0.002076] Mountpoint-cache hash table entries: 4096 (order: 2, 16384 bytes)
[    0.002663] Initializing cgroup subsys freezer
[    0.002700] Initializing cgroup subsys debug
[    0.002751] CPU: Testing write buffer coherency: ok
[    0.003030] Setting up static identity map for 0x10008280 - 0x100082d8
[    0.006311] Brought up 4 CPUs
[    0.006347] SMP: Total of 4 processors activated (24.00 BogoMIPS).
[    0.006371] CPU: All CPU(s) started in SVC mode.
[    0.006854] devtmpfs: initialized
[    0.019400] VFP support v0.3: implementor 41 architecture 3 part 30 variant 9 rev 4
[    0.019845] clocksource jiffies: mask: 0xffffffff max_cycles: 0xffffffff, max_idle_ns: 19112604462750000 ns
[    0.019905] futex hash table entries: 1024 (order: 4, 65536 bytes)
[    0.039311] pinctrl core: initialized pinctrl subsystem
[    0.040613] NET: Registered protocol family 16
[    0.048931] DMA: preallocated 256 KiB pool for atomic coherent allocations
[    0.079649] cpuidle: using governor ladder
[    0.109644] cpuidle: using governor menu
[    0.110032] CPU identified as i.MX6Q, silicon rev 1.5
[    0.134631] hw-breakpoint: found 5 (+1 reserved) breakpoint and 1 watchpoint registers.
[    0.134679] hw-breakpoint: maximum watchpoint size is 4 bytes.
[    0.135804] imx6q-pinctrl 20e0000.iomuxc: initialized IMX pinctrl driver
[    0.137803] imx-gpc 20dc000.gpc: no fsl,ldo-bypass found!
[    0.147972] mxs-dma 110000.dma-apbh: initialized
[    0.150487] usb_host_vbus: supplied by usb_host_vbus_hub
[    0.150843] vgaarb: loaded
[    0.151669] SCSI subsystem initialized
[    0.152191] usbcore: registered new interface driver usbfs
[    0.152284] usbcore: registered new interface driver hub
[    0.152390] usbcore: registered new device driver usb
[    0.152617] 2000000.aips-bus:usbphy_nop1 supply vcc not found, using dummy regulator
[    0.152801] 2000000.aips-bus:usbphy_nop2 supply vcc not found, using dummy regulator
[    0.153578] i2c-gpio i2c@0: using pins 80 (SDA) and 62 (SCL)
[    0.154454] i2c i2c-1: IMX I2C adapter registered
[    0.154492] i2c i2c-1: can't use DMA
[    0.156053] stmpe-i2c 2-0041: stmpe811 detected, chip id: 0x811
[    0.157984] i2c i2c-2: IMX I2C adapter registered
[    0.158020] i2c i2c-2: can't use DMA
[    0.158490] i2c i2c-3: IMX I2C adapter registered
[    0.158522] i2c i2c-3: can't use DMA
[    0.158686] Linux video capture interface: v2.00
[    0.158759] pps_core: LinuxPPS API ver. 1 registered
[    0.158782] pps_core: Software ver. 5.3.6 - Copyright 2005-2007 Rodolfo Giometti <giometti@linux.it>
[    0.158837] PTP clock support registered
[    0.179693] imx-ipuv3 2400000.ipu: IPU DMFC NORMAL mode: 1(0~1), 5B(4,5), 5F(6,7)
[    0.199688] imx-ipuv3 2800000.ipu: IPU DMFC NORMAL mode: 1(0~1), 5B(4,5), 5F(6,7)
[    0.200630] mxc_mipi_csi2 21dc000.mipi_csi: i.MX MIPI CSI2 driver probed ipu0 csi1
[    0.200676] mxc_mipi_csi2 21dc000.mipi_csi: i.MX MIPI CSI2 dphy version is 0x3130302a
[    0.200791] MIPI CSI2 driver module loaded
[    0.201075] Advanced Linux Sound Architecture Driver Initialized.
[    0.202320] Bluetooth: Core ver 2.20
[    0.202385] NET: Registered protocol family 31
[    0.202409] Bluetooth: HCI device and connection manager initialized
[    0.202438] Bluetooth: HCI socket layer initialized
[    0.202469] Bluetooth: L2CAP socket layer initialized
[    0.202514] Bluetooth: SCO socket layer initialized
[    0.203110] Switched to clocksource mxc_timer1
[    0.213923] NET: Registered protocol family 2
[    0.214704] TCP established hash table entries: 16384 (order: 4, 65536 bytes)
[    0.214876] TCP bind hash table entries: 16384 (order: 5, 131072 bytes)
[    0.215135] TCP: Hash tables configured (established 16384 bind 16384)
[    0.215236] UDP hash table entries: 1024 (order: 3, 32768 bytes)
[    0.215333] UDP-Lite hash table entries: 1024 (order: 3, 32768 bytes)
[    0.215602] NET: Registered protocol family 1
[    0.215933] RPC: Registered named UNIX socket transport module.
[    0.215964] RPC: Registered udp transport module.
[    0.215984] RPC: Registered tcp transport module.
[    0.216004] RPC: Registered tcp NFSv4.1 backchannel transport module.
[    0.216791] CPU PMU: Failed to parse /soc/pmu/interrupt-affinity[0]
[    0.216859] hw perfevents: enabled with armv7_cortex_a9 PMU driver, 7 counters available
[    0.217895] imx rpmsg driver is registered.
[    0.218938] Bus freq driver module loaded
[    0.225936] VFS: Disk quotas dquot_6.6.0
[    0.226133] VFS: Dquot-cache hash table entries: 1024 (order 0, 4096 bytes)
[    0.227197] squashfs: version 4.0 (2009/01/31) Phillip Lougher
[    0.227994] NFS: Registering the id_resolver key type
[    0.228045] Key type id_resolver registered
[    0.228071] Key type id_legacy registered
[    0.228113] nfs4filelayout_init: NFSv4 File Layout Driver Registering...
[    0.228646] ntfs: driver 2.1.32 [Flags: R/W].
[    0.229122] fuse init (API version 7.23)
[    0.233280] bounce: pool size: 64 pages
[    0.233321] io scheduler noop registered
[    0.233348] io scheduler deadline registered
[    0.233523] io scheduler cfq registered (default)
[    0.236270] backlight supply power not found, using dummy regulator
[    0.237895] MIPI DSI driver module loaded
[    0.239256] 20e0000.hdmi_video supply HDMI not found, using dummy regulator
[    0.240733] fbcvt: 800x480@60: CVT Name - .384M9
[    0.240780] mxc_sdc_fb fb@0: registered mxc display driver ldb
[    0.245084] mxc_sdc_fb fb@0: 800x480 h_sync,r,l: 72,24,96  v_sync,l,u: 7,3,10 pixclock=29500000 Hz
[    0.266830] mxc_hdmi 20e0000.hdmi_video: Detected HDMI controller 0x13:0xa:0xa0:0xc1
[    0.266885] fbcvt: 1920x1080@60: CVT Name - 2.073M9
[    0.267003] mxc_sdc_fb fb@1: registered mxc display driver hdmi
[    0.282261] mxc_sdc_fb fb@1: 1920x1080 h_sync,r,l: 44,88,148  v_sync,l,u: 5,4,36 pixclock=148500000 Hz
[    0.293194] imx-ipuv3 2400000.ipu: IPU DMFC DP HIGH RESOLUTION: 1(0,1), 5B(2~5), 5F(6,7)
[    0.296864] mxc_sdc_fb fb@2: mxcfb2 is turned off!
[    0.296960] mxc_sdc_fb fb@3: mxcfb3 is turned off!
[    0.298468] imx-sdma 20ec000.sdma: no iram assigned, using external mem
[    0.298889] imx-sdma 20ec000.sdma: no event needs to be remapped
[    0.299189] imx-sdma 20ec000.sdma: loaded firmware 3.3
[    0.301779] imx-sdma 20ec000.sdma: initialized
[    0.303470] pfuze100-regulator 2-0008: Full layer: 2, Metal layer: 1
[    0.304085] pfuze100-regulator 2-0008: FAB: 0, FIN: 0
[    0.304115] pfuze100-regulator 2-0008: pfuze100 found.
[    0.318446] 2020000.serial: ttymxc0 at MMIO 0x2020000 (irq = 26, base_baud = 5000000) is a IMX
[    1.224928] console [ttymxc0] enabled
[    1.229482] 21e8000.serial: ttymxc1 at MMIO 0x21e8000 (irq = 301, base_baud = 5000000) is a IMX
[    1.238743] 21f0000.serial: ttymxc3 at MMIO 0x21f0000 (irq = 302, base_baud = 5000000) is a IMX
[    1.247983] 21f4000.serial: ttymxc4 at MMIO 0x21f4000 (irq = 303, base_baud = 5000000) is a IMX
[    1.258729] [drm] Initialized drm 1.1.0 20060810
[    1.263837] [drm] Initialized vivante 1.0.0 20120216 on minor 0
[    1.277921] brd: module loaded
[    1.286095] loop: module loaded
[    1.290521] ahci-imx 2200000.sata: fsl,transmit-level-mV not specified, using 00000024
[    1.298523] ahci-imx 2200000.sata: fsl,transmit-boost-mdB not specified, using 00000480
[    1.306587] ahci-imx 2200000.sata: fsl,transmit-atten-16ths not specified, using 00002000
[    1.314816] ahci-imx 2200000.sata: fsl,receive-eq-mdB not specified, using 05000000
[    1.326010] ahci-imx 2200000.sata: SSS flag set, parallel bus scan disabled
[    1.333034] ahci-imx 2200000.sata: AHCI 0001.0300 32 slots 1 ports 3 Gbps 0x1 impl platform mode
[    1.341892] ahci-imx 2200000.sata: flags: ncq sntf stag pm led clo only pmp pio slum part ccc apst 
[    1.352399] scsi host0: ahci-imx
[    1.355979] ata1: SATA max UDMA/133 mmio [mem 0x02200000-0x02203fff] port 0x100 irq 313
[    1.367359] spi_imx 2008000.ecspi: probed
[    1.372305] vcan: Virtual CAN interface driver
[    1.376833] CAN device driver interface
[    1.380942] 2090000.flexcan supply xceiver not found, using dummy regulator
[    1.388745] flexcan 2090000.flexcan: device registered (reg_base=e6aa8000, irq=35)
[    1.396498] 2094000.flexcan supply xceiver not found, using dummy regulator
[    1.404208] flexcan 2094000.flexcan: device registered (reg_base=e6ab0000, irq=36)
[    1.412945] 2188000.ethernet supply phy not found, using dummy regulator
[    1.433529] pps pps0: new PPS source ptp0
[    1.438776] libphy: fec_enet_mii_bus: probed
[    1.444826] fec 2188000.ethernet eth0: registered PHC device 0
[    1.450957] PPP generic driver version 2.4.2
[    1.455514] ehci_hcd: USB 2.0 'Enhanced' Host Controller (EHCI) Driver
[    1.462074] ehci-pci: EHCI PCI platform driver
[    1.466631] ehci-mxc: Freescale On-Chip EHCI Host driver
[    1.472168] usbcore: registered new interface driver usb-storage
[    1.478357] usbcore: registered new interface driver usbserial
[    1.484277] usbcore: registered new interface driver usbserial_generic
[    1.490866] usbserial: USB Serial support registered for generic
[    1.496958] usbcore: registered new interface driver ftdi_sio
[    1.502770] usbserial: USB Serial support registered for FTDI USB Serial Device
[    1.510175] usbcore: registered new interface driver option
[    1.515818] usbserial: USB Serial support registered for GSM modem (1-port)
[    1.522844] usbcore: registered new interface driver pl2303
[    1.528490] usbserial: USB Serial support registered for pl2303
[    1.535806] 2184800.usbmisc supply vbus-wakeup not found, using dummy regulator
[    1.554891] ci_hdrc ci_hdrc.1: EHCI Host Controller
[    1.559827] ci_hdrc ci_hdrc.1: new USB bus registered, assigned bus number 1
[    1.583139] ci_hdrc ci_hdrc.1: USB 2.0 started, EHCI 1.00
[    1.589359] hub 1-0:1.0: USB hub found
[    1.593208] hub 1-0:1.0: 1 port detected
[    1.598128] mousedev: PS/2 mouse device common for all mice
[    1.604298] [PENMOUNT] Loading penmount_i2c V1.15.0
[    1.609337] [PENMOUNT] Probing for device ...
[    1.633006] [PENMOUNT] PM2204.D01.1.0.0
[    1.639755] [PENMOUNT] Supports 5 touch contacts
[    1.647278] [PENMOUNT] Supports WD mode
[    1.651133] [PENMOUNT] Supports WP mode
[    1.657871] [PENMOUNT] Use WP mode !
[    1.664344] [PENMOUNT] Sensitivity Level : 0 (max: 2)
[    1.672287] [PENMOUNT] irq already specified !!
[    1.676996] [PENMOUNT] Using IRQ 219
[    1.680835] input: PenMount I2C Touch Screen as /devices/soc0/soc/2100000.aips-bus/21a0000.i2c/i2c-1/1-0038/input/input0
[    1.692251] input: PenMount I2C Touch Key as /devices/soc0/soc/2100000.aips-bus/21a0000.i2c/i2c-1/1-0038/input/input1
[    1.706448] rtc-ds1307 1-0068: rtc core: registered m41t0 as rtc0
[    1.713157] ata1: SATA link down (SStatus 0 SControl 300)
[    1.713271] snvs_rtc 20cc000.snvs:snvs-rtc-lp: rtc core: registered 20cc000.snvs:snvs-r as rtc1
[    1.713405] i2c /dev entries driver
[    1.715160] mxc_v4l2_output v4l2_out: V4L2 device registered as video16
[    1.715320] mxc_v4l2_output v4l2_out: V4L2 device registered as video17
[    1.715483] mxc_v4l2_output v4l2_out: V4L2 device registered as video18
[    1.715640] mxc_v4l2_output v4l2_out: V4L2 device registered as video19
[    1.717760] imx2-wdt 20bc000.wdog: timeout 60 sec (nowayout=0)
[    1.717985] usbcore: registered new interface driver btusb
[    1.718180] sdhci: Secure Digital Host Controller Interface driver
[    1.718182] sdhci: Copyright(c) Pierre Ossman
[    1.718190] sdhci-pltfm: SDHCI platform and OF driver helper
[    1.719115] /soc/aips-bus@02100000/usdhc@02190000: voltage-ranges unspecified
[    1.719145] sdhci-esdhc-imx 2190000.usdhc: Got CD GPIO
[    1.720650] sdhci-esdhc-imx 2190000.usdhc: No vqmmc regulator found
[    1.763274] mmc1: SDHCI controller on 2190000.usdhc [2190000.usdhc] using ADMA
[    1.763901] /soc/aips-bus@02100000/usdhc@02198000: voltage-ranges unspecified
[    1.764333] sdhci-esdhc-imx 2198000.usdhc: No vqmmc regulator found
[    1.813133] mmc0: SDHCI controller on 2198000.usdhc [2198000.usdhc] using ADMA
[    1.830046] mxc_vpu 2040000.vpu_fsl: VPU initialized
[    1.830672] mxc_vdoa 21e4000.vdoa: i.MX Video Data Order Adapter(VDOA) driver probed
[    1.833420] caam 2100000.caam: Entropy delay = 3200
[    1.849348] ahci-imx 2200000.sata: no device found, disabling link.
[    1.855661] ahci-imx 2200000.sata: pass ahci_imx..hotplug=1 to enable hotplug
[    1.888411] mmc0: MAN_BKOPS_EN bit is not set
[    1.894211] caam 2100000.caam: Instantiated RNG4 SH0
[    1.912130] mmc0: new DDR MMC card at address 0001
[    1.917389] mmcblk0: mmc0:0001 Q2J54A 3.59 GiB 
[    1.922095] mmcblk0boot0: mmc0:0001 Q2J54A partition 1 16.0 MiB
[    1.928184] mmcblk0boot1: mmc0:0001 Q2J54A partition 2 16.0 MiB
[    1.935293]  mmcblk0: p1 p2
[    1.954975] caam 2100000.caam: Instantiated RNG4 SH1
[    1.959978] caam 2100000.caam: device ID = 0x0a16010000000000 (Era -524)
[    1.966722] caam 2100000.caam: job rings = 2, qi = 0
[    2.023148] usb 1-1: new high-speed USB device number 2 using ci_hdrc
[    2.028154] caam algorithms registered in /proc/crypto
[    2.033965] caam_jr 2101000.jr0: registering rng-caam
[    2.034880] snvs-secvio 20cc000.caam-snvs: can't get snvs clock
[    2.034936] snvs-secvio 20cc000.caam-snvs: violation handlers armed - non-secure state
[    2.035178] hidraw: raw HID events driver (C) Jiri Kosina
[    2.035394] usbcore: registered new interface driver usbhid
[    2.035397] usbhid: USB HID core driver
[    2.040671] stmpe-adc stmpe-adc: Initialized
[    2.044153] sgtl5000 2-000a: sgtl5000 revision 0x11
[    2.069982] fsl-asrc 2034000.asrc: driver registered
[    2.209907] imx-sgtl5000 sound: sgtl5000 <-> 2028000.ssi mapping ok
[    2.218843] imx-spdif sound-spdif: snd-soc-dummy-dai <-> 2004000.spdif mapping ok
[    2.229304] imx-audio-hdmi sound-hdmi: hdmi-hifi <-> soc:hdmi_audio@00120000 mapping ok
[    2.238190] Netfilter messages via NETLINK v0.30.
[    2.238372] hub 1-1:1.0: USB hub found
[    2.242962] hub 1-1:1.0: 4 ports detected
[    2.250807] nfnl_acct: registering with nfnetlink.
[    2.255678] nf_conntrack version 0.5.0 (16384 buckets, 65536 max)
[    2.262384] nf_tables: (c) 2007-2009 Patrick McHardy <kaber@trash.net>
[    2.269367] ip_tables: (C) 2000-2006 Netfilter Core Team
[    2.275390] NET: Registered protocol family 10
[    2.280911] ip6_tables: (C) 2000-2006 Netfilter Core Team
[    2.286394] NET: Registered protocol family 17
[    2.290915] bridge: automatic filtering via arp/ip/ip6tables has been deprecated. Update your scripts to load br_netfilter if you need this.
[    2.303607] Bridge firewalling registered
[    2.307655] can: controller area network core (rev 20120528 abi 9)
[    2.313927] NET: Registered protocol family 29
[    2.318429] can: raw protocol (rev 20120528)
[    2.322727] can: broadcast manager protocol (rev 20120528 t)
[    2.328449] can: netlink gateway (rev 20130117) max_hops=1
[    2.334230] Bluetooth: RFCOMM TTY layer initialized
[    2.339145] Bluetooth: RFCOMM socket layer initialized
[    2.344344] Bluetooth: RFCOMM ver 1.11
[    2.348133] Bluetooth: BNEP (Ethernet Emulation) ver 1.3
[    2.353508] Bluetooth: BNEP filters: protocol multicast
[    2.358777] Bluetooth: BNEP socket layer initialized
[    2.363809] Bluetooth: HIDP (Human Interface Emulation) ver 1.2
[    2.369774] Bluetooth: HIDP socket layer initialized
[    2.374864] 8021q: 802.1Q VLAN Support v1.8
[    2.379458] Key type dns_resolver registered
[    2.385767] Registering SWP/SWPB emulation handler
[    2.391249] registered taskstats version 1
[    2.396284] 1ffc000.pcie supply pcie-bus not found, using dummy regulator
[    2.553166] usb 1-1.3: new high-speed USB device number 3 using ci_hdrc
[    2.818674] imx6q-pcie 1ffc000.pcie: phy link never came up
[    2.824334] imx6q-pcie 1ffc000.pcie: failed to initialize host
[    2.830290] imx6q-pcie: probe of 1ffc000.pcie failed with error -22
[    2.840545] rtc-ds1307 1-0068: setting system clock to 2018-02-09 17:22:16 UTC (1518196936)
[    2.858997] usb_otg_vbus: disabling
[    2.862767] ALSA device list:
[    2.865848]   #0: imx6q-apalis-sgtl5000
[    2.869710]   #1: imx-spdif
[    2.872521]   #2: imx-hdmi-soc
[    2.891507] EXT4-fs (mmcblk0p2): mounted filesystem with ordered data mode. Opts: (null)
[    2.899720] VFS: Mounted root (ext4 filesystem) readonly on device 179:2.
[    2.906986] devtmpfs: mounted
[    2.910332] Freeing unused kernel memory: 372K (80a1f000 - 80a7c000)
[    3.044715] random: systemd urandom read with 17 bits of entropy available
[    3.056495] systemd[1]: systemd 229 running in system mode. (-PAM -AUDIT -SELINUX +IMA -APPARMOR +SMACK +SYSVINIT +UTMP -LIBCRYPTSETUP -GCRYPT -GNUTLS +ACL +XZ -LZ4 -SECCOMP +BLKID -ELFUTILS +KMOD -IDN)
[    3.075523] systemd[1]: Detected architecture arm.

Welcome to Boot to Qt for Embedded Linux 2.1.1 (krogoth)!

[    3.103643] systemd[1]: Set hostname to <b2qt-apalis-imx6>.
[    3.328153] systemd[1]: Listening on udev Control Socket.
[  OK  ] Listening on udev Control Socket.
[    3.363495] systemd[1]: Listening on /dev/initctl Compatibility Named Pipe.
[  OK  ] Listening on /dev/initctl Compatibility Named Pipe.
[    3.393648] systemd[1]: Created slice User and Session Slice.
[  OK  ] Created slice User and Session Slice.
[    3.423597] systemd[1]: Listening on Syslog Socket.
[  OK  ] Listening on Syslog Socket.
[    3.472131] systemd[1]: Reached target Remote File Systems.
[  OK  ] Reached target Remote File Systems.
[    3.503655] systemd[1]: Listening on udev Kernel Socket.
[  OK  ] Listening on udev Kernel Socket.
[    3.523842] systemd[1]: Started Forward Password Requests to Wall Directory Watch.
[  OK  ] Started Forward Password Requests to Wall Directory Watch.
[    3.553749] systemd[1]: Started Dispatch Password Requests to Console Directory Watch.
[  OK  ] Started Dispatch Password Requests to Console Directory Watch.
[    3.583718] systemd[1]: Listening on Journal Socket.
[  OK  ] Listening on Journal Socket.
[    3.614066] systemd[1]: Created slice System Slice.
[  OK  ] Created slice System Slice.
[    3.643531] systemd[1]: Reached target Slices.
[  OK  ] Reached target Slices.
[    3.687187] systemd[1]: Starting Load Kernel Modules...
         Starting Load Kernel Modules...
[    3.715355] systemd[1]: Created slice system-serial\x2dgetty.slice.
[  OK  ] Created slice system-serial\x2dgetty.slice.
[    3.749344] systemd[1]: Starting Create list of required static device nodes for the current kernel...
         Starting Create list of required st... nodes for the current ker[    3.765844] RTL871X: module init start
nel...
[    3.769912] RTL871X: rtl8723bu v4.3.6.11_12942.20141204_BTCOEX20140507-4E40
[    3.777582] RTL871X: rtl8723bu BT-Coex version = BTCOEX20140507-4E40
[    3.805579] systemd[1]: Starting Setup Virtual Console...
         Starting Setup Virtual Console...
[    3.843386] systemd[1]: Reached target Paths.
[  OK  ] Reached target Paths.
[    3.865514] systemd[1]: Mounting Debug File System...
         Mounting Debug File System...
[    3.895912] systemd[1]: Mounting Temporary Directory...
         Mounting Temporary Directory...
[    3.923495] systemd[1]: Reached target Swap.
[  OK  ] Reached target Swap.
[    3.943867] systemd[1]: Listening on Journal Socket (/dev/log).
[  OK  ] Listening on Journal Socket (/dev/log).
[    3.973605] systemd[1]: Listening on Network Service Netlink Socket.
[  OK  ] Listening on Network Service Netlink Socket.
[    3.997102] systemd[1]: Starting File System Check on Root Device...
         Starting File System Check on Root Device...
[    4.026211] systemd[1]: Starting Journal Service...
         Starting Journal Service...
[    4.037339] systemd[1]: Mounted Debug File System.
[  OK  ] Mounted Debug [    4.042522] systemd[1]: Mounted Temporary Directory.
File System.
[  OK  ] Mounted Temp[    4.051960] systemd[1]: Started Create list of required static device nodes for the current kernel.
orary Directory.
[  OK  ] Started Crea[    4.064768] systemd[1]: Started Setup Virtual Console.
te list of required sta...ce nodes for the current kernel.
[  OK  ] Started Setup Virtual Console.
[    4.098069] RTL871X: rtw_ndev_init(wlan0)
[    4.103578] RTL871X: rtw_ndev_init(wlan1)
[    4.109036] usbcore: registered new interface driver rtl8723bu
[    4.114988] RTL871X: module init ret=0
[    4.139065] Galcore version 5.0.11.41671
[    4.151141] systemd[1]: Started File System Check on Root Device.
[  OK  ] Started File System Check on Root Device.
[    4.215799] systemd[1]: Starting Remount Root and Kernel File Systems...
         Starting Remount Root and Kernel File Systems...
[    4.249262] systemd[1]: Started Journal Service.
[  OK  ] Started Journal Service.
[    4.472358] EXT4-fs (mmcblk0p2): re-mounted. Opts: (null)
[  OK  ] Started Remount Root and Kernel File Systems.
         Starting udev Coldplug all Devices...
         Starting Flush Journal to Persistent Storage...
         Starting Create Static Device Nodes in /dev...
[  OK  ] Started Create Static Device Nodes in /dev.
[    4.650319] systemd-journald[202]: Received request to flush runtime journal from PID 1
         Starting udev Kernel Device Manager...
[  OK  ] Reached target Local File Systems (Pre).
         Mounting /var/volatile...
[  OK  ] Mounted /var/volatile.
[  OK  ] Started Flush Journal to Persistent Storage.
[  OK  ] Started udev Kernel Device Manager.
[    4.911066] tty0tty null modem driver v1.2
[  OK  ] Started Load Kernel Modules.
         Mounting FUSE Control File System...
         Mounting Configuration File System...
         Starting Apply Kernel Variables...
[  OK  ] Reached target Local File Systems.
         Starting Create Volatile Files and Directories...
         Starting Load/Save Random Seed...
[  OK  ] Mounted Configuration File System.
[  OK  ] Mounted FUSE Control File System.
[  OK  ] Started udev Coldplug all Devices.
[  OK  ] Started Apply Kernel Variables.
[  OK  ] Started Create Volatile Files and Directories.
[  OK  ] Started Load/Save Random Seed.
[  OK  ] Found device /dev/ttymxc0.
[    5.514618] ov5647_read_reg(mipi):reg=300a ret=-5
[    5.519380] camera ov5647_mipi is not found
[  OK  ] Found device /dev/ttymxc1.
[  OK  ] Listening on Load/Save RF Kill Switch Status /dev/rfkill Watch.
[    5.722507] ERROR: v4l2 capture: slave not found!
[    5.723087] ERROR: v4l2 capture: slave not found!
[  OK  ] Reached target Sound Card.
[  OK  ] Created slice system-systemd\x2dbacklight.slice.
         Starting Load/Save Screen Backlight...htness of backlight:backlight...
         Starting Update UTMP about System Boot/Shutdown...
         Starting Network Time Synchronization...
[  OK  ] Started Load/Save Screen Backlight Brightness of backlight:backlight.
[  OK  ] Started Network Time Synchronization.
[  OK  ] Started Update UTMP about System Boot/Shutdown.
         Starting Load/Save RF Kill Switch Status...
[  OK  ] Reached target System Time Synchronized.
[  OK  ] Reached target System Initialization.
[  OK  ] Listening on D-Bus System Message Bus Socket.
[  OK  ] Listening on dropbear.socket.
[  OK  ] Listening on RPCbind Server Activation Socket.
[  OK  ] Reached target Sockets.
[  OK  ] Reached target Basic System.
[  OK  ] Started System Logging Service.
[  OK  ] Started Kernel Logging Service.
[  OK  ] Started Serial Getty on ttymxc1.
[  OK  ] Started B2Qt user application.
[  OK  ] Started D-Bus System Message Bus.
         Starting Network Service...
         Starting D-BUS Session Message Bus....
[  OK  ] Started Serial Getty on ttymxc0.
[  OK  ] Reached target Login Prompts.
         Starting Login Service...
         Starting Save/Restore Sound Card State...
[  OK  ] Started Daily Cleanup of Temporary Directories.
[  OK  ] Reached target Timers.
[  OK  ] Started Load/Save RF Kill Switch Status.
[  OK  ] Started Network Service.
[  OK  ] Started D-BUS Session Message Bus..
[  OK  ] Reached target Network.
         Starting ADB Server Daemon...
         Starting Network Time Service...
[  OK  ] Started Login Service.
[    6.806297] flexcan 2090000.flexcan can0: writing ctrl=0x01232084
[  OK  ] Started Network Time Service.
[    6.827919] file system registered
[  OK  ] Started ADB Server Daemon.
[  OK  ] Reached target Multi-User System.
[    6.912188] read descriptors
[    6.915206] read strings
[    6.917876] g_ffs gadget: g_ffs ready
[    6.924023] usb 1-1.1: new high-speed USB device number 4 using ci_hdrc
[  OK  ] Started Ujet Bluetooth Audio Service.
         Starting Update UTMP about System Runlevel Changes...
[  OK  ] Started Ujet Telemetry Service.
[  OK  ] Started Ujet Cloud Service.
[  OK  ] Started Ujet HTTPD Service.
         Starting Ujet Identify Service...
[  OK  ] Reached target Custom Target.
[    7.059498] option 1-1.1:1.0: GSM modem (1-port) converter detected
[    7.067274] usb 1-1.1: GSM modem (1-port) converter now attached to ttyUSB0
[    7.076483] option 1-1.1:1.1: GSM modem (1-port) converter detected
[    7.085270] usb 1-1.1: GSM modem (1-port) converter now attached to ttyUSB1
[    7.095307] option 1-1.1:1.2: GSM modem (1-port) converter detected
[  OK  ] Started Ujet B[    7.104535] usb 1-1.1: GSM modem (1-port) converter now attached to ttyUSB2
le Service.
[    7.112693] option 1-1.1:1.3: GSM modem (1-port) converter detected
[    7.120630] usb 1-1.1: GSM modem (1-port) converter now attached to ttyUSB3
[    7.128555] option 1-1.1:1.4: GSM modem (1-port) converter detected
[    7.135697] usb 1-1.1: GSM modem (1-port) converter now attached to ttyUSB4
[  OK  ] Started Update UTMP about System Runlevel Changes.
[  OK  ] Stopped Bluetooth service.
[  OK  ] Started Save/Restore Sound Card State.
[    7.893065] mxc_sdc_fb fb@0: 800x480 h_sync,r,l: 72,24,96  v_sync,l,u: 7,3,10 pixclock=29500000 Hz
[    8.847966] random: nonblocking pool is initialized

Boot to Qt for Embedded Linux 2.1.1 b2qt-apalis-imx6 ttymxc0

b2qt-apalis-imx6 login: [   13.929764] ci_hdrc ci_hdrc.0: Device No Response
root
root@b2qt-apalis-imx6:~# 
root@b2qt-apalis-imx6:~# 
root@b2qt-apalis-imx6:~# 
root@b2qt-apalis-imx6:~# cd /
root@b2qt-apalis-imx6:/# 
root@b2qt-apalis-imx6:/# 
root@b2qt-apalis-imx6:/# 
root@b2qt-apalis-imx6:/# 
root@b2qt-apalis-imx6:/# echo "SET" > /dev/ttymxc3
root@b2qt-apalis-imx6:/# cat /dev/ttymxc3 | tee -a BT-mxc3-1.txt  2
^C
root@b2qt-apalis-imx6:/# cat /dev/ttymxc3 | tee -a BT-mxc3-2.txt &
[1] 456
root@b2qt-apalis-imx6:/# cat /dev/ttymxc3 | tee -a BT-mxc3-2.txt & 43 4
[2] 458
root@b2qt-apalis-imx6:/# 
root@b2qt-apalis-imx6:/# 
root@b2qt-apalis-imx6:/# 
root@b2qt-apalis-imx6:/# 
root@b2qt-apalis-imx6:/# 
root@b2qt-apalis-imx6:/# cd /
root@b2qt-apalis-imx6:/# cd /at /dev/ttymxc4 | tee -a BT-mxc4-2.txt &3 | tee -a BT-mxc3-2.txt &root@b2qt-apalis-imx6:/# echo "SET" > /dev/ttymxc3
root@b2qt-apalis-imx6:/# ET

SET BT NAME WT32i-AJ
SET BT CLASS 240438
SET BT IDENT BT:47 f000 6.0.0 Bluegiga iWRAP
SET BT LAP 9e8b33
SET BT PAGEMODE 4 2000 1
SET BT PAIR 01:01:01:01:05:76 b537ffbb72f664b887b27e1bcc19df19
SET BT POWER 6 6 6
SET BT ROLE 0 f 2580
SET BT SNIFF 0 20 1 8
SET BT SSP 3 0
SET BT MTU 667
SET CONTROL AUDIO INTERNAL INTERNAL
00 00
SET CONTROL PIO 00 00 00
SET CONTROL PREAMP 1 1
SET CONTROL READY 00
SET CONTROL VREGEN 0 00
SET PROFILE A2DP SINK
SET PROFILE SPP Bluetooth Serial Port

SET PROFILE AVRCP CONTROLLER 03
SET

root@b2qt-apalis-imx6:/# echo "SET" > /dev/ttymxc3 4
root@b2qt-apalis-imx6:/# SS 280428
uegiga iWRAP
SET BT LAP 9e8b33
SET BT PAGEMODE 4 2000 1
SET BT POWER 6 6 6
SET BT ROLE 0 f 2580
P 3 0
SET BT MTU 667
SET CONTROL AUDIO INTERNAL INTERNAL
 CONTROL BIND 0 20 F CLOSE 0
SET CONTROL BIND 1 20 F SET BT PAIR *
SET CONTROL CD 00 0
SET CONTROL CODEC SBC JOINT_STEREO 44100 0
SET CONTROL CONFIG 0000 0000 0000 1100
SET CONTROL ECHO 7
SET CONTROL ESCAPE 43 00 1
SET CONTROL GAIN 8 8
SET CONTROL MICBIAS b 0
SET CONTROL MSC DTE 00 00 00 00 00 00
SET CONTROL PIO 00 00 00
SET CONTROL PREAMP 1 1
SET CONTROL READY 00
SET CONTROL VREGEN 0 00
SET PROFILE A2DP SOURCE
SET PROFILE SPP Bluetooth Serial Port
SET PROFILE AVRCP TARGET 07
SET

root@b2qt-apalis-imx6:/# 
root@b2qt-apalis-imx6:/# echo "CALL 01:01:01:01:05:76 19 A2DP" > /dev/ttymxc3
root@b2qt-apalis-imx6:/# CALL 01:01:01:01:05:76 19 A2DP
CALL 0
NO CARRIER 0 ERROR 9801 L2CAP_CONNECTION_FAILED

root@b2qt-apalis-imx6:/# 
root@b2qt-apalis-imx6:/# echo "CALL 01:01:01:01:05:76 19 A2DP" > /dev/ttymxc3
root@b2qt-apalis-imx6:/# CALL 01:01:01:01:05:76 19 A2DP
CALL 0
NO CARRIER 0 ERROR 9801 L2CAP_CONNECTION_FAILED

root@b2qt-apalis-imx6:/# 
root@b2qt-apalis-imx6:/# echo "CALL 01:01:01:01:05:76 19 A2DP" > /dev/ttymxc3
root@b2qt-apalis-imx6:/# CALL 01:01:01:01:05:76 19 A2DP
CALL 0
CONNECT 0 A2DP 19
NO CARRIER 0 ERROR 0 
INQUIRY 7 NAME
INQUIRY_PARTIAL 01:01:01:01:05:76 240418
INQUIRY_PARTIAL 4c:49:e3:6e:06:92 5a020c
INQUIRY_PARTIAL 88:6b:0f:62:71:86 280428
INQUIRY_PARTIAL 94:65:2d:d1:25:16 5a020c
INQUIRY_PARTIAL 00:1b:10:00:2a:ec 6e0100
INQUIRY 5
INQUIRY 01:01:01:01:05:76 240418
INQUIRY 4c:49:e3:6e:06:92 5a020c
INQUIRY 88:6b:0f:62:71:86 280428
INQUIRY 94:65:2d:d1:25:16 5a020c
INQUIRY 00:1b:10:00:2a:ec 6e0100
NAME 01:01:01:01:05:76 "Bluetooth music"
NAME 4c:49:e3:6e:06:92 "Garg's Android"
NAME 88:6b:0f:62:71:86 "WT32i-A"
NAME 94:65:2d:d1:25:16 "OnePlus 5T"
NAME 00:1b:10:00:2a:ec "emb-ban-227-0"

root@b2qt-apalis-imx6:/# echo "CALL 01:01:01:01:05:76 19 A2DP" > /dev/ttymxc3
root@b2qt-apalis-imx6:/# CALL 01:01:01:01:05:76 19 A2DP
CALL 0
CONNECT 0 A2DP 19
NO CARRIER 0 ERROR 0 

root@b2qt-apalis-imx6:/# CALL 01:01:01:01:05:76 111F HFP
CALL 0
CALL 01:01:01:01:05:76 19 A2DP
CALL 1
CALL 01:01:01:01:05:76 17 AVRCP
CALL 2
CALL 01:01:01:01:05:76 112F PBAP
CALL 3
NO CARRIER 3 ERROR 1 BOCK_ERR_RESOURCES
NO CARRIER 2 ERROR 9801 L2CAP_CONNECTION_FAILED
NO CARRIER 1 ERROR 9801 L2CAP_CONNECTION_FAILED
NO CARRIER 0 ERROR b01 SDC_CONNECTION_FAILED
RING 0 01:01:01:01:05:76 19 A2DP 
NO CARRIER 0 ERROR 0 

root@b2qt-apalis-imx6:/# 
root@b2qt-apalis-imx6:/# 
root@b2qt-apalis-imx6:/# 
root@b2qt-apalis-imx6:/# CALL 01:01:01:01:05:76 111F HFP
CALL 0
CALL 01:01:01:01:05:76 19 A2DP
CALL 1
CALL 01:01:01:01:05:76 17 AVRCP
CALL 2
CALL 01:01:01:01:05:76 112F PBAP
CALL 3
NO CARRIER 3 ERROR 1 BOCK_ERR_RESOURCES
NO CARRIER 0 ERROR 1b04 SDC_NO_RESPONSE_DATA

root@b2qt-apalis-imx6:/# 
root@b2qt-apalis-imx6:/# 
root@b2qt-apalis-imx6:/# CONNECT 2 AVRCP 17
CONNECT 1 A2DP 19
CONNECT 0 A2DP 19
A2DP STREAMING START 1
AVRCP 2 GET_CAPABILITIES 3

root@b2qt-apalis-imx6:/# 
root@b2qt-apalis-imx6:/# 
root@b2qt-apalis-imx6:/# 
root@b2qt-apalis-imx6:/# 
root@b2qt-apalis-imx6:/# 
root@b2qt-apalis-imx6:/# cat /de   BT-mxc3-2.txt 
ET

SET BT NAME WT32i-AJ
SET BT CLASS 240438
SET BT IDENT BT:47 f000 6.0.0 Bluegiga iWRAP
SET BT LAP 9e8b33
SET BT PAGEMODE 4 2000 1
SET BT PAIR 01:01:01:01:05:76 b537ffbb72f664b887b27e1bcc19df19
SET BT POWER 6 6 6
SET BT ROLE 0 f 2580
SET BT SNIFF 0 20 1 8
SET BT SSP 3 0
SET BT MTU 667
SET CONTROL AUDIO INTERNAL INTERNAL
00 00
SET CONTROL PIO 00 00 00
SET CONTROL PREAMP 1 1
SET CONTROL READY 00
SET CONTROL VREGEN 0 00
SET PROFILE A2DP SINK
SET PROFILE SPP Bluetooth Serial Port

SET PROFILE AVRCP CONTROLLER 03
SET
CALL 01:01:01:01:05:76 19 A2DP
CALL 0
NO CARRIER 0 ERROR 9801 L2CAP_CONNECTION_FAILED
CALL 01:01:01:01:05:76 19 A2DP
CALL 0
NO CARRIER 0 ERROR 9801 L2CAP_CONNECTION_FAILED
CALL 01:01:01:01:05:76 19 A2DP
CALL 0
CONNECT 0 A2DP 19
NO CARRIER 0 ERROR 0 
INQUIRY 7 NAME
INQUIRY_PARTIAL 01:01:01:01:05:76 240418
INQUIRY_PARTIAL 4c:49:e3:6e:06:92 5a020c
INQUIRY_PARTIAL 88:6b:0f:62:71:86 280428
INQUIRY_PARTIAL 94:65:2d:d1:25:16 5a020c
INQUIRY_PARTIAL 00:1b:10:00:2a:ec 6e0100
INQUIRY 5
INQUIRY 01:01:01:01:05:76 240418
INQUIRY 4c:49:e3:6e:06:92 5a020c
INQUIRY 88:6b:0f:62:71:86 280428
INQUIRY 94:65:2d:d1:25:16 5a020c
INQUIRY 00:1b:10:00:2a:ec 6e0100
NAME 01:01:01:01:05:76 "Bluetooth music"
NAME 4c:49:e3:6e:06:92 "Garg's Android"
NAME 88:6b:0f:62:71:86 "WT32i-A"
NAME 94:65:2d:d1:25:16 "OnePlus 5T"
NAME 00:1b:10:00:2a:ec "emb-ban-227-0"
CALL 01:01:01:01:05:76 19 A2DP
CALL 0
CONNECT 0 A2DP 19
NO CARRIER 0 ERROR 0 
RING 0 01:01:01:01:05:76 19 A2DP 
NO CARRIER 0 ERROR 0 
root@b2qt-apalis-imx6:/# 
root@b2qt-apalis-imx6:/# 
root@b2qt-apalis-imx6:/# cat BT-mxc3-2.txt  4
SS 280428
uegiga iWRAP
SET BT LAP 9e8b33
SET BT PAGEMODE 4 2000 1
SET BT POWER 6 6 6
SET BT ROLE 0 f 2580
P 3 0
SET BT MTU 667
SET CONTROL AUDIO INTERNAL INTERNAL
 CONTROL BIND 0 20 F CLOSE 0
SET CONTROL BIND 1 20 F SET BT PAIR *
SET CONTROL CD 00 0
SET CONTROL CODEC SBC JOINT_STEREO 44100 0
SET CONTROL CONFIG 0000 0000 0000 1100
SET CONTROL ECHO 7
SET CONTROL ESCAPE 43 00 1
SET CONTROL GAIN 8 8
SET CONTROL MICBIAS b 0
SET CONTROL MSC DTE 00 00 00 00 00 00
SET CONTROL PIO 00 00 00
SET CONTROL PREAMP 1 1
SET CONTROL READY 00
SET CONTROL VREGEN 0 00
SET PROFILE A2DP SOURCE
SET PROFILE SPP Bluetooth Serial Port
SET PROFILE AVRCP TARGET 07
SET
CALL 01:01:01:01:05:76 111F HFP
CALL 0
CALL 01:01:01:01:05:76 19 A2DP
CALL 1
CALL 01:01:01:01:05:76 17 AVRCP
CALL 2
CALL 01:01:01:01:05:76 112F PBAP
CALL 3
NO CARRIER 3 ERROR 1 BOCK_ERR_RESOURCES
NO CARRIER 2 ERROR 9801 L2CAP_CONNECTION_FAILED
NO CARRIER 1 ERROR 9801 L2CAP_CONNECTION_FAILED
NO CARRIER 0 ERROR b01 SDC_CONNECTION_FAILED
CALL 01:01:01:01:05:76 111F HFP
CALL 0
CALL 01:01:01:01:05:76 19 A2DP
CALL 1
CALL 01:01:01:01:05:76 17 AVRCP
CALL 2
CALL 01:01:01:01:05:76 112F PBAP
CALL 3
NO CARRIER 3 ERROR 1 BOCK_ERR_RESOURCES
NO CARRIER 0 ERROR 1b04 SDC_NO_RESPONSE_DATA
CONNECT 2 AVRCP 17
CONNECT 1 A2DP 19
CONNECT 0 A2DP 19
A2DP STREAMING START 1
AVRCP 2 GET_CAPABILITIES 3
root@b2qt-apalis-imx6:/# 
root@b2qt-apalis-imx6:/# 
root@b2qt-apalis-imx6:/# cat BT-mxc4-2.txt cat BT-mxc4-2.txt echo ""S"E"T"" > /dev/ttymxc4
root@b2qt-apalis-imx6:/# SET
SET BT BDADDR 88:6b:0f:62:71:86
SET BT NAME WT32i-A
SET BT CLASS 280428
SET BT IDENT BT:47 f000 6.0.0 Bluegiga iWRAP
SET BT LAP 9e8b33
SET BT PAGEMODE 4 2000 1
SET BT PAIR 01:01:01:01:05:76 c06d46fb368f82ee56959dc30153828c
SET BT POWER 6 6 6
SET BT ROLE 0 f 2580
SET BT SNIFF 0 20 1 8
SET BT SSP 3 0
SET BT MTU 667
SET CONTROL AUDIO INTERNAL INTERNAL
SET CONTROL BAUD 115200,8n1
SET CONTROL BIND 0 20 F CLOSE 0
AIR *
SET CONTROL CD 00 0
EO 44100 0
SET CONTROL ESCAPE 43 00 1
SET CONTROL MICBIAS b 0
00 00
SET CONTROL PREAMP 1 1
SET CONTROL VREGEN 0 00
SET PROFILE A2DP SOURCE
SET PROFILE SPP Bluetooth Serial Port


root@b2qt-apalis-imx6:/# 
root@b2qt-apalis-imx6:/# 
root@b2qt-apalis-imx6:/# 
root@b2qt-apalis-imx6:/# 
root@b2qt-apalis-imx6:/# echo "CALL 01:01:01:01:05:76 19 A2DP" > /dev/ttymxc3
root@b2qt-apalis-imx6:/# CALL 01:01:01:01:05:76 19 A2DP
CALL 0
CONNECT 0 A2DP 19

root@b2qt-apalis-imx6:/# NO CARRIER 0 ERROR 0 

root@b2qt-apalis-imx6:/# 
root@b2qt-apalis-imx6:/# echo "CALL 01:01:01:01:05:76 19 A2DP" > /dev/ttymxc3
root@b2qt-apalis-imx6:/# CALL 01:01:01:01:05:76 19 A2DP
CALL 0
CONNECT 0 A2DP 19
NO CARRIER 0 ERROR 0 

root@b2qt-apalis-imx6:/# 
root@b2qt-apalis-imx6:/# 
root@b2qt-apalis-imx6:/# echo "CALL 01:01:01:01:05:76 19 A2DP" > /dev/ttymxc3
root@b2qt-apalis-imx6:/# CALL 01:01:01:01:05:76 19 A2DP
CALL 0
CONNECT 0 A2DP 19
NO CARRIER 0 ERROR 0 

root@b2qt-apalis-imx6:/# 
root@b2qt-apalis-imx6:/# 
root@b2qt-apalis-imx6:/# 
root@b2qt-apalis-imx6:/# 
root@b2qt-apalis-imx6:/# echo "SET PROFILE A2DP SINK" > /dev/ttymxc4
root@b2qt-apalis-imx6:/# SET PROFILE A2DP SINK

root@b2qt-apalis-imx6:/# 
root@b2qt-apalis-imx6:/# echo "SET PROFILE AVRCP CONTROLLER 3" > /dev/ttymxc4
root@b2qt-apalis-imx6:/# SET PROFILE AVRCP CONTROLLER 3
echo "SET BT CLASS 240438" > /dev/ttymxc4
root@b2qt-apalis-imx6:/# SET BT CLASS 240438

root@b2qt-apalis-imx6:/# 
root@b2qt-apalis-imx6:/# 
root@b2qt-apalis-imx6:/# echo "RESET" > /dev/ttymxc4
root@b2qt-apalis-imx6:/# RESET
WRAP THOR AI (6.0.0 build 952)
Copyright (c) 2003-2014 Bluegiga Technologies Inc.
READY.

root@b2qt-apalis-imx6:/# 
root@b2qt-apalis-imx6:/# 
root@b2qt-apalis-imx6:/# echo "CALL 01:01:01:01:05:76 19 A2DP" > /dev/ttymxc4~RING 0 01:01:01:01:05:76 19 A2DP 
NO CARRIER 0 ERROR 0 
#
root@b2qt-apalis-imx6:/# echo "CALL 01:01:01:01:05:76 19 A2DP" > /dev/ttymxc4~#root@b2qt-apalis-imx6:/# echo "RESET" > /dev/ttymxc4
root@b2qt-apalis-imx6:/# 
SET BT PAGEMODE 4 2000 1
6d46fb368f82ee56959dc30153828c
SET BT POWER 6 6 6
SET BT ROLE 0 f 2580
P 3 0
SET BT MTU 667
SET CONTROL AUDIO INTERNAL INTERNAL
 CONTROL BIND 0 20 F CLOSE 0
SET CONTROL BIND 1 20 F SET BT PAIR *
SET CONTROL CD 00 0
SET CONTROL CODEC SBC JOINT_STEREO 44100 0
0 1100
SET CONTROL ECHO 7
SET CONTROL ESCAPE 43 00 1
SET CONTROL GAIN 8 8
SET CONTROL MICBIAS b 0
SET CONTROL MSC DTE 00 00 00 00 00 00
SET CONTROL PIO 00 00 00
SET CONTROL PREAMP 1 1
SET CONTROL READY 00
SET CONTROL VREGEN 0 00
SET PROFILE A2DP SINK
SET PROFILE SPP Bluetooth Serial Port
SET PROFILE AVRCP CONTROLLER 03
SET

root@b2qt-apalis-imx6:/# 
root@b2qt-apalis-imx6:/# RING 0 01:01:01:01:05:76 19 A2DP 
NO CARRIER 0 ERROR 0 
echo "CALL 01:01:01:01:05:76 19 A2DP" > /dev/ttymxc4
root@b2qt-apalis-imx6:/# CALL 01:01:01:01:05:76 19 A2DP
CALL 0
CONNECT 0 A2DP 19
NO CARRIER 0 ERROR 0 
RING 0 01:01:01:01:05:76 19 A2DP 
NO CARRIER 0 ERROR 0 
CALL 01:01:01:01:05:76 111F HFP
CALL 01:01:01:01:05:76 19 A2DP
CALL 01:01:01:01:05:76 17 AVRCP
CALL 2
CALL 01:01:01:01:05:76 112F PBAP
CALL 3
NO CARRIER 3 ERROR 1 BOCK_ERR_RESOURCES
NO CARRIER 0 ERROR 1b04 SDC_NO_RESPONSE_DATA
CONNECT 2 AVRCP 17
CONNECT 1 A2DP 19
NO CARRIER 1 ERROR 0 
AVRCP 2 GET_CAPABILITIES 3

root@b2qt-apalis-imx6:/# 
root@b2qt-apalis-imx6:/# 
root@b2qt-apalis-imx6:/# cat /dev/ttymxc           BT-mxc          CALL 01:01:01:01:05:76 111F HFP
CALL 0
CALL 01:01:01:01:05:76 19 A2DP
CALL 1
CALL 01:01:01:01:05:76 17 AVRCP
CALL 3
CALL 01:01:01:01:05:76 112F PBAP
CALL 4
NO CARRIER 4 ERROR 1 BOCK_ERR_RESOURCES
CONNECT 1 A2DP 19
CONNECT 3 AVRCP 17
NO CARRIER 0 ERROR 1b04 SDC_NO_RESPONSE_DATA
NO CARRIER 1 ERROR 0 
AVRCP 3 GET_CAPABILITIES 3

root@b2qt-apalis-imx6:/# 
root@b2qt-apalis-imx6:/# 
root@b2qt-apalis-imx6:/# 
root@b2qt-apalis-imx6:/# 
root@b2qt-apalis-imx6:/# 

U-Boot 2016.11+fslc+g80c3bd6 (Jan 02 2018 - 11:32:06 +0100)

CPU:   Freescale i.MX6Q rev1.5 at 792 MHz
Reset cause: POR
I2C:   ready
DRAM:  2 GiB
PMIC:  device id: 0x10, revision id: 0x21, programmed
MMC:   FSL_SDHC: 0, FSL_SDHC: 1, FSL_SDHC: 2
auto-detected panel vga-rgb
Display: vga-rgb (640x480)
In:    serial
Out:   serial
Err:   serial
Model: Toradex Apalis iMX6 Quad 2GB IT V1.1C, Serial# 05139699
Net:   using PHY at 7
FEC [PRIME]
Hit any key to stop autoboot:  1  0 
Booting from internal eMMC chip...
reading imx6q-apalis-ixora-v1_1.dtb
48970 bytes read in 22 ms (2.1 MiB/s)
reading uImage
5943928 bytes read in 172 ms (33 MiB/s)
## Booting kernel from Legacy Image at 10800000 ...
   Image Name:   Linux-4.1.41-v2.7b1+g82f0f4f
   Image Type:   ARM Linux Kernel Image (uncompressed)
   Data Size:    5943864 Bytes = 5.7 MiB
   Load Address: 10008000
   Entry Point:  10008000
   Verifying Checksum ... OK
## Flattened Device Tree blob at 12000000
   Booting using the fdt blob at 0x12000000
   Loading Kernel Image ... OK
   Using Device Tree in place at 12000000, end 1200ef49

Starting kernel ...

[    0.000000] Booting Linux on physical CPU 0x0
[    0.000000] Initializing cgroup subsys cpu
[    0.000000] Initializing cgroup subsys cpuacct
[    0.000000] Linux version 4.1.41-v2.7b1+g82f0f4f (behlingc@mplan-ubuntu-1610-dev) (gcc version 5.3.0 (GCC) ) #1 SMP Wed Jan 31 17:39:36 CET 2018
[    0.000000] CPU: ARMv7 Processor [412fc09a] revision 10 (ARMv7), cr=10c5387d
[    0.000000] CPU: PIPT / VIPT nonaliasing data cache, VIPT aliasing instruction cache
[    0.000000] Machine model: Toradex Apalis iMX6Q/D Module on Ixora V1.1 Carrier Board
[    0.000000] Reserved memory: created CMA memory pool at 0x62000000, size 320 MiB
[    0.000000] Reserved memory: initialized node linux,cma, compatible id shared-dma-pool
[    0.000000] Memory policy: Data cache writealloc
[    0.000000] PERCPU: Embedded 12 pages/cpu @d0efd000 s16908 r8192 d24052 u49152
[    0.000000] Built 1 zonelists in Zone order, mobility grouping on.  Total pages: 521024
[    0.000000] Kernel command line: enable_wait_mode=off vmalloc=400M ip=off root=/dev/mmcblk0p2 rw,noatime rootfstype=ext4 rootwait fec_mac=00:14:2d:4e:6c:f3 consoleblank=0 no_console_suspend=1 console=tty1 console=ttymxc0,115200n8 mxc_hdmi.only_cea=1 video=mxcfb1:dev=hdmi,1920x1080M@60,if=RGB24 video=mxcfb0:dev=ldb,800x480M@60,if=RGB666 video=mxcfb2:off video=mxcfb3:off fbmem=32M
[    0.000000] PID hash table entries: 4096 (order: 2, 16384 bytes)
[    0.000000] Dentry cache hash table entries: 262144 (order: 8, 1048576 bytes)
[    0.000000] Inode-cache hash table entries: 131072 (order: 7, 524288 bytes)
[    0.000000] Memory: 1738972K/2097152K available (7679K kernel code, 330K rwdata, 2648K rodata, 372K init, 423K bss, 30500K reserved, 327680K cma-reserved, 425984K highmem)
[    0.000000] Virtual kernel memory layout:
[    0.000000]     vector  : 0xffff0000 - 0xffff1000   (   4 kB)
[    0.000000]     fixmap  : 0xffc00000 - 0xfff00000   (3072 kB)
[    0.000000]     vmalloc : 0xe6800000 - 0xff000000   ( 392 MB)
[    0.000000]     lowmem  : 0x80000000 - 0xe6000000   (1632 MB)
[    0.000000]     pkmap   : 0x7fe00000 - 0x80000000   (   2 MB)
[    0.000000]     modules : 0x7f000000 - 0x7fe00000   (  14 MB)
[    0.000000]       .text : 0x80008000 - 0x80a1e0a4   (10329 kB)
[    0.000000]       .init : 0x80a1f000 - 0x80a7c000   ( 372 kB)
[    0.000000]       .data : 0x80a7c000 - 0x80ace8c0   ( 331 kB)
[    0.000000]        .bss : 0x80ad1000 - 0x80b3ae1c   ( 424 kB)
[    0.000000] SLUB: HWalign=64, Order=0-3, MinObjects=0, CPUs=4, Nodes=1
[    0.000000] Hierarchical RCU implementation.
[    0.000000] NR_IRQS:16 nr_irqs:16 16
[    0.000000] L2C-310 erratum 769419 enabled
[    0.000000] L2C-310 enabling early BRESP for Cortex-A9
[    0.000000] L2C-310 full line of zeros enabled for Cortex-A9
[    0.000000] L2C-310 ID prefetch enabled, offset 16 lines
[    0.000000] L2C-310 dynamic clock gating enabled, standby mode enabled
[    0.000000] L2C-310 cache controller enabled, 16 ways, 1024 kB
[    0.000000] L2C-310: CACHE_ID 0x410000c7, AUX_CTRL 0x76470001
[    0.000000] mxc_clocksource_init 3000000
[    0.000000] Switching to timer-based delay loop, resolution 333ns
