

U-Boot 2017.03-dirty (Dec 12 2017 - 15:12:51 +0530)

CPU:   Freescale i.MX6Q rev1.5 at 792 MHz
Reset cause: POR
I2C:   ready
DRAM:  2 GiB
PMIC: device id: 0x10, revision id: 0x21
PMIC: programmed
MMC:   FSL_SDHC: 0, FSL_SDHC: 1, FSL_SDHC: 2
auto-detected panel HDMI
Aravinth: Display: HDMI (1024x768)
In:    serial
Out:   serial
Err:   serial
Model: Toradex Apalis iMX6 Quad 2GB IT V1.1C, Serial# 05146387
Net:   using PHY at 7
FEC [PRIME]
Normal Boot
Hit any key to stop autoboot:  1  0
Apalis iMX6 # 
Apalis iMX6 # 
Apalis iMX6 # 
Apalis iMX6 # bmode usb
resetting ...


U-Boot 2015.04-ga605cf5 (Jan 14 2016 - 12:57:34)

CPU:   Freescale i.MX6Q rev1.5 at 792 MHz
Reset cause: WDOG
I2C:   ready
DRAM:  2 GiB
MMC:   FSL_SDHC: 0, FSL_SDHC: 1, FSL_SDHC: 2
auto-detected panel HDMI
Display: HDMI (1024x768)
In:    serial
Out:   serial
Err:   serial
Missing Toradex config block
Model: Toradex Apalis iMX6 2GB
Net:   using phy at 7
FEC [PRIME]
Error: FEC address not set.

Hit any key to stop autoboot:  1  0 
switch to partitions #0, OK
mmc0(part 0) is current device
Failed to mount ext2 filesystem...
** Unrecognized filesystem type **
Failed to mount ext2 filesystem...
** Unrecognized filesystem type **
Failed to mount ext2 filesystem...
** Unrecognized filesystem type **
Wrong Image Format for bootm command
ERROR: can't get kernel image!
Apalis iMX6 # 
Apalis iMX6 # 
Apalis iMX6 # 
Apalis iMX6 # 
Apalis iMX6 # 
Apalis iMX6 # 
Apalis iMX6 # bmode usb
resetting ...


U-Boot 2015.04-ga605cf5 (Jan 14 2016 - 12:57:34)

CPU:   Freescale i.MX6Q rev1.5 at 792 MHz
Reset cause: WDOG
I2C:   ready
DRAM:  2 GiB
MMC:   FSL_SDHC: 0, FSL_SDHC: 1, FSL_SDHC: 2
auto-detected panel HDMI
Display: HDMI (1024x768)
In:    serial
Out:   serial
Err:   serial
Missing Toradex config block
Model: Toradex Apalis iMX6 2GB
Net:   using phy at 7
FEC [PRIME]
Error: FEC address not set.

Hit any key to stop autoboot:  1  0 
switch to partitions #0, OK
mmc0(part 0) is current device
Failed to mount ext2 filesystem...
** Unrecognized filesystem type **
Failed to mount ext2 filesystem...
** Unrecognized filesystem type **
Failed to mount ext2 filesystem...
** Unrecognized filesystem type **
Wrong Image Format for bootm command
ERROR: can't get kernel image!
Apalis iMX6 # 
Apalis iMX6 # 
Apalis iMX6 # 
Apalis iMX6 # 

U-Boot 2017.03-dirty (Dec 12 2017 - 15:12:51 +0530)

CPU:   Freescale i.MX6Q rev1.5 at 792 MHz
Reset cause: POR
I2C:   ready
DRAM:  2 GiB
PMIC: device id: 0x10, revision id: 0x21
PMIC: programmed
MMC:   FSL_SDHC: 0, FSL_SDHC: 1, FSL_SDHC: 2
auto-detected panel HDMI
Aravinth: Display: HDMI (1024x768)
In:    serial
Out:   serial
Err:   serial
Model: Toradex Apalis iMX6 Quad 2GB IT V1.1C, Serial# 05146387
Net:   using PHY at 7
FEC [PRIME]
Normal Boot
Hit any key to stop autoboot:  1  0 
Apalis iMX6 # bmode usb
resetting ...


U-Boot 2017.03-dirty (Dec 12 2017 - 15:12:51 +0530)

CPU:   Freescale i.MX6Q rev1.5 at 792 MHz
Reset cause: POR
I2C:   ready
DRAM:  2 GiB
PMIC: device id: 0x10, revision id: 0x21
PMIC: programmed
MMC:   FSL_SDHC: 0, FSL_SDHC: 1, FSL_SDHC: 2
auto-detected panel HDMI
Aravinth: Display: HDMI (1024x768)
In:    serial
Out:   serial
Err:   serial
Model: Toradex Apalis iMX6 Quad 2GB IT V1.1C, Serial# 05146387
Net:   using PHY at 7
FEC [PRIME]
Normal Boot
Hit any key to stop autoboot:  1  0 
Apalis iMX6 # bmode usb
resetting ...


U-Boot 2016.11-00009-g52259cf22a (Dec 14 2017 - 14:54:42 +0530)

CPU:   Freescale i.MX6Q rev1.5 at 792 MHz
Reset cause: WDOG
I2C:   ready
DRAM:  2 GiB
PMIC:  device id: 0x10, revision id: 0x21, programmed
S('þFSL_SDHC: 0, FSL_SDHC: 1, FSL_SDHC: 2
auto-detected panel HDMI
Display: HDMI (1024x768)
In:    serial
Out:   serial
Err:   serial
Model: Toradex Apalis iMX6 Quad 2GB IT V1.1C, Serial# 05146387
Net:   using PHY at 7
FEC [PRIME]
Hit any key to stop autoboot:  1  0 
Booting from internal eMMC chip...
reading devicetree.dtb
** Unable to read file devicetree.dtb **
reading uImage
5207280 bytes read in 195 ms (25.5 MiB/s)
## Booting kernel from Legacy Image at 11000000 ...
   Image Name:   Linux-4.1.4ompressed)
   Data Size:    5207216 Bytes = 5 MiB
   Load Address: 10008000
   Entry Point:  10008000
   Verifying Checksum ... OK
   Loading Kernel Image ... OK

Starting kernel ...



U-Boot 2017.03-dirty (Dec 12 2017 - 15:12:51 +0530)

CPU:   Freescale i.MX6Q rev1.5 at 792 MHz
Reset cause: POR
I2C:   ready
DRAM:  2 GiB
PMIC: device id: 0x10, revision id: 0x21
PMIC: programmed
MMC:   FSL_SDHC: 0, FSL_SDHC: 1, FSL_SDHC: 2
auto-detected panel HDMI
Aravinth: Display: HDMI (1024x768)
In:    serial
Out:   serial
Err:   serial
Model: Toradex Apalis iMX6 Quad 2GB IT V1.1C, Serial# 05146387
Net:   using PHY at 7
FEC [PRIME]
Normal Boot
Hit any key to stop autoboot:  1  0 
Apalis iMX6 # bo  bmode usb
resetting ...


U-Boot 2016.11-00009-g52259cf22a (Dec 14 2017 - 14:54:42 +0530)

CPU:   Freescale i.MX6Q rev1.5 at 792 MHz
Reset cause: WDOG
I2C:   ready
DRAM:  2 GiB
PMIC:  device id: 0x10, revision id: 0x21, programmed
MS('þFSL_SDHC: 0, FSL_SDHC: 1, FSL_SDHC: 2
auto-detected panel HDMI
Display: HDMI (1024x768)
In:    serial
Out:   serial
Err:   serial
Model: Toradex Apalis iMX6 Quad 2GB IT V1.1C, Serial# 05146387
Net:   using PHY at 7
FEC [PRIME]
Hit any key to stop autoboot:  1  0
Apalis iMX6 # 
Apalis iMX6 # 
Apalis iMX6 # 
Apalis iMX6 # 
Apalis iMX6 # 
Apalis iMX6 # pri
arch=arm
baudrate=115200
board=apalis_imx6
board_name=apalis_imx6
board_rev=011c
boot_file=uImage
bootcmd=run emmcboot ; echo ; echo emmcboot failed ; run nfsboot ; echo ; echo nfsboot failed ; usb start ;setenv stdout serial,vga ; setenv stdin serial,usbkbd
bootdelay=1
console=ttymxc0
cpu=armv7
defargs=enable_wait_mode=off vmalloc=400M
dfu_alt_info=u-boot.imx raw 0x2 0x3ff mmcpart 0;boot part 0 1;rootfs part 0 2;uImage fat 0 1;imx6q-colibri-eval-v3.dtb fat 0 1;imx6q-colibri-cam-eval-v3.dtb fat 0 1
emmcargs=ip=off root=/dev/mmcblk0p2 rw,noatime rootfstype=ext3 rootwait
emmcboot=run setup; setenv bootargs ${defargs} ${emmcargs} ${setupargs} ${vidargs}; echo Booting from internal eMMC chip...; run emmcdtbload; load mmc 0:1 ${kernel_addr_r} ${boot_file} && run fdt_fixup && bootm ${kernel_addr_r} ${dtbparam}
emmcdtbload=setenv dtbparam; load mmc 0:1 ${fdt_addr_r} ${fdt_file} && setenv dtbparam " - ${fdt_addr_r}" && true
ethact=FEC
ethaddr=00:14:2d:4e:87:13
ethprime=FEC
fdt_addr_r=0x12000000
fdt_file=devicetree.dtb
fdt_fixup=;
fdt_high=0xffffffff
initrd_high=0xffffffff
ipaddr=192.168.10.2
kernel_addr_r=0x11000000
loadaddr=0x12000000
netmask=255.255.255.0
nfsargs=ip=:::::eth0:on root=/dev/nfs rw
nfsboot=run setup; setenv bootargs ${defargs} ${nfsargs} ${setupargs} ${vidargs}; echo Booting via DHCP/TFTP/NFS...; run nfsdtbload; dhcp ${kernel_addr_r} && run fdt_fixup && bootm ${kernel_addr_r} ${dtbparam}
nfsdtbload=setenv dtbparam; tftp ${fdt_addr_r} ${fdt_file} && setenv dtbparam " - ${fdt_addr_r}" && true
ramdisk_addr_r=0x12100000
sdargs=ip=off root=/dev/mmcblk1p2 rw,noatime rootfstype=ext3 rootwait
sdboot=run setup; setenv bootargs ${defargs} ${sdargs} ${setupargs} ${vidargs}; echo Booting from SD card; run sddtbload; load mmc 1:1 ${kernel_addr_r} ${boot_file} && run fdt_fixup && bootm ${kernel_addr_r} ${dtbparam}
sddtbload=setenv dtbparam; load mmc 1:1 ${fdt_addr_r} ${fdt_file} && setenv dtbparam " - ${fdt_addr_r}" && true
serial#=05146387
serverip=192.168.10.1
setethupdate=if env exists ethaddr; then; else setenv ethaddr 00:14:2d:00:00:00; fi; tftpboot ${loadaddr} flash_eth.img && source ${loadaddr}
setsdupdate=setenv interface mmc; setenv drive 1; mmc rescan; load ${interface} ${drive}:1 ${loadaddr} flash_blk.img && source ${loadaddr}
setup=setenv setupargs fec_mac=${ethaddr} consoleblank=0 no_console_suspend=1 console=tty1 console=${console},${baudrate}n8
setupdate=run setsdupdate || run setusbupdate || run setethupdate
setusbupdate=usb start && setenv interface usb; setenv drive 0; load ${interface} ${drive}:1 ${loadaddr} flash_blk.img && source ${loadaddr}
soc=mx6
splashpos=m,m
vendor=toradex
ver=U-Boot 2016.11-00009-g52259cf22a (Dec 14 2017 - 14:54:42 +0530)
vidargs=mxc_hdmi.only_cea=1 video=mxcfb0:dev=hdmi,1920x1080M@60,if=RGB24 video=mxcfb1:off video=mxcfb2:off video=mxcfb3:off fbmem=32M

Environment size: 2935/8188 bytes
Apalis iMX6 # env default -f -a
## Resetting to default environment
Apalis iMX6 # env save
Saving Environment to MMC...
Writing to MMC(0)... done
Apalis iMX6 # saveenv
Saving Environment to MMC...
Writing to MMC(0)... done
Apalis iMX6 # boot
Booting from internal eMMC chip...
reading imx6q-apalis-eval.dtb
50345 bytes read in 17 ms (2.8 MiB/s)
reading uImage
5207280 bytes read in 196 ms (25.3 MiB/s)
## Booting kernel from Legacy Image at 11000000 ...
   Image Name:   Linux-4.1.44-2.7.4+gb1555bf
   Image Type:   ARM Linux Kernel Image (uncompressed)
   Data Size:    5207216 Bytes = 5 MiB
   Load Address: 10008000
   Entry Point:  10008000
   Verifying Checksum ... OK
## Flattened Device Tree blob at 12000000
   Booting using the fdt blob at 0x12000000
   Loading Kernel Image ... OK
   Using Device Tree in place at 12000000, end 1200f4a8

Starting kernel ...

[    0.000000] Booting Linux on physical CPU 0x0
[    0.000000] Initializing cgroup subsys cpu
[    0.000000] Initializing cgroup subsys cpuacct
[    0.000000] Linux version 4.1.44-2.7.4+gb1555bf (yocto@45574f02061f) (gcc version 6.2.1 20161016 (Linaro GCC 6.2-2016.11) ) #1 SMP Wed Oct 4 22:39:51 UTC 2017
[    0.000000] CPU: ARMv7 Processor [412fc09a] revision 10 (ARMv7), cr=10c5387d
[    0.000000] CPU: PIPT / VIPT nonaliasing data cache, VIPT aliasing instruction cache
[    0.000000] Machine model: Toradex Apalis iMX6Q/D Module on Apalis Evaluation Board
[    0.000000] Reserved memory: created CMA memory pool at 0x62000000, size 320 MiB
[    0.000000] Reserved memory: initialized node linux,cma, compatible id shared-dma-pool
[    0.000000] Memory policy: Data cache writealloc
[    0.000000] PERCPU: Embedded 12 pages/cpu @d0efc000 s16588 r8192 d24372 u49152
[    0.000000] Built 1 zonelists in Zone order, mobility grouping on.  Total pages: 521024
[    0.000000] Kernel command line: enable_wait_mode=off vmalloc=400M ip=off root=/dev/mmcblk0p2 ro rootfstype=ext4 rootwait fec_mac= consoleblank=0 no_console_suspend=1 console=tty1 console=ttymxc0,115200n8 mxc_hdmi.only_cea=1 video=mxcfb0:dev=hdmi,1920x1080M@60,if=RGB24 video=mxcfb1:off video=mxcfb2:off video=mxcfb3:off fbmem=32M
[    0.000000] PID hash table entries: 4096 (order: 2, 16384 bytes)
[    0.000000] Dentry cache hash table entries: 262144 (order: 8, 1048576 bytes)
[    0.000000] Inode-cache hash table entries: 131072 (order: 7, 524288 bytes)
[    0.000000] Memory: 1740460K/2097152K available (6751K kernel code, 239K rwdata, 2224K rodata, 332K init, 421K bss, 29012K reserved, 327680K cma-reserved, 425984K highmem)
[    0.000000] Virtual kernel memory layout:
[    0.000000]     vector  : 0xffff0000 - 0xffff1000   (   4 kB)
[    0.000000]     fixmap  : 0xffc00000 - 0xfff00000   (3072 kB)
[    0.000000]     vmalloc : 0xe6800000 - 0xff000000   ( 392 MB)
[    0.000000]     lowmem  : 0x80000000 - 0xe6000000   (1632 MB)
[    0.000000]     pkmap   : 0x7fe00000 - 0x80000000   (   2 MB)
[    0.000000]     modules : 0x7f000000 - 0x7fe00000   (  14 MB)
[    0.000000]       .text : 0x80008000 - 0x808cc0bc   (8977 kB)
[    0.000000]       .init : 0x808cd000 - 0x80920000   ( 332 kB)
[    0.000000]       .data : 0x80920000 - 0x8095bf20   ( 240 kB)
[    0.000000]        .bss : 0x8095bf20 - 0x809c56a0   ( 422 kB)
[    0.000000] SLUB: HWalign=64, Order=0-3, MinObjects=0, CPUs=4, Nodes=1
[    0.000000] Hierarchical RCU implementation.
[    0.000000] 	Additional per-CPU info printed with stalls.
[    0.000000] NR_IRQS:16 nr_irqs:16 16
[    0.000000] L2C-310 erratum 769419 enabled
[    0.000000] L2C-310 enabling early BRESP for Cortex-A9
[    0.000000] L2C-310 full line of zeros enabled for Cortex-A9
[    0.000000] L2C-310 ID prefetch enabled, offset 16 lines
[    0.000000] L2C-310 dynamic clock gating enabled, standby mode enabled
[    0.000000] L2C-310 cache controller enabled, 16 ways, 1024 kB
[    0.000000] L2C-310: CACHE_ID 0x410000c7, AUX_CTRL 0x76470001
[    0.000000] mxc_clocksource_init 3000000
[    0.000000] Switching to timer-based delay loop, resolution 333ns
[    0.000006] sched_clock: 32 bits at 3000kHz, resolution 333ns, wraps every 715827882841ns
[    0.000023] clocksource mxc_timer1: mask: 0xffffffff max_cycles: 0xffffffff, max_idle_ns: 637086815595 ns
[    0.001108] Console: colour dummy device 80x30
[    0.001699] console [tty1] enabled
[    0.001727] Calibrating delay loop (skipped), value calculated using timer frequency.. 6.00 BogoMIPS (lpj=30000)
[    0.001764] pid_max: default: 32768 minimum: 301
[    0.001874] Mount-cache hash table entries: 4096 (order: 2, 16384 bytes)
[    0.001901] Mountpoint-cache hash table entries: 4096 (order: 2, 16384 bytes)
[    0.002499] Initializing cgroup subsys freezer
[    0.002537] Initializing cgroup subsys debug
[    0.002573] CPU: Testing write buffer coherency: ok
[    0.002894] CPU0: thread -1, cpu 0, socket 0, mpidr 80000000
[    0.003002] Setting up static identity map for 0x10008280 - 0x100082d8
[    0.004889] CPU1: thread -1, cpu 1, socket 0, mpidr 80000001
[    0.005542] CPU2: thread -1, cpu 2, socket 0, mpidr 80000002
[    0.006200] CPU3: thread -1, cpu 3, socket 0, mpidr 80000003
[    0.006265] Brought up 4 CPUs
[    0.006341] SMP: Total of 4 processors activated (24.00 BogoMIPS).
[    0.006362] CPU: All CPU(s) started in SVC mode.
[    0.006869] devtmpfs: initialized
[    0.020175] VFP support v0.3: implementor 41 architecture 3 part 30 variant 9 rev 4
[    0.020585] clocksource jiffies: mask: 0xffffffff max_cycles: 0xffffffff, max_idle_ns: 19112604462750000 ns
[    0.020643] futex hash table entries: 1024 (order: 4, 65536 bytes)
[    0.040216] pinctrl core: initialized pinctrl subsystem
[    0.041389] NET: Registered protocol family 16
[    0.049618] DMA: preallocated 256 KiB pool for atomic coherent allocations
[    0.079690] cpuidle: using governor ladder
[    0.109684] cpuidle: using governor menu
[    0.109971] CPU identified as i.MX6Q, silicon rev 1.5
[    0.135523] hw-breakpoint: found 5 (+1 reserved) breakpoint and 1 watchpoint registers.
[    0.135572] hw-breakpoint: maximum watchpoint size is 4 bytes.
[    0.136598] imx6q-pinctrl 20e0000.iomuxc: initialized IMX pinctrl driver
[    0.138206] imx-gpc 20dc000.gpc: no fsl,ldo-bypass found!
[    0.147719] usb_host_vbus: supplied by usb_host_vbus_hub
[    0.148062] vgaarb: loaded
[    0.148868] SCSI subsystem initialized
[    0.149385] usbcore: registered new interface driver usbfs
[    0.149483] usbcore: registered new interface driver hub
[    0.149585] usbcore: registered new device driver usb
[    0.150309] i2c-gpio i2c@0: using pins 80 (SDA) and 62 (SCL)
[    0.151306] i2c i2c-1: IMX I2C adapter registered
[    0.151341] i2c i2c-1: can't use DMA
[    0.152885] stmpe-i2c 2-0041: stmpe811 detected, chip id: 0x811
[    0.154805] i2c i2c-2: IMX I2C adapter registered
[    0.154839] i2c i2c-2: can't use DMA
[    0.155533] i2c i2c-3: IMX I2C adapter registered
[    0.155568] i2c i2c-3: can't use DMA
[    0.155732] Linux video capture interface: v2.00
[    0.155806] pps_core: LinuxPPS API ver. 1 registered
[    0.155827] pps_core: Software ver. 5.3.6 - Copyright 2005-2007 Rodolfo Giometti <giometti@linux.it>
[    0.155878] PTP clock support registered
[    0.169736] imx-ipuv3 2400000.ipu: IPU DMFC NORMAL mode: 1(0~1), 5B(4,5), 5F(6,7)
[    0.189733] imx-ipuv3 2800000.ipu: IPU DMFC NORMAL mode: 1(0~1), 5B(4,5), 5F(6,7)
[    0.190668] mxc_mipi_csi2 21dc000.mipi_csi: i.MX MIPI CSI2 driver probed ipu0 csi1
[    0.190713] mxc_mipi_csi2 21dc000.mipi_csi: i.MX MIPI CSI2 dphy version is 0x3130302a
[    0.190823] MIPI CSI2 driver module loaded
[    0.191050] Advanced Linux Sound Architecture Driver Initialized.
[    0.192766] Switched to clocksource mxc_timer1
[    0.203699] NET: Registered protocol family 2
[    0.204511] TCP established hash table entries: 16384 (order: 4, 65536 bytes)
[    0.204681] TCP bind hash table entries: 16384 (order: 5, 131072 bytes)
[    0.204944] TCP: Hash tables configured (established 16384 bind 16384)
[    0.205033] UDP hash table entries: 1024 (order: 3, 32768 bytes)
[    0.205126] UDP-Lite hash table entries: 1024 (order: 3, 32768 bytes)
[    0.205388] NET: Registered protocol family 1
[    0.205732] RPC: Registered named UNIX socket transport module.
[    0.205761] RPC: Registered udp transport module.
[    0.205780] RPC: Registered tcp transport module.
[    0.205798] RPC: Registered tcp NFSv4.1 backchannel transport module.
[    0.206548] CPU PMU: Failed to parse /soc/pmu/interrupt-affinity[0]
[    0.206617] hw perfevents: enabled with armv7_cortex_a9 PMU driver, 7 counters available
[    0.208404] Bus freq driver module loaded
[    0.215615] VFS: Disk quotas dquot_6.6.0
[    0.215812] VFS: Dquot-cache hash table entries: 1024 (order 0, 4096 bytes)
[    0.217405] NFS: Registering the id_resolver key type
[    0.217497] Key type id_resolver registered
[    0.217520] Key type id_legacy registered
[    0.217559] nfs4filelayout_init: NFSv4 File Layout Driver Registering...
[    0.218096] ntfs: driver 2.1.32 [Flags: R/W].
[    0.218578] fuse init (API version 7.23)
[    0.222731] bounce: pool size: 64 pages
[    0.222840] io scheduler noop registered
[    0.222872] io scheduler deadline registered
[    0.223066] io scheduler cfq registered (default)
[    0.225396] backlight supply power not found, using dummy regulator
[    0.227008] MIPI DSI driver module loaded
[    0.228426] 20e0000.hdmi_video supply HDMI not found, using dummy regulator
[    0.230424] mxc_hdmi 20e0000.hdmi_video: Detected HDMI controller 0x13:0xa:0xa0:0xc1
[    0.230488] fbcvt: 1920x1080@60: CVT Name - 2.073M9
[    0.230618] mxc_sdc_fb fb@0: registered mxc display driver hdmi
[    0.246215] mxc_sdc_fb fb@0: 1920x1080 h_sync,r,l: 44,88,148  v_sync,l,u: 5,4,36 pixclock=148500000 Hz
[    0.262849] imx-ipuv3 2400000.ipu: IPU DMFC DP HIGH RESOLUTION: 1(0,1), 5B(2~5), 5F(6,7)
[    0.296729] mxc_sdc_fb fb@0: 1920x1080 h_sync,r,l: 44,88,148  v_sync,l,u: 5,4,36 pixclock=148500000 Hz
[    0.334985] Console: switching to colour frame buffer device 240x67
[    0.370255] mxc_sdc_fb fb@1: mxcfb1 is turned off!
[    0.370416] mxc_sdc_fb fb@2: mxcfb2 is turned off!
[    0.370564] mxc_sdc_fb fb@3: mxcfb3 is turned off!
[    0.372078] imx-sdma 20ec000.sdma: no iram assigned, using external mem
[    0.372530] imx-sdma 20ec000.sdma: no event needs to be remapped
[    0.372911] imx-sdma 20ec000.sdma: loaded firmware 3.3
[    0.375620] imx-sdma 20ec000.sdma: initialized
[    0.377342] pfuze100-regulator 2-0008: Full layer: 2, Metal layer: 1
[    0.378050] pfuze100-regulator 2-0008: FAB: 0, FIN: 0
[    0.378153] pfuze100-regulator 2-0008: pfuze100 found.
[    0.396731] mxc_sdc_fb fb@0: 640x480 h_sync,r,l: 96,16,48  v_sync,l,u: 2,10,33 pixclock=25175000 Hz
[    0.400525] 2020000.serial: ttymxc0 at MMIO 0x2020000 (irq = 27, base_baud = 5000000) is a IMX
[    1.393665] console [ttymxc0] enabled
[    1.394623] 21e8000.serial: ttymxc1 at MMIO 0x21e8000 (irq = 303, base_baud = 5000000) is a IMX
[    1.395179] 21f0000.serial: ttymxc3 at MMIO 0x21f0000 (irq = 304, base_baud = 5000000) is a IMX
[    1.395698] 21f4000.serial: ttymxc4 at MMIO 0x21f4000 (irq = 305, base_baud = 5000000) is a IMX
[    1.396573] [drm] Initialized drm 1.1.0 20060810
[    1.397015] [drm] Initialized vivante 1.0.0 20120216 on minor 0
[    1.398246] mxc_sdc_fb fb@0: 640x480 h_sync,r,l: 96,16,48  v_sync,l,u: 2,10,33 pixclock=25200000 Hz
[    1.405633] brd: module loaded
[    1.410951] loop: module loaded
[    1.412214] ahci-imx 2200000.sata: fsl,transmit-level-mV not specified, using 00000024
[    1.412223] ahci-imx 2200000.sata: fsl,transmit-boost-mdB not specified, using 00000480
[    1.412232] ahci-imx 2200000.sata: fsl,transmit-atten-16ths not specified, using 00002000
[    1.412242] ahci-imx 2200000.sata: fsl,receive-eq-mdB not specified, using 05000000
[    1.416319] ahci-imx 2200000.sata: SSS flag set, parallel bus scan disabled
[    1.416353] ahci-imx 2200000.sata: AHCI 0001.0300 32 slots 1 ports 3 Gbps 0x1 impl platform mode
[    1.416369] ahci-imx 2200000.sata: flags: ncq sntf stag pm led clo only pmp pio slum part ccc apst 
[    1.418911] scsi host0: ahci-imx
[    1.419221] ata1: SATA max UDMA/133 mmio [mem 0x02200000-0x02203fff] port 0x100 irq 315
[    1.421344] spi_imx 2008000.ecspi: probed
[    1.422201] spi_imx 200c000.ecspi: probed
[    1.423200] vcan: Virtual CAN interface driver
[    1.423211] CAN device driver interface
[    1.423429] 2090000.flexcan supply xceiver not found, using dummy regulator
[    1.424248] flexcan 2090000.flexcan: device registered (reg_base=e6aa8000, irq=36)
[    1.424343] 2094000.flexcan supply xceiver not found, using dummy regulator
[    1.425062] flexcan 2094000.flexcan: device registered (reg_base=e6ab0000, irq=37)
[    1.426197] 2188000.ethernet supply phy not found, using dummy regulator
[    1.443209] pps pps0: new PPS source ptp0
[    1.444533] libphy: fec_enet_mii_bus: probed
[    1.446342] fec 2188000.ethernet eth0: registered PHC device 0
[    1.446705] usbcore: registered new interface driver asix
[    1.446784] usbcore: registered new interface driver ax88179_178a
[    1.446840] usbcore: registered new interface driver cdc_ether
[    1.446891] usbcore: registered new interface driver net1080
[    1.446945] usbcore: registered new interface driver cdc_subset
[    1.446995] usbcore: registered new interface driver zaurus
[    1.447096] usbcore: registered new interface driver cdc_ncm
[    1.447107] ehci_hcd: USB 2.0 'Enhanced' Host Controller (EHCI) Driver
[    1.447117] ehci-pci: EHCI PCI platform driver
[    1.447178] ehci-mxc: Freescale On-Chip EHCI Host driver
[    1.447391] usbcore: registered new interface driver usb-storage
[    1.447528] usbcore: registered new interface driver usbserial
[    1.447566] usbcore: registered new interface driver usbserial_generic
[    1.447604] usbserial: USB Serial support registered for generic
[    1.447652] usbcore: registered new interface driver ftdi_sio
[    1.447689] usbserial: USB Serial support registered for FTDI USB Serial Device
[    1.447738] usbcore: registered new interface driver pl2303
[    1.447775] usbserial: USB Serial support registered for pl2303
[    1.449065] 2184800.usbmisc supply vbus-wakeup not found, using dummy regulator
[    1.450451] mxc_sdc_fb fb@0: 640x480 h_sync,r,l: 96,16,48  v_sync,l,u: 2,10,33 pixclock=25200000 Hz
[    1.459851] ci_hdrc ci_hdrc.1: EHCI Host Controller
[    1.459881] ci_hdrc ci_hdrc.1: new USB bus registered, assigned bus number 1
[    1.472826] ci_hdrc ci_hdrc.1: USB 2.0 started, EHCI 1.00
[    1.473725] hub 1-0:1.0: USB hub found
[    1.473761] hub 1-0:1.0: 1 port detected
[    1.474846] mousedev: PS/2 mouse device common for all mice
[    1.483512] input: stmpe-ts as /devices/soc0/soc/2100000.aips-bus/21a4000.i2c/i2c-2/2-0041/stmpe-ts/input/input0
[    1.486840] rtc-ds1307 1-0068: oscillator failed, set time!
[    1.487026] rtc-ds1307 1-0068: rtc core: registered m41t0 as rtc0
[    1.487686] snvs_rtc 20cc000.snvs:snvs-rtc-lp: rtc core: registered 20cc000.snvs:snvs-r as rtc1
[    1.487828] i2c /dev entries driver
[    1.489137] mxc_v4l2_output v4l2_out: V4L2 device registered as video16
[    1.489289] mxc_v4l2_output v4l2_out: V4L2 device registered as video17
[    1.490781] imx2-wdt 20bc000.wdog: timeout 60 sec (nowayout=0)
[    1.491152] sdhci: Secure Digital Host Controller Interface driver
[    1.491154] sdhci: Copyright(c) Pierre Ossman
[    1.491163] sdhci-pltfm: SDHCI platform and OF driver helper
[    1.492253] /soc/aips-bus@02100000/usdhc@02190000: voltage-ranges unspecified
[    1.492282] sdhci-esdhc-imx 2190000.usdhc: Got CD GPIO
[    1.493687] sdhci-esdhc-imx 2190000.usdhc: No vqmmc regulator found
[    1.532932] mmc1: SDHCI controller on 2190000.usdhc [2190000.usdhc] using ADMA
[    1.533389] /soc/aips-bus@02100000/usdhc@02194000: voltage-ranges unspecified
[    1.533416] sdhci-esdhc-imx 2194000.usdhc: Got CD GPIO
[    1.534762] sdhci-esdhc-imx 2194000.usdhc: No vqmmc regulator found
[    1.573012] mmc2: SDHCI controller on 2194000.usdhc [2194000.usdhc] using ADMA
[    1.573653] /soc/aips-bus@02100000/usdhc@02198000: voltage-ranges unspecified
[    1.574048] sdhci-esdhc-imx 2198000.usdhc: No vqmmc regulator found
[    1.612808] mmc0: SDHCI controller on 2198000.usdhc [2198000.usdhc] using ADMA
[    1.614206] mxc_vpu 2040000.vpu_fsl: VPU initialized
[    1.614783] mxc_vdoa 21e4000.vdoa: i.MX Video Data Order Adapter(VDOA) driver probed
[    1.616649] caam 2100000.caam: Entropy delay = 3200
[    1.677439] caam 2100000.caam: Instantiated RNG4 SH0
[    1.738199] caam 2100000.caam: Instantiated RNG4 SH1
[    1.738211] caam 2100000.caam: device ID = 0x0a16010000000000 (Era -524)
[    1.738218] caam 2100000.caam: job rings = 2, qi = 0
[    1.782804] ata1: SATA link down (SStatus 0 SControl 300)
[    1.782848] ahci-imx 2200000.sata: no device found, disabling link.
[    1.782856] ahci-imx 2200000.sata: pass ahci_imx..hotplug=1 to enable hotplug
[    1.842800] usb 1-1: new high-speed USB device number 2 using ci_hdrc
[    1.852306] mmc1: new high speed SDHC card at address 59b4
[    1.852749] mmcblk1: mmc1:59b4 USD   7.48 GiB 
[    1.860085]  mmcblk1: p1 p2 p3
[    1.917837] caam algorithms registered in /proc/crypto
[    1.935872] caam_jr 2101000.jr0: registering rng-caam
[    1.936804] snvs-secvio 20cc000.caam-snvs: can't get snvs clock
[    1.936856] snvs-secvio 20cc000.caam-snvs: violation handlers armed - non-secure state
[    1.937117] hidraw: raw HID events driver (C) Jiri Kosina
[    1.937297] usbcore: registered new interface driver usbhid
[    1.937300] usbhid: USB HID core driver
[    2.053332] hub 1-1:1.0: USB hub found
[    2.061395] hub 1-1:1.0: 4 ports detected
[    2.115068] mmc0: MAN_BKOPS_EN bit is not set
[    2.185222] stmpe-adc stmpe-adc: Initialized
[    2.235894] mmc0: new DDR MMC card at address 0001
[    2.236327] mmcblk0: mmc0:0001 Q2J54A 3.59 GiB 
[    2.236451] mmcblk0boot0: mmc0:0001 Q2J54A partition 1 16.0 MiB
[    2.236569] mmcblk0boot1: mmc0:0001 Q2J54A partition 2 16.0 MiB
[    2.243431] sgtl5000 2-000a: sgtl5000 revision 0x11
[    2.243529]  mmcblk0: p1 p2
[    2.481657] mxc_sdc_fb fb@0: 640x480 h_sync,r,l: 96,16,48  v_sync,l,u: 2,10,33 pixclock=25175000 Hz
[    2.482798] usb 1-1.2: new low-speed USB device number 3 using ci_hdrc
[    2.576180] mxc_sdc_fb fb@0: 640x480 h_sync,r,l: 96,16,48  v_sync,l,u: 2,10,33 pixclock=25200000 Hz
[    2.637384] input: PixArt Dell MS116 USB Optical Mouse as /devices/soc0/soc/2100000.aips-bus/2184200.usb/ci_hdrc.1/usb1/1-1/1-1.2/1-1.2:1.0/0003:413C:301A.0001/input/input1
[    2.637877] hid-generic 0003:413C:301A.0001: input,hidraw0: USB HID v1.11 Mouse [PixArt Dell MS116 USB Optical Mouse] on usb-ci_hdrc.1-1.2/input0
[    2.643375] imx-sgtl5000 sound: sgtl5000 <-> 2028000.ssi mapping ok
[    2.646148] imx-spdif sound-spdif: snd-soc-dummy-dai <-> 2004000.spdif mapping ok
[    2.651657] imx-audio-hdmi sound-hdmi: hdmi-hifi <-> soc:hdmi_audio@00120000 mapping ok
[    2.653210] NET: Registered protocol family 10
[    2.654234] NET: Registered protocol family 17
[    2.654255] can: controller area network core (rev 20120528 abi 9)
[    2.654319] NET: Registered protocol family 29
[    2.654355] can: raw protocol (rev 20120528)
[    2.654367] can: broadcast manager protocol (rev 20120528 t)
[    2.654382] can: netlink gateway (rev 20130117) max_hops=1
[    2.654899] Key type dns_resolver registered
[    2.656859] Registering SWP/SWPB emulation handler
[    2.658062] 1ffc000.pcie supply pcie-bus not found, using dummy regulator
[    2.998722] imx6q-pcie 1ffc000.pcie: phy link never came up
[    3.006886] imx6q-pcie 1ffc000.pcie: failed to initialize host
[    3.015435] imx6q-pcie: probe of 1ffc000.pcie failed with error -22
[    3.027178] input: gpio-keys as /devices/soc0/gpio-keys/input/input2
[    3.037875] rtc-ds1307 1-0068: hctosys: unable to read the hardware clock
[    3.058267] usb_otg_vbus: disabling
[    3.064672] ALSA device list:
[    3.070133]   #0: imx6q-apalis-sgtl5000
[    3.076433]   #1: imx-spdif
[    3.081581]   #2: imx-hdmi-soc
[    3.100741] EXT4-fs (mmcblk0p2): mounted filesystem with ordered data mode. Opts: (null)
[    3.113560] VFS: Mounted root (ext4 filesystem) readonly on device 179:10.
[    3.126165] devtmpfs: mounted
[    3.131807] Freeing unused kernel memory: 332K
[    3.236246] systemd[1]: System time before build time, advancing clock.
[    3.261579] random: systemd urandom read with 14 bits of entropy available
[    3.274536] systemd[1]: systemd 230 running in system mode. (+PAM -AUDIT -SELINUX +IMA -APPARMOR +SMACK +SYSVINIT +UTMP -LIBCRYPTSETUP -GCRYPT -GNUTLS -ACL -XZ +LZ4 -SECCOMP +BLKID -ELFUTILS +KMOD +IDN)
[    3.299716] systemd[1]: Detected architecture arm.

Welcome to The Ã…ngstrÃ¶m Distribution v2016.12!

[    3.323340] systemd[1]: Set hostname to <apalis-imx6>.
[    3.331996] systemd[1]: Initializing machine ID from random generator.
[    3.341037] systemd[1]: Installed transient /etc/machine-id file.
[    3.574798] systemd[1]: Reached target Remote File Systems.
[  OK  ] Reached target Remote File Systems.
[    3.613206] systemd[1]: Started Forward Password Requests to Wall Directory Watch.
[  OK  ] Started Forward Password Requests to Wall Directory Watch.
[    3.643082] systemd[1]: Listening on /dev/initctl Compatibility Named Pipe.
[  OK  ] Listening on /dev/initctl Compatibility Named Pipe.
[    3.673020] systemd[1]: Listening on udev Kernel Socket.
[  OK  ] Listening on udev Kernel Socket.
[    3.703320] systemd[1]: Created slice User and Session Slice.
[  OK  ] Created slice User and Session Slice.
[    3.748748] systemd[1]: Listening on Journal Socket (/dev/log).
[  OK  ] Listening on Journal Socket (/dev/log).
[    3.783132] systemd[1]: Listening on udev Control Socket.
[  OK  ] Listening on udev Control Socket.
[    3.813228] systemd[1]: Created slice System Slice.
[  OK  ] Created slice System Slice.
[    3.843290] systemd[1]: Created slice system-serial\x2dgetty.slice.
[  OK  ] Created slice system-serial\x2dgetty.slice.
[    3.872934] systemd[1]: Reached target Slices.
[  OK  ] Reached target Slices.
[    3.893200] systemd[1]: Created slice system-getty.slice.
[  OK  ] Created slice system-getty.slice.
[    3.923160] systemd[1]: Started Dispatch Password Requests to Console Directory Watch.
[  OK  ] Started Dispatch Password Requests to Console Directory Watch.
[    3.952930] systemd[1]: Reached target Paths.
[  OK  ] Reached target Paths.
[    3.973197] systemd[1]: Listening on Network Service Netlink Socket.
[  OK  ] Listening on Network Service Netlink Socket.
[    4.003129] systemd[1]: Listening on Journal Socket.
[  OK  ] Listening on Journal Socket.
[    4.035136] systemd[1]: Starting Journal Service...
         Starting Journal Service...
[    4.066766] systemd[1]: Starting Load Kernel Modules...
         Starting Load Kernel Modules...
[    4.095001] Galcore version 5.0.11.41671
[    4.095493] systemd[1]: Starting Export GPIOs to user space...
         Starting Export GPIOs to user space...
[    4.126685] systemd[1]: Mounting Debug File System...
         Mounting Debug File System...
         Starting Setup Virtual Console...
[    4.188056] systemd[1]: Starting Create list of required static device nodes for the current kernel...
         Starting Create list of required st... nodes for the current kernel...
[    4.223964] systemd[1]: Reached target Swap.
[  OK  ] Reached target Swap.
[    4.265851] systemd[1]: Mounting Temporary Directory...
         Mounting Temporary Directory...
[    4.296528] systemd[1]: Starting File System Check on Root Device...
         Starting File System Check on Root Device...
[    4.328731] systemd[1]: Mounted Debug File System.
[  OK  ] Mounted Debug [    4.337130] systemd[1]: Mounted Temporary Directory.
File System.
[  OK  ] Mounted Tempor[    4.349493] systemd[1]: Started Journal Service.
ary Directory.
[  OK  ] Started Journal Service.
[  OK  ] Started Export GPIOs to user space.
[  OK  ] Started Setup Virtual Console.
[  OK  ] Started Create list of required sta...ce nodes for the current kernel.
[  OK  ] Started File System Check on Root Device.
         Starting Remount Root and Kernel File Systems...
[    4.624100] EXT4-fs (mmcblk0p2): re-mounted. Opts: (null)
[  OK  ] Started Remount Root and Kernel File Systems.
         Starting Flush Journal to Persistent Storage...
         Starting Rebuild Hardware Database...
         Starting Create System Users...
[  OK  ] Started Load Kernel Modules.
[  OK  ] Started Create System Users.
         Starting Create Static Device Nodes in /dev...
         Mounting Configuration File System...
         Starting Apply Kernel Variables...
         Mounting FUSE Control File System...
[  OK  ] Mounted Configuration File System.
[  OK  ] Mounted FUSE Control File System.
[  OK  ] Started Create Static Device Nodes in /dev.
[  OK  ] Started Apply Kernel Variables.
[    4.959419] systemd-journald[190]: Received request to flush runtime journal from PID 1
         Starting udev Kernel Device Manager...
[  OK  ] Reached target Local File Systems (Pre).
         Mounting /var/volatile...
[  OK  ] Mounted /var/volatile.
[  OK  ] Started udev Kernel Device Manager.
[  OK  ] Started Flush Journal to Persistent Storage.
         Starting Load/Save Random Seed...
[  OK  ] Reached target Local File Systems.
         Starting Commit a transient machine-id on disk...
         Starting Create Volatile Files and Directories...
         Starting Rebuild Journal Catalog...
         Starting Rebuild Dynamic Linker Cache...
[  OK  ] Started Load/Save Random Seed.
[  OK  ] Started Create Volatile Files and Director[  OK  ] Started Rebuild Journal Catalog.
         Starting Network Time Synchronization...
         Starting Update UTMP about System Boot/Shutdown...
         Starting Opkg first boot configure...
         Starting Run pending postinsts...
[  OK  ] Started Commit a transient machine-id on disk.
[  OK  ] Started Update UTMP about System Boot/Shutdown.
[  OK  ] Started Network Time Synchronization.
[  OK  ] Reached target System Time Synchronized.
[  OK  ] Started Rebuild Dynamic Linker Cache.
[  OK  ] Started Run pending postinsts.
[  OK  ] Started Rebuild Hardware Database.
         Starting Update is Completed...
         Starting udev Coldplug all Devices...
[  OK  ] Started Update is Completed.
[  OK  ] Started udev Coldplug all Devices.
[  OK  ] Found device /dev/ttymxc0.
[  OK  ] Created slice system-systemd\x2dbacklight.slice.
         Starting Load/Save Screen Backlight...htness of backlight:backlight...
[  OK  ] Started Load/Save Screen Backlight Brightness of backlight:backlight.
[  OK  ] Started Opkg first boot configure.
[    7.378164] adv7280 3-0021: chip found @ 0x42 (21a8000.i2c)
[    7.394862] adv7280 3-0021: no sensor pwdn pin available
[    7.443961] adv7280 3-0021: adv7280_probe:Analog Device adv7280 not detected -5!
[  OK  ] Reached target Sound Card.
[    7.497648] max9526 3-0020: Device seems not to be a MAX9526
[    7.506089] /soc/aips-bus@02100000/i2c@021a8000/ov5640_mipi@3c: arguments longer than property
[  OK  ] Reached target System Initialization.
[  OK  ] Listening on Avahi mDNS/DNS-SD Stack Activation Socket.
[  OK  ] Listening on D-Bus System Message Bus Socket.
[  OK  ] Listening on RPCbind Server Activation Socket.
[  OK  ] Started Daily Cleanup of Temporary Directories.
[  OK  ] Reached target Timers.
         Starting sshd.socket.
         Starting Socket activation for snappy daemon.
[  OK  ] Listening on sshd.socket.
[  OK  ] Listening on Socket activation for snappy daemon.
[    7.727214] ov5640_read_reg:write reg error:reg=300a
[    7.735099] camera ov5640_mipi is not found
[  OK  ] Reached target Sockets.
[  OK  ] Reached target Basic System.
         Starting Load default USB gadget schema g1.schema...
[  OK  ] Started D-Bus System Message Bus.
[    8.028162] using random self ethernet address
[    8.036032] using random host ethernet address
         Starting Connection service...
[  OK  ] Started Timestamping service.
         Starting Save/Restore Sound Card State...
         Starting Login Service...
         Starting Avahi mDNS/DNS-SD Stack...
[    8.310873] ERROR: v4l2 capture: slave not found! V4L2_CID_HUE
[    8.319107] ERROR: v4l2 capture: slave not found! V4L2_CID_HUE
[  OK  ] Started Snappy daemon.
[    8.340365] ERROR: v4l2 capture: slave not found! V4L2_CID_HUE
[  OK  ] Started start resize script to incr...tfs to its partitions full size.
[  OK  ] Started Save/Restore Sound Card State.
[    8.635911] usb0: HOST MAC 00:14:2d:ff:ff:fe
[    8.644524] usb0: MAC 00:14:2d:ff:ff:ff
[  OK  ] Started Load default USB gadget schema g1.schema.
[    8.767819] FAT-fs (mmcblk1p1): Volume was not properly unmounted. Some data may be corrupt. Please run fsck.
[  OK  ] Started Connection service.
[    8.802725] FAT-fs (mmcblk1p3): Volume was not properly unmounted. Some data may be corrupt. Please run fsck.
[    8.833806] fec 2188000.ethernet eth0: Freescale FEC PHY driver [Micrel KSZ9031 Gigabit PHY] (mii_bus:phy_addr=2188000.ethernet:07, irq=70)
[    8.857299] IPv6: ADDRCONF(NETDEV_UP): eth0: link is not ready
[  OK  ] Started Avahi mDNS/DNS-SD Stack.
[  OK  ] Started Login Service.
[    8.887670] EXT4-fs (mmcblk1p2): mounting ext3 file system using the ext4 subsystem
         Starting Hostname Service...
         Starting WPA supplicant...
         Starting Network Service...
[    8.947354] EXT4-fs (mmcblk1p2): mounted filesystem with ordered data mode. Opts: (null)
[  OK  ] Listening on Load/Save RF Kill Switch Status /dev/rfkill Watch.
[  OK  ] Started WPA supplicant.
[    9.038301] IPv6: ADDRCONF(NETDEV_UP): usb0: link is not ready
[  OK  ] Started Network Service.
[  OK  ] Reached target Network.
         Starting Permit User Sessions...
         Starting Network Name Resolution...
[  OK  ] Started Permit User Sessions.
[  OK  ] Started Hostname Service.
[  OK  ] Started Network Name Resolution.
[  OK  ] Started Serial Getty on ttymxc0.
[  OK  ] Reached target Login Prompts.
[  OK  ] Reached target Multi-User System.
[  OK  ] Started LXDE Display Manager.
[  OK  ] Reached target Graphical Interface.
         Starting Update UTMP about System Runlevel Changes...
[  OK  ] Started Update UTMP about System Runlevel Changes.
[    9.525158] mxc_sdc_fb fb@0: 640x480 h_sync,r,l: 96,16,48  v_sync,l,u: 2,10,33 pixclock=25200000 Hz
[    9.593571] mxc_sdc_fb fb@0: 640x480 h_sync,r,l: 96,16,48  v_sync,l,u: 2,10,33 pixclock=25200000 Hz
[    9.662750] mxc_sdc_fb fb@0: 640x480 h_sync,r,l: 96,16,48  v_sync,l,u: 2,10,33 pixclock=25200000 Hz
[    9.733168] mxc_sdc_fb fb@0: 640x480 h_sync,r,l: 96,16,48  v_sync,l,u: 2,10,33 pixclock=25200000 Hz
[   10.262104] mxc_sdc_fb fb@0: 640x480 h_sync,r,l: 96,16,48  v_sync,l,u: 2,10,33 pixclock=25200000 Hz
--'| '--.|  .-'|     |     |
|   |   |  |  |     |---  ||  --'|  |  |  '  | | | |
'---'---'--'--'--.  |-----''----''--'  'The Angstrom Distribution apalis-imx6 ttymxc0

Angstrom v2016.12 - Kernel 

Apalis-iMX6_LXDE-Image 2.7b4 20171004

apalis-imx6 login: [   10.590148] mxc_sdc_fb fb@0: 640x480 h_sync,r,l: 96,16,48  v_sync,l,u: 2,10,33 pixclock=25200000 Hz
[   10.652912] mxc_sdc_fb fb@0: 640x480 h_sync,r,l: 96,16,48  v_sync,l,u: 2,10,33 pixclock=25200000 Hz
[   10.706061] mxc_sdc_fb fb@0: 640x480 h_sync,r,l: 96,16,48  v_sync,l,u: 2,10,33 pixclock=25200000 Hz
[   11.307329] mxc_sdc_fb fb@0: 640x480 h_sync,r,l: 96,16,48  v_sync,l,u: 2,10,33 pixclock=25200000 Hz
[   11.373595] mxc_sdc_fb fb@0: 640x480 h_sync,r,l: 96,16,48  v_sync,l,u: 2,10,33 pixclock=25200000 Hz
[   11.442759] mxc_sdc_fb fb@0: 640x480 h_sync,r,l: 96,16,48  v_sync,l,u: 2,10,33 pixclock=25200000 Hz
[   11.513176] mxc_sdc_fb fb@0: 640x480 h_sync,r,l: 96,16,48  v_sync,l,u: 2,10,33 pixclock=25200000 Hz
[   11.901732] mxc_sdc_fb fb@0: 640x480 h_sync,r,l: 96,16,48  v_sync,l,u: 2,10,33 pixclock=25200000 Hz
[   12.491635] random: nonblocking pool is initialized

.---O---.                                           
|       |                  .-.           o o        
|   |   |-----.-----.-----.| |   .----..-----.-----.
|       |     | __  |  ---'| '--.|  .-'|     |     |
|   |   |  |  |     |---  ||  --'|  |  |  '  | | | |
'---'---'--'--'--.  |-----''----''--'  '-----'-'-'-'
                -'  |
                '---'

The Angstrom Distribution apalis-imx6 ttymxc0

Angstrom v2016.12 - Kernel 

Apalis-iMX6_LXDE-Image 2.7b4 20171004

apalis-imx6 login: root
root@apalis-imx6:~# cd /
root@apalis-imx6:/# 
root@apalis-imx6:/# 
root@apalis-imx6:/# 
root@apalis-imx6:/# 

U-Boot 2017.03-dirty (Dec 12 2017 - 15:12:51 +0530)

CPU:   Freescale i.MX6Q rev1.5 at 792 MHz
Reset cause: POR
I2C:   ready
DRAM:  2 GiB
PMIC: device id: 0x10, revision id: 0x21
PMIC: programmed
MMC:   FSL_SDHC: 0, FSL_SDHC: 1, FSL_SDHC: 2
auto-detected panel HDMI
Aravinth: Display: HDMI (1024x768)
In:    serial
Out:   serial
Err:   serial
Model: Toradex Apalis iMX6 Quad 2GB IT V1.1C, Serial# 05146387
Net:   using PHY at 7
FEC [PRIME]
Normal Boot
Hit any key to stop autoboot:  1  0 
Apalis iMX6 # bmode usb
resetting ...


U-Boot 2017.03-dirty (Dec 14 2017 - 15:09:30 +0530)

CPU:   Freescale i.MX6Q rev1.5 at 792 MHz
Reset cause: WDOG
I2C:   ready
DRAM:  2 GiB
PMIC: device id: 0x10, revision id: 0x21
PMIC: programmed
MMC:   FSL_SDHC: 0, FSL_SDHC: 1, FSL_SDHC: 2
auto-detected panel HDMI
Aravinth: Display: HDMI (1024x768)
In:    serial
Out:   serial
Err:   serial
Model: Toradex Apalis iMX6 Quad 2GB IT V1.1C, Serial# 05146387
Net:   using PHY at 7
FEC [PRIME]
Boot from USB for mfgtools
Use default environment for 				 mfgtools
Run bootcmd_mfg: <NULL>
Apalis iMX6 # pri
arch=arm
baudrate=115200
board=apalis_imx6
board_name=apalis_imx6
boot_file=uImage
bootcmd=run emmcboot ; echo ; echo emmcboot failed ; run nfsboot ; echo ; echo nfsboot failed ; usb start ;setenv stdout serial,vga ; setenv stdin serial,usbkbd
bootdelay=1
console=ttymxc0
cpu=armv7
defargs=enable_wait_mode=off vmalloc=400M
dfu_alt_info=u-boot.imx raw 0x2 0x3ff mmcpart 0;boot part 0 1;rootfs part 0 2;uImage fat 0 1;imx6q-colibri-eval-v3.dtb fat 0 1;imx6q-colibri-cam-eval-v3.dtb fat 0 1
emmcargs=ip=off root=/dev/mmcblk0p2 rw,noatime rootfstype=ext3 rootwait
emmcboot=run setup; setenv bootargs ${defargs} ${emmcargs} ${setupargs} ${vidargs}; echo Booting from internal eMMC chip...; run emmcdtbload; load mmc 0:1 ${kernel_addr_r} ${boot_file} && run fdt_fixup && bootm ${kernel_addr_r} ${dtbparam}
emmcdtbload=setenv dtbparam; load mmc 0:1 ${fdt_addr_r} ${fdt_file} && setenv dtbparam " - ${fdt_addr_r}" && true
ethprime=FEC
fdt_addr_r=0x12000000
fdt_file=imx6q-apalis-eval.dtb
fdt_fixup=;
fdt_high=0xffffffff
initrd_high=0xffffffff
ipaddr=192.168.10.2
kernel_addr_r=0x11000000
loadaddr=0x12000000
netmask=255.255.255.0
nfsargs=ip=:::::eth0:on root=/dev/nfs rw
nfsboot=run setup; setenv bootargs ${defargs} ${nfsargs} ${setupargs} ${vidargs}; echo Booting via DHCP/TFTP/NFS...; run nfsdtbload; dhcp ${kernel_addr_r} && run fdt_fixup && bootm ${kernel_addr_r} ${dtbparam}
nfsdtbload=setenv dtbparam; tftp ${fdt_addr_r} ${fdt_file} && setenv dtbparam " - ${fdt_addr_r}" && true
ramdisk_addr_r=0x12100000
sdargs=ip=off root=/dev/mmcblk1p2 rw,noatime rootfstype=ext3 rootwait
sdboot=run setup; setenv bootargs ${defargs} ${sdargs} ${setupargs} ${vidargs}; echo Booting from SD card; run sddtbload; load mmc 1:1 ${kernel_addr_r} ${boot_file} && run fdt_fixup && bootm ${kernel_addr_r} ${dtbparam}
sddtbload=setenv dtbparam; load mmc 1:1 ${fdt_addr_r} ${fdt_file} && setenv dtbparam " - ${fdt_addr_r}" && true
serverip=192.168.10.1
setethupdate=if env exists ethaddr; then; else setenv ethaddr 00:14:2d:00:00:00; fi; tftpboot ${loadaddr} flash_eth.img && source ${loadaddr}
setsdupdate=setenv interface mmc; setenv drive 1; mmc rescan; load ${interface} ${drive}:1 ${loadaddr} flash_blk.img && source ${loadaddr}
setup=setenv setupargs fec_mac=${ethaddr} consoleblank=0 no_console_suspend=1 console=tty1 console=${console},${baudrate}n8
setupdate=run setsdupdate || run setusbupdate || run setethupdate
setusbupdate=usb start && setenv interface usb; setenv drive 0; load ${interface} ${drive}:1 ${loadaddr} flash_blk.img && source ${loadaddr}
soc=mx6
splashpos=m,m
vendor=toradex
vidargs=mxc_hdmi.only_cea=1 video=mxcfb0:dev=hdmi,1920x1080M@60,if=RGB24 video=mxcfb1:off video=mxcfb2:off video=mxcfb3:off fbmem=32M

Environment size: 2795/8188 bytes
Apalis iMX6 # env default -f -a
## Resetting to default environment
Apalis iMX6 # env d save
Saving Environment to MMC...
Writing to MMC(0)... done
Apalis iMX6 # saveenv
Saving Environment to MMC...
Writing to MMC(0)... done
Apalis iMX6 # boot
Booting from internal eMMC chip...
reading imx6q-apalis-eval.dtb
50345 bytes read in 17 ms (2.8 MiB/s)
reading uImage
5207280 bytes read in 195 ms (25.5 MiB/s)
## Booting kernel from Legacy Image at 11000000 ...
   Image Name:   Linux-4.1.44-2.7.4+gb1555bf
   Image Type:   ARM Linux Kernel Image (uncompressed)
   Data Size:    5207216 Bytes = 5 MiB
   Load Address: 10008000
   Entry Point:  10008000
   Verifying Checksum ... OK
## Flattened Device Tree blob at 12000000
   Booting using the fdt blob at 0x12000000
   Loading Kernel Image ... OK
   Using Device Tree in place at 12000000, end 1200f4a8

Starting kernel ...

[    0.000000] Booting Linux on physical CPU 0x0
[    0.000000] Initializing cgroup subsys cpu
[    0.000000] Initializing cgroup subsys cpuacct
[    0.000000] Linux version 4.1.44-2.7.4+gb1555bf (yocto@45574f02061f) (gcc version 6.2.1 20161016 (Linaro GCC 6.2-2016.11) ) #1 SMP Wed Oct 4 22:39:51 UTC 2017
[    0.000000] CPU: ARMv7 Processor [412fc09a] revision 10 (ARMv7), cr=10c5387d
[    0.000000] CPU: PIPT / VIPT nonaliasing data cache, VIPT aliasing instruction cache
[    0.000000] Machine model: Toradex Apalis iMX6Q/D Module on Apalis Evaluation Board
[    0.000000] Reserved memory: created CMA memory pool at 0x62000000, size 320 MiB
[    0.000000] Reserved memory: initialized node linux,cma, compatible id shared-dma-pool
[    0.000000] Memory policy: Data cache writealloc
[    0.000000] PERCPU: Embedded 12 pages/cpu @d0efc000 s16588 r8192 d24372 u49152
[    0.000000] Built 1 zonelists in Zone order, mobility grouping on.  Total pages: 521024
[    0.000000] Kernel command line: enable_wait_mode=off vmalloc=400M ip=off root=/dev/mmcblk0p2 rw,noatime rootfstype=ext3 rootwait fec_mac= consoleblank=0 no_console_suspend=1 console=tty1 console=ttymxc0,115200n8 mxc_hdmi.only_cea=1 video=mxcfb0:dev=hdmi,1920x1080M@60,if=RGB24 video=mxcfb1:off video=mxcfb2:off video=mxcfb3:off fbmem=32M
[    0.000000] PID hash table entries: 4096 (order: 2, 16384 bytes)
[    0.000000] Dentry cache hash table entries: 262144 (order: 8, 1048576 bytes)
[    0.000000] Inode-cache hash table entries: 131072 (order: 7, 524288 bytes)
[    0.000000] Memory: 1740460K/2097152K available (6751K kernel code, 239K rwdata, 2224K rodata, 332K init, 421K bss, 29012K reserved, 327680K cma-reserved, 425984K highmem)
[    0.000000] Virtual kernel memory layout:
[    0.000000]     vector  : 0xffff0000 - 0xffff1000   (   4 kB)
[    0.000000]     fixmap  : 0xffc00000 - 0xfff00000   (3072 kB)
[    0.000000]     vmalloc : 0xe6800000 - 0xff000000   ( 392 MB)
[    0.000000]     lowmem  : 0x80000000 - 0xe6000000   (1632 MB)
[    0.000000]     pkmap   : 0x7fe00000 - 0x80000000   (   2 MB)
[    0.000000]     modules : 0x7f000000 - 0x7fe00000   (  14 MB)
[    0.000000]       .text : 0x80008000 - 0x808cc0bc   (8977 kB)
[    0.000000]       .init : 0x808cd000 - 0x80920000   ( 332 kB)
[    0.000000]       .data : 0x80920000 - 0x8095bf20   ( 240 kB)
[    0.000000]        .bss : 0x8095bf20 - 0x809c56a0   ( 422 kB)
[    0.000000] SLUB: HWalign=64, Order=0-3, MinObjects=0, CPUs=4, Nodes=1
[    0.000000] Hierarchical RCU implementation.
[    0.000000] 	Additional per-CPU info printed with stalls.
[    0.000000] NR_IRQS:16 nr_irqs:16 16
[    0.000000] L2C-310 erratum 769419 enabled
[    0.000000] L2C-310 enabling early BRESP for Cortex-A9
[    0.000000] L2C-310 full line of zeros enabled for Cortex-A9
[    0.000000] L2C-310 ID prefetch enabled, offset 16 lines
[    0.000000] L2C-310 dynamic clock gating enabled, standby mode enabled
[    0.000000] L2C-310 cache controller enabled, 16 ways, 1024 kB
[    0.000000] L2C-310: CACHE_ID 0x410000c7, AUX_CTRL 0x76470001
[    0.000000] mxc_clocksource_init 3000000
[    0.000000] Switching to timer-based delay loop, resolution 333ns
[    0.000008] sched_clock: 32 bits at 3000kHz, resolution 333ns, wraps every 715827882841ns
[    0.000025] clocksource mxc_timer1: mask: 0xffffffff max_cycles: 0xffffffff, max_idle_ns: 637086815595 ns
[    0.001117] Console: colour dummy device 80x30
[    0.001714] console [tty1] enabled
[    0.001741] Calibrating delay loop (skipped), value calculated using timer frequency.. 6.00 BogoMIPS (lpj=30000)
[    0.001779] pid_max: default: 32768 minimum: 301
[    0.001895] Mount-cache hash table entries: 4096 (order: 2, 16384 bytes)
[    0.001923] Mountpoint-cache hash table entries: 4096 (order: 2, 16384 bytes)
[    0.002587] Initializing cgroup subsys freezer
[    0.002627] Initializing cgroup subsys debug
[    0.002664] CPU: Testing write buffer coherency: ok
[    0.002989] CPU0: thread -1, cpu 0, socket 0, mpidr 80000000
[    0.003109] Setting up static identity map for 0x10008280 - 0x100082d8
[    0.005087] CPU1: thread -1, cpu 1, socket 0, mpidr 80000001
[    0.005772] CPU2: thread -1, cpu 2, socket 0, mpidr 80000002
[    0.006469] CPU3: thread -1, cpu 3, socket 0, mpidr 80000003
[    0.006544] Brought up 4 CPUs
[    0.006621] SMP: Total of 4 processors activated (24.00 BogoMIPS).
[    0.006642] CPU: All CPU(s) started in SVC mode.
[    0.007171] devtmpfs: initialized
[    0.020483] VFP support v0.3: implementor 41 architecture 3 part 30 variant 9 rev 4
[    0.020907] clocksource jiffies: mask: 0xffffffff max_cycles: 0xffffffff, max_idle_ns: 19112604462750000 ns
[    0.020965] futex hash table entries: 1024 (order: 4, 65536 bytes)
[    0.040323] pinctrl core: initialized pinctrl subsystem
[    0.041567] NET: Registered protocol family 16
[    0.050206] DMA: preallocated 256 KiB pool for atomic coherent allocations
[    0.079682] cpuidle: using governor ladder
[    0.109681] cpuidle: using governor menu
[    0.109967] CPU identified as i.MX6Q, silicon rev 1.5
[    0.135928] hw-breakpoint: found 5 (+1 reserved) breakpoint and 1 watchpoint registers.
[    0.135975] hw-breakpoint: maximum watchpoint size is 4 bytes.
[    0.137017] imx6q-pinctrl 20e0000.iomuxc: initialized IMX pinctrl driver
[    0.138645] imx-gpc 20dc000.gpc: no fsl,ldo-bypass found!
[    0.148268] usb_host_vbus: supplied by usb_host_vbus_hub
[    0.148614] vgaarb: loaded
[    0.149440] SCSI subsystem initialized
[    0.150003] usbcore: registered new interface driver usbfs
[    0.150105] usbcore: registered new interface driver hub
[    0.150214] usbcore: registered new device driver usb
[    0.150933] i2c-gpio i2c@0: using pins 80 (SDA) and 62 (SCL)
[    0.151935] i2c i2c-1: IMX I2C adapter registered
[    0.151971] i2c i2c-1: can't use DMA
[    0.153542] stmpe-i2c 2-0041: stmpe811 detected, chip id: 0x811
[    0.155473] i2c i2c-2: IMX I2C adapter registered
[    0.155510] i2c i2c-2: can't use DMA
[    0.156206] i2c i2c-3: IMX I2C adapter registered
[    0.156240] i2c i2c-3: can't use DMA
[    0.156412] Linux video capture interface: v2.00
[    0.156484] pps_core: LinuxPPS API ver. 1 registered
[    0.156507] pps_core: Software ver. 5.3.6 - Copyright 2005-2007 Rodolfo Giometti <giometti@linux.it>
[    0.156560] PTP clock support registered
[    0.169730] imx-ipuv3 2400000.ipu: IPU DMFC NORMAL mode: 1(0~1), 5B(4,5), 5F(6,7)
[    0.189726] imx-ipuv3 2800000.ipu: IPU DMFC NORMAL mode: 1(0~1), 5B(4,5), 5F(6,7)
[    0.190701] mxc_mipi_csi2 21dc000.mipi_csi: i.MX MIPI CSI2 driver probed ipu0 csi1
[    0.190744] mxc_mipi_csi2 21dc000.mipi_csi: i.MX MIPI CSI2 dphy version is 0x3130302a
[    0.190855] MIPI CSI2 driver module loaded
[    0.191084] Advanced Linux Sound Architecture Driver Initialized.
[    0.192835] Switched to clocksource mxc_timer1
[    0.203989] NET: Registered protocol family 2
[    0.204837] TCP established hash table entries: 16384 (order: 4, 65536 bytes)
[    0.205028] TCP bind hash table entries: 16384 (order: 5, 131072 bytes)
[    0.205342] TCP: Hash tables configured (established 16384 bind 16384)
[    0.205542] UDP hash table entries: 1024 (order: 3, 32768 bytes)
[    0.205650] UDP-Lite hash table entries: 1024 (order: 3, 32768 bytes)
[    0.205946] NET: Registered protocol family 1
[    0.206318] RPC: Registered named UNIX socket transport module.
[    0.206353] RPC: Registered udp transport module.
[    0.206372] RPC: Registered tcp transport module.
[    0.206392] RPC: Registered tcp NFSv4.1 backchannel transport module.
[    0.207153] CPU PMU: Failed to parse /soc/pmu/interrupt-affinity[0]
[    0.207223] hw perfevents: enabled with armv7_cortex_a9 PMU driver, 7 counters available
[    0.209022] Bus freq driver module loaded
[    0.216296] VFS: Disk quotas dquot_6.6.0
[    0.216509] VFS: Dquot-cache hash table entries: 1024 (order 0, 4096 bytes)
[    0.218115] NFS: Registering the id_resolver key type
[    0.218167] Key type id_resolver registered
[    0.218190] Key type id_legacy registered
[    0.218228] nfs4filelayout_init: NFSv4 File Layout Driver Registering...
[    0.218751] ntfs: driver 2.1.32 [Flags: R/W].
[    0.219242] fuse init (API version 7.23)
[    0.223652] bounce: pool size: 64 pages
[    0.223695] io scheduler noop registered
[    0.223727] io scheduler deadline registered
[    0.223918] io scheduler cfq registered (default)
[    0.226268] backlight supply power not found, using dummy regulator
[    0.227907] MIPI DSI driver module loaded
[    0.229326] 20e0000.hdmi_video supply HDMI not found, using dummy regulator
[    0.231343] mxc_hdmi 20e0000.hdmi_video: Detected HDMI controller 0x13:0xa:0xa0:0xc1
[    0.231406] fbcvt: 1920x1080@60: CVT Name - 2.073M9
[    0.231540] mxc_sdc_fb fb@0: registered mxc display driver hdmi
[    0.256713] mxc_sdc_fb fb@0: 1920x1080 h_sync,r,l: 44,88,148  v_sync,l,u: 5,4,36 pixclock=148500000 Hz
[    0.272912] imx-ipuv3 2400000.ipu: IPU DMFC DP HIGH RESOLUTION: 1(0,1), 5B(2~5), 5F(6,7)
[    0.306801] mxc_sdc_fb fb@0: 1920x1080 h_sync,r,l: 44,88,148  v_sync,l,u: 5,4,36 pixclock=148500000 Hz
[    0.345045] Console: switching to colour frame buffer device 240x67
[    0.380904] mxc_sdc_fb fb@1: mxcfb1 is turned off!
[    0.381067] mxc_sdc_fb fb@2: mxcfb2 is turned off!
[    0.381218] mxc_sdc_fb fb@3: mxcfb3 is turned off!
[    0.382752] imx-sdma 20ec000.sdma: no iram assigned, using external mem
[    0.383247] imx-sdma 20ec000.sdma: no event needs to be remapped
[    0.383598] imx-sdma 20ec000.sdma: loaded firmware 3.3
[    0.386328] imx-sdma 20ec000.sdma: initialized
[    0.388059] pfuze100-regulator 2-0008: Full layer: 2, Metal layer: 1
[    0.388766] pfuze100-regulator 2-0008: FAB: 0, FIN: 0
[    0.388869] pfuze100-regulator 2-0008: pfuze100 found.
[    0.406801] mxc_sdc_fb fb@0: 640x480 h_sync,r,l: 96,16,48  v_sync,l,u: 2,10,33 pixclock=25175000 Hz
[    0.411417] 2020000.serial: ttymxc0 at MMIO 0x2020000 (irq = 27, base_baud = 5000000) is a IMX
[    1.404390] console [ttymxc0] enabled
[    1.405367] 21e8000.serial: ttymxc1 at MMIO 0x21e8000 (irq = 303, base_baud = 5000000) is a IMX
[    1.405934] 21f0000.serial: ttymxc3 at MMIO 0x21f0000 (irq = 304, base_baud = 5000000) is a IMX
[    1.406454] 21f4000.serial: ttymxc4 at MMIO 0x21f4000 (irq = 305, base_baud = 5000000) is a IMX
[    1.407346] [drm] Initialized drm 1.1.0 20060810
[    1.407829] [drm] Initialized vivante 1.0.0 20120216 on minor 0
[    1.408305] mxc_sdc_fb fb@0: 640x480 h_sync,r,l: 96,16,48  v_sync,l,u: 2,10,33 pixclock=25200000 Hz
[    1.417284] brd: module loaded
[    1.423695] loop: module loaded
[    1.424953] ahci-imx 2200000.sata: fsl,transmit-level-mV not specified, using 00000024
[    1.424962] ahci-imx 2200000.sata: fsl,transmit-boost-mdB not specified, using 00000480
[    1.424971] ahci-imx 2200000.sata: fsl,transmit-atten-16ths not specified, using 00002000
[    1.424979] ahci-imx 2200000.sata: fsl,receive-eq-mdB not specified, using 05000000
[    1.429277] ahci-imx 2200000.sata: SSS flag set, parallel bus scan disabled
[    1.429309] ahci-imx 2200000.sata: AHCI 0001.0300 32 slots 1 ports 3 Gbps 0x1 impl platform mode
[    1.429323] ahci-imx 2200000.sata: flags: ncq sntf stag pm led clo only pmp pio slum part ccc apst 
[    1.431988] scsi host0: ahci-imx
[    1.432302] ata1: SATA max UDMA/133 mmio [mem 0x02200000-0x02203fff] port 0x100 irq 315
[    1.434489] spi_imx 2008000.ecspi: probed
[    1.435349] spi_imx 200c000.ecspi: probed
[    1.436305] vcan: Virtual CAN interface driver
[    1.436318] CAN device driver interface
[    1.436540] 2090000.flexcan supply xceiver not found, using dummy regulator
[    1.437388] flexcan 2090000.flexcan: device registered (reg_base=e6aa8000, irq=36)
[    1.437483] 2094000.flexcan supply xceiver not found, using dummy regulator
[    1.438225] flexcan 2094000.flexcan: device registered (reg_base=e6ab0000, irq=37)
[    1.439366] 2188000.ethernet supply phy not found, using dummy regulator
[    1.453298] pps pps0: new PPS source ptp0
[    1.454763] libphy: fec_enet_mii_bus: probed
[    1.456614] fec 2188000.ethernet eth0: registered PHC device 0
[    1.456992] usbcore: registered new interface driver asix
[    1.457066] usbcore: registered new interface driver ax88179_178a
[    1.457122] usbcore: registered new interface driver cdc_ether
[    1.457180] usbcore: registered new interface driver net1080
[    1.457233] usbcore: registered new interface driver cdc_subset
[    1.457283] usbcore: registered new interface driver zaurus
[    1.457385] usbcore: registered new interface driver cdc_ncm
[    1.457397] ehci_hcd: USB 2.0 'Enhanced' Host Controller (EHCI) Driver
[    1.457407] ehci-pci: EHCI PCI platform driver
[    1.457473] ehci-mxc: Freescale On-Chip EHCI Host driver
[    1.457682] usbcore: registered new interface driver usb-storage
[    1.457867] usbcore: registered new interface driver usbserial
[    1.457907] usbcore: registered new interface driver usbserial_generic
[    1.457948] usbserial: USB Serial support registered for generic
[    1.457999] usbcore: registered new interface driver ftdi_sio
[    1.458036] usbserial: USB Serial support registered for FTDI USB Serial Device
[    1.458083] usbcore: registered new interface driver pl2303
[    1.458121] usbserial: USB Serial support registered for pl2303
[    1.459428] 2184800.usbmisc supply vbus-wakeup not found, using dummy regulator
[    1.460858] mxc_sdc_fb fb@0: 640x480 h_sync,r,l: 96,16,48  v_sync,l,u: 2,10,33 pixclock=25200000 Hz
[    1.470289] ci_hdrc ci_hdrc.1: EHCI Host Controller
[    1.470316] ci_hdrc ci_hdrc.1: new USB bus registered, assigned bus number 1
[    1.482889] ci_hdrc ci_hdrc.1: USB 2.0 started, EHCI 1.00
[    1.483821] hub 1-0:1.0: USB hub found
[    1.483858] hub 1-0:1.0: 1 port detected
[    1.485021] mousedev: PS/2 mouse device common for all mice
[    1.493707] input: stmpe-ts as /devices/soc0/soc/2100000.aips-bus/21a4000.i2c/i2c-2/2-0041/stmpe-ts/input/input0
[    1.497076] rtc-ds1307 1-0068: oscillator failed, set time!
[    1.497279] rtc-ds1307 1-0068: rtc core: registered m41t0 as rtc0
[    1.497930] snvs_rtc 20cc000.snvs:snvs-rtc-lp: rtc core: registered 20cc000.snvs:snvs-r as rtc1
[    1.498069] i2c /dev entries driver
[    1.499439] mxc_v4l2_output v4l2_out: V4L2 device registered as video16
[    1.499595] mxc_v4l2_output v4l2_out: V4L2 device registered as video17
[    1.501113] imx2-wdt 20bc000.wdog: timeout 60 sec (nowayout=0)
[    1.501476] sdhci: Secure Digital Host Controller Interface driver
[    1.501478] sdhci: Copyright(c) Pierre Ossman
[    1.501489] sdhci-pltfm: SDHCI platform and OF driver helper
[    1.502611] /soc/aips-bus@02100000/usdhc@02190000: voltage-ranges unspecified
[    1.502643] sdhci-esdhc-imx 2190000.usdhc: Got CD GPIO
[    1.504068] sdhci-esdhc-imx 2190000.usdhc: No vqmmc regulator found
[    1.553006] mmc1: SDHCI controller on 2190000.usdhc [2190000.usdhc] using ADMA
[    1.553471] /soc/aips-bus@02100000/usdhc@02194000: voltage-ranges unspecified
[    1.553498] sdhci-esdhc-imx 2194000.usdhc: Got CD GPIO
[    1.554875] sdhci-esdhc-imx 2194000.usdhc: No vqmmc regulator found
[    1.602997] mmc2: SDHCI controller on 2194000.usdhc [2194000.usdhc] using ADMA
[    1.603644] /soc/aips-bus@02100000/usdhc@02198000: voltage-ranges unspecified
[    1.604038] sdhci-esdhc-imx 2198000.usdhc: No vqmmc regulator found
[    1.642876] mmc0: SDHCI controller on 2198000.usdhc [2198000.usdhc] using ADMA
[    1.644575] mxc_vpu 2040000.vpu_fsl: VPU initialized
[    1.645176] mxc_vdoa 21e4000.vdoa: i.MX Video Data Order Adapter(VDOA) driver probed
[    1.647102] caam 2100000.caam: Entropy delay = 3200
[    1.707892] caam 2100000.caam: Instantiated RNG4 SH0
[    1.768652] caam 2100000.caam: Instantiated RNG4 SH1
[    1.768664] caam 2100000.caam: device ID = 0x0a16010000000000 (Era -524)
[    1.768671] caam 2100000.caam: job rings = 2, qi = 0
[    1.792875] ata1: SATA link down (SStatus 0 SControl 300)
[    1.792919] ahci-imx 2200000.sata: no device found, disabling link.
[    1.792926] ahci-imx 2200000.sata: pass ahci_imx..hotplug=1 to enable hotplug
[    1.812863] usb 1-1: new high-speed USB device number 2 using ci_hdrc
[    1.877462] mmc1: new high speed SDHC card at address 59b4
[    1.877924] mmcblk1: mmc1:59b4 USD   7.48 GiB 
[    1.883968]  mmcblk1: p1 p2 p3
[    1.968458] caam algorithms registered in /proc/crypto
[    1.990063] caam_jr 2101000.jr0: registering rng-caam
[    1.991100] snvs-secvio 20cc000.caam-snvs: can't get snvs clock
[    1.991153] snvs-secvio 20cc000.caam-snvs: violation handlers armed - non-secure state
[    1.991412] hidraw: raw HID events driver (C) Jiri Kosina
[    1.991590] usbcore: registered new interface driver usbhid
[    1.991592] usbhid: USB HID core driver
[    1.999492] hub 1-1:1.0: USB hub found
[    2.010427] hub 1-1:1.0: 4 ports detected
[    2.149250] mmc0: MAN_BKOPS_EN bit is not set
[    2.253549] stmpe-adc stmpe-adc: Initialized
[    2.273458] mmc0: new DDR MMC card at address 0001
[    2.273896] mmcblk0: mmc0:0001 Q2J54A 3.59 GiB 
[    2.274029] mmcblk0boot0: mmc0:0001 Q2J54A partition 1 16.0 MiB
[    2.274157] mmcblk0boot1: mmc0:0001 Q2J54A partition 2 16.0 MiB
[    2.280969]  mmcblk0: p1 p2
[    2.304800] sgtl5000 2-000a: sgtl5000 revision 0x11
[    2.412870] usb 1-1.2: new low-speed USB device number 3 using ci_hdrc
[    2.508418] mxc_sdc_fb fb@0: 640x480 h_sync,r,l: 96,16,48  v_sync,l,u: 2,10,33 pixclock=25175000 Hz
[    2.551723] input: PixArt Dell MS116 USB Optical Mouse as /devices/soc0/soc/2100000.aips-bus/2184200.usb/ci_hdrc.1/usb1/1-1/1-1.2/1-1.2:1.0/0003:413C:301A.0001/input/input1
[    2.552260] hid-generic 0003:413C:301A.0001: input,hidraw0: USB HID v1.11 Mouse [PixArt Dell MS116 USB Optical Mouse] on usb-ci_hdrc.1-1.2/input0
[    2.657514] imx-sgtl5000 sound: sgtl5000 <-> 2028000.ssi mapping ok
[    2.657835] mxc_sdc_fb fb@0: 640x480 h_sync,r,l: 96,16,48  v_sync,l,u: 2,10,33 pixclock=25200000 Hz
[    2.660291] imx-spdif sound-spdif: snd-soc-dummy-dai <-> 2004000.spdif mapping ok
[    2.663626] imx-audio-hdmi sound-hdmi: hdmi-hifi <-> soc:hdmi_audio@00120000 mapping ok
[    2.665222] NET: Registered protocol family 10
[    2.666325] NET: Registered protocol family 17
[    2.666344] can: controller area network core (rev 20120528 abi 9)
[    2.666423] NET: Registered protocol family 29
[    2.666502] can: raw protocol (rev 20120528)
[    2.666515] can: broadcast manager protocol (rev 20120528 t)
[    2.666531] can: netlink gateway (rev 20130117) max_hops=1
[    2.667049] Key type dns_resolver registered
[    2.669094] Registering SWP/SWPB emulation handler
[    2.670249] 1ffc000.pcie supply pcie-bus not found, using dummy regulator
[    3.012041] imx6q-pcie 1ffc000.pcie: phy link never came up
[    3.020260] imx6q-pcie 1ffc000.pcie: failed to initialize host
[    3.028836] imx6q-pcie: probe of 1ffc000.pcie failed with error -22
[    3.040651] input: gpio-keys as /devices/soc0/gpio-keys/input/input2
[    3.051348] rtc-ds1307 1-0068: hctosys: unable to read the hardware clock
[    3.072458] usb_otg_vbus: disabling
[    3.078883] ALSA device list:
[    3.084397]   #0: imx6q-apalis-sgtl5000
[    3.090680]   #1: imx-spdif
[    3.095854]   #2: imx-hdmi-soc
[    3.109856] EXT4-fs (mmcblk0p2): couldn't mount as ext3 due to feature incompatibilities
[    3.122666] List of all partitions:
[    3.128429] 0100           65536 ram0  (driver?)
[    3.135337] 0101           65536 ram1  (driver?)
[    3.142094] 0102           65536 ram2  (driver?)
[    3.148791] 0103           65536 ram3  (driver?)
[    3.155396] 0104           65536 ram4  (driver?)
[    3.161877] 0105           65536 ram5  (driver?)
[    3.168294] 0106           65536 ram6  (driver?)
[    3.174664] 0107           65536 ram7  (driver?)
[    3.180997] 0108           65536 ram8  (driver?)
[    3.187315] 0109           65536 ram9  (driver?)
[    3.193556] 010a           65536 ram10  (driver?)
[    3.199827] 010b           65536 ram11  (driver?)
[    3.206085] 010c           65536 ram12  (driver?)
[    3.212251] 010d           65536 ram13  (driver?)
[    3.218424] 010e           65536 ram14  (driver?)
[    3.224537] 010f           65536 ram15  (driver?)
[    3.230546] b300         7838720 mmcblk1  driver: mmcblk
[    3.237188]   b301            8192 mmcblk1p1 e7e369bb-01
[    3.243811]   b302         1130496 mmcblk1p2 e7e369bb-02
[    3.250376]   b303         6688720 mmcblk1p3 e7e369bb-03
[    3.256918] b308         3760128 mmcblk0  driver: mmcblk
[    3.263419]   b309           16384 mmcblk0p1 ce3879f6-01
[    3.269864]   b30a         3739648 mmcblk0p2 ce3879f6-02
[    3.276328] b318           16384 mmcblk0boot1  (driver?)
[    3.282771] b310           16384 mmcblk0boot0  (driver?)
[    3.289213] No filesystem could mount root, tried:  ext3
[    3.295742] Kernel panic - not syncing: VFS: Unable to mount root fs on unknown-block(179,10)
[    3.306474] CPU2: stopping
[    3.310280] CPU: 2 PID: 0 Comm: swapper/2 Not tainted 4.1.44-2.7.4+gb1555bf #1
[    3.319854] Hardware name: Freescale i.MX6 Quad/DualLite (Device Tree)
[    3.327731] Backtrace: 
[    3.331577] [<80012ec8>] (dump_backtrace) from [<800130e8>] (show_stack+0x18/0x1c)
[    3.342134]  r7:f4a00100 r6:60000193 r5:00000000 r4:8093718c
[    3.349550] [<800130d0>] (show_stack) from [<80699b84>] (dump_stack+0x8c/0xa0)
[    3.360254] [<80699af8>] (dump_stack) from [<80015fe4>] (handle_IPI+0x154/0x174)
[    3.371470]  r7:f4a00100 r6:00000000 r5:00000002 r4:8095c220
[    3.379273] [<80015e90>] (handle_IPI) from [<8000942c>] (gic_handle_irq+0x64/0x68)
[    3.391103]  r7:f4a00100 r6:ce0a7f10 r5:80922880 r4:f4a0010c
[    3.399142] [<800093c8>] (gic_handle_irq) from [<80013c00>] (__irq_svc+0x40/0x54)
[    3.411335] Exception stack(0xce0a7f10 to 0xce0a7f58)
[    3.418812] 7f00:                                     00000000 d0f1a200 00000005 0000016d
[    3.431937] 7f20: c4e99dfb 00000000 d0f16ed0 00000001 b933a583 00000000 806a1354 ce0a7f94
[    3.445245] 7f40: ce0a7ec8 ce0a7f58 8008950c 804e5e84 60000113 ffffffff
[    3.454564]  r7:ce0a7f44 r6:ffffffff r5:60000113 r4:804e5e84
[    3.463052] [<804e5db8>] (cpuidle_enter_state) from [<804e6000>] (cpuidle_enter+0x1c/0x20)
[    3.476909]  r10:806a1354 r9:ce0a7fa8 r8:80927990 r7:d0f16ed0 r6:80922554 r5:809225a0
[    3.490499]  r4:ce0a6000
[    3.495877] [<804e5fe4>] (cpuidle_enter) from [<80063210>] (cpu_startup_entry+0x1d8/0x2e8)
[    3.509810] [<80063038>] (cpu_startup_entry) from [<80015c04>] (secondary_start_kernel+0x148/0x154)
[    3.524592]  r7:8095c248
[    3.529941] [<80015abc>] (secondary_start_kernel) from [<100094cc>] (0x100094cc)
[    3.542943]  r5:00000015 r4:5e08806a
[    3.549332] CPU1: stopping
[    3.554756] CPU: 1 PID: 0 Comm: swapper/1 Not tainted 4.1.44-2.7.4+gb1555bf #1
[    3.567363] Hardware name: Freescale i.MX6 Quad/DualLite (Device Tree)
[    3.576643] Backtrace: 
[    3.581803] [<80012ec8>] (dump_backtrace) from [<800130e8>] (show_stack+0x18/0x1c)
[    3.594782]  r7:f4a00100 r6:60000193 r5:00000000 r4:8093718c
[    3.603274] [<800130d0>] (show_stack) from [<80699b84>] (dump_stack+0x8c/0xa0)
[    3.615911] [<80699af8>] (dump_stack) from [<80015fe4>] (handle_IPI+0x154/0x174)
[    3.628791]  r7:f4a00100 r6:00000000 r5:00000001 r4:8095c220
[    3.637329] [<80015e90>] (handle_IPI) from [<8000942c>] (gic_handle_irq+0x64/0x68)
[    3.650367]  r7:f4a00100 r6:ce0a5f10 r5:80922880 r4:f4a0010c
[    3.658904] [<800093c8>] (gic_handle_irq) from [<80013c00>] (__irq_svc+0x40/0x54)
[    3.671867] Exception stack(0xce0a5f10 to 0xce0a5f58)
[    3.679649] 5f00:                                     00000000 d0f0e200 00000005 0000016c
[    3.693256] 5f20: c4e99cad 00000000 d0f0aed0 00000001 c42c1f90 00000000 806a1354 ce0a5f94
[    3.706906] 5f40: ce0a5ec8 ce0a5f58 8008950c 804e5e84 60000113 ffffffff
[    3.716291]  r7:ce0a5f44 r6:ffffffff r5:60000113 r4:804e5e84
[    3.724796] [<804e5db8>] (cpuidle_enter_state) from [<804e6000>] (cpuidle_enter+0x1c/0x20)
[    3.738601]  r10:806a1354 r9:ce0a5fa8 r8:80927990 r7:d0f0aed0 r6:80922554 r5:809225a0
[    3.752148]  r4:ce0a4000
[    3.757516] [<804e5fe4>] (cpuidle_enter) from [<80063210>] (cpu_startup_entry+0x1d8/0x2e8)
[    3.771454] [<80063038>] (cpu_startup_entry) from [<80015c04>] (secondary_start_kernel+0x148/0x154)
[    3.786216]  r7:8095c248
[    3.791576] [<80015abc>] (secondary_start_kernel) from [<100094cc>] (0x100094cc)
[    3.804592]  r5:00000015 r4:5e08806a
[    3.810995] CPU3: stopping
[    3.816419] CPU: 3 PID: 0 Comm: swapper/3 Not tainted 4.1.44-2.7.4+gb1555bf #1
[    3.829048] Hardware name: Freescale i.MX6 Quad/DualLite (Device Tree)
[    3.838336] Backtrace: 
[    3.843504] [<80012ec8>] (dump_backtrace) from [<800130e8>] (show_stack+0x18/0x1c)
[    3.856467]  r7:f4a00100 r6:60000193 r5:00000000 r4:8093718c
[    3.864968] [<800130d0>] (show_stack) from [<80699b84>] (dump_stack+0x8c/0xa0)
[    3.877577] [<80699af8>] (dump_stack) from [<80015fe4>] (handle_IPI+0x154/0x174)
[    3.890472]  r7:f4a00100 r6:00000000 r5:00000003 r4:8095c220
[    3.899003] [<80015e90>] (handle_IPI) from [<8000942c>] (gic_handle_irq+0x64/0x68)
[    3.912047]  r7:f4a00100 r6:ce0a9f10 r5:80922880 r4:f4a0010c
[    3.920579] [<800093c8>] (gic_handle_irq) from [<80013c00>] (__irq_svc+0x40/0x54)
[    3.933514] Exception stack(0xce0a9f10 to 0xce0a9f58)
[    3.941301] 9f00:                                     00000000 809a1168 00000008 0000016e
[    3.954906] 9f20: c4e99dfb 00000000 d0f22ed0 00000001 c42c7feb 00000000 806a1354 ce0a9f94
[    3.968561] 9f40: 00000000 ce0a9f58 8008a94c 804e5e84 60000113 ffffffff
[    3.977950]  r7:ce0a9f44 r6:ffffffff r5:60000113 r4:804e5e84
[    3.986455] [<804e5db8>] (cpuidle_enter_state) from [<804e6000>] (cpuidle_enter+0x1c/0x20)
[    4.000262]  r10:806a1354 r9:ce0a9fa8 r8:80927990 r7:d0f22ed0 r6:80922554 r5:809225a0
[    4.013813]  r4:ce0a8000
[    4.019188] [<804e5fe4>] (cpuidle_enter) from [<80063210>] (cpu_startup_entry+0x1d8/0x2e8)
[    4.033122] [<80063038>] (cpu_startup_entry) from [<80015c04>] (secondary_start_kernel+0x148/0x154)
[    4.047897]  r7:8095c248
[    4.053251] [<80015abc>] (secondary_start_kernel) from [<100094cc>] (0x100094cc)
[    4.066250]  r5:00000015 r4:5e08806a
[    4.072653] ---[ end Kernel panic - not syncing: VFS: Unable to mount root fs on unknown-block(179,10)
[    4.087612] ------------[ cut here ]------------
[    4.095020] WARNING: CPU: 0 PID: 1 at /workdir/build/tmp-glibc/work-shared/apalis-imx6/kernel-source/kernel/time/tick-broadcast.c:621 tick_handle_oneshot_broadcast+0x1ec/0x218()
[    4.119238] Modules linked in:
[    4.125057] CPU: 0 PID: 1 Comm: swapper/0 Not tainted 4.1.44-2.7.4+gb1555bf #1
[    4.137753] Hardware name: Freescale i.MX6 Quad/DualLite (Device Tree)
[    4.147073] Backtrace: 
[    4.152277] [<80012ec8>] (dump_backtrace) from [<800130e8>] (show_stack+0x18/0x1c)
[    4.165394]  r7:8008a62c r6:60000193 r5:00000000 r4:8093718c
[    4.173945] [<800130d0>] (show_stack) from [<80699b84>] (dump_stack+0x8c/0xa0)
[    4.186670] [<80699af8>] (dump_stack) from [<8002ea58>] (warn_slowpath_common+0x88/0xb8)
[    4.200275]  r7:8008a62c r6:0000026d r5:00000009 r4:00000000
[    4.208794] [<8002e9d0>] (warn_slowpath_common) from [<8002eb2c>] (warn_slowpath_null+0x24/0x2c)
[    4.223111]  r8:ffffffff r7:00000004 r6:8091c648 r5:809a1164 r4:8095bd69
[    4.232783] [<8002eb08>] (warn_slowpath_null) from [<8008a62c>] (tick_handle_oneshot_broadcast+0x1ec/0x218)
[    4.248140] [<8008a440>] (tick_handle_oneshot_broadcast) from [<80021d64>] (mxc_timer_interrupt+0x34/0x3c)
[    4.263464]  r10:8095bd2c r9:ce003cc0 r8:00000011 r7:00000000 r6:00000000 r5:ce003d24
[    4.277142]  r4:00000001
[    4.282542] [<80021d30>] (mxc_timer_interrupt) from [<8006caf8>] (handle_irq_event_percpu+0xa4/0x154)
[    4.297500]  r5:ce003d24 r4:809277c0
[    4.303974] [<8006ca54>] (handle_irq_event_percpu) from [<8006cbf8>] (handle_irq_event+0x50/0x74)
[    4.318531]  r10:807feba4 r9:d1925380 r8:ce008000 r7:00000001 r6:ce079e18 r5:ce003d24
[    4.332213]  r4:ce003cc0
[    4.337599] [<8006cba8>] (handle_irq_event) from [<8006fc18>] (handle_fasteoi_irq+0xbc/0x1a0)
[    4.351809]  r7:00000001 r6:ce079e18 r5:80927e40 r4:ce003cc0
[    4.360454] [<8006fb5c>] (handle_fasteoi_irq) from [<8006c134>] (generic_handle_irq+0x34/0x44)
[    4.374769]  r7:00000001 r6:ce079e18 r5:00000000 r4:00000011
[    4.383404] [<8006c100>] (generic_handle_irq) from [<8006c410>] (__handle_domain_irq+0x64/0xbc)
[    4.397824]  r5:00000000 r4:8091cc34
[    4.404248] [<8006c3ac>] (__handle_domain_irq) from [<800093f4>] (gic_handle_irq+0x2c/0x68)
[    4.418205]  r9:d1925380 r8:ce008000 r7:f4a00100 r6:ce079d10 r5:80922880 r4:f4a0010c
[    4.431721] [<800093c8>] (gic_handle_irq) from [<80013c00>] (__irq_svc+0x40/0x54)
[    4.444872] Exception stack(0xce079d10 to 0xce079d58)
[    4.452763] 9d00:                                     00000001 8095cfc0 00000000 00000000
[    4.466499] 9d20: 00000082 00000000 ce078000 00000001 ce008000 d1925380 807feba4 ce079db4
[    4.480192] 9d40: ce079d58 ce079d58 80031fc4 8003204c 20000113 ffffffff
[    4.489666]  r7:ce079d44 r6:ffffffff r5:20000113 r4:8003204c
[    4.498264] [<80031fa4>] (__do_softirq) from [<800324c4>] (irq_exit+0xbc/0x11c)
[    4.511213]  r10:807feba4 r9:d1925380 r8:ce008000 r7:00000001 r6:00000000 r5:00000000
[    4.524870]  r4:ffffe000
[    4.530197] [<80032408>] (irq_exit) from [<8006c414>] (__handle_domain_irq+0x68/0xbc)
[    4.543653]  r5:00000000 r4:8091cc34
[    4.550089] [<8006c3ac>] (__handle_domain_irq) from [<800093f4>] (gic_handle_irq+0x2c/0x68)
[    4.564065]  r9:d1925380 r8:00008001 r7:f4a00100 r6:ce079e18 r5:80922880 r4:f4a0010c
[    4.577577] [<800093c8>] (gic_handle_irq) from [<80013c00>] (__irq_svc+0x40/0x54)
[    4.590766] Exception stack(0xce079e18 to 0xce079e60)
[    4.598671] 9e00:                                                       0000005a 60000193
[    4.612476] 9e20: 8092bb3c 8092bb3c 00000000 8088943c 8095cb28 00000000 00008001 d1925380
[    4.626240] 9e40: 807feba4 ce079e7c ce079d58 ce079e60 8006ad7c 80698e58 60000113 ffffffff
[    4.639988]  r7:ce079e4c r6:ffffffff r5:60000113 r4:80698e58
[    4.648553] [<80698cdc>] (panic) from [<808ce3b0>] (mount_block_root+0x22c/0x240)
[    4.661594]  r3:ce079ea0 r2:00000020 r1:ce079ea0 r0:807feb3c
[    4.670189]  r7:8090fb3c
[    4.675519] [<808ce184>] (mount_block_root) from [<808ce5c4>] (mount_root+0x114/0x11c)
[    4.688963]  r10:8090fb1c r9:00000008 r8:808cd600 r7:8090fb18 r6:8095bf64 r5:80925cc8
[    4.702483]  r4:0b30000a
[    4.707750] [<808ce4b0>] (mount_root) from [<808ce750>] (prepare_namespace+0x184/0x1cc)
[    4.721203]  r9:00000008 r8:808cd600 r7:8090fb18 r6:00000008 r5:8095bf64 r4:8090fb3c
[    4.734664] [<808ce5cc>] (prepare_namespace) from [<808cdef8>] (kernel_init_freeable+0x1d0/0x1e0)
[    4.749224]  r6:00000008 r5:8095bf40 r4:8095bf40
[    4.756769] [<808cdd28>] (kernel_init_freeable) from [<80697f00>] (kernel_init+0x10/0xf0)
[    4.770597]  r10:00000000 r9:00000000 r8:00000000 r7:00000000 r6:00000000 r5:80697ef0
[    4.784174]  r4:00000000
[    4.789475] [<80697ef0>] (kernel_init) from [<8000f908>] (ret_from_fork+0x14/0x2c)
[    4.802616]  r5:80697ef0 r4:00000000
[    4.809060] ---[ end trace a3b4cc28228b29b5 ]---


U-Boot 2017.03-dirty (Dec 12 2017 - 15:12:51 +0530)

CPU:   Freescale i.MX6Q rev1.5 at 792 MHz
Reset cause: POR
I2C:   ready
DRAM:  2 GiB
PMIC: device id: 0x10, revision id: 0x21
PMIC: programmed
MMC:   FSL_SDHC: 0, FSL_SDHC: 1, FSL_SDHC: 2
auto-detected panel HDMI
Aravinth: Display: HDMI (1024x768)
In:    serial
Out:   serial
Err:   serial
Model: Toradex Apalis iMX6 Quad 2GB IT V1.1C, Serial# 05146387
Net:   using PHY at 7
FEC [PRIME]
Normal Boot
Hit any key to stop autoboot:  1  0 
Apalis iMX6 # ma  bmode usb
resetting ...


U-Boot 2017.03-dirty (Dec 14 2017 - 15:09:30 +0530)

CPU:   Freescale i.MX6Q rev1.5 at 792 MHz
Reset cause: WDOG
I2C:   ready
DRAM:  2 GiB
PMIC: device id: 0x10, revision id: 0x21
PMIC: programmed
MMC:   FSL_SDHC: 0, FSL_SDHC: 1, FSL_SDHC: 2
auto-detected panel HDMI
Aravinth: Display: HDMI (1024x768)
In:    serial
Out:   serial
Err:   serial
Model: Toradex Apalis iMX6 Quad 2GB IT V1.1C, Serial# 05146387
Net:   using PHY at 7
FEC [PRIME]
Boot from USB for mfgtools
Use default environment for 				 mfgtools
Run bootcmd_mfg: <NULL>
Apalis iMX6 # env default -f -a
## Resetting to default environment
Apalis iMX6 # pri
arch=arm
baudrate=115200
board=apalis_imx6
board_name=apalis_imx6
boot_file=uImage
bootcmd=run emmcboot ; echo ; echo emmcboot failed ; run nfsboot ; echo ; echo nfsboot failed ; usb start ;setenv stdout serial,vga ; setenv stdin serial,usbkbd
bootdelay=1
console=ttymxc0
cpu=armv7
defargs=enable_wait_mode=off vmalloc=400M
dfu_alt_info=u-boot.imx raw 0x2 0x3ff mmcpart 0;boot part 0 1;rootfs part 0 2;uImage fat 0 1;imx6q-colibri-eval-v3.dtb fat 0 1;imx6q-colibri-cam-eval-v3.dtb fat 0 1
emmcargs=ip=off root=/dev/mmcblk0p2 rw,noatime rootfstype=ext3 rootwait
emmcboot=run setup; setenv bootargs ${defargs} ${emmcargs} ${setupargs} ${vidargs}; echo Booting from internal eMMC chip...; run emmcdtbload; load mmc 0:1 ${kernel_addr_r} ${boot_file} && run fdt_fixup && bootm ${kernel_addr_r} ${dtbparam}
emmcdtbload=setenv dtbparam; load mmc 0:1 ${fdt_addr_r} ${fdt_file} && setenv dtbparam " - ${fdt_addr_r}" && true
ethprime=FEC
fdt_addr_r=0x12000000
fdt_file=imx6q-apalis-eval.dtb
fdt_fixup=;
fdt_high=0xffffffff
initrd_high=0xffffffff
ipaddr=192.168.10.2
kernel_addr_r=0x11000000
loadaddr=0x12000000
netmask=255.255.255.0
nfsargs=ip=:::::eth0:on root=/dev/nfs rw
nfsboot=run setup; setenv bootargs ${defargs} ${nfsargs} ${setupargs} ${vidargs}; echo Booting via DHCP/TFTP/NFS...; run nfsdtbload; dhcp ${kernel_addr_r} && run fdt_fixup && bootm ${kernel_addr_r} ${dtbparam}
nfsdtbload=setenv dtbparam; tftp ${fdt_addr_r} ${fdt_file} && setenv dtbparam " - ${fdt_addr_r}" && true
ramdisk_addr_r=0x12100000
sdargs=ip=off root=/dev/mmcblk1p2 rw,noatime rootfstype=ext3 rootwait
sdboot=run setup; setenv bootargs ${defargs} ${sdargs} ${setupargs} ${vidargs}; echo Booting from SD card; run sddtbload; load mmc 1:1 ${kernel_addr_r} ${boot_file} && run fdt_fixup && bootm ${kernel_addr_r} ${dtbparam}
sddtbload=setenv dtbparam; load mmc 1:1 ${fdt_addr_r} ${fdt_file} && setenv dtbparam " - ${fdt_addr_r}" && true
serverip=192.168.10.1
setethupdate=if env exists ethaddr; then; else setenv ethaddr 00:14:2d:00:00:00; fi; tftpboot ${loadaddr} flash_eth.img && source ${loadaddr}
setsdupdate=setenv interface mmc; setenv drive 1; mmc rescan; load ${interface} ${drive}:1 ${loadaddr} flash_blk.img && source ${loadaddr}
setup=setenv setupargs fec_mac=${ethaddr} consoleblank=0 no_console_suspend=1 console=tty1 console=${console},${baudrate}n8
setupdate=run setsdupdate || run setusbupdate || run setethupdate
setusbupdate=usb start && setenv interface usb; setenv drive 0; load ${interface} ${drive}:1 ${loadaddr} flash_blk.img && source ${loadaddr}
soc=mx6
splashpos=m,m
vendor=toradex
vidargs=mxc_hdmi.only_cea=1 video=mxcfb0:dev=hdmi,1920x1080M@60,if=RGB24 video=mxcfb1:off video=mxcfb2:off video=mxcfb3:off fbmem=32M

Environment size: 2795/8188 bytes
Apalis iMX6 # boot
Booting from internal eMMC chip...
reading imx6q-apalis-eval.dtb
50345 bytes read in 17 ms (2.8 MiB/s)
reading uImage
5207280 bytes read in 195 ms (25.5 MiB/s)
## Booting kernel from Legacy Image at 11000000 ...
   Image Name:   Linux-4.1.44-2.7.4+gb1555bf
   Image Type:   ARM Linux Kernel Image (uncompressed)
   Data Size:    5207216 Bytes = 5 MiB
   Load Address: 10008000
   Entry Point:  10008000
   Verifying Checksum ... OK
## Flattened Device Tree blob at 12000000
   Booting using the fdt blob at 0x12000000
   Loading Kernel Image ... OK
   Using Device Tree in place at 12000000, end 1200f4a8

Starting kernel ...

[    0.000000] Booting Linux on physical CPU 0x0
[    0.000000] Initializing cgroup subsys cpu
[    0.000000] Initializing cgroup subsys cpuacct
[    0.000000] Linux version 4.1.44-2.7.4+gb1555bf (yocto@45574f02061f) (gcc version 6.2.1 20161016 (Linaro GCC 6.2-2016.11) ) #1 SMP Wed Oct 4 22:39:51 UTC 2017
[    0.000000] CPU: ARMv7 Processor [412fc09a] revision 10 (ARMv7), cr=10c5387d
[    0.000000] CPU: PIPT / VIPT nonaliasing data cache, VIPT aliasing instruction cache
[    0.000000] Machine model: Toradex Apalis iMX6Q/D Module on Apalis Evaluation Board
[    0.000000] Reserved memory: created CMA memory pool at 0x62000000, size 320 MiB
[    0.000000] Reserved memory: initialized node linux,cma, compatible id shared-dma-pool
[    0.000000] Memory policy: Data cache writealloc
[    0.000000] PERCPU: Embedded 12 pages/cpu @d0efc000 s16588 r8192 d24372 u49152
[    0.000000] Built 1 zonelists in Zone order, mobility grouping on.  Total pages: 521024
[    0.000000] Kernel command line: enable_wait_mode=off vmalloc=400M ip=off root=/dev/mmcblk0p2 rw,noatime rootfstype=ext3 rootwait fec_mac= consoleblank=0 no_console_suspend=1 console=tty1 console=ttymxc0,115200n8 mxc_hdmi.only_cea=1 video=mxcfb0:dev=hdmi,1920x1080M@60,if=RGB24 video=mxcfb1:off video=mxcfb2:off video=mxcfb3:off fbmem=32M
[    0.000000] PID hash table entries: 4096 (order: 2, 16384 bytes)
[    0.000000] Dentry cache hash table entries: 262144 (order: 8, 1048576 bytes)
[    0.000000] Inode-cache hash table entries: 131072 (order: 7, 524288 bytes)
[    0.000000] Memory: 1740460K/2097152K available (6751K kernel code, 239K rwdata, 2224K rodata, 332K init, 421K bss, 29012K reserved, 327680K cma-reserved, 425984K highmem)
[    0.000000] Virtual kernel memory layout:
[    0.000000]     vector  : 0xffff0000 - 0xffff1000   (   4 kB)
[    0.000000]     fixmap  : 0xffc00000 - 0xfff00000   (3072 kB)
[    0.000000]     vmalloc : 0xe6800000 - 0xff000000   ( 392 MB)
[    0.000000]     lowmem  : 0x80000000 - 0xe6000000   (1632 MB)
[    0.000000]     pkmap   : 0x7fe00000 - 0x80000000   (   2 MB)
[    0.000000]     modules : 0x7f000000 - 0x7fe00000   (  14 MB)
[    0.000000]       .text : 0x80008000 - 0x808cc0bc   (8977 kB)
[    0.000000]       .init : 0x808cd000 - 0x80920000   ( 332 kB)
[    0.000000]       .data : 0x80920000 - 0x8095bf20   ( 240 kB)
[    0.000000]        .bss : 0x8095bf20 - 0x809c56a0   ( 422 kB)
[    0.000000] SLUB: HWalign=64, Order=0-3, MinObjects=0, CPUs=4, Nodes=1
[    0.000000] Hierarchical RCU implementation.
[    0.000000] 	Additional per-CPU info printed with stalls.
[    0.000000] NR_IRQS:16 nr_irqs:16 16
[    0.000000] L2C-310 erratum 769419 enabled
[    0.000000] L2C-310 enabling early BRESP for Cortex-A9
[    0.000000] L2C-310 full line of zeros enabled for Cortex-A9
[    0.000000] L2C-310 ID prefetch enabled, offset 16 lines
[    0.000000] L2C-310 dynamic clock gating enabled, standby mode enabled
[    0.000000] L2C-310 cache controller enabled, 16 ways, 1024 kB
[    0.000000] L2C-310: CACHE_ID 0x410000c7, AUX_CTRL 0x76470001
[    0.000000] mxc_clocksource_init 3000000
[    0.000000] Switching to timer-based delay loop, resolution 333ns
[    0.000006] sched_clock: 32 bits at 3000kHz, resolution 333ns, wraps every 715827882841ns
[    0.000026] clocksource mxc_timer1: mask: 0xffffffff max_cycles: 0xffffffff, max_idle_ns: 637086815595 ns
[    0.001118] Console: colour dummy device 80x30
[    0.001713] console [tty1] enabled
[    0.001740] Calibrating delay loop (skipped), value calculated using timer frequency.. 6.00 BogoMIPS (lpj=30000)
[    0.001780] pid_max: default: 32768 minimum: 301
[    0.001893] Mount-cache hash table entries: 4096 (order: 2, 16384 bytes)
[    0.001920] Mountpoint-cache hash table entries: 4096 (order: 2, 16384 bytes)
[    0.002578] Initializing cgroup subsys freezer
[    0.002616] Initializing cgroup subsys debug
[    0.002653] CPU: Testing write buffer coherency: ok
[    0.002980] CPU0: thread -1, cpu 0, socket 0, mpidr 80000000
[    0.003102] Setting up static identity map for 0x10008280 - 0x100082d8
[    0.005070] CPU1: thread -1, cpu 1, socket 0, mpidr 80000001
[    0.005761] CPU2: thread -1, cpu 2, socket 0, mpidr 80000002
[    0.006463] CPU3: thread -1, cpu 3, socket 0, mpidr 80000003
[    0.006537] Brought up 4 CPUs
[    0.006616] SMP: Total of 4 processors activated (24.00 BogoMIPS).
[    0.006637] CPU: All CPU(s) started in SVC mode.
[    0.007161] devtmpfs: initialized
[    0.020460] VFP support v0.3: implementor 41 architecture 3 part 30 variant 9 rev 4
[    0.020881] clocksource jiffies: mask: 0xffffffff max_cycles: 0xffffffff, max_idle_ns: 19112604462750000 ns
[    0.020937] futex hash table entries: 1024 (order: 4, 65536 bytes)
[    0.040764] pinctrl core: initialized pinctrl subsystem
[    0.042022] NET: Registered protocol family 16
[    0.050690] DMA: preallocated 256 KiB pool for atomic coherent allocations
[    0.079690] cpuidle: using governor ladder
[    0.109684] cpuidle: using governor menu
[    0.109973] CPU identified as i.MX6Q, silicon rev 1.5
[    0.135895] hw-breakpoint: found 5 (+1 reserved) breakpoint and 1 watchpoint registers.
[    0.135940] hw-breakpoint: maximum watchpoint size is 4 bytes.
[    0.136982] imx6q-pinctrl 20e0000.iomuxc: initialized IMX pinctrl driver
[    0.138609] imx-gpc 20dc000.gpc: no fsl,ldo-bypass found!
[    0.148229] usb_host_vbus: supplied by usb_host_vbus_hub
[    0.148574] vgaarb: loaded
[    0.149380] SCSI subsystem initialized
[    0.149948] usbcore: registered new interface driver usbfs
[    0.150051] usbcore: registered new interface driver hub
[    0.150162] usbcore: registered new device driver usb
[    0.150867] i2c-gpio i2c@0: using pins 80 (SDA) and 62 (SCL)
[    0.151877] i2c i2c-1: IMX I2C adapter registered
[    0.151912] i2c i2c-1: can't use DMA
[    0.153486] stmpe-i2c 2-0041: stmpe811 detected, chip id: 0x811
[    0.155415] i2c i2c-2: IMX I2C adapter registered
[    0.155453] i2c i2c-2: can't use DMA
[    0.156160] i2c i2c-3: IMX I2C adapter registered
[    0.156194] i2c i2c-3: can't use DMA
[    0.156360] Linux video capture interface: v2.00
[    0.156430] pps_core: LinuxPPS API ver. 1 registered
[    0.156451] pps_core: Software ver. 5.3.6 - Copyright 2005-2007 Rodolfo Giometti <giometti@linux.it>
[    0.156502] PTP clock support registered
[    0.169737] imx-ipuv3 2400000.ipu: IPU DMFC NORMAL mode: 1(0~1), 5B(4,5), 5F(6,7)
[    0.189728] imx-ipuv3 2800000.ipu: IPU DMFC NORMAL mode: 1(0~1), 5B(4,5), 5F(6,7)
[    0.190680] mxc_mipi_csi2 21dc000.mipi_csi: i.MX MIPI CSI2 driver probed ipu0 csi1
[    0.190723] mxc_mipi_csi2 21dc000.mipi_csi: i.MX MIPI CSI2 dphy version is 0x3130302a
[    0.190836] MIPI CSI2 driver module loaded
[    0.191063] Advanced Linux Sound Architecture Driver Initialized.
[    0.192817] Switched to clocksource mxc_timer1
[    0.203963] NET: Registered protocol family 2
[    0.204815] TCP established hash table entries: 16384 (order: 4, 65536 bytes)
[    0.205012] TCP bind hash table entries: 16384 (order: 5, 131072 bytes)
[    0.205323] TCP: Hash tables configured (established 16384 bind 16384)
[    0.205521] UDP hash table entries: 1024 (order: 3, 32768 bytes)
[    0.205620] UDP-Lite hash table entries: 1024 (order: 3, 32768 bytes)
[    0.205921] NET: Registered protocol family 1
[    0.206291] RPC: Registered named UNIX socket transport module.
[    0.206324] RPC: Registered udp transport module.
[    0.206343] RPC: Registered tcp transport module.
[    0.206362] RPC: Registered tcp NFSv4.1 backchannel transport module.
[    0.207124] CPU PMU: Failed to parse /soc/pmu/interrupt-affinity[0]
[    0.207194] hw perfevents: enabled with armv7_cortex_a9 PMU driver, 7 counters available
[    0.208968] Bus freq driver module loaded
[    0.216263] VFS: Disk quotas dquot_6.6.0
[    0.216477] VFS: Dquot-cache hash table entries: 1024 (order 0, 4096 bytes)
[    0.218096] NFS: Registering the id_resolver key type
[    0.218151] Key type id_resolver registered
[    0.218176] Key type id_legacy registered
[    0.218216] nfs4filelayout_init: NFSv4 File Layout Driver Registering...
[    0.218752] ntfs: driver 2.1.32 [Flags: R/W].
[    0.219244] fuse init (API version 7.23)
[    0.223639] bounce: pool size: 64 pages
[    0.223681] io scheduler noop registered
[    0.223712] io scheduler deadline registered
[    0.223902] io scheduler cfq registered (default)
[    0.226268] backlight supply power not found, using dummy regulator
[    0.227895] MIPI DSI driver module loaded
[    0.229320] 20e0000.hdmi_video supply HDMI not found, using dummy regulator
[    0.231335] mxc_hdmi 20e0000.hdmi_video: Detected HDMI controller 0x13:0xa:0xa0:0xc1
[    0.231399] fbcvt: 1920x1080@60: CVT Name - 2.073M9
[    0.231530] mxc_sdc_fb fb@0: registered mxc display driver hdmi
[    0.256631] mxc_sdc_fb fb@0: 1920x1080 h_sync,r,l: 44,88,148  v_sync,l,u: 5,4,36 pixclock=148500000 Hz
[    0.272900] imx-ipuv3 2400000.ipu: IPU DMFC DP HIGH RESOLUTION: 1(0,1), 5B(2~5), 5F(6,7)
[    0.306777] mxc_sdc_fb fb@0: 1920x1080 h_sync,r,l: 44,88,148  v_sync,l,u: 5,4,36 pixclock=148500000 Hz
[    0.344991] Console: switching to colour frame buffer device 240x67
[    0.380833] mxc_sdc_fb fb@1: mxcfb1 is turned off!
[    0.380995] mxc_sdc_fb fb@2: mxcfb2 is turned off!
[    0.381146] mxc_sdc_fb fb@3: mxcfb3 is turned off!
[    0.382697] imx-sdma 20ec000.sdma: no iram assigned, using external mem
[    0.383189] imx-sdma 20ec000.sdma: no event needs to be remapped
[    0.383537] imx-sdma 20ec000.sdma: loaded firmware 3.3
[    0.386269] imx-sdma 20ec000.sdma: initialized
[    0.387995] pfuze100-regulator 2-0008: Full layer: 2, Metal layer: 1
[    0.388701] pfuze100-regulator 2-0008: FAB: 0, FIN: 0
[    0.388802] pfuze100-regulator 2-0008: pfuze100 found.
[    0.406743] mxc_sdc_fb fb@0: 640x480 h_sync,r,l: 96,16,48  v_sync,l,u: 2,10,33 pixclock=25175000 Hz
[    0.411237] 2020000.serial: ttymxc0 at MMIO 0x2020000 (irq = 27, base_baud = 5000000) is a IMX
[    1.404412] console [ttymxc0] enabled
[    1.405383] 21e8000.serial: ttymxc1 at MMIO 0x21e8000 (irq = 303, base_baud = 5000000) is a IMX
[    1.405940] 21f0000.serial: ttymxc3 at MMIO 0x21f0000 (irq = 304, base_baud = 5000000) is a IMX
[    1.406459] 21f4000.serial: ttymxc4 at MMIO 0x21f4000 (irq = 305, base_baud = 5000000) is a IMX
[    1.407345] [drm] Initialized drm 1.1.0 20060810
[    1.407818] [drm] Initialized vivante 1.0.0 20120216 on minor 0
[    1.408289] mxc_sdc_fb fb@0: 640x480 h_sync,r,l: 96,16,48  v_sync,l,u: 2,10,33 pixclock=25200000 Hz
[    1.417307] brd: module loaded
[    1.423706] loop: module loaded
[    1.424968] ahci-imx 2200000.sata: fsl,transmit-level-mV not specified, using 00000024
[    1.424978] ahci-imx 2200000.sata: fsl,transmit-boost-mdB not specified, using 00000480
[    1.424987] ahci-imx 2200000.sata: fsl,transmit-atten-16ths not specified, using 00002000
[    1.424995] ahci-imx 2200000.sata: fsl,receive-eq-mdB not specified, using 05000000
[    1.429292] ahci-imx 2200000.sata: SSS flag set, parallel bus scan disabled
[    1.429325] ahci-imx 2200000.sata: AHCI 0001.0300 32 slots 1 ports 3 Gbps 0x1 impl platform mode
[    1.429338] ahci-imx 2200000.sata: flags: ncq sntf stag pm led clo only pmp pio slum part ccc apst 
[    1.431988] scsi host0: ahci-imx
[    1.432306] ata1: SATA max UDMA/133 mmio [mem 0x02200000-0x02203fff] port 0x100 irq 315
[    1.434482] spi_imx 2008000.ecspi: probed
[    1.435349] spi_imx 200c000.ecspi: probed
[    1.436317] vcan: Virtual CAN interface driver
[    1.436332] CAN device driver interface
[    1.436552] 2090000.flexcan supply xceiver not found, using dummy regulator
[    1.437399] flexcan 2090000.flexcan: device registered (reg_base=e6aa8000, irq=36)
[    1.437495] 2094000.flexcan supply xceiver not found, using dummy regulator
[    1.438229] flexcan 2094000.flexcan: device registered (reg_base=e6ab0000, irq=37)
[    1.439364] 2188000.ethernet supply phy not found, using dummy regulator
[    1.453292] pps pps0: new PPS source ptp0
[    1.454763] libphy: fec_enet_mii_bus: probed
[    1.456621] fec 2188000.ethernet eth0: registered PHC device 0
[    1.456986] usbcore: registered new interface driver asix
[    1.457063] usbcore: registered new interface driver ax88179_178a
[    1.457120] usbcore: registered new interface driver cdc_ether
[    1.457172] usbcore: registered new interface driver net1080
[    1.457223] usbcore: registered new interface driver cdc_subset
[    1.457276] usbcore: registered new interface driver zaurus
[    1.457382] usbcore: registered new interface driver cdc_ncm
[    1.457395] ehci_hcd: USB 2.0 'Enhanced' Host Controller (EHCI) Driver
[    1.457405] ehci-pci: EHCI PCI platform driver
[    1.457467] ehci-mxc: Freescale On-Chip EHCI Host driver
[    1.457677] usbcore: registered new interface driver usb-storage
[    1.457869] usbcore: registered new interface driver usbserial
[    1.457910] usbcore: registered new interface driver usbserial_generic
[    1.457951] usbserial: USB Serial support registered for generic
[    1.458006] usbcore: registered new interface driver ftdi_sio
[    1.458044] usbserial: USB Serial support registered for FTDI USB Serial Device
[    1.458092] usbcore: registered new interface driver pl2303
[    1.458129] usbserial: USB Serial support registered for pl2303
[    1.459439] 2184800.usbmisc supply vbus-wakeup not found, using dummy regulator
[    1.460864] mxc_sdc_fb fb@0: 640x480 h_sync,r,l: 96,16,48  v_sync,l,u: 2,10,33 pixclock=25200000 Hz
[    1.470297] ci_hdrc ci_hdrc.1: EHCI Host Controller
[    1.470328] ci_hdrc ci_hdrc.1: new USB bus registered, assigned bus number 1
[    1.482876] ci_hdrc ci_hdrc.1: USB 2.0 started, EHCI 1.00
[    1.483782] hub 1-0:1.0: USB hub found
[    1.483817] hub 1-0:1.0: 1 port detected
[    1.484917] mousedev: PS/2 mouse device common for all mice
[    1.493588] input: stmpe-ts as /devices/soc0/soc/2100000.aips-bus/21a4000.i2c/i2c-2/2-0041/stmpe-ts/input/input0
[    1.496942] rtc-ds1307 1-0068: oscillator failed, set time!
[    1.497137] rtc-ds1307 1-0068: rtc core: registered m41t0 as rtc0
[    1.497798] snvs_rtc 20cc000.snvs:snvs-rtc-lp: rtc core: registered 20cc000.snvs:snvs-r as rtc1
[    1.497939] i2c /dev entries driver
[    1.499262] mxc_v4l2_output v4l2_out: V4L2 device registered as video16
[    1.499422] mxc_v4l2_output v4l2_out: V4L2 device registered as video17
[    1.500921] imx2-wdt 20bc000.wdog: timeout 60 sec (nowayout=0)
[    1.501280] sdhci: Secure Digital Host Controller Interface driver
[    1.501282] sdhci: Copyright(c) Pierre Ossman
[    1.501292] sdhci-pltfm: SDHCI platform and OF driver helper
[    1.502388] /soc/aips-bus@02100000/usdhc@02190000: voltage-ranges unspecified
[    1.502420] sdhci-esdhc-imx 2190000.usdhc: Got CD GPIO
[    1.503842] sdhci-esdhc-imx 2190000.usdhc: No vqmmc regulator found
[    1.542993] mmc1: SDHCI controller on 2190000.usdhc [2190000.usdhc] using ADMA
[    1.543435] /soc/aips-bus@02100000/usdhc@02194000: voltage-ranges unspecified
[    1.543462] sdhci-esdhc-imx 2194000.usdhc: Got CD GPIO
[    1.544814] sdhci-esdhc-imx 2194000.usdhc: No vqmmc regulator found
[    1.583076] mmc2: SDHCI controller on 2194000.usdhc [2194000.usdhc] using ADMA
[    1.583725] /soc/aips-bus@02100000/usdhc@02198000: voltage-ranges unspecified
[    1.584121] sdhci-esdhc-imx 2198000.usdhc: No vqmmc regulator found
[    1.622858] mmc0: SDHCI controller on 2198000.usdhc [2198000.usdhc] using ADMA
[    1.624545] mxc_vpu 2040000.vpu_fsl: VPU initialized
[    1.625126] mxc_vdoa 21e4000.vdoa: i.MX Video Data Order Adapter(VDOA) driver probed
[    1.626996] caam 2100000.caam: Entropy delay = 3200
[    1.687786] caam 2100000.caam: Instantiated RNG4 SH0
[    1.748545] caam 2100000.caam: Instantiated RNG4 SH1
[    1.748557] caam 2100000.caam: device ID = 0x0a16010000000000 (Era -524)
[    1.748564] caam 2100000.caam: job rings = 2, qi = 0
[    1.792855] ata1: SATA link down (SStatus 0 SControl 300)
[    1.792899] ahci-imx 2200000.sata: no device found, disabling link.
[    1.792906] ahci-imx 2200000.sata: pass ahci_imx..hotplug=1 to enable hotplug
[    1.854452] mmc1: new high speed SDHC card at address 59b4
[    1.854867] mmcblk1: mmc1:59b4 USD   7.48 GiB 
[    1.860909]  mmcblk1: p1 p2 p3
[    1.873443] usb 1-1: new high-speed USB device number 2 using ci_hdrc
[    1.948162] caam algorithms registered in /proc/crypto
[    1.967005] caam_jr 2101000.jr0: registering rng-caam
[    1.967945] snvs-secvio 20cc000.caam-snvs: can't get snvs clock
[    1.968000] snvs-secvio 20cc000.caam-snvs: violation handlers armed - non-secure state
[    1.968255] hidraw: raw HID events driver (C) Jiri Kosina
[    1.968446] usbcore: registered new interface driver usbhid
[    1.968449] usbhid: USB HID core driver
[    2.070901] hub 1-1:1.0: USB hub found
[    2.083903] hub 1-1:1.0: 4 ports detected
[    2.124456] mmc0: MAN_BKOPS_EN bit is not set
[    2.245349] mmc0: new DDR MMC card at address 0001
[    2.245633] stmpe-adc stmpe-adc: Initialized
[    2.245906] mmcblk0: mmc0:0001 Q2J54A 3.59 GiB 
[    2.246075] mmcblk0boot0: mmc0:0001 Q2J54A partition 1 16.0 MiB
[    2.246220] mmcblk0boot1: mmc0:0001 Q2J54A partition 2 16.0 MiB
[    2.252942]  mmcblk0: p1 p2
[    2.297154] sgtl5000 2-000a: sgtl5000 revision 0x11
[    2.482846] usb 1-1.2: new low-speed USB device number 3 using ci_hdrc
[    2.508393] mxc_sdc_fb fb@0: 640x480 h_sync,r,l: 96,16,48  v_sync,l,u: 2,10,33 pixclock=25175000 Hz
[    2.605968] mxc_sdc_fb fb@0: 640x480 h_sync,r,l: 96,16,48  v_sync,l,u: 2,10,33 pixclock=25200000 Hz
[    2.621926] input: PixArt Dell MS116 USB Optical Mouse as /devices/soc0/soc/2100000.aips-bus/2184200.usb/ci_hdrc.1/usb1/1-1/1-1.2/1-1.2:1.0/0003:413C:301A.0001/input/input1
[    2.622406] hid-generic 0003:413C:301A.0001: input,hidraw0: USB HID v1.11 Mouse [PixArt Dell MS116 USB Optical Mouse] on usb-ci_hdrc.1-1.2/input0
[    2.655569] imx-sgtl5000 sound: sgtl5000 <-> 2028000.ssi mapping ok
[    2.658378] imx-spdif sound-spdif: snd-soc-dummy-dai <-> 2004000.spdif mapping ok
[    2.661648] imx-audio-hdmi sound-hdmi: hdmi-hifi <-> soc:hdmi_audio@00120000 mapping ok
[    2.663240] NET: Registered protocol family 10
[    2.664309] NET: Registered protocol family 17
[    2.664328] can: controller area network core (rev 20120528 abi 9)
[    2.664414] NET: Registered protocol family 29
[    2.664496] can: raw protocol (rev 20120528)
[    2.664507] can: broadcast manager protocol (rev 20120528 t)
[    2.664524] can: netlink gateway (rev 20130117) max_hops=1
[    2.665039] Key type dns_resolver registered
[    2.667057] Registering SWP/SWPB emulation handler
