
Industrial temperature grade DDR3 timings.
Trying to boot from USB SDP
SDP: initialize...
SDP: handle requests...
Downloading file of size 315088 to 0x177fffc0... done
Jumping to header at 0x177fffc0
Header Tag is not a IMX image


U-Boot 2016.11-1.3.0+g52259cf (Nov 30 2017 - 11:18:48 +0100)

CPU:   Freescale i.MX6Q rev1.5 at 792 MHz
Reset cause: POR
I2C:   ready
DRAM:  2 GiB
PMIC:  device id: 0x10, revision id: 0x21, programmed
M“j:   FSL_SDHC: 0, FSL_SDHC: 1, FSL_SDHC: 2
Using default environment

In:    serial_mxc
Out:   serial_mxc
Err:   serial_mxc
Model: Toradex Apalis iMX6 Quad 2GB IT V1.1C, Serial# 05146384
Serial Downloader recovery mode, using sdp command
Net:   using PHY at 7
FEC [PRIME]
Hit any key to stop autoboot:  0 
SDP: initialize...
SDP: handle requests...
Downloading file of size 20643700 to 0x12100000... done
Downloading file of size 367 to 0x12000000... done
Jumping to header at 0x12000000
Header Tag is not a IMX image
## Loading kernel from FIT Image at 12100000 ...
   Using 'config@1' configuration
   Trying 'kernel@1' kernel subimage
     Description:  Linux Kernel 4.1
     Type:         Kernel Image
     Compression:  uncompressed
     Data Start:   0x121000dc
     Data Size:    5297400 Bytes = 5.1 MiB
     Architecture: ARM
     OS:           Linux
     Load Address: 0x11000000
     Entry Point:  0x11000000
     Hash algo:    md5
     Hash value:   7d13d2d68831a5daf573275544e6ba98
   Verifying Hash Integrity ... md5+ OK
## Loading ramdisk from FIT Image at 12100000 ...
   Using 'config@1' configuration
   Trying 'ramdisk@1' ramdisk subimage
     Description:  SquashFS RAMdisk
     Type:         RAMDisk Image
     Compression:  uncompressed
     Data Start:   0x1260d6bc
     Data Size:    15294464 Bytes = 14.6 MiB
     Architecture: ARM
     OS:           Linux
     Load Address: unavailable
     Entry Point:  unavailable
     Hash algo:    md5
     Hash value:   20b8683287488ff66e4a44c0e259c476
   Verifying Hash Integrity ... md5+ OK
## Loading fdt from FIT Image at 12100000 ...
   Using 'config@1' configuration
   Trying 'fdt@1' fdt subimage
     Description:  Apalis iMX6 Device Tree
     Type:         Flat Device Tree
     Compression:  uncompressed
     Data Start:   0x134a3784
     Data Size:    50361 Bytes = 49.2 KiB
     Architecture: ARM
     Hash algo:    md5
     Hash value:   14dcdc84fa1a3babc196b741dffb7177
   Verifying Hash Integrity ... md5+ OK
   Booting using the fdt blob at 0x134a3784
   Loading Kernel Image ... OK
   Loading Device Tree to 2fff0000, end 2ffff4b8 ... OK

Starting kernel ...

[    1.252168] snvs-secvio 20cc000.caam-snvs: can't get snvs clock
[    1.774885] imx6q-pcie 1ffc000.pcie: phy link never came up
[    1.780515] imx6q-pcie 1ffc000.pcie: failed to initialize host
[    1.788864] rtc-ds1307 1-0068: hctosys: unable to read the hardware clock
[    2.078522] squashfs: SQUASHFS error: Xattrs in filesystem, these will be ignored
[    2.086073] squashfs: SQUASHFS error: unable to read xattr id index table
Running /etc/rc.local...
Apalis-iMX6_ToradexEasyInstaller_1.3-20171201
/ # [  228.483398] reboot: Restarting system


U-Boot 2017.03-dirty (Dec 12 2017 - 15:12:51 +0530)

CPU:   Freescale i.MX6Q rev1.5 at 792 MHz
Reset cause: POR
I2C:   ready
DRAM:  2 GiB
PMIC: device id: 0x10, revision id: 0x21
PMIC: programmed
MMC:   FSL_SDHC: 0, FSL_SDHC: 1, FSL_SDHC: 2
auto-detected panel vga-rgb
Aravinth: Display: vga-rgb (640x480)
In:    serial
Out:   serial
Err:   serial
Model: Toradex Apalis iMX6 Quad 2GB IT V1.1C, Serial# 05146387
Net:   using PHY at 7
FEC [PRIME]
Normal Boot
Hit any key to stop autoboot:  1  0
Apalis iMX6 # 
Apalis iMX6 # 
Apalis iMX6 # 
Apalis iMX6 # pri
arch=arm
baudrate=115200
board=apalis_imx6
board_name=apalis_imx6
board_rev=011c
boot_file=uImage
bootcmd=run emmcboot ; echo ; echo emmcboot failed ; run nfsboot ; echo ; echo nfsboot failed ; usb start ;setenv stdout serial,vga ; setenv stdin serial,usbkbd
bootdelay=1
console=ttymxc0
cpu=armv7
defargs=enable_wait_mode=off vmalloc=400M
dfu_alt_info=u-boot.imx raw 0x2 0x3ff mmcpart 0;boot part 0 1;rootfs part 0 2;uImage fat 0 1;imx6q-colibri-eval-v3.dtb fat 0 1;imx6q-colibri-cam-eval-v3.dtb fat 0 1
emmcargs=ip=off root=/dev/mmcblk0p2 rw,noatime rootfstype=ext3 rootwait
emmcboot=run setup; setenv bootargs ${defargs} ${emmcargs} ${setupargs} ${vidargs}; echo Booting from internal eMMC chip...; run emmcdtbload; load mmc 0:1 ${kernel_addr_r} ${boot_file} && run fdt_fixup && bootm ${kernel_addr_r} ${dtbparam}
emmcdtbload=setenv dtbparam; load mmc 0:1 ${fdt_addr_r} ${fdt_file} && setenv dtbparam " - ${fdt_addr_r}" && true
ethact=FEC
ethaddr=00:14:2d:4e:87:13
ethprime=FEC
fdt_addr_r=0x12000000
fdt_file=devicetree.dtb
fdt_fixup=;
fdt_high=0xffffffff
initrd_high=0xffffffff
ipaddr=192.168.10.2
kernel_addr_r=0x11000000
loadaddr=0x12000000
netmask=255.255.255.0
nfsargs=ip=:::::eth0:on root=/dev/nfs rw
nfsboot=run setup; setenv bootargs ${defargs} ${nfsargs} ${setupargs} ${vidargs}; echo Booting via DHCP/TFTP/NFS...; run nfsdtbload; dhcp ${kernel_addr_r} && run fdt_fixup && bootm ${kernel_addr_r} ${dtbparam}
nfsdtbload=setenv dtbparam; tftp ${fdt_addr_r} ${fdt_file} && setenv dtbparam " - ${fdt_addr_r}" && true
ramdisk_addr_r=0x12100000
sdargs=ip=off root=/dev/mmcblk1p2 rw,noatime rootfstype=ext3 rootwait
sdboot=run setup; setenv bootargs ${defargs} ${sdargs} ${setupargs} ${vidargs}; echo Booting from SD card; run sddtbload; load mmc 1:1 ${kernel_addr_r} ${boot_file} && run fdt_fixup && bootm ${kernel_addr_r} ${dtbparam}
sddtbload=setenv dtbparam; load mmc 1:1 ${fdt_addr_r} ${fdt_file} && setenv dtbparam " - ${fdt_addr_r}" && true
serial#=05146387
serverip=192.168.10.1
setethupdate=if env exists ethaddr; then; else setenv ethaddr 00:14:2d:00:00:00; fi; tftpboot ${loadaddr} flash_eth.img && source ${loadaddr}
setsdupdate=setenv interface mmc; setenv drive 1; mmc rescan; load ${interface} ${drive}:1 ${loadaddr} flash_blk.img && source ${loadaddr}
setup=setenv setupargs fec_mac=${ethaddr} consoleblank=0 no_console_suspend=1 console=tty1 console=${console},${baudrate}n8
setupdate=run setsdupdate || run setusbupdate || run setethupdate
setusbupdate=usb start && setenv interface usb; setenv drive 0; load ${interface} ${drive}:1 ${loadaddr} flash_blk.img && source ${loadaddr}
soc=mx6
splashpos=m,m
vendor=toradex
ver=U-Boot 2017.03-dirty (Dec 12 2017 - 15:12:51 +0530)
vidargs=mxc_hdmi.only_cea=1 video=mxcfb0:dev=hdmi,1920x1080M@60,if=RGB24 video=mxcfb1:off video=mxcfb2:off video=mxcfb3:off fbmem=32M

Environment size: 2923/8188 bytes
Apalis iMX6 # run sd  update
## Error: "update" not defined
Apalis iMX6 # run update      setupdate
reading flash_blk.img
710 bytes read in 13 ms (52.7 KiB/s)
## Executing script at 12000000
reading apalis_imx6/flash_blk.img
3818 bytes read in 18 ms (207 KiB/s)
## Executing script at 12000000
enter "run update" or "run update_it" to update the uboot
Apalis iMX6 # run update_it 
reading apalis_imx6/u-boot.imx-it
334272 bytes read in 38 ms (8.4 MiB/s)
switch to partitions #1, OK
mmc0(part 1) is current device

MMC write: dev # 0, block # 2, count 653 ... 653 blocks written: OK
Fuse 0, 5:     5072
Fast boot mode already fused, no need to fuse
resetting ...

Industrial temperature grade DDR3 timings.
Trying to boot from USB SDP
SDP: initialize...
SDP: handle requests...
Downloading file of size 315088 to 0x177fffc0... done
Jumping to header at 0x177fffc0
Header Tag is not a IMX image


U-Boot 2016.11-1.3.0+g52259cf (Nov 30 2017 - 11:18:48 +0100)

CPU:   Freescale i.MX6Q rev1.5 at 792 MHz
Reset cause: POR
I2C:   ready
DRAM:  2 GiB
PMIC:  device id: 0x10, revision id: 0x21, programmed
k5:   FSL_SDHC: 0, FSL_SDHC: 1, FSL_SDHC: 2
Using default environment

In:    serial_mxc
Out:   serial_mxc
Err:   serial_mxc
Model: Toradex Apalis iMX6 Quad 2GB IT V1.1C, Serial# 05146387
Serial Downloader recovery mode, using sdp command
Net:   using PHY at 7
FEC [PRIME]
Hit any key to stop autoboot:  0 
SDP: initialize...
SDP: handle requests...
Downloading file of size 20643700 to 0x12100000... done
Downloading file of size 367 to 0x12000000... done
Jumping to header at 0x12000000
Header Tag is not a IMX image
## Loading kernel from FIT Image at 12100000 ...
   Using 'config@1' configuration
   Trying 'kernel@1' kernel subimage
     Description:  Linux Kernel 4.1
     Type:         Kernel Image
     Compression:  uncompressed
     Data Start:   0x121000dc
     Data Size:    5297400 Bytes = 5.1 MiB
     Architecture: ARM
     OS:           Linux
     Load Address: 0x11000000
     Entry Point:  0x11000000
     Hash algo:    md5
     Hash value:   7d13d2d68831a5daf573275544e6ba98
   Verifying Hash Integrity ... md5+ OK
## Loading ramdisk from FIT Image at 12100000 ...
   Using 'config@1' configuration
   Trying 'ramdisk@1' ramdisk subimage
     Description:  SquashFS RAMdisk
     Type:         RAMDisk Image
     Compression:  uncompressed
     Data Start:   0x1260d6bc
     Data Size:    15294464 Bytes = 14.6 MiB
     Architecture: ARM
     OS:           Linux
     Load Address: unavailable
     Entry Point:  unavailable
     Hash algo:    md5
     Hash value:   20b8683287488ff66e4a44c0e259c476
   Verifying Hash Integrity ... md5+ OK
## Loading fdt from FIT Image at 12100000 ...
   Using 'config@1' configuration
   Trying 'fdt@1' fdt subimage
     Description:  Apalis iMX6 Device Tree
     Type:         Flat Device Tree
     Compression:  uncompressed
     Data Start:   0x134a3784
     Data Size:    50361 Bytes = 49.2 KiB
     Architecture: ARM
     Hash algo:    md5
     Hash value:   14dcdc84fa1a3babc196b741dffb7177
   Verifying Hash Integrity ... md5+ OK
   Booting using the fdt blob at 0x134a3784
   Loading Kernel Image ... OK
   Loading Device Tree to 2fff0000, end 2ffff4b8 ... OK

Starting kernel ...

[    1.230979] snvs-secvio 20cc000.caam-snvs: can't get snvs clock
[    1.755465] imx6q-pcie 1ffc000.pcie: phy link never came up
[    1.761086] imx6q-pcie 1ffc000.pcie: failed to initialize host
[    1.771597] rtc-ds1307 1-0068: hctosys: unable to read the hardware clock
[    2.048890] squashfs: SQUASHFS error: Xattrs in filesystem, these will be ignored
[    2.056424] squashfs: SQUASHFS error: unable to read xattr id index table
Running /etc/rc.local...
Apalis-iMX6_ToradexEasyInstaller_1.3-20171201
/ # [  168.782157] reboot: Restarting system


U-Boot 2017.03-dirty (Dec 12 2017 - 15:12:51 +0530)

CPU:   Freescale i.MX6Q rev1.5 at 792 MHz
Reset cause: POR
I2C:   ready
DRAM:  2 GiB
PMIC: device id: 0x10, revision id: 0x21
PMIC: programmed
MMC:   FSL_SDHC: 0, FSL_SDHC: 1, FSL_SDHC: 2
auto-detected panel HDMI
Aravinth: Display: HDMI (1024x768)
In:    serial
Out:   serial
Err:   serial
Model: Toradex Apalis iMX6 Quad 2GB IT V1.1C, Serial# 05146387
Net:   using PHY at 7
FEC [PRIME]
Normal Boot
Hit any key to stop autoboot:  1  0 
Booting from internal eMMC chip...
reading devicetree.dtb
** Unable to read file devicetree.dtb **
reading uImage
5207280 bytes read in 195 ms (25.5 MiB/s)
## Booting kernel from Legacy Image at 11000000 ...
   Image Name:   Linux-4.1.44-2.7.4+gb1555bf
   Image Type:   ARM Linux Kernel Image (uncompressed)
   Data Size:    5207216 Bytes = 5 MiB
   Load Address: 10008000
   Entry Point:  10008000
   Verifying Checksum ... OK
   Loading Kernel Image ... OK
No gpc device node -9, force to ldo-enable.

Starting kernel ...

