pri
Unknown command 'ri' - try 'help'
Apalis iMX6 # pri
arch=arm
baudrate=115200
board=apalis_imx6
board_name=apalis_imx6
board_rev=011c
boot_file=uImage
bootcmd=run emmcboot ; echo ; echo emmcboot failed ; run nfsboot ; echo ; echo nfsboot failed ; usb start ;setenv stdout serial,vga ; setenv stdin serial,usbkbd
bootdelay=1
console=ttymxc0
cpu=armv7
defargs=enable_wait_mode=off vmalloc=400M
dfu_alt_info=u-boot.imx raw 0x2 0x3ff mmcpart 0;boot part 0 1;rootfs part 0 2;uImage fat 0 1;imx6q-colibri-eval-v3.dtb fat 0 1;imx6q-colibri-cam-eval-v3.dtb fat 0 1
emmcargs=ip=off root=/dev/mmcblk0p2 rw,noatime rootfstype=ext3 rootwait
emmcboot=run setup; setenv bootargs ${defargs} ${emmcargs} ${setupargs} ${vidargs}; echo Booting from internal eMMC chip...; run emmcdtbload; load mmc 0:1 ${kernel_addr_r} ${boot_file} && run fdt_fixup && bootm ${kernel_addr_r} ${dtbparam}
emmcdtbload=setenv dtbparam; load mmc 0:1 ${fdt_addr_r} ${fdt_file} && setenv dtbparam " - ${fdt_addr_r}" && true
ethact=FEC
ethaddr=00:14:2d:4e:87:13
ethprime=FEC
fdt_addr_r=0x12000000
fdt_file=imx6q-apalis-eval.dtb
fdt_fixup=;
fdt_high=0xffffffff
initrd_high=0xffffffff
ipaddr=192.168.10.2
kernel_addr_r=0x11000000
loadaddr=0x12000000
netmask=255.255.255.0
nfsargs=ip=:::::eth0:on root=/dev/nfs rw
nfsboot=run setup; setenv bootargs ${defargs} ${nfsargs} ${setupargs} ${vidargs}; echo Booting via DHCP/TFTP/NFS...; run nfsdtbload; dhcp ${kernel_addr_r} && run fdt_fixup && bootm ${kernel_addr_r} ${dtbparam}
nfsdtbload=setenv dtbparam; tftp ${fdt_addr_r} ${fdt_file} && setenv dtbparam " - ${fdt_addr_r}" && true
ramdisk_addr_r=0x12100000
sdargs=ip=off root=/dev/mmcblk1p2 rw,noatime rootfstype=ext3 rootwait
sdboot=run setup; setenv bootargs ${defargs} ${sdargs} ${setupargs} ${vidargs}; echo Booting from SD card; run sddtbload; load mmc 1:1 ${kernel_addr_r} ${boot_file} && run fdt_fixup && bootm ${kernel_addr_r} ${dtbparam}
sddtbload=setenv dtbparam; load mmc 1:1 ${fdt_addr_r} ${fdt_file} && setenv dtbparam " - ${fdt_addr_r}" && true
serial#=05146387
serverip=192.168.10.1
setethupdaddr} consoleblank=0 no_console_suspend=1 console=tty1 console=shpos=m,m
vendor=toradex
ver=U-Boot 2017.03-dirty (Dec 12 20shpos=m,m
vendor=toradex
ver=U-Boot 2017.03-dirty (Dec 12 2017 - 15:12:51 +0530)
vidargs=mxc_hdmi.only_cea=1 video=mxcfb0:dev=hdmi,1920x1080M@60,if=RGB24 video=mxcfb1:off video=mxcfb2:off video=mxcfb3:off fbmem=32M

Environment size: 2930/8188 bytes
Apalis iMX6 # boot    re
resetting ...


U-Boot 2017.03-dirty (Dec 12 2017 - 15:12:51 +0530)

CPU:   Freescale i.MX6Q rev1.5 at 792 MHz
Reset cause: WDOG
I2C:   ready
DRAM:  2 GiB
PMIC: device id: 0x10, revision id: 0x21
PMIC: programmed
MMC:   FSL_SDHC: 0, FSL_SDHC: 1, FSL_SDHC: 2
*** Warning - bad CRC, using default environment

auto-detected panel HDMI
Aravinth: Display: HDMI (1024x768)
In:    serial
Out:   serial
Err:   serial
Model: Toradex Apalis iMX6 Quad 2GB IT V1.1C, Serial# 05146387
Net:   using PHY at 7
FEC [PRIME]
Normal Boot
Hit any key to stop autoboot:  1  0 
Booting from internal eMMC chip...
reading imx6q-apalis-eval.dtb
50345 bytes read in 17 ms (2.8 MiB/s)
reading uImage
5207280 bytes read in 196 ms (25.3 MiB/s)
## Booting kernel from Legacy Image at 11000000 ...
   Image Name:   Linux-4.1.44-2.7.4+gb1555bf
   Image Type:   ARM Linux Kernel Image (uncompressed)
   Data Size:    5207216 Bytes = 5 MiB
   Load Address: 10008000
   Entry Point:  10008000
   Verifying Checksum ... OK
## Flattened Device Tree blob at 12000000
   Booting using the fdt blob at 0x12000000
   Loading Kernel Image ... OK
   Using Device Tree in place at 12000000, end 1200f4a8

Starting kernel ...

[    0.000000] Booting Linux on physical CPU 0x0
[    0.000000] Initializing cgroup subsys cpu
[    0.000000] Initializing cgroup subsys cpuacct
[    0.000000] Linux version 4.1.44-2.7.4+gb1555bf (yocto@45574f02061f) (gcc version 6.2.1 20161016 (Linaro GCC 6.2-2016.11) ) #1 SMP Wed Oct 4 22:39:51 UTC 2017
[    0.000000] CPU: ARMv7 Processor [412fc09a] revision 10 (ARMv7), cr=10c5387d
[    0.000000] CPU: PIPT / VIPT nonaliasing data cache, VIPT aliasing instruction cache
[    0.000000] Machine model: Toradex Apalis iMX6Q/D Module on Apalis Evaluation Board
[    0.000000] Reserved memory: created CMA memory pool at 0x62000000, size 320 MiB
[    0.000000] Reserved memory: initialized node linux,cma, compatible id shared-dma-pool
[    0.000000] Memory policy: Data cache writealloc
[    0.000000] PERCPU: Embedded 12 pages/cpu @d0efc000 s16588 r8192 d24372 u49152
[    0.000000] Built 1 zonelists in Zone order, mobility grouping on.  Total pages: 521024
[    0.000000] Kernel command line: enable_wait_mode=off vmalloc=400M ip=off root=/dev/mmcblk0p2 rw,noatime rootfstype=ext3 rootwait fec_mac=00:14:2d:4e:87:13 consoleblank=0 no_console_suspend=1 console=tty1 console=ttymxc0,115200n8 mxc_hdmi.only_cea=1 video=mxcfb0:dev=hdmi,1920x1080M@60,if=RGB24 video=mxcfb1:off video=mxcfb2:off video=mxcfb3:off fbmem=32M
[    0.000000] PID hash table entries: 4096 (order: 2, 16384 bytes)
[    0.000000] Dentry cache hash table entries: 262144 (order: 8, 1048576 bytes)
[    0.000000] Inode-cache hash table entries: 131072 (order: 7, 524288 bytes)
[    0.000000] Memory: 1740460K/2097152K available (6751K kernel code, 239K rwdata, 2224K rodata, 332K init, 421K bss, 29012K reserved, 327680K cma-reserved, 425984K highmem)
[    0.000000] Virtual kernel memory layout:
[    0.000000]     vector  : 0xffff0000 - 0xffff1000   (   4 kB)
[    0.000000]     fixmap  : 0xffc00000 - 0xfff00000   (3072 kB)
[    0.000000]     vmalloc : 0xe6800000 - 0xff000000   ( 392 MB)
[    0.000000]     lowmem  : 0x80000000 - 0xe6000000   (1632 MB)
[    0.000000]     pkmap   : 0x7fe00000 - 0x80000000   (   2 MB)
[    0.000000]     modules : 0x7f000000 - 0x7fe00000   (  14 MB)
[    0.000000]       .text : 0x80008000 - 0x808cc0bc   (8977 kB)
[    0.000000]       .init : 0x808cd000 - 0x80920000   ( 332 kB)
[    0.000000]       .data : 0x80920000 - 0x8095bf20   ( 240 kB)
[    0.000000]        .bss : 0x8095bf20 - 0x809c56a0   ( 422 kB)
[    0.000000] SLUB: HWalign=64, Order=0-3, MinObjects=0, CPUs=4, Nodes=1
[    0.000000] Hierarchical RCU implementation.
[    0.000000] 	Additional per-CPU info printed with stalls.
[    0.000000] NR_IRQS:16 nr_irqs:16 16
[    0.000000] L2C-310 erratum 769419 enabled
[    0.000000] L2C-310 enabling early BRESP for Cortex-A9
[    0.000000] L2C-310 full line of zeros enabled for Cortex-A9
[    0.000000] L2C-310 ID prefetch enabled, offset 16 lines
[    0.000000] L2C-310 dynamic clock gating enabled, standby mode enabled
[    0.000000] L2C-310 cache controller enabled, 16 ways, 1024 kB
[    0.000000] L2C-310: CACHE_ID 0x410000c7, AUX_CTRL 0x76470001
[    0.000000] mxc_clocksource_init 3000000
[    0.000000] Switching to timer-based delay loop, resolution 333ns
[    0.000006] sched_clock: 32 bits at 3000kHz, resolution 333ns, wraps every 715827882841ns
[    0.000024] clocksource mxc_timer1: mask: 0xffffffff max_cycles: 0xffffffff, max_idle_ns: 637086815595 ns
[    0.001111] Console: colour dummy device 80x30
[    0.001708] console [tty1] enabled
[    0.001735] Calibrating delay loop (skipped), value calculated using timer frequency.. 6.00 BogoMIPS (lpj=30000)
[    0.001772] pid_max: default: 32768 minimum: 301
[    0.001887] Mount-cache hash table entries: 4096 (order: 2, 16384 bytes)
[    0.001915] Mountpoint-cache hash table entries: 4096 (order: 2, 16384 bytes)
[    0.002577] Initializing cgroup subsys freezer
[    0.002614] Initializing cgroup subsys debug
[    0.002651] CPU: Testing write buffer coherency: ok
[    0.002976] CPU0: thread -1, cpu 0, socket 0, mpidr 80000000
[    0.003101] Setting up static identity map for 0x10008280 - 0x100082d8
[    0.005085] CPU1: thread -1, cpu 1, socket 0, mpidr 80000001
[    0.005782] CPU2: thread -1, cpu 2, socket 0, mpidr 80000002
[    0.006480] CPU3: thread -1, cpu 3, socket 0, mpidr 80000003
[    0.006563] Brought up 4 CPUs
[    0.006639] SMP: Total of 4 processors activated (24.00 BogoMIPS).
[    0.006658] CPU: All CPU(s) started in SVC mode.
[    0.007179] devtmpfs: initialized
[    0.020496] VFP support v0.3: implementor 41 architecture 3 part 30 variant 9 rev 4
[    0.020915] clocksource jiffies: mask: 0xffffffff max_cycles: 0xffffffff, max_idle_ns: 19112604462750000 ns
[    0.020975] futex hash table entries: 1024 (order: 4, 65536 bytes)
[    0.040521] pinctrl core: initialized pinctrl subsystem
[    0.041762] NET: Registered protocol family 16
[    0.050393] DMA: preallocated 256 KiB pool for atomic coherent allocations
[    0.079689] cpuidle: using governor ladder
[    0.109680] cpuidle: using governor menu
[    0.109967] CPU identified as i.MX6Q, silicon rev 1.5
[    0.135804] hw-breakpoint: found 5 (+1 reserved) breakpoint and 1 watchpoint registers.
[    0.135849] hw-breakpoint: maximum watchpoint size is 4 bytes.
[    0.136821] imx6q-pinctrl 20e0000.iomuxc: initialized IMX pinctrl driver
[    0.138464] imx-gpc 20dc000.gpc: no fsl,ldo-bypass found!
[    0.148065] usb_host_vbus: supplied by usb_host_vbus_hub
[    0.148409] vgaarb: loaded
[    0.149242] SCSI subsystem initialized
[    0.149794] usbcore: registered new interface driver usbfs
[    0.149897] usbcore: registered new interface driver hub
[    0.150004] usbcore: registered new device driver usb
[    0.150711] i2c-gpio i2c@0: using pins 80 (SDA) and 62 (SCL)
[    0.151730] i2c i2c-1: IMX I2C adapter registered
[    0.151766] i2c i2c-1: can't use DMA
[    0.153341] stmpe-i2c 2-0041: stmpe811 detected, chip id: 0x811
[    0.155278] i2c i2c-2: IMX I2C adapter registered
[    0.155314] i2c i2c-2: can't use DMA
[    0.156027] i2c i2c-3: IMX I2C adapter registered
[    0.156059] i2c i2c-3: can't use DMA
[    0.156225] Linux video capture interface: v2.00
[    0.156301] pps_core: LinuxPPS API ver. 1 registered
[    0.156324] pps_core: Software ver. 5.3.6 - Copyright 2005-2007 Rodolfo Giometti <giometti@linux.it>
[    0.156376] PTP clock support registered
[    0.169734] imx-ipuv3 2400000.ipu: IPU DMFC NORMAL mode: 1(0~1), 5B(4,5), 5F(6,7)
[    0.189728] imx-ipuv3 2800000.ipu: IPU DMFC NORMAL mode: 1(0~1), 5B(4,5), 5F(6,7)
[    0.190681] mxc_mipi_csi2 21dc000.mipi_csi: i.MX MIPI CSI2 driver probed ipu0 csi1
[    0.190727] mxc_mipi_csi2 21dc000.mipi_csi: i.MX MIPI CSI2 dphy version is 0x3130302a
[    0.190844] MIPI CSI2 driver module loaded
[    0.191072] Advanced Linux Sound Architecture Driver Initialized.
[    0.192817] Switched to clocksource mxc_timer1
[    0.204001] NET: Registered protocol family 2
[    0.204845] TCP established hash table entries: 16384 (order: 4, 65536 bytes)
[    0.205045] TCP bind hash table entries: 16384 (order: 5, 131072 bytes)
[    0.205365] TCP: Hash tables configured (established 16384 bind 16384)
[    0.205563] UDP hash table entries: 1024 (order: 3, 32768 bytes)
[    0.205659] UDP-Lite hash table entries: 1024 (order: 3, 32768 bytes)
[    0.205956] NET: Registered protocol family 1
[    0.206330] RPC: Registered named UNIX socket transport module.
[    0.206361] RPC: Registered udp transport module.
[    0.206381] RPC: Registered tcp transport module.
[    0.206399] RPC: Registered tcp NFSv4.1 backchannel transport module.
[    0.207175] CPU PMU: Failed to parse /soc/pmu/interrupt-affinity[0]
[    0.207245] hw perfevents: enabled with armv7_cortex_a9 PMU driver, 7 counters available
[    0.209021] Bus freq driver module loaded
[    0.216310] VFS: Disk quotas dquot_6.6.0
[    0.216521] VFS: Dquot-cache hash table entries: 1024 (order 0, 4096 bytes)
[    0.218123] NFS: Registering the id_resolver key type
[    0.218197] Key type id_resolver registered
[    0.218219] Key type id_legacy registered
[    0.218258] nfs4filelayout_init: NFSv4 File Layout Driver Registering...
[    0.218812] ntfs: driver 2.1.32 [Flags: R/W].
[    0.219300] fuse init (API version 7.23)
[    0.223670] bounce: pool size: 64 pages
[    0.223716] io scheduler noop registered
[    0.223748] io scheduler deadline registered
[    0.223941] io scheduler cfq registered (default)
[    0.226331] backlight supply power not found, using dummy regulator
[    0.227959] MIPI DSI driver module loaded
[    0.229385] 20e0000.hdmi_video supply HDMI not found, using dummy regulator
[    0.231405] mxc_hdmi 20e0000.hdmi_video: Detected HDMI controller 0x13:0xa:0xa0:0xc1
[    0.231469] fbcvt: 1920x1080@60: CVT Name - 2.073M9
[    0.231607] mxc_sdc_fb fb@0: registered mxc display driver hdmi
[    0.256803] mxc_sdc_fb fb@0: 1920x1080 h_sync,r,l: 44,88,148  v_sync,l,u: 5,4,36 pixclock=148500000 Hz
[    0.272892] imx-ipuv3 2400000.ipu: IPU DMFC DP HIGH RESOLUTION: 1(0,1), 5B(2~5), 5F(6,7)
[    0.306784] mxc_sdc_fb fb@0: 1920x1080 h_sync,r,l: 44,88,148  v_sync,l,u: 5,4,36 pixclock=148500000 Hz
[    0.345023] Console: switching to colour frame buffer device 240x67
[    0.380885] mxc_sdc_fb fb@1: mxcfb1 is turned off!
[    0.381051] mxc_sdc_fb fb@2: mxcfb2 is turned off!
[    0.381200] mxc_sdc_fb fb@3: mxcfb3 is turned off!
[    0.382743] imx-sdma 20ec000.sdma: no iram assigned, using external mem
[    0.383236] imx-sdma 20ec000.sdma: no event needs to be remapped
[    0.383585] imx-sdma 20ec000.sdma: loaded firmware 3.3
[    0.386320] imx-sdma 20ec000.sdma: initialized
[    0.388050] pfuze100-regulator 2-0008: Full layer: 2, Metal layer: 1
[    0.388754] pfuze100-regulator 2-0008: FAB: 0, FIN: 0
[    0.388856] pfuze100-regulator 2-0008: pfuze100 found.
[    0.413388] 2020000.serial: ttymxc0 at MMIO 0x2020000 (irq = 27, base_baud = 5000000) is a IMX
[    0.423451] mxc_sdc_fb fb@0: 640x480 h_sync,r,l: 96,16,48  v_sync,l,u: 2,10,33 pixclock=25175000 Hz
[    1.425848] console [ttymxc0] enabled
[    1.426818] 21e8000.serial: ttymxc1 at MMIO 0x21e8000 (irq = 303, base_baud = 5000000) is a IMX
[    1.427382] 21f0000.serial: ttymxc3 at MMIO 0x21f0000 (irq = 304, base_baud = 5000000) is a IMX
[    1.427902] 21f4000.serial: ttymxc4 at MMIO 0x21f4000 (irq = 305, base_baud = 5000000) is a IMX
[    1.428271] mxc_sdc_fb fb@0: 640x480 h_sync,r,l: 96,16,48  v_sync,l,u: 2,10,33 pixclock=25174000 Hz
[    1.428802] [drm] Initialized drm 1.1.0 20060810
[    1.429275] [drm] Initialized vivante 1.0.0 20120216 on minor 0
[    1.438742] brd: module loaded
[    1.445123] loop: module loaded
[    1.446369] ahci-imx 2200000.sata: fsl,transmit-level-mV not specified, using 00000024
[    1.446381] ahci-imx 2200000.sata: fsl,transmit-boost-mdB not specified, using 00000480
[    1.446389] ahci-imx 2200000.sata: fsl,transmit-atten-16ths not specified, using 00002000
[    1.446397] ahci-imx 2200000.sata: fsl,receive-eq-mdB not specified, using 05000000
[    1.450726] ahci-imx 2200000.sata: SSS flag set, parallel bus scan disabled
[    1.450757] ahci-imx 2200000.sata: AHCI 0001.0300 32 slots 1 ports 3 Gbps 0x1 impl platform mode
[    1.450770] ahci-imx 2200000.sata: flags: ncq sntf stag pm led clo only pmp pio slum part ccc apst 
[    1.453494] scsi host0: ahci-imx
[    1.453814] ata1: SATA max UDMA/133 mmio [mem 0x02200000-0x02203fff] port 0x100 irq 315
[    1.455934] spi_imx 2008000.ecspi: probed
[    1.456797] spi_imx 200c000.ecspi: probed
[    1.457756] vcan: Virtual CAN interface driver
[    1.457768] CAN device driver interface
[    1.457983] 2090000.flexcan supply xceiver not found, using dummy regulator
[    1.458827] flexcan 2090000.flexcan: device registered (reg_base=e6aa0000, irq=36)
[    1.458927] 2094000.flexcan supply xceiver not found, using dummy regulator
[    1.459643] flexcan 2094000.flexcan: device registered (reg_base=e6aa8000, irq=37)
[    1.460791] 2188000.ethernet supply phy not found, using dummy regulator
[    1.473284] pps pps0: new PPS source ptp0
[    1.474757] libphy: fec_enet_mii_bus: probed
[    1.476559] fec 2188000.ethernet eth0: registered PHC device 0
[    1.476927] usbcore: registered new interface driver asix
[    1.477005] usbcore: registered new interface driver ax88179_178a
[    1.477066] usbcore: registered new interface driver cdc_ether
[    1.477118] usbcore: registered new interface driver net1080
[    1.477174] usbcore: registered new interface driver cdc_subset
[    1.477227] usbcore: registered new interface driver zaurus
[    1.477326] usbcore: registered new interface driver cdc_ncm
[    1.477337] ehci_hcd: USB 2.0 'Enhanced' Host Controller (EHCI) Driver
[    1.477349] ehci-pci: EHCI PCI platform driver
[    1.477412] ehci-mxc: Freescale On-Chip EHCI Host driver
[    1.477625] usbcore: registered new interface driver usb-storage
[    1.477820] usbcore: registered new interface driver usbserial
[    1.477870] usbcore: registered new interface driver usbserial_generic
[    1.477914] usbserial: USB Serial support registered for generic
[    1.477971] usbcore: registered new interface driver ftdi_sio
[    1.478012] usbserial: USB Serial support registered for FTDI USB Serial Device
[    1.478060] usbcore: registered new interface driver pl2303
[    1.478096] usbserial: USB Serial support registered for pl2303
[    1.479404] 2184800.usbmisc supply vbus-wakeup not found, using dummy regulator
[    1.480808] mxc_sdc_fb fb@0: 640x480 h_sync,r,l: 96,16,48  v_sync,l,u: 2,10,33 pixclock=25174000 Hz
[    1.490216] ci_hdrc ci_hdrc.1: EHCI Host Controller
[    1.490246] ci_hdrc ci_hdrc.1: new USB bus registered, assigned bus number 1
[    1.502869] ci_hdrc ci_hdrc.1: USB 2.0 started, EHCI 1.00
[    1.503811] hub 1-0:1.0: USB hub found
[    1.503847] hub 1-0:1.0: 1 port detected
[    1.505017] mousedev: PS/2 mouse device common for all mice
[    1.513686] input: stmpe-ts as /devices/soc0/soc/2100000.aips-bus/21a4000.i2c/i2c-2/2-0041/stmpe-ts/input/input0
[    1.517054] rtc-ds1307 1-0068: oscillator failed, set time!
[    1.517251] rtc-ds1307 1-0068: rtc core: registered m41t0 as rtc0
[    1.517851] snvs_rtc 20cc000.snvs:snvs-rtc-lp: rtc core: registered 20cc000.snvs:snvs-r as rtc1
[    1.517987] i2c /dev entries driver
[    1.519381] mxc_v4l2_output v4l2_out: V4L2 device registered as video16
[    1.519533] mxc_v4l2_output v4l2_out: V4L2 device registered as video17
[    1.521061] imx2-wdt 20bc000.wdog: timeout 60 sec (nowayout=0)
[    1.521429] sdhci: Secure Digital Host Controller Interface driver
[    1.521432] sdhci: Copyright(c) Pierre Ossman
[    1.521442] sdhci-pltfm: SDHCI platform and OF driver helper
[    1.522569] /soc/aips-bus@02100000/usdhc@02190000: voltage-ranges unspecified
[    1.522599] sdhci-esdhc-imx 2190000.usdhc: Got CD GPIO
[    1.524051] sdhci-esdhc-imx 2190000.usdhc: No vqmmc regulator found
[    1.562996] mmc1: SDHCI controller on 2190000.usdhc [2190000.usdhc] using ADMA
[    1.563457] /soc/aips-bus@02100000/usdhc@02194000: voltage-ranges unspecified
[    1.563483] sdhci-esdhc-imx 2194000.usdhc: Got CD GPIO
[    1.564852] sdhci-esdhc-imx 2194000.usdhc: No vqmmc regulator found
[    1.603069] mmc2: SDHCI controller on 2194000.usdhc [2194000.usdhc] using ADMA
[    1.603712] /soc/aips-bus@02100000/usdhc@02198000: voltage-ranges unspecified
[    1.604099] sdhci-esdhc-imx 2198000.usdhc: No vqmmc regulator found
[    1.642864] mmc0: SDHCI controller on 2198000.usdhc [2198000.usdhc] using ADMA
[    1.644513] mxc_vpu 2040000.vpu_fsl: VPU initialized
[    1.645092] mxc_vdoa 21e4000.vdoa: i.MX Video Data Order Adapter(VDOA) driver probed
[    1.647004] caam 2100000.caam: Entropy delay = 3200
[    1.707794] caam 2100000.caam: Instantiated RNG4 SH0
[    1.768555] caam 2100000.caam: Instantiated RNG4 SH1
[    1.768566] caam 2100000.caam: device ID = 0x0a16010000000000 (Era -524)
[    1.768574] caam 2100000.caam: job rings = 2, qi = 0
[    1.802860] ata1: SATA link down (SStatus 0 SControl 300)
[    1.802900] ahci-imx 2200000.sata: no device found, disabling link.
[    1.802907] ahci-imx 2200000.sata: pass ahci_imx..hotplug=1 to enable hotplug
[    1.842599] mmc1: new high speed SDHC card at address 59b4
[    1.843053] mmcblk1: mmc1:59b4 USD   7.48 GiB 
[    1.850029]  mmcblk1: p1 p2 p3
[    1.882858] usb 1-1: new high-speed USB device number 2 using ci_hdrc
[    1.938279] caam algorithms registered in /proc/crypto
[    1.953779] caam_jr 2101000.jr0: registering rng-caam
[    1.954724] snvs-secvio 20cc000.caam-snvs: can't get snvs clock
[    1.954774] snvs-secvio 20cc000.caam-snvs: violation handlers armed - non-secure state
[    1.955034] hidraw: raw HID events driver (C) Jiri Kosina
[    1.955233] usbcore: registered new interface driver usbhid
[    1.955235] usbhid: USB HID core driver
[    2.054635] hub 1-1:1.0: USB hub found
[    2.061985] hub 1-1:1.0: 4 ports detected
[    2.076201] mmc0: MAN_BKOPS_EN bit is not set
[    2.186541] mmc0: new DDR MMC card at address 0001
[    2.186995] mmcblk0: mmc0:0001 Q2J54A 3.59 GiB 
[    2.187127] mmcblk0boot0: mmc0:0001 Q2J54A partition 1 16.0 MiB
[    2.187262] mmcblk0boot1: mmc0:0001 Q2J54A partition 2 16.0 MiB
[    2.198599]  mmcblk0: p1 p2
[    2.224649] stmpe-adc stmpe-adc: Initialized
[    2.287073] sgtl5000 2-000a: sgtl5000 revision 0x11
[    2.511687] mxc_sdc_fb fb@0: 640x480 h_sync,r,l: 96,16,48  v_sync,l,u: 2,10,33 pixclock=25175000 Hz
[    2.589521] mxc_sdc_fb fb@0: 1920x1080 h_sync,r,l: 44,88,148  v_sync,l,u: 5,4,36 pixclock=148500000 Hz
[    2.676553] imx-sgtl5000 sound: sgtl5000 <-> 2028000.ssi mapping ok
[    2.679335] imx-spdif sound-spdif: snd-soc-dummy-dai <-> 2004000.spdif mapping ok
[    2.682878] imx-audio-hdmi sound-hdmi: hdmi-hifi <-> soc:hdmi_audio@00120000 mapping ok
[    2.684324] NET: Registered protocol family 10
[    2.685364] NET: Registered protocol family 17
[    2.685386] can: controller area network core (rev 20120528 abi 9)
[    2.685463] NET: Registered protocol family 29
[    2.685542] can: raw protocol (rev 20120528)
[    2.685554] can: broadcast manager protocol (rev 20120528 t)
[    2.685570] can: netlink gateway (rev 20130117) max_hops=1
[    2.686083] Key type dns_resolver registered
[    2.687955] Registering SWP/SWPB emulation handler
[    2.689119] 1ffc000.pcie supply pcie-bus not found, using dummy regulator
[    3.026457] imx6q-pcie 1ffc000.pcie: phy link never came up
[    3.032181] imx6q-pcie 1ffc000.pcie: failed to initialize host
[    3.038282] imx6q-pcie: probe of 1ffc000.pcie failed with error -22
[    3.047639] input: gpio-keys as /devices/soc0/gpio-keys/input/input1
[    3.055852] rtc-ds1307 1-0068: hctosys: unable to read the hardware clock
[    3.073417] usb_otg_vbus: disabling
[    3.077241] ALSA device list:
[    3.080274]   #0: imx6q-apalis-sgtl5000
[    3.084263]   #1: imx-spdif
[    3.087123]   #2: imx-hdmi-soc
[    3.098861] EXT4-fs (mmcblk0p2): couldn't mount as ext3 due to feature incompatibilities
[    3.107285] List of all partitions:
[    3.110858] 0100           65536 ram0  (driver?)
[    3.115630] 0101           65536 ram1  (driver?)
[    3.120355] 0102           65536 ram2  (driver?)
[    3.125097] 0103           65536 ram3  (driver?)
[    3.129822] 0104           65536 ram4  (driver?)
[    3.134574] 0105           65536 ram5  (driver?)
[    3.139299] 0106           65536 ram6  (driver?)
[    3.144040] 0107           65536 ram7  (driver?)
[    3.148764] 0108           65536 ram8  (driver?)
[    3.153510] 0109           65536 ram9  (driver?)
[    3.158240] 010a           65536 ram10  (driver?)
[    3.163065] 010b           65536 ram11  (driver?)
[    3.172432] 010c           65536 ram12  (driver?)
[    3.181725] 010d           65536 ram13  (driver?)
[    3.190972] 010e           65536 ram14  (driver?)
[    3.200150] 010f           65536 ram15  (driver?)
[    3.209288] b300         7838720 mmcblk1  driver: mmcblk
[    3.219007]   b301            8192 mmcblk1p1 e7e369bb-01
[    3.228703]   b302         1130496 mmcblk1p2 e7e369bb-02
[    3.238384]   b303         6688720 mmcblk1p3 e7e369bb-03
[    3.248006] b308         3760128 mmcblk0  driver: mmcblk
[    3.257599]   b309           16384 mmcblk0p1 3e0e1206-01
[    3.267192]   b30a         3739648 mmcblk0p2 3e0e1206-02
[    3.276739] b318           16384 mmcblk0boot1  (driver?)
[    3.286305] b310           16384 mmcblk0boot0  (driver?)
[    3.295770] No filesystem could mount root, tried:  ext3
[    3.305230] Kernel panic - not syncing: VFS: Unable to mount root fs on unknown-block(179,10)
[    3.317955] CPU2: stopping
[    3.324824] CPU: 2 PID: 0 Comm: swapper/2 Not tainted 4.1.44-2.7.4+gb1555bf #1
[    3.336345] Hardware name: Freescale i.MX6 Quad/DualLite (Device Tree)
[    3.347224] Backtrace: 
[    3.354032] [<80012ec8>] (dump_backtrace) from [<800130e8>] (show_stack+0x18/0x1c)
[    3.366067]  r7:f4a00100 r6:60000193 r5:00000000 r4:8093718c
[    3.376334] [<800130d0>] (show_stack) from [<80699b84>] (dump_stack+0x8c/0xa0)
[    3.388116] [<80699af8>] (dump_stack) from [<80015fe4>] (handle_IPI+0x154/0x174)
[    3.400102]  r7:f4a00100 r6:00000000 r5:00000002 r4:8095c220
[    3.410453] [<80015e90>] (handle_IPI) from [<8000942c>] (gic_handle_irq+0x64/0x68)
[    3.422695]  r7:f4a00100 r6:ce0a7f10 r5:80922880 r4:f4a0010c
[    3.433139] [<800093c8>] (gic_handle_irq) from [<80013c00>] (__irq_svc+0x40/0x54)
[    3.445323] Exception stack(0xce0a7f10 to 0xce0a7f58)
[    3.455041] 7f00:                                     00000000 d0f1a200 00000005 0000017d
[    3.467904] 7f20: c5991d10 00000000 d0f16ed0 00000001 c4b2c838 00000000 806a1354 ce0a7f94
[    3.480743] 7f40: ce0a7ec8 ce0a7f58 8008950c 804e5e84 60000113 ffffffff
[    3.492008]  r7:ce0a7f44 r6:ffffffff r5:60000113 r4:804e5e84
[    3.502393] [<804e5db8>] (cpuidle_enter_state) from [<804e6000>] (cpuidle_enter+0x1c/0x20)
[    3.515325]  r10:806a1354 r9:ce0a7fa8 r8:80927990 r7:d0f16ed0 r6:80922554 r5:809225a0
[    3.528033]  r4:ce0a6000
[    3.535316] [<804e5fe4>] (cpuidle_enter) from [<80063210>] (cpu_startup_entry+0x1d8/0x2e8)
[    3.548437] [<80063038>] (cpu_startup_entry) from [<80015c04>] (secondary_start_kernel+0x148/0x154)
[    3.562397]  r7:8095c248
[    3.569836] [<80015abc>] (secondary_start_kernel) from [<100094cc>] (0x100094cc)
[    3.582196]  r5:00000015 r4:5e08806a
[    3.590763] CPU0: stopping
[    3.598354] CPU: 0 PID: 0 Comm: swapper/0 Not tainted 4.1.44-2.7.4+gb1555bf #1
[    3.610563] Hardware name: Freescale i.MX6 Quad/DualLite (Device Tree)
[    3.622077] Backtrace: 
[    3.629520] [<80012ec8>] (dump_backtrace) from [<800130e8>] (show_stack+0x18/0x1c)
[    3.642160]  r7:f4a00100 r6:60000193 r5:00000000 r4:8093718c
[    3.653010] [<800130d0>] (show_stack) from [<80699b84>] (dump_stack+0x8c/0xa0)
[    3.665309] [<80699af8>] (dump_stack) from [<80015fe4>] (handle_IPI+0x154/0x174)
[    3.677728]  r7:f4a00100 r6:00000000 r5:00000000 r4:8095c220
[    3.688533] [<80015e90>] (handle_IPI) from [<8000942c>] (gic_handle_irq+0x64/0x68)
[    3.701242]  r7:f4a00100 r6:80921ed0 r5:80922880 r4:f4a0010c
[    3.712171] [<800093c8>] (gic_handle_irq) from [<80013c00>] (__irq_svc+0x40/0x54)
[    3.724943] Exception stack(0x80921ed0 to 0x80921f18)
[    3.735237] 1ec0:                                     00000000 d0f02200 00000005 0000017e
[    3.748706] 1ee0: c5991e5d 00000000 d0efeed0 00000001 c54b1d9d 00000000 806a1354 80921f54
[    3.762205] 1f00: 80921e88 80921f18 8008950c 804e5e84 60000113 ffffffff
[    3.774210]  r7:80921f04 r6:ffffffff r5:60000113 r4:804e5e84
[    3.785405] [<804e5db8>] (cpuidle_enter_state) from [<804e6000>] (cpuidle_enter+0x1c/0x20)
[    3.799251]  r10:806a1354 r9:80921f68 r8:80927990 r7:d0efeed0 r6:80922554 r5:809225a0
[    3.812892]  r4:80920000
[    3.821163] [<804e5fe4>] (cpuidle_enter) from [<80063210>] (cpu_startup_entry+0x1d8/0x2e8)
[    3.835325] [<80063038>] (cpu_startup_entry) from [<80697eec>] (rest_init+0x80/0x84)
[    3.849037]  r7:ffffffff
[    3.857565] [<80697e6c>] (rest_init) from [<808cdd1c>] (start_kernel+0x3a8/0x3b4)
[    3.871202] [<808cd974>] (start_kernel) from [<1000807c>] (0x1000807c)
[    3.883927]  r10:00000000 r9:412fc09a r8:1000406a r7:80926dfc r6:8090fd0c r5:80922540
[    3.898158]  r4:8095c1d4
[    3.907026] CPU1: stopping
[    3.916089] CPU: 1 PID: 0 Comm: swapper/1 Not tainted 4.1.44-2.7.4+gb1555bf #1
[    3.929793] Hardware name: Freescale i.MX6 Quad/DualLite (Device Tree)
[    3.942867] Backtrace: 
[    3.951873] [<80012ec8>] (dump_backtrace) from [<800130e8>] (show_stack+0x18/0x1c)
[    3.966083]  r7:f4a00100 r6:60000193 r5:00000000 r4:8093718c
[    3.978538] [<800130d0>] (show_stack) from [<80699b84>] (dump_stack+0x8c/0xa0)
[    3.992557] [<80699af8>] (dump_stack) from [<80015fe4>] (handle_IPI+0x154/0x174)
[    4.006740]  r7:f4a00100 r6:00000000 r5:00000001 r4:8095c220
[    4.019312] [<80015e90>] (handle_IPI) from [<8000942c>] (gic_handle_irq+0x64/0x68)
[    4.033788]  r7:f4a00100 r6:ce0a5f10 r5:80922880 r4:f4a0010c
[    4.046471] [<800093c8>] (gic_handle_irq) from [<80013c00>] (__irq_svc+0x40/0x54)
[    4.060982] Exception stack(0xce0a5f10 to 0xce0a5f58)
[    4.073055] 5f00:                                     00000000 d0f0e200 00000005 0000017f
[    4.088295] 5f20: c5991e5d 00000000 d0f0aed0 00000001 c54b74db 00000000 806a1354 ce0a5f94
[    4.103528] 5f40: ce0a5ec8 ce0a5f58 8008950c 804e5e84 60000113 ffffffff
[    4.117164]  r7:ce0a5f44 r6:ffffffff r5:60000113 r4:804e5e84
[    4.129943] [<804e5db8>] (cpuidle_enter_state) from [<804e6000>] (cpuidle_enter+0x1c/0x20)
[    4.145291]  r10:806a1354 r9:ce0a5fa8 r8:80927990 r7:d0f0aed0 r6:80922554 r5:809225a0
[    4.160332]  r4:ce0a4000
[    4.169913] [<804e5fe4>] (cpuidle_enter) from [<80063210>] (cpu_startup_entry+0x1d8/0x2e8)
[    4.185279] [<80063038>] (cpu_startup_entry) from [<80015c04>] (secondary_start_kernel+0x148/0x154)
[    4.201496]  r7:8095c248
[    4.211151] [<80015abc>] (secondary_start_kernel) from [<100094cc>] (0x100094cc)
[    4.225697]  r5:00000015 r4:5e08806a
[    4.236418] ---[ end Kernel panic - not syncing: VFS: Unable to mount root fs on unknown-block(179,10)


U-Boot 2017.03-dirty (Dec 12 2017 - 15:12:51 +0530)

CPU:   Freescale i.MX6Q rev1.5 at 792 MHz
Reset cause: POR
I2C:   ready
DRAM:  2 GiB
PMIC: device id: 0x10, revision id: 0x21
PMIC: programmed
MMC:   FSL_SDHC: 0, FSL_SDHC: 1, FSL_SDHC: 2
*** Warning - bad CRC, using default environment

auto-detected panel HDMI
Aravinth: Display: HDMI (1024x768)
In:    serial
Out:   serial
Err:   serial
Model: Toradex Apalis iMX6 Quad 2GB IT V1.1C, Serial# 05146387
Net:   using PHY at 7
FEC [PRIME]
Normal Boot
Hit any key to stop autoboot:  1  0 
Apalis iMX6 # 

U-Boot 2017.03-dirty (Dec 12 2017 - 15:12:51 +0530)

CPU:   Freescale i.MX6Q rev1.5 at 792 MHz
Reset cause: POR
I2C:   ready
DRAM:  2 GiB
PMIC: device id: 0x10, revision id: 0x21
PMIC: programmed
MMC:   FSL_SDHC: 0, FSL_SDHC: 1, FSL_SDHC: 2
*** Warning - bad CRC, using default environment

auto-detected panel HDMI
Aravinth: Display: HDMI (1024x768)
In:    serial
Out:   serial
Err:   serial
Model: Toradex Apalis iMX6 Quad 2GB IT V1.1C, Serial# 05146387
Net:   using PHY at 7
FEC [PRIME]
Normal Boot
Hit any key to stop autoboot:  1  0 
Apalis iMX6 # bmode usb
resetting ...


U-Boot 2015.04-ga605cf5 (Jan 14 2016 - 12:57:30)

CPU:   Freescale i.MX6Q rev1.5 at 792 MHz
Reset cause: WDOG
I2C:   ready
DRAM:  2 GiB
MMC:   FSL_SDHC: 0, FSL_SDHC: 1, FSL_SDHC: 2
Using default environment

auto-detected panel HDMI
Display: HDMI (1024x768)
In:    serial
Out:   serial
Err:   serial
Model: Toradex Apalis iMX6 2GB
Net:   using phy at 7
FEC [PRIME]
Error: FEC address not set.

Hit any key to stop autoboot:  0 
switch to partitions #0, OK
mmc0(part 0) is current device

MMC write: dev # 0, block # 0, count 1 ... 1 blocks written: OK
UMS: disk start sector: 0x0, count: 0x72c000
|/-\|/-\/-\|/-\/-\|/-\-\/-\|/-\/-/-\|/-\/-\|/-\/-\|/-\/-\|/-\/-\|/-\/-\|/-\/-\|/-\/-\|/-\/-\|/-\/-\|/-\/-\|/-\/-\|/-\/-\|/-\/-\|/-\/-\|/-\/-\|/-\/-\|/-\/-\|/-\/-\|/-\/-\|/-\/-\|/-\/-\|/-\-\|/-\/-\|/-\/-\|/-\/-\|/-\/-\|/-\/-\|/-\/-\|/-\/-\|/-\/-\|/-\/-\|/-\/--\/////-\|/-\/-\|/-\/-\|/-\/-\|/-\/-\|/-\/-\|/-\/-\|/-/-\\\\|/-\/-\|/-\/-\|/-\/-\|/-\/-\|/-\/-\|/-\/-\|/-\/-\|/-\/-\|/-\/-\|/-\/-\|/-\/-\|/-\/-\|/-\/-\|/-\/-\|/-\/-\|/-\/-\|/-\/-\|/-\/-\|/-\/-\|/-\/-\|/-\/-\|/-\/-\|/-\/-\|/-\/-\----------\\||||||/-\/-\|/-\/-\|/-\/-\|/-\/-\|/-\/-\|/-\/-\|/-\/-\|/-\/-\|/-\/-\|/-\/-\|/-\/-\|/-\/-\|/-\/-\|/-\/-\|/-\/-\|/-\/-\|/-\/-\|/-\/-\|/-\/-\|/-\/-\|/-\/-\|/-\/-\|/-\/-\/--\\\\\\/-\|/-\/-\|/-\/-\|/-\/-\|/-\/-\|/-\/-\|/-\/-\|/-\/-\/-\\\\//----\/////-\\\//////-\|-\\\\\\\\\\\||-\/-\//--\/-\|/-\//-\\\\\\\/-\|/-\/-\|/-\/-\|/-\/-\|/-\/-\|/-\/-\|/-\/-\|/-\/-\|/-\/-\|/-\/-\|/-\/-\|/-\/-\|/-\/-\|/-\/-\|/-\/-\|/-\/-\|/-\/-\|/-\/-\|/-\/-\|/-\/-\|/-\/-/-\/-\|/-\/-\|/-\/-|/-\/-\|/-\/-\|/-\/-\|/-\/-\|/-\/-\|/-\/-\|/-\/-\|/-\/-\|/-\/-\|/-\/-\|/-\/-\|/-\/-\|/-\/-\|/-\/-\|/-\/-\|/-\/-\|/-\/-\|/-\/-\|/-\/-\|/-\/-\|/-\/-\|/-\/-\|/-\/-\|/-\/-\|/-\/-\|/-\/-\|/-\/-\|/-\/-\|/-\/-\|/-\/-\|/-\/-\|/-\/-\|/-\/-\|/-\/-\|/-\/-\|/-\/-\|/-\/-\|/-\/-\|/-\/-\|/-\/-\|/-\/-\|/-\/-\|/-\/-\|/-\/-\|/-\/-\|/-\/-\|/\\\\\/-\//\/-\|/-\/-\|/-\/-\|/-\/-\|/-\/-\|/-\/-\|/-\/-\|/-\/-\|/-\/-\|/-\/-\|/-\/-|/-\/-\|/-\---------\\\\\\////-\|/-\/-\|/-\/-\|-\\\/-\|/-\/-\\\\\\\\\\\\\\\\\\\\\\\\\\\\\\\\\\\\\\\\\\\\\\\\\\\\\\\\\\\\\\\\\\\\\\\\\\\\\\\\\\\\\\\\\\\\\\\\\\\\\\\\\\\\\\\\\\\\\\\\\\\\\\\\\\\\\\\\\\\\\\\\\\\\\\\\\\\\\\\\\\\\\\\\\\\\\\\\\\\\\\\\\\\\\\\\\\\\\\\\\\\\\\\\\\\\\\\\\\\\\\\\\\\\\\\\\\\\\\\\\\\\\\\\\\\\\\\\\\\\\\\\\\\\\\\\\\\\\\\\\\\\\\\\\\\\\\\\\\\\\\\\\\\\\\\\\\\\\\\\\\\\\\\\\\\\\\\\\\\\\\\\\\\\\\\\\\\\\\\\\\\\\\\\\\\\\\\\\\\\\\\\\\\\\\\\\\\\\\\\\\\\\\\\\\\\\\\\\\\\\\\\\\\\\\\\\\\\\\\\\\\\\\\\\\\\\\\\\\\\\\\\\\\\\\\\\\\\\\\\\\\\\\\\\\\\\\\\\\\\\\\\\\\\\\\\\\\\\\\\\\\\\\\\\\\\\\\\\\\\\\\\\\\\\\\\\\\\\\\\\\\\\\\\\\\\\\\\\\\\\\\\\\\\\\\\\\\\\\\\\\\\\\\\\\\\\\\\\\\\\\\\\\\\\\\\\\\\\\\\\\\\\\\\\\\\\\\\\\\\\\\\\\\\\\\\\\\\\\\\\\\\\\\\\\\\\\\\\\\\\\\\\\\\\\\\\\\\\\\\\\\\\\\\\\\\\\\\\\\\\\\\\\\\\\\\\\\\\\\\\\\\\\\\\\\\\\\\\\\\\\\\\\\\\\\\\\\\\\\\\\\\\\\\\\\\\\\\\\\\\\\\\\\\\\\\\\\\\\\\\\\\\\\\\\\\\\\\\\\\\\\\\\\\\\\\\\\\\\\\\\\\\\\\\\\\\\\\\\\\\\\\\\\\\\\\\\\\\\\\\\\\\\\\\\\\\\\\\\\\\\\\\\\\\\\\\\\\\\\\\\\\\\\\\\\\\\\\\\\\\\\\\\\\\\\\\\\\\\\\\\\\\\\\\\\\\\\\\\\\\\\\\\\\\\\\\\\\\\\\\\\\\\\\\\\\\\\\\\\\\\\\\\\\\\\\\\\\\\\\\\\\\\\\\\\\\\\\\\\\\\\\\\\\\\\\\\\\\\\\\\\\\\\\\\\\\\\\\\\\\\\\\\\\\\\\\\\\\\\\\\\\\\\\\\\\\\\\\\\\\\\\\\\\\\\\\\\\\\\\\\\\\\\\\\\\\\\\\\\\\\\\\\\\\\\\\\\\\\\\\\\\\\\\\\\\\\\\\\\\\\\\\\\\\\\\\\\\\\\\\\\\\\\\\\\\\\\\\\\\\\\\\\\\\\\\\\\\\\\\\\\\\\\\\\\\\\\\\\\\\\\\\\\\\\\\\\\\\\\\\\\\\\\\\\\\\\\\\\\\\\\\\\\\\\\\\\\\\\\\\\\\\\\\\\\\\\\\\\\\\\\\\\\\\\\\\\\\\\\\\\\\\\\\\\\\\\\\\\\\\\\\\\\\\\\\\\\\\\\\\\\\\\\\\\\\\\\\\\\\\\\\\\\\\\\\\\\\\\\\\\////////////////////////////////////////////////////////////////////////////////////////////////////////////////////////////////////////////////////////////////////////////////////------------------------\|/-\/-\|/-\/-\|-\||/-\/-\/-\/-\/----/-\/-\\\\\\\\\\-\|/-\/-\|/-\/-\|/-\/-\|/-\/-\|/|/-\/-\|/-\/-\|/-\/-\|/-\/-\|/-\/-\|/-\/-\|/-\/-\|/\\||//-\/-\|/-\/-\|/-\/-\|/-\/-\|/-\/-\|/-\/-\|/-\/-\|/-\/-\|/-\/-\|/-\/-\|/-\/-\|/-\/-\|/-\/-\/-/-\|/-\/\|/-\/-\|/-\/-\|/-\/-\|/-\/-\|/-\/-\|/-\/-\|/-\/-\|/-\/-\|/-\/-\|/-\/-\|/-\/-\|/-\/-\|/-\/-\|/-\/-\|/-\/-\|/-\/\|/-\/-\|/-\/-\|/-\/-\|/-\/-\|-\/-\|/-\/-\|/-\/-\|/-\/-\|/-\/-\|/-\/-\|/-\/-\|/-\/-\|/-\/-\|/-\/-\|/-\/-\|/-\/-\|/-\/-\|/-\/-\|/-\/-\|/-\/-\|/-\/-\|/-\/-\|/-\/-\|/-\/-\|/-\/-\|/-\/-\|/-\/-\|/-\/-\|/-\/-\|/-\/-\|/-\/-\|/-\/-\|/-\/-\|/-\/-\|/-\/-\|/-\/-\|/-\/-\|/-\/-\|/-\/-\|/-\/-\|/-\/-/-\|/-\/-\|/-||||||||||||||||||||||||||||||||||||//////////////////////////////////////////////////////////////////////////////////////////////////////////////////////////////////////////////////////////////////////////////////////////////////////////////////////////////////////////////////////////////////////////////////////////////////////////////////////////////////////////////////////////////////////////////////////////////////////////////////////////////////////////////////////////////////////////////////////////////////////////////////////////////////////////////////////////////////////////////////////////////////////////////////////////////////////////////////////////////////////////////////////////////////////////////////////////////////////////////////////////////////////////////////////////////////////////////////////////////////////////////////////////////////////////////////////////////////////////////////////////////////////////////////////////////////////////////////////////////////////////////////////////////////////////////////////////////////////////////////////////////////////////////////////////////////////////////////////////////////////////////////////////////////////////////////////////////////////////////////////////////////////////////////////////////////////////////////////////////////////////////////////////////////////////////////////////////////////////////////////////////////////////////////////////////////////////////////////////////////////////////////////////////////////////////////////////////////////////////////////////////////////////////////////////////////////////////////////////////////////////////////////////////////////////////////////////////////////////////////////////////////////////////////////////////////////////////////////////////////////////////////////////////////////////////////////////////////////////////////////////////////////////////////////////////////////////////////////////////////////////////////////////////////////////////////////////////////////////////////////////////////////////////////////////////////////////////////////////////////////////////////////////////////////////////////////////////////////////////////////////////////////////////////////////////////////////////////////////////////////////////////////////////////////////////////////////////////////////////////////////////////////////////////////////////////////////////////////////////////////////////////////////////////////////////////////////////////////////////////////////////////////////////////////////////////////////////////////////////////////////////////////////////////////////////////////////////////////////////////////////////////////////////////////////////////////////////////////////////////////////////////////////////////////////////////////////////////////////////////////////////////////////////////////////////////////////////////////////////////////////////////////////////////////////////////////////////////////////////////////////////////////////////////////////////////////////////////////////////////////////////////////////////////////////////////////////////////////////////////////////////////////////////////////////////////////////////////////////////////////////////////////////////////////////////////////////////////////////////////////////////////////////////////////////////////////////////////////////----------------------------------------------------------------------------------------------------------------------------------------------------------------------------------------------------------------------------------------------------------------------------------------------------------------------------------------------------------------------------------------------------------------------------------------------------------------------------------------------------------------------------------------------------------------------------------------------------------------------------------------------------------------------------------------------------------------------------------------------------------------------------------------------------------------------------------------------------------------------------------------------------------------------------------------------------------------------------------------------------------------------------------------------------------------------------------------------------------------------------------------------------------------------------------------------------------------------------------------------------------------------------------------------------------------------------------\/-\|/-\/-\|/-\/-\|/-\/-\|/-\/-\|/-\/-\|/-\/-\|/-\/-\|/-\/-\|/-\/-\|/-\/-\|/-\/-\|/-\/-\|/-\/-\|/-\/-\|/-\/-\|/-\/-\|/-\/-\|/-\/-\|/-\/-\|/-\/-\|/-\/-\|/-\/-\|/-\/-\|/-\/-\|/-\/-\|/-\/-\|/-\/-\|/-\/-\|/-\/-\|/-\/-\|/-\/-\|/-\/-\|/-\/-\|/-\/-\|/-\/-\|/-\/-\|/-\/-\|/-\/-\|/-\/-\|/-\/-\|/-\/-\|/-\/-\|/-\/-\|/-\/-\|/-\/-\|/-\/-\|/-\/-\|/-\/-\|/-\/-\|/-\/-\|/-\/-\|/-\/-\|/-\/-\|/-\/-\|/-\/-\|/-\/-\|/-\/-\|/-\/-\|/-\/-\|/-\/-\|/-\/-\|/-\/-\|/-\/-\|/-\/-\|/-\/-\|/-\/-\|/-\/-\|/-\/-\|/-\/-\|/-\/-\|/-\/-\|/-\/-\|