

U-Boot 2017.03-dirty (Dec 26 2017 - 14:19:13 +0530)

CPU:   Freescale i.MX6Q rev1.5 at 792 MHz
Reset cause: POR
I2C:   ready
DRAM:  2 GiB
PMIC: device id: 0x10, revision id: 0x21
PMIC: programmed
MMC:   FSL_SDHC: 0, FSL_SDHC: 1, FSL_SDHC: 2
auto-detected panel HDMI
Aravinth: Display: HDMI (1024x768)
In:    serial
Out:   serial
Err:   serial
Model: Toradex Apalis iMX6 Quad 2GB IT V1.1C, Serial# 05146387
flash target is MMC:0
Net:   using PHY at 7
FEC [PRIME]
Fastboot: Normal
Hit any key to stop autoboot:  1  0 
boota mmc0 
CACHE: Misaligned operation at range [8ffb70a0, 8ffb7120]
CACHE: Misaligned operation at range [8ffb70a0, 8ffb7120]
Error: blob decap job completed with errors 0x2000081A
In boota get fastboot lock status error. Set lock status
kernel   @ 14008000 (9803560)
ramdisk  @ 15000000 (1628353)
fdt      @ 14f00000 (53619)
## Booting Android Image at 0x12000000 ...
Kernel load addr 0x14008000 size 9574 KiB
Kernel command line: console=ttymxc0,115200 init=/init video=mxcfb0:dev=ldb,fbpix=RGB32,bpp=32 video=mxcfb1:dev=hdmi,1280x1024M@60,if=RGB24,bpp=32 video=mxcfb2:off video=mxcfb3:off vmalloc=256M androidboot.console=ttymxc0 consoleblank=0 androidboot.hardware=freescale cma=448M androidboot.selinux=disabled androidboot.dm_verity=disabled buildvariant=user androidboot.serialno=1b2429d4ea997115 androidboot.storage_type=emmc
## Flattened Device Tree blob at 14f00000
   Booting using the fdt blob at 0x14f00000
   Loading Kernel Image ... OK
   Using Device Tree in place at 14f00000, end 14f10172

Starting kernel ...

Uncompressing Linux... done, booting the kernel.
[    0.000000] Booting Linux on physical CPU 0x0
[    0.000000] Linux version 4.9.67-07228-gdc437277d928-dirty (embadmin@ubuntu) (gcc version 4.9 20150123 (prerelease) (GCC) ) #9 SMP PREEMPT Tue Dec 26 14:19:46 IST 2017
[    0.000000] CPU: ARMv7 Processor [412fc09a] revision 10 (ARMv7), cr=10c53c7d
[    0.000000] CPU: PIPT / VIPT nonaliasing data cache, VIPT aliasing instruction cache
[    0.000000] OF: fdt:Machine model: Aravinth : Toradex Apalis iMX6Q/D Module on Ixora V1.1 Carrier Board
[    0.000000] cma: Reserved 448 MiB at 0x22000000
[    0.000000] Memory policy: Data cache writealloc
[    0.000000] percpu: Embedded 15 pages/cpu @ee6b3000 s31040 r8192 d22208 u61440
[    0.000000] Built 1 zonelists in Zone order, mobility grouping on.  Total pages: 522768
[    0.000000] Kernel command line: console=ttymxc0,115200 init=/init video=mxcfb0:dev=ldb,fbpix=RGB32,bpp=32 video=mxcfb1:dev=hdmi,1280x1024M@60,if=RGB24,bpp=32 video=mxcfb2:off video=mxcfb3:off vmalloc=256M androidboot.console=ttymxc0 consoleblank=0 androidboot.hardware=freescale cma=448M androidboot.selinux=disabled androidboot.dm_verity=disabled buildvariant=user androidboot.serialno=1b2429d4ea997115 androidboot.storage_type=emmc
[    0.000000] PID hash table entries: 4096 (order: 2, 16384 bytes)
[    0.000000] Dentry cache hash table entries: 131072 (order: 7, 524288 bytes)
[    0.000000] Inode-cache hash table entries: 65536 (order: 6, 262144 bytes)
[    0.000000] Memory: 1597048K/2097152K available (13312K kernel code, 1128K rwdata, 4016K rodata, 1024K init, 606K bss, 41352K reserved, 458752K cma-reserved, 1318912K highmem)
[    0.000000] Virtual kernel memory layout:
[    0.000000]     vector  : 0xffff0000 - 0xffff1000   (   4 kB)
[    0.000000]     fixmap  : 0xffc00000 - 0xfff00000   (3072 kB)
[    0.000000]     vmalloc : 0xf0000000 - 0xff800000   ( 248 MB)
[    0.000000]     lowmem  : 0xc0000000 - 0xef800000   ( 760 MB)
[    0.000000]     pkmap   : 0xbfe00000 - 0xc0000000   (   2 MB)
[    0.000000]     modules : 0xbf000000 - 0xbfe00000   (  14 MB)
[    0.000000]       .text : 0xc0008000 - 0xc0e00000   (14304 kB)
[    0.000000]       .init : 0xc1300000 - 0xc1400000   (1024 kB)
[    0.000000]       .data : 0xc1400000 - 0xc151a218   (1129 kB)
[    0.000000]        .bss : 0xc151a218 - 0xc15b1be0   ( 607 kB)
[    0.000000] SLUB: HWalign=64, Order=0-3, MinObjects=0, CPUs=4, Nodes=1
[    0.000000] Preemptible hierarchical RCU implementation.
[    0.000000] 	Build-time adjustment of leaf fanout to 32.
[    0.000000] NR_IRQS:16 nr_irqs:16 16
[    0.000000] L2C-310 errata 752271 769419 enabled
[    0.000000] L2C-310 enabling early BRESP for Cortex-A9
[    0.000000] L2C-310 full line of zeros enabled for Cortex-A9
[    0.000000] L2C-310 ID prefetch enabled, offset 16 lines
[    0.000000] L2C-310 dynamic clock gating enabled, standby mode enabled
[    0.000000] L2C-310 cache controller enabled, 16 ways, 1024 kB
[    0.000000] L2C-310: CACHE_ID 0x410000c7, AUX_CTRL 0x76470001
[    0.000000] Switching to timer-based delay loop, resolution 333ns
[    0.000008] sched_clock: 32 bits at 3000kHz, resolution 333ns, wraps every 715827882841ns
[    0.000025] clocksource: mxc_timer1: mask: 0xffffffff max_cycles: 0xffffffff, max_idle_ns: 637086815595 ns
[    0.001581] Console: colour dummy device 80x30
[    0.001604] Calibrating delay loop (skipped), value calculated using timer frequency.. 6.00 BogoMIPS (lpj=30000)
[    0.001620] pid_max: default: 32768 minimum: 301
[    0.001692] Security Framework initialized
[    0.001704] SELinux:  Initializing.
[    0.001796] Mount-cache hash table entries: 2048 (order: 1, 8192 bytes)
[    0.001809] Mountpoint-cache hash table entries: 2048 (order: 1, 8192 bytes)
[    0.002615] CPU: Testing write buffer coherency: ok
[    0.003024] CPU0: update cpu_capacity 1024
[    0.003041] CPU0: thread -1, cpu 0, socket 0, mpidr 80000000
[    0.003108] Setting up static identity map for 0x10100000 - 0x10100058
[    0.169932] CPU1: update cpu_capacity 1024
[    0.169940] CPU1: thread -1, cpu 1, socket 0, mpidr 80000001
[    0.239921] CPU2: update cpu_capacity 1024
[    0.239928] CPU2: thread -1, cpu 2, socket 0, mpidr 80000002
[    0.309917] CPU3: update cpu_capacity 1024
[    0.309925] CPU3: thread -1, cpu 3, socket 0, mpidr 80000003
[    0.310033] Brought up 4 CPUs
[    0.310068] SMP: Total of 4 processors activated (24.00 BogoMIPS).
[    0.310078] CPU: All CPU(s) started in SVC mode.
[    0.310124] CPU3: update max cpu_capacity 1024
[    0.311218] devtmpfs: initialized
[    0.319936] CPU2: update max cpu_capacity 1024
[    0.325935] VFP support v0.3: implementor 41 architecture 3 part 30 variant 9 rev 4
[    0.326357] clocksource: jiffies: mask: 0xffffffff max_cycles: 0xffffffff, max_idle_ns: 19112604462750000 ns
[    0.326381] futex hash table entries: 1024 (order: 4, 65536 bytes)
[    0.349925] pinctrl core: initialized pinctrl subsystem
[    0.351244] NET: Registered protocol family 16
[    0.360513] DMA: preallocated 256 KiB pool for atomic coherent allocations
[    0.399586] cpuidle: using governor menu
[    0.400391] CPU identified as i.MX6Q, silicon rev 1.5
[    0.427771] hw-breakpoint: found 5 (+1 reserved) breakpoint and 1 watchpoint registers.
[    0.427787] hw-breakpoint: maximum watchpoint size is 4 bytes.
[    0.429423] imx6q-pinctrl 20e0000.iomuxc: initialized IMX pinctrl driver
[    0.433256] imx-gpc 20dc000.gpc: no fsl,ldo-bypass found!
[    0.433388] imx-gpc 20dc000.gpc: Registered imx-gpc
[    0.495675] mxs-dma 110000.dma-apbh: initialized
[    0.498282] usb_host_vbus: supplied by usb_host_vbus_hub
[    0.500093] SCSI subsystem initialized
[    0.500610] usbcore: registered new interface driver usbfs
[    0.500687] usbcore: registered new interface driver hub
[    0.500793] usbcore: registered new device driver usb
[    0.500989] 2000000.aips-bus:usbphy_nop1 supply vcc not found, using dummy regulator
[    0.501138] 2000000.aips-bus:usbphy_nop2 supply vcc not found, using dummy regulator
[    0.502372] i2c i2c-1: IMX I2C adapter registered
[    0.502394] i2c i2c-1: can't use DMA, using PIO instead.
[    0.510264] stmpe-i2c 2-0041: stmpe811 detected, chip id: 0x811
[    0.600735] i2c i2c-2: IMX I2C adapter registered
[    0.600756] i2c i2c-2: can't use DMA, using PIO instead.
[    0.601585] i2c i2c-3: IMX I2C adapter registered
[    0.601603] i2c i2c-3: can't use DMA, using PIO instead.
[    0.601767] Linux video capture interface: v2.00
[    0.601834] pps_core: LinuxPPS API ver. 1 registered
[    0.601845] pps_core: Software ver. 5.3.6 - Copyright 2005-2007 Rodolfo Giometti <giometti@linux.it>
[    0.601868] PTP clock support registered
[    0.629644] imx-ipuv3 2400000.ipu: IPU DMFC NORMAL mode: 1(0~1), 5B(4,5), 5F(6,7)
[    0.659633] imx-ipuv3 2800000.ipu: IPU DMFC NORMAL mode: 1(0~1), 5B(4,5), 5F(6,7)
[    0.661038] mxc_mipi_csi2 21dc000.mipi_csi: i.MX MIPI CSI2 driver probed ipu0 csi1
[    0.661054] mxc_mipi_csi2 21dc000.mipi_csi: i.MX MIPI CSI2 dphy version is 0x3130302a
[    0.661155] MIPI CSI2 driver module loaded
[    0.661528] imx rpmsg driver is registered.
[    0.661726] Advanced Linux Sound Architecture Driver Initialized.
[    0.663008] Bluetooth: Core ver 2.22
[    0.663056] NET: Registered protocol family 31
[    0.663066] Bluetooth: HCI device and connection manager initialized
[    0.663083] Bluetooth: HCI socket layer initialized
[    0.663099] Bluetooth: L2CAP socket layer initialized
[    0.663142] Bluetooth: SCO socket layer initialized
[    0.680449] clocksource: Switched to clocksource mxc_timer1
[    0.753331] VFS: Disk quotas dquot_6.6.0
[    0.753427] VFS: Dquot-cache hash table entries: 1024 (order 0, 4096 bytes)
[    0.764715] NET: Registered protocol family 2
[    0.765482] TCP established hash table entries: 8192 (order: 3, 32768 bytes)
[    0.765588] TCP bind hash table entries: 8192 (order: 4, 65536 bytes)
[    0.765758] TCP: Hash tables configured (established 8192 bind 8192)
[    0.765955] UDP hash table entries: 512 (order: 2, 16384 bytes)
[    0.766007] UDP-Lite hash table entries: 512 (order: 2, 16384 bytes)
[    0.766238] NET: Registered protocol family 1
[    0.766904] RPC: Registered named UNIX socket transport module.
[    0.766917] RPC: Registered udp transport module.
[    0.766926] RPC: Registered tcp transport module.
[    0.766937] RPC: Registered tcp NFSv4.1 backchannel transport module.
[    0.767261] Trying to unpack rootfs image as initramfs...
[    0.877147] Freeing initrd memory: 1592K
[    0.878322] hw perfevents: enabled with armv7_cortex_a9 PMU driver, 7 counters available
[    0.881588] Bus freq driver module loaded
[    0.883167] audit: initializing netlink subsys (disabled)
[    0.883235] audit: type=2000 audit(0.880:1): initialized
[    0.884275] workingset: timestamp_bits=30 max_order=19 bucket_order=0
[    0.891928] NFS: Registering the id_resolver key type
[    0.891962] Key type id_resolver registered
[    0.891971] Key type id_legacy registered
[    0.892022] ntfs: driver 2.1.32 [Flags: R/W DEBUG].
[    0.892288] jffs2: version 2.2. (NAND) Â© 2001-2006 Red Hat, Inc.
[    0.892848] fuse init (API version 7.26)
[    0.901134] bounce: pool size: 64 pages
[    0.901152] io scheduler noop registered
[    0.901162] io scheduler deadline registered
[    0.901208] io scheduler cfq registered (default)
[    0.904265] backlight supply power not found, using dummy regulator
[    0.907825] 20e0000.hdmi_video supply HDMI not found, using dummy regulator
[    0.909370] Aravinth: mxcfb_probe ---->
[    0.909439] mxc_sdc_fb fb@0: registered mxc display driver ldb
[    0.950523] imx-ipuv3 2800000.ipu: IPU DMFC DP HIGH RESOLUTION: 1(0,1), 5B(2~5), 5F(6,7)
[    1.046674] Console: switching to colour frame buffer device 128x48
[    1.109412] Aravinth: mxcfb_probe Done ---->
[    1.109487] Aravinth: mxcfb_probe ---->
[    1.109634] mxc_hdmi 20e0000.hdmi_video: Detected HDMI controller 0x13:0xa:0xa0:0xc1
[    1.109662] fbcvt: 1280x1024@60: CVT Name - 1.310M4
[    1.109781] mxc_sdc_fb fb@1: registered mxc display driver hdmi
[    1.139700] Aravinth: mxcfb_probe Done ---->
[    1.139770] Aravinth: mxcfb_probe ---->
[    1.139809] mxc_sdc_fb fb@2: Can't get fb option for mxcfb2!
[    1.139860] Aravinth: mxcfb_probe ---->
[    1.139890] mxc_sdc_fb fb@3: Can't get fb option for mxcfb3!
[    1.142227] imx-sdma 20ec000.sdma: no iram assigned, using external mem
[    1.143166] imx-sdma 20ec000.sdma: loaded firmware 3.3
[    1.148316] pfuze100-regulator 2-0008: Full layer: 2, Metal layer: 1
[    1.149061] pfuze100-regulator 2-0008: FAB: 0, FIN: 0
[    1.149077] pfuze100-regulator 2-0008: pfuze100 found.
[    1.161386] mxc_hdmi 20e0000.hdmi_video: Read EDID again
[    1.167528] 2020000.serial: ttymxc0 at MMIO 0x2020000 (irq = 29, base_baud = 5000000) is a IMX
[    1.391750] mxc_hdmi 20e0000.hdmi_video: create default modelist
[    2.128876] console [ttymxc0] enabled
[    2.133551] 21e8000.serial: ttymxc1 at MMIO 0x21e8000 (irq = 78, base_baud = 5000000) is a IMX
[    2.142813] 21f0000.serial: ttymxc3 at MMIO 0x21f0000 (irq = 79, base_baud = 5000000) is a IMX
[    2.152062] 21f4000.serial: ttymxc4 at MMIO 0x21f4000 (irq = 80, base_baud = 5000000) is a IMX
[    2.163383] imx sema4 driver is registered.
[    2.167619] [drm] Initialized
[    2.171171] [drm] Initialized vivante 1.0.0 20120216 on minor 0
[    2.189681] brd: module loaded
[    2.201041] loop: module loaded
[    2.205019] zram: Added device: zram0
[    2.210378] ahci-imx 2200000.sata: fsl,transmit-level-mV not specified, using 00000024
[    2.218397] ahci-imx 2200000.sata: fsl,transmit-boost-mdB not specified, using 00000480
[    2.226472] ahci-imx 2200000.sata: fsl,transmit-atten-16ths not specified, using 00002000
[    2.234710] ahci-imx 2200000.sata: fsl,receive-eq-mdB not specified, using 05000000
[    2.246112] ahci-imx 2200000.sata: SSS flag set, parallel bus scan disabled
[    2.253150] ahci-imx 2200000.sata: AHCI 0001.0300 32 slots 1 ports 3 Gbps 0x1 impl platform mode
[    2.261970] ahci-imx 2200000.sata: flags: ncq sntf stag pm led clo only pmp pio slum part ccc apst 
[    2.272741] scsi host0: ahci-imx
[    2.276301] ata1: SATA max UDMA/133 mmio [mem 0x02200000-0x02203fff] port 0x100 irq 87
[    2.288764] spi_imx 2008000.ecspi: probed
[    2.293627] libphy: Fixed MDIO Bus: probed
[    2.298120] tun: Universal TUN/TAP device driver, 1.6
[    2.303206] tun: (C) 1999-2004 Max Krasnyansky <maxk@qualcomm.com>
[    2.309599] CAN device driver interface
[    2.313815] 2090000.flexcan supply xceiver not found, using dummy regulator
[    2.321706] flexcan 2090000.flexcan: device registered (reg_base=f02f4000, irq=38)
[    2.329458] 2094000.flexcan supply xceiver not found, using dummy regulator
[    2.337289] flexcan 2094000.flexcan: device registered (reg_base=f02fc000, irq=39)
[    2.346488] 2188000.ethernet supply phy not found, using dummy regulator
[    2.364902] pps pps0: new PPS source ptp0
[    2.370624] libphy: fec_enet_mii_bus: probed
[    2.386856] fec 2188000.ethernet eth0: registered PHC device 0
[    2.393658] PPP generic driver version 2.4.2
[    2.398145] PPP BSD Compression module registered
[    2.402884] PPP Deflate Compression module registered
[    2.407963] PPP MPPE Compression module registered
[    2.412814] NET: Registered protocol family 24
[    2.417351] usbcore: registered new interface driver kaweth
[    2.422984] pegasus: v0.9.3 (2013/04/25), Pegasus/Pegasus II USB Ethernet driver
[    2.430499] usbcore: registered new interface driver pegasus
[    2.436228] usbcore: registered new interface driver rtl8150
[    2.441983] usbcore: registered new interface driver r8152
[    2.447545] usbcore: registered new interface driver asix
[    2.453052] usbcore: registered new interface driver ax88179_178a
[    2.459201] usbcore: registered new interface driver cdc_ether
[    2.465120] usbcore: registered new interface driver cdc_eem
[    2.470890] usbcore: registered new interface driver net1080
[    2.476610] usbcore: registered new interface driver cdc_subset
[    2.482612] usbcore: registered new interface driver zaurus
[    2.488265] usbcore: registered new interface driver cdc_ncm
[    2.493955] ehci_hcd: USB 2.0 'Enhanced' Host Controller (EHCI) Driver
[    2.500547] ehci-mxc: Freescale On-Chip EHCI Host driver
[    2.506073] usbcore: registered new interface driver cdc_acm
[    2.511761] cdc_acm: USB Abstract Control Model driver for USB modems and ISDN adapters
[    2.519841] usbcore: registered new interface driver usb-storage
[    2.525992] usbcore: registered new interface driver usbserial
[    2.531897] usbcore: registered new interface driver usbserial_generic
[    2.538477] usbserial: USB Serial support registered for generic
[    2.544557] usbcore: registered new interface driver ftdi_sio
[    2.550344] usbserial: USB Serial support registered for FTDI USB Serial Device
[    2.557723] usbcore: registered new interface driver option
[    2.563354] usbserial: USB Serial support registered for GSM modem (1-port)
[    2.570382] usbcore: registered new interface driver usbtest
[    2.576115] usbcore: registered new interface driver usb_ehset_test
[    2.583694] 2184800.usbmisc supply vbus-wakeup not found, using dummy regulator
[    2.602091] ci_hdrc ci_hdrc.1: EHCI Host Controller
[    2.607003] ci_hdrc ci_hdrc.1: new USB bus registered, assigned bus number 1
[    2.612124] ata1: SATA link down (SStatus 0 SControl 300)
[    2.612164] ahci-imx 2200000.sata: no device found, disabling link.
[    2.612170] ahci-imx 2200000.sata: pass ahci_imx..hotplug=1 to enable hotplug
[    2.660491] ci_hdrc ci_hdrc.1: USB 2.0 started, EHCI 1.00
[    2.666115] usb usb1: New USB device found, idVendor=1d6b, idProduct=0002
[    2.672946] usb usb1: New USB device strings: Mfr=3, Product=2, SerialNumber=1
[    2.680177] usb usb1: Product: EHCI Host Controller
[    2.685083] usb usb1: Manufacturer: Linux 4.9.67-07228-gdc437277d928-dirty ehci_hcd
[    2.692766] usb usb1: SerialNumber: ci_hdrc.1
[    2.697872] hub 1-0:1.0: USB hub found
[    2.701735] hub 1-0:1.0: 1 port detected
[    2.706908] mousedev: PS/2 mouse device common for all mice
[    2.713504] usbcore: registered new interface driver xpad
[    2.718971] usbcore: registered new interface driver usb_acecad
[    2.725028] usbcore: registered new interface driver aiptek
[    2.730694] usbcore: registered new interface driver gtco
[    2.736149] usbcore: registered new interface driver hanwang
[    2.741926] usbcore: registered new interface driver kbtab
[    2.758385] input: stmpe-ts as /devices/soc0/soc/2100000.aips-bus/21a4000.i2c/i2c-2/2-0041/stmpe-ts/input/input0
[    2.771082] snvs_rtc 20cc000.snvs:snvs-rtc-lp: rtc core: registered 20cc000.snvs:snvs-r as rtc0
[    2.779923] i2c /dev entries driver
[    2.784383] IR NEC protocol handler initialized
[    2.788922] IR RC5(x/sz) protocol handler initialized
[    2.794006] IR RC6 protocol handler initialized
[    2.798543] IR JVC protocol handler initialized
[    2.803100] IR Sony protocol handler initialized
[    2.807724] IR SANYO protocol handler initialized
[    2.812566] IR Sharp protocol handler initialized
[    2.817280] IR MCE Keyboard/mouse protocol handler initialized
[    2.823142] IR XMP protocol handler initialized
[    2.828838] mxc_v4l2_output v4l2_out: V4L2 device registered as video16
[    2.835661] mxc_v4l2_output v4l2_out: V4L2 device registered as video17
[    2.842509] mxc_v4l2_output v4l2_out: V4L2 device registered as video18
[    2.849309] mxc_v4l2_output v4l2_out: V4L2 device registered as video19
[    2.857226] ov564x_mipi 2-003c: ipu_id missing or invalid
[    2.862686] ov564x_mipi: probe of 2-003c failed with error -22
[    2.868694] ov564x_mipi 3-003c: found pwm2, period=0
[    3.060480] usb 1-1: new high-speed USB device number 2 using ci_hdrc
[    3.120841] ov5640_read_reg:write reg error:reg=300a
[    3.125831] camera ov5640_mipi is not found
[    3.131531] usbcore: registered new interface driver uvcvideo
[    3.137286] USB Video Class driver (1.1.1)
[    3.143476] imx2-wdt 20bc000.wdog: timeout 60 sec (nowayout=0)
[    3.150013] device-mapper: uevent: version 1.0.3
[    3.155077] device-mapper: ioctl: 4.35.0-ioctl (2016-06-23) initialised: dm-devel@redhat.com
[    3.163771] Bluetooth: HCI UART driver ver 2.3
[    3.168227] Bluetooth: HCI UART protocol H4 registered
[    3.173432] Bluetooth: HCI UART protocol BCSP registered
[    3.178752] Bluetooth: HCI UART protocol ATH3K registered
[    3.184273] usbcore: registered new interface driver btusb
[    3.190787] sdhci: Secure Digital Host Controller Interface driver
[    3.196974] sdhci: Copyright(c) Pierre Ossman
[    3.201419] sdhci-pltfm: SDHCI platform and OF driver helper
[    3.208141] sdhci-esdhc-imx 2190000.usdhc: could not get ultra high speed state, work on normal mode
[    3.217395] sdhci-esdhc-imx 2190000.usdhc: Got CD GPIO
[    3.250921] usb 1-1: New USB device found, idVendor=0424, idProduct=2514
[    3.257639] usb 1-1: New USB device strings: Mfr=0, Product=0, SerialNumber=0
[    3.267618] hub 1-1:1.0: USB hub found
[    3.271546] hub 1-1:1.0: 4 ports detected
[    3.290668] mmc1: SDHCI controller on 2190000.usdhc [2190000.usdhc] using ADMA
[    3.298525] sdhci-esdhc-imx 2198000.usdhc: could not get ultra high speed state, work on normal mode
[    3.370516] mmc0: SDHCI controller on 2198000.usdhc [2198000.usdhc] using ADMA
[    3.399418] mxc_vpu 2040000.vpu_fsl: VPU initialized
[    3.411307] mxc_vdoa 21e4000.vdoa: i.MX Video Data Order Adapter(VDOA) driver probed
[    3.428971] mxc_hdmi_cec soc:hdmi_cec@00120000: HDMI CEC initialized
[    3.436621] Galcore version 6.2.2.96445
[    3.509489] mmc0: new DDR MMC card at address 0001
[    3.515629] mmcblk0: mmc0:0001 Q2J54A 3.59 GiB 
[    3.521071] mmcblk0boot0: mmc0:0001 Q2J54A partition 1 16.0 MiB
[    3.527933] mmcblk0boot1: mmc0:0001 Q2J54A partition 2 16.0 MiB
[    3.536352] random: fast init done
[    3.542091] Alternate GPT is invalid, using primary GPT.
[    3.547560]  mmcblk0: p1 p2 p3 p4 p5 p6 p7 p8 p9 p10 p11
[    4.248629] caam 2100000.caam: ERA source: CAAMVID.
[    4.253590] caam 2100000.caam: AXI pipeline throttling enabled.
[    4.260841] caam 2100000.caam: Instantiated RNG4 SH1
[    4.265820] caam 2100000.caam: device ID = 0x0a16010000000000 (Era 4)
[    4.272295] caam 2100000.caam: job rings = 2, qi = 0
[    4.287483] caam algorithms registered in /proc/crypto
[    4.296675] caam_jr 2101000.jr0: registering rng-caam
[    4.302767] platform caam_sm: blkkey_ex: 4 keystore units available
[    4.309237] platform caam_sm: 64-bit clear key:
[    4.313810] platform caam_sm: [0000] 00 01 02 03 04 0f 06 07
[    4.319481] platform caam_sm: 64-bit black key:
[    4.324049] platform caam_sm: [0000] ff fe 02 b3 dc 80 f2 2c
[    4.329720] platform caam_sm: [0008] f6 c3 e4 3c 21 63 90 fb
[    4.335403] platform caam_sm: 128-bit clear key:
[    4.340034] platform caam_sm: [0000] 00 01 02 03 04 0f 06 07
[    4.345727] platform caam_sm: [0008] 08 09 0a 0b 0c 0d 0e 0f
[    4.351417] platform caam_sm: 128-bit black key:
[    4.356046] platform caam_sm: [0000] 74 bd fe 4f 36 f0 3d 18
[    4.361732] platform caam_sm: [0008] 85 8b e6 9e cb 89 ed 03
[    4.367398] platform caam_sm: 192-bit clear key:
[    4.372041] platform caam_sm: [0000] 00 01 02 03 04 0f 06 07
[    4.377709] platform caam_sm: [0008] 08 09 0a 0b 0c 0d 0e 0f
[    4.383398] platform caam_sm: [0016] 10 11 12 13 14 15 16 17
[    4.389064] platform caam_sm: 192-bit black key:
[    4.393708] platform caam_sm: [0000] 96 87 92 e8 4a 5c a9 eb
[    4.399377] platform caam_sm: [0008] d6 ef 23 cc 73 f6 a8 57
[    4.405067] platform caam_sm: [0016] 3a 3e 80 a8 f7 2c 76 d7
[    4.410755] platform caam_sm: [0024] 31 40 58 22 39 2b 71 e9
[    4.416422] platform caam_sm: 256-bit clear key:
[    4.421076] platform caam_sm: [0000] 00 01 02 03 04 0f 06 07
[    4.426745] platform caam_sm: [0008] 08 09 0a 0b 0c 0d 0e 0f
[    4.432434] platform caam_sm: [0016] 10 11 12 13 14 15 16 17
[    4.438102] platform caam_sm: [0024] 18 19 1a 1b 1c 1d 1e 1f
[    4.443786] platform caam_sm: 256-bit black key:
[    4.448415] platform caam_sm: [0000] 39 bf 3d 84 7a bd 9b 9e
[    4.454102] platform caam_sm: [0008] a3 e5 89 63 6a 2e cd 36
[    4.459771] platform caam_sm: [0016] df 37 54 3c 7b 22 e5 bf
[    4.465458] platform caam_sm: [0024] 4f 34 49 da 82 d1 37 bd
[    4.471143] platform caam_sm: 64-bit unwritten blob:
[    4.476117] platform caam_sm: [0000] 00 00 00 00 00 00 00 00
[    4.481801] platform caam_sm: [0008] 00 00 00 00 00 00 00 00
[    4.487471] platform caam_sm: [0016] 00 00 00 00 00 00 00 00
[    4.493157] platform caam_sm: [0024] 00 00 00 00 00 00 00 00
[    4.498826] platform caam_sm: [0032] 00 00 00 00 00 00 00 00
[    4.504511] platform caam_sm: [0040] 00 00 00 00 00 00 00 00
[    4.510180] platform caam_sm: [0048] 00 00 00 00 00 00 00 00
[    4.515867] platform caam_sm: [0056] 00 00 00 00 00 00 00 00
[    4.521552] platform caam_sm: [0064] 00 00 00 00 00 00 00 00
[    4.527220] platform caam_sm: [0072] 00 00 00 00 00 00 00 00
[    4.532908] platform caam_sm: [0080] 00 00 00 00 00 00 00 00
[    4.538576] platform caam_sm: [0088] 00 00 00 00 00 00 00 00
[    4.544260] platform caam_sm: 128-bit unwritten blob:
[    4.549321] platform caam_sm: [0000] 00 00 00 00 00 00 00 00
[    4.555006] platform caam_sm: [0008] 00 00 00 00 00 00 00 00
[    4.560694] platform caam_sm: [0016] 00 00 00 00 00 00 00 00
[    4.566364] platform caam_sm: [0024] 00 00 00 00 00 00 00 00
[    4.572050] platform caam_sm: [0032] 00 00 00 00 00 00 00 00
[    4.577718] platform caam_sm: [0040] 00 00 00 00 00 00 00 00
[    4.583406] platform caam_sm: [0048] 00 00 00 00 00 00 00 00
[    4.589074] platform caam_sm: [0056] 00 00 00 00 00 00 00 00
[    4.594759] platform caam_sm: [0064] 00 00 00 00 00 00 00 00
[    4.600428] platform caam_sm: [0072] 00 00 00 00 00 00 00 00
[    4.606115] platform caam_sm: [0080] 00 00 00 00 00 00 00 00
[    4.611801] platform caam_sm: [0088] 00 00 00 00 00 00 00 00
[    4.617467] platform caam_sm: 196-bit unwritten blob:
[    4.622544] platform caam_sm: [0000] 00 00 00 00 00 00 00 00
[    4.628212] platform caam_sm: [0008] 00 00 00 00 00 00 00 00
[    4.633898] platform caam_sm: [0016] 00 00 00 00 00 00 00 00
[    4.639566] platform caam_sm: [0024] 00 00 00 00 00 00 00 00
[    4.645252] platform caam_sm: [0032] 00 00 00 00 00 00 00 00
[    4.650939] platform caam_sm: [0040] 00 00 00 00 00 00 00 00
[    4.656608] platform caam_sm: [0048] 00 00 00 00 00 00 00 00
[    4.662294] platform caam_sm: [0056] 00 00 00 00 00 00 00 00
[    4.667963] platform caam_sm: [0064] 00 00 00 00 00 00 00 00
[    4.673649] platform caam_sm: [0072] 00 00 00 00 00 00 00 00
[    4.679317] platform caam_sm: [0080] 00 00 00 00 00 00 00 00
[    4.685010] platform caam_sm: [0088] 00 00 00 00 00 00 00 00
[    4.690697] platform caam_sm: 256-bit unwritten blob:
[    4.695757] platform caam_sm: [0000] 00 00 00 00 00 00 00 00
[    4.701444] platform caam_sm: [0008] 00 00 00 00 00 00 00 00
[    4.707114] platform caam_sm: [0016] 00 00 00 00 00 00 00 00
[    4.712799] platform caam_sm: [0024] 00 00 00 00 00 00 00 00
[    4.718467] platform caam_sm: [0032] 00 00 00 00 00 00 00 00
[    4.724153] platform caam_sm: [0040] 00 00 00 00 00 00 00 00
[    4.729821] platform caam_sm: [0048] 00 00 00 00 00 00 00 00
[    4.735504] platform caam_sm: [0056] 00 00 00 00 00 00 00 00
[    4.741192] platform caam_sm: [0064] 00 00 00 00 00 00 00 00
[    4.746860] platform caam_sm: [0072] 00 00 00 00 00 00 00 00
[    4.752546] platform caam_sm: [0080] 00 00 00 00 00 00 00 00
[    4.758214] platform caam_sm: [0088] 00 00 00 00 00 00 00 00
[    4.764128] platform caam_sm: 64-bit black key in blob:
[    4.769367] platform caam_sm: [0000] c8 03 87 71 09 6b 86 92
[    4.775061] platform caam_sm: [0008] dd 55 9b 3e 34 8f 4c 17
[    4.780753] platform caam_sm: [0016] 20 fe 9d 37 f4 c0 1b f0
[    4.786423] platform caam_sm: [0024] ad 9f bc 74 db 62 92 9d
[    4.792111] platform caam_sm: [0032] 1a 04 6b 4e 67 4b 74 22
[    4.797780] platform caam_sm: [0040] 9f 88 ae 9f e5 c7 18 58
[    4.803468] platform caam_sm: [0048] 34 39 4b 99 3b b4 d5 b1
[    4.809137] platform caam_sm: [0056] 00 00 00 00 00 00 00 00
[    4.814823] platform caam_sm: [0064] 00 00 00 00 00 00 00 00
[    4.820509] platform caam_sm: [0072] 00 00 00 00 00 00 00 00
[    4.826178] platform caam_sm: [0080] 00 00 00 00 00 00 00 00
[    4.831864] platform caam_sm: [0088] 00 00 00 00 00 00 00 00
[    4.837529] platform caam_sm: 128-bit black key in blob:
[    4.842870] platform caam_sm: [0000] 85 28 6a b1 f7 f8 19 a2
[    4.848538] platform caam_sm: [0008] ca 74 e2 58 c8 c4 18 c6
[    4.854225] platform caam_sm: [0016] 0f d7 c1 5d 77 7d 08 d7
[    4.859893] platform caam_sm: [0024] 82 d4 d2 67 c3 ac 92 58
[    4.865579] platform caam_sm: [0032] 72 6c 4d d2 84 d4 85 31
[    4.871265] platform caam_sm: [0040] 3d 34 65 a6 b5 06 5a fb
[    4.876933] platform caam_sm: [0048] d9 68 d3 f0 bb b0 a0 6e
[    4.882619] platform caam_sm: [0056] 1e f0 c7 b5 0a a0 e8 3e
[    4.888288] platform caam_sm: [0064] 00 00 00 00 00 00 00 00
[    4.893973] platform caam_sm: [0072] 00 00 00 00 00 00 00 00
[    4.899641] platform caam_sm: [0080] 00 00 00 00 00 00 00 00
[    4.905327] platform caam_sm: [0088] 00 00 00 00 00 00 00 00
[    4.911011] platform caam_sm: 192-bit black key in blob:
[    4.916334] platform caam_sm: [0000] c4 60 fb 5a b3 87 86 02
[    4.922020] platform caam_sm: [0008] 80 63 a1 60 16 5d 4b 79
[    4.927688] platform caam_sm: [0016] a6 31 a6 9b 4e c8 2b d9
[    4.933375] platform caam_sm: [0024] f9 f2 71 be be c6 3b 89
[    4.939045] platform caam_sm: [0032] 75 de 64 af 12 bd c7 34
[    4.944736] platform caam_sm: [0040] cc 1d 4e 6b 02 5d ee dc
[    4.950405] platform caam_sm: [0048] 58 64 76 c5 5f fe 33 51
[    4.956093] platform caam_sm: [0056] cb 9b 31 48 37 49 58 0b
[    4.961781] platform caam_sm: [0064] 4f 6b 00 7b c2 77 56 11
[    4.967449] platform caam_sm: [0072] 00 00 00 00 00 00 00 00
[    4.973135] platform caam_sm: [0080] 00 00 00 00 00 00 00 00
[    4.978804] platform caam_sm: [0088] 00 00 00 00 00 00 00 00
[    4.984487] platform caam_sm: 256-bit black key in blob:
[    4.989811] platform caam_sm: [0000] 58 71 12 95 a8 e6 d9 79
[    4.995497] platform caam_sm: [0008] eb 0a 2e 36 c8 42 21 20
[    5.001188] platform caam_sm: [0016] 67 9e f7 de 37 ed 65 20
[    5.006858] platform caam_sm: [0024] 7a 33 b7 74 60 6e 79 db
[    5.012545] platform caam_sm: [0032] b7 70 c4 4d 56 94 3e 3b
[    5.018214] platform caam_sm: [0040] 33 75 f6 b7 fe bf 19 bc
[    5.023900] platform caam_sm: [0048] 89 9d 91 d9 53 96 a5 8b
[    5.029570] platform caam_sm: [0056] 05 a7 54 58 3d 06 4a 98
[    5.035258] platform caam_sm: [0064] 34 e9 a3 50 38 b5 8a 57
[    5.040945] platform caam_sm: [0072] bb 9e ce fa 8f 56 08 b6
[    5.046613] platform caam_sm: [0080] 00 00 00 00 00 00 00 00
[    5.052299] platform caam_sm: [0088] 00 00 00 00 00 00 00 00
[    5.058178] platform caam_sm: restored 64-bit black key:
[    5.063528] platform caam_sm: [0000] a3 e5 7a 19 61 5f 9f a1
[    5.069198] platform caam_sm: [0008] c2 1c 12 ab 47 33 c4 8c
[    5.074882] platform caam_sm: restored 128-bit black key:
[    5.080292] platform caam_sm: [0000] 74 bd fe 4f 36 f0 3d 18
[    5.085978] platform caam_sm: [0008] 85 8b e6 9e cb 89 ed 03
[    5.091662] platform caam_sm: restored 192-bit black key:
[    5.097071] platform caam_sm: [0000] 96 87 92 e8 4a 5c a9 eb
[    5.102757] platform caam_sm: [0008] d6 ef 23 cc 73 f6 a8 57
[    5.108426] platform caam_sm: [0016] 45 72 e8 15 ca a1 35 4a
[    5.114113] platform caam_sm: [0024] 55 49 04 a5 43 ea 03 0f
[    5.119778] platform caam_sm: restored 256-bit black key:
[    5.125240] platform caam_sm: [0000] 39 bf 3d 84 7a bd 9b 9e
[    5.130929] platform caam_sm: [0008] a3 e5 89 63 6a 2e cd 36
[    5.136600] platform caam_sm: [0016] df 37 54 3c 7b 22 e5 bf
[    5.142289] platform caam_sm: [0024] 4f 34 49 da 82 d1 37 bd
[    5.148244] snvs-secvio 20cc000.caam-snvs: can't get snvs clock
[    5.154253] snvs-secvio 20cc000.caam-snvs: violation handlers armed - non-secure state
[    5.163066] hidraw: raw HID events driver (C) Jiri Kosina
[    5.171501] usbcore: registered new interface driver usbhid
[    5.177084] usbhid: USB HID core driver
[    5.181810] ashmem: initialized
[    5.186543] usbcore: registered new interface driver snd-usb-audio
[    5.195639] sgtl5000 2-000a: sgtl5000 revision 0x11
[    5.232496] fsl-ssi-dai 2028000.ssi: No cache defaults, reading back from HW
[    5.359870] imx-sgtl5000 sound: sgtl5000 <-> 2028000.ssi mapping ok
[    5.371797] imx-spdif sound-spdif: snd-soc-dummy-dai <-> 2004000.spdif mapping ok
[    5.384616] imx-audio-hdmi sound-hdmi: hdmi-hifi.0 <-> soc:hdmi_audio@00120000 mapping ok
[    5.393782] NET: Registered protocol family 26
[    5.398244] u32 classifier
[    5.400985]     Actions configured
[    5.404398] Netfilter messages via NETLINK v0.30.
[    5.409466] nf_conntrack version 0.5.0 (16384 buckets, 65536 max)
[    5.415910] ctnetlink v0.93: registering with nfnetlink.
[    5.421997] xt_time: kernel timezone is -0000
[    5.426650] ip_tables: (C) 2000-2006 Netfilter Core Team
[    5.432212] arp_tables: arp_tables: (C) 2002 David S. Miller
[    5.437922] Initializing XFRM netlink socket
[    5.442760] NET: Registered protocol family 10
[    5.448469] mip6: Mobile IPv6
[    5.451511] ip6_tables: (C) 2000-2006 Netfilter Core Team
[    5.457088] sit: IPv6, IPv4 and MPLS over IPv4 tunneling driver
[    5.463768] NET: Registered protocol family 17
[    5.468243] NET: Registered protocol family 15
[    5.472724] can: controller area network core (rev 20120528 abi 9)
[    5.478991] NET: Registered protocol family 29
[    5.483546] can: raw protocol (rev 20120528)
[    5.487830] can: broadcast manager protocol (rev 20161123 t)
[    5.493534] can: netlink gateway (rev 20130117) max_hops=1
[    5.499307] Bluetooth: RFCOMM TTY layer initialized
[    5.504237] Bluetooth: RFCOMM socket layer initialized
[    5.509409] Bluetooth: RFCOMM ver 1.11
[    5.513204] Bluetooth: BNEP (Ethernet Emulation) ver 1.3
[    5.518523] Bluetooth: BNEP filters: protocol multicast
[    5.523788] Bluetooth: BNEP socket layer initialized
[    5.528761] Bluetooth: HIDP (Human Interface Emulation) ver 1.2
[    5.534716] Bluetooth: HIDP socket layer initialized
[    5.539753] 8021q: 802.1Q VLAN Support v1.8
[    5.544199] Key type dns_resolver registered
[    5.551540] cpu cpu0: Registered imx6q-cpufreq
[    5.556817] registered taskstats version 1
[    5.579850] imx_thermal 2000000.aips-bus:tempmon: Industrial CPU temperature grade - max:105C critical:100C passive:95C
[    5.591318] dhd_module_init in
[    5.595516] input: gpio-keys as /devices/soc0/gpio-keys/input/input1
[    5.602343] snvs_rtc 20cc000.snvs:snvs-rtc-lp: setting system clock to 1970-01-01 00:00:02 UTC (2)
[    5.612149] usb_otg_vbus: disabling
[    5.615664] ALSA device list:
[    5.618642]   #0: imx6q-apalis-sgtl5000
[    5.622519]   #1: imx-spdif
[    5.625326]   #2: imx-hdmi-soc
[    5.631458] Freeing unused kernel memory: 1024K
[    5.641689] init: init first stage started!
[    5.657597] SELinux:  Permission validate_trans in class security not defined in policy.
[    5.666206] SELinux:  Class cap_userns not defined in policy.
[    5.671996] SELinux:  Class cap2_userns not defined in policy.
[    5.677837] SELinux: the above unknown classes and permissions will be denied
[    5.747441] audit: type=1403 audit(5.731:2): policy loaded auid=4294967295 ses=4294967295
[    5.756641] audit: type=1404 audit(5.741:3): enforcing=1 old_enforcing=0 auid=4294967295 ses=4294967295
[    5.810724] init: (Initializing SELinux enforcing took 0.16s.)
[    5.825445] init: init second stage started!
[    5.851706] init: Running restorecon...
[    5.964933] init: waitpid failed: No child processes
[    5.970949] init: (Loading properties from /default.prop took 0.00s.)
[    5.982196] init: (Parsing /init.environ.rc took 0.00s.)
[    5.988923] init: (Parsing /init.usb.rc took 0.00s.)
[    5.997446] init: (Parsing init.freescale.usb.rc took 0.00s.)
[    6.003476] init: (Parsing init.freescale.i.MX6Q.rc took 0.00s.)
[    6.009633] init: (Parsing init.freescale.emmc.rc took 0.00s.)
[    6.015546] init: (Parsing /init.freescale.rc took 0.02s.)
[    6.029188] ueventd: ueventd started!
[    6.465661] ueventd: Coldboot took 0.43s.
[    6.494214] Console: switching to colour dummy device 80x30
[    6.505223] watchdogd: started (interval 10, margin 20)!
[    7.233386] EXT4-fs (mmcblk0p3): mounted filesystem with ordered data mode. Opts: barrier=1
[    7.243185] EXT4-fs (mmcblk0p10): Ignoring removed nomblk_io_submit option
[    7.265816] EXT4-fs (mmcblk0p10): mounted filesystem with ordered data mode. Opts: nomblk_io_submit,noauto_da_alloc,errors=panic
[    7.279540] EXT4-fs (mmcblk0p4): Ignoring removed nomblk_io_submit option
[    7.289390] EXT4-fs (mmcblk0p4): mounted filesystem with ordered data mode. Opts: nomblk_io_submit
[    7.300894] EXT4-fs (mmcblk0p5): mounted filesystem with ordered data mode. Opts: (null)
[    7.972281] file system registered
[    7.979460] using random self ethernet address
[    7.983955] using random host ethernet address
[    8.014605] zram0: detected capacity change from 0 to 314572800
[    8.124528] logd.auditd: start
[    8.127665] logd.klogd: 8127204334
[    8.128537] Adding 307196k swap on /dev/block/zram0.  Priority:-1 extents:1 across:307196k SS
[    8.520831] binder: 254:254 transaction failed 29189, size 0-0
[    8.534667] logd.daemon: reinit
sabresd_6dq:/ # [    8.758660] android_work: sent uevent USB_STATE=CONNECTED
[    8.910663] android_work: sent uevent USB_STATE=DISCONNECTED
[    8.997809] ci_hdrc ci_hdrc.0: freeing queued request
[    9.029267] android_work: sent uevent USB_STATE=DISCONNECTED
[    9.090659] android_work: sent uevent USB_STATE=CONNECTED
[    9.208924] android_work: sent uevent USB_STATE=DISCONNECTED
[    9.293517] android_work: sent uevent USB_STATE=CONNECTED
[    9.299043] android_work: sent uevent USB_STATE=DISCONNECTED
[    9.391607] android_work: sent uevent USB_STATE=CONNECTED
[    9.529398] healthd: No battery devices found
[    9.535934] configfs-gadget gadget: high-speed config #1: b
[    9.536157] android_work: sent uevent USB_STATE=CONFIGURED
[    9.611398] ERROR: v4l2 capture: slave not found! V4L2_CID_HUE
[    9.660946] ERROR: v4l2 capture: slave not found! V4L2_CID_HUE
[   10.267971] imx-hdmi-audio imx-hdmi-audio: HDMI Video is not ready!
[   10.276713] imx-hdmi-audio imx-hdmi-audio: ASoC: can't open platform imx-hdmi-audio: -22
[   10.285344] imx-hdmi-audio imx-hdmi-audio: HDMI Video is not ready!
[   10.291776] imx-hdmi-audio imx-hdmi-audio: ASoC: can't open platform imx-hdmi-audio: -22
[   10.919071] init: Starting service 'bootanim'...
[   16.470872] capability: warning: `main' uses 32-bit capabilities (legacy support in use)
[   19.471785] init: write_file: Unable to open '/sys/devices/system/cpu/cpufreq/interactive/timer_rate': No such file or directory
[   19.483867] init: write_file: Unable to open '/sys/devices/system/cpu/cpufreq/interactive/min_sample_time': No such file or directory
[   19.496817] init: write_file: Unable to open '/sys/devices/system/cpu/cpufreq/interactive/go_hispeed_load': No such file or directory
[   21.980506] random: crng init done

sabresd_6dq:/ # 
sabresd_6dq:/ # 
sabresd_6dq:/ # 
sabresd_6dq:/ # 
sabresd_6dq:/ # 
sabresd_6dq:/ # 
sabresd_6dq:/ # [   30.468900] init: write_file: Unable to open '/proc/sys/vm/extra_free_kbytes': No such file or directory

sabresd_6dq:/ # 
sabresd_6dq:/ # 
sabresd_6dq:/ # 
sabresd_6dq:/ # 
sabresd_6dq:/ # [   32.320060] acc_open
[   32.322341] acc_release
[   32.892591] Micrel KSZ9031 Gigabit PHY 2188000.ethernet-1:07: attached PHY driver [Micrel KSZ9031 Gigabit PHY] (mii_bus:phy_addr=2188000.ethernet-1:07, irq=120)
[   32.908145] IPv6: ADDRCONF(NETDEV_UP): eth0: link is not ready

sabresd_6dq:/ # [   41.338182] init: Service 'bootanim' (pid 339) exited with status 0
[   41.563114] init: Starting service 'exec 3 (/system/bin/bootstat)'...
[   41.627789] init: Service 'exec 3 (/system/bin/bootstat)' (pid 1015) exited with status 0
[   41.639152] init: Starting service 'exec 4 (/system/bin/bootstat)'...
[   41.677376] init: Service 'exec 4 (/system/bin/bootstat)' (pid 1020) exited with status 0
[   41.686243] init: Starting service 'exec 5 (/system/bin/bootstat)'...
[   41.724095] init: Service 'exec 5 (/system/bin/bootstat)' (pid 1021) exited with status 0
[   41.732902] init: Starting service 'exec 6 (/system/bin/bootstat)'...
[   41.770045] init: Service 'exec 6 (/system/bin/bootstat)' (pid 1022) exited with status 0

sabresd_6dq:/ # reboot
[   49.780498] sysrq: SysRq : Emergency Remount R/O
[   49.807657] EXT4-fs (mmcblk0p4): re-mounted. Opts: (null)
[   49.846539] EXT4-fs (mmcblk0p10): re-mounted. Opts: (null)
[   49.862951] Emergency Remount complete
[   49.906821] imx2-wdt 20bc000.wdog: Device shutdown: Expect reboot!
[   49.916974] ci_hdrc ci_hdrc.1: remove, state 4
[   49.921829] usb usb1: USB disconnect, device number 1
[   49.926908] usb 1-1: USB disconnect, device number 2
[   49.936443] ci_hdrc ci_hdrc.1: USB bus 1 deregistered
[   49.942729] android_work: sent uevent USB_STATE=DISCONNECTED
[   50.000545] reboot: Restarting system with command ''


U-Boot 2017.03-dirty (Dec 26 2017 - 14:19:13 +0530)

CPU:   Freescale i.MX6Q rev1.5 at 792 MHz
Reset cause: WDOG
I2C:   ready
DRAM:  2 GiB
PMIC: device id: 0x10, revision id: 0x21
PMIC: programmed
MMC:   FSL_SDHC: 0, FSL_SDHC: 1, FSL_SDHC: 2
auto-detected panel HDMI
Aravinth: Display: HDMI (1024x768)
In:    serial
Out:   serial
Err:   serial
Model: Toradex Apalis iMX6 Quad 2GB IT V1.1C, Serial# 05146387
flash target is MMC:0
Net:   using PHY at 7
FEC [PRIME]
Fastboot: Normal
Hit any key to stop autoboot:  1  0 
Apalis iMX6 # pri
arch=arm
baudrate=115200
board=apalis_imx6
board_name=apalis_imx6
board_rev=011c
bootcmd=boota mmc0
bootdelay=1
cpu=armv7
ethact=FEC
ethaddr=00:14:2d:4e:87:13
ethprime=FEC
fastboot_dev=mmc0
fdt_high=0xffffffff
initrd_high=0xffffffff
ipaddr=192.168.10.2
loadaddr=0x12000000
netmask=255.255.255.0
serial#=05146387
serverip=192.168.10.1
soc=mx6
splashpos=m,m
vendor=toradex
ver=U-Boot 2017.03-dirty (Dec 26 2017 - 14:19:13 +0530)

Environment size: 474/8188 bytes
Apalis iMX6 # env default -f -a
## Resetting to default environment
Apalis iMX6 # save env
save - save file to a filesystem

Usage:
save <interface> <dev[:part]> <addr> <filename> bytes [pos]
    - Save binary file 'filename' to partition 'part' on device
      type 'interface' instance 'dev' from addr 'addr' in memory.
      'bytes' gives the size to save in bytes and is mandatory.
      'pos' gives the file byte position to start writing to.
      If 'pos' is 0 or omitted, the file is written from the start.
Apalis iMX6 # sa  env save
Saving Environment to MMC...
Writing to MMC(0)... done
Apalis iMX6 # saveenv
Saving Environment to MMC...
Writing to MMC(0)... done
Apalis iMX6 # res
resetting ...


U-Boot 2017.03-dirty (Dec 26 2017 - 14:19:13 +0530)

CPU:   Freescale i.MX6Q rev1.5 at 792 MHz
Reset cause: WDOG
I2C:   ready
DRAM:  2 GiB
PMIC: device id: 0x10, revision id: 0x21
PMIC: programmed
MMC:   FSL_SDHC: 0, FSL_SDHC: 1, FSL_SDHC: 2
auto-detected panel HDMI
Aravinth: Display: HDMI (1024x768)
In:    serial
Out:   serial
Err:   serial
Model: Toradex Apalis iMX6 Quad 2GB IT V1.1C, Serial# 05146387
flash target is MMC:0
Net:   using PHY at 7
FEC [PRIME]
Fastboot: Normal
Hit any key to stop autoboot:  1  0 
boota mmc0 
CACHE: Misaligned operation at range [8ffb70a0, 8ffb7120]
CACHE: Misaligned operation at range [8ffb70a0, 8ffb7120]
kernel   @ 14008000 (9803560)
ramdisk  @ 15000000 (1628353)
fdt      @ 14f00000 (53619)
## Booting Android Image at 0x12000000 ...
Kernel load addr 0x14008000 size 9574 KiB
Kernel command line: console=ttymxc0,115200 init=/init video=mxcfb0:dev=ldb,fbpix=RGB32,bpp=32 video=mxcfb1:dev=hdmi,1280x1024M@60,if=RGB24,bpp=32 video=mxcfb2:off video=mxcfb3:off vmalloc=256M androidboot.console=ttymxc0 consoleblank=0 androidboot.hardware=freescale cma=448M androidboot.selinux=disabled androidboot.dm_verity=disabled buildvariant=user androidboot.serialno=1b2429d4ea997115 androidboot.storage_type=emmc
## Flattened Device Tree blob at 14f00000
   Booting using the fdt blob at 0x14f00000
   Loading Kernel Image ... OK
   Using Device Tree in place at 14f00000, end 14f10172

Starting kernel ...

Uncompressing Linux... done, booting the kernel.
[    0.000000] Booting Linux on physical CPU 0x0
[    0.000000] Linux version 4.9.67-07228-gdc437277d928-dirty (embadmin@ubuntu) (gcc version 4.9 20150123 (prerelease) (GCC) ) #9 SMP PREEMPT Tue Dec 26 14:19:46 IST 2017
[    0.000000] CPU: ARMv7 Processor [412fc09a] revision 10 (ARMv7), cr=10c53c7d
[    0.000000] CPU: PIPT / VIPT nonaliasing data cache, VIPT aliasing instruction cache
[    0.000000] OF: fdt:Machine model: Aravinth : Toradex Apalis iMX6Q/D Module on Ixora V1.1 Carrier Board
[    0.000000] cma: Reserved 448 MiB at 0x22000000
[    0.000000] Memory policy: Data cache writealloc
[    0.000000] percpu: Embedded 15 pages/cpu @ee6b3000 s31040 r8192 d22208 u61440
[    0.000000] Built 1 zonelists in Zone order, mobility grouping on.  Total pages: 522768
[    0.000000] Kernel command line: console=ttymxc0,115200 init=/init video=mxcfb0:dev=ldb,fbpix=RGB32,bpp=32 video=mxcfb1:dev=hdmi,1280x1024M@60,if=RGB24,bpp=32 video=mxcfb2:off video=mxcfb3:off vmalloc=256M androidboot.console=ttymxc0 consoleblank=0 androidboot.hardware=freescale cma=448M androidboot.selinux=disabled androidboot.dm_verity=disabled buildvariant=user androidboot.serialno=1b2429d4ea997115 androidboot.storage_type=emmc
[    0.000000] PID hash table entries: 4096 (order: 2, 16384 bytes)
[    0.000000] Dentry cache hash table entries: 131072 (order: 7, 524288 bytes)
[    0.000000] Inode-cache hash table entries: 65536 (order: 6, 262144 bytes)
[    0.000000] Memory: 1597048K/2097152K available (13312K kernel code, 1128K rwdata, 4016K rodata, 1024K init, 606K bss, 41352K reserved, 458752K cma-reserved, 1318912K highmem)
[    0.000000] Virtual kernel memory layout:
[    0.000000]     vector  : 0xffff0000 - 0xffff1000   (   4 kB)
[    0.000000]     fixmap  : 0xffc00000 - 0xfff00000   (3072 kB)
[    0.000000]     vmalloc : 0xf0000000 - 0xff800000   ( 248 MB)
[    0.000000]     lowmem  : 0xc0000000 - 0xef800000   ( 760 MB)
[    0.000000]     pkmap   : 0xbfe00000 - 0xc0000000   (   2 MB)
[    0.000000]     modules : 0xbf000000 - 0xbfe00000   (  14 MB)
[    0.000000]       .text : 0xc0008000 - 0xc0e00000   (14304 kB)
[    0.000000]       .init : 0xc1300000 - 0xc1400000   (1024 kB)
[    0.000000]       .data : 0xc1400000 - 0xc151a218   (1129 kB)
[    0.000000]        .bss : 0xc151a218 - 0xc15b1be0   ( 607 kB)
[    0.000000] SLUB: HWalign=64, Order=0-3, MinObjects=0, CPUs=4, Nodes=1
[    0.000000] Preemptible hierarchical RCU implementation.
[    0.000000] 	Build-time adjustment of leaf fanout to 32.
[    0.000000] NR_IRQS:16 nr_irqs:16 16
[    0.000000] L2C-310 errata 752271 769419 enabled
[    0.000000] L2C-310 enabling early BRESP for Cortex-A9
[    0.000000] L2C-310 full line of zeros enabled for Cortex-A9
[    0.000000] L2C-310 ID prefetch enabled, offset 16 lines
[    0.000000] L2C-310 dynamic clock gating enabled, standby mode enabled
[    0.000000] L2C-310 cache controller enabled, 16 ways, 1024 kB
[    0.000000] L2C-310: CACHE_ID 0x410000c7, AUX_CTRL 0x76470001
[    0.000000] Switching to timer-based delay loop, resolution 333ns
[    0.000008] sched_clock: 32 bits at 3000kHz, resolution 333ns, wraps every 715827882841ns
[    0.000025] clocksource: mxc_timer1: mask: 0xffffffff max_cycles: 0xffffffff, max_idle_ns: 637086815595 ns
[    0.001610] Console: colour dummy device 80x30
[    0.001634] Calibrating delay loop (skipped), value calculated using timer frequency.. 6.00 BogoMIPS (lpj=30000)
[    0.001649] pid_max: default: 32768 minimum: 301
[    0.001725] Security Framework initialized
[    0.001737] SELinux:  Initializing.
[    0.001829] Mount-cache hash table entries: 2048 (order: 1, 8192 bytes)
[    0.001842] Mountpoint-cache hash table entries: 2048 (order: 1, 8192 bytes)
[    0.002645] CPU: Testing write buffer coherency: ok
[    0.003055] CPU0: update cpu_capacity 1024
[    0.003071] CPU0: thread -1, cpu 0, socket 0, mpidr 80000000
[    0.003140] Setting up static identity map for 0x10100000 - 0x10100058
[    0.169926] CPU1: update cpu_capacity 1024
[    0.169935] CPU1: thread -1, cpu 1, socket 0, mpidr 80000001
[    0.239919] CPU2: update cpu_capacity 1024
[    0.239927] CPU2: thread -1, cpu 2, socket 0, mpidr 80000002
[    0.309909] CPU3: update cpu_capacity 1024
[    0.309918] CPU3: thread -1, cpu 3, socket 0, mpidr 80000003
[    0.310023] Brought up 4 CPUs
[    0.310054] SMP: Total of 4 processors activated (24.00 BogoMIPS).
[    0.310063] CPU: All CPU(s) started in SVC mode.
[    0.310112] CPU3: update max cpu_capacity 1024
[    0.311207] devtmpfs: initialized
[    0.319934] CPU2: update max cpu_capacity 1024
[    0.325905] VFP support v0.3: implementor 41 architecture 3 part 30 variant 9 rev 4
[    0.326331] clocksource: jiffies: mask: 0xffffffff max_cycles: 0xffffffff, max_idle_ns: 19112604462750000 ns
[    0.326355] futex hash table entries: 1024 (order: 4, 65536 bytes)
[    0.350151] pinctrl core: initialized pinctrl subsystem
[    0.351468] NET: Registered protocol family 16
[    0.360806] DMA: preallocated 256 KiB pool for atomic coherent allocations
[    0.389584] cpuidle: using governor menu
[    0.390386] CPU identified as i.MX6Q, silicon rev 1.5
[    0.417709] hw-breakpoint: found 5 (+1 reserved) breakpoint and 1 watchpoint registers.
[    0.417726] hw-breakpoint: maximum watchpoint size is 4 bytes.
[    0.419376] imx6q-pinctrl 20e0000.iomuxc: initialized IMX pinctrl driver
[    0.423216] imx-gpc 20dc000.gpc: no fsl,ldo-bypass found!
[    0.423346] imx-gpc 20dc000.gpc: Registered imx-gpc
[    0.485690] mxs-dma 110000.dma-apbh: initialized
[    0.488319] usb_host_vbus: supplied by usb_host_vbus_hub
[    0.490147] SCSI subsystem initialized
[    0.490664] usbcore: registered new interface driver usbfs
[    0.490740] usbcore: registered new interface driver hub
[    0.490843] usbcore: registered new device driver usb
[    0.491034] 2000000.aips-bus:usbphy_nop1 supply vcc not found, using dummy regulator
[    0.491187] 2000000.aips-bus:usbphy_nop2 supply vcc not found, using dummy regulator
[    0.492424] i2c i2c-1: IMX I2C adapter registered
[    0.492444] i2c i2c-1: can't use DMA, using PIO instead.
[    0.500260] stmpe-i2c 2-0041: stmpe811 detected, chip id: 0x811
[    0.590752] i2c i2c-2: IMX I2C adapter registered
[    0.590770] i2c i2c-2: can't use DMA, using PIO instead.
[    0.591593] i2c i2c-3: IMX I2C adapter registered
[    0.591611] i2c i2c-3: can't use DMA, using PIO instead.
[    0.591771] Linux video capture interface: v2.00
[    0.591835] pps_core: LinuxPPS API ver. 1 registered
[    0.591845] pps_core: Software ver. 5.3.6 - Copyright 2005-2007 Rodolfo Giometti <giometti@linux.it>
[    0.591869] PTP clock support registered
[    0.619648] imx-ipuv3 2400000.ipu: IPU DMFC NORMAL mode: 1(0~1), 5B(4,5), 5F(6,7)
[    0.649639] imx-ipuv3 2800000.ipu: IPU DMFC NORMAL mode: 1(0~1), 5B(4,5), 5F(6,7)
[    0.651030] mxc_mipi_csi2 21dc000.mipi_csi: i.MX MIPI CSI2 driver probed ipu0 csi1
[    0.651046] mxc_mipi_csi2 21dc000.mipi_csi: i.MX MIPI CSI2 dphy version is 0x3130302a
[    0.651146] MIPI CSI2 driver module loaded
[    0.651520] imx rpmsg driver is registered.
[    0.651720] Advanced Linux Sound Architecture Driver Initialized.
[    0.653002] Bluetooth: Core ver 2.22
[    0.653049] NET: Registered protocol family 31
[    0.653061] Bluetooth: HCI device and connection manager initialized
[    0.653077] Bluetooth: HCI socket layer initialized
[    0.653092] Bluetooth: L2CAP socket layer initialized
[    0.653133] Bluetooth: SCO socket layer initialized
[    0.670443] clocksource: Switched to clocksource mxc_timer1
[    0.743294] VFS: Disk quotas dquot_6.6.0
[    0.743391] VFS: Dquot-cache hash table entries: 1024 (order 0, 4096 bytes)
[    0.754687] NET: Registered protocol family 2
[    0.755461] TCP established hash table entries: 8192 (order: 3, 32768 bytes)
[    0.755569] TCP bind hash table entries: 8192 (order: 4, 65536 bytes)
[    0.755739] TCP: Hash tables configured (established 8192 bind 8192)
[    0.755936] UDP hash table entries: 512 (order: 2, 16384 bytes)
[    0.755985] UDP-Lite hash table entries: 512 (order: 2, 16384 bytes)
[    0.756203] NET: Registered protocol family 1
[    0.756853] RPC: Registered named UNIX socket transport module.
[    0.756866] RPC: Registered udp transport module.
[    0.756874] RPC: Registered tcp transport module.
[    0.756882] RPC: Registered tcp NFSv4.1 backchannel transport module.
[    0.757201] Trying to unpack rootfs image as initramfs...
[    0.866940] Freeing initrd memory: 1592K
[    0.868122] hw perfevents: enabled with armv7_cortex_a9 PMU driver, 7 counters available
[    0.871390] Bus freq driver module loaded
[    0.872955] audit: initializing netlink subsys (disabled)
[    0.873020] audit: type=2000 audit(0.870:1): initialized
[    0.874075] workingset: timestamp_bits=30 max_order=19 bucket_order=0
[    0.881706] NFS: Registering the id_resolver key type
[    0.881744] Key type id_resolver registered
[    0.881754] Key type id_legacy registered
[    0.881809] ntfs: driver 2.1.32 [Flags: R/W DEBUG].
[    0.882074] jffs2: version 2.2. (NAND) Â© 2001-2006 Red Hat, Inc.
[    0.882632] fuse init (API version 7.26)
[    0.890888] bounce: pool size: 64 pages
[    0.890905] io scheduler noop registered
[    0.890917] io scheduler deadline registered
[    0.890966] io scheduler cfq registered (default)
[    0.894041] backlight supply power not found, using dummy regulator
[    0.897616] 20e0000.hdmi_video supply HDMI not found, using dummy regulator
[    0.899139] Aravinth: mxcfb_probe ---->
[    0.899205] mxc_sdc_fb fb@0: registered mxc display driver ldb
[    0.940547] imx-ipuv3 2800000.ipu: IPU DMFC DP HIGH RESOLUTION: 1(0,1), 5B(2~5), 5F(6,7)
[    1.036656] Console: switching to colour frame buffer device 128x48
[    1.099349] Aravinth: mxcfb_probe Done ---->
[    1.099424] Aravinth: mxcfb_probe ---->
[    1.099570] mxc_hdmi 20e0000.hdmi_video: Detected HDMI controller 0x13:0xa:0xa0:0xc1
[    1.099598] fbcvt: 1280x1024@60: CVT Name - 1.310M4
[    1.099721] mxc_sdc_fb fb@1: registered mxc display driver hdmi
[    1.129534] Aravinth: mxcfb_probe Done ---->
[    1.129602] Aravinth: mxcfb_probe ---->
[    1.129639] mxc_sdc_fb fb@2: Can't get fb option for mxcfb2!
[    1.129691] Aravinth: mxcfb_probe ---->
[    1.129722] mxc_sdc_fb fb@3: Can't get fb option for mxcfb3!
[    1.132048] imx-sdma 20ec000.sdma: no iram assigned, using external mem
[    1.132989] imx-sdma 20ec000.sdma: loaded firmware 3.3
[    1.138159] pfuze100-regulator 2-0008: Full layer: 2, Metal layer: 1
[    1.138903] pfuze100-regulator 2-0008: FAB: 0, FIN: 0
[    1.138918] pfuze100-regulator 2-0008: pfuze100 found.
[    1.150813] mxc_hdmi 20e0000.hdmi_video: Read EDID again
[    1.157968] 2020000.serial: ttymxc0 at MMIO 0x2020000 (irq = 29, base_baud = 5000000) is a IMX
[    1.382196] mxc_hdmi 20e0000.hdmi_video: create default modelist
[    2.119309] console [ttymxc0] enabled
[    2.123985] 21e8000.serial: ttymxc1 at MMIO 0x21e8000 (irq = 78, base_baud = 5000000) is a IMX
[    2.133233] 21f0000.serial: ttymxc3 at MMIO 0x21f0000 (irq = 79, base_baud = 5000000) is a IMX
[    2.142462] 21f4000.serial: ttymxc4 at MMIO 0x21f4000 (irq = 80, base_baud = 5000000) is a IMX
[    2.153787] imx sema4 driver is registered.
[    2.158024] [drm] Initialized
[    2.161577] [drm] Initialized vivante 1.0.0 20120216 on minor 0
[    2.180096] brd: module loaded
[    2.191452] loop: module loaded
[    2.195421] zram: Added device: zram0
[    2.200912] ahci-imx 2200000.sata: fsl,transmit-level-mV not specified, using 00000024
[    2.208845] ahci-imx 2200000.sata: fsl,transmit-boost-mdB not specified, using 00000480
[    2.216926] ahci-imx 2200000.sata: fsl,transmit-atten-16ths not specified, using 00002000
[    2.225165] ahci-imx 2200000.sata: fsl,receive-eq-mdB not specified, using 05000000
[    2.236590] ahci-imx 2200000.sata: SSS flag set, parallel bus scan disabled
[    2.243626] ahci-imx 2200000.sata: AHCI 0001.0300 32 slots 1 ports 3 Gbps 0x1 impl platform mode
[    2.252446] ahci-imx 2200000.sata: flags: ncq sntf stag pm led clo only pmp pio slum part ccc apst 
[    2.263235] scsi host0: ahci-imx
[    2.266793] ata1: SATA max UDMA/133 mmio [mem 0x02200000-0x02203fff] port 0x100 irq 87
[    2.279265] spi_imx 2008000.ecspi: probed
[    2.284134] libphy: Fixed MDIO Bus: probed
[    2.288629] tun: Universal TUN/TAP device driver, 1.6
[    2.293717] tun: (C) 1999-2004 Max Krasnyansky <maxk@qualcomm.com>
[    2.300108] CAN device driver interface
[    2.304323] 2090000.flexcan supply xceiver not found, using dummy regulator
[    2.312215] flexcan 2090000.flexcan: device registered (reg_base=f02f4000, irq=38)
[    2.319963] 2094000.flexcan supply xceiver not found, using dummy regulator
[    2.327795] flexcan 2094000.flexcan: device registered (reg_base=f02fc000, irq=39)
[    2.336982] 2188000.ethernet supply phy not found, using dummy regulator
[    2.355382] pps pps0: new PPS source ptp0
[    2.361061] libphy: fec_enet_mii_bus: probed
[    2.377310] fec 2188000.ethernet eth0: registered PHC device 0
[    2.384103] PPP generic driver version 2.4.2
[    2.388586] PPP BSD Compression module registered
[    2.393325] PPP Deflate Compression module registered
[    2.398402] PPP MPPE Compression module registered
[    2.403254] NET: Registered protocol family 24
[    2.407795] usbcore: registered new interface driver kaweth
[    2.413429] pegasus: v0.9.3 (2013/04/25), Pegasus/Pegasus II USB Ethernet driver
[    2.420940] usbcore: registered new interface driver pegasus
[    2.426664] usbcore: registered new interface driver rtl8150
[    2.432427] usbcore: registered new interface driver r8152
[    2.437989] usbcore: registered new interface driver asix
[    2.443503] usbcore: registered new interface driver ax88179_178a
[    2.449651] usbcore: registered new interface driver cdc_ether
[    2.455561] usbcore: registered new interface driver cdc_eem
[    2.461332] usbcore: registered new interface driver net1080
[    2.467054] usbcore: registered new interface driver cdc_subset
[    2.473055] usbcore: registered new interface driver zaurus
[    2.478710] usbcore: registered new interface driver cdc_ncm
[    2.484401] ehci_hcd: USB 2.0 'Enhanced' Host Controller (EHCI) Driver
[    2.490993] ehci-mxc: Freescale On-Chip EHCI Host driver
[    2.496520] usbcore: registered new interface driver cdc_acm
[    2.502210] cdc_acm: USB Abstract Control Model driver for USB modems and ISDN adapters
[    2.510293] usbcore: registered new interface driver usb-storage
[    2.516438] usbcore: registered new interface driver usbserial
[    2.522344] usbcore: registered new interface driver usbserial_generic
[    2.528923] usbserial: USB Serial support registered for generic
[    2.535000] usbcore: registered new interface driver ftdi_sio
[    2.540811] usbserial: USB Serial support registered for FTDI USB Serial Device
[    2.548171] usbcore: registered new interface driver option
[    2.553804] usbserial: USB Serial support registered for GSM modem (1-port)
[    2.560860] usbcore: registered new interface driver usbtest
[    2.566570] usbcore: registered new interface driver usb_ehset_test
[    2.574141] 2184800.usbmisc supply vbus-wakeup not found, using dummy regulator
[    2.592544] ci_hdrc ci_hdrc.1: EHCI Host Controller
[    2.597457] ci_hdrc ci_hdrc.1: new USB bus registered, assigned bus number 1
[    2.602104] ata1: SATA link down (SStatus 0 SControl 300)
[    2.602145] ahci-imx 2200000.sata: no device found, disabling link.
[    2.602151] ahci-imx 2200000.sata: pass ahci_imx..hotplug=1 to enable hotplug
[    2.650488] ci_hdrc ci_hdrc.1: USB 2.0 started, EHCI 1.00
[    2.656112] usb usb1: New USB device found, idVendor=1d6b, idProduct=0002
[    2.662942] usb usb1: New USB device strings: Mfr=3, Product=2, SerialNumber=1
[    2.670173] usb usb1: Product: EHCI Host Controller
[    2.675084] usb usb1: Manufacturer: Linux 4.9.67-07228-gdc437277d928-dirty ehci_hcd
[    2.682768] usb usb1: SerialNumber: ci_hdrc.1
[    2.687877] hub 1-0:1.0: USB hub found
[    2.691734] hub 1-0:1.0: 1 port detected
[    2.696911] mousedev: PS/2 mouse device common for all mice
[    2.703515] usbcore: registered new interface driver xpad
[    2.708980] usbcore: registered new interface driver usb_acecad
[    2.715039] usbcore: registered new interface driver aiptek
[    2.720705] usbcore: registered new interface driver gtco
[    2.726162] usbcore: registered new interface driver hanwang
[    2.731942] usbcore: registered new interface driver kbtab
[    2.748407] input: stmpe-ts as /devices/soc0/soc/2100000.aips-bus/21a4000.i2c/i2c-2/2-0041/stmpe-ts/input/input0
[    2.761063] snvs_rtc 20cc000.snvs:snvs-rtc-lp: rtc core: registered 20cc000.snvs:snvs-r as rtc0
[    2.769900] i2c /dev entries driver
[    2.774357] IR NEC protocol handler initialized
[    2.778898] IR RC5(x/sz) protocol handler initialized
[    2.783984] IR RC6 protocol handler initialized
[    2.788522] IR JVC protocol handler initialized
[    2.793076] IR Sony protocol handler initialized
[    2.797699] IR SANYO protocol handler initialized
[    2.802543] IR Sharp protocol handler initialized
[    2.807255] IR MCE Keyboard/mouse protocol handler initialized
[    2.813117] IR XMP protocol handler initialized
[    2.818802] mxc_v4l2_output v4l2_out: V4L2 device registered as video16
[    2.825628] mxc_v4l2_output v4l2_out: V4L2 device registered as video17
[    2.832476] mxc_v4l2_output v4l2_out: V4L2 device registered as video18
[    2.839276] mxc_v4l2_output v4l2_out: V4L2 device registered as video19
[    2.847198] ov564x_mipi 2-003c: ipu_id missing or invalid
[    2.852660] ov564x_mipi: probe of 2-003c failed with error -22
[    2.858673] ov564x_mipi 3-003c: found pwm2, period=0
[    3.050470] usb 1-1: new high-speed USB device number 2 using ci_hdrc
[    3.110803] ov5640_read_reg:write reg error:reg=300a
[    3.115791] camera ov5640_mipi is not found
[    3.121534] usbcore: registered new interface driver uvcvideo
[    3.127289] USB Video Class driver (1.1.1)
[    3.133505] imx2-wdt 20bc000.wdog: timeout 60 sec (nowayout=0)
[    3.140037] device-mapper: uevent: version 1.0.3
[    3.145113] device-mapper: ioctl: 4.35.0-ioctl (2016-06-23) initialised: dm-devel@redhat.com
[    3.153798] Bluetooth: HCI UART driver ver 2.3
[    3.158254] Bluetooth: HCI UART protocol H4 registered
[    3.163458] Bluetooth: HCI UART protocol BCSP registered
[    3.168777] Bluetooth: HCI UART protocol ATH3K registered
[    3.174293] usbcore: registered new interface driver btusb
[    3.180805] sdhci: Secure Digital Host Controller Interface driver
[    3.186995] sdhci: Copyright(c) Pierre Ossman
[    3.191441] sdhci-pltfm: SDHCI platform and OF driver helper
[    3.198145] sdhci-esdhc-imx 2190000.usdhc: could not get ultra high speed state, work on normal mode
[    3.207398] sdhci-esdhc-imx 2190000.usdhc: Got CD GPIO
[    3.241001] usb 1-1: New USB device found, idVendor=0424, idProduct=2514
[    3.247718] usb 1-1: New USB device strings: Mfr=0, Product=0, SerialNumber=0
[    3.257690] hub 1-1:1.0: USB hub found
[    3.261627] hub 1-1:1.0: 4 ports detected
[    3.280659] mmc1: SDHCI controller on 2190000.usdhc [2190000.usdhc] using ADMA
[    3.288507] sdhci-esdhc-imx 2198000.usdhc: could not get ultra high speed state, work on normal mode
[    3.360527] mmc0: SDHCI controller on 2198000.usdhc [2198000.usdhc] using ADMA
[    3.389438] mxc_vpu 2040000.vpu_fsl: VPU initialized
[    3.401332] mxc_vdoa 21e4000.vdoa: i.MX Video Data Order Adapter(VDOA) driver probed
[    3.419054] mxc_hdmi_cec soc:hdmi_cec@00120000: HDMI CEC initialized
[    3.426718] Galcore version 6.2.2.96445
[    3.499416] random: fast init done
[    3.502980] mmc0: new DDR MMC card at address 0001
[    3.508896] mmcblk0: mmc0:0001 Q2J54A 3.59 GiB 
[    3.514361] mmcblk0boot0: mmc0:0001 Q2J54A partition 1 16.0 MiB
[    3.531576] mmcblk0boot1: mmc0:0001 Q2J54A partition 2 16.0 MiB
[    3.542670] Alternate GPT is invalid, using primary GPT.
[    3.548136]  mmcblk0: p1 p2 p3 p4 p5 p6 p7 p8 p9 p10 p11
[    4.243629] caam 2100000.caam: ERA source: CAAMVID.
[    4.248565] caam 2100000.caam: AXI pipeline throttling enabled.
[    4.255816] caam 2100000.caam: Instantiated RNG4 SH1
[    4.260828] caam 2100000.caam: device ID = 0x0a16010000000000 (Era 4)
[    4.267279] caam 2100000.caam: job rings = 2, qi = 0
[    4.283113] caam algorithms registered in /proc/crypto
[    4.292383] caam_jr 2101000.jr0: registering rng-caam
[    4.298433] platform caam_sm: blkkey_ex: 4 keystore units available
[    4.304939] platform caam_sm: 64-bit clear key:
[    4.309483] platform caam_sm: [0000] 00 01 02 03 04 0f 06 07
[    4.315177] platform caam_sm: 64-bit black key:
[    4.319719] platform caam_sm: [0000] 30 ab 3b 4f 4f 47 3c 0d
[    4.325414] platform caam_sm: [0008] 72 ad 7f 59 a8 1e 48 cf
[    4.331104] platform caam_sm: 128-bit clear key:
[    4.335733] platform caam_sm: [0000] 00 01 02 03 04 0f 06 07
[    4.341426] platform caam_sm: [0008] 08 09 0a 0b 0c 0d 0e 0f
[    4.347092] platform caam_sm: 128-bit black key:
[    4.351741] platform caam_sm: [0000] 7b 14 d9 8c ca 3e 7d b9
[    4.357412] platform caam_sm: [0008] 9f 1b b3 27 97 8b 5d 46
[    4.363095] platform caam_sm: 192-bit clear key:
[    4.367723] platform caam_sm: [0000] 00 01 02 03 04 0f 06 07
[    4.373408] platform caam_sm: [0008] 08 09 0a 0b 0c 0d 0e 0f
[    4.379076] platform caam_sm: [0016] 10 11 12 13 14 15 16 17
[    4.384758] platform caam_sm: 192-bit black key:
[    4.389385] platform caam_sm: [0000] 7d 25 99 63 93 8f 5c 72
[    4.395069] platform caam_sm: [0008] 3c 12 6e 64 da ee 5f bf
[    4.400768] platform caam_sm: [0016] 05 34 8d f9 15 65 cc dc
[    4.406438] platform caam_sm: [0024] 2e ef be ac fc be 21 c6
[    4.412125] platform caam_sm: 256-bit clear key:
[    4.416753] platform caam_sm: [0000] 00 01 02 03 04 0f 06 07
[    4.422440] platform caam_sm: [0008] 08 09 0a 0b 0c 0d 0e 0f
[    4.428109] platform caam_sm: [0016] 10 11 12 13 14 15 16 17
[    4.433799] platform caam_sm: [0024] 18 19 1a 1b 1c 1d 1e 1f
[    4.439464] platform caam_sm: 256-bit black key:
[    4.444110] platform caam_sm: [0000] 06 f9 86 b4 1b e8 5f 28
[    4.449778] platform caam_sm: [0008] 87 23 f2 21 51 87 0b 2f
[    4.455465] platform caam_sm: [0016] d6 cb 72 5b e1 cb b2 90
[    4.461152] platform caam_sm: [0024] dd b8 a3 3c 03 8d 9f 6a
[    4.466819] platform caam_sm: 64-bit unwritten blob:
[    4.471811] platform caam_sm: [0000] 00 00 00 00 00 00 00 00
[    4.477478] platform caam_sm: [0008] 00 00 00 00 00 00 00 00
[    4.483165] platform caam_sm: [0016] 00 00 00 00 00 00 00 00
[    4.488833] platform caam_sm: [0024] 00 00 00 00 00 00 00 00
[    4.494519] platform caam_sm: [0032] 00 00 00 00 00 00 00 00
[    4.500187] platform caam_sm: [0040] 00 00 00 00 00 00 00 00
[    4.505873] platform caam_sm: [0048] 00 00 00 00 00 00 00 00
[    4.511559] platform caam_sm: [0056] 00 00 00 00 00 00 00 00
[    4.517228] platform caam_sm: [0064] 00 00 00 00 00 00 00 00
[    4.522910] platform caam_sm: [0072] 00 00 00 00 00 00 00 00
[    4.528579] platform caam_sm: [0080] 00 00 00 00 00 00 00 00
[    4.534264] platform caam_sm: [0088] 00 00 00 00 00 00 00 00
[    4.539930] platform caam_sm: 128-bit unwritten blob:
[    4.545011] platform caam_sm: [0000] 00 00 00 00 00 00 00 00
[    4.550698] platform caam_sm: [0008] 00 00 00 00 00 00 00 00
[    4.556367] platform caam_sm: [0016] 00 00 00 00 00 00 00 00
[    4.562054] platform caam_sm: [0024] 00 00 00 00 00 00 00 00
[    4.567724] platform caam_sm: [0032] 00 00 00 00 00 00 00 00
[    4.573410] platform caam_sm: [0040] 00 00 00 00 00 00 00 00
[    4.579078] platform caam_sm: [0048] 00 00 00 00 00 00 00 00
[    4.584765] platform caam_sm: [0056] 00 00 00 00 00 00 00 00
[    4.590451] platform caam_sm: [0064] 00 00 00 00 00 00 00 00
[    4.596120] platform caam_sm: [0072] 00 00 00 00 00 00 00 00
[    4.601807] platform caam_sm: [0080] 00 00 00 00 00 00 00 00
[    4.607476] platform caam_sm: [0088] 00 00 00 00 00 00 00 00
[    4.613159] platform caam_sm: 196-bit unwritten blob:
[    4.618220] platform caam_sm: [0000] 00 00 00 00 00 00 00 00
[    4.623906] platform caam_sm: [0008] 00 00 00 00 00 00 00 00
[    4.629574] platform caam_sm: [0016] 00 00 00 00 00 00 00 00
[    4.635260] platform caam_sm: [0024] 00 00 00 00 00 00 00 00
[    4.640947] platform caam_sm: [0032] 00 00 00 00 00 00 00 00
[    4.646615] platform caam_sm: [0040] 00 00 00 00 00 00 00 00
[    4.652301] platform caam_sm: [0048] 00 00 00 00 00 00 00 00
[    4.657969] platform caam_sm: [0056] 00 00 00 00 00 00 00 00
[    4.663663] platform caam_sm: [0064] 00 00 00 00 00 00 00 00
[    4.669333] platform caam_sm: [0072] 00 00 00 00 00 00 00 00
[    4.675020] platform caam_sm: [0080] 00 00 00 00 00 00 00 00
[    4.680707] platform caam_sm: [0088] 00 00 00 00 00 00 00 00
[    4.686374] platform caam_sm: 256-bit unwritten blob:
[    4.691452] platform caam_sm: [0000] 00 00 00 00 00 00 00 00
[    4.697121] platform caam_sm: [0008] 00 00 00 00 00 00 00 00
[    4.702807] platform caam_sm: [0016] 00 00 00 00 00 00 00 00
[    4.708475] platform caam_sm: [0024] 00 00 00 00 00 00 00 00
[    4.714161] platform caam_sm: [0032] 00 00 00 00 00 00 00 00
[    4.719828] platform caam_sm: [0040] 00 00 00 00 00 00 00 00
[    4.725514] platform caam_sm: [0048] 00 00 00 00 00 00 00 00
[    4.731198] platform caam_sm: [0056] 00 00 00 00 00 00 00 00
[    4.736865] platform caam_sm: [0064] 00 00 00 00 00 00 00 00
[    4.742551] platform caam_sm: [0072] 00 00 00 00 00 00 00 00
[    4.748219] platform caam_sm: [0080] 00 00 00 00 00 00 00 00
[    4.753904] platform caam_sm: [0088] 00 00 00 00 00 00 00 00
[    4.759799] platform caam_sm: 64-bit black key in blob:
[    4.765067] platform caam_sm: [0000] 8a 7d 96 b5 46 18 5f 52
[    4.770757] platform caam_sm: [0008] 33 f3 99 e5 c6 6e d3 c0
[    4.776428] platform caam_sm: [0016] c9 ce 52 e0 31 c2 18 ad
[    4.782114] platform caam_sm: [0024] d5 36 24 27 01 e9 72 92
[    4.787784] platform caam_sm: [0032] 99 3d a8 1b 39 df 38 5b
[    4.793470] platform caam_sm: [0040] 06 bb f0 b4 ae 6b e2 fd
[    4.799139] platform caam_sm: [0048] 93 35 df a0 3f 0b c6 a4
[    4.804824] platform caam_sm: [0056] 00 00 00 00 00 00 00 00
[    4.810511] platform caam_sm: [0064] 00 00 00 00 00 00 00 00
[    4.816180] platform caam_sm: [0072] 00 00 00 00 00 00 00 00
[    4.821865] platform caam_sm: [0080] 00 00 00 00 00 00 00 00
[    4.827534] platform caam_sm: [0088] 00 00 00 00 00 00 00 00
[    4.833216] platform caam_sm: 128-bit black key in blob:
[    4.838539] platform caam_sm: [0000] 60 8c f0 93 f2 f0 90 d2
[    4.844225] platform caam_sm: [0008] 98 9f 7e 58 d2 5b a5 65
[    4.849894] platform caam_sm: [0016] 36 55 09 d8 ff 42 a9 43
[    4.855579] platform caam_sm: [0024] dd ca 0a e4 ee c7 e2 ab
[    4.861266] platform caam_sm: [0032] d3 41 3d be 69 53 9f 84
[    4.866935] platform caam_sm: [0040] 69 62 ab f3 b1 6f af 92
[    4.872621] platform caam_sm: [0048] 50 c8 b4 27 f2 64 69 be
[    4.878289] platform caam_sm: [0056] 4f 69 a6 94 85 4c 46 86
[    4.883975] platform caam_sm: [0064] 00 00 00 00 00 00 00 00
[    4.889644] platform caam_sm: [0072] 00 00 00 00 00 00 00 00
[    4.895330] platform caam_sm: [0080] 00 00 00 00 00 00 00 00
[    4.901016] platform caam_sm: [0088] 00 00 00 00 00 00 00 00
[    4.906682] platform caam_sm: 192-bit black key in blob:
[    4.912022] platform caam_sm: [0000] ea 32 e4 a7 89 91 40 7f
[    4.917690] platform caam_sm: [0008] e7 6c f4 e0 2c ce d9 e2
[    4.923385] platform caam_sm: [0016] 6e 76 61 3e 86 5f 0f e4
[    4.929055] platform caam_sm: [0024] bd 09 7a 8e c2 0a d6 5d
[    4.934742] platform caam_sm: [0032] ca 8c ec dd 00 e7 4c 9b
[    4.940411] platform caam_sm: [0040] 34 c0 c7 8d 07 7c e6 e6
[    4.946094] platform caam_sm: [0048] 32 dd f1 ba ac 3f 5a b4
[    4.951782] platform caam_sm: [0056] 7d 13 3e f0 15 fc 0c 0e
[    4.957452] platform caam_sm: [0064] 00 e3 fc 04 5f a4 e8 1e
[    4.963137] platform caam_sm: [0072] 00 00 00 00 00 00 00 00
[    4.968806] platform caam_sm: [0080] 00 00 00 00 00 00 00 00
[    4.974492] platform caam_sm: [0088] 00 00 00 00 00 00 00 00
[    4.980159] platform caam_sm: 256-bit black key in blob:
[    4.985499] platform caam_sm: [0000] 26 6a 97 bd 41 86 9b 7a
[    4.991186] platform caam_sm: [0008] 1f 84 af 4e 4c 93 10 b7
[    4.996855] platform caam_sm: [0016] 22 5d 50 2c c2 cf ee ac
[    5.002542] platform caam_sm: [0024] 4d 1b b4 5f 9c c1 c5 a8
[    5.008212] platform caam_sm: [0032] 36 52 4d e4 06 67 1c 5f
[    5.013899] platform caam_sm: [0040] fc 08 d3 42 bc a7 15 8f
[    5.019568] platform caam_sm: [0048] 0b d6 f7 e5 c1 6a 86 2f
[    5.025254] platform caam_sm: [0056] fc 65 45 10 7a c9 d3 46
[    5.030941] platform caam_sm: [0064] a8 61 c8 e0 06 d5 f8 3f
[    5.036610] platform caam_sm: [0072] 7d 88 d7 dd a0 64 63 5a
[    5.042334] platform caam_sm: [0080] 00 00 00 00 00 00 00 00
[    5.048003] platform caam_sm: [0088] 00 00 00 00 00 00 00 00
[    5.053903] platform caam_sm: restored 64-bit black key:
[    5.059227] platform caam_sm: [0000] 2a c7 b8 9b 6c 1b be 2b
[    5.064921] platform caam_sm: [0008] 0d c8 30 18 b5 f7 58 8c
[    5.070606] platform caam_sm: restored 128-bit black key:
[    5.076015] platform caam_sm: [0000] 7b 14 d9 8c ca 3e 7d b9
[    5.081702] platform caam_sm: [0008] 9f 1b b3 27 97 8b 5d 46
[    5.087368] platform caam_sm: restored 192-bit black key:
[    5.092794] platform caam_sm: [0000] 7d 25 99 63 93 8f 5c 72
[    5.098464] platform caam_sm: [0008] 3c 12 6e 64 da ee 5f bf
[    5.104151] platform caam_sm: [0016] 71 7d a4 84 bf 32 84 72
[    5.109819] platform caam_sm: [0024] eb c4 16 66 cc cc a1 0a
[    5.115502] platform caam_sm: restored 256-bit black key:
[    5.120931] platform caam_sm: [0000] 06 f9 86 b4 1b e8 5f 28
[    5.126600] platform caam_sm: [0008] 87 23 f2 21 51 87 0b 2f
[    5.132288] platform caam_sm: [0016] d6 cb 72 5b e1 cb b2 90
[    5.137957] platform caam_sm: [0024] dd b8 a3 3c 03 8d 9f 6a
[    5.143930] snvs-secvio 20cc000.caam-snvs: can't get snvs clock
[    5.149906] snvs-secvio 20cc000.caam-snvs: violation handlers armed - non-secure state
[    5.158723] hidraw: raw HID events driver (C) Jiri Kosina
[    5.167147] usbcore: registered new interface driver usbhid
[    5.172765] usbhid: USB HID core driver
[    5.177473] ashmem: initialized
[    5.182259] usbcore: registered new interface driver snd-usb-audio
[    5.191274] sgtl5000 2-000a: sgtl5000 revision 0x11
[    5.228197] fsl-ssi-dai 2028000.ssi: No cache defaults, reading back from HW
[    5.365656] imx-sgtl5000 sound: sgtl5000 <-> 2028000.ssi mapping ok
[    5.377551] imx-spdif sound-spdif: snd-soc-dummy-dai <-> 2004000.spdif mapping ok
[    5.390352] imx-audio-hdmi sound-hdmi: hdmi-hifi.0 <-> soc:hdmi_audio@00120000 mapping ok
[    5.399563] NET: Registered protocol family 26
[    5.404050] u32 classifier
[    5.406764]     Actions configured
[    5.410173] Netfilter messages via NETLINK v0.30.
[    5.415269] nf_conntrack version 0.5.0 (16384 buckets, 65536 max)
[    5.421716] ctnetlink v0.93: registering with nfnetlink.
[    5.427765] xt_time: kernel timezone is -0000
[    5.432463] ip_tables: (C) 2000-2006 Netfilter Core Team
[    5.437967] arp_tables: arp_tables: (C) 2002 David S. Miller
[    5.443716] Initializing XFRM netlink socket
[    5.448517] NET: Registered protocol family 10
[    5.454241] mip6: Mobile IPv6
[    5.457245] ip6_tables: (C) 2000-2006 Netfilter Core Team
[    5.462867] sit: IPv6, IPv4 and MPLS over IPv4 tunneling driver
[    5.469516] NET: Registered protocol family 17
[    5.474030] NET: Registered protocol family 15
[    5.478482] can: controller area network core (rev 20120528 abi 9)
[    5.484775] NET: Registered protocol family 29
[    5.489292] can: raw protocol (rev 20120528)
[    5.493599] can: broadcast manager protocol (rev 20161123 t)
[    5.499274] can: netlink gateway (rev 20130117) max_hops=1
[    5.505051] Bluetooth: RFCOMM TTY layer initialized
[    5.509951] Bluetooth: RFCOMM socket layer initialized
[    5.515154] Bluetooth: RFCOMM ver 1.11
[    5.518925] Bluetooth: BNEP (Ethernet Emulation) ver 1.3
[    5.524263] Bluetooth: BNEP filters: protocol multicast
[    5.529502] Bluetooth: BNEP socket layer initialized
[    5.534495] Bluetooth: HIDP (Human Interface Emulation) ver 1.2
[    5.540446] Bluetooth: HIDP socket layer initialized
[    5.545485] 8021q: 802.1Q VLAN Support v1.8
[    5.549914] Key type dns_resolver registered
[    5.557236] cpu cpu0: Registered imx6q-cpufreq
[    5.562567] registered taskstats version 1
[    5.585511] imx_thermal 2000000.aips-bus:tempmon: Industrial CPU temperature grade - max:105C critical:100C passive:95C
[    5.596975] dhd_module_init in
[    5.601238] input: gpio-keys as /devices/soc0/gpio-keys/input/input1
[    5.608026] snvs_rtc 20cc000.snvs:snvs-rtc-lp: setting system clock to 1970-01-01 00:01:17 UTC (77)
[    5.617926] usb_otg_vbus: disabling
[    5.621476] ALSA device list:
[    5.624457]   #0: imx6q-apalis-sgtl5000
[    5.628302]   #1: imx-spdif
[    5.631125]   #2: imx-hdmi-soc
[    5.637158] Freeing unused kernel memory: 1024K
[    5.647412] init: init first stage started!
[    5.663384] SELinux:  Permission validate_trans in class security not defined in policy.
[    5.671987] SELinux:  Class cap_userns not defined in policy.
[    5.677744] SELinux:  Class cap2_userns not defined in policy.
[    5.683613] SELinux: the above unknown classes and permissions will be denied
[    5.757330] audit: type=1403 audit(77.640:2): policy loaded auid=4294967295 ses=4294967295
[    5.766615] audit: type=1404 audit(77.650:3): enforcing=1 old_enforcing=0 auid=4294967295 ses=4294967295
[    5.821290] init: (Initializing SELinux enforcing took 0.17s.)
[    5.838845] init: init second stage started!
[    5.865197] init: Running restorecon...
[    5.971967] init: waitpid failed: No child processes
[    5.977923] init: (Loading properties from /default.prop took 0.00s.)
[    5.989116] init: (Parsing /init.environ.rc took 0.00s.)
[    5.995933] init: (Parsing /init.usb.rc took 0.00s.)
[    6.004384] init: (Parsing init.freescale.usb.rc took 0.00s.)
[    6.010364] init: (Parsing init.freescale.i.MX6Q.rc took 0.00s.)
[    6.016558] init: (Parsing init.freescale.emmc.rc took 0.00s.)
[    6.022460] init: (Parsing /init.freescale.rc took 0.02s.)
[    6.036155] ueventd: ueventd started!
[    6.474226] ueventd: Coldboot took 0.43s.
[    6.500992] Console: switching to colour dummy device 80x30
[    6.505451] watchdogd: started (interval 10, margin 20)!
[    7.164966] EXT4-fs (mmcblk0p3): mounted filesystem with ordered data mode. Opts: barrier=1
[    7.174733] EXT4-fs (mmcblk0p10): Ignoring removed nomblk_io_submit option
[    7.430517] EXT4-fs (mmcblk0p10): mounted filesystem with ordered data mode. Opts: nomblk_io_submit,noauto_da_alloc,errors=panic
[    7.448912] EXT4-fs (mmcblk0p4): Ignoring removed nomblk_io_submit option
[    7.468683] EXT4-fs (mmcblk0p4): mounted filesystem with ordered data mode. Opts: nomblk_io_submit
[    7.482041] EXT4-fs (mmcblk0p5): mounted filesystem with ordered data mode. Opts: (null)
[    8.143389] file system registered
[    8.148750] using random self ethernet address
[    8.153250] using random host ethernet address
[    8.179461] zram0: detected capacity change from 0 to 314572800
[    8.267280] logd.auditd: start
[    8.270576] logd.klogd: 8270112333
[    8.274704] Adding 307196k swap on /dev/block/zram0.  Priority:-1 extents:1 across:307196k SS
[    8.772945] binder: 254:254 transaction failed 29189, size 0-0
[    8.859129] logd.daemon: reinit
sabresd_6dq:/ # [    9.780961] healthd: No battery devices found
[    9.929312] ERROR: v4l2 capture: slave not found! V4L2_CID_HUE
[    9.991383] ERROR: v4l2 capture: slave not found! V4L2_CID_HUE
[   10.883681] init: Starting service 'bootanim'...
[   15.071828] capability: warning: `main' uses 32-bit capabilities (legacy support in use)
[   18.098557] init: write_file: Unable to open '/sys/devices/system/cpu/cpufreq/interactive/timer_rate': No such file or directory
[   18.110705] init: write_file: Unable to open '/sys/devices/system/cpu/cpufreq/interactive/min_sample_time': No such file or directory
[   18.123704] init: write_file: Unable to open '/sys/devices/system/cpu/cpufreq/interactive/go_hispeed_load': No such file or directory
[   21.900604] random: crng init done
[   22.398432] init: write_file: Unable to open '/proc/sys/vm/extra_free_kbytes': No such file or directory
[   23.239387] init: write_file: Unable to write to '/config/usb_gadget/g1/UDC': No such device
[   23.291190] acc_open
[   23.293412] acc_release
[   23.438069] android_work: sent uevent USB_STATE=CONNECTED
[   23.594205] android_work: sent uevent USB_STATE=DISCONNECTED
hy_addr=2188000.ethernet-1:07, irq=120)
[   23.708119] IPv6: ADDRCONF(NETDEV_UP): eth0: link is not ready
[   23.776179] android_work: sent uevent USB_STATE=CONNECTED
[   23.891711] android_work: sent uevent USB_STATE=DISCONNECTED
[   23.976110] android_work: sent uevent USB_STATE=CONNECTED
[   23.981898] android_work: sent uevent USB_STATE=DISCONNECTED
[   24.074155] android_work: sent uevent USB_STATE=CONNECTED
[   24.218493] configfs-gadget gadget: high-speed config #1: b
[   24.224533] android_work: sent uevent USB_STATE=CONFIGURED

sabresd_6dq:/ # 
sabresd_6dq:/ # 
sabresd_6dq:/ # 
sabresd_6dq:/ # 
sabresd_6dq:/ # 
sabresd_6dq:/ # 
sabresd_6dq:/ # 
sabresd_6dq:/ # [   29.160128] init: Service 'bootanim' (pid 336) exited with status 0
[   29.351902] init: Starting service 'exec 3 (/system/bin/bootstat)'...
[   29.536764] init: Service 'exec 3 (/system/bin/bootstat)' (pid 919) exited with status 0
[   29.547238] init: Starting service 'exec 4 (/system/bin/bootstat)'...
[   29.654740] init: Service 'exec 4 (/system/bin/bootstat)' (pid 938) exited with status 0
[   29.664258] init: Starting service 'exec 5 (/system/bin/bootstat)'...
[   29.731707] init: Service 'exec 5 (/system/bin/bootstat)' (pid 940) exited with status 0
[   29.742199] init: Starting service 'exec 6 (/system/bin/bootstat)'...
[   29.813606] init: Service 'exec 6 (/system/bin/bootstat)' (pid 941) exited with status 0
[   39.080569] usb 1-1.3: new low-speed USB device number 3 using ci_hdrc
[   39.248632] usb 1-1.3: New USB device found, idVendor=413c, idProduct=301a
[   39.255685] usb 1-1.3: New USB device strings: Mfr=1, Product=2, SerialNumber=0
[   39.263401] usb 1-1.3: Product: Dell MS116 USB Optical Mouse
[   39.269195] usb 1-1.3: Manufacturer: PixArt
[   39.291637] input: PixArt Dell MS116 USB Optical Mouse as /devices/soc0/soc/2100000.aips-bus/2184200.usb/ci_hdrc.1/usb1/1-1/1-1.3/1-1.3:1.0/0003:413C:301A.0001/input/input2
[   39.309730] hid-generic 0003:413C:301A.0001: input,hidraw0: USB HID v1.11 Mouse [PixArt Dell MS116 USB Optical Mouse] on usb-ci_hdrc.1-1.3/input0

sabresd_6dq:/ # 
sabresd_6dq:/ # 
sabresd_6dq:/ # 
sabresd_6dq:/ # 
sabresd_6dq:/ # 
sabresd_6dq:/ # 
sabresd_6dq:/ # 
sabresd_6dq:/ # reboot
[   57.870893] sysrq: SysRq : Emergency Remount R/O
[   57.882820] EXT4-fs (mmcblk0p4): re-mounted. Opts: (null)
[   57.903528] EXT4-fs (mmcblk0p10): re-mounted. Opts: (null)
[   57.913939] Emergency Remount complete
[   58.006609] imx2-wdt 20bc000.wdog: Device shutdown: Expect reboot!
[   58.013116] ci_hdrc ci_hdrc.1: remove, state 1
[   58.017590] usb usb1: USB disconnect, device number 1
[   58.022738] usb 1-1: USB disconnect, device number 2
[   58.027719] usb 1-1.3: USB disconnect, device number 3
[   58.161098] ci_hdrc ci_hdrc.1: USB bus 1 deregistered
[   58.167105] android_work: sent uevent USB_STATE=DISCONNECTED
[   58.220522] reboot: Restarting system with command ''


U-Boot 2017.03-dirty (Dec 26 2017 - 14:19:13 +0530)

CPU:   Freescale i.MX6Q rev1.5 at 792 MHz
Reset cause: WDOG
I2C:   ready
DRAM:  2 GiB
PMIC: device id: 0x10, revision id: 0x21
PMIC: programmed
MMC:   FSL_SDHC: 0, FSL_SDHC: 1, FSL_SDHC: 2
auto-detected panel HDMI
Aravinth: Display: HDMI (1024x768)
In:    serial
Out:   serial
Err:   serial
Model: Toradex Apalis iMX6 Quad 2GB IT V1.1C, Serial# 05146387
flash target is MMC:0
Net:   using PHY at 7
FEC [PRIME]
Fastboot: Normal
Hit any key to stop autoboot:  1  0
Apalis iMX6 # 
Apalis iMX6 # 
Apalis iMX6 # 
Apalis iMX6 # 
Apalis iMX6 # setenv bootargs 'console=ttymxc0,115200 init=/init video=mxcfb0:dev=ldb,fbpix=RGB32,bpp=32 video=mxcfb1:dev=hdmi,1024x768M@60,if=RGB24,bpp=32 video=mxcfb2:off video=mxcfb3:off vmalloc=256M androidboot.console=ttymxc0 consoleblank=0 androidboot.hardware=freescale cma=448M androidboot.selinux=disabled androidboot.dm_verity=disabled'
Apalis iMX6 # save    boot
boota mmc0 
CACHE: Misaligned operation at range [8ffb70a0, 8ffb7120]
CACHE: Misaligned operation at range [8ffb70a0, 8ffb7120]
kernel   @ 14008000 (9803560)
ramdisk  @ 15000000 (1628353)
fdt      @ 14f00000 (53619)
## Booting Android Image at 0x12000000 ...
Kernel load addr 0x14008000 size 9574 KiB
Kernel command line: console=ttymxc0,115200 init=/init video=mxcfb0:dev=ldb,fbpix=RGB32,bpp=32 video=mxcfb1:dev=hdmi,1024x768M@60,if=RGB24,bpp=32 video=mxcfb2:off video=mxcfb3:off vmalloc=256M androidboot.console=ttymxc0 consoleblank=0 androidboot.hardware=freescale cma=448M androidboot.selinux=disabled androidboot.dm_verity=disabled androidboot.serialno=1b2429d4ea997115 androidboot.storage_type=emmc
## Flattened Device Tree blob at 14f00000
   Booting using the fdt blob at 0x14f00000
   Loading Kernel Image ... OK
   Using Device Tree in place at 14f00000, end 14f10172

Starting kernel ...

Uncompressing Linux... done, booting the kernel.
[    0.000000] Booting Linux on physical CPU 0x0
[    0.000000] Linux version 4.9.67-07228-gdc437277d928-dirty (embadmin@ubuntu) (gcc version 4.9 20150123 (prerelease) (GCC) ) #9 SMP PREEMPT Tue Dec 26 14:19:46 IST 2017
[    0.000000] CPU: ARMv7 Processor [412fc09a] revision 10 (ARMv7), cr=10c53c7d
[    0.000000] CPU: PIPT / VIPT nonaliasing data cache, VIPT aliasing instruction cache
[    0.000000] OF: fdt:Machine model: Aravinth : Toradex Apalis iMX6Q/D Module on Ixora V1.1 Carrier Board
[    0.000000] cma: Reserved 448 MiB at 0x22000000
[    0.000000] Memory policy: Data cache writealloc
[    0.000000] percpu: Embedded 15 pages/cpu @ee6b3000 s31040 r8192 d22208 u61440
[    0.000000] Built 1 zonelists in Zone order, mobility grouping on.  Total pages: 522768
[    0.000000] Kernel command line: console=ttymxc0,115200 init=/init video=mxcfb0:dev=ldb,fbpix=RGB32,bpp=32 video=mxcfb1:dev=hdmi,1024x768M@60,if=RGB24,bpp=32 video=mxcfb2:off video=mxcfb3:off vmalloc=256M androidboot.console=ttymxc0 consoleblank=0 androidboot.hardware=freescale cma=448M androidboot.selinux=disabled androidboot.dm_verity=disabled androidboot.serialno=1b2429d4ea997115 androidboot.storage_type=emmc
[    0.000000] PID hash table entries: 4096 (order: 2, 16384 bytes)
[    0.000000] Dentry cache hash table entries: 131072 (order: 7, 524288 bytes)
[    0.000000] Inode-cache hash table entries: 65536 (order: 6, 262144 bytes)
[    0.000000] Memory: 1597048K/2097152K available (13312K kernel code, 1128K rwdata, 4016K rodata, 1024K init, 606K bss, 41352K reserved, 458752K cma-reserved, 1318912K highmem)
[    0.000000] Virtual kernel memory layout:
[    0.000000]     vector  : 0xffff0000 - 0xffff1000   (   4 kB)
[    0.000000]     fixmap  : 0xffc00000 - 0xfff00000   (3072 kB)
[    0.000000]     vmalloc : 0xf0000000 - 0xff800000   ( 248 MB)
[    0.000000]     lowmem  : 0xc0000000 - 0xef800000   ( 760 MB)
[    0.000000]     pkmap   : 0xbfe00000 - 0xc0000000   (   2 MB)
[    0.000000]     modules : 0xbf000000 - 0xbfe00000   (  14 MB)
[    0.000000]       .text : 0xc0008000 - 0xc0e00000   (14304 kB)
[    0.000000]       .init : 0xc1300000 - 0xc1400000   (1024 kB)
[    0.000000]       .data : 0xc1400000 - 0xc151a218   (1129 kB)
[    0.000000]        .bss : 0xc151a218 - 0xc15b1be0   ( 607 kB)
[    0.000000] SLUB: HWalign=64, Order=0-3, MinObjects=0, CPUs=4, Nodes=1
[    0.000000] Preemptible hierarchical RCU implementation.
[    0.000000] 	Build-time adjustment of leaf fanout to 32.
[    0.000000] NR_IRQS:16 nr_irqs:16 16
[    0.000000] L2C-310 errata 752271 769419 enabled
[    0.000000] L2C-310 enabling early BRESP for Cortex-A9
[    0.000000] L2C-310 full line of zeros enabled for Cortex-A9
[    0.000000] L2C-310 ID prefetch enabled, offset 16 lines
[    0.000000] L2C-310 dynamic clock gating enabled, standby mode enabled
[    0.000000] L2C-310 cache controller enabled, 16 ways, 1024 kB
[    0.000000] L2C-310: CACHE_ID 0x410000c7, AUX_CTRL 0x76470001
[    0.000000] Switching to timer-based delay loop, resolution 333ns
[    0.000008] sched_clock: 32 bits at 3000kHz, resolution 333ns, wraps every 715827882841ns
[    0.000026] clocksource: mxc_timer1: mask: 0xffffffff max_cycles: 0xffffffff, max_idle_ns: 637086815595 ns
[    0.001625] Console: colour dummy device 80x30
[    0.001646] Calibrating delay loop (skipped), value calculated using timer frequency.. 6.00 BogoMIPS (lpj=30000)
[    0.001662] pid_max: default: 32768 minimum: 301
[    0.001738] Security Framework initialized
[    0.001751] SELinux:  Initializing.
[    0.001845] Mount-cache hash table entries: 2048 (order: 1, 8192 bytes)
[    0.001857] Mountpoint-cache hash table entries: 2048 (order: 1, 8192 bytes)
[    0.002665] CPU: Testing write buffer coherency: ok
[    0.003066] CPU0: update cpu_capacity 1024
[    0.003081] CPU0: thread -1, cpu 0, socket 0, mpidr 80000000
[    0.003148] Setting up static identity map for 0x10100000 - 0x10100058
[    0.169935] CPU1: update cpu_capacity 1024
[    0.169942] CPU1: thread -1, cpu 1, socket 0, mpidr 80000001
[    0.239924] CPU2: update cpu_capacity 1024
[    0.239931] CPU2: thread -1, cpu 2, socket 0, mpidr 80000002
[    0.309919] CPU3: update cpu_capacity 1024
[    0.309926] CPU3: thread -1, cpu 3, socket 0, mpidr 80000003
[    0.310033] Brought up 4 CPUs
[    0.310066] SMP: Total of 4 processors activated (24.00 BogoMIPS).
[    0.310076] CPU: All CPU(s) started in SVC mode.
[    0.310125] CPU3: update max cpu_capacity 1024
[    0.311204] devtmpfs: initialized
[    0.319939] CPU2: update max cpu_capacity 1024
[    0.325836] VFP support v0.3: implementor 41 architecture 3 part 30 variant 9 rev 4
[    0.326261] clocksource: jiffies: mask: 0xffffffff max_cycles: 0xffffffff, max_idle_ns: 19112604462750000 ns
[    0.326285] futex hash table entries: 1024 (order: 4, 65536 bytes)
[    0.349787] pinctrl core: initialized pinctrl subsystem
[    0.351134] NET: Registered protocol family 16
[    0.360361] DMA: preallocated 256 KiB pool for atomic coherent allocations
[    0.399593] cpuidle: using governor menu
[    0.400421] CPU identified as i.MX6Q, silicon rev 1.5
[    0.427726] hw-breakpoint: found 5 (+1 reserved) breakpoint and 1 watchpoint registers.
[    0.427743] hw-breakpoint: maximum watchpoint size is 4 bytes.
[    0.429388] imx6q-pinctrl 20e0000.iomuxc: initialized IMX pinctrl driver
[    0.433202] imx-gpc 20dc000.gpc: no fsl,ldo-bypass found!
[    0.433331] imx-gpc 20dc000.gpc: Registered imx-gpc
[    0.495686] mxs-dma 110000.dma-apbh: initialized
[    0.498311] usb_host_vbus: supplied by usb_host_vbus_hub
[    0.500143] SCSI subsystem initialized
[    0.500655] usbcore: registered new interface driver usbfs
[    0.500732] usbcore: registered new interface driver hub
[    0.500835] usbcore: registered new device driver usb
[    0.501033] 2000000.aips-bus:usbphy_nop1 supply vcc not found, using dummy regulator
[    0.501183] 2000000.aips-bus:usbphy_nop2 supply vcc not found, using dummy regulator
[    0.502423] i2c i2c-1: IMX I2C adapter registered
[    0.502446] i2c i2c-1: can't use DMA, using PIO instead.
[    0.510269] stmpe-i2c 2-0041: stmpe811 detected, chip id: 0x811
[    0.600739] i2c i2c-2: IMX I2C adapter registered
[    0.600761] i2c i2c-2: can't use DMA, using PIO instead.
[    0.601588] i2c i2c-3: IMX I2C adapter registered
[    0.601606] i2c i2c-3: can't use DMA, using PIO instead.
[    0.601771] Linux video capture interface: v2.00
[    0.601837] pps_core: LinuxPPS API ver. 1 registered
[    0.601846] pps_core: Software ver. 5.3.6 - Copyright 2005-2007 Rodolfo Giometti <giometti@linux.it>
[    0.601870] PTP clock support registered
[    0.629646] imx-ipuv3 2400000.ipu: IPU DMFC NORMAL mode: 1(0~1), 5B(4,5), 5F(6,7)
[    0.659641] imx-ipuv3 2800000.ipu: IPU DMFC NORMAL mode: 1(0~1), 5B(4,5), 5F(6,7)
[    0.661055] mxc_mipi_csi2 21dc000.mipi_csi: i.MX MIPI CSI2 driver probed ipu0 csi1
[    0.661071] mxc_mipi_csi2 21dc000.mipi_csi: i.MX MIPI CSI2 dphy version is 0x3130302a
[    0.661167] MIPI CSI2 driver module loaded
[    0.661545] imx rpmsg driver is registered.
[    0.661744] Advanced Linux Sound Architecture Driver Initialized.
[    0.663010] Bluetooth: Core ver 2.22
[    0.663054] NET: Registered protocol family 31
[    0.663065] Bluetooth: HCI device and connection manager initialized
[    0.663083] Bluetooth: HCI socket layer initialized
[    0.663097] Bluetooth: L2CAP socket layer initialized
[    0.663141] Bluetooth: SCO socket layer initialized
[    0.680416] clocksource: Switched to clocksource mxc_timer1
[    0.753158] VFS: Disk quotas dquot_6.6.0
[    0.753253] VFS: Dquot-cache hash table entries: 1024 (order 0, 4096 bytes)
[    0.764523] NET: Registered protocol family 2
[    0.765301] TCP established hash table entries: 8192 (order: 3, 32768 bytes)
[    0.765405] TCP bind hash table entries: 8192 (order: 4, 65536 bytes)
[    0.765569] TCP: Hash tables configured (established 8192 bind 8192)
[    0.765767] UDP hash table entries: 512 (order: 2, 16384 bytes)
[    0.765816] UDP-Lite hash table entries: 512 (order: 2, 16384 bytes)
[    0.766044] NET: Registered protocol family 1
[    0.766713] RPC: Registered named UNIX socket transport module.
[    0.766725] RPC: Registered udp transport module.
[    0.766733] RPC: Registered tcp transport module.
[    0.766742] RPC: Registered tcp NFSv4.1 backchannel transport module.
[    0.767060] Trying to unpack rootfs image as initramfs...
[    0.876797] Freeing initrd memory: 1592K
[    0.877940] hw perfevents: enabled with armv7_cortex_a9 PMU driver, 7 counters available
[    0.881206] Bus freq driver module loaded
[    0.882791] audit: initializing netlink subsys (disabled)
[    0.882862] audit: type=2000 audit(0.880:1): initialized
[    0.883917] workingset: timestamp_bits=30 max_order=19 bucket_order=0
[    0.891562] NFS: Registering the id_resolver key type
[    0.891596] Key type id_resolver registered
[    0.891607] Key type id_legacy registered
[    0.891659] ntfs: driver 2.1.32 [Flags: R/W DEBUG].
[    0.891928] jffs2: version 2.2. (NAND) Â© 2001-2006 Red Hat, Inc.
[    0.892493] fuse init (API version 7.26)
[    0.900829] bounce: pool size: 64 pages
[    0.900847] io scheduler noop registered
[    0.900860] io scheduler deadline registered
[    0.900911] io scheduler cfq registered (default)
[    0.903956] backlight supply power not found, using dummy regulator
[    0.907522] 20e0000.hdmi_video supply HDMI not found, using dummy regulator
[    0.909076] Aravinth: mxcfb_probe ---->
[    0.909144] mxc_sdc_fb fb@0: registered mxc display driver ldb
[    0.950492] imx-ipuv3 2800000.ipu: IPU DMFC DP HIGH RESOLUTION: 1(0,1), 5B(2~5), 5F(6,7)
[    1.046630] Console: switching to colour frame buffer device 128x48
[    1.109414] Aravinth: mxcfb_probe Done ---->
[    1.109493] Aravinth: mxcfb_probe ---->
[    1.109635] mxc_hdmi 20e0000.hdmi_video: Detected HDMI controller 0x13:0xa:0xa0:0xc1
[    1.109660] fbcvt: 1024x768@60: CVT Name - .786M3
[    1.109778] mxc_sdc_fb fb@1: registered mxc display driver hdmi
[    1.139549] Aravinth: mxcfb_probe Done ---->
[    1.139618] Aravinth: mxcfb_probe ---->
[    1.139656] mxc_sdc_fb fb@2: Can't get fb option for mxcfb2!
[    1.139709] Aravinth: mxcfb_probe ---->
[    1.139739] mxc_sdc_fb fb@3: Can't get fb option for mxcfb3!
[    1.142093] imx-sdma 20ec000.sdma: no iram assigned, using external mem
[    1.143028] imx-sdma 20ec000.sdma: loaded firmware 3.3
[    1.148192] pfuze100-regulator 2-0008: Full layer: 2, Metal layer: 1
[    1.148937] pfuze100-regulator 2-0008: FAB: 0, FIN: 0
[    1.148953] pfuze100-regulator 2-0008: pfuze100 found.
[    1.160791] mxc_hdmi 20e0000.hdmi_video: Read EDID again
[    1.168010] 2020000.serial: ttymxc0 at MMIO 0x2020000 (irq = 29, base_baud = 5000000) is a IMX
[    1.390601] mxc_hdmi 20e0000.hdmi_video: create default modelist
[    2.127535] console [ttymxc0] enabled
[    2.132228] 21e8000.serial: ttymxc1 at MMIO 0x21e8000 (irq = 78, base_baud = 5000000) is a IMX
[    2.141469] 21f0000.serial: ttymxc3 at MMIO 0x21f0000 (irq = 79, base_baud = 5000000) is a IMX
[    2.150714] 21f4000.serial: ttymxc4 at MMIO 0x21f4000 (irq = 80, base_baud = 5000000) is a IMX
[    2.162059] imx sema4 driver is registered.
[    2.166298] [drm] Initialized
[    2.169819] [drm] Initialized vivante 1.0.0 20120216 on minor 0
[    2.188352] brd: module loaded
[    2.199651] loop: module loaded
[    2.203686] zram: Added device: zram0
[    2.209058] ahci-imx 2200000.sata: fsl,transmit-level-mV not specified, using 00000024
[    2.217100] ahci-imx 2200000.sata: fsl,transmit-boost-mdB not specified, using 00000480
[    2.225164] ahci-imx 2200000.sata: fsl,transmit-atten-16ths not specified, using 00002000
[    2.233402] ahci-imx 2200000.sata: fsl,receive-eq-mdB not specified, using 05000000
[    2.244789] ahci-imx 2200000.sata: SSS flag set, parallel bus scan disabled
[    2.251824] ahci-imx 2200000.sata: AHCI 0001.0300 32 slots 1 ports 3 Gbps 0x1 impl platform mode
[    2.260645] ahci-imx 2200000.sata: flags: ncq sntf stag pm led clo only pmp pio slum part ccc apst 
[    2.271426] scsi host0: ahci-imx
[    2.274991] ata1: SATA max UDMA/133 mmio [mem 0x02200000-0x02203fff] port 0x100 irq 87
[    2.287454] spi_imx 2008000.ecspi: probed
[    2.292326] libphy: Fixed MDIO Bus: probed
[    2.296821] tun: Universal TUN/TAP device driver, 1.6
[    2.301911] tun: (C) 1999-2004 Max Krasnyansky <maxk@qualcomm.com>
[    2.308303] CAN device driver interface
[    2.312517] 2090000.flexcan supply xceiver not found, using dummy regulator
[    2.320370] flexcan 2090000.flexcan: device registered (reg_base=f02f4000, irq=38)
[    2.328160] 2094000.flexcan supply xceiver not found, using dummy regulator
[    2.336001] flexcan 2094000.flexcan: device registered (reg_base=f02fc000, irq=39)
[    2.345174] 2188000.ethernet supply phy not found, using dummy regulator
[    2.363581] pps pps0: new PPS source ptp0
[    2.369238] libphy: fec_enet_mii_bus: probed
[    2.385518] fec 2188000.ethernet eth0: registered PHC device 0
[    2.392328] PPP generic driver version 2.4.2
[    2.396811] PPP BSD Compression module registered
[    2.401549] PPP Deflate Compression module registered
[    2.406627] PPP MPPE Compression module registered
[    2.411480] NET: Registered protocol family 24
[    2.416018] usbcore: registered new interface driver kaweth
[    2.421653] pegasus: v0.9.3 (2013/04/25), Pegasus/Pegasus II USB Ethernet driver
[    2.429116] usbcore: registered new interface driver pegasus
[    2.434897] usbcore: registered new interface driver rtl8150
[    2.440652] usbcore: registered new interface driver r8152
[    2.446211] usbcore: registered new interface driver asix
[    2.451726] usbcore: registered new interface driver ax88179_178a
[    2.457875] usbcore: registered new interface driver cdc_ether
[    2.463786] usbcore: registered new interface driver cdc_eem
[    2.469498] usbcore: registered new interface driver net1080
[    2.475273] usbcore: registered new interface driver cdc_subset
[    2.481278] usbcore: registered new interface driver zaurus
[    2.486939] usbcore: registered new interface driver cdc_ncm
[    2.492629] ehci_hcd: USB 2.0 'Enhanced' Host Controller (EHCI) Driver
