mmc extcsd read /dev/mmcblk0 | grep -e BOOT_INFO -e BOOT_SIZE_MULTI -e PARTITION_CONFIG -e BOOT_BUS_CONDITIONS
-sh: mmc: command not found
root@b2qt-apalis-imx6:~# mm  cat /sys/devices/soc0/soc.0/2100000.aips-bus/2198000.usdhc/mmc_host/mmc0/mmc0\:0001/boot_in
cat: '/sys/devices/soc0/soc.0/2100000.aips-bus/2198000.usdhc/mmc_host/mmc0/mmc0:0001/boot_in': No such file or directory
root@b2qt-apalis-imx6:~# cat /sys/devices/soc0/soc.0/2100000.aips-bus/2198000.usdhc/mmc_host/mmc0/mmc0\:0001/boot_info
cat: '/sys/devices/soc0/soc.0/2100000.aips-bus/2198000.usdhc/mmc_host/mmc0/mmc0:0001/boot_info': No such file or directory
root@b2qt-apalis-imx6:~# cat /sys/devices/soc0/soc.0/2100000.aips-bus/2198000.usdhc/mmc_host/mmc0/mmc0\:0001/boot_info                                                                     
soc/         soc_id       sound/       sound-hdmi/  sound-spdif/ 
root@b2qt-apalis-imx6:~# cat /sys/devices/soc0/so
soc/         soc_id       sound/       sound-hdmi/  sound-spdif/ 
root@b2qt-apalis-imx6:~# cat /sys/devices/soc0/soc/
100000.caam-sm/          2000000.aips-bus/        2800000.ipu/             a02000.l2-cache/         soc:busfreq/             subsystem/
110000.dma-apbh/         20e0000.hdmi_video/      900000.sram/             driver_override          soc:caam_secvio/         uevent
120000.hdmi_core/        2100000.aips-bus/        904000.sram/             modalias                 soc:hdmi_audio@00120000/ 
130000.gpu/              2200000.sata/            905000.sram/             of_node/                 soc:hdmi_cec@00120000/   
1ffc000.pcie/            2400000.ipu/             a00600.timer/            power/                   soc:pmu/                 
root@b2qt-apalis-imx6:~# cat /sys/devices/soc0/soc/2100000.aips-bus/2198000.usdhc/mmc_host/mmc0/mmc0\:0001/block/~      oo   
block/                driver/               ffu_capable           name                  prv                   subsystem/            
cid                   enhanced_area_offset  fwrev                 oemid                 raw_rpmb_size_mult    type                  
csd                   enhanced_area_size    hwrev                 power/                rel_sectors           uevent                
date                  erase_size            manfid                preferred_erase_size  serial                
root@b2qt-apalis-imx6:~# cat /sys/devices/soc0/soc/2100000.aips-bus/2198000.usdhc/mmc_host/mmc0/mmc0\:0001/block/mmcblk0/
alignment_offset   dev                ext_range          inflight           mmcblk0p1/         range              size               subsystem/
bdi/               device/            force_ro           mmcblk0boot0/      power/             removable          slaves/            uevent
capability         discard_alignment  holders/           mmcblk0boot1/      queue/             ro                 stat               
root@b2qt-apalis-imx6:~# cat /sys/devices/soc0/soc/2100000.aips-bus/2198000.usdhc/mmc_host/mmc0/mmc0\:0001/block/mmcblk0/^C
root@b2qt-apalis-imx6:~# echo 0 > /sys/block/mmcblk0boot0/force_ro o 
root@b2qt-apalis-imx6:~# 
root@b2qt-apalis-imx6:~# 
root@b2qt-apalis-imx6:~# df
Filesystem     1K-blocks    Used Available Use% Mounted on
/dev/root        1376336 1095448    205728  85% /
devtmpfs          869484       0    869484   0% /dev
tmpfs            1033512       4   1033508   1% /dev/shm
tmpfs            1033512   17300   1016212   2% /run
tmpfs            1033512       0   1033512   0% /sys/fs/cgroup
tmpfs            1033512       4   1033508   1% /tmp
tmpfs            1033512       4   1033508   1% /var/volatile
root@b2qt-apalis-imx6:~# cd /
root@b2qt-apalis-imx6:/# ls /dev/
Display all 189 possibilities? (y or n)
root@b2qt-apalis-imx6:/# ls /dev/mmcblk
mmcblk0       mmcblk0boot0  mmcblk0boot1  mmcblk0p1     mmcblk1       mmcblk1p1     mmcblk1p2     
root@b2qt-apalis-imx6:/# ls /dev/mmcblk      sd 
shm/       snd/       spidev0.0  spidev1.0  stderr     stdin      stdout     
root@b2qt-apalis-imx6:/# ls /dev/s         ~cd /dfcd /~ moutn    nt /dev/mmcblk1p1 /mnt/
[  300.472933] FAT-fs (mmcblk1p1): Volume was not properly unmounted. Some data may be corrupt. Please run fsck.
root@b2qt-apalis-imx6:/# cd /mnt/
root@b2qt-apalis-imx6:/mnt# ls
'System Volume Information'  flash_blk.img  flash_mmc.img	   imx6q-apalis-ixora-v1_1.dtb	imx6q-apalis_v1_0-eval.dtb   u-boot.imx
apalis_imx6		     flash_eth.img  imx6q-apalis-eval.dtb  imx6q-apalis-ixora.dtb	imx6q-apalis_v1_0-ixora.dtb  uImage
root@b2qt-apalis-imx6:/mnt# ~ echo 0 > /sys/block/mmcblk0boot0/force_ro o 
root@b2qt-apalis-imx6:/mnt# dd if=u-boot.imx of=/dev/mmcblk0boot0 bs=512 seek=2 . /u-boot.imx x
725+1 records in
725+1 records out
371336 bytes (371 kB, 363 KiB) copied, 0.161435 s, 2.3 MB/s
root@b2qt-apalis-imx6:/mnt# echo 1 > /sys/block/mmcblk0boot0/force_ro
root@b2qt-apalis-imx6:/mnt# ~ mmc bootpart enable 1 1 /dev/mmcblk0
-sh: mmc: command not found
root@b2qt-apalis-imx6:/mnt# reboot
[  OK  ] Closed Load/Save RF Kill Switch Status /dev/rfkill Watch.
[  OK  ] Stopped target Custom Target.
[  OK  ] Stopped target Timers.
[  OK  ] Stopped target Sound Card.
         Stopping Ujet Ble Service...
[  OK  ] Stopped target Remote File Systems.
         Stopping Save/Restore Sound Card State...
         Stopping Ujet HTTPD Service...
[  OK  ] Stopped Daily Cleanup of Temporary Directories.
         Stopping Ujet Telemetry Service...
         Stopping Ujet Cloud Service...
[  OK  ] Stopped target System Time Synchronized.
         Stopping Ujet Bluetooth Audio Service...
[  OK  ] Stopped Ujet Cloud Service.
[  OK  ] Stopped Ujet HTTPD Service.
[  OK  ] Stopped Ujet Ble Service.
[  OK  ] Stopped Ujet Identify Service.
[  OK  ] Stopped Ujet Bluetooth Audio Service.
[  OK  ] Stopped Ujet Telemetry Service.
[  OK  ] Stopped Save/Restore Sound Card State.
[  OK  ] Stopped target Mÿ         Stopping ADB Server Daemon...
         Stopping D-BUS Session Message Bus....
         Stopping Login Service...
         Stopping Network Time Service...
         Stopping Kernel Logging Service...
         Stopping B2Qt user application...
[  393.149569] mxc_sdc_fb fb@0: 1920x1080 h_sync,r,l: 44,88,148  v_sync,l,u: 5,4,36 pixclock=148500000 Hz
         Stopping System Logging Service...
[  OK  ] Stopped Kernel Logging Service.
[  OK  ] Stopped Login Service.
[  OK  ] Stopped System Logging Service.
[  OK  ] Stopped Serial Getty on ttymxc0.
[  OK  ] Stopped Serial Getty on ttymxc1.
[  OK  ] Stopped Network Time Service.
[  OK  ] Stopped D-BUS Session Message Bus..
[  OK  ] Stopped B2Qt user application.
[  OK  ] Removed slice system-serial\x2dgetty.slice.
[  OK  ] Unmounted /dev/usb-ffs/adb.
[  394.144136] ffs_data_put(): freeing
[  394.157977] unloading
[  OK  ] Stopped ADB Server Daemon.
[  OK  ] Stopped target Network.
         Stopping Network Service...
[  OK  ] Stopped Network Service.
         Stopping D-Bus System Message Bus...
[  OK  ] Stopped D-Bus System Message Bus.
[  OK  ] Stopped target Basic System.
[  OK  ] Stopped target Slices.
[  OK  ] Removed slice User and Session Slice.
[  OK  ] Stopped target Paths.
[  OK  ] Stopped Dispatch Password Requests to Console Directory Watch.
[  OK  ] Stopped Forward Password Requests to Wall Directory Watch.
[  OK  ] Stopped target Sockets.
[  OK  ] Closed dropbear.socket.
[  OK  ] Closed RPCbind Server Activation Socket.
[  OK  ] Closed Syslog Socket.
[  OK  ] Closed D-Bus System Message Bus Socket.
[  OK  ] Stopped target System Initialization.
[  OK  ] Stopped Apply Kernel Variables.
         Stopping Load/Save Screen Backlight...htness of backlight:backlight...
         Stopping Update UTMP about System Boot/Shutdown...
         Stopping Load/Save Random Seed...
         Stopping Network Time Synchronization...
[  OK  ] Stopped Setup Virtual Console.
[  OK  ] Stopped Load Kernel Modules.
[  OK  ] Stopped target Swap.
[  OK  ] Stopped Network Time Synchronization.
[  OK  ] Stopped Load/Save Screen Backlight Brightness of backlight:backlight.
[  OK  ] Stopped Load/Save Random Seed.
[  OK  ] Stopped Update UTMP about System Boot/Shutdown.
[  OK  ] Removed slice system-systemd\x2dbacklight.slice.
[  OK  ] Stopped Create Volatile Files and Directories.
[  OK  ] Stopped target Local File Systems.
         Unmounting Temporary Directory...
         Unmounting /mnt...
         Unmounting /var/volatile...
[  OK  ] Unmounted Temporary Directory.
[  OK  ] Unmounted /mnt.
[  OK  ] Unmounted /var/volatile.
[  OK  ] Stopped target Local File Systems (Pre).
[  OK  ] Stopped Remount Root and Kernel File Systems.
[  OK  ] Stopped Create Static Device Nodes in /dev.
[  OK  ] Reached target Shutdown.
[  OK  ] Reached target Unmount All Filesystems.
[  OK  ] Reached target Final Step.
         Starting Reboot...
[  395.659253] systemd-shutdown[1]: Sending SIGTERM to remaining processes...
[  395.682787] systemd-journald[208]: Received SIGTERM from PID 1 (systemd-shutdow).
[  395.713870] systemd-shutdown[1]: Sending SIGKILL to remaining processes...
[  395.733709] systemd-shutdown[1]: Hardware watchdog 'imx2+ watchdog', version 0
[  395.741815] systemd-shutdown[1]: Unmounting file systems.
[  395.747772] systemd-shutdown[1]: Remounting '/' read-only with options 'data=ordered'.
[  395.799678] EXT4-fs (mmcblk1p2): re-mounted. Opts: data=ordered
[  395.857327] systemd-shutdown[1]: Remounting '/' read-only with options 'data=ordered'.
[  395.866165] EXT4-fs (mmcblk1p2): re-mounted. Opts: data=ordered
[  395.872151] systemd-shutdown[1]: All filesystems unmounted.
[  395.878178] systemd-shutdown[1]: Deactivating swaps.
[  395.883363] systemd-shutdown[1]: All swaps deactivated.
[  395.888619] systemd-shutdown[1]: Detaching loop devices.
[  395.911111] systemd-shutdown[1]: All loop devices detached.
[  395.916771] systemd-shutdown[1]: Detaching DM devices.
[  395.922296] systemd-shutdown[1]: All DM devices detached.
[  395.941251] systemd-shutdown[1]: Rebooting.
[  398.523180] imx2-wdt 20bc000.wdog: Device shutdown: Expect reboot!
[  398.529630] reboot: Restarting system


U-Boot 2015.04-ga605cf5 (Jan 14 2016 - 12:57:24)

CPU:   Freescale i.MX6Q rev1.5 at 792 MHz
Reset cause: POR
I2C:   ready
DRAM:  1 GiB
MMC:   FSL_SDHC: 0, FSL_SDHC: 1, FSL_SDHC: 2
Using default environment

auto-detected panel vga-rgb
Display: vga-rgb (640x480)
In:    serial
Out:   serial
Err:   serial
Model: Toradex Apalis iMX6 1GB
Net:   using phy at 7
FEC [PRIME]
Error: FEC address not set.

Hit any key to stop autoboot:  0 
switch to partitions #0, OK
mmc0(part 0) is current device

MMC write: dev # 0, block # 0, count 1 ... 1 blocks written: OK
UMS: disk start sector: 0x0, count: 0x72c000
g_dnl_register: failed!, error: -19
ERROR: g_dnl_register failed
at /home/mglb/projects/cortex-a9-android/abspb_trdx/targets/abspb/sources/u-boot-toradex/common/cmd_usb_mass_storage.c:107/do_usb_mass_storage()
Apalis iMX6 # 

U-Boot 2015.04-ga605cf5 (Jan 14 2016 - 12:57:24)

CPU:   Freescale i.MX6Q rev1.5 at 792 MHz
Reset cause: POR
I2C:   ready
DRAM:  1 GiB
MMC:   FSL_SDHC: 0, FSL_SDHC: 1, FSL_SDHC: 2
Using default environment

auto-detected panel vga-rgb
Display: vga-rgb (640x480)
In:    serial
Out:   serial
Err:   serial
Model: Toradex Apalis iMX6 1GB
Net:   using phy at 7
FEC [PRIME]
Error: FEC address not set.

Hit any key to stop autoboot:  0 
switch to partitions #0, OK
mmc0(part 0) is current device

MMC write: dev # 0, block # 0, count 1 ... 1 blocks written: OK
UMS: disk start sector: 0x0, count: 0x72c000
g_dnl_register: failed!, error: -19
ERROR: g_dnl_register failed
at /home/mglb/projects/cortex-a9-android/abspb_trdx/targets/abspb/sources/u-boot-toradex/common/cmd_usb_mass_storage.c:107/do_usb_mass_storage()
Apalis iMX6 # 

U-Boot 2015.04-ga605cf5 (Jan 14 2016 - 12:57:24)

CPU:   Freescale i.MX6Q rev1.5 at 792 MHz
Reset cause: POR
I2C:   ready
DRAM:  1 GiB
MMC:   FSL_SDHC: 0, FSL_SDHC: 1, FSL_SDHC: 2
Using default environment

auto-detected panel vga-rgb
Display: vga-rgb (640x480)
In:    serial
Out:   serial
Err:   serial
Model: Toradex Apalis iMX6 1GB
Net:   using phy at 7
FEC [PRIME]
Error: FEC address not set.

Hit any key to stop autoboot:  0 
switch to partitions #0, OK
mmc0(part 0) is current device

MMC write: dev # 0, block # 0, count 1 ... 1 blocks written: OK
UMS: disk start sector: 0x0, count: 0x72c000
g_dnl_register: failed!, error: -19
ERROR: g_dnl_register failed
at /home/mglb/projects/cortex-a9-android/abspb_trdx/targets/abspb/sources/u-boot-toradex/common/cmd_usb_mass_storage.c:107/do_usb_mass_storage()
Apalis iMX6 # 

U-Boot 2015.04-ga605cf5 (Jan 14 2016 - 12:57:24)

CPU:   Freescale i.MX6Q rev1.5 at 792 MHz
Reset cause: POR
I2C:   ready
DRAM:  1 GiB
MMC:   FSL_SDHC: 0, FSL_SDHC: 1, FSL_SDHC: 2
Using default environment

auto-detected panel vga-rgb
Display: vga-rgb (640x480)
In:    serial
Out:   serial
Err:   serial
Model: Toradex Apalis iMX6 1GB
Net:   using phy at 7
FEC [PRIME]
Error: FEC address not set.

Hit any key to stop autoboot:  0 
switch to partitions #0, OK
mmc0(part 0) is current device

MMC write: dev # 0, block # 0, count 1 ... 1 blocks written: OK
UMS: disk start sector: 0x0, count: 0x72c000
g_dnl_register: failed!, error: -19
ERROR: g_dnl_register failed
at /home/mglb/projects/cortex-a9-android/abspb_trdx/targets/abspb/sources/u-boot-toradex/common/cmd_usb_mass_storage.c:107/do_usb_mass_storage()
Apalis iMX6 # 

U-Boot 2015.04-ga605cf5 (Jan 14 2016 - 12:57:24)

CPU:   Freescale i.MX6Q rev1.5 at 792 MHz
Reset cause: POR
I2C:   ready
DRAM:  1 GiB
MMC:   FSL_SDHC: 0, FSL_SDHC: 1, FSL_SDHC: 2
Using default environment

auto-detected panel vga-rgb
Display: vga-rgb (640x480)
In:    serial
Out:   serial
Err:   serial
Model: Toradex Apalis iMX6 1GB
Net:   using phy at 7
FEC [PRIME]
Error: FEC address not set.

Hit any key to stop autoboot:  0 
switch to partitions #0, OK
mmc0(part 0) is current device

MMC write: dev # 0, block # 0, count 1 ... 1 blocks written: OK
UMS: disk start sector: 0x0, count: 0x72c000
g_dnl_register: failed!, error: -19
ERROR: g_dnl_register failed
at /home/mglb/projects/cortex-a9-android/abspb_trdx/targets/abspb/sources/u-boot-toradex/common/cmd_usb_mass_storage.c:107/do_usb_mass_storage()
Apalis iMX6 # 
Apalis iMX6 # 
Apalis iMX6 # 
Apalis iMX6 # 
Apalis iMX6 # 
Apalis iMX6 # 
Apalis iMX6 # 
Apalis iMX6 # 
Apalis iMX6 # 
Apalis iMX6 # 
Apalis iMX6 # 
Apalis iMX6 # ls
ls - list files in a directory (default /)

Usage:
ls <interface> [<dev[:part]> [directory]]
    - List files in directory 'directory' of partition 'part' on
      device type 'interface' instance 'dev'.
Apalis iMX6 # pri
arch=arm
baudrate=115200
board=apalis_imx6
board_name=apalis_imx6
board_rev=0000
bootcmd=mmc dev 0 0;mw.b $loadaddr 0 512;mmc write $loadaddr 0 1;ums 0 mmc 0
bootdelay=0
cpu=armv7
ethact=FEC
ethprime=FEC
ipaddr=192.168.10.2
loadaddr=0x12000000
netmask=255.255.255.0
serverip=192.168.10.1
soc=mx6
vendor=toradex
ver=U-Boot 2015.04-ga605cf5 (Jan 14 2016 - 12:57:24)

Environment size: 399/8188 bytes
Apalis iMX6 # 
arch=arm
baudrate=115200
board=apalis_imx6
board_name=apalis_imx6
board_rev=0000
bootcmd=mmc dev 0 0;mw.b $loadaddr 0 512;mmc write $loadaddr 0 1;ums 0 mmc 0
bootdelay=0
cpu=armv7
ethact=FEC
ethprime=FEC
ipaddr=192.168.10.2
loadaddr=0x12000000
netmask=255.255.255.0
serverip=192.168.10.1
soc=mx6
vendor=toradex
ver=U-Boot 2015.04-ga605cf5 (Jan 14 2016 - 12:57:24)

Environment size: 399/8188 bytes
Apalis iMX6 # run setupdate
## Error: "setupdate" not defined
Apalis iMX6 # bio  oot
switch to partitions #0, OK
mmc0(part 0) is current device

MMC write: dev # 0, block # 0, count 1 ... 1 blocks written: OK
UMS: disk start sector: 0x0, count: 0x72c000
g_dnl_register: failed!, error: -22
ERROR: g_dnl_register failed
at /home/mglb/projects/cortex-a9-android/abspb_trdx/targets/abspb/sources/u-boot-toradex/common/cmd_usb_mass_storage.c:107/do_usb_mass_storage()
Apalis iMX6 # bmode sd
resetting ...


U-Boot 2015.04-ga605cf5 (Jan 14 2016 - 12:57:30)

CPU:   Freescale i.MX6Q rev1.5 at 792 MHz
Reset cause: WDOG
I2C:   ready
DRAM:  2 GiB
MMC:   FSL_SDHC: 0, FSL_SDHC: 1, FSL_SDHC: 2
Using default environment

auto-detected panel vga-rgb
Display: vga-rgb (640x480)
In:    serial
Out:   serial
Err:   serial
Model: Toradex Apalis iMX6 2GB
Net:   using phy at 7
FEC [PRIME]
Error: FEC address not set.

Hit any key to stop autoboot:  0 
switch to partitions #0, OK
mmc0(part 0) is current device

MMC write: dev # 0, block # 0, count 1 ... 1 blocks written: OK
UMS: disk start sector: 0x0, count: 0x72c000
g_dnl_register: failed!, error: -19
ERROR: g_dnl_register failed
at /home/mglb/projects/cortex-a9-android/abspb_trdx/targets/abspb/sources/u-boot-toradex/common/cmd_usb_mass_storage.c:107/do_usb_mass_storage()
Apalis iMX6 # 
Apalis iMX6 # 
Apalis iMX6 # 
Apalis iMX6 # 
Apalis iMX6 # 
Apalis iMX6 # 

U-Boot 2015.04-ga605cf5 (Jan 14 2016 - 12:57:24)

CPU:   Freescale i.MX6Q rev1.5 at 792 MHz
Reset cause: POR
I2C:   ready
DRAM:  1 GiB
MMC:   FSL_SDHC: 0, FSL_SDHC: 1, FSL_SDHC: 2
Using default environment

auto-detected panel vga-rgb
Display: vga-rgb (640x480)
In:    serial
Out:   serial
Err:   serial
Model: Toradex Apalis iMX6 1GB
Net:   using phy at 7
FEC [PRIME]
Error: FEC address not set.

Hit any key to stop autoboot:  0 
switch to partitions #0, OK
mmc0(part 0) is current device

MMC write: dev # 0, block # 0, count 1 ... 1 blocks written: OK
UMS: disk start sector: 0x0, count: 0x72c000
g_dnl_register: failed!, error: -19
ERROR: g_dnl_register failed
at /home/mglb/projects/cortex-a9-android/abspb_trdx/targets/abspb/sources/u-boot-toradex/common/cmd_usb_mass_storage.c:107/do_usb_mass_storage()
Apalis iMX6 # 
Apalis iMX6 # 
Apalis iMX6 # 
Apalis iMX6 # 
Apalis iMX6 # 
Industrial temperature grade DDR3 timings.
Trying to boot from USB SDP
g_dnl_register: failed!, error: -19
SDP: initialize...
SDP: handle requests...

Industrial temperature grade DDR3 timings.
Trying to boot from USB SDP
g_dnl_register: failed!, error: -19
SDP: initialize...
SDP: handle requests...


U-Boot 2015.04-ga605cf5 (Jul 17 2015 - 15:11:30)

CPU:   Freescale i.MX6Q rev1.5 at 792 MHz
Reset cause: POR
I2C:   ready
DRAM:  1 GiB
MMC:   FSL_SDHC: 0, FSL_SDHC: 1, FSL_SDHC: 2
Using default environment

auto-detected panel vga-rgb
Display: vga-rgb (640x480)
In:    serial
Out:   serial
Err:   serial
Model: Toradex Apalis iMX6 1GB
Net:   using phy at 7
FEC [PRIME]
Error: FEC address not set.

Hit any key to stop autoboot:  0 
switch to partitions #0, OK
mmc0(part 0) is current device

MMC write: dev # 0, block # 0, count 1 ... 1 blocks written: OK
UMS: disk start sector: 0x0, count: 0x72c000
g_dnl_register: failed!, error: -19
ERROR: g_dnl_register failed
at /home/mglb/projects/tegra3/lollipop/toradex_colibri_t30/targets/abspb/sources/u-boot-toradex/common/cmd_usb_mass_storage.c:107/do_usb_mass_storage()
Apalis iMX6 # 
Apalis iMX6 # 
Apalis iMX6 # 
Apalis iMX6 # 
Apalis iMX6 # 
Apalis iMX6 # 
Apalis iMX6 # 
Apalis iMX6 # 
Apalis iMX6 # 
Apalis iMX6 # 
Apalis iMX6 # 
Apalis iMX6 # u se  upa   pri
arch=arm
baudrate=115200
board=apalis_imx6
board_name=apalis_imx6
board_rev=0000
bootcmd=mmc dev 0 0;mw.b $loadaddr 0 512;mmc write $loadaddr 0 1;ums 0 mmc 0
bootdelay=0
cpu=armv7
ethact=FEC
ethprime=FEC
ipaddr=192.168.10.2
loadaddr=0x12000000
netmask=255.255.255.0
serverip=192.168.10.1
soc=mx6
vendor=toradex
ver=U-Boot 2015.04-ga605cf5 (Jul 17 2015 - 15:11:30)

Environment size: 399/8188 bytes
Apalis iMX6 # env default -f -a
## Resetting to default environment
Apalis iMX6 # pri
arch=arm
baudrate=115200
board=apalis_imx6
board_name=apalis_imx6
bootcmd=mmc dev 0 0;mw.b $loadaddr 0 512;mmc write $loadaddr 0 1;ums 0 mmc 0
bootdelay=0
cpu=armv7
ethprime=FEC
ipaddr=192.168.10.2
loadaddr=0x12000000
netmask=255.255.255.0
serverip=192.168.10.1
soc=mx6
vendor=toradex

Environment size: 314/8188 bytes
Apalis iMX6 # 

U-Boot 2015.04-ga605cf5 (Jan 14 2016 - 12:57:24)

CPU:   Freescale i.MX6Q rev1.5 at 792 MHz
Reset cause: POR
I2C:   ready
DRAM:  1 GiB
MMC:   FSL_SDHC: 0, FSL_SDHC: 1, FSL_SDHC: 2
Using default environment

auto-detected panel vga-rgb
Display: vga-rgb (640x480)
In:    serial
Out:   serial
Err:   serial
Model: Toradex Apalis iMX6 1GB
Net:   using phy at 7
FEC [PRIME]
Error: FEC address not set.

Hit any key to stop autoboot:  0 
switch to partitions #0, OK
mmc0(part 0) is current device

MMC write: dev # 0, block # 0, count 1 ... 1 blocks written: OK
UMS: disk start sector: 0x0, count: 0x72c000
g_dnl_register: failed!, error: -19
ERROR: g_dnl_register failed
at /home/mglb/projects/cortex-a9-android/abspb_trdx/targets/abspb/sources/u-boot-toradex/common/cmd_usb_mass_storage.c:107/do_usb_mass_storage()
Apalis iMX6 # 
Apalis iMX6 # 
Apalis iMX6 # 
Apalis iMX6 # 
Apalis iMX6 # 
Apalis iMX6 # pri
arch=arm
baudrate=115200
board=apalis_imx6
board_name=apalis_imx6
board_rev=0000
bootcmd=mmc dev 0 0;mw.b $loadaddr 0 512;mmc write $loadaddr 0 1;ums 0 mmc 0
bootdelay=0
cpu=armv7
ethact=FEC
ethprime=FEC
ipaddr=192.168.10.2
loadaddr=0x12000000
netmask=255.255.255.0
serverip=192.168.10.1
soc=mx6
vendor=toradex
ver=U-Boot 2015.04-ga605cf5 (Jan 14 2016 - 12:57:24)

Environment size: 399/8188 bytes
Apalis iMX6 # pri
arch=arm
baudrate=115200
board=apalis_imx6
board_name=apalis_imx6
board_rev=0000
bootcmd=mmc dev 0 0;mw.b $loadaddr 0 512;mmc write $loadaddr 0 1;ums 0 mmc 0
bootdelay=0
cpu=armv7
ethact=FEC
ethprime=FEC
ipaddr=192.168.10.2
loadaddr=0x12000000
netmask=255.255.255.0
serverip=192.168.10.1
soc=mx6
vendor=toradex
ver=U-Boot 2015.04-ga605cf5 (Jan 14 2016 - 12:57:24)

Environment size: 399/8188 bytes
Apalis iMX6 # 

U-Boot 2015.04-ga605cf5 (Jan 14 2016 - 12:57:24)

CPU:   Freescale i.MX6Q rev1.5 at 792 MHz
Reset cause: POR
I2C:   ready
DRAM:  1 GiB
MMC:   FSL_SDHC: 0, FSL_SDHC: 1, FSL_SDHC: 2
Using default environment

auto-detected panel vga-rgb
Display: vga-rgb (640x480)
In:    serial
Out:   serial
Err:   serial
Model: Toradex Apalis iMX6 1GB
Net:   using phy at 7
FEC [PRIME]
Error: FEC address not set.

Hit any key to stop autoboot:  0 
switch to partitions #0, OK
mmc0(part 0) is current device

MMC write: dev # 0, block # 0, count 1 ... 1 blocks written: OK
UMS: disk start sector: 0x0, count: 0x72c000
g_dnl_register: failed!, error: -19
ERROR: g_dnl_register failed
at /home/mglb/projects/cortex-a9-android/abspb_trdx/targets/abspb/sources/u-boot-toradex/common/cmd_usb_mass_storage.c:107/do_usb_mass_storage()
Apalis iMX6 # prui
Unknown command 'prui' - try 'help'
Apalis iMX6 # pri
arch=arm
baudrate=115200
board=apalis_imx6
board_name=apalis_imx6
board_rev=0000
bootcmd=mmc dev 0 0;mw.b $loadaddr 0 512;mmc write $loadaddr 0 1;ums 0 mmc 0
bootdelay=0
cpu=armv7
ethact=FEC
ethprime=FEC
ipaddr=192.168.10.2
loadaddr=0x12000000
netmask=255.255.255.0
serverip=192.168.10.1
soc=mx6
vendor=toradex
ver=U-Boot 2015.04-ga605cf5 (Jan 14 2016 - 12:57:24)

Environment size: 399/8188 bytes
Apalis iMX6 # env default -h f -a
## Resetting to default environment
Apalis iMX6 # pri
arch=arm
baudrate=115200
board=apalis_imx6
board_name=apalis_imx6
bootcmd=mmc dev 0 0;mw.b $loadaddr 0 512;mmc write $loadaddr 0 1;ums 0 mmc 0
bootdelay=0
cpu=armv7
ethprime=FEC
ipaddr=192.168.10.2
loadaddr=0x12000000
netmask=255.255.255.0
serverip=192.168.10.1
soc=mx6
vendor=toradex

Environment size: 314/8188 bytes
Apalis iMX6 # setenv setupdate 'run setsdupdate || run setusbupdate || run setethupdate'
Apalis iMX6 # run setupdate
## Error: "setsdupdate" not defined
## Error: "setusbupdate" not defined
## Error: "setethupdate" not defined
Apalis iMX6 # setenv setsdupdate 'setenv interface mmc; setenv drive 1; mmc rescan; load ${interface} ${drive}:1 ${loadaddr} flash_blk.img || setenv drive 2; mmc rescan; load ${interface} ${drive}:1 ${loadaddr} flash_blk.img && source ${loadaddr}'
Apalis iMX6 # setenv setsdupdate 'setenv interface mmc; setenv drive 1; mmc rescan; load ${interface} ${drive}:1 ${loadaddr} flash_blk.img || setenv drive 2; mmc rescan; load ${interface} ${drive}:1 ${loadaddr} flash_blk.img && source ${loadaddr}'                                                                                                                                                                                                                                         run setupdate
MMC: no card present
** Bad device mmc 1 **
MMC: no card present
** Bad device mmc 2 **
## Error: "setusbupdate" not defined
## Error: "setethupdate" not defined
Apalis iMX6 # 

U-Boot 2015.04-ga605cf5 (Jan 14 2016 - 12:57:24)

CPU:   Freescale i.MX6Q rev1.5 at 792 MHz
Reset cause: POR
I2C:   ready
DRAM:  1 GiB
MMC:   FSL_SDHC: 0, FSL_SDHC: 1, FSL_SDHC: 2
Using default environment

auto-detected panel vga-rgb
Display: vga-rgb (640x480)
In:    serial
Out:   serial
Err:   serial
Model: Toradex Apalis iMX6 1GB
Net:   using phy at 7
FEC [PRIME]
Error: FEC address not set.

Hit any key to stop autoboot:  0 
switch to partitions #0, OK
mmc0(part 0) is current device

MMC write: dev # 0, block # 0, count 1 ... 1 blocks written: OK
UMS: disk start sector: 0x0, count: 0x72c000
g_dnl_register: failed!, error: -19
ERROR: g_dnl_register failed
at /home/mglb/projects/cortex-a9-android/abspb_trdx/targets/abspb/sources/u-boot-toradex/common/cmd_usb_mass_storage.c:107/do_usb_mass_storage()
Apalis iMX6 # pri
arch=arm
baudrate=115200
board=apalis_imx6
board_name=apalis_imx6
board_rev=0000
bootcmd=mmc dev 0 0;mw.b $loadaddr 0 512;mmc write $loadaddr 0 1;ums 0 mmc 0
bootdelay=0
cpu=armv7
ethact=FEC
ethprime=FEC
ipaddr=192.168.10.2
loadaddr=0x12000000
netmask=255.255.255.0
serverip=192.168.10.1
soc=mx6
vendor=toradex
ver=U-Boot 2015.04-ga605cf5 (Jan 14 2016 - 12:57:24)

Environment size: 399/8188 bytes
Apalis iMX6 # setenv setupdate 'run setsdupdate || run setusbupdate || run setethupdate'
Apalis iMX6 # setenv setsdupdate 'setenv interface mmc; setenv drive 1; mmc rescan; load ${interface} ${drive}:1 ${loadaddr} flash_blk.img || setenv drive 2; mmc rescan; load ${interface} ${drive}:1 ${loadaddr} flash_blk.img && source ${loadaddr}'
Apalis iMX6 # run setsdupdate
reading flash_blk.img
710 bytes read in 12 ms (57.6 KiB/s)
reading flash_blk.img
710 bytes read in 13 ms (52.7 KiB/s)
## Executing script at 12000000
reading apalis_imx6/flash_blk.img
3818 bytes read in 18 ms (207 KiB/s)
## Executing script at 12000000
enter "run update" or "run update_it" to update the uboot
Apalis iMX6 # run uo pdate
mmc - MMC sub system

Usage:
mmc info - display info of the current MMC device
mmc read addr blk# cnt
mmc write addr blk# cnt
mmc erase blk# cnt
mmc rescan
mmc part - lists available partition on current mmc device
mmc dev [dev] [part] - show or set current mmc device [partition]
mmc list - lists available devices
mmc hwpartition [args...] - does hardware partitioning
  arguments (sizes in 512-byte blocks):
    [user [enh start cnt] [wrrel {on|off}]] - sets user data area attributes
    [gp1|gp2|gp3|gp4 cnt [enh] [wrrel {on|off}]] - general purpose partition
    [check|set|complete] - mode, complete set partitioning completed
  WARNING: Partitioning is a write-once setting once it is set to complete.
  Power cycling is required to initialize partitions after set to complete.
mmc setdsr <value> - set DSR register value

mw - memory write (fill)

Usage:
mw [.b, .w, .l] address value [count]
switch to partitions #1, OK
mmc0(part 1) is current device

MMC read: dev # 0, block # 8191, count 1 ... 1 blocks read: OK
cmp - memory compare

Usage:
cmp [.b, .w, .l] addr1 addr2 count
mw - memory write (fill)

Usage:
mw [.b, .w, .l] address value [count]
switch to partitions #1, OK
mmc0(part 1) is current device

MMC read: dev # 0, block # 8191, count 1 ... 1 blocks read: OK
cmp - memory compare

Usage:
cmp [.b, .w, .l] addr1 addr2 count
switch to partitions #0, OK
mmc0(part 0) is current device

MMC read: dev # 0, block # 1280, count 1 ... 1 blocks read: OK
cmp - memory compare

Usage:
cmp [.b, .w, .l] addr1 addr2 count
reading apalis_imx6/u-boot.imx
379904 bytes read in 36 ms (10.1 MiB/s)
switch to partitions #0, OK
mmc0(part 0) is current device

MMC write: dev # 0, block # 2, count 742 ... 742 blocks written: OK
successfully updated U-Boot
Apalis iMX6 # mmc info
Device: FSL_SDHC
Manufacturer ID: 13
OEM: 14e
Name: Q2J54 
Tran Speed: 52000000
Rd Block Len: 512
MMC version 5.0
High Capacity: Yes
Capacity: 3.6 GiB
Bus Width: 8-bit
Erase Group Size: 512 KiB
HC WP Group Size: 8 MiB
User Capacity: 3.6 GiB WRREL
Boot Capacity: 16 MiB ENH
RPMB Capacity: 512 KiB ENH
Apalis iMX6 # re
resetting ...


U-Boot 2015.04-ga605cf5 (Jan 14 2016 - 12:57:24)

CPU:   Freescale i.MX6Q rev1.5 at 792 MHz
Reset cause: POR
I2C:   ready
DRAM:  1 GiB
MMC:   FSL_SDHC: 0, FSL_SDHC: 1, FSL_SDHC: 2
Using default environment

auto-detected panel vga-rgb
Display: vga-rgb (640x480)
In:    serial
Out:   serial
Err:   serial
Model: Toradex Apalis iMX6 1GB
Net:   using phy at 7
FEC [PRIME]
Error: FEC address not set.

Hit any key to stop autoboot:  0 
switch to partitions #0, OK
mmc0(part 0) is current device

MMC write: dev # 0, block # 0, count 1 ... 1 blocks written: OK
UMS: disk start sector: 0x0, count: 0x72c000
g_dnl_register: failed!, error: -19
ERROR: g_dnl_register failed
at /home/mglb/projects/cortex-a9-android/abspb_trdx/targets/abspb/sources/u-boot-toradex/common/cmd_usb_mass_storage.c:107/do_usb_mass_storage()
Apalis iMX6 # 
Apalis iMX6 # mmc rescan
Apalis iMX6 # load ${interface} ${drive}:1 ${loadaddr} flash_blk.img${loadaddr} flash_blk.img  flash_blk.img  flash_blk.img  flash_blk.img  flash_blk.img  flash_blk.img  flash_blk.img  flash_blk.img  flash_blk.img  flash_blk.img  flash_blk.img 0 flash_blk.imgx flash_blk.img1 flash_blk.img2 flash_blk.img0 flash_blk.img0 flash_blk.img0 flash_blk.img0 flash_blk.img0 flash_blk.img0 flash_blk.img:1 0x12000000 flash_blk.img :1 0x12000000 flash_blk.img :1 0x12000000 flash_blk.img :1 0x12000000 flash_blk.img :1 0x12000000 flash_blk.img :1 0x12000000 flash_blk.img :1 0x12000000 flash_blk.img :1 0x12000000 flash_blk.img 1:1 0x12000000 flash_blk.img 1:1 0x12000000 flash_blk.img  1:1 0x12000000 flash_blk.img  1:1 0x12000000 flash_blk.img  1:1 0x12000000 flash_blk.img  1:1 0x12000000 flash_blk.img  1:1 0x12000000 flash_blk.img  1:1 0x12000000 flash_blk.img  1:1 0x12000000 flash_blk.img  1:1 0x12000000 flash_blk.img  1:1 0x12000000 flash_blk.img  1:1 0x12000000 flash_blk.img  1:1 0x12000000 flash_blk.img m 1:1 0x12000000 flash_blk.imgm 1:1 0x12000000 flash_blk.imgc 1:1 0x12000000 flash_blk.img
reading flash_blk.img
710 bytes read in 13 ms (52.7 KiB/s)
Apalis iMX6 # pri
arch=arm
baudrate=115200
board=apalis_imx6
board_name=apalis_imx6
board_rev=0000
bootcmd=mmc dev 0 0;mw.b $loadaddr 0 512;mmc write $loadaddr 0 1;ums 0 mmc 0
bootdelay=0
cpu=armv7
ethact=FEC
ethprime=FEC
filesize=2c6
ipaddr=192.168.10.2
loadaddr=0x12000000
netmask=255.255.255.0
serverip=192.168.10.1
soc=mx6
vendor=toradex
ver=U-Boot 2015.04-ga605cf5 (Jan 14 2016 - 12:57:24)

Environment size: 414/8188 bytes
Apalis iMX6 # source 0x12000000
## Executing script at 12000000
reading apalis_imx6/flash_blk.img
3818 bytes read in 18 ms (207 KiB/s)
## Executing script at 12000000
enter "run update" or "run update_it" to update the uboot
Apalis iMX6 # run update_it
mmc - MMC sub system

Usage:
mmc info - display info of the current MMC device
mmc read addr blk# cnt
mmc write addr blk# cnt
mmc erase blk# cnt
mmc rescan
mmc part - lists available partition on current mmc device
mmc dev [dev] [part] - show or set current mmc device [partition]
mmc list - lists available devices
mmc hwpartition [args...] - does hardware partitioning
  arguments (sizes in 512-byte blocks):
    [user [enh start cnt] [wrrel {on|off}]] - sets user data area attributes
    [gp1|gp2|gp3|gp4 cnt [enh] [wrrel {on|off}]] - general purpose partition
    [check|set|complete] - mode, complete set partitioning completed
  WARNING: Partitioning is a write-once setting once it is set to complete.
  Power cycling is required to initialize partitions after set to complete.
mmc setdsr <value> - set DSR register value

mw - memory write (fill)

Usage:
mw [.b, .w, .l] address value [count]
switch to partitions #1, OK
mmc0(part 1) is current device

MMC read: dev # 0, block # 8191, count 1 ... 1 blocks read: OK
cmp - memory compare

Usage:
cmp [.b, .w, .l] addr1 addr2 count
mw - memory write (fill)

Usage:
mw [.b, .w, .l] address value [count]
switch to partitions #1, OK
mmc0(part 1) is current device

MMC read: dev # 0, block # 8191, count 1 ... 1 blocks read: OK
cmp - memory compare

Usage:
cmp [.b, .w, .l] addr1 addr2 count
switch to partitions #0, OK
mmc0(part 0) is current device

MMC read: dev # 0, block # 1280, count 1 ... 1 blocks read: OK
cmp - memory compare

Usage:
cmp [.b, .w, .l] addr1 addr2 count
reading apalis_imx6/u-boot.imx-it
379904 bytes read in 36 ms (10.1 MiB/s)
switch to partitions #0, OK
mmc0(part 0) is current device

MMC write: dev # 0, block # 2, count 742 ... 742 blocks written: OK
successfully updated U-Boot
Apalis iMX6 # pri
arch=arm
baudrate=115200
blkcnt=2e6
board=apalis_imx6
board_name=apalis_imx6
board_rev=0000
bootcmd=mmc dev 0 0;mw.b $loadaddr 0 512;mmc write $loadaddr 0 1;ums 0 mmc 0
bootdelay=0
check_1=setenv conf_blk_offset 0x1fff; mmc read ${loadaddr} ${conf_blk_offset} 1
check_2=setenv conf_blk_offset 0xfff; mmc read ${loadaddr} ${conf_blk_offset} 1
check_3=setenv conf_blk_offset 0x7ff; mmc read ${loadaddr} ${conf_blk_offset} 1
check_configblock=setexpr toradex_oui_addr ${loadaddr} + 8; mw.l ${kernel_addr_r} 0x002d1400; mmc dev 0 1; run check_1 || run check_2 || run check_3; cmp.b ${kernel_addr_r} ${toradex_oui_addr} 3
conf_blk_offset=0x1fff
cp_file_chunk=load ${interface} ${drive}:1 ${loadaddr} ${board_name}/root.ext3 ${filesize} ${filepos}; run set_blkcnt; mmc dev 0 0 && mmc write ${loadaddr} ${blkstart} ${blkcnt}
cpu=armv7
drive=1
echo_migrate=echo successfully updated U-Boot
echo_migrate-it=echo successfully updated U-Boot
ethact=FEC
ethprime=FEC
filesize=5cc00
interface=mmc
ipaddr=192.168.10.2
loadaddr=0x12000000
migrate=run migrate_configblock; run update_latest; reset
migrate_configblock=run check_configblock; mmc dev 0 0 && mmc read ${loadaddr} 0x500 1 && cmp.b ${kernel_addr_r} ${toradex_oui_addr} 3 && mmc dev 0 1 && mmc write ${loadaddr} ${conf_blk_offset} 1
migrate_it=setenv module_type -it; run migrate
migrate_uboot=load ${interface} ${drive}:1 ${loadaddr} ${board_name}/u-boot.imx${module_type} && run set_blkcnt && mmc dev 0 1 && mmc write ${loadaddr} 2 ${blkcnt} && mmc bootbus 0 2 1 2 && mmc partconf 0 1 1 0
migrate_uboot_old=load ${interface} ${drive}:1 ${loadaddr} ${board_name}/u-boot.imx${module_type} && run set_blkcnt && mmc dev 0 0 && mmc write ${loadaddr} 2 ${blkcnt}
module_type=-it
netmask=255.255.255.0
serverip=192.168.10.1
set_blkcnt=setexpr blkcnt ${filesize} + 0x1ff && setexpr blkcnt ${blkcnt} / 0x200
set_nextpos=setexpr filepos ${filepos} + ${filesize}; setexpr blkstart ${blkstart} + ${blkcnt}
soc=mx6
toradex_oui_addr=12000008
update=mmc bootbus 0 2 0 1 && run update_new && exit; run update_v2.4b1
update_1=load ${interface} ${drive}:1 ${loadaddr} ${board_name}/mbr.bin && mmc dev 0 0 && mmc write ${loadaddr} 0x0 0x1
update_2=load ${interface} ${drive}:1 ${loadaddr} ${board_name}/boot.vfat && run set_blkcnt && mmc dev 0 0 && mmc write ${loadaddr} 0x2000 ${blkcnt}
update_3=setenv filesize 4000000; setenv filepos 0; setenv blkstart a000; while test ${filesize} -eq "4000000"; do run cp_file_chunk; run set_nextpos; done; true
update_configblock=run check_configblock; load ${interface} ${drive}:1 ${loadaddr} ${board_name}/configblock.bin && mmc dev 0 1 && mmc write ${loadaddr} ${conf_blk_offset} 1
update_fdt=load ${interface} ${drive}:1 ${loadaddr} ${board_name}/${fdt_file} && fatwrite mmc 0:1 ${loadaddr} ${fdt_file} ${filesize}
update_it=setenv module_type -it; run update
update_kernel=load ${interface} ${drive}:1 ${loadaddr} ${board_name}/uImage && fatwrite mmc 0:1 ${loadaddr} uImage ${filesize}
update_latest=run update_uboot; run update_1; run update_2; run update_kernel; run update_fdt; run update_3
update_new=updt_fuse -n && run update_uboot && reset; run update_v2.5b3
update_uboot=load ${interface} ${drive}:1 ${loadaddr} ${board_name}/u-boot.imx${module_type} && run set_blkcnt && mmc dev 0 1 && mmc write ${loadaddr} 2 ${blkcnt} && updt_fuse && mmc bootbus 0 2 0 1 && mmc partconf 0 1 1 0 && mmc rst-function 0 1
update_uboot_it=setenv module_type -it; run update_uboot
update_v2.4b1=run check_configblock || run migrate_configblock; run migrate_uboot_old && run echo_migrate${module_type}
update_v2.5b3=run check_configblock || run migrate_configblock; run migrate_uboot && run echo_migrate${module_type}
vendor=toradex
ver=U-Boot 2015.04-ga605cf5 (Jan 14 2016 - 12:57:24)

Environment size: 3851/8188 bytes
Apalis iMX6 # run update_uboot
reading apalis_imx6/u-boot.imx-it
379904 bytes read in 36 ms (10.1 MiB/s)
switch to partitions #1, OK
mmc0(part 1) is current device

MMC write: dev # 0, block # 2, count 742 ... 742 blocks written: OK
Unknown command 'updt_fuse' - try 'help'
Apalis iMX6 # 
Apalis iMX6 # 
Apalis iMX6 # 
Apalis iMX6 # 
Apalis iMX6 # 
Apalis iMX6 # pri
arch=arm
baudrate=115200
blkcnt=2e6
board=apalis_imx6
board_name=apalis_imx6
board_rev=0000
bootcmd=mmc dev 0 0;mw.b $loadaddr 0 512;mmc write $loadaddr 0 1;ums 0 mmc 0
bootdelay=0
check_1=setenv conf_blk_offset 0x1fff; mmc read ${loadaddr} ${conf_blk_offset} 1
check_2=setenv conf_blk_offset 0xfff; mmc read ${loadaddr} ${conf_blk_offset} 1
check_3=setenv conf_blk_offset 0x7ff; mmc read ${loadaddr} ${conf_blk_offset} 1
check_configblock=setexpr toradex_oui_addr ${loadaddr} + 8; mw.l ${kernel_addr_r} 0x002d1400; mmc dev 0 1; run check_1 || run check_2 || run check_3; cmp.b ${kernel_addr_r} ${toradex_oui_addr} 3
conf_blk_offset=0x1fff
cp_file_chunk=load ${interface} ${drive}:1 ${loadaddr} ${board_name}/root.ext3 ${filesize} ${filepos}; run set_blkcnt; mmc dev 0 0 && mmc write ${loadaddr} ${blkstart} ${blkcnt}
cpu=armv7
drive=1
echo_migrate=echo successfully updated U-Boot
echo_migrate-it=echo successfully updated U-Boot
ethact=FEC
ethprime=FEC
filesize=5cc00
interface=mmc
ipaddr=192.168.10.2
loadaddr=0x12000000
migrate=run migrate_configblock; run update_latest; reset
migrate_configblock=run check_configblock; mmc dev 0 0 && mmc read ${loadaddr} 0x500 1 && cmp.b ${kernel_addr_r} ${toradex_oui_addr} 3 && mmc dev 0 1 && mmc write ${loadaddr} ${conf_blk_offset} 1
migrate_it=setenv module_type -it; run migrate
migrate_uboot=load ${interface} ${drive}:1 ${loadaddr} ${board_name}/u-boot.imx${module_type} && run set_blkcnt && mmc dev 0 1 && mmc write ${loadaddr} 2 ${blkcnt} && mmc bootbus 0 2 1 2 && mmc partconf 0 1 1 0
migrate_uboot_old=load ${interface} ${drive}:1 ${loadaddr} ${board_name}/u-boot.imx${module_type} && run set_blkcnt && mmc dev 0 0 && mmc write ${loadaddr} 2 ${blkcnt}
module_type=-it
netmask=255.255.255.0
serverip=192.168.10.1
set_blkcnt=setexpr blkcnt ${filesize} + 0x1ff && setexpr blkcnt ${blkcnt} / 0x200
set_nextpos=setexpr filepos ${filepos} + ${filesize}; setexpr blkstart ${blkstart} + ${blkcnt}
soc=mx6
toradex_oui_addr=12000008
update=mmc bootbus 0 2 0 1 && run update_new && exit; run update_v2.4b1
update_1=load ${interface} ${drive}:1 ${loadaddr} ${board_name}/mbr.bin && mmc dev 0 0 && mmc write ${loadaddr} 0x0 0x1
update_2=load ${interface} ${drive}:1 ${loadaddr} ${board_name}/boot.vfat && run set_blkcnt && mmc dev 0 0 && mmc write ${loadaddr} 0x2000 ${blkcnt}
update_3=setenv filesize 4000000; setenv filepos 0; setenv blkstart a000; while test ${filesize} -eq "4000000"; do run cp_file_chunk; run set_nextpos; done; true
update_configblock=run check_configblock; load ${interface} ${drive}:1 ${loadaddr} ${board_name}/configblock.bin && mmc dev 0 1 && mmc write ${loadaddr} ${conf_blk_offset} 1
update_fdt=load ${interface} ${drive}:1 ${loadaddr} ${board_name}/${fdt_file} && fatwrite mmc 0:1 ${loadaddr} ${fdt_file} ${filesize}
update_it=setenv module_type -it; run update
update_kernel=load ${interface} ${drive}:1 ${loadaddr} ${board_name}/uImage && fatwrite mmc 0:1 ${loadaddr} uImage ${filesize}
update_latest=run update_uboot; run update_1; run update_2; run update_kernel; run update_fdt; run update_3
update_new=updt_fuse -n && run update_uboot && reset; run update_v2.5b3
update_uboot=load ${interface} ${drive}:1 ${loadaddr} ${board_name}/u-boot.imx${module_type} && run set_blkcnt && mmc dev 0 1 && mmc write ${loadaddr} 2 ${blkcnt} && updt_fuse && mmc bootbus 0 2 0 1 && mmc partconf 0 1 1 0 && mmc rst-function 0 1
update_uboot_it=setenv module_type -it; run update_uboot
update_v2.4b1=run check_configblock || run migrate_configblock; run migrate_uboot_old && run echo_migrate${module_type}
update_v2.5b3=run check_configblock || run migrate_configblock; run migrate_uboot && run echo_migrate${module_type}
vendor=toradex
ver=U-Boot 2015.04-ga605cf5 (Jan 14 2016 - 12:57:24)

Environment size: 3851/8188 bytes
Apalis iMX6 # 
Industrial temperature grade DDR3 timings.
Trying to boot from USB SDP
g_dnl_register: failed!, error: -19
SDP: initialize...
SDP: handle requests...

Industrial temperature grade DDR3 timings.
Trying to boot from USB SDP
g_dnl_register: failed!, error: -19
SDP: initialize...
SDP: handle requests...

Industrial temperature grade DDR3 timings.
Trying to boot from USB SDP
g_dnl_register: failed!, error: -19
SDP: initialize...
SDP: handle requests...

Industrial temperature grade DDR3 timings.
Trying to boot from USB SDP
g_dnl_register: failed!, error: -19
SDP: initialize...
SDP: handle requests...


U-Boot 2015.04-ga605cf5 (Jan 14 2016 - 12:57:24)

CPU:   Freescale i.MX6Q rev1.5 at 792 MHz
Reset cause: POR
I2C:   ready
DRAM:  1 GiB
MMC:   FSL_SDHC: 0, FSL_SDHC: 1, FSL_SDHC: 2
Using default environment

auto-detected panel vga-rgb
Display: vga-rgb (640x480)
In:    serial
Out:   serial
Err:   serial
Model: Toradex Apalis iMX6 1GB
Net:   using phy at 7
FEC [PRIME]
Error: FEC address not set.

Hit any key to stop autoboot:  0 
switch to partitions #0, OK
mmc0(part 0) is current device

MMC write: dev # 0, block # 0, count 1 ... 1 blocks written: OK
UMS: disk start sector: 0x0, count: 0x72c000
g_dnl_register: failed!, error: -19
ERROR: g_dnl_register failed
at /home/mglb/projects/cortex-a9-android/abspb_trdx/targets/abspb/sources/u-boot-toradex/common/cmd_usb_mass_storage.c:107/do_usb_mass_storage()
Apalis iMX6 # 
Apalis iMX6 # 
Apalis iMX6 # 
Apalis iMX6 # 
Apalis iMX6 # 
Apalis iMX6 # 
Apalis iMX6 # 
Apalis iMX6 # 
Apalis iMX6 # setenv drive 2
Apalis iMX6 # setenv setupdate 'fatload mmc ${drive}:1 ${loadaddr} flash_mmc.img; source ${loadaddr}
> <INTERRUPT>
Apalis iMX6 # setenv setupdate 'fatload mmc ${drive}:1 ${loadaddr} flash_mmc.img; source ${loadaddr}'
Apalis iMX6 # saveenv
Unknown command 'saveenv' - try 'help'
Apalis iMX6 # sa
  sata save
Apalis iMX6 # save      run setupdate
MMC: no card present
** Bad device mmc 2 **
## Executing script at 12000000
Wrong image format for "source" command
Apalis iMX6 # pri
arch=arm
baudrate=115200
board=apalis_imx6
board_name=apalis_imx6
board_rev=0000
bootcmd=mmc dev 0 0;mw.b $loadaddr 0 512;mmc write $loadaddr 0 1;ums 0 mmc 0
bootdelay=0
cpu=armv7
drive=2
ethact=FEC
ethprime=FEC
ipaddr=192.168.10.2
loadaddr=0x12000000
netmask=255.255.255.0
serverip=192.168.10.1
setupdate=fatload mmc ${drive}:1 ${loadaddr} flash_mmc.img; source ${loadaddr}
soc=mx6
vendor=toradex
ver=U-Boot 2015.04-ga605cf5 (Jan 14 2016 - 12:57:24)

Environment size: 490/8188 bytes
Apalis iMX6 # pri   run setupdate
MMC: no card present
** Bad device mmc 2 **
## Executing script at 12000000
Wrong image format for "source" command
Apalis iMX6 # run setupdate             editenv drive 
edit: 2 1
Apalis iMX6 # 
Apalis iMX6 # 1 editenv drive               run setupdate             pri   run setupdate
reading flash_mmc.img
307 bytes read in 10 ms (29.3 KiB/s)
## Executing script at 12000000
reading flash_blk.img
710 bytes read in 13 ms (52.7 KiB/s)
## Executing script at 12000000
reading apalis_imx6/flash_blk.img
3818 bytes read in 18 ms (207 KiB/s)
## Executing script at 12000000
enter "run update" or "run update_it" to update the uboot
Apalis iMX6 # run update
mmc - MMC sub system

Usage:
mmc info - display info of the current MMC device
mmc read addr blk# cnt
mmc write addr blk# cnt
mmc erase blk# cnt
mmc rescan
mmc part - lists available partition on current mmc device
mmc dev [dev] [part] - show or set current mmc device [partition]
mmc list - lists available devices
mmc hwpartition [args...] - does hardware partitioning
  arguments (sizes in 512-byte blocks):
    [user [enh start cnt] [wrrel {on|off}]] - sets user data area attributes
    [gp1|gp2|gp3|gp4 cnt [enh] [wrrel {on|off}]] - general purpose partition
    [check|set|complete] - mode, complete set partitioning completed
  WARNING: Partitioning is a write-once setting once it is set to complete.
  Power cycling is required to initialize partitions after set to complete.
mmc setdsr <value> - set DSR register value

mw - memory write (fill)

Usage:
mw [.b, .w, .l] address value [count]
switch to partitions #1, OK
mmc0(part 1) is current device

MMC read: dev # 0, block # 8191, count 1 ... 1 blocks read: OK
cmp - memory compare

Usage:
cmp [.b, .w, .l] addr1 addr2 count
mw - memory write (fill)

Usage:
mw [.b, .w, .l] address value [count]
switch to partitions #1, OK
mmc0(part 1) is current device

MMC read: dev # 0, block # 8191, count 1 ... 1 blocks read: OK
cmp - memory compare

Usage:
cmp [.b, .w, .l] addr1 addr2 count
switch to partitions #0, OK
mmc0(part 0) is current device

MMC read: dev # 0, block # 1280, count 1 ... 1 blocks read: OK
cmp - memory compare

Usage:
cmp [.b, .w, .l] addr1 addr2 count
reading apalis_imx6/u-boot.imx
379904 bytes read in 35 ms (10.4 MiB/s)
switch to partitions #0, OK
mmc0(part 0) is current device

MMC write: dev # 0, block # 2, count 742 ... 742 blocks written: OK
successfully updated U-Boot
Apalis iMX6 # boot
switch to partitions #0, OK
mmc0(part 0) is current device

MMC write: dev # 0, block # 0, count 1 ... 1 blocks written: OK
UMS: disk start sector: 0x0, count: 0x72c000
g_dnl_register: failed!, error: -22
ERROR: g_dnl_register failed
at /home/mglb/projects/cortex-a9-android/abspb_trdx/targets/abspb/sources/u-boot-toradex/common/cmd_usb_mass_storage.c:107/do_usb_mass_storage()
Apalis iMX6 # run setupdate; run migrate
reading flash_mmc.img
307 bytes read in 11 ms (26.4 KiB/s)
## Executing script at 12000000
reading flash_blk.img
710 bytes read in 13 ms (52.7 KiB/s)
## Executing script at 12000000
reading apalis_imx6/flash_blk.img
3818 bytes read in 18 ms (207 KiB/s)
## Executing script at 12000000
enter "run update" or "run update_it" to update the uboot
mw - memory write (fill)

Usage:
mw [.b, .w, .l] address value [count]
switch to partitions #1, OK
mmc0(part 1) is current device

MMC read: dev # 0, block # 8191, count 1 ... 1 blocks read: OK
cmp - memory compare

Usage:
cmp [.b, .w, .l] addr1 addr2 count
switch to partitions #0, OK
mmc0(part 0) is current device

MMC read: dev # 0, block # 1280, count 1 ... 1 blocks read: OK
cmp - memory compare

Usage:
cmp [.b, .w, .l] addr1 addr2 count
reading apalis_imx6/u-boot.imx
379904 bytes read in 36 ms (10.1 MiB/s)
switch to partitions #1, OK
mmc0(part 1) is current device

MMC write: dev # 0, block # 2, count 742 ... 742 blocks written: OK
Unknown command 'updt_fuse' - try 'help'
reading apalis_imx6/mbr.bin
** Unable to read file apalis_imx6/mbr.bin **
reading apalis_imx6/boot.vfat
** Unable to read file apalis_imx6/boot.vfat **
reading apalis_imx6/uImage
** Unable to read file apalis_imx6/uImage **
reading apalis_imx6/
0 bytes read in 11 ms (0 Bytes/s)
** No partition table - mmc 0 **
reading apalis_imx6/root.ext3
** Unable to read file apalis_imx6/root.ext3 **
switch to partitions #0, OK
mmc0(part 0) is current device

MMC write: dev # 0, block # 40960, count 131072 ... 131072 blocks written: OK
reading apalis_imx6/root.ext3
** Unable to read file apalis_imx6/root.ext3 **
switch to partitions #0, OK
mmc0(part 0) is current device

MMC write: dev # 0, block # 172032, count 131072 ... 131072 blocks written: OK
reading apalis_imx6/root.ext3
** Unable to read file apalis_imx6/root.ext3 **
switch to partitions #0, OK
mmc0(part 0) is current device

MMC write: dev # 0, block # 303104, count 131072 ... 131072 blocks written: OK
reading apalis_imx6/root.ext3
** Unable to read file apalis_imx6/root.ext3 **
switch to partitions #0, OK
mmc0(part 0) is current device

MMC write: dev # 0, block # 434176, count 131072 ... 131072 blocks written: OK
reading apalis_imx6/root.ext3
** Unable to read file apalis_imx6/root.ext3 **
switch to partitions #0, OK
mmc0(part 0) is current device

MMC write: dev # 0, block # 565248, count 131072 ... 131072 blocks written: OK
reading apalis_imx6/root.ext3
** Unable to read file apalis_imx6/root.ext3 **
switch to partitions #0, OK
mmc0(part 0) is current device

MMC write: dev # 0, block # 696320, count 131072 ... 131072 blocks written: OK
reading apalis_imx6/root.ext3
** Unable to read file apalis_imx6/root.ext3 **
switch to partitions #0, OK
mmc0(part 0) is current device

MMC write: dev # 0, block # 827392, count 131072 ... 131072 blocks written: OK
reading apalis_imx6/root.ext3
** Unable to read file apalis_imx6/root.ext3 **
switch to partitions #0, OK
mmc0(part 0) is current device

MMC write: dev # 0, block # 958464, count 131072 ... 131072 blocks written: OK
reading apalis_imx6/root.ext3
** Unable to read file apalis_imx6/root.ext3 **
switch to partitions #0, OK
mmc0(part 0) is current device

MMC write: dev # 0, block # 1089536, count 131072 ... 131072 blocks written: OK
reading apalis_imx6/root.ext3
** Unable to read file apalis_imx6/root.ext3 **
switch to partitions #0, OK
mmc0(part 0) is current device

MMC write: dev # 0, block # 1220608, count 131072 ... 131072 blocks written: OK
reading apalis_imx6/root.ext3
** Unable to read file apalis_imx6/root.ext3 **
switch to partitions #0, OK
mmc0(part 0) is current device

MMC write: dev # 0, block # 1351680, count 131072 ... 131072 blocks written: OK
reading apalis_imx6/root.ext3
** Unable to read file apalis_imx6/root.ext3 **
switch to partitions #0, OK
mmc0(part 0) is current device

MMC write: dev # 0, block # 1482752, count 131072 ... 131072 blocks written: OK
reading apalis_imx6/root.ext3
** Unable to read file apalis_imx6/root.ext3 **
switch to partitions #0, OK
mmc0(part 0) is current device

MMC write: dev # 0, block # 1613824, count 131072 ... 131072 blocks written: OK
reading apalis_imx6/root.ext3
** Unable to read file apalis_imx6/root.ext3 **
switch to partitions #0, OK
mmc0(part 0) is current device

MMC write: dev # 0, block # 1744896, count 131072 ... 131072 blocks written: OK
reading apalis_imx6/root.ext3
** Unable to read file apalis_imx6/root.ext3 **
switch to partitions #0, OK
mmc0(part 0) is current device

MMC write: dev # 0, block # 1875968, count 131072 ... 131072 blocks written: OK
reading apalis_imx6/root.ext3
** Unable to read file apalis_imx6/root.ext3 **
switch to partitions #0, OK
mmc0(part 0) is current device

MMC write: dev # 0, block # 2007040, count 131072 ... 131072 blocks written: OK
reading apalis_imx6/root.ext3
** Unable to read file apalis_imx6/root.ext3 **
switch to partitions #0, OK
mmc0(part 0) is current device

MMC write: dev # 0, block # 2138112, count 131072 ... 131072 blocks written: OK
reading apalis_imx6/root.ext3
** Unable to read file apalis_imx6/root.ext3 **
switch to partitions #0, OK
mmc0(part 0) is current device

MMC write: dev # 0, block # 2269184, count 131072 ... 131072 blocks written: OK
reading apalis_imx6/root.ext3
** Unable to read file apalis_imx6/root.ext3 **
switch to partitions #0, OK
mmc0(part 0) is current device

MMC write: dev # 0, block # 2400256, count 131072 ... 131072 blocks written: OK
reading apalis_imx6/root.ext3
** Unable to read file apalis_imx6/root.ext3 **
switch to partitions #0, OK
mmc0(part 0) is current device

MMC write: dev # 0, block # 2531328, count 131072 ... 131072 blocks written: OK
reading apalis_imx6/root.ext3
** Unable to read file apalis_imx6/root.ext3 **
switch to partitions #0, OK
mmc0(part 0) is current device

MMC write: dev # 0, block # 2662400, count 131072 ... 131072 blocks written: OK
reading apalis_imx6/root.ext3
** Unable to read file apalis_imx6/root.ext3 **
switch to partitions #0, OK
mmc0(part 0) is current device

MMC write: dev # 0, block # 2793472, count 131072 ... 131072 blocks written: OK
reading apalis_imx6/root.ext3
** Unable to read file apalis_imx6/root.ext3 **
switch to partitions #0, OK
mmc0(part 0) is current device

MMC write: dev # 0, block # 2924544, count 131072 ... 131072 blocks written: OK
reading apalis_imx6/root.ext3
** Unable to read file apalis_imx6/root.ext3 **
switch to partitions #0, OK
mmc0(part 0) is current device

MMC write: dev # 0, block # 3055616, count 131072 ... 131072 blocks written: OK
reading apalis_imx6/root.ext3
** Unable to read file apalis_imx6/root.ext3 **
switch to partitions #0, OK
mmc0(part 0) is current device

MMC write: dev # 0, block # 3186688, count 131072 ... 131072 blocks written: OK
reading apalis_imx6/root.ext3
** Unable to read file apalis_imx6/root.ext3 **
switch to partitions #0, OK
mmc0(part 0) is current device

MMC write: dev # 0, block # 3317760, count 131072 ... 131072 blocks written: OK
reading apalis_imx6/root.ext3
** Unable to read file apalis_imx6/root.ext3 **
switch to partitions #0, OK
mmc0(part 0) is current device

MMC write: dev # 0, block # 3448832, count 131072 ... 131072 blocks written: OK
reading apalis_imx6/root.ext3
** Unable to read file apalis_imx6/root.ext3 **
switch to partitions #0, OK
mmc0(part 0) is current device

MMC write: dev # 0, block # 3579904, count 131072 ... 131072 blocks written: OK
reading apalis_imx6/root.ext3
** Unable to read file apalis_imx6/root.ext3 **
switch to partitions #0, OK
mmc0(part 0) is current device

MMC write: dev # 0, block # 3710976, count 131072 ... 131072 blocks written: OK
reading apalis_imx6/root.ext3
** Unable to read file apalis_imx6/root.ext3 **
switch to partitions #0, OK
mmc0(part 0) is current device

MMC write: dev # 0, block # 3842048, count 131072 ... 131072 blocks written: OK
reading apalis_imx6/root.ext3
** Unable to read file apalis_imx6/root.ext3 **
switch to partitions #0, OK
mmc0(part 0) is current device

MMC write: dev # 0, block # 3973120, count 131072 ... 131072 blocks written: OK
reading apalis_imx6/root.ext3
** Unable to read file apalis_imx6/root.ext3 **
switch to partitions #0, OK
mmc0(part 0) is current device

MMC write: dev # 0, block # 4104192, count 131072 ... 131072 blocks written: OK
reading apalis_imx6/root.ext3
** Unable to read file apalis_imx6/root.ext3 **
switch to partitions #0, OK
mmc0(part 0) is current device

MMC write: dev # 0, block # 4235264, count 131072 ... 131072 blocks written: OK
reading apalis_imx6/root.ext3
** Unable to read file apalis_imx6/root.ext3 **
switch to partitions #0, OK
mmc0(part 0) is current device

MMC write: dev # 0, block # 4366336, count 131072 ... 131072 blocks written: OK
reading apalis_imx6/root.ext3
** Unable to read file apalis_imx6/root.ext3 **
switch to partitions #0, OK
mmc0(part 0) is current device

MMC write: dev # 0, block # 4497408, count 131072 ... 131072 blocks written: OK
reading apalis_imx6/root.ext3
** Unable to read file apalis_imx6/root.ext3 **
switch to partitions #0, OK
mmc0(part 0) is current device

MMC write: dev # 0, block # 4628480, count 131072 ... 131072 blocks written: OK
reading apalis_imx6/root.ext3
** Unable to read file apalis_imx6/root.ext3 **
switch to partitions #0, OK
mmc0(part 0) is current device

MMC write: dev # 0, block # 4759552, count 131072 ... 131072 blocks written: OK
reading apalis_imx6/root.ext3
** Unable to read file apalis_imx6/root.ext3 **
switch to partitions #0, OK
mmc0(part 0) is current device

MMC write: dev # 0, block # 4890624, count 131072 ... 131072 blocks written: OK
reading apalis_imx6/root.ext3
** Unable to read file apalis_imx6/root.ext3 **
switch to partitions #0, OK
mmc0(part 0) is current device

MMC write: dev # 0, block # 5021696, count 131072 ... 131072 blocks written: OK
reading apalis_imx6/root.ext3
** Unable to read file apalis_imx6/root.ext3 **
switch to partitions #0, OK
mmc0(part 0) is current device

MMC write: dev # 0, block # 5152768, count 131072 ... 131072 blocks written: OK
reading apalis_imx6/root.ext3
** Unable to read file apalis_imx6/root.ext3 **
switch to partitions #0, OK
mmc0(part 0) is current device

MMC write: dev # 0, block # 5283840, count 131072 ... 131072 blocks written: OK
reading apalis_imx6/root.ext3
** Unable to read file apalis_imx6/root.ext3 **
switch to partitions #0, OK
mmc0(part 0) is current device

MMC write: dev # 0, block # 5414912, count 131072 ... 131072 blocks written: OK
reading apalis_imx6/root.ext3
** Unable to read file apalis_imx6/root.ext3 **
switch to partitions #0, OK
mmc0(part 0) is current device

MMC write: dev # 0, block # 5545984, count 131072 ... 131072 blocks written: OK
reading apalis_imx6/root.ext3
** Unable to read file apalis_imx6/root.ext3 **
switch to partitions #0, OK
mmc0(part 0) is current device

MMC write: dev # 0, block # 5677056, count 131072 ... 131072 blocks written: OK
reading apalis_imx6/root.ext3
** Unable to read file apalis_imx6/root.ext3 **
switch to partitions #0, OK
mmc0(part 0) is current device

MMC write: dev # 0, block # 5808128, count 131072 ... 131072 blocks written: OK
reading apalis_imx6/root.ext3
** Unable to read file apalis_imx6/root.ext3 **
switch to partitions #0, OK
mmc0(part 0) is current device

MMC write: dev # 0, block # 5939200, count 131072 ... 131072 blocks written: OK
reading apalis_imx6/root.ext3
** Unable to read file apalis_imx6/root.ext3 **
switch to partitions #0, OK
mmc0(part 0) is current device

MMC write: dev # 0, block # 6070272, count 131072 ... 131072 blocks written: OK
reading apalis_imx6/root.ext3
** Unable to read file apalis_imx6/root.ext3 **
switch to partitions #0, OK
mmc0(part 0) is current device

MMC write: dev # 0, block # 6201344, count 131072 ... 131072 blocks written: OK
reading apalis_imx6/root.ext3
** Unable to read file apalis_imx6/root.ext3 **
switch to partitions #0, OK
mmc0(part 0) is current device

MMC write: dev # 0, block # 6332416, count 131072 ... 131072 blocks written: OK
reading apalis_imx6/root.ext3
** Unable to read file apalis_imx6/root.ext3 **
switch to partitions #0, OK
mmc0(part 0) is current device

MMC write: dev # 0, block # 6463488, count 131072 ... 131072 blocks written: OK
reading apalis_imx6/root.ext3
** Unable to read file apalis_imx6/root.ext3 **
switch to partitions #0, OK
mmc0(part 0) is current device

MMC write: dev # 0, block # 6594560, count 131072 ... 131072 blocks written: OK
reading apalis_imx6/root.ext3
** Unable to read file apalis_imx6/root.ext3 **
switch to partitions #0, OK
mmc0(part 0) is current device

MMC write: dev # 0, block # 6725632, count 131072 ... 131072 blocks written: OK
reading apalis_imx6/root.ext3
** Unable to read file apalis_imx6/root.ext3 **
switch to partitions #0, OK
mmc0(part 0) is current device

MMC write: dev # 0, block # 6856704, count 131072 ... 131072 blocks written: OK
reading apalis_imx6/root.ext3
** Unable to read file apalis_imx6/root.ext3 **
switch to partitions #0, OK
mmc0(part 0) is current device

MMC write: dev # 0, block # 6987776, count 131072 ... 131072 blocks written: OK
reading apalis_imx6/root.ext3
** Unable to read file apalis_imx6/root.ext3 **
switch to partitions #0, OK
mmc0(part 0) is current device

MMC write: dev # 0, block # 7118848, count 131072 ... 131072 blocks written: OK
reading apalis_imx6/root.ext3
** Unable to read file apalis_imx6/root.ext3 **
switch to partitions #0, OK
mmc0(part 0) is current device

MMC write: dev # 0, block # 7249920, count 131072 ... 131072 blocks written: OK
reading apalis_imx6/root.ext3
** Unable to read file apalis_imx6/root.ext3 **
switch to partitions #0, OK
mmc0(part 0) is current device

MMC write: dev # 0, block # 7380992, count 131072 ... 131072 blocks written: OK
reading apalis_imx6/root.ext3
** Unable to read file apalis_imx6/root.ext3 **
switch to partitions #0, OK
mmc0(part 0) is current device

MMC write: dev # 0, block # 7512064, count 131072 ... MMC: block number 0x739fff exceeds max(0x72c000)
0 blocks written: ERROR
reading apalis_imx6/root.ext3
** Unable to read file apalis_imx6/root.ext3 **
switch to partitions #0, OK
mmc0(part 0) is current device

MMC write: dev # 0, block # 7643136, count 131072 ... MMC: block number 0x759fff exceeds max(0x72c000)
0 blocks written: ERROR
reading apalis_imx6/root.ext3
** Unable to read file apalis_imx6/root.ext3 **
switch to partitions #0, OK
mmc0(part 0) is current device

MMC write: dev # 0, block # 7774208, count 131072 ... MMC: block number 0x779fff exceeds max(0x72c000)
0 blocks written: ERROR
reading apalis_imx6/root.ext3
** Unable to read file apalis_imx6/root.ext3 **
switch to partitions #0, OK
mmc0(part 0) is current device

MMC write: dev # 0, block # 7905280, count 131072 ... MMC: block number 0x799fff exceeds max(0x72c000)
0 blocks written: ERROR
reading apalis_imx6/root.ext3
** Unable to read file apalis_imx6/root.ext3 **
switch to partitions #0, OK
mmc0(part 0) is current device

MMC write: dev # 0, block # 8036352, count 131072 ... MMC: block number 0x7b9fff exceeds max(0x72c000)
0 blocks written: ERROR
reading apalis_imx6/root.ext3
** Unable to read file apalis_imx6/root.ext3 **
switch to partitions #0, OK
mmc0(part 0) is current device

MMC write: dev # 0, block # 8167424, count 131072 ... MMC: block number 0x7d9fff exceeds max(0x72c000)
0 blocks written: ERROR
reading apalis_imx6/root.ext3
** Unable to read file apalis_imx6/root.ext3 **
switch to partitions #0, OK
mmc0(part 0) is current device

MMC write: dev # 0, block # 8298496, count 131072 ... MMC: block number 0x7f9fff exceeds max(0x72c000)
0 blocks written: ERROR
reading apalis_imx6/root.ext3
** Unable to read file apalis_imx6/root.ext3 **
switch to partitions #0, OK
mmc0(part 0) is current device

MMC write: dev # 0, block # 8429568, count 131072 ... MMC: block number 0x819fff exceeds max(0x72c000)
0 blocks written: ERROR
reading apalis_imx6/root.ext3
** Unable to read file apalis_imx6/root.ext3 **
switch to partitions #0, OK
mmc0(part 0) is current device

MMC write: dev # 0, block # 8560640, count 131072 ... MMC: block number 0x839fff exceeds max(0x72c000)
0 blocks written: ERROR
reading apalis_imx6/root.ext3
** Unable to read file apalis_imx6/root.ext3 **
switch to partitions #0, OK
mmc0(part 0) is current device

MMC write: dev # 0, block # 8691712, count 131072 ... MMC: block number 0x859fff exceeds max(0x72c000)
0 blocks written: ERROR
reading apalis_imx6/root.ext3
** Unable to read file apalis_imx6/root.ext3 **
switch to partitions #0, OK
mmc0(part 0) is current device

MMC write: dev # 0, block # 8822784, count 131072 ... MMC: block number 0x879fff exceeds max(0x72c000)
0 blocks written: ERROR
reading apalis_imx6/root.ext3
** Unable to read file apalis_imx6/root.ext3 **
switch to partitions #0, OK
mmc0(part 0) is current device

MMC write: dev # 0, block # 8953856, count 131072 ... MMC: block number 0x899fff exceeds max(0x72c000)
0 blocks written: ERROR
reading apalis_imx6/root.ext3
** Unable to read file apalis_imx6/root.ext3 **
switch to partitions #0, OK
mmc0(part 0) is current device

MMC write: dev # 0, block # 9084928, count 131072 ... MMC: block number 0x8b9fff exceeds max(0x72c000)
0 blocks written: ERROR
reading apalis_imx6/root.ext3
** Unable to read file apalis_imx6/root.ext3 **
switch to partitions #0, OK
mmc0(part 0) is current device

MMC write: dev # 0, block # 9216000, count 131072 ... MMC: block number 0x8d9fff exceeds max(0x72c000)
0 blocks written: ERROR
reading apalis_imx6/root.ext3
** Unable to read file apalis_imx6/root.ext3 **
switch to partitions #0, OK
mmc0(part 0) is current device

MMC write: dev # 0, block # 9347072, count 131072 ... MMC: block number 0x8f9fff exceeds max(0x72c000)
0 blocks written: ERROR
reading apalis_imx6/root.ext3
** Unable to read file apalis_imx6/root.ext3 **
switch to partitions #0, OK
mmc0(part 0) is current device

MMC write: dev # 0, block # 9478144, count 131072 ... MMC: block number 0x919fff exceeds max(0x72c000)
0 blocks written: ERROR
reading apalis_imx6/root.ext3
** Unable to read file apalis_imx6/root.ext3 **
switch to partitions #0, OK
mmc0(part 0) is current device

MMC write: dev # 0, block # 9609216, count 131072 ... MMC: block number 0x939fff exceeds max(0x72c000)
0 blocks written: ERROR
reading apalis_imx6/root.ext3
** Unable to read file apalis_imx6/root.ext3 **
switch to partitions #0, OK
mmc0(part 0) is current device

MMC write: dev # 0, block # 9740288, count 131072 ... MMC: block number 0x959fff exceeds max(0x72c000)
0 blocks written: ERROR
reading apalis_imx6/root.ext3
** Unable to read file apalis_imx6/root.ext3 **
switch to partitions #0, OK
mmc0(part 0) is current device

MMC write: dev # 0, block # 9871360, count 131072 ... MMC: block number 0x979fff exceeds max(0x72c000)
0 blocks written: ERROR
reading apalis_imx6/root.ext3
** Unable to read file apalis_imx6/root.ext3 **
switch to partitions #0, OK
mmc0(part 0) is current device

MMC write: dev # 0, block # 10002432, count 131072 ... MMC: block number 0x999fff exceeds max(0x72c000)
0 blocks written: ERROR
reading apalis_imx6/root.ext3
** Unable to read file apalis_imx6/root.ext3 **
switch to partitions #0, OK
mmc0(part 0) is current device

MMC write: dev # 0, block # 10133504, count 131072 ... MMC: block number 0x9b9fff exceeds max(0x72c000)
0 blocks written: ERROR
reading apalis_imx6/root.ext3
** Unable to read file apalis_imx6/root.ext3 **
switch to partitions #0, OK
mmc0(part 0) is current device

MMC write: dev # 0, block # 10264576, count 131072 ... MMC: block number 0x9d9fff exceeds max(0x72c000)
0 blocks written: ERROR
reading apalis_imx6/root.ext3
** Unable to read file apalis_imx6/root.ext3 **
switch to partitions #0, OK
mmc0(part 0) is current device

MMC write: dev # 0, block # 10395648, count 131072 ... MMC: block number 0x9f9fff exceeds max(0x72c000)
0 blocks written: ERROR
reading apalis_imx6/root.ext3
** Unable to read file apalis_imx6/root.ext3 **
switch to partitions #0, OK
mmc0(part 0) is current device

MMC write: dev # 0, block # 10526720, count 131072 ... MMC: block number 0xa19fff exceeds max(0x72c000)
0 blocks written: ERROR
reading apalis_imx6/root.ext3
** Unable to read file apalis_imx6/root.ext3 **
switch to partitions #0, OK
mmc0(part 0) is current device

MMC write: dev # 0, block # 10657792, count 131072 ... MMC: block number 0xa39fff exceeds max(0x72c000)
0 blocks written: ERROR
reading apalis_imx6/root.ext3
** Unable to read file apalis_imx6/root.ext3 **
switch to partitions #0, OK
mmc0(part 0) is current device

MMC write: dev # 0, block # 10788864, count 131072 ... MMC: block number 0xa59fff exceeds max(0x72c000)
0 blocks written: ERROR
reading apalis_imx6/root.ext3
** Unable to read file apalis_imx6/root.ext3 **
switch to partitions #0, OK
mmc0(part 0) is current device

MMC write: dev # 0, block # 10919936, count 131072 ... MMC: block number 0xa79fff exceeds max(0x72c000)
0 blocks written: ERROR
reading apalis_imx6/root.ext3
** Unable to read file apalis_imx6/root.ext3 **
switch to partitions #0, OK
mmc0(part 0) is current device

MMC write: dev # 0, block # 11051008, count 131072 ... MMC: block number 0xa99fff exceeds max(0x72c000)
0 blocks written: ERROR
reading apalis_imx6/root.ext3
** Unable to read file apalis_imx6/root.ext3 **
switch to partitions #0, OK
mmc0(part 0) is current device

MMC write: dev # 0, block # 11182080, count 131072 ... MMC: block number 0xab9fff exceeds max(0x72c000)
0 blocks written: ERROR
reading apalis_imx6/root.ext3
** Unable to read file apalis_imx6/root.ext3 **
switch to partitions #0, OK
mmc0(part 0) is current device

MMC write: dev # 0, block # 11313152, count 131072 ... MMC: block number 0xad9fff exceeds max(0x72c000)
0 blocks written: ERROR
reading apalis_imx6/root.ext3
** Unable to read file apalis_imx6/root.ext3 **
switch to partitions #0, OK
mmc0(part 0) is current device

MMC write: dev # 0, block # 11444224, count 131072 ... MMC: block number 0xaf9fff exceeds max(0x72c000)
0 blocks written: ERROR
reading apalis_imx6/root.ext3
** Unable to read file apalis_imx6/root.ext3 **
switch to partitions #0, OK
mmc0(part 0) is current device

MMC write: dev # 0, block # 11575296, count 131072 ... MMC: block number 0xb19fff exceeds max(0x72c000)
0 blocks written: ERROR
reading apalis_imx6/root.ext3
** Unable to read file apalis_imx6/root.ext3 **
switch to partitions #0, OK
mmc0(part 0) is current device

MMC write: dev # 0, block # 11706368, count 131072 ... MMC: block number 0xb39fff exceeds max(0x72c000)
0 blocks written: ERROR
reading apalis_imx6/root.ext3
** Unable to read file apalis_imx6/root.ext3 **
switch to partitions #0, OK
mmc0(part 0) is current device

MMC write: dev # 0, block # 11837440, count 131072 ... MMC: block number 0xb59fff exceeds max(0x72c000)
0 blocks written: ERROR
reading apalis_imx6/root.ext3
** Unable to read file apalis_imx6/root.ext3 **
switch to partitions #0, OK
mmc0(part 0) is current device

MMC write: dev # 0, block # 11968512, count 131072 ... MMC: block number 0xb79fff exceeds max(0x72c000)
0 blocks written: ERROR
reading apalis_imx6/root.ext3
** Unable to read file apalis_imx6/root.ext3 **
switch to partitions #0, OK
mmc0(part 0) is current device

MMC write: dev # 0, block # 12099584, count 131072 ... MMC: block number 0xb99fff exceeds max(0x72c000)
0 blocks written: ERROR
reading apalis_imx6/root.ext3
** Unable to read file apalis_imx6/root.ext3 **
switch to partitions #0, OK
mmc0(part 0) is current device

MMC write: dev # 0, block # 12230656, count 131072 ... MMC: block number 0xbb9fff exceeds max(0x72c000)
0 blocks written: ERROR
reading apalis_imx6/root.ext3
** Unable to read file apalis_imx6/root.ext3 **
switch to partitions #0, OK
mmc0(part 0) is current device

MMC write: dev # 0, block # 12361728, count 131072 ... MMC: block number 0xbd9fff exceeds max(0x72c000)
0 blocks written: ERROR
reading apalis_imx6/root.ext3
** Unable to read file apalis_imx6/root.ext3 **
switch to partitions #0, OK
mmc0(part 0) is current device

MMC write: dev # 0, block # 12492800, count 131072 ... MMC: block number 0xbf9fff exceeds max(0x72c000)
0 blocks written: ERROR
reading apalis_imx6/root.ext3
** Unable to read file apalis_imx6/root.ext3 **
switch to partitions #0, OK
mmc0(part 0) is current device

MMC write: dev # 0, block # 12623872, count 131072 ... MMC: block number 0xc19fff exceeds max(0x72c000)
0 blocks written: ERROR
reading apalis_imx6/root.ext3
** Unable to read file apalis_imx6/root.ext3 **
switch to partitions #0, OK
mmc0(part 0) is current device

MMC write: dev # 0, block # 12754944, count 131072 ... MMC: block number 0xc39fff exceeds max(0x72c000)
0 blocks written: ERROR
reading apalis_imx6/root.ext3
** Unable to read file apalis_imx6/root.ext3 **
switch to partitions #0, OK
mmc0(part 0) is current device

MMC write: dev # 0, block # 12886016, count 131072 ... MMC: block number 0xc59fff exceeds max(0x72c000)
0 blocks written: ERROR
reading apalis_imx6/root.ext3
** Unable to read file apalis_imx6/root.ext3 **
switch to partitions #0, OK
mmc0(part 0) is current device

MMC write: dev # 0, block # 13017088, count 131072 ... MMC: block number 0xc79fff exceeds max(0x72c000)
0 blocks written: ERROR
reading apalis_imx6/root.ext3
** Unable to read file apalis_imx6/root.ext3 **
switch to partitions #0, OK
mmc0(part 0) is current device

MMC write: dev # 0, block # 13148160, count 131072 ... MMC: block number 0xc99fff exceeds max(0x72c000)
0 blocks written: ERROR
reading apalis_imx6/root.ext3
** Unable to read file apalis_imx6/root.ext3 **
switch to partitions #0, OK
mmc0(part 0) is current device

MMC write: dev # 0, block # 13279232, count 131072 ... MMC: block number 0xcb9fff exceeds max(0x72c000)
0 blocks written: ERROR
reading apalis_imx6/root.ext3
** Unable to read file apalis_imx6/root.ext3 **
switch to partitions #0, OK
mmc0(part 0) is current device

MMC write: dev # 0, block # 13410304, count 131072 ... MMC: block number 0xcd9fff exceeds max(0x72c000)
0 blocks written: ERROR
reading apalis_imx6/root.ext3
** Unable to read file apalis_imx6/root.ext3 **
switch to partitions #0, OK
mmc0(part 0) is current device

MMC write: dev # 0, block # 13541376, count 131072 ... MMC: block number 0xcf9fff exceeds max(0x72c000)
0 blocks written: ERROR
reading apalis_imx6/root.ext3
** Unable to read file apalis_imx6/root.ext3 **
switch to partitions #0, OK
mmc0(part 0) is current device

MMC write: dev # 0, block # 13672448, count 131072 ... MMC: block number 0xd19fff exceeds max(0x72c000)
0 blocks written: ERROR
reading apalis_imx6/root.ext3
** Unable to read file apalis_imx6/root.ext3 **
switch to partitions #0, OK
mmc0(part 0) is current device

MMC write: dev # 0, block # 13803520, count 131072 ... MMC: block number 0xd39fff exceeds max(0x72c000)
0 blocks written: ERROR
reading apalis_imx6/root.ext3
** Unable to read file apalis_imx6/root.ext3 **
switch to partitions #0, OK
mmc0(part 0) is current device

MMC write: dev # 0, block # 13934592, count 131072 ... MMC: block number 0xd59fff exceeds max(0x72c000)
0 blocks written: ERROR
reading apalis_imx6/root.ext3
** Unable to read file apalis_imx6/root.ext3 **
switch to partitions #0, OK
mmc0(part 0) is current device

MMC write: dev # 0, block # 14065664, count 131072 ... MMC: block number 0xd79fff exceeds max(0x72c000)
0 blocks written: ERROR
reading apalis_imx6/root.ext3
** Unable to read file apalis_imx6/root.ext3 **
switch to partitions #0, OK
mmc0(part 0) is current device

MMC write: dev # 0, block # 14196736, count 131072 ... MMC: block number 0xd99fff exceeds max(0x72c000)
0 blocks written: ERROR
reading apalis_imx6/root.ext3
** Unable to read file apalis_imx6/root.ext3 **
switch to partitions #0, OK
mmc0(part 0) is current device

MMC write: dev # 0, block # 14327808, count 131072 ... MMC: block number 0xdb9fff exceeds max(0x72c000)
0 blocks written: ERROR
reading apalis_imx6/root.ext3
** Unable to read file apalis_imx6/root.ext3 **
switch to partitions #0, OK
mmc0(part 0) is current device

MMC write: dev # 0, block # 14458880, count 131072 ... MMC: block number 0xdd9fff exceeds max(0x72c000)
0 blocks written: ERROR
reading apalis_imx6/root.ext3
** Unable to read file apalis_imx6/root.ext3 **
switch to partitions #0, OK
mmc0(part 0) is current device

MMC write: dev # 0, block # 14589952, count 131072 ... MMC: block number 0xdf9fff exceeds max(0x72c000)
0 blocks written: ERROR
reading apalis_imx6/root.ext3
** Unable to read file apalis_imx6/root.ext3 **
switch to partitions #0, OK
mmc0(part 0) is current device

MMC write: dev # 0, block # 14721024, count 131072 ... MMC: block number 0xe19fff exceeds max(0x72c000)
0 blocks written: ERROR
reading apalis_imx6/root.ext3
** Unable to read file apalis_imx6/root.ext3 **
switch to partitions #0, OK
mmc0(part 0) is current device

MMC write: dev # 0, block # 14852096, count 131072 ... MMC: block number 0xe39fff exceeds max(0x72c000)
0 blocks written: ERROR
reading apalis_imx6/root.ext3
** Unable to read file apalis_imx6/root.ext3 **
switch to partitions #0, OK
mmc0(part 0) is current device

MMC write: dev # 0, block # 14983168, count 131072 ... MMC: block number 0xe59fff exceeds max(0x72c000)
0 blocks written: ERROR
reading apalis_imx6/root.ext3
** Unable to read file apalis_imx6/root.ext3 **
switch to partitions #0, OK
mmc0(part 0) is current device

MMC write: dev # 0, block # 15114240, count 131072 ... MMC: block number 0xe79fff exceeds max(0x72c000)
0 blocks written: ERROR
reading apalis_imx6/root.ext3
** Unable to read file apalis_imx6/root.ext3 **
switch to partitions #0, OK
mmc0(part 0) is current device

MMC write: dev # 0, block # 15245312, count 131072 ... MMC: block number 0xe99fff exceeds max(0x72c000)
0 blocks written: ERROR
reading apalis_imx6/root.ext3
** Unable to read file apalis_imx6/root.ext3 **
switch to partitions #0, OK
mmc0(part 0) is current device

MMC write: dev # 0, block # 15376384, count 131072 ... MMC: block number 0xeb9fff exceeds max(0x72c000)
0 blocks written: ERROR
reading apalis_imx6/root.ext3
** Unable to read file apalis_imx6/root.ext3 **
switch to partitions #0, OK
mmc0(part 0) is current device

MMC write: dev # 0, block # 15507456, count 131072 ... MMC: block number 0xed9fff exceeds max(0x72c000)
0 blocks written: ERROR
reading apalis_imx6/root.ext3
** Unable to read file apalis_imx6/root.ext3 **
switch to partitions #0, OK
mmc0(part 0) is current device

MMC write: dev # 0, block # 15638528, count 131072 ... MMC: block number 0xef9fff exceeds max(0x72c000)
0 blocks written: ERROR
reading apalis_imx6/root.ext3
** Unable to read file apalis_imx6/root.ext3 **
switch to partitions #0, OK
mmc0(part 0) is current device

MMC write: dev # 0, block # 15769600, count 131072 ... MMC: block number 0xf19fff exceeds max(0x72c000)
0 blocks written: ERROR
reading apalis_imx6/root.ext3
** Unable to read file apalis_imx6/root.ext3 **
switch to partitions #0, OK
mmc0(part 0) is current device

MMC write: dev # 0, block # 15900672, count 131072 ... MMC: block number 0xf39fff exceeds max(0x72c000)
0 blocks written: ERROR
reading apalis_imx6/root.ext3
** Unable to read file apalis_imx6/root.ext3 **
switch to partitions #0, OK
mmc0(part 0) is current device

MMC write: dev # 0, block # 16031744, count 131072 ... MMC: block number 0xf59fff exceeds max(0x72c000)
0 blocks written: ERROR
reading apalis_imx6/root.ext3
** Unable to read file apalis_imx6/root.ext3 **
switch to partitions #0, OK
mmc0(part 0) is current device

MMC write: dev # 0, block # 16162816, count 131072 ... MMC: block number 0xf79fff exceeds max(0x72c000)
0 blocks written: ERROR
reading apalis_imx6/root.ext3
** Unable to read file apalis_imx6/root.ext3 **
switch to partitions #0, OK
mmc0(part 0) is current device

MMC write: dev # 0, block # 16293888, count 131072 ... MMC: block number 0xf99fff exceeds max(0x72c000)
0 blocks written: ERROR
reading apalis_imx6/root.ext3
** Unable to read file apalis_imx6/root.ext3 **
switch to partitions #0, OK
mmc0(part 0) is current device

MMC write: dev # 0, block # 16424960, count 131072 ... MMC: block number 0xfb9fff exceeds max(0x72c000)
0 blocks written: ERROR
reading apalis_imx6/root.ext3
** Unable to read file apalis_imx6/root.ext3 **
switch to partitions #0, OK
mmc0(part 0) is current device

MMC write: dev # 0, block # 16556032, count 131072 ... MMC: block number 0xfd9fff exceeds max(0x72c000)
0 blocks written: ERROR
reading apalis_imx6/root.ext3
** Unable to read file apalis_imx6/root.ext3 **
switch to partitions #0, OK
mmc0(part 0) is current device

MMC write: dev # 0, block # 16687104, count 131072 ... MMC: block number 0xff9fff exceeds max(0x72c000)
0 blocks written: ERROR
reading apalis_imx6/root.ext3
** Unable to read file apalis_imx6/root.ext3 **
switch to partitions #0, OK
mmc0(part 0) is current device

MMC write: dev # 0, block # 16818176, count 131072 ... MMC: block number 0x1019fff exceeds max(0x72c000)
0 blocks written: ERROR
reading apalis_imx6/root.ext3
** Unable to read file apalis_imx6/root.ext3 **
switch to partitions #0, OK
mmc0(part 0) is current device

MMC write: dev # 0, block # 16949248, count 131072 ... MMC: block number 0x1039fff exceeds max(0x72c000)
0 blocks written: ERROR
reading apalis_imx6/root.ext3
** Unable to read file apalis_imx6/root.ext3 **
switch to partitions #0, OK
mmc0(part 0) is current device

MMC write: dev # 0, block # 17080320, count 131072 ... MMC: block number 0x1059fff exceeds max(0x72c000)
0 blocks written: ERROR
reading apalis_imx6/root.ext3
** Unable to read file apalis_imx6/root.ext3 **
switch to partitions #0, OK
mmc0(part 0) is current device

MMC write: dev # 0, block # 17211392, count 131072 ... MMC: block number 0x1079fff exceeds max(0x72c000)
0 blocks written: ERROR
reading apalis_imx6/root.ext3
** Unable to read file apalis_imx6/root.ext3 **
switch to partitions #0, OK
mmc0(part 0) is current device

MMC write: dev # 0, block # 17342464, count 131072 ... MMC: block number 0x1099fff exceeds max(0x72c000)
0 blocks written: ERROR
reading apalis_imx6/root.ext3
** Unable to read file apalis_imx6/root.ext3 **
switch to partitions #0, OK
mmc0(part 0) is current device

MMC write: dev # 0, block # 17473536, count 131072 ... MMC: block number 0x10b9fff exceeds max(0x72c000)
0 blocks written: ERROR
reading apalis_imx6/root.ext3
** Unable to read file apalis_imx6/root.ext3 **
switch to partitions #0, OK
mmc0(part 0) is current device

MMC write: dev # 0, block # 17604608, count 131072 ... MMC: block number 0x10d9fff exceeds max(0x72c000)
0 blocks written: ERROR
reading apalis_imx6/root.ext3
** Unable to read file apalis_imx6/root.ext3 **
switch to partitions #0, OK
mmc0(part 0) is current device

MMC write: dev # 0, block # 17735680, count 131072 ... MMC: block number 0x10f9fff exceeds max(0x72c000)
0 blocks written: ERROR
reading apalis_imx6/root.ext3
** Unable to read file apalis_imx6/root.ext3 **
switch to partitions #0, OK
mmc0(part 0) is current device

MMC write: dev # 0, block # 17866752, count 131072 ... MMC: block number 0x1119fff exceeds max(0x72c000)
0 blocks written: ERROR
reading apalis_imx6/root.ext3
** Unable to read file apalis_imx6/root.ext3 **
switch to partitions #0, OK
mmc0(part 0) is current device

MMC write: dev # 0, block # 17997824, count 131072 ... MMC: block number 0x1139fff exceeds max(0x72c000)
0 blocks written: ERROR
reading apalis_imx6/root.ext3
** Unable to read file apalis_imx6/root.ext3 **
switch to partitions #0, OK
mmc0(part 0) is current device

MMC write: dev # 0, block # 18128896, count 131072 ... MMC: block number 0x1159fff exceeds max(0x72c000)
0 blocks written: ERROR
reading apalis_imx6/root.ext3
** Unable to read file apalis_imx6/root.ext3 **
switch to partitions #0, OK
mmc0(part 0) is current device

MMC write: dev # 0, block # 18259968, count 131072 ... MMC: block number 0x1179fff exceeds max(0x72c000)
0 blocks written: ERROR
reading apalis_imx6/root.ext3
** Unable to read file apalis_imx6/root.ext3 **
switch to partitions #0, OK
mmc0(part 0) is current device

MMC write: dev # 0, block # 18391040, count 131072 ... MMC: block number 0x1199fff exceeds max(0x72c000)
0 blocks written: ERROR
reading apalis_imx6/root.ext3
** Unable to read file apalis_imx6/root.ext3 **
switch to partitions #0, OK
mmc0(part 0) is current device

MMC write: dev # 0, block # 18522112, count 131072 ... MMC: block number 0x11b9fff exceeds max(0x72c000)
0 blocks written: ERROR
reading apalis_imx6/root.ext3
** Unable to read file apalis_imx6/root.ext3 **
switch to partitions #0, OK
mmc0(part 0) is current device

MMC write: dev # 0, block # 18653184, count 131072 ... MMC: block number 0x11d9fff exceeds max(0x72c000)
0 blocks written: ERROR
reading apalis_imx6/root.ext3
** Unable to read file apalis_imx6/root.ext3 **
switch to partitions #0, OK
mmc0(part 0) is current device

MMC write: dev # 0, block # 18784256, count 131072 ... MMC: block number 0x11f9fff exceeds max(0x72c000)
0 blocks written: ERROR
reading apalis_imx6/root.ext3
** Unable to read file apalis_imx6/root.ext3 **
switch to partitions #0, OK
mmc0(part 0) is current device

MMC write: dev # 0, block # 18915328, count 131072 ... MMC: block number 0x1219fff exceeds max(0x72c000)
0 blocks written: ERROR
reading apalis_imx6/root.ext3
** Unable to read file apalis_imx6/root.ext3 **
switch to partitions #0, OK
mmc0(part 0) is current device

MMC write: dev # 0, block # 19046400, count 131072 ... MMC: block number 0x1239fff exceeds max(0x72c000)
0 blocks written: ERROR
reading apalis_imx6/root.ext3
** Unable to read file apalis_imx6/root.ext3 **
switch to partitions #0, OK
mmc0(part 0) is current device

MMC write: dev # 0, block # 19177472, count 131072 ... MMC: block number 0x1259fff exceeds max(0x72c000)
0 blocks written: ERROR
reading apalis_imx6/root.ext3
** Unable to read file apalis_imx6/root.ext3 **
switch to partitions #0, OK
mmc0(part 0) is current device

MMC write: dev # 0, block # 19308544, count 131072 ... MMC: block number 0x1279fff exceeds max(0x72c000)
0 blocks written: ERROR
reading apalis_imx6/root.ext3
** Unable to read file apalis_imx6/root.ext3 **
switch to partitions #0, OK
mmc0(part 0) is current device

MMC write: dev # 0, block # 19439616, count 131072 ... MMC: block number 0x1299fff exceeds max(0x72c000)
0 blocks written: ERROR
reading apalis_imx6/root.ext3
** Unable to read file apalis_imx6/root.ext3 **
switch to partitions #0, OK
mmc0(part 0) is current device

MMC write: dev # 0, block # 19570688, count 131072 ... MMC: block number 0x12b9fff exceeds max(0x72c000)
0 blocks written: ERROR
reading apalis_imx6/root.ext3
** Unable to read file apalis_imx6/root.ext3 **
switch to partitions #0, OK
mmc0(part 0) is current device

MMC write: dev # 0, block # 19701760, count 131072 ... MMC: block number 0x12d9fff exceeds max(0x72c000)
0 blocks written: ERROR
reading apalis_imx6/root.ext3
** Unable to read file apalis_imx6/root.ext3 **
switch to partitions #0, OK
mmc0(part 0) is current device

MMC write: dev # 0, block # 19832832, count 131072 ... MMC: block number 0x12f9fff exceeds max(0x72c000)
0 blocks written: ERROR
reading apalis_imx6/root.ext3
** Unable to read file apalis_imx6/root.ext3 **
switch to partitions #0, OK
mmc0(part 0) is current device

MMC write: dev # 0, block # 19963904, count 131072 ... MMC: block number 0x1319fff exceeds max(0x72c000)
0 blocks written: ERROR
reading apalis_imx6/root.ext3
** Unable to read file apalis_imx6/root.ext3 **
switch to partitions #0, OK
mmc0(part 0) is current device

MMC write: dev # 0, block # 20094976, count 131072 ... MMC: block number 0x1339fff exceeds max(0x72c000)
0 blocks written: ERROR
reading apalis_imx6/root.ext3
** Unable to read file apalis_imx6/root.ext3 **
switch to partitions #0, OK
mmc0(part 0) is current device

MMC write: dev # 0, block # 20226048, count 131072 ... MMC: block number 0x1359fff exceeds max(0x72c000)
0 blocks written: ERROR
reading apalis_imx6/root.ext3
** Unable to read file apalis_imx6/root.ext3 **
switch to partitions #0, OK
mmc0(part 0) is current device

MMC write: dev # 0, block # 20357120, count 131072 ... MMC: block number 0x1379fff exceeds max(0x72c000)
0 blocks written: ERROR
reading apalis_imx6/root.ext3
** Unable to read file apalis_imx6/root.ext3 **
switch to partitions #0, OK
mmc0(part 0) is current device

MMC write: dev # 0, block # 20488192, count 131072 ... MMC: block number 0x1399fff exceeds max(0x72c000)
0 blocks written: ERROR
reading apalis_imx6/root.ext3
** Unable to read file apalis_imx6/root.ext3 **
switch to partitions #0, OK
mmc0(part 0) is current device

MMC write: dev # 0, block # 20619264, count 131072 ... MMC: block number 0x13b9fff exceeds max(0x72c000)
0 blocks written: ERROR
reading apalis_imx6/root.ext3
** Unable to read file apalis_imx6/root.ext3 **
switch to partitions #0, OK
mmc0(part 0) is current device

MMC write: dev # 0, block # 20750336, count 131072 ... MMC: block number 0x13d9fff exceeds max(0x72c000)
0 blocks written: ERROR
reading apalis_imx6/root.ext3
** Unable to read file apalis_imx6/root.ext3 **
switch to partitions #0, OK
mmc0(part 0) is current device

MMC write: dev # 0, block # 20881408, count 131072 ... MMC: block number 0x13f9fff exceeds max(0x72c000)
0 blocks written: ERROR
reading apalis_imx6/root.ext3
** Unable to read file apalis_imx6/root.ext3 **
switch to partitions #0, OK
mmc0(part 0) is current device

MMC write: dev # 0, block # 21012480, count 131072 ... MMC: block number 0x1419fff exceeds max(0x72c000)
0 blocks written: ERROR
reading apalis_imx6/root.ext3
** Unable to read file apalis_imx6/root.ext3 **
switch to partitions #0, OK
mmc0(part 0) is current device

MMC write: dev # 0, block # 21143552, count 131072 ... MMC: block number 0x1439fff exceeds max(0x72c000)
0 blocks written: ERROR
reading apalis_imx6/root.ext3
** Unable to read file apalis_imx6/root.ext3 **
switch to partitions #0, OK
mmc0(part 0) is current device

MMC write: dev # 0, block # 21274624, count 131072 ... MMC: block number 0x1459fff exceeds max(0x72c000)
0 blocks written: ERROR
reading apalis_imx6/root.ext3
** Unable to read file apalis_imx6/root.ext3 **
switch to partitions #0, OK
mmc0(part 0) is current device

MMC write: dev # 0, block # 21405696, count 131072 ... MMC: block number 0x1479fff exceeds max(0x72c000)
0 blocks written: ERROR
reading apalis_imx6/root.ext3
** Unable to read file apalis_imx6/root.ext3 **
switch to partitions #0, OK
mmc0(part 0) is current device

MMC write: dev # 0, block # 21536768, count 131072 ... MMC: block number 0x1499fff exceeds max(0x72c000)
0 blocks written: ERROR
reading apalis_imx6/root.ext3
** Unable to read file apalis_imx6/root.ext3 **
switch to partitions #0, OK
mmc0(part 0) is current device

MMC write: dev # 0, block # 21667840, count 131072 ... MMC: block number 0x14b9fff exceeds max(0x72c000)
0 blocks written: ERROR
reading apalis_imx6/root.ext3
** Unable to read file apalis_imx6/root.ext3 **
switch to partitions #0, OK
mmc0(part 0) is current device

MMC write: dev # 0, block # 21798912, count 131072 ... MMC: block number 0x14d9fff exceeds max(0x72c000)
0 blocks written: ERROR
reading apalis_imx6/root.ext3
** Unable to read file apalis_imx6/root.ext3 **
switch to partitions #0, OK
mmc0(part 0) is current device

MMC write: dev # 0, block # 21929984, count 131072 ... MMC: block number 0x14f9fff exceeds max(0x72c000)
0 blocks written: ERROR
reading apalis_imx6/root.ext3
** Unable to read file apalis_imx6/root.ext3 **
switch to partitions #0, OK
mmc0(part 0) is current device

MMC write: dev # 0, block # 22061056, count 131072 ... MMC: block number 0x1519fff exceeds max(0x72c000)
0 blocks written: ERROR
reading apalis_imx6/root.ext3
** Unable to read file apalis_imx6/root.ext3 **
switch to partitions #0, OK
mmc0(part 0) is current device

MMC write: dev # 0, block # 22192128, count 131072 ... MMC: block number 0x1539fff exceeds max(0x72c000)
0 blocks written: ERROR
reading apalis_imx6/root.ext3
** Unable to read file apalis_imx6/root.ext3 **
switch to partitions #0, OK
mmc0(part 0) is current device

MMC write: dev # 0, block # 22323200, count 131072 ... MMC: block number 0x1559fff exceeds max(0x72c000)
0 blocks written: ERROR
reading apalis_imx6/root.ext3
** Unable to read file apalis_imx6/root.ext3 **
switch to partitions #0, OK
mmc0(part 0) is current device

MMC write: dev # 0, block # 22454272, count 131072 ... MMC: block number 0x1579fff exceeds max(0x72c000)
0 blocks written: ERROR
reading apalis_imx6/root.ext3
** Unable to read file apalis_imx6/root.ext3 **
switch to partitions #0, OK
mmc0(part 0) is current device

MMC write: dev # 0, block # 22585344, count 131072 ... MMC: block number 0x1599fff exceeds max(0x72c000)
0 blocks written: ERROR
reading apalis_imx6/root.ext3
** Unable to read file apalis_imx6/root.ext3 **
switch to partitions #0, OK
mmc0(part 0) is current device

MMC write: dev # 0, block # 22716416, count 131072 ... MMC: block number 0x15b9fff exceeds max(0x72c000)
0 blocks written: ERROR
reading apalis_imx6/root.ext3
** Unable to read file apalis_imx6/root.ext3 **
switch to partitions #0, OK
mmc0(part 0) is current device

MMC write: dev # 0, block # 22847488, count 131072 ... MMC: block number 0x15d9fff exceeds max(0x72c000)
0 blocks written: ERROR
reading apalis_imx6/root.ext3
** Unable to read file apalis_imx6/root.ext3 **
switch to partitions #0, OK
mmc0(part 0) is current device

MMC write: dev # 0, block # 22978560, count 131072 ... MMC: block number 0x15f9fff exceeds max(0x72c000)
0 blocks written: ERROR
reading apalis_imx6/root.ext3
** Unable to read file apalis_imx6/root.ext3 **
switch to partitions #0, OK
mmc0(part 0) is current device

MMC write: dev # 0, block # 23109632, count 131072 ... MMC: block number 0x1619fff exceeds max(0x72c000)
0 blocks written: ERROR
reading apalis_imx6/root.ext3
** Unable to read file apalis_imx6/root.ext3 **
switch to partitions #0, OK
mmc0(part 0) is current device

MMC write: dev # 0, block # 23240704, count 131072 ... MMC: block number 0x1639fff exceeds max(0x72c000)
0 blocks written: ERROR
reading apalis_imx6/root.ext3
** Unable to read file apalis_imx6/root.ext3 **
switch to partitions #0, OK
mmc0(part 0) is current device

MMC write: dev # 0, block # 23371776, count 131072 ... MMC: block number 0x1659fff exceeds max(0x72c000)
0 blocks written: ERROR
reading apalis_imx6/root.ext3
** Unable to read file apalis_imx6/root.ext3 **
switch to partitions #0, OK
mmc0(part 0) is current device

MMC write: dev # 0, block # 23502848, count 131072 ... MMC: block number 0x1679fff exceeds max(0x72c000)
0 blocks written: ERROR
reading apalis_imx6/root.ext3
** Unable to read file apalis_imx6/root.ext3 **
switch to partitions #0, OK
mmc0(part 0) is current device

MMC write: dev # 0, block # 23633920, count 131072 ... MMC: block number 0x1699fff exceeds max(0x72c000)
0 blocks written: ERROR
reading apalis_imx6/root.ext3
** Unable to read file apalis_imx6/root.ext3 **
switch to partitions #0, OK
mmc0(part 0) is current device

MMC write: dev # 0, block # 23764992, count 131072 ... MMC: block number 0x16b9fff exceeds max(0x72c000)
0 blocks written: ERROR
reading apalis_imx6/root.ext3
** Unable to read file apalis_imx6/root.ext3 **
switch to partitions #0, OK
mmc0(part 0) is current device

MMC write: dev # 0, block # 23896064, count 131072 ... MMC: block number 0x16d9fff exceeds max(0x72c000)
0 blocks written: ERROR
reading apalis_imx6/root.ext3
** Unable to read file apalis_imx6/root.ext3 **
switch to partitions #0, OK
mmc0(part 0) is current device

MMC write: dev # 0, block # 24027136, count 131072 ... MMC: block number 0x16f9fff exceeds max(0x72c000)
0 blocks written: ERROR
reading apalis_imx6/root.ext3
** Unable to read file apalis_imx6/root.ext3 **
switch to partitions #0, OK
mmc0(part 0) is current device

MMC write: dev # 0, block # 24158208, count 131072 ... MMC: block number 0x1719fff exceeds max(0x72c000)
0 blocks written: ERROR
reading apalis_imx6/root.ext3
** Unable to read file apalis_imx6/root.ext3 **
switch to partitions #0, OK
mmc0(part 0) is current device

MMC write: dev # 0, block # 24289280, count 131072 ... MMC: block number 0x1739fff exceeds max(0x72c000)
0 blocks written: ERROR
reading apalis_imx6/root.ext3
** Unable to read file apalis_imx6/root.ext3 **
switch to partitions #0, OK
mmc0(part 0) is current device

MMC write: dev # 0, block # 24420352, count 131072 ... MMC: block number 0x1759fff exceeds max(0x72c000)
0 blocks written: ERROR
reading apalis_imx6/root.ext3
** Unable to read file apalis_imx6/root.ext3 **
switch to partitions #0, OK
mmc0(part 0) is current device

MMC write: dev # 0, block # 24551424, count 131072 ... MMC: block number 0x1779fff exceeds max(0x72c000)
0 blocks written: ERROR
reading apalis_imx6/root.ext3
** Unable to read file apalis_imx6/root.ext3 **
switch to partitions #0, OK
mmc0(part 0) is current device

MMC write: dev # 0, block # 24682496, count 131072 ... MMC: block number 0x1799fff exceeds max(0x72c000)
0 blocks written: ERROR
reading apalis_imx6/root.ext3
** Unable to read file apalis_imx6/root.ext3 **
switch to partitions #0, OK
mmc0(part 0) is current device

MMC write: dev # 0, block # 24813568, count 131072 ... MMC: block number 0x17b9fff exceeds max(0x72c000)
0 blocks written: ERROR
reading apalis_imx6/root.ext3
** Unable to read file apalis_imx6/root.ext3 **
switch to partitions #0, OK
mmc0(part 0) is current device

MMC write: dev # 0, block # 24944640, count 131072 ... MMC: block number 0x17d9fff exceeds max(0x72c000)
0 blocks written: ERROR
reading apalis_imx6/root.ext3
** Unable to read file apalis_imx6/root.ext3 **
switch to partitions #0, OK
mmc0(part 0) is current device

MMC write: dev # 0, block # 25075712, count 131072 ... MMC: block number 0x17f9fff exceeds max(0x72c000)
0 blocks written: ERROR
reading apalis_imx6/root.ext3
** Unable to read file apalis_imx6/root.ext3 **
switch to partitions #0, OK
mmc0(part 0) is current device

MMC write: dev # 0, block # 25206784, count 131072 ... MMC: block number 0x1819fff exceeds max(0x72c000)
0 blocks written: ERROR
reading apalis_imx6/root.ext3
** Unable to read file apalis_imx6/root.ext3 **
switch to partitions #0, OK
mmc0(part 0) is current device

MMC write: dev # 0, block # 25337856, count 131072 ... MMC: block number 0x1839fff exceeds max(0x72c000)
0 blocks written: ERROR
reading apalis_imx6/root.ext3
** Unable to read file apalis_imx6/root.ext3 **
switch to partitions #0, OK
mmc0(part 0) is current device

MMC write: dev # 0, block # 25468928, count 131072 ... MMC: block number 0x1859fff exceeds max(0x72c000)
0 blocks written: ERROR
reading apalis_imx6/root.ext3
** Unable to read file apalis_imx6/root.ext3 **
switch to partitions #0, OK
mmc0(part 0) is current device

MMC write: dev # 0, block # 25600000, count 131072 ... MMC: block number 0x1879fff exceeds max(0x72c000)
0 blocks written: ERROR
reading apalis_imx6/root.ext3
** Unable to read file apalis_imx6/root.ext3 **
switch to partitions #0, OK
mmc0(part 0) is current device

MMC write: dev # 0, block # 25731072, count 131072 ... MMC: block number 0x1899fff exceeds max(0x72c000)
0 blocks written: ERROR
reading apalis_imx6/root.ext3
** Unable to read file apalis_imx6/root.ext3 **
switch to partitions #0, OK
mmc0(part 0) is current device

MMC write: dev # 0, block # 25862144, count 131072 ... MMC: block number 0x18b9fff exceeds max(0x72c000)
0 blocks written: ERROR
reading apalis_imx6/root.ext3
** Unable to read file apalis_imx6/root.ext3 **
switch to partitions #0, OK
mmc0(part 0) is current device

MMC write: dev # 0, block # 25993216, count 131072 ... MMC: block number 0x18d9fff exceeds max(0x72c000)
0 blocks written: ERROR
reading apalis_imx6/root.ext3
** Unable to read file apalis_imx6/root.ext3 **
switch to partitions #0, OK
mmc0(part 0) is current device

