

U-Boot 2017.03-00002-gebf9dc2527 (Jan 31 2018 - 14:59:40 +0530)

CPU:   Freescale i.MX6Q rev1.5 at 792 MHz
Reset cause: POR
I2C:   ready
DRAM:  2 GiB
PMIC: device id: 0x10, revision id: 0x21
PMIC: programmed
MMC:   FSL_SDHC: 0, FSL_SDHC: 1, FSL_SDHC: 2
Unable to allocate framebuffer memory
In:    serial
Out:   serial
Err:   serial
Model: Toradex Apalis iMX6 Quad 2GB IT V1.1C, Serial# 05146387
flash target is MMC:0
Net:   using PHY at 7
FEC [PRIME]
Fastboot: Normal
Hit any key to stop autoboot:  1  0 
boota mmc0 
CACHE: Misaligned operation at range [8ffb79a0, 8ffb7a20]
CACHE: Misaligned operation at range [8ffb79a0, 8ffb7a20]
kernel   @ 14008000 (9840904)
ramdisk  @ 15000000 (1628773)
fdt      @ 14f00000 (53981)
## Booting Android Image at 0x12000000 ...
Kernel load addr 0x14008000 size 9611 KiB
Kernel command line: console=ttymxc0,115200 init=/init video=mxcfb0:dev=lcd,FusionF07A,if=RGB24 video=mxcfb1:dev=hdmi,640x480M@60,if=RGB24,bpp=16 video=mxcfb2:off video=mxcfb3:off vmalloc=256M androidboot.console=ttymxc0 consoleblank=0 androidboot.hardware=freescale cma=448M androidboot.selinux=permissive androidboot.dm_verity=disabled androidboot.serialno=1b2429d4ea997115 androidboot.storage_type=emmc
## Flattened Device Tree blob at 14f00000
   Booting using the fdt blob at 0x14f00000
   Loading Kernel Image ... OK
   Using Device Tree in place at 14f00000, end 14f102dc

Starting kernel ...

Booting Linux on physical CPU 0x0
Linux version 4.9.67-07229-gdc6c16ec0433-dirty (embadmin@ubuntu) (gcc version 4.9 20150123 (prerelease) (GCC) ) #30 SMP PREEMPT Wed Jan 31 15:12:01 IST 2018
CPU: ARMv7 Processor [412fc09a] revision 10 (ARMv7), cr=10c53c7d
CPU: PIPT / VIPT nonaliasing data cache, VIPT aliasing instruction cache
OF: fdt:Machine model: Aravinth : Toradex Apalis iMX6Q/D Module on Ixora V1.1 Carrier Board
cma: Reserved 448 MiB at 0x22000000
Memory policy: Data cache writealloc
percpu: Embedded 15 pages/cpu @ee6b3000 s31040 r8192 d22208 u61440
Built 1 zonelists in Zone order, mobility grouping on.  Total pages: 522768
Kernel command line: console=ttymxc0,115200 init=/init video=mxcfb0:dev=lcd,FusionF07A,if=RGB24 video=mxcfb1:dev=hdmi,640x480M@60,if=RGB24,bpp=16 video=mxcfb2:off video=mxcfb3:off vmalloc=256M androidboot.console=ttymxc0 consoleblank=0 androidboot.hardware=freescale cma=448M androidboot.selinux=permissive androidboot.dm_verity=disabled androidboot.serialno=1b2429d4ea997115 androidboot.storage_type=emmc
PID hash table entries: 4096 (order: 2, 16384 bytes)
Dentry cache hash table entries: 131072 (order: 7, 524288 bytes)
Inode-cache hash table entries: 65536 (order: 6, 262144 bytes)
Memory: 1597024K/2097152K available (13312K kernel code, 1153K rwdata, 4024K rodata, 1024K init, 605K bss, 41376K reserved, 458752K cma-reserved, 1318912K highmem)
Virtual kernel memory layout:
    vector  : 0xffff0000 - 0xffff1000   (   4 kB)
    fixmap  : 0xffc00000 - 0xfff00000   (3072 kB)
    vmalloc : 0xf0000000 - 0xff800000   ( 248 MB)
    lowmem  : 0xc0000000 - 0xef800000   ( 760 MB)
    pkmap   : 0xbfe00000 - 0xc0000000   (   2 MB)
    modules : 0xbf000000 - 0xbfe00000   (  14 MB)
      .text : 0xc0008000 - 0xc0e00000   (14304 kB)
      .init : 0xc1300000 - 0xc1400000   (1024 kB)
      .data : 0xc1400000 - 0xc1520558   (1154 kB)
       .bss : 0xc1520558 - 0xc15b7c20   ( 606 kB)
SLUB: HWalign=64, Order=0-3, MinObjects=0, CPUs=4, Nodes=1
Preemptible hierarchical RCU implementation.
	Build-time adjustment of leaf fanout to 32.
NR_IRQS:16 nr_irqs:16 16
L2C-310 errata 752271 769419 enabled
L2C-310 enabling early BRESP for Cortex-A9
L2C-310 full line of zeros enabled for Cortex-A9
L2C-310 ID prefetch enabled, offset 16 lines
L2C-310 dynamic clock gating enabled, standby mode enabled
L2C-310 cache controller enabled, 16 ways, 1024 kB
L2C-310: CACHE_ID 0x410000c7, AUX_CTRL 0x76470001
Switching to timer-based delay loop, resolution 333ns
sched_clock: 32 bits at 3000kHz, resolution 333ns, wraps every 715827882841ns
clocksource: mxc_timer1: mask: 0xffffffff max_cycles: 0xffffffff, max_idle_ns: 637086815595 ns
Console: colour dummy device 80x30
Calibrating delay loop (skipped), value calculated using timer frequency.. 6.00 BogoMIPS (lpj=30000)
pid_max: default: 32768 minimum: 301
Security Framework initialized
SELinux:  Initializing.
Mount-cache hash table entries: 2048 (order: 1, 8192 bytes)
Mountpoint-cache hash table entries: 2048 (order: 1, 8192 bytes)
CPU: Testing write buffer coherency: ok
CPU0: update cpu_capacity 1024
CPU0: thread -1, cpu 0, socket 0, mpidr 80000000
Setting up static identity map for 0x10100000 - 0x10100058
CPU1: update cpu_capacity 1024
CPU1: thread -1, cpu 1, socket 0, mpidr 80000001
CPU2: update cpu_capacity 1024
CPU2: thread -1, cpu 2, socket 0, mpidr 80000002
CPU3: update cpu_capacity 1024
CPU3: thread -1, cpu 3, socket 0, mpidr 80000003
Brought up 4 CPUs
SMP: Total of 4 processors activated (24.00 BogoMIPS).
CPU: All CPU(s) started in SVC mode.
CPU3: update max cpu_capacity 1024
devtmpfs: initialized
CPU2: update max cpu_capacity 1024
VFP support v0.3: implementor 41 architecture 3 part 30 variant 9 rev 4
clocksource: jiffies: mask: 0xffffffff max_cycles: 0xffffffff, max_idle_ns: 19112604462750000 ns
futex hash table entries: 1024 (order: 4, 65536 bytes)
pinctrl core: initialized pinctrl subsystem
NET: Registered protocol family 16
DMA: preallocated 256 KiB pool for atomic coherent allocations
cpuidle: using governor menu
CPU identified as i.MX6Q, silicon rev 1.5
hw-breakpoint: found 5 (+1 reserved) breakpoint and 1 watchpoint registers.
hw-breakpoint: maximum watchpoint size is 4 bytes.
imx6q-pinctrl 20e0000.iomuxc: initialized IMX pinctrl driver
imx-gpc 20dc000.gpc: no fsl,ldo-bypass found!
imx-gpc 20dc000.gpc: Registered imx-gpc
mxs-dma 110000.dma-apbh: initialized
usb_host_vbus: supplied by usb_host_vbus_hub
SCSI subsystem initialized
usbcore: registered new interface driver usbfs
usbcore: registered new interface driver hub
usbcore: registered new device driver usb
2000000.aips-bus:usbphy_nop1 supply vcc not found, using dummy regulator
2000000.aips-bus:usbphy_nop2 supply vcc not found, using dummy regulator
i2c i2c-1: IMX I2C adapter registered
i2c i2c-1: can't use DMA, using PIO instead.
stmpe-i2c 2-0041: stmpe811 detected, chip id: 0x811
i2c i2c-2: IMX I2C adapter registered
i2c i2c-2: can't use DMA, using PIO instead.
i2c i2c-3: IMX I2C adapter registered
i2c i2c-3: can't use DMA, using PIO instead.
Linux video capture interface: v2.00
pps_core: LinuxPPS API ver. 1 registered
pps_core: Software ver. 5.3.6 - Copyright 2005-2007 Rodolfo Giometti <giometti@linux.it>
PTP clock support registered
imx-ipuv3 2400000.ipu: IPU DMFC NORMAL mode: 1(0~1), 5B(4,5), 5F(6,7)
imx-ipuv3 2800000.ipu: IPU DMFC NORMAL mode: 1(0~1), 5B(4,5), 5F(6,7)
mxc_mipi_csi2 21dc000.mipi_csi: i.MX MIPI CSI2 driver probed ipu0 csi1
mxc_mipi_csi2 21dc000.mipi_csi: i.MX MIPI CSI2 dphy version is 0x3130302a
MIPI CSI2 driver module loaded
imx rpmsg driver is registered.
Advanced Linux Sound Architecture Driver Initialized.
Bluetooth: Core ver 2.22
NET: Registered protocol family 31
Bluetooth: HCI device and connection manager initialized
Bluetooth: HCI socket layer initialized
Bluetooth: L2CAP socket layer initialized
Bluetooth: SCO socket layer initialized
clocksource: Switched to clocksource mxc_timer1
VFS: Disk quotas dquot_6.6.0
VFS: Dquot-cache hash table entries: 1024 (order 0, 4096 bytes)
NET: Registered protocol family 2
TCP established hash table entries: 8192 (order: 3, 32768 bytes)
TCP bind hash table entries: 8192 (order: 4, 65536 bytes)
TCP: Hash tables configured (established 8192 bind 8192)
UDP hash table entries: 512 (order: 2, 16384 bytes)
UDP-Lite hash table entries: 512 (order: 2, 16384 bytes)
NET: Registered protocol family 1
RPC: Registered named UNIX socket transport module.
RPC: Registered udp transport module.
RPC: Registered tcp transport module.
RPC: Registered tcp NFSv4.1 backchannel transport module.
Trying to unpack rootfs image as initramfs...
Freeing initrd memory: 1592K
hw perfevents: enabled with armv7_cortex_a9 PMU driver, 7 counters available
Bus freq driver module loaded
audit: initializing netlink subsys (disabled)
audit: type=2000 audit(0.880:1): initialized
workingset: timestamp_bits=30 max_order=19 bucket_order=0
NFS: Registering the id_resolver key type
Key type id_resolver registered
Key type id_legacy registered
ntfs: driver 2.1.32 [Flags: R/W DEBUG].
jffs2: version 2.2. (NAND) © 2001-2006 Red Hat, Inc.
fuse init (API version 7.26)
bounce: pool size: 64 pages
io scheduler noop registered
io scheduler deadline registered
io scheduler cfq registered (default)
backlight supply power not found, using dummy regulator
20e0000.hdmi_video supply HDMI not found, using dummy regulator
mxc_sdc_fb fb@0: registered mxc display driver lcd
Console: switching to colour frame buffer device 100x30
mxc_hdmi 20e0000.hdmi_video: Detected HDMI controller 0x13:0xa:0xa0:0xc1
fbcvt: 640x480@60: CVT Name - .307M3
mxc_sdc_fb fb@1: registered mxc display driver hdmi
mxc_sdc_fb fb@2: Can't get fb option for mxcfb2!
mxc_sdc_fb fb@3: Can't get fb option for mxcfb3!
imx-sdma 20ec000.sdma: no iram assigned, using external mem
imx-sdma 20ec000.sdma: loaded firmware 3.3
pfuze100-regulator 2-0008: Full layer: 2, Metal layer: 1
pfuze100-regulator 2-0008: FAB: 0, FIN: 0
pfuze100-regulator 2-0008: pfuze100 found.
mxc_hdmi 20e0000.hdmi_video: Read EDID again
2020000.serial: ttymxc0 at MMIO 0x2020000 (irq = 29, base_baud = 5000000) is a IMX
mxc_hdmi 20e0000.hdmi_video: create default modelist
console [ttymxc0] enabled
21e8000.serial: ttymxc1 at MMIO 0x21e8000 (irq = 78, base_baud = 5000000) is a IMX
21f0000.serial: ttymxc3 at MMIO 0x21f0000 (irq = 79, base_baud = 5000000) is a IMX
21f4000.serial: ttymxc4 at MMIO 0x21f4000 (irq = 80, base_baud = 5000000) is a IMX
imx sema4 driver is registered.
[drm] Initialized
[drm] Initialized vivante 1.0.0 20120216 on minor 0
brd: module loaded
loop: module loaded
zram: Added device: zram0
ahci-imx 2200000.sata: fsl,transmit-level-mV not specified, using 00000024
ahci-imx 2200000.sata: fsl,transmit-boost-mdB not specified, using 00000480
ahci-imx 2200000.sata: fsl,transmit-atten-16ths not specified, using 00002000
ahci-imx 2200000.sata: fsl,receive-eq-mdB not specified, using 05000000
ahci-imx 2200000.sata: SSS flag set, parallel bus scan disabled
ahci-imx 2200000.sata: AHCI 0001.0300 32 slots 1 ports 3 Gbps 0x1 impl platform mode
ahci-imx 2200000.sata: flags: ncq sntf stag pm led clo only pmp pio slum part ccc apst 
scsi host0: ahci-imx
ata1: SATA max UDMA/133 mmio [mem 0x02200000-0x02203fff] port 0x100 irq 87
spi_imx 2008000.ecspi: probed
libphy: Fixed MDIO Bus: probed
tun: Universal TUN/TAP device driver, 1.6
tun: (C) 1999-2004 Max Krasnyansky <maxk@qualcomm.com>
CAN device driver interface
2090000.flexcan supply xceiver not found, using dummy regulator
flexcan 2090000.flexcan: device registered (reg_base=f02f4000, irq=38)
2094000.flexcan supply xceiver not found, using dummy regulator
flexcan 2094000.flexcan: device registered (reg_base=f02fc000, irq=39)
2188000.ethernet supply phy not found, using dummy regulator
pps pps0: new PPS source ptp0
libphy: fec_enet_mii_bus: probed
fec 2188000.ethernet eth0: registered PHC device 0
PPP generic driver version 2.4.2
PPP BSD Compression module registered
PPP Deflate Compression module registered
PPP MPPE Compression module registered
NET: Registered protocol family 24
usbcore: registered new interface driver rtl8xxxu
usbcore: registered new interface driver kaweth
pegasus: v0.9.3 (2013/04/25), Pegasus/Pegasus II USB Ethernet driver
usbcore: registered new interface driver pegasus
usbcore: registered new interface driver rtl8150
usbcore: registered new interface driver r8152
usbcore: registered new interface driver asix
usbcore: registered new interface driver ax88179_178a
usbcore: registered new interface driver cdc_ether
usbcore: registered new interface driver cdc_eem
usbcore: registered new interface driver net1080
usbcore: registered new interface driver cdc_subset
usbcore: registered new interface driver zaurus
usbcore: registered new interface driver cdc_ncm
ehci_hcd: USB 2.0 'Enhanced' Host Controller (EHCI) Driver
ehci-mxc: Freescale On-Chip EHCI Host driver
usbcore: registered new interface driver cdc_acm
cdc_acm: USB Abstract Control Model driver for USB modems and ISDN adapters
usbcore: registered new interface driver usb-storage
usbcore: registered new interface driver usbserial
usbcore: registered new interface driver usbserial_generic
usbserial: USB Serial support registered for generic
usbcore: registered new interface driver ftdi_sio
usbserial: USB Serial support registered for FTDI USB Serial Device
usbcore: registered new interface driver option
usbserial: USB Serial support registered for GSM modem (1-port)
usbcore: registered new interface driver usbtest
usbcore: registered new interface driver usb_ehset_test
2184800.usbmisc supply vbus-wakeup not found, using dummy regulator
ci_hdrc ci_hdrc.1: EHCI Host Controller
ci_hdrc ci_hdrc.1: new USB bus registered, assigned bus number 1
ci_hdrc ci_hdrc.1: USB 2.0 started, EHCI 1.00
usb usb1: New USB device found, idVendor=1d6b, idProduct=0002
usb usb1: New USB device strings: Mfr=3, Product=2, SerialNumber=1
usb usb1: Product: EHCI Host Controller
usb usb1: Manufacturer: Linux 4.9.67-07229-gdc6c16ec0433-dirty ehci_hcd
ata1: SATA link down (SStatus 0 SControl 300)
ahci-imx 2200000.sata: no device found, disabling link.
ahci-imx 2200000.sata: pass ahci_imx..hotplug=1 to enable hotplug
usb usb1: SerialNumber: ci_hdrc.1
hub 1-0:1.0: USB hub found
hub 1-0:1.0: 1 port detected
mousedev: PS/2 mouse device common for all mice
usbcore: registered new interface driver xpad
usbcore: registered new interface driver usb_acecad
usbcore: registered new interface driver aiptek
usbcore: registered new interface driver gtco
usbcore: registered new interface driver hanwang
usbcore: registered new interface driver kbtab
input: stmpe-ts as /devices/soc0/soc/2100000.aips-bus/21a4000.i2c/i2c-2/2-0041/stmpe-ts/input/input0
snvs_rtc 20cc000.snvs:snvs-rtc-lp: rtc core: registered 20cc000.snvs:snvs-r as rtc0
i2c /dev entries driver
IR NEC protocol handler initialized
IR RC5(x/sz) protocol handler initialized
IR RC6 protocol handler initialized
IR JVC protocol handler initialized
IR Sony protocol handler initialized
IR SANYO protocol handler initialized
IR Sharp protocol handler initialized
IR MCE Keyboard/mouse protocol handler initialized
IR XMP protocol handler initialized
mxc_v4l2_output v4l2_out: V4L2 device registered as video16
mxc_v4l2_output v4l2_out: V4L2 device registered as video17
mxc_v4l2_output v4l2_out: V4L2 device registered as video18
ov564x_mipi 3-003c: found pwm2, period=0
usb 1-1: new high-speed USB device number 2 using ci_hdrc
ov5640_read_reg:write reg error:reg=300a
camera ov5640_mipi is not found
usbcore: registered new interface driver uvcvideo
USB Video Class driver (1.1.1)
imx2-wdt 20bc000.wdog: timeout 60 sec (nowayout=0)
device-mapper: uevent: version 1.0.3
device-mapper: ioctl: 4.35.0-ioctl (2016-06-23) initialised: dm-devel@redhat.com
Bluetooth: HCI UART driver ver 2.3
Bluetooth: HCI UART protocol H4 registered
Bluetooth: HCI UART protocol BCSP registered
Bluetooth: HCI UART protocol ATH3K registered
usbcore: registered new interface driver btusb
sdhci: Secure Digital Host Controller Interface driver
sdhci: Copyright(c) Pierre Ossman
sdhci-pltfm: SDHCI platform and OF driver helper
sdhci-esdhc-imx 2190000.usdhc: could not get ultra high speed state, work on normal mode
sdhci-esdhc-imx 2190000.usdhc: Got CD GPIO
mmc1: SDHCI controller on 2190000.usdhc [2190000.usdhc] using ADMA
sdhci-esdhc-imx 2198000.usdhc: could not get ultra high speed state, work on normal mode
usb 1-1: New USB device found, idVendor=0424, idProduct=2514
usb 1-1: New USB device strings: Mfr=0, Product=0, SerialNumber=0
hub 1-1:1.0: USB hub found
hub 1-1:1.0: 4 ports detected
mmc0: SDHCI controller on 2198000.usdhc [2198000.usdhc] using ADMA
mxc_vpu 2040000.vpu_fsl: VPU initialized
mxc_vdoa 21e4000.vdoa: i.MX Video Data Order Adapter(VDOA) driver probed
mxc_hdmi_cec soc:hdmi_cec@00120000: HDMI CEC initialized
Galcore version 6.2.2.96445
mmc0: new DDR MMC card at address 0001
mmcblk0: mmc0:0001 Q2J54A 3.59 GiB 
mmcblk0boot0: mmc0:0001 Q2J54A partition 1 16.0 MiB
mmcblk0boot1: mmc0:0001 Q2J54A partition 2 16.0 MiB
random: fast init done
Alternate GPT is invalid, using primary GPT.
 mmcblk0: p1 p2 p3 p4 p5 p6 p7 p8 p9 p10 p11
usb 1-1.2: new low-speed USB device number 3 using ci_hdrc
usb 1-1.2: New USB device found, idVendor=413c, idProduct=301a
usb 1-1.2: New USB device strings: Mfr=1, Product=2, SerialNumber=0
usb 1-1.2: Product: Dell MS116 USB Optical Mouse
usb 1-1.2: Manufacturer: PixArt
usb 1-1.3: new high-speed USB device number 4 using ci_hdrc
usb 1-1.3: New USB device found, idVendor=7392, idProduct=a611
usb 1-1.3: New USB device strings: Mfr=1, Product=2, SerialNumber=3
usb 1-1.3: Product: Edimax Wi-Fi N150 Bluetooth4.0 USB Adapter
usb 1-1.3: Manufacturer: Realtek
usb 1-1.3: SerialNumber: 00e04c000001
caam 2100000.caam: ERA source: CAAMVID.
caam 2100000.caam: AXI pipeline throttling enabled.
caam 2100000.caam: Instantiated RNG4 SH1
caam 2100000.caam: device ID = 0x0a16010000000000 (Era 4)
caam 2100000.caam: job rings = 2, qi = 0
caam algorithms registered in /proc/crypto
caam_jr 2101000.jr0: registering rng-caam
platform caam_sm: blkkey_ex: 4 keystore units available
platform caam_sm: 64-bit clear key:
platform caam_sm: [0000] 00 01 02 03 04 0f 06 07
platform caam_sm: 64-bit black key:
platform caam_sm: [0000] 81 0c ea 6c 9b 39 17 9d
platform caam_sm: [0008] eb ec cd 87 66 e2 84 e5
platform caam_sm: 128-bit clear key:
platform caam_sm: [0000] 00 01 02 03 04 0f 06 07
platform caam_sm: [0008] 08 09 0a 0b 0c 0d 0e 0f
platform caam_sm: 128-bit black key:
platform caam_sm: [0000] 9b f4 85 8e aa 87 33 4e
platform caam_sm: [0008] 55 e7 3e 18 c3 5e 02 01
platform caam_sm: 192-bit clear key:
platform caam_sm: [0000] 00 01 02 03 04 0f 06 07
platform caam_sm: [0008] 08 09 0a 0b 0c 0d 0e 0f
platform caam_sm: [0016] 10 11 12 13 14 15 16 17
platform caam_sm: 192-bit black key:
platform caam_sm: [0000] bc 17 5c 7f 9e 03 2d 9d
platform caam_sm: [0008] 8c 83 df 63 05 1a 14 fb
platform caam_sm: [0016] 77 cd d7 4e 3e ec fe f6
platform caam_sm: [0024] 6b 97 18 9d e4 61 5b fe
platform caam_sm: 256-bit clear key:
platform caam_sm: [0000] 00 01 02 03 04 0f 06 07
platform caam_sm: [0008] 08 09 0a 0b 0c 0d 0e 0f
platform caam_sm: [0016] 10 11 12 13 14 15 16 17
platform caam_sm: [0024] 18 19 1a 1b 1c 1d 1e 1f
platform caam_sm: 256-bit black key:
platform caam_sm: [0000] 6f 20 37 b6 45 fb 16 75
platform caam_sm: [0008] 68 f9 30 92 51 d4 2f 00
platform caam_sm: [0016] fb c8 f7 31 67 a4 b7 a1
platform caam_sm: [0024] 03 bf 71 0f 8e e9 cd 10
platform caam_sm: 64-bit unwritten blob:
platform caam_sm: [0000] 00 00 00 00 00 00 00 00
platform caam_sm: [0008] 00 00 00 00 00 00 00 00
platform caam_sm: [0016] 00 00 00 00 00 00 00 00
platform caam_sm: [0024] 00 00 00 00 00 00 00 00
platform caam_sm: [0032] 00 00 00 00 00 00 00 00
platform caam_sm: [0040] 00 00 00 00 00 00 00 00
platform caam_sm: [0048] 00 00 00 00 00 00 00 00
platform caam_sm: [0056] 00 00 00 00 00 00 00 00
platform caam_sm: [0064] 00 00 00 00 00 00 00 00
platform caam_sm: [0072] 00 00 00 00 00 00 00 00
platform caam_sm: [0080] 00 00 00 00 00 00 00 00
platform caam_sm: [0088] 00 00 00 00 00 00 00 00
platform caam_sm: 128-bit unwritten blob:
platform caam_sm: [0000] 00 00 00 00 00 00 00 00
platform caam_sm: [0008] 00 00 00 00 00 00 00 00
platform caam_sm: [0016] 00 00 00 00 00 00 00 00
platform caam_sm: [0024] 00 00 00 00 00 00 00 00
platform caam_sm: [0032] 00 00 00 00 00 00 00 00
platform caam_sm: [0040] 00 00 00 00 00 00 00 00
platform caam_sm: [0048] 00 00 00 00 00 00 00 00
platform caam_sm: [0056] 00 00 00 00 00 00 00 00
platform caam_sm: [0064] 00 00 00 00 00 00 00 00
platform caam_sm: [0072] 00 00 00 00 00 00 00 00
platform caam_sm: [0080] 00 00 00 00 00 00 00 00
platform caam_sm: [0088] 00 00 00 00 00 00 00 00
platform caam_sm: 196-bit unwritten blob:
platform caam_sm: [0000] 00 00 00 00 00 00 00 00
platform caam_sm: [0008] 00 00 00 00 00 00 00 00
platform caam_sm: [0016] 00 00 00 00 00 00 00 00
platform caam_sm: [0024] 00 00 00 00 00 00 00 00
platform caam_sm: [0032] 00 00 00 00 00 00 00 00
platform caam_sm: [0040] 00 00 00 00 00 00 00 00
platform caam_sm: [0048] 00 00 00 00 00 00 00 00
platform caam_sm: [0056] 00 00 00 00 00 00 00 00
platform caam_sm: [0064] 00 00 00 00 00 00 00 00
platform caam_sm: [0072] 00 00 00 00 00 00 00 00
platform caam_sm: [0080] 00 00 00 00 00 00 00 00
platform caam_sm: [0088] 00 00 00 00 00 00 00 00
platform caam_sm: 256-bit unwritten blob:
platform caam_sm: [0000] 00 00 00 00 00 00 00 00
platform caam_sm: [0008] 00 00 00 00 00 00 00 00
platform caam_sm: [0016] 00 00 00 00 00 00 00 00
platform caam_sm: [0024] 00 00 00 00 00 00 00 00
platform caam_sm: [0032] 00 00 00 00 00 00 00 00
platform caam_sm: [0040] 00 00 00 00 00 00 00 00
platform caam_sm: [0048] 00 00 00 00 00 00 00 00
platform caam_sm: [0056] 00 00 00 00 00 00 00 00
platform caam_sm: [0064] 00 00 00 00 00 00 00 00
platform caam_sm: [0072] 00 00 00 00 00 00 00 00
platform caam_sm: [0080] 00 00 00 00 00 00 00 00
platform caam_sm: [0088] 00 00 00 00 00 00 00 00
platform caam_sm: 64-bit black key in blob:
platform caam_sm: [0000] a8 1a b4 1d 4f 8f f0 9b
platform caam_sm: [0008] 0c d4 42 5f 08 3d 5f 6b
platform caam_sm: [0016] bf 6e 37 4c c7 9f 16 c3
platform caam_sm: [0024] 72 ef 0c 75 20 2c 79 d0
platform caam_sm: [0032] 71 9a 47 47 e5 3e a4 f0
platform caam_sm: [0040] 91 0d b9 ac 6b 06 a8 74
platform caam_sm: [0048] dd 89 39 04 c9 44 ac aa
platform caam_sm: [0056] 00 00 00 00 00 00 00 00
platform caam_sm: [0064] 00 00 00 00 00 00 00 00
platform caam_sm: [0072] 00 00 00 00 00 00 00 00
platform caam_sm: [0080] 00 00 00 00 00 00 00 00
platform caam_sm: [0088] 00 00 00 00 00 00 00 00
platform caam_sm: 128-bit black key in blob:
platform caam_sm: [0000] a8 67 1e 24 1b 46 78 b1
platform caam_sm: [0008] 5f 3c d5 a0 2e 34 a1 90
platform caam_sm: [0016] c4 3d c4 ec 5f 89 55 de
platform caam_sm: [0024] ed a8 1b 54 b3 1d c8 0a
platform caam_sm: [0032] 98 03 ac 5b c3 7a c4 9f
platform caam_sm: [0040] 72 ec 50 83 fd 91 24 7e
platform caam_sm: [0048] 3d e0 77 e2 8e f4 aa a1
platform caam_sm: [0056] 1f 80 c4 90 a6 ae 83 13
platform caam_sm: [0064] 00 00 00 00 00 00 00 00
platform caam_sm: [0072] 00 00 00 00 00 00 00 00
platform caam_sm: [0080] 00 00 00 00 00 00 00 00
platform caam_sm: [0088] 00 00 00 00 00 00 00 00
platform caam_sm: 192-bit black key in blob:
platform caam_sm: [0000] fa 42 44 3f 42 50 58 e9
platform caam_sm: [0008] a0 cf 18 2f ef be bf 7c
platform caam_sm: [0016] 44 0e 04 da 96 07 21 e9
platform caam_sm: [0024] c2 cb 46 8f 0a 5a e8 57
platform caam_sm: [0032] 72 d7 6c f9 29 53 69 90
platform caam_sm: [0040] f7 be ea 1b 8c a1 35 bb
platform caam_sm: [0048] 0a ba 0a 97 27 6f f1 5e
platform caam_sm: [0056] 88 79 4f 0d e3 c4 52 89
platform caam_sm: [0064] b1 7c bf 48 5c c3 7f b2
platform caam_sm: [0072] 00 00 00 00 00 00 00 00
platform caam_sm: [0080] 00 00 00 00 00 00 00 00
platform caam_sm: [0088] 00 00 00 00 00 00 00 00
platform caam_sm: 256-bit black key in blob:
platform caam_sm: [0000] 3e f0 21 5d a2 26 ac d1
platform caam_sm: [0008] 0d 6f 5c 68 80 85 2b b5
platform caam_sm: [0016] 9d 40 65 e5 6f 75 64 c0
platform caam_sm: [0024] 03 90 f7 e8 6b a2 c5 79
platform caam_sm: [0032] b6 84 ff 9e 51 22 7f 01
platform caam_sm: [0040] 25 d6 ea ea 5a 84 db 6a
platform caam_sm: [0048] f6 a4 ef 56 2c f1 14 cf
platform caam_sm: [0056] b1 e7 73 e2 66 b8 53 b4
platform caam_sm: [0064] 07 be 1f 28 66 cd 2b fb
platform caam_sm: [0072] 5d 35 52 f8 c3 44 f7 66
platform caam_sm: [0080] 00 00 00 00 00 00 00 00
platform caam_sm: [0088] 00 00 00 00 00 00 00 00
platform caam_sm: restored 64-bit black key:
platform caam_sm: [0000] 89 82 03 3c 35 f5 56 4d
platform caam_sm: [0008] 2d aa ee f1 23 d3 33 71
platform caam_sm: restored 128-bit black key:
platform caam_sm: [0000] 9b f4 85 8e aa 87 33 4e
platform caam_sm: [0008] 55 e7 3e 18 c3 5e 02 01
platform caam_sm: restored 192-bit black key:
platform caam_sm: [0000] bc 17 5c 7f 9e 03 2d 9d
platform caam_sm: [0008] 8c 83 df 63 05 1a 14 fb
platform caam_sm: [0016] 5d 20 e3 f7 a6 a3 aa 7c
platform caam_sm: [0024] b0 b5 40 fa af 98 67 53
platform caam_sm: restored 256-bit black key:
platform caam_sm: [0000] 6f 20 37 b6 45 fb 16 75
platform caam_sm: [0008] 68 f9 30 92 51 d4 2f 00
platform caam_sm: [0016] fb c8 f7 31 67 a4 b7 a1
platform caam_sm: [0024] 03 bf 71 0f 8e e9 cd 10
snvs-secvio 20cc000.caam-snvs: can't get snvs clock
snvs-secvio 20cc000.caam-snvs: violation handlers armed - non-secure state
hidraw: raw HID events driver (C) Jiri Kosina
input: PixArt Dell MS116 USB Optical Mouse as /devices/soc0/soc/2100000.aips-bus/2184200.usb/ci_hdrc.1/usb1/1-1/1-1.2/1-1.2:1.0/0003:413C:301A.0001/input/input1
hid-generic 0003:413C:301A.0001: input,hidraw0: USB HID v1.11 Mouse [PixArt Dell MS116 USB Optical Mouse] on usb-ci_hdrc.1-1.2/input0
usbcore: registered new interface driver usbhid
usbhid: USB HID core driver
ashmem: initialized
usbcore: registered new interface driver snd-usb-audio
sgtl5000 2-000a: sgtl5000 revision 0x11
fsl-ssi-dai 2028000.ssi: No cache defaults, reading back from HW
imx-sgtl5000 sound: sgtl5000 <-> 2028000.ssi mapping ok
imx-spdif sound-spdif: snd-soc-dummy-dai <-> 2004000.spdif mapping ok
imx-audio-hdmi sound-hdmi: hdmi-hifi.0 <-> soc:hdmi_audio@00120000 mapping ok
NET: Registered protocol family 26
u32 classifier
    Actions configured
Netfilter messages via NETLINK v0.30.
nf_conntrack version 0.5.0 (16384 buckets, 65536 max)
ctnetlink v0.93: registering with nfnetlink.
xt_time: kernel timezone is -0000
ip_tables: (C) 2000-2006 Netfilter Core Team
arp_tables: arp_tables: (C) 2002 David S. Miller
Initializing XFRM netlink socket
NET: Registered protocol family 10
mip6: Mobile IPv6
ip6_tables: (C) 2000-2006 Netfilter Core Team
sit: IPv6, IPv4 and MPLS over IPv4 tunneling driver
NET: Registered protocol family 17
NET: Registered protocol family 15
can: controller area network core (rev 20120528 abi 9)
NET: Registered protocol family 29
can: raw protocol (rev 20120528)
can: broadcast manager protocol (rev 20161123 t)
can: netlink gateway (rev 20130117) max_hops=1
Bluetooth: RFCOMM TTY layer initialized
Bluetooth: RFCOMM socket layer initialized
Bluetooth: RFCOMM ver 1.11
Bluetooth: BNEP (Ethernet Emulation) ver 1.3
Bluetooth: BNEP filters: protocol multicast
Bluetooth: BNEP socket layer initialized
Bluetooth: HIDP (Human Interface Emulation) ver 1.2
Bluetooth: HIDP socket layer initialized
8021q: 802.1Q VLAN Support v1.8
Key type dns_resolver registered
cpu cpu0: Registered imx6q-cpufreq
registered taskstats version 1
imx_thermal 2000000.aips-bus:tempmon: Industrial CPU temperature grade - max:105C critical:100C passive:95C
dhd_module_init in
input: gpio-keys as /devices/soc0/gpio-keys/input/input2
snvs_rtc 20cc000.snvs:snvs-rtc-lp: setting system clock to 1970-01-01 00:00:02 UTC (2)
usb_otg_vbus: disabling
ALSA device list:
  #0: imx6q-apalis-sgtl5000
  #1: imx-spdif
  #2: imx-hdmi-soc
Freeing unused kernel memory: 1024K
init: init first stage started!
SELinux:  Permission validate_trans in class security not defined in policy.
SELinux:  Class cap_userns not defined in policy.
SELinux:  Class cap2_userns not defined in policy.
SELinux: the above unknown classes and permissions will be denied
audit: type=1403 audit(5.004:2): policy loaded auid=4294967295 ses=4294967295
init: (Initializing SELinux non-enforcing took 0.11s.)
init: init second stage started!
init: Running restorecon...
init: waitpid failed: No child processes
init: (Loading properties from /default.prop took 0.00s.)
init: (Parsing /init.environ.rc took 0.00s.)
init: (Parsing /init.usb.rc took 0.00s.)
init: (Parsing init.freescale.usb.rc took 0.00s.)
init: (Parsing init.freescale.i.MX6Q.rc took 0.00s.)
init: (Parsing init.freescale.emmc.rc took 0.00s.)
init: (Parsing /init.freescale.rc took 0.02s.)
ueventd: ueventd started!
ueventd: Coldboot took 0.44s.
Console: switching to colour dummy device 80x30
watchdogd: started (interval 10, margin 20)!
EXT4-fs (mmcblk0p3): mounted filesystem with ordered data mode. Opts: barrier=1
EXT4-fs (mmcblk0p10): Ignoring removed nomblk_io_submit option
EXT4-fs (mmcblk0p10): mounted filesystem with ordered data mode. Opts: nomblk_io_submit,noauto_da_alloc,errors=panic
EXT4-fs (mmcblk0p4): Ignoring removed nomblk_io_submit option
EXT4-fs (mmcblk0p4): mounted filesystem with ordered data mode. Opts: nomblk_io_submit
EXT4-fs (mmcblk0p5): mounted filesystem with ordered data mode. Opts: (null)
file system registered
using random self ethernet address
using random host ethernet address
zram0: detected capacity change from 0 to 314572800
logd.auditd: start
logd.klogd: 7331913667
Adding 307196k swap on /dev/block/zram0.  Priority:-1 extents:1 across:307196k SS
binder: 260:260 transaction failed 29189, size 0-0
logd.daemon: reinit
type=1400 audit(7.794:3): avc: denied { entrypoint } for pid=266 comm="init" path="/system/bin/can-config.sh" dev="mmcblk0p3" ino=256 scontext=u:r:obd:s0 tcontext=u:object_r:system_file:s0 tclass=file permissive=1
type=1400 audit(7.804:4): avc: denied { getattr } for pid=267 comm="obd" path="/vendor" dev="rootfs" ino=6499 scontext=u:r:obd:s0 tcontext=u:object_r:rootfs:s0 tclass=lnk_file permissive=1
type=1400 audit(7.834:5): avc: denied { read execute } for pid=266 comm="can-config.sh" path="/system/bin/sh" dev="mmcblk0p3" ino=460 scontext=u:r:obd:s0 tcontext=u:object_r:shell_exec:s0 tclass=file permissive=1
toradex_apalis6q:/ # type=1400 audit(7.834:6): avc: denied { getattr } for pid=266 comm="can-config.sh" path="/system/bin/sh" dev="mmcblk0p3" ino=460 scontext=u:r:obd:s0 tcontext=u:object_r:shell_exec:s0 tclass=file permissive=1
type=1400 audit(7.864:7): avc: denied { create } for pid=267 comm="obd" scontext=u:r:obd:s0 tcontext=u:r:obd:s0 tclass=socket permissive=1
type=1400 audit(7.864:8): avc: denied { ioctl } for pid=267 comm="obd" path="socket:[7302]" dev="sockfs" ino=7302 ioctlcmd=0x8933 scontext=u:r:obd:s0 tcontext=u:r:obd:s0 tclass=socket permissive=1
type=1400 audit(7.864:9): avc: denied { bind } for pid=267 comm="obd" scontext=u:r:obd:s0 tcontext=u:r:obd:s0 tclass=socket permissive=1
android_work: sent uevent USB_STATE=CONNECTED
android_work: sent uevent USB_STATE=DISCONNECTED
android_work: sent uevent USB_STATE=CONNECTED
android_work: sent uevent USB_STATE=DISCONNECTED
android_work: sent uevent USB_STATE=CONNECTED
IPv6: ADDRCONF(NETDEV_CHANGE): can0: link becomes ready
android_work: sent uevent USB_STATE=DISCONNECTED
android_work: sent uevent USB_STATE=CONNECTED
ci_hdrc ci_hdrc.0: freeing queued request
android_work: sent uevent USB_STATE=DISCONNECTED
android_work: sent uevent USB_STATE=CONNECTED
healthd: No battery devices found
configfs-gadget gadget: high-speed config #1: b
android_work: sent uevent USB_STATE=CONFIGURED
ERROR: v4l2 capture: slave not found! V4L2_CID_HUE
ERROR: v4l2 capture: slave not found! V4L2_CID_HUE
imx-hdmi-audio imx-hdmi-audio: HDMI Video is not ready!
imx-hdmi-audio imx-hdmi-audio: ASoC: can't open platform imx-hdmi-audio: -22
imx-hdmi-audio imx-hdmi-audio: HDMI Video is not ready!
imx-hdmi-audio imx-hdmi-audio: ASoC: can't open platform imx-hdmi-audio: -22
init: Starting service 'bootanim'...

toradex_apalis6q:/ # capability: warning: `main' uses 32-bit capabilities (legacy support in use)
type=1400 audit(18.794:34): avc: denied { write } for pid=267 comm="obd" path="socket:[7302]" dev="sockfs" ino=7302 scontext=u:r:obd:s0 tcontext=u:r:obd:s0 tclass=socket permissive=1
init: write_file: Unable to open '/sys/devices/system/cpu/cpufreq/interactive/timer_rate': No such file or directory
init: write_file: Unable to open '/sys/devices/system/cpu/cpufreq/interactive/min_sample_time': No such file or directory
init: write_file: Unable to open '/sys/devices/system/cpu/cpufreq/interactive/go_hispeed_load': No such file or directory
random: crng init done
init: write_file: Unable to open '/proc/sys/vm/extra_free_kbytes': No such file or directory
acc_open
acc_release
Micrel KSZ9031 Gigabit PHY 2188000.ethernet-1:07: attached PHY driver [Micrel KSZ9031 Gigabit PHY] (mii_bus:phy_addr=2188000.ethernet-1:07, irq=120)
IPv6: ADDRCONF(NETDEV_UP): eth0: link is not ready
type=1400 audit(34.614:35): avc: denied { write } for pid=267 comm="obd" path="socket:[7302]" dev="sockfs" ino=7302 scontext=u:r:obd:s0 tcontext=u:r:obd:s0 tclass=socket permissive=1
init: Service 'bootanim' (pid 355) exited with status 0
type=1400 audit(41.634:36): avc: denied { write } for pid=267 comm="obd" path="socket:[7302]" dev="sockfs" ino=7302 scontext=u:r:obd:s0 tcontext=u:r:obd:s0 tclass=socket permissive=1
init: Starting service 'exec 3 (/system/bin/bootstat)'...
init: Service 'exec 3 (/system/bin/bootstat)' (pid 1024) exited with status 0
init: Starting service 'exec 4 (/system/bin/bootstat)'...
init: Service 'exec 4 (/system/bin/bootstat)' (pid 1034) exited with status 0
init: Starting service 'exec 5 (/system/bin/bootstat)'...
init: Service 'exec 5 (/system/bin/bootstat)' (pid 1036) exited with status 0
init: Starting service 'exec 6 (/system/bin/bootstat)'...
init: Service 'exec 6 (/system/bin/bootstat)' (pid 1037) exited with status 0
type=1400 audit(46.164:37): avc: denied { write } for pid=267 comm="obd" path="socket:[7302]" dev="sockfs" ino=7302 scontext=u:r:obd:s0 tcontext=u:r:obd:s0 tclass=socket permissive=1

toradex_apalis6q:/ # mtp_open
type=1400 audit(52.544:38): avc: denied { write } for pid=1328 comm="Thread-2" name="vcan" dev="tmpfs" ino=8602 scontext=u:r:untrusted_app:s0:c512,c768 tcontext=u:object_r:socket_device:s0 tclass=sock_file permissive=1
type=1400 audit(52.544:39): avc: denied { connectto } for pid=1328 comm="Thread-2" path="/dev/socket/vcan" scontext=u:r:untrusted_app:s0:c512,c768 tcontext=u:r:obd:s0 tclass=unix_stream_socket permissive=1

toradex_apalis6q:/ # 
toradex_apalis6q:/ # 
toradex_apalis6q:/ # 
toradex_apalis6q:/ # logcat -c
toradex_apalis6q:/ # usb 1-1.2: USB disconnect, device number 3

toradex_apalis6q:/ # 
toradex_apalis6q:/ # 
toradex_apalis6q:/ # usb 1-1.3: new high-speed USB device number 5 using ci_hdrc
usb 1-1.3: New USB device found, idVendor=7392, idProduct=a611
usb 1-1.3: New USB device strings: Mfr=1, Product=2, SerialNumber=3
usb 1-1.3: Product: Edimax Wi-Fi N150 Bluetooth4.0 USB Adapter
usb 1-1.3: Manufacturer: Realtek
usb 1-1.3: SerialNumber: 00e04c000001

toradex_apalis6q:/ # ifconfig
type=1400 audit(92.734:40): avc: denied { net_raw } for pid=1428 comm="ifconfig" capability=13 scontext=u:r:shell:s0 tcontext=u:r:shell:s0 tclass=capability permissive=1
can0      Link encap:UNSPEC  type=1400 audit(92.734:41): avc: denied { ioctl } for pid=1428 comm="ifconfig" path="socket:[17959]" dev="sockfs" ino=17959 ioctlcmd=0x8927 scontext=u:r:shell:s0 tcontext=u:r:shell:s0 tclass=udp_socket permissive=1

          UP RUNNING NOARP  MTUtype=1400 audit(92.744:42): avc: denied { ioctl } for pid=1428 comm="ifconfig" path="socket:[17959]" dev="sockfs" ino=17959 ioctlcmd=0x891d scontext=u:r:shell:s0 tcontext=u:r:shell:s0 tclass=udp_socket permissive=1
:16  Metric:1
          RX packetype=1400 audit(92.754:43): avc: denied { ioctl } for pid=1428 comm="ifconfig" path="socket:[17959]" dev="sockfs" ino=17959 ioctlcmd=0x8970 scontext=u:r:shell:s0 tcontext=u:r:shell:s0 tclass=udp_socket permissive=1
ts:1 errors:0 dropped:0 overruns:0 frame:0 
          TX packets:0 errors:0 dropped:0 overruns:0 carrier:0 
          collisions:0 txqueuelen:10 
          RX bytes:8 TX bytes:0 
          Interrupt:38 

lo        Link encap:Local Loopback  
          inet addr:127.0.0.1  Mask:255.0.0.0 
          inet6 addr: ::1/128 Scope: Host
          UP LOOPBACK RUNNING  MTU:65536  Metric:1
          RX packets:0 errors:0 dropped:0 overruns:0 frame:0 
          TX packets:0 errors:0 dropped:0 overruns:0 carrier:0 
          collisions:0 txqueuelen:1 
          RX bytes:0 TX bytes:0 

eth0      Link encap:Ethernet  HWaddr 00:14:2d:4e:87:13
          UP BROADCAST MULTICAST  MTU:1500  Metric:1
          RX packets:0 errors:0 dropped:0 overruns:0 frame:0 
          TX packets:0 errors:0 dropped:0 overruns:0 carrier:0 
          collisions:0 txqueuelen:1000 
          RX bytes:0 TX bytes:0 

toradex_apalis6q:/ # toradex_apalis6q:/ # ifconfig                                                   -a
can0      Link encap:UNSPEC  
          UP RUNNING NOARP  MTU:16  Metric:1
          RX packets:1 errors:0 dropped:0 overruns:0 frame:0 
          TX packets:0 errors:0 dropped:0 overruns:0 carrier:0 
          collisions:0 txqueuelen:10 
          RX bytes:8 TX bytes:0 
          Interrupt:38 

lo        Link encap:Local Loopback  
          inet addr:127.0.0.1  Mask:255.0.0.0 
          inet6 addr: ::1/128 Scope: Host
          UP LOOPBACK RUNNING  MTU:65536  Metric:1
          RX packets:0 errors:0 dropped:0 overruns:0 frame:0 
          TX packets:0 errors:0 dropped:0 overruns:0 carrier:0 
          collisions:0 txqueuelen:1 
          RX bytes:0 TX bytes:0 

sit0      Link encap:IPv6-in-IPv4  
          NOARP  MTU:1480  Metric:1
          RX packets:0 errors:0 dropped:0 overruns:0 frame:0 
          TX packets:0 errors:0 dropped:0 overruns:0 carrier:0 
          collisions:0 txqueuelen:1 
          RX bytes:0 TX bytes:0 

can1      Link encap:UNSPEC  
          NOARP  MTU:16  Metric:1
          RX packets:0 errors:0 dropped:0 overruns:0 frame:0 
          TX packets:0 errors:0 dropped:0 overruns:0 carrier:0 
          collisions:0 txqueuelen:10 
          RX bytes:0 TX bytes:0 
          Interrupt:39 

eth0      Link encap:Ethernet  HWaddr 00:14:2d:4e:87:13
          UP BROADCAST MULTICAST  MTU:1500  Metric:1
          RX packets:0 errors:0 dropped:0 overruns:0 frame:0 
          TX packets:0 errors:0 dropped:0 overruns:0 carrier:0 
          collisions:0 txqueuelen:1000 
          RX bytes:0 TX bytes:0 

toradex_apalis6q:/ # reboot
sysrq: SysRq : Emergency Remount R/O
EXT4-fs (mmcblk0p4): re-mounted. Opts: (null)
EXT4-fs (mmcblk0p10): re-mounted. Opts: (null)
Emergency Remount complete
imx2-wdt 20bc000.wdog: Device shutdown: Expect reboot!
ci_hdrc ci_hdrc.1: remove, state 1
usb usb1: USB disconnect, device number 1
usb 1-1: USB disconnect, device number 2
usb 1-1.3: USB disconnect, device number 5
ci_hdrc ci_hdrc.1: USB bus 1 deregistered
android_work: sent uevent USB_STATE=DISCONNECTED
mtp_release
reboot: Restarting system with command ''


U-Boot 2017.03-00002-gebf9dc2527 (Jan 31 2018 - 14:59:40 +0530)

CPU:   Freescale i.MX6Q rev1.5 at 792 MHz
Reset cause: WDOG
I2C:   ready
DRAM:  2 GiB
PMIC: device id: 0x10, revision id: 0x21
PMIC: programmed
MMC:   FSL_SDHC: 0, FSL_SDHC: 1, FSL_SDHC: 2
Unable to allocate framebuffer memory
In:    serial
Out:   serial
Err:   serial
Model: Toradex Apalis iMX6 Quad 2GB IT V1.1C, Serial# 05146387
flash target is MMC:0
Net:   using PHY at 7
FEC [PRIME]
Fastboot: Normal
Hit any key to stop autoboot:  1  0 
boota mmc0 
CACHE: Misaligned operation at range [8ffb79a0, 8ffb7a20]
CACHE: Misaligned operation at range [8ffb79a0, 8ffb7a20]
kernel   @ 14008000 (9840904)
ramdisk  @ 15000000 (1628773)
fdt      @ 14f00000 (53981)
## Booting Android Image at 0x12000000 ...
Kernel load addr 0x14008000 size 9611 KiB
Kernel command line: console=ttymxc0,115200 init=/init video=mxcfb0:dev=lcd,FusionF07A,if=RGB24 video=mxcfb1:dev=hdmi,640x480M@60,if=RGB24,bpp=16 video=mxcfb2:off video=mxcfb3:off vmalloc=256M androidboot.console=ttymxc0 consoleblank=0 androidboot.hardware=freescale cma=448M androidboot.selinux=permissive androidboot.dm_verity=disabled androidboot.serialno=1b2429d4ea997115 androidboot.storage_type=emmc
## Flattened Device Tree blob at 14f00000
   Booting using the fdt blob at 0x14f00000
   Loading Kernel Image ... OK
   Using Device Tree in place at 14f00000, end 14f102dc

Starting kernel ...

Booting Linux on physical CPU 0x0
Linux version 4.9.67-07229-gdc6c16ec0433-dirty (embadmin@ubuntu) (gcc version 4.9 20150123 (prerelease) (GCC) ) #30 SMP PREEMPT Wed Jan 31 15:12:01 IST 2018
CPU: ARMv7 Processor [412fc09a] revision 10 (ARMv7), cr=10c53c7d
CPU: PIPT / VIPT nonaliasing data cache, VIPT aliasing instruction cache
OF: fdt:Machine model: Aravinth : Toradex Apalis iMX6Q/D Module on Ixora V1.1 Carrier Board
cma: Reserved 448 MiB at 0x22000000
Memory policy: Data cache writealloc
percpu: Embedded 15 pages/cpu @ee6b3000 s31040 r8192 d22208 u61440
Built 1 zonelists in Zone order, mobility grouping on.  Total pages: 522768
Kernel command line: console=ttymxc0,115200 init=/init video=mxcfb0:dev=lcd,FusionF07A,if=RGB24 video=mxcfb1:dev=hdmi,640x480M@60,if=RGB24,bpp=16 video=mxcfb2:off video=mxcfb3:off vmalloc=256M androidboot.console=ttymxc0 consoleblank=0 androidboot.hardware=freescale cma=448M androidboot.selinux=permissive androidboot.dm_verity=disabled androidboot.serialno=1b2429d4ea997115 androidboot.storage_type=emmc
PID hash table entries: 4096 (order: 2, 16384 bytes)
Dentry cache hash table entries: 131072 (order: 7, 524288 bytes)
Inode-cache hash table entries: 65536 (order: 6, 262144 bytes)
Memory: 1597024K/2097152K available (13312K kernel code, 1153K rwdata, 4024K rodata, 1024K init, 605K bss, 41376K reserved, 458752K cma-reserved, 1318912K highmem)
Virtual kernel memory layout:
    vector  : 0xffff0000 - 0xffff1000   (   4 kB)
    fixmap  : 0xffc00000 - 0xfff00000   (3072 kB)
    vmalloc : 0xf0000000 - 0xff800000   ( 248 MB)
    lowmem  : 0xc0000000 - 0xef800000   ( 760 MB)
    pkmap   : 0xbfe00000 - 0xc0000000   (   2 MB)
    modules : 0xbf000000 - 0xbfe00000   (  14 MB)
      .text : 0xc0008000 - 0xc0e00000   (14304 kB)
      .init : 0xc1300000 - 0xc1400000   (1024 kB)
      .data : 0xc1400000 - 0xc1520558   (1154 kB)
       .bss : 0xc1520558 - 0xc15b7c20   ( 606 kB)
SLUB: HWalign=64, Order=0-3, MinObjects=0, CPUs=4, Nodes=1
Preemptible hierarchical RCU implementation.
	Build-time adjustment of leaf fanout to 32.
NR_IRQS:16 nr_irqs:16 16
L2C-310 errata 752271 769419 enabled
L2C-310 enabling early BRESP for Cortex-A9
L2C-310 full line of zeros enabled for Cortex-A9
L2C-310 ID prefetch enabled, offset 16 lines
L2C-310 dynamic clock gating enabled, standby mode enabled
L2C-310 cache controller enabled, 16 ways, 1024 kB
L2C-310: CACHE_ID 0x410000c7, AUX_CTRL 0x76470001
Switching to timer-based delay loop, resolution 333ns
sched_clock: 32 bits at 3000kHz, resolution 333ns, wraps every 715827882841ns
clocksource: mxc_timer1: mask: 0xffffffff max_cycles: 0xffffffff, max_idle_ns: 637086815595 ns
Console: colour dummy device 80x30
Calibrating delay loop (skipped), value calculated using timer frequency.. 6.00 BogoMIPS (lpj=30000)
pid_max: default: 32768 minimum: 301
Security Framework initialized
SELinux:  Initializing.
Mount-cache hash table entries: 2048 (order: 1, 8192 bytes)
Mountpoint-cache hash table entries: 2048 (order: 1, 8192 bytes)
CPU: Testing write buffer coherency: ok
CPU0: update cpu_capacity 1024
CPU0: thread -1, cpu 0, socket 0, mpidr 80000000
Setting up static identity map for 0x10100000 - 0x10100058
CPU1: update cpu_capacity 1024
CPU1: thread -1, cpu 1, socket 0, mpidr 80000001
CPU2: update cpu_capacity 1024
CPU2: thread -1, cpu 2, socket 0, mpidr 80000002
CPU3: update cpu_capacity 1024
CPU3: thread -1, cpu 3, socket 0, mpidr 80000003
Brought up 4 CPUs
SMP: Total of 4 processors activated (24.00 BogoMIPS).
CPU: All CPU(s) started in SVC mode.
CPU3: update max cpu_capacity 1024
devtmpfs: initialized
CPU2: update max cpu_capacity 1024
VFP support v0.3: implementor 41 architecture 3 part 30 variant 9 rev 4
clocksource: jiffies: mask: 0xffffffff max_cycles: 0xffffffff, max_idle_ns: 19112604462750000 ns
futex hash table entries: 1024 (order: 4, 65536 bytes)
pinctrl core: initialized pinctrl subsystem
NET: Registered protocol family 16
DMA: preallocated 256 KiB pool for atomic coherent allocations
cpuidle: using governor menu
CPU identified as i.MX6Q, silicon rev 1.5
hw-breakpoint: found 5 (+1 reserved) breakpoint and 1 watchpoint registers.
hw-breakpoint: maximum watchpoint size is 4 bytes.
imx6q-pinctrl 20e0000.iomuxc: initialized IMX pinctrl driver
imx-gpc 20dc000.gpc: no fsl,ldo-bypass found!
imx-gpc 20dc000.gpc: Registered imx-gpc
mxs-dma 110000.dma-apbh: initialized
usb_host_vbus: supplied by usb_host_vbus_hub
SCSI subsystem initialized
usbcore: registered new interface driver usbfs
usbcore: registered new interface driver hub
usbcore: registered new device driver usb
2000000.aips-bus:usbphy_nop1 supply vcc not found, using dummy regulator
2000000.aips-bus:usbphy_nop2 supply vcc not found, using dummy regulator
i2c i2c-1: IMX I2C adapter registered
i2c i2c-1: can't use DMA, using PIO instead.
stmpe-i2c 2-0041: stmpe811 detected, chip id: 0x811
i2c i2c-2: IMX I2C adapter registered
i2c i2c-2: can't use DMA, using PIO instead.
i2c i2c-3: IMX I2C adapter registered
i2c i2c-3: can't use DMA, using PIO instead.
Linux video capture interface: v2.00
pps_core: LinuxPPS API ver. 1 registered
pps_core: Software ver. 5.3.6 - Copyright 2005-2007 Rodolfo Giometti <giometti@linux.it>
PTP clock support registered
imx-ipuv3 2400000.ipu: IPU DMFC NORMAL mode: 1(0~1), 5B(4,5), 5F(6,7)
imx-ipuv3 2800000.ipu: IPU DMFC NORMAL mode: 1(0~1), 5B(4,5), 5F(6,7)
mxc_mipi_csi2 21dc000.mipi_csi: i.MX MIPI CSI2 driver probed ipu0 csi1
mxc_mipi_csi2 21dc000.mipi_csi: i.MX MIPI CSI2 dphy version is 0x3130302a
MIPI CSI2 driver module loaded
imx rpmsg driver is registered.
Advanced Linux Sound Architecture Driver Initialized.
Bluetooth: Core ver 2.22
NET: Registered protocol family 31
Bluetooth: HCI device and connection manager initialized
Bluetooth: HCI socket layer initialized
Bluetooth: L2CAP socket layer initialized
Bluetooth: SCO socket layer initialized
clocksource: Switched to clocksource mxc_timer1
VFS: Disk quotas dquot_6.6.0
VFS: Dquot-cache hash table entries: 1024 (order 0, 4096 bytes)
NET: Registered protocol family 2
TCP established hash table entries: 8192 (order: 3, 32768 bytes)
TCP bind hash table entries: 8192 (order: 4, 65536 bytes)
TCP: Hash tables configured (established 8192 bind 8192)
UDP hash table entries: 512 (order: 2, 16384 bytes)
UDP-Lite hash table entries: 512 (order: 2, 16384 bytes)
NET: Registered protocol family 1
RPC: Registered named UNIX socket transport module.
RPC: Registered udp transport module.
RPC: Registered tcp transport module.
RPC: Registered tcp NFSv4.1 backchannel transport module.
Trying to unpack rootfs image as initramfs...
Freeing initrd memory: 1592K
hw perfevents: enabled with armv7_cortex_a9 PMU driver, 7 counters available
Bus freq driver module loaded
audit: initializing netlink subsys (disabled)
audit: type=2000 audit(0.870:1): initialized
workingset: timestamp_bits=30 max_order=19 bucket_order=0
NFS: Registering the id_resolver key type
Key type id_resolver registered
Key type id_legacy registered
ntfs: driver 2.1.32 [Flags: R/W DEBUG].
jffs2: version 2.2. (NAND) © 2001-2006 Red Hat, Inc.
fuse init (API version 7.26)
bounce: pool size: 64 pages
io scheduler noop registered
io scheduler deadline registered
io scheduler cfq registered (default)
backlight supply power not found, using dummy regulator
20e0000.hdmi_video supply HDMI not found, using dummy regulator
mxc_sdc_fb fb@0: registered mxc display driver lcd
Console: switching to colour frame buffer device 100x30
mxc_hdmi 20e0000.hdmi_video: Detected HDMI controller 0x13:0xa:0xa0:0xc1
fbcvt: 640x480@60: CVT Name - .307M3
mxc_sdc_fb fb@1: registered mxc display driver hdmi
mxc_sdc_fb fb@2: Can't get fb option for mxcfb2!
mxc_sdc_fb fb@3: Can't get fb option for mxcfb3!
imx-sdma 20ec000.sdma: no iram assigned, using external mem
imx-sdma 20ec000.sdma: loaded firmware 3.3
pfuze100-regulator 2-0008: Full layer: 2, Metal layer: 1
pfuze100-regulator 2-0008: FAB: 0, FIN: 0
pfuze100-regulator 2-0008: pfuze100 found.
mxc_hdmi 20e0000.hdmi_video: Read EDID again
2020000.serial: ttymxc0 at MMIO 0x2020000 (irq = 29, base_baud = 5000000) is a IMX
mxc_hdmi 20e0000.hdmi_video: create default modelist
console [ttymxc0] enabled
21e8000.serial: ttymxc1 at MMIO 0x21e8000 (irq = 78, base_baud = 5000000) is a IMX
21f0000.serial: ttymxc3 at MMIO 0x21f0000 (irq = 79, base_baud = 5000000) is a IMX
21f4000.serial: ttymxc4 at MMIO 0x21f4000 (irq = 80, base_baud = 5000000) is a IMX
imx sema4 driver is registered.
[drm] Initialized
[drm] Initialized vivante 1.0.0 20120216 on minor 0
brd: module loaded
loop: module loaded
zram: Added device: zram0
ahci-imx 2200000.sata: fsl,transmit-level-mV not specified, using 00000024
ahci-imx 2200000.sata: fsl,transmit-boost-mdB not specified, using 00000480
ahci-imx 2200000.sata: fsl,transmit-atten-16ths not specified, using 00002000
ahci-imx 2200000.sata: fsl,receive-eq-mdB not specified, using 05000000
ahci-imx 2200000.sata: SSS flag set, parallel bus scan disabled
ahci-imx 2200000.sata: AHCI 0001.0300 32 slots 1 ports 3 Gbps 0x1 impl platform mode
ahci-imx 2200000.sata: flags: ncq sntf stag pm led clo only pmp pio slum part ccc apst 
scsi host0: ahci-imx
ata1: SATA max UDMA/133 mmio [mem 0x02200000-0x02203fff] port 0x100 irq 87
spi_imx 2008000.ecspi: probed
libphy: Fixed MDIO Bus: probed
tun: Universal TUN/TAP device driver, 1.6
tun: (C) 1999-2004 Max Krasnyansky <maxk@qualcomm.com>
CAN device driver interface
2090000.flexcan supply xceiver not found, using dummy regulator
flexcan 2090000.flexcan: device registered (reg_base=f02f4000, irq=38)
2094000.flexcan supply xceiver not found, using dummy regulator
flexcan 2094000.flexcan: device registered (reg_base=f02fc000, irq=39)
2188000.ethernet supply phy not found, using dummy regulator
pps pps0: new PPS source ptp0
libphy: fec_enet_mii_bus: probed
fec 2188000.ethernet eth0: registered PHC device 0
PPP generic driver version 2.4.2
PPP BSD Compression module registered
PPP Deflate Compression module registered
PPP MPPE Compression module registered
NET: Registered protocol family 24
usbcore: registered new interface driver rtl8xxxu
usbcore: registered new interface driver kaweth
pegasus: v0.9.3 (2013/04/25), Pegasus/Pegasus II USB Ethernet driver
usbcore: registered new interface driver pegasus
usbcore: registered new interface driver rtl8150
usbcore: registered new interface driver r8152
usbcore: registered new interface driver asix
usbcore: registered new interface driver ax88179_178a
usbcore: registered new interface driver cdc_ether
usbcore: registered new interface driver cdc_eem
usbcore: registered new interface driver net1080
usbcore: registered new interface driver cdc_subset
usbcore: registered new interface driver zaurus
usbcore: registered new interface driver cdc_ncm
ehci_hcd: USB 2.0 'Enhanced' Host Controller (EHCI) Driver
ehci-mxc: Freescale On-Chip EHCI Host driver
usbcore: registered new interface driver cdc_acm
cdc_acm: USB Abstract Control Model driver for USB modems and ISDN adapters
usbcore: registered new interface driver usb-storage
usbcore: registered new interface driver usbserial
usbcore: registered new interface driver usbserial_generic
usbserial: USB Serial support registered for generic
usbcore: registered new interface driver ftdi_sio
usbserial: USB Serial support registered for FTDI USB Serial Device
usbcore: registered new interface driver option
usbserial: USB Serial support registered for GSM modem (1-port)
usbcore: registered new interface driver usbtest
usbcore: registered new interface driver usb_ehset_test
2184800.usbmisc supply vbus-wakeup not found, using dummy regulator
ci_hdrc ci_hdrc.1: EHCI Host Controller
ci_hdrc ci_hdrc.1: new USB bus registered, assigned bus number 1
ci_hdrc ci_hdrc.1: USB 2.0 started, EHCI 1.00
usb usb1: New USB device found, idVendor=1d6b, idProduct=0002
usb usb1: New USB device strings: Mfr=3, Product=2, SerialNumber=1
usb usb1: Product: EHCI Host Controller
usb usb1: Manufacturer: Linux 4.9.67-07229-gdc6c16ec0433-dirty ehci_hcd
usb usb1: SerialNumber: ci_hdrc.1
hub 1-0:1.0: USB hub found
ata1: SATA link down (SStatus 0 SControl 300)
ahci-imx 2200000.sata: no device found, disabling link.
ahci-imx 2200000.sata: pass ahci_imx..hotplug=1 to enable hotplug
hub 1-0:1.0: 1 port detected
mousedev: PS/2 mouse device common for all mice
usbcore: registered new interface driver xpad
usbcore: registered new interface driver usb_acecad
usbcore: registered new interface driver aiptek
usbcore: registered new interface driver gtco
usbcore: registered new interface driver hanwang
usbcore: registered new interface driver kbtab
input: stmpe-ts as /devices/soc0/soc/2100000.aips-bus/21a4000.i2c/i2c-2/2-0041/stmpe-ts/input/input0
snvs_rtc 20cc000.snvs:snvs-rtc-lp: rtc core: registered 20cc000.snvs:snvs-r as rtc0
i2c /dev entries driver
IR NEC protocol handler initialized
IR RC5(x/sz) protocol handler initialized
IR RC6 protocol handler initialized
IR JVC protocol handler initialized
IR Sony protocol handler initialized
IR SANYO protocol handler initialized
IR Sharp protocol handler initialized
IR MCE Keyboard/mouse protocol handler initialized
IR XMP protocol handler initialized
mxc_v4l2_output v4l2_out: V4L2 device registered as video16
mxc_v4l2_output v4l2_out: V4L2 device registered as video17
mxc_v4l2_output v4l2_out: V4L2 device registered as video18
ov564x_mipi 3-003c: found pwm2, period=0
usb 1-1: new high-speed USB device number 2 using ci_hdrc
ov5640_read_reg:write reg error:reg=300a
camera ov5640_mipi is not found
usbcore: registered new interface driver uvcvideo
USB Video Class driver (1.1.1)
imx2-wdt 20bc000.wdog: timeout 60 sec (nowayout=0)
device-mapper: uevent: version 1.0.3
device-mapper: ioctl: 4.35.0-ioctl (2016-06-23) initialised: dm-devel@redhat.com
Bluetooth: HCI UART driver ver 2.3
Bluetooth: HCI UART protocol H4 registered
Bluetooth: HCI UART protocol BCSP registered
Bluetooth: HCI UART protocol ATH3K registered
usbcore: registered new interface driver btusb
sdhci: Secure Digital Host Controller Interface driver
sdhci: Copyright(c) Pierre Ossman
sdhci-pltfm: SDHCI platform and OF driver helper
sdhci-esdhc-imx 2190000.usdhc: could not get ultra high speed state, work on normal mode
sdhci-esdhc-imx 2190000.usdhc: Got CD GPIO
mmc1: SDHCI controller on 2190000.usdhc [2190000.usdhc] using ADMA
sdhci-esdhc-imx 2198000.usdhc: could not get ultra high speed state, work on normal mode
usb 1-1: New USB device found, idVendor=0424, idProduct=2514
usb 1-1: New USB device strings: Mfr=0, Product=0, SerialNumber=0
hub 1-1:1.0: USB hub found
hub 1-1:1.0: 4 ports detected
mmc0: SDHCI controller on 2198000.usdhc [2198000.usdhc] using ADMA
mxc_vpu 2040000.vpu_fsl: VPU initialized
mxc_vdoa 21e4000.vdoa: i.MX Video Data Order Adapter(VDOA) driver probed
mxc_hdmi_cec soc:hdmi_cec@00120000: HDMI CEC initialized
Galcore version 6.2.2.96445
mmc0: new DDR MMC card at address 0001
mmcblk0: mmc0:0001 Q2J54A 3.59 GiB 
mmcblk0boot0: mmc0:0001 Q2J54A partition 1 16.0 MiB
mmcblk0boot1: mmc0:0001 Q2J54A partition 2 16.0 MiB
random: fast init done
Alternate GPT is invalid, using primary GPT.
 mmcblk0: p1 p2 p3 p4 p5 p6 p7 p8 p9 p10 p11
usb 1-1.3: new high-speed USB device number 3 using ci_hdrc
usb 1-1.3: New USB device found, idVendor=7392, idProduct=a611
usb 1-1.3: New USB device strings: Mfr=1, Product=2, SerialNumber=3
usb 1-1.3: Product: Edimax Wi-Fi N150 Bluetooth4.0 USB Adapter
usb 1-1.3: Manufacturer: Realtek
usb 1-1.3: SerialNumber: 00e04c000001
caam 2100000.caam: ERA source: CAAMVID.
caam 2100000.caam: AXI pipeline throttling enabled.
caam 2100000.caam: Instantiated RNG4 SH1
caam 2100000.caam: device ID = 0x0a16010000000000 (Era 4)
caam 2100000.caam: job rings = 2, qi = 0
caam algorithms registered in /proc/crypto
caam_jr 2101000.jr0: registering rng-caam
platform caam_sm: blkkey_ex: 4 keystore units available
platform caam_sm: 64-bit clear key:
platform caam_sm: [0000] 00 01 02 03 04 0f 06 07
platform caam_sm: 64-bit black key:
platform caam_sm: [0000] cc fc 13 a5 ec 87 76 96
platform caam_sm: [0008] e8 6c c7 23 9a bf df e6
platform caam_sm: 128-bit clear key:
platform caam_sm: [0000] 00 01 02 03 04 0f 06 07
platform caam_sm: [0008] 08 09 0a 0b 0c 0d 0e 0f
platform caam_sm: 128-bit black key:
platform caam_sm: [0000] a6 3f 8f 24 dc e8 df 00
platform caam_sm: [0008] aa 74 68 27 51 a8 66 ad
platform caam_sm: 192-bit clear key:
platform caam_sm: [0000] 00 01 02 03 04 0f 06 07
platform caam_sm: [0008] 08 09 0a 0b 0c 0d 0e 0f
platform caam_sm: [0016] 10 11 12 13 14 15 16 17
platform caam_sm: 192-bit black key:
platform caam_sm: [0000] 7b 7d 19 92 23 50 87 ae
platform caam_sm: [0008] 43 37 39 8a 64 6e 91 47
platform caam_sm: [0016] f0 68 ab 83 9e 6b 32 9c
platform caam_sm: [0024] 5a aa a7 1e dd 4c 78 55
platform caam_sm: 256-bit clear key:
platform caam_sm: [0000] 00 01 02 03 04 0f 06 07
platform caam_sm: [0008] 08 09 0a 0b 0c 0d 0e 0f
platform caam_sm: [0016] 10 11 12 13 14 15 16 17
platform caam_sm: [0024] 18 19 1a 1b 1c 1d 1e 1f
platform caam_sm: 256-bit black key:
platform caam_sm: [0000] 12 39 c2 40 e8 69 2e 75
platform caam_sm: [0008] df c8 9e ae 38 05 eb 45
platform caam_sm: [0016] c7 eb 06 4a d8 27 05 42
platform caam_sm: [0024] 7f 7a 69 af 56 b9 14 83
platform caam_sm: 64-bit unwritten blob:
platform caam_sm: [0000] 00 00 00 00 00 00 00 00
platform caam_sm: [0008] 00 00 00 00 00 00 00 00
platform caam_sm: [0016] 00 00 00 00 00 00 00 00
platform caam_sm: [0024] 00 00 00 00 00 00 00 00
platform caam_sm: [0032] 00 00 00 00 00 00 00 00
platform caam_sm: [0040] 00 00 00 00 00 00 00 00
platform caam_sm: [0048] 00 00 00 00 00 00 00 00
platform caam_sm: [0056] 00 00 00 00 00 00 00 00
platform caam_sm: [0064] 00 00 00 00 00 00 00 00
platform caam_sm: [0072] 00 00 00 00 00 00 00 00
platform caam_sm: [0080] 00 00 00 00 00 00 00 00
platform caam_sm: [0088] 00 00 00 00 00 00 00 00
platform caam_sm: 128-bit unwritten blob:
platform caam_sm: [0000] 00 00 00 00 00 00 00 00
platform caam_sm: [0008] 00 00 00 00 00 00 00 00
platform caam_sm: [0016] 00 00 00 00 00 00 00 00
platform caam_sm: [0024] 00 00 00 00 00 00 00 00
platform caam_sm: [0032] 00 00 00 00 00 00 00 00
platform caam_sm: [0040] 00 00 00 00 00 00 00 00
platform caam_sm: [0048] 00 00 00 00 00 00 00 00
platform caam_sm: [0056] 00 00 00 00 00 00 00 00
platform caam_sm: [0064] 00 00 00 00 00 00 00 00
platform caam_sm: [0072] 00 00 00 00 00 00 00 00
platform caam_sm: [0080] 00 00 00 00 00 00 00 00
platform caam_sm: [0088] 00 00 00 00 00 00 00 00
platform caam_sm: 196-bit unwritten blob:
platform caam_sm: [0000] 00 00 00 00 00 00 00 00
platform caam_sm: [0008] 00 00 00 00 00 00 00 00
platform caam_sm: [0016] 00 00 00 00 00 00 00 00
platform caam_sm: [0024] 00 00 00 00 00 00 00 00
platform caam_sm: [0032] 00 00 00 00 00 00 00 00
platform caam_sm: [0040] 00 00 00 00 00 00 00 00
platform caam_sm: [0048] 00 00 00 00 00 00 00 00
platform caam_sm: [0056] 00 00 00 00 00 00 00 00
platform caam_sm: [0064] 00 00 00 00 00 00 00 00
platform caam_sm: [0072] 00 00 00 00 00 00 00 00
platform caam_sm: [0080] 00 00 00 00 00 00 00 00
platform caam_sm: [0088] 00 00 00 00 00 00 00 00
platform caam_sm: 256-bit unwritten blob:
platform caam_sm: [0000] 00 00 00 00 00 00 00 00
platform caam_sm: [0008] 00 00 00 00 00 00 00 00
platform caam_sm: [0016] 00 00 00 00 00 00 00 00
platform caam_sm: [0024] 00 00 00 00 00 00 00 00
platform caam_sm: [0032] 00 00 00 00 00 00 00 00
platform caam_sm: [0040] 00 00 00 00 00 00 00 00
platform caam_sm: [0048] 00 00 00 00 00 00 00 00
platform caam_sm: [0056] 00 00 00 00 00 00 00 00
platform caam_sm: [0064] 00 00 00 00 00 00 00 00
platform caam_sm: [0072] 00 00 00 00 00 00 00 00
platform caam_sm: [0080] 00 00 00 00 00 00 00 00
platform caam_sm: [0088] 00 00 00 00 00 00 00 00
platform caam_sm: 64-bit black key in blob:
platform caam_sm: [0000] 69 d3 04 92 34 98 bb 61
platform caam_sm: [0008] 56 14 84 ff 9c 86 67 0a
platform caam_sm: [0016] 20 c2 a1 fb 6a 97 49 7b
platform caam_sm: [0024] da ae 98 9c 4f 71 b5 a5
platform caam_sm: [0032] 09 f7 6b 56 3a 22 cd 86
platform caam_sm: [0040] c3 1b 98 fe aa 3c 20 b0
platform caam_sm: [0048] 5a 26 ca 8d 2e 5e 78 12
platform caam_sm: [0056] 00 00 00 00 00 00 00 00
platform caam_sm: [0064] 00 00 00 00 00 00 00 00
platform caam_sm: [0072] 00 00 00 00 00 00 00 00
platform caam_sm: [0080] 00 00 00 00 00 00 00 00
platform caam_sm: [0088] 00 00 00 00 00 00 00 00
platform caam_sm: 128-bit black key in blob:
platform caam_sm: [0000] 5e 31 bc bd b9 4c e3 6f
platform caam_sm: [0008] d1 f9 6f 6f 26 f7 db d7
platform caam_sm: [0016] b1 b7 ec dc 42 79 7d 59
platform caam_sm: [0024] 93 f3 19 85 2b 8f b6 6f
platform caam_sm: [0032] c1 98 32 dd f7 0a c6 1b
platform caam_sm: [0040] 80 19 06 30 77 87 5b 94
platform caam_sm: [0048] dc 4d 6b ff 67 8a e3 26
platform caam_sm: [0056] b8 82 6a 1c f3 03 c1 1d
platform caam_sm: [0064] 00 00 00 00 00 00 00 00
platform caam_sm: [0072] 00 00 00 00 00 00 00 00
platform caam_sm: [0080] 00 00 00 00 00 00 00 00
platform caam_sm: [0088] 00 00 00 00 00 00 00 00
platform caam_sm: 192-bit black key in blob:
platform caam_sm: [0000] fb 48 01 71 61 1d ea 20
platform caam_sm: [0008] 8d 6b 89 c7 b7 b2 03 3a
platform caam_sm: [0016] 86 c5 a9 c5 e0 ae 04 b6
platform caam_sm: [0024] c2 43 1e 7d e0 25 19 68
platform caam_sm: [0032] 56 8d ca 30 65 ca 88 69
platform caam_sm: [0040] 74 8b fa c1 e7 dc 04 52
platform caam_sm: [0048] 38 d9 77 42 97 35 79 01
platform caam_sm: [0056] 06 78 f6 a2 f3 14 8b 4d
platform caam_sm: [0064] e6 84 2f 20 a5 9a 94 8a
platform caam_sm: [0072] 00 00 00 00 00 00 00 00
platform caam_sm: [0080] 00 00 00 00 00 00 00 00
platform caam_sm: [0088] 00 00 00 00 00 00 00 00
platform caam_sm: 256-bit black key in blob:
platform caam_sm: [0000] 34 d7 4c 87 89 2c 40 80
platform caam_sm: [0008] ee 77 f6 8f 31 03 78 69
platform caam_sm: [0016] c6 42 e8 f1 9e e1 1f 46
platform caam_sm: [0024] e8 48 70 f5 d4 83 92 d1
platform caam_sm: [0032] fc 7d b0 f3 e0 95 24 e7
platform caam_sm: [0040] e3 6b ab 74 e2 2a 62 ff
platform caam_sm: [0048] 46 11 e0 42 95 2a 7d 24
platform caam_sm: [0056] 7c 1c 3d c8 67 f9 a5 dc
platform caam_sm: [0064] e4 f9 8e cc 6c 7e b4 69
platform caam_sm: [0072] ea f7 47 00 3c 4c 49 dc
platform caam_sm: [0080] 00 00 00 00 00 00 00 00
platform caam_sm: [0088] 00 00 00 00 00 00 00 00
platform caam_sm: restored 64-bit black key:
platform caam_sm: [0000] 68 a4 0f 58 9d a4 3a 80
platform caam_sm: [0008] 6a e5 e0 69 76 26 de cd
platform caam_sm: restored 128-bit black key:
platform caam_sm: [0000] a6 3f 8f 24 dc e8 df 00
platform caam_sm: [0008] aa 74 68 27 51 a8 66 ad
platform caam_sm: restored 192-bit black key:
platform caam_sm: [0000] 7b 7d 19 92 23 50 87 ae
platform caam_sm: [0008] 43 37 39 8a 64 6e 91 47
platform caam_sm: [0016] 3f 21 a6 fa 96 6b 70 c5
platform caam_sm: [0024] b7 e2 6e 92 57 f3 d5 8c
platform caam_sm: restored 256-bit black key:
platform caam_sm: [0000] 12 39 c2 40 e8 69 2e 75
platform caam_sm: [0008] df c8 9e ae 38 05 eb 45
platform caam_sm: [0016] c7 eb 06 4a d8 27 05 42
platform caam_sm: [0024] 7f 7a 69 af 56 b9 14 83
snvs-secvio 20cc000.caam-snvs: can't get snvs clock
snvs-secvio 20cc000.caam-snvs: violation handlers armed - non-secure state
hidraw: raw HID events driver (C) Jiri Kosina
usbcore: registered new interface driver usbhid
usbhid: USB HID core driver
ashmem: initialized
usbcore: registered new interface driver snd-usb-audio
sgtl5000 2-000a: sgtl5000 revision 0x11
fsl-ssi-dai 2028000.ssi: No cache defaults, reading back from HW
imx-sgtl5000 sound: sgtl5000 <-> 2028000.ssi mapping ok
imx-spdif sound-spdif: snd-soc-dummy-dai <-> 2004000.spdif mapping ok
imx-audio-hdmi sound-hdmi: hdmi-hifi.0 <-> soc:hdmi_audio@00120000 mapping ok
NET: Registered protocol family 26
u32 classifier
    Actions configured
Netfilter messages via NETLINK v0.30.
nf_conntrack version 0.5.0 (16384 buckets, 65536 max)
ctnetlink v0.93: registering with nfnetlink.
xt_time: kernel timezone is -0000
ip_tables: (C) 2000-2006 Netfilter Core Team
arp_tables: arp_tables: (C) 2002 David S. Miller
Initializing XFRM netlink socket
NET: Registered protocol family 10
mip6: Mobile IPv6
ip6_tables: (C) 2000-2006 Netfilter Core Team
sit: IPv6, IPv4 and MPLS over IPv4 tunneling driver
NET: Registered protocol family 17
NET: Registered protocol family 15
can: controller area network core (rev 20120528 abi 9)
NET: Registered protocol family 29
can: raw protocol (rev 20120528)
can: broadcast manager protocol (rev 20161123 t)
can: netlink gateway (rev 20130117) max_hops=1
Bluetooth: RFCOMM TTY layer initialized
Bluetooth: RFCOMM socket layer initialized
Bluetooth: RFCOMM ver 1.11
Bluetooth: BNEP (Ethernet Emulation) ver 1.3
Bluetooth: BNEP filters: protocol multicast
Bluetooth: BNEP socket layer initialized
Bluetooth: HIDP (Human Interface Emulation) ver 1.2
Bluetooth: HIDP socket layer initialized
8021q: 802.1Q VLAN Support v1.8
Key type dns_resolver registered
cpu cpu0: Registered imx6q-cpufreq
registered taskstats version 1
imx_thermal 2000000.aips-bus:tempmon: Industrial CPU temperature grade - max:105C critical:100C passive:95C
dhd_module_init in
input: gpio-keys as /devices/soc0/gpio-keys/input/input1
snvs_rtc 20cc000.snvs:snvs-rtc-lp: setting system clock to 1970-01-01 00:01:47 UTC (107)
usb_otg_vbus: disabling
ALSA device list:
  #0: imx6q-apalis-sgtl5000
  #1: imx-spdif
  #2: imx-hdmi-soc
Freeing unused kernel memory: 1024K
init: init first stage started!
SELinux:  Permission validate_trans in class security not defined in policy.
SELinux:  Class cap_userns not defined in policy.
SELinux:  Class cap2_userns not defined in policy.
SELinux: the above unknown classes and permissions will be denied
audit: type=1403 audit(107.620:2): policy loaded auid=4294967295 ses=4294967295
init: (Initializing SELinux non-enforcing took 0.11s.)
init: init second stage started!
init: Running restorecon...
init: waitpid failed: No child processes
init: (Loading properties from /default.prop took 0.00s.)
init: (Parsing /init.environ.rc took 0.00s.)
init: (Parsing /init.usb.rc took 0.00s.)
init: (Parsing init.freescale.usb.rc took 0.00s.)
init: (Parsing init.freescale.i.MX6Q.rc took 0.00s.)
init: (Parsing init.freescale.emmc.rc took 0.00s.)
init: (Parsing /init.freescale.rc took 0.02s.)
ueventd: ueventd started!
ueventd: Coldboot took 0.43s.
Console: switching to colour dummy device 80x30
watchdogd: started (interval 10, margin 20)!
EXT4-fs (mmcblk0p3): mounted filesystem with ordered data mode. Opts: barrier=1
EXT4-fs (mmcblk0p10): Ignoring removed nomblk_io_submit option
EXT4-fs (mmcblk0p10): mounted filesystem with ordered data mode. Opts: nomblk_io_submit,noauto_da_alloc,errors=panic
EXT4-fs (mmcblk0p4): Ignoring removed nomblk_io_submit option
EXT4-fs (mmcblk0p4): mounted filesystem with ordered data mode. Opts: nomblk_io_submit
EXT4-fs (mmcblk0p5): mounted filesystem with ordered data mode. Opts: (null)
file system registered
using random self ethernet address
using random host ethernet address
zram0: detected capacity change from 0 to 314572800
logd.auditd: start
logd.klogd: 7195061000
Adding 307196k swap on /dev/block/zram0.  Priority:-1 extents:1 across:307196k SS
binder: 259:259 transaction failed 29189, size 0-0
type=1400 audit(110.340:3): avc: denied { entrypoint } for pid=265 comm="init" path="/system/bin/can-config.sh" dev="mmcblk0p3" ino=256 scontext=u:r:obd:s0 tcontext=u:object_r:system_file:s0 tclass=file permissive=1
logd.daemon: reinit
type=1400 audit(110.350:4): avc: denied { read execute } for pid=265 comm="can-config.sh" path="/system/bin/sh" dev="mmcblk0p3" ino=460 scontext=u:r:obd:s0 tcontext=u:object_r:shell_exec:s0 tclass=file permissive=1
type=1400 audit(110.350:5): avc: denied { getattr } for pid=265 comm="can-config.sh" path="/system/bin/sh" dev="mmcblk0p3" ino=460 scontext=u:r:obd:s0 tcontext=u:object_r:shell_exec:s0 tclass=file permissive=1
toradex_apalis6q:/ # type=1400 audit(110.350:6): avc: denied { getattr } for pid=265 comm="can-config.sh" path="/vendor" dev="rootfs" ino=6499 scontext=u:r:obd:s0 tcontext=u:object_r:rootfs:s0 tclass=lnk_file permissive=1
type=1400 audit(110.450:7): avc: denied { create } for pid=266 comm="obd" scontext=u:r:obd:s0 tcontext=u:r:obd:s0 tclass=socket permissive=1
type=1400 audit(110.450:8): avc: denied { ioctl } for pid=266 comm="obd" path="socket:[11325]" dev="sockfs" ino=11325 ioctlcmd=0x8933 scontext=u:r:obd:s0 tcontext=u:r:obd:s0 tclass=socket permissive=1
type=1400 audit(110.450:9): avc: denied { bind } for pid=266 comm="obd" scontext=u:r:obd:s0 tcontext=u:r:obd:s0 tclass=socket permissive=1
IPv6: ADDRCONF(NETDEV_CHANGE): can0: link becomes ready
healthd: No battery devices found
ERROR: v4l2 capture: slave not found! V4L2_CID_HUE
ERROR: v4l2 capture: slave not found! V4L2_CID_HUE
capability: warning: `main' uses 32-bit capabilities (legacy support in use)
type=1400 audit(118.810:34): avc: denied { write } for pid=266 comm="obd" path="socket:[11325]" dev="sockfs" ino=11325 scontext=u:r:obd:s0 tcontext=u:r:obd:s0 tclass=socket permissive=1
init: write_file: Unable to open '/sys/devices/system/cpu/cpufreq/interactive/timer_rate': No such file or directory
init: write_file: Unable to open '/sys/devices/system/cpu/cpufreq/interactive/min_sample_time': No such file or directory
init: write_file: Unable to open '/sys/devices/system/cpu/cpufreq/interactive/go_hispeed_load': No such file or directory
init: write_file: Unable to open '/proc/sys/vm/extra_free_kbytes': No such file or directory
init: write_file: Unable to write to '/config/usb_gadget/g1/UDC': No such device
acc_open
acc_release
android_work: sent uevent USB_STATE=CONNECTED
android_work: sent uevent USB_STATE=DISCONNECTED
android_work: sent uevent USB_STATE=CONNECTED
android_work: sk is not ready
k is not ready
android_work: sent uevent USB_STATE=CONNECTED
android_work: sent uevent USB_STATE=CONNECTED
android_work: sent uevent USB_STATE=CONNECTED
android_work: sent uevent USB_STATE=CONNECTED
android_work: sent uevent USB_STATE=CONNECTED
android_work: sent uevent USB_STATE=CONNECTED
android_work: sent uevent USB_STATE=CONNECTED
android_work: sent uevent USB_STATE=CONNECTED
android_work: sent uevent USB_STATE=CONNECTED
android_work: sent uevent USB_STATE=CONNECTED
android_work: sent uevent USB_STATE=CONNECTED
android_work: sent uevent USB_STATE=CONNECTED
android_work: sent uevent USB_STATE=CONNECTED
android_work: sent uevent USB_STATE=CONNECTED
android_work: sent uevent USB_STATE=CONNECTED
android_work: sent uevent USB_STATE=CONNECTED
android_work: sent uevent USB_STATE=CONNECTED
android_work: sent uevent USB_STATE=CONNECTED
android_work: sent uevent USB_STATE=CONNECTED
android_work: sent uevent USB_STATE=CONNECTED
android_work: sent uevent USB_STATE=CONNECTED
android_work: sent uevent USB_STATE=CONNECTED
android_work: sent uevent USB_STATE=CONNECTED
android_work: sent uevent USB_STATE=CONNECTED
android_work: sent uevent USB_STATE=CONNECTED
android_work: sent uevent USB_STATE=CONNECTED
android_work: sent uevent USB_STATE=CONNECTED
android_work: sent uevent USB_STATE=CONNECTED
android_work: sent uevent USB_STATE=CONNECTED
android_work: sent uevent USB_STATE=CONNECTED
android_work: sent uevent USB_STATE=CONNECTED
android_work: sent uevent USB_STATE=CONNECTED
android_work: sent uevent USB_STATE=CONNECTED
android_work: sent uevent USB_STATE=CONNECTED
android_work: sent uevent USB_STATE=CONNECTED
android_work: sent uevent USB_STATE=CONNECTED
android_work: sent uevent USB_STATE=CONNECTED
android_work: sent uevent USB_STATE=CONNECTED
android_work: sent uevent USB_STATE=CONNECTED
android_work: sent uevent USB_STATE=CONNECTED
android_work: sent uevent USB_STATE=CONNECTED
android_work: sent uevent USB_STATE=CONNECTED
android_work: sent uevent USB_STATE=CONNECTED
android_work: sent uevent USB_STATE=CONNECTED
android_work: sent uevent USB_STATE=CONNECTED
android_work: sent uevent USB_STATE=CONNECTED
android_work: sent uevent USB_STATE=CONNECTED
android_work: sent uevent USB_STATE=CONNECTED
android_work: sent uevent USB_STATE=CONNECTED
android_work: sent uevent USB_STATE=CONNECTED
android_work: sent uevent USB_STATE=CONNECTED
android_work: sent uevent USB_STATE=CONNECTED
android_work: sent uevent USB_STATE=CONNECTED
android_work: sent uevent USB_STATE=CONNECTED
android_work: sent uevent USB_STATE=CONNECTED
android_work: sent uevent USB_STATE=CONNECTED
android_work: sent uevent USB_STATE=CONNECTED
android_work: sent uevent USB_STATE=CONNECTED
android_work: sent uevent USB_STATE=CONNECTED
android_work: sent uevent USB_STATE=CONNECTED
android_work: sent uevent USB_STATE=CONNECTED
android_work: sent uevent USB_STATE=CONNECTED
android_work: sent uevent USB_STATE=CONNECTED
android_work: sent uevent USB_STATE=CONNECTED
android_work: sent uevent USB_STATE=CONNECTED
android_work: sent uevent USB_STATE=CONNECTED
android_work: sent uevent USB_STATE=CONNECTED
android_work: sent uevent USB_STATE=CONNECTED
android_work: sent uevent USB_STATE=CONNECTED
android_work: sent uevent USB_STATE=CONNECTED
android_work: sent uevent USB_STATE=CONNECTED
android_work: sent uevent USB_STATE=CONNECTED
android_work: sent uevent USB_STATE=CONNECTED
android_work: sent uevent USB_STATE=CONNECTED
android_work: sent uevent USB_STATE=CONNECTED
android_work: sent uevent USB_STATE=CONNECTED
android_work: sent uevent USB_STATE=CONNECTED
android_work: sent uevent USB_STATE=CONNECTED
android_work: sent uevent USB_STATE=CONNECTED
android_work: sent uevent USB_STATE=CONNECTED
android_work: sent uevent USB_STATE=DISCONNECTED
android_work: sent uevent USB_STATE=CONNECTED
android_work: sent uevent USB_STATE=DISCONNECTED
android_work: sent uevent USB_STATE=CONNECTED
configfs-gadget gadget: high-speed config #1: b
android_work: sent uevent USB_STATE=CONFIGURED
random: crng init done
type=1400 audit(127.240:35): avc: denied { write } for pid=266 comm="obd" path="socket:[11325]" dev="sockfs" ino=11325 scontext=u:r:obd:s0 tcontext=u:r:obd:s0 tclass=socket permissive=1
init: Service 'bootanim' (pid 341) exited with status 0
init: Starting service 'exec 3 (/system/bin/bootstat)'...
init: Service 'exec 3 (/system/bin/bootstat)' (pid 953) exited with status 0
init: Starting service 'exec 4 (/system/bin/bootstat)'...
init: Service 'exec 4 (/system/bin/bootstat)' (pid 964) exited with status 0
init: Starting service 'exec 5 (/system/bin/bootstat)'...
init: Service 'exec 5 (/system/bin/bootstat)' (pid 966) exited with status 0
init: Starting service 'exec 6 (/system/bin/bootstat)'...
init: Service 'exec 6 (/system/bin/bootstat)' (pid 967) exited with status 0
type=1400 audit(132.760:36): avc: denied { write } for pid=266 comm="obd" path="socket:[11325]" dev="sockfs" ino=11325 scontext=u:r:obd:s0 tcontext=u:r:obd:s0 tclass=socket permissive=1
type=1400 audit(138.530:37): avc: denied { write } for pid=1211 comm="Thread-2" name="vcan" dev="tmpfs" ino=10920 scontext=u:r:untrusted_app:s0:c512,c768 tcontext=u:object_r:socket_device:s0 tclass=sock_file permissive=1
type=1400 audit(138.530:38): avc: denied { connectto } for pid=1211 comm="Thread-2" path="/dev/socket/vcan" scontext=u:r:untrusted_app:s0:c512,c768 tcontext=u:r:obd:s0 tclass=unix_stream_socket permissive=1

toradex_apalis6q:/ # 
toradex_apalis6q:/ # 
toradex_apalis6q:/ # 
toradex_apalis6q:/ # 
toradex_apalis6q:/ # 
toradex_apalis6q:/ # 
toradex_apalis6q:/ # dmesg | grep android_work: sent uevent USB_STATE=DISCONNECTED
android_work: sent uevent USB_STATE=CONNECTED
android_work: sent uevent USB_STATE=DISCONNECTED
configfs-gadget gadget: high-speed config #1: b
android_work: sent uevent USB_STATE=CONNECTED
android_work: sent uevent USB_STATE=CONFIGURED
mtp_open
Amtp_release
android_work: sent uevent USB_STATE=DISCONNECTED
android_work: sent uevent USB_STATE=CONNECTED
android_work: sent uevent USB_STATE=DISCONNECTED
configfs-gadget gadget: high-speed config #1: b
android_work: sent uevent USB_STATE=CONNECTED
android_work: sent uevent USB_STATE=CONFIGURED
ramtp_open
configfs-gadget gadget: high-speed config #1: b
mtp_release
android_work: sent uevent USB_STATE=CONFIGURED
vinthtype=1400 audit(187.170:39): avc: denied { write } for pid=266 comm="obd" path="socket:[11325]" dev="sockfs" ino=11325 scontext=u:r:obd:s0 tcontext=u:r:obd:s0 tclass=socket permissive=1

OF: fdt:Machine model: Aravinth : Toradex Apalis iMX6Q/D Module on Ixora V1.1 Carrier Board
toradex_apalis6q:/ # 
toradex_apalis6q:/ # 
toradex_apalis6q:/ # 
toradex_apalis6q:/ # toradex_apalis6q:/ # dmesg | grep Aravinth                                     
OF: fdt:Machine model: Aravinth : Toradex Apalis iMX6Q/D Module on Ixora V1.1 Carrier Board
toradex_apalis6q:/ # 
toradex_apalis6q:/ # 
toradex_apalis6q:/ # 
toradex_apalis6q:/ # 

U-Boot 2017.03-00002-gebf9dc2527 (Jan 31 2018 - 14:59:40 +0530)

CPU:   Freescale i.MX6Q rev1.5 at 792 MHz
Reset cause: POR
I2C:   ready
DRAM:  2 GiB
PMIC: device id: 0x10, revision id: 0x21
PMIC: programmed
MMC:   FSL_SDHC: 0, FSL_SDHC: 1, FSL_SDHC: 2
Unable to allocate framebuffer memory
In:    serial
Out:   serial
Err:   serial
Model: Toradex Apalis iMX6 Quad 2GB IT V1.1C, Serial# 05146387
flash target is MMC:0
Net:   using PHY at 7
FEC [PRIME]
Fastboot: Normal
Hit any key to stop autoboot:  1  0 
boota mmc0 
CACHE: Misaligned operation at range [8ffb79a0, 8ffb7a20]
CACHE: Misaligned operation at range [8ffb79a0, 8ffb7a20]
kernel   @ 14008000 (9840904)
ramdisk  @ 15000000 (1628773)
fdt      @ 14f00000 (53981)
## Booting Android Image at 0x12000000 ...
Kernel load addr 0x14008000 size 9611 KiB
Kernel command line: console=ttymxc0,115200 init=/init video=mxcfb0:dev=lcd,FusionF07A,if=RGB24 video=mxcfb1:dev=hdmi,640x480M@60,if=RGB24,bpp=16 video=mxcfb2:off video=mxcfb3:off vmalloc=256M androidboot.console=ttymxc0 consoleblank=0 androidboot.hardware=freescale cma=448M androidboot.selinux=permissive androidboot.dm_verity=disabled androidboot.serialno=1b2429d4ea997115 androidboot.storage_type=emmc
## Flattened Device Tree blob at 14f00000
   Booting using the fdt blob at 0x14f00000
   Loading Kernel Image ... OK
   Using Device Tree in place at 14f00000, end 14f102dc

Starting kernel ...

Booting Linux on physical CPU 0x0
Linux version 4.9.67-07229-gdc6c16ec0433-dirty (embadmin@ubuntu) (gcc version 4.9 20150123 (prerelease) (GCC) ) #30 SMP PREEMPT Wed Jan 31 15:12:01 IST 2018
CPU: ARMv7 Processor [412fc09a] revision 10 (ARMv7), cr=10c53c7d
CPU: PIPT / VIPT nonaliasing data cache, VIPT aliasing instruction cache
OF: fdt:Machine model: Aravinth : Toradex Apalis iMX6Q/D Module on Ixora V1.1 Carrier Board
cma: Reserved 448 MiB at 0x22000000
Memory policy: Data cache writealloc
percpu: Embedded 15 pages/cpu @ee6b3000 s31040 r8192 d22208 u61440
Built 1 zonelists in Zone order, mobility grouping on.  Total pages: 522768
Kernel command line: console=ttymxc0,115200 init=/init video=mxcfb0:dev=lcd,FusionF07A,if=RGB24 video=mxcfb1:dev=hdmi,640x480M@60,if=RGB24,bpp=16 video=mxcfb2:off video=mxcfb3:off vmalloc=256M androidboot.console=ttymxc0 consoleblank=0 androidboot.hardware=freescale cma=448M androidboot.selinux=permissive androidboot.dm_verity=disabled androidboot.serialno=1b2429d4ea997115 androidboot.storage_type=emmc
PID hash table entries: 4096 (order: 2, 16384 bytes)
Dentry cache hash table entries: 131072 (order: 7, 524288 bytes)
Inode-cache hash table entries: 65536 (order: 6, 262144 bytes)
Memory: 1597024K/2097152K available (13312K kernel code, 1153K rwdata, 4024K rodata, 1024K init, 605K bss, 41376K reserved, 458752K cma-reserved, 1318912K highmem)
Virtual kernel memory layout:
    vector  : 0xffff0000 - 0xffff1000   (   4 kB)
    fixmap  : 0xffc00000 - 0xfff00000   (3072 kB)
    vmalloc : 0xf0000000 - 0xff800000   ( 248 MB)
    lowmem  : 0xc0000000 - 0xef800000   ( 760 MB)
    pkmap   : 0xbfe00000 - 0xc0000000   (   2 MB)
    modules : 0xbf000000 - 0xbfe00000   (  14 MB)
      .text : 0xc0008000 - 0xc0e00000   (14304 kB)
      .init : 0xc1300000 - 0xc1400000   (1024 kB)
      .data : 0xc1400000 - 0xc1520558   (1154 kB)
       .bss : 0xc1520558 - 0xc15b7c20   ( 606 kB)
SLUB: HWalign=64, Order=0-3, MinObjects=0, CPUs=4, Nodes=1
Preemptible hierarchical RCU implementation.
	Build-time adjustment of leaf fanout to 32.
NR_IRQS:16 nr_irqs:16 16
L2C-310 errata 752271 769419 enabled
L2C-310 enabling early BRESP for Cortex-A9
L2C-310 full line of zeros enabled for Cortex-A9
L2C-310 ID prefetch enabled, offset 16 lines
L2C-310 dynamic clock gating enabled, standby mode enabled
L2C-310 cache controller enabled, 16 ways, 1024 kB
L2C-310: CACHE_ID 0x410000c7, AUX_CTRL 0x76470001
Switching to timer-based delay loop, resolution 333ns
sched_clock: 32 bits at 3000kHz, resolution 333ns, wraps every 715827882841ns
clocksource: mxc_timer1: mask: 0xffffffff max_cycles: 0xffffffff, max_idle_ns: 637086815595 ns
Console: colour dummy device 80x30
Calibrating delay loop (skipped), value calculated using timer frequency.. 6.00 BogoMIPS (lpj=30000)
pid_max: default: 32768 minimum: 301
Security Framework initialized
SELinux:  Initializing.
Mount-cache hash table entries: 2048 (order: 1, 8192 bytes)
Mountpoint-cache hash table entries: 2048 (order: 1, 8192 bytes)
CPU: Testing write buffer coherency: ok
CPU0: update cpu_capacity 1024
CPU0: thread -1, cpu 0, socket 0, mpidr 80000000
Setting up static identity map for 0x10100000 - 0x10100058
CPU1: update cpu_capacity 1024
CPU1: thread -1, cpu 1, socket 0, mpidr 80000001
CPU2: update cpu_capacity 1024
CPU2: thread -1, cpu 2, socket 0, mpidr 80000002
CPU3: update cpu_capacity 1024
CPU3: thread -1, cpu 3, socket 0, mpidr 80000003
Brought up 4 CPUs
SMP: Total of 4 processors activated (24.00 BogoMIPS).
CPU: All CPU(s) started in SVC mode.
CPU3: update max cpu_capacity 1024
devtmpfs: initialized
CPU2: update max cpu_capacity 1024
VFP support v0.3: implementor 41 architecture 3 part 30 variant 9 rev 4
clocksource: jiffies: mask: 0xffffffff max_cycles: 0xffffffff, max_idle_ns: 19112604462750000 ns
futex hash table entries: 1024 (order: 4, 65536 bytes)
pinctrl core: initialized pinctrl subsystem
NET: Registered protocol family 16
DMA: preallocated 256 KiB pool for atomic coherent allocations
cpuidle: using governor menu
CPU identified as i.MX6Q, silicon rev 1.5
hw-breakpoint: found 5 (+1 reserved) breakpoint and 1 watchpoint registers.
hw-breakpoint: maximum watchpoint size is 4 bytes.
imx6q-pinctrl 20e0000.iomuxc: initialized IMX pinctrl driver
imx-gpc 20dc000.gpc: no fsl,ldo-bypass found!
imx-gpc 20dc000.gpc: Registered imx-gpc
mxs-dma 110000.dma-apbh: initialized
usb_host_vbus: supplied by usb_host_vbus_hub
SCSI subsystem initialized
usbcore: registered new interface driver usbfs
usbcore: registered new interface driver hub
usbcore: registered new device driver usb
2000000.aips-bus:usbphy_nop1 supply vcc not found, using dummy regulator
2000000.aips-bus:usbphy_nop2 supply vcc not found, using dummy regulator
i2c i2c-1: IMX I2C adapter registered
i2c i2c-1: can't use DMA, using PIO instead.
stmpe-i2c 2-0041: stmpe811 detected, chip id: 0x811
i2c i2c-2: IMX I2C adapter registered
i2c i2c-2: can't use DMA, using PIO instead.
i2c i2c-3: IMX I2C adapter registered
i2c i2c-3: can't use DMA, using PIO instead.
Linux video capture interface: v2.00
pps_core: LinuxPPS API ver. 1 registered
pps_core: Software ver. 5.3.6 - Copyright 2005-2007 Rodolfo Giometti <giometti@linux.it>
PTP clock support registered
imx-ipuv3 2400000.ipu: IPU DMFC NORMAL mode: 1(0~1), 5B(4,5), 5F(6,7)
imx-ipuv3 2800000.ipu: IPU DMFC NORMAL mode: 1(0~1), 5B(4,5), 5F(6,7)
mxc_mipi_csi2 21dc000.mipi_csi: i.MX MIPI CSI2 driver probed ipu0 csi1
mxc_mipi_csi2 21dc000.mipi_csi: i.MX MIPI CSI2 dphy version is 0x3130302a
MIPI CSI2 driver module loaded
imx rpmsg driver is registered.
Advanced Linux Sound Architecture Driver Initialized.
Bluetooth: Core ver 2.22
NET: Registered protocol family 31
Bluetooth: HCI device and connection manager initialized
Bluetooth: HCI socket layer initialized
Bluetooth: L2CAP socket layer initialized
Bluetooth: SCO socket layer initialized
clocksource: Switched to clocksource mxc_timer1
VFS: Disk quotas dquot_6.6.0
VFS: Dquot-cache hash table entries: 1024 (order 0, 4096 bytes)
NET: Registered protocol family 2
TCP established hash table entries: 8192 (order: 3, 32768 bytes)
TCP bind hash table entries: 8192 (order: 4, 65536 bytes)
TCP: Hash tables configured (established 8192 bind 8192)
UDP hash table entries: 512 (order: 2, 16384 bytes)
UDP-Lite hash table entries: 512 (order: 2, 16384 bytes)
NET: Registered protocol family 1
RPC: Registered named UNIX socket transport module.
RPC: Registered udp transport module.
RPC: Registered tcp transport module.
RPC: Registered tcp NFSv4.1 backchannel transport module.
Trying to unpack rootfs image as initramfs...
Freeing initrd memory: 1592K
hw perfevents: enabled with armv7_cortex_a9 PMU driver, 7 counters available
Bus freq driver module loaded
audit: initializing netlink subsys (disabled)
audit: type=2000 audit(0.880:1): initialized
workingset: timestamp_bits=30 max_order=19 bucket_order=0
NFS: Registering the id_resolver key type
Key type id_resolver registered
Key type id_legacy registered
ntfs: driver 2.1.32 [Flags: R/W DEBUG].
jffs2: version 2.2. (NAND) © 2001-2006 Red Hat, Inc.
fuse init (API version 7.26)
bounce: pool size: 64 pages
io scheduler noop registered
io scheduler deadline registered
io scheduler cfq registered (default)
backlight supply power not found, using dummy regulator
20e0000.hdmi_video supply HDMI not found, using dummy regulator
mxc_sdc_fb fb@0: registered mxc display driver lcd
Console: switching to colour frame buffer device 100x30
mxc_hdmi 20e0000.hdmi_video: Detected HDMI controller 0x13:0xa:0xa0:0xc1
fbcvt: 640x480@60: CVT Name - .307M3
mxc_sdc_fb fb@1: registered mxc display driver hdmi
mxc_sdc_fb fb@2: Can't get fb option for mxcfb2!
mxc_sdc_fb fb@3: Can't get fb option for mxcfb3!
imx-sdma 20ec000.sdma: no iram assigned, using external mem
imx-sdma 20ec000.sdma: loaded firmware 3.3
pfuze100-regulator 2-0008: Full layer: 2, Metal layer: 1
pfuze100-regulator 2-0008: FAB: 0, FIN: 0
pfuze100-regulator 2-0008: pfuze100 found.
mxc_hdmi 20e0000.hdmi_video: Read EDID again
2020000.serial: ttymxc0 at MMIO 0x2020000 (irq = 29, base_baud = 5000000) is a IMX
mxc_hdmi 20e0000.hdmi_video: create default modelist
console [ttymxc0] enabled
21e8000.serial: ttymxc1 at MMIO 0x21e8000 (irq = 78, base_baud = 5000000) is a IMX
21f0000.serial: ttymxc3 at MMIO 0x21f0000 (irq = 79, base_baud = 5000000) is a IMX
21f4000.serial: ttymxc4 at MMIO 0x21f4000 (irq = 80, base_baud = 5000000) is a IMX
imx sema4 driver is registered.
[drm] Initialized
[drm] Initialized vivante 1.0.0 20120216 on minor 0
brd: module loaded
loop: module loaded
zram: Added device: zram0
ahci-imx 2200000.sata: fsl,transmit-level-mV not specified, using 00000024
ahci-imx 2200000.sata: fsl,transmit-boost-mdB not specified, using 00000480
ahci-imx 2200000.sata: fsl,transmit-atten-16ths not specified, using 00002000
ahci-imx 2200000.sata: fsl,receive-eq-mdB not specified, using 05000000
ahci-imx 2200000.sata: SSS flag set, parallel bus scan disabled
ahci-imx 2200000.sata: AHCI 0001.0300 32 slots 1 ports 3 Gbps 0x1 impl platform mode
ahci-imx 2200000.sata: flags: ncq sntf stag pm led clo only pmp pio slum part ccc apst 
scsi host0: ahci-imx
ata1: SATA max UDMA/133 mmio [mem 0x02200000-0x02203fff] port 0x100 irq 87
spi_imx 2008000.ecspi: probed
libphy: Fixed MDIO Bus: probed
tun: Universal TUN/TAP device driver, 1.6
tun: (C) 1999-2004 Max Krasnyansky <maxk@qualcomm.com>
CAN device driver interface
2090000.flexcan supply xceiver not found, using dummy regulator
flexcan 2090000.flexcan: device registered (reg_base=f02f4000, irq=38)
2094000.flexcan supply xceiver not found, using dummy regulator
flexcan 2094000.flexcan: device registered (reg_base=f02fc000, irq=39)
2188000.ethernet supply phy not found, using dummy regulator
pps pps0: new PPS source ptp0
libphy: fec_enet_mii_bus: probed
fec 2188000.ethernet eth0: registered PHC device 0
PPP generic driver version 2.4.2
PPP BSD Compression module registered
PPP Deflate Compression module registered
PPP MPPE Compression module registered
NET: Registered protocol family 24
usbcore: registered new interface driver rtl8xxxu
usbcore: registered new interface driver kaweth
pegasus: v0.9.3 (2013/04/25), Pegasus/Pegasus II USB Ethernet driver
usbcore: registered new interface driver pegasus
usbcore: registered new interface driver rtl8150
usbcore: registered new interface driver r8152
usbcore: registered new interface driver asix
usbcore: registered new interface driver ax88179_178a
usbcore: registered new interface driver cdc_ether
usbcore: registered new interface driver cdc_eem
usbcore: registered new interface driver net1080
usbcore: registered new interface driver cdc_subset
usbcore: registered new interface driver zaurus
usbcore: registered new interface driver cdc_ncm
ehci_hcd: USB 2.0 'Enhanced' Host Controller (EHCI) Driver
ehci-mxc: Freescale On-Chip EHCI Host driver
usbcore: registered new interface driver cdc_acm
cdc_acm: USB Abstract Control Model driver for USB modems and ISDN adapters
usbcore: registered new interface driver usb-storage
usbcore: registered new interface driver usbserial
usbcore: registered new interface driver usbserial_generic
usbserial: USB Serial support registered for generic
usbcore: registered new interface driver ftdi_sio
usbserial: USB Serial support registered for FTDI USB Serial Device
usbcore: registered new interface driver option
usbserial: USB Serial support registered for GSM modem (1-port)
usbcore: registered new interface driver usbtest
usbcore: registered new interface driver usb_ehset_test
2184800.usbmisc supply vbus-wakeup not found, using dummy regulator
ci_hdrc ci_hdrc.1: EHCI Host Controller
ci_hdrc ci_hdrc.1: new USB bus registered, assigned bus number 1
ci_hdrc ci_hdrc.1: USB 2.0 started, EHCI 1.00
usb usb1: New USB device found, idVendor=1d6b, idProduct=0002
usb usb1: New USB device strings: Mfr=3, Product=2, SerialNumber=1
usb usb1: Product: EHCI Host Controller
usb usb1: Manufacturer: Linux 4.9.67-07229-gdc6c16ec0433-dirty ehci_hcd
ata1: SATA link down (SStatus 0 SControl 300)
ahci-imx 2200000.sata: no device found, disabling link.
ahci-imx 2200000.sata: pass ahci_imx..hotplug=1 to enable hotplug
usb usb1: SerialNumber: ci_hdrc.1
hub 1-0:1.0: USB hub found
hub 1-0:1.0: 1 port detected
mousedev: PS/2 mouse device common for all mice
usbcore: registered new interface driver xpad
usbcore: registered new interface driver usb_acecad
usbcore: registered new interface driver aiptek
usbcore: registered new interface driver gtco
usbcore: registered new interface driver hanwang
usbcore: registered new interface driver kbtab
input: stmpe-ts as /devices/soc0/soc/2100000.aips-bus/21a4000.i2c/i2c-2/2-0041/stmpe-ts/input/input0
snvs_rtc 20cc000.snvs:snvs-rtc-lp: rtc core: registered 20cc000.snvs:snvs-r as rtc0
i2c /dev entries driver
IR NEC protocol handler initialized
IR RC5(x/sz) protocol handler initialized
IR RC6 protocol handler initialized
IR JVC protocol handler initialized
IR Sony protocol handler initialized
IR SANYO protocol handler initialized
IR Sharp protocol handler initialized
IR MCE Keyboard/mouse protocol handler initialized
IR XMP protocol handler initialized
mxc_v4l2_output v4l2_out: V4L2 device registered as video16
mxc_v4l2_output v4l2_out: V4L2 device registered as video17
mxc_v4l2_output v4l2_out: V4L2 device registered as video18
ov564x_mipi 3-003c: found pwm2, period=0
usb 1-1: new high-speed USB device number 2 using ci_hdrc
ov5640_read_reg:write reg error:reg=300a
camera ov5640_mipi is not found
usbcore: registered new interface driver uvcvideo
USB Video Class driver (1.1.1)
imx2-wdt 20bc000.wdog: timeout 60 sec (nowayout=0)
device-mapper: uevent: version 1.0.3
device-mapper: ioctl: 4.35.0-ioctl (2016-06-23) initialised: dm-devel@redhat.com
Bluetooth: HCI UART driver ver 2.3
Bluetooth: HCI UART protocol H4 registered
Bluetooth: HCI UART protocol BCSP registered
Bluetooth: HCI UART protocol ATH3K registered
usbcore: registered new interface driver btusb
sdhci: Secure Digital Host Controller Interface driver
sdhci: Copyright(c) Pierre Ossman
sdhci-pltfm: SDHCI platform and OF driver helper
sdhci-esdhc-imx 2190000.usdhc: could not get ultra high speed state, work on normal mode
sdhci-esdhc-imx 2190000.usdhc: Got CD GPIO
mmc1: SDHCI controller on 2190000.usdhc [2190000.usdhc] using ADMA
sdhci-esdhc-imx 2198000.usdhc: could not get ultra high speed state, work on normal mode
usb 1-1: New USB device found, idVendor=0424, idProduct=2514
usb 1-1: New USB device strings: Mfr=0, Product=0, SerialNumber=0
hub 1-1:1.0: USB hub found
hub 1-1:1.0: 4 ports detected
mmc0: SDHCI controller on 2198000.usdhc [2198000.usdhc] using ADMA
mxc_vpu 2040000.vpu_fsl: VPU initialized
mxc_vdoa 21e4000.vdoa: i.MX Video Data Order Adapter(VDOA) driver probed
mxc_hdmi_cec soc:hdmi_cec@00120000: HDMI CEC initialized
Galcore version 6.2.2.96445
mmc0: new DDR MMC card at address 0001
mmcblk0: mmc0:0001 Q2J54A 3.59 GiB 
mmcblk0boot0: mmc0:0001 Q2J54A partition 1 16.0 MiB
mmcblk0boot1: mmc0:0001 Q2J54A partition 2 16.0 MiB
random: fast init done
Alternate GPT is invalid, using primary GPT.
 mmcblk0: p1 p2 p3 p4 p5 p6 p7 p8 p9 p10 p11
usb 1-1.3: new high-speed USB device number 3 using ci_hdrc
usb 1-1.3: New USB device found, idVendor=7392, idProduct=a611
usb 1-1.3: New USB device strings: Mfr=1, Product=2, SerialNumber=3
usb 1-1.3: Product: Edimax Wi-Fi N150 Bluetooth4.0 USB Adapter
usb 1-1.3: Manufacturer: Realtek
usb 1-1.3: SerialNumber: 00e04c000001
caam 2100000.caam: ERA source: CAAMVID.
caam 2100000.caam: AXI pipeline throttling enabled.
caam 2100000.caam: Instantiated RNG4 SH1
caam 2100000.caam: device ID = 0x0a16010000000000 (Era 4)
caam 2100000.caam: job rings = 2, qi = 0
caam algorithms registered in /proc/crypto
caam_jr 2101000.jr0: registering rng-caam
platform caam_sm: blkkey_ex: 4 keystore units available
platform caam_sm: 64-bit clear key:
platform caam_sm: [0000] 00 01 02 03 04 0f 06 07
platform caam_sm: 64-bit black key:
platform caam_sm: [0000] 49 8c bb 5e 2c d6 01 43
platform caam_sm: [0008] 4a a9 eb 97 c6 b6 41 66
platform caam_sm: 128-bit clear key:
platform caam_sm: [0000] 00 01 02 03 04 0f 06 07
platform caam_sm: [0008] 08 09 0a 0b 0c 0d 0e 0f
platform caam_sm: 128-bit black key:
platform caam_sm: [0000] 94 15 13 ce fe 05 91 3e
platform caam_sm: [0008] 72 18 1f 23 e3 09 71 a5
platform caam_sm: 192-bit clear key:
platform caam_sm: [0000] 00 01 02 03 04 0f 06 07
platform caam_sm: [0008] 08 09 0a 0b 0c 0d 0e 0f
platform caam_sm: [0016] 10 11 12 13 14 15 16 17
platform caam_sm: 192-bit black key:
platform caam_sm: [0000] 4e 89 03 00 b1 51 ca f0
platform caam_sm: [0008] 12 bc 07 7c 88 9b c0 7d
platform caam_sm: [0016] 34 e6 85 74 8d 0e fb 63
platform caam_sm: [0024] f9 bd 53 aa b4 d6 34 08
platform caam_sm: 256-bit clear key:
platform caam_sm: [0000] 00 01 02 03 04 0f 06 07
platform caam_sm: [0008] 08 09 0a 0b 0c 0d 0e 0f
platform caam_sm: [0016] 10 11 12 13 14 15 16 17
platform caam_sm: [0024] 18 19 1a 1b 1c 1d 1e 1f
platform caam_sm: 256-bit black key:
platform caam_sm: [0000] 04 44 84 0e 57 06 e0 12
platform caam_sm: [0008] 4c a2 17 bd 14 3c 04 e8
platform caam_sm: [0016] a2 0a f2 b1 4b e7 c8 5e
platform caam_sm: [0024] e0 ed be 85 5c 54 f9 8c
platform caam_sm: 64-bit unwritten blob:
platform caam_sm: [0000] 00 00 00 00 00 00 00 00
platform caam_sm: [0008] 00 00 00 00 00 00 00 00
platform caam_sm: [0016] 00 00 00 00 00 00 00 00
platform caam_sm: [0024] 00 00 00 00 00 00 00 00
platform caam_sm: [0032] 00 00 00 00 00 00 00 00
platform caam_sm: [0040] 00 00 00 00 00 00 00 00
platform caam_sm: [0048] 00 00 00 00 00 00 00 00
platform caam_sm: [0056] 00 00 00 00 00 00 00 00
platform caam_sm: [0064] 00 00 00 00 00 00 00 00
platform caam_sm: [0072] 00 00 00 00 00 00 00 00
platform caam_sm: [0080] 00 00 00 00 00 00 00 00
platform caam_sm: [0088] 00 00 00 00 00 00 00 00
platform caam_sm: 128-bit unwritten blob:
platform caam_sm: [0000] 00 00 00 00 00 00 00 00
platform caam_sm: [0008] 00 00 00 00 00 00 00 00
platform caam_sm: [0016] 00 00 00 00 00 00 00 00
platform caam_sm: [0024] 00 00 00 00 00 00 00 00
platform caam_sm: [0032] 00 00 00 00 00 00 00 00
platform caam_sm: [0040] 00 00 00 00 00 00 00 00
platform caam_sm: [0048] 00 00 00 00 00 00 00 00
platform caam_sm: [0056] 00 00 00 00 00 00 00 00
platform caam_sm: [0064] 00 00 00 00 00 00 00 00
platform caam_sm: [0072] 00 00 00 00 00 00 00 00
platform caam_sm: [0080] 00 00 00 00 00 00 00 00
platform caam_sm: [0088] 00 00 00 00 00 00 00 00
platform caam_sm: 196-bit unwritten blob:
platform caam_sm: [0000] 00 00 00 00 00 00 00 00
platform caam_sm: [0008] 00 00 00 00 00 00 00 00
platform caam_sm: [0016] 00 00 00 00 00 00 00 00
platform caam_sm: [0024] 00 00 00 00 00 00 00 00
platform caam_sm: [0032] 00 00 00 00 00 00 00 00
platform caam_sm: [0040] 00 00 00 00 00 00 00 00
platform caam_sm: [0048] 00 00 00 00 00 00 00 00
platform caam_sm: [0056] 00 00 00 00 00 00 00 00
platform caam_sm: [0064] 00 00 00 00 00 00 00 00
platform caam_sm: [0072] 00 00 00 00 00 00 00 00
platform caam_sm: [0080] 00 00 00 00 00 00 00 00
platform caam_sm: [0088] 00 00 00 00 00 00 00 00
platform caam_sm: 256-bit unwritten blob:
platform caam_sm: [0000] 00 00 00 00 00 00 00 00
platform caam_sm: [0008] 00 00 00 00 00 00 00 00
platform caam_sm: [0016] 00 00 00 00 00 00 00 00
platform caam_sm: [0024] 00 00 00 00 00 00 00 00
platform caam_sm: [0032] 00 00 00 00 00 00 00 00
platform caam_sm: [0040] 00 00 00 00 00 00 00 00
platform caam_sm: [0048] 00 00 00 00 00 00 00 00
platform caam_sm: [0056] 00 00 00 00 00 00 00 00
platform caam_sm: [0064] 00 00 00 00 00 00 00 00
platform caam_sm: [0072] 00 00 00 00 00 00 00 00
platform caam_sm: [0080] 00 00 00 00 00 00 00 00
platform caam_sm: [0088] 00 00 00 00 00 00 00 00
platform caam_sm: 64-bit black key in blob:
platform caam_sm: [0000] f9 6f 8e 1f 85 05 ef 4b
platform caam_sm: [0008] a6 7a 25 a4 b0 80 ce 03
platform caam_sm: [0016] c0 8f 8b 42 e3 fd e1 cc
platform caam_sm: [0024] f6 41 0a 1f 74 f9 22 9e
platform caam_sm: [0032] a9 43 d7 99 6a 18 0f a3
platform caam_sm: [0040] 2c 10 b4 a0 22 ac f6 34
platform caam_sm: [0048] 93 21 23 b5 1a 56 6c a5
platform caam_sm: [0056] 00 00 00 00 00 00 00 00
platform caam_sm: [0064] 00 00 00 00 00 00 00 00
platform caam_sm: [0072] 00 00 00 00 00 00 00 00
platform caam_sm: [0080] 00 00 00 00 00 00 00 00
platform caam_sm: [0088] 00 00 00 00 00 00 00 00
platform caam_sm: 128-bit black key in blob:
platform caam_sm: [0000] d0 6f ed 59 7c aa 4b 21
platform caam_sm: [0008] a9 b8 2b 00 a0 b2 ee 3b
platform caam_sm: [0016] 0d 19 a1 5a e1 33 3a f2
platform caam_sm: [0024] a9 dc e0 80 da 55 0c 78
platform caam_sm: [0032] d4 99 5f 36 6b 2d ee f5
platform caam_sm: [0040] 50 c0 95 bb ab 37 3a 60
platform caam_sm: [0048] 06 50 cc 94 f4 df 86 23
platform caam_sm: [0056] e0 bb e4 8f d9 e2 bb b5
platform caam_sm: [0064] 00 00 00 00 00 00 00 00
platform caam_sm: [0072] 00 00 00 00 00 00 00 00
platform caam_sm: [0080] 00 00 00 00 00 00 00 00
platform caam_sm: [0088] 00 00 00 00 00 00 00 00
platform caam_sm: 192-bit black key in blob:
platform caam_sm: [0000] f9 09 18 3b 04 da 29 57
platform caam_sm: [0008] b5 b7 05 34 e7 50 ee 8e
platform caam_sm: [0016] 10 7a a3 a8 62 4b 4e 60
platform caam_sm: [0024] 54 7c 30 bd 60 27 18 cc
platform caam_sm: [0032] 99 dc 21 20 24 b1 46 95
platform caam_sm: [0040] 79 67 12 db a0 44 d5 4a
platform caam_sm: [0048] 95 43 3b bd 55 40 ab 7f
platform caam_sm: [0056] 1d b2 20 65 28 01 10 cb
platform caam_sm: [0064] a3 95 35 be 37 9c 02 ab
platform caam_sm: [0072] 00 00 00 00 00 00 00 00
platform caam_sm: [0080] 00 00 00 00 00 00 00 00
platform caam_sm: [0088] 00 00 00 00 00 00 00 00
platform caam_sm: 256-bit black key in blob:
platform caam_sm: [0000] ef 16 e9 0d d9 94 df af
platform caam_sm: [0008] 6c 74 5a bb 84 e9 93 cf
