
Industrial temperature grade DDR3 timings.
Trying to boot from MMC1


U-Boot 2016.11-1.1.0+g51b53b4 (Sep 06 2017 - 15:19:08 -0700)

CPU:   Freescale i.MX6Q rev1.5 at 792 MHz
Reset cause: POR
I2C:   ready
DRAM:  2 GiB
PMIC:  device id: 0x10, revision id: 0x21, programmed
MMC:   FSL_SDHC: 0, FSL_SDHC: 1, FSL_SDHC: 2
Using default environment

In:    serial_mxc
Out:   serial_mxc
Err:   serial_mxc
Model: Toradex Apalis iMX6 Quad 2GB IT V1.1C, Serial# 05146386
Net:   using PHY at 7
FEC [PRIME]
Hit any key to stop autoboot:  1  0 
Card did not respond to voltage select!
MMC: no card present
switch to partitions #0, OK
mmc0(part 0) is current device
Scanning mmc 0:1...
Found U-Boot script /boot.scr
reading /boot.scr
581 bytes read in 11 ms (50.8 KiB/s)
## Executing script at 17000000
reading /tezi.itb
20534172 bytes read in 577 ms (33.9 MiB/s)
## Loading kernel from FIT Image at 12100000 ...
   Using 'config@1' configuration
   Trying 'kernel@1' kernel subimage
     Description:  Linux Kernel 4.1
     Type:         Kernel Image
     Compression:  uncompressed
     Data Start:   0x121000dc
     Data Size:    5294512 Bytes = 5 MiB
     Architecture: ARM
     OS:           Linux
     Load Address: 0x11000000
     Entry Point:  0x11000000
     Hash algo:    md5
     Hash value:   305e4b15183ab494466196f418b141b6
   Verifying Hash Integrity ... md5+ OK
## Loading ramdisk from FIT Image at 12100000 ...
   Using 'config@1' configuration
   Trying 'ramdisk@1' ramdisk subimage
     Description:  SquashFS RAMdisk
     Type:         RAMDisk Image
     Compression:  uncompressed
     Data Start:   0x1260cb74
     Data Size:    15187968 Bytes = 14.5 MiB
     Architecture: ARM
     OS:           Linux
     Load Address: unavailable
     Entry Point:  unavailable
     Hash algo:    md5
     Hash value:   de4b55af55d0abefc80b3726c4c40c6b
   Verifying Hash Integrity ... md5+ OK
## Loading fdt from FIT Image at 12100000 ...
   Using 'config@1' configuration
   Trying 'fdt@1' fdt subimage
     Description:  Apalis iMX6 Device Tree
     Type:         Flat Device Tree
     Compression:  uncompressed
     Data Start:   0x13488c3c
     Data Size:    50217 Bytes = 49 KiB
     Architecture: ARM
     Hash algo:    md5
     Hash value:   263c6eaecdb08a7bf9e9e08b580c6acc
   Verifying Hash Integrity ... md5+ OK
   Booting using the fdt blob at 0x13488c3c
   Loading Kernel Image ... OK
   Loading Device Tree to 2fff0000, end 2ffff428 ... OK

Starting kernel ...

[    0.870529] snvs-secvio 20cc000.caam-snvs: can't get snvs clock
[    1.436392] imx6q-pcie 1ffc000.pcie: phy link never came up
[    1.442013] imx6q-pcie 1ffc000.pcie: failed to initialize host
[    1.452524] rtc-ds1307 1-0068: hctosys: unable to read the hardware clock
Running /etc/rc.local...
/ # 
/ # 
/ # 
/ # 
/ # reboot
/ # 
Industrial temperature grade DDR3 timings.
Trying to boot from MMC1


U-Boot 2016.11-1.1.0+g51b53b4 (Sep 06 2017 - 15:19:08 -0700)

CPU:   Freescale i.MX6Q rev1.5 at 792 MHz
Reset cause: POR
I2C:   ready
DRAM:  2 GiB
PMIC:  device id: 0x10, revision id: 0x21, programmed
k5:   FSL_SDHC: 0, FSL_SDHC: 1, FSL_SDHC: 2
Using default environment

In:    serial_mxc
Out:   serial_mxc
Err:   serial_mxc
Model: Toradex Apalis iMX6 Quad 2GB IT V1.1C, Serial# 05146386
Net:   using PHY at 7
FEC [PRIME]
Hit any key to stop autoboot:  1  0 
Apalis iMX6 # pe ri
arch=arm
baudrate=115200
board=apalis_imx6
board_name=apalis_imx6
board_rev=011c
boot_a_script=load ${devtype} ${devnum}:${distro_bootpart} ${scriptaddr} ${prefix}${script}; source ${scriptaddr}
boot_extlinux=sysboot ${devtype} ${devnum}:${distro_bootpart} any ${scriptaddr} ${prefix}extlinux/extlinux.conf
boot_file=uImage
boot_net_usb_start=usb start
boot_prefixes=/ /boot/
boot_script_dhcp=boot.scr.uimg
boot_scripts=boot.scr.uimg boot.scr
boot_targets=mmc1 mmc2 mmc0 usb0 dhcp 
bootcmd=run distro_bootcmd
bootcmd_dhcp=if dhcp ${scriptaddr} ${boot_script_dhcp}; then source ${scriptaddr}; fi;
bootcmd_mmc0=setenv devnum 0; run mmc_boot
bootcmd_mmc1=setenv devnum 1; run mmc_boot
bootcmd_mmc2=setenv devnum 2; run mmc_boot
bootcmd_usb0=setenv devnum 0; run usb_boot
bootdelay=1
bootm_size=0x20000000
console=ttymxc0
cpu=armv7
defargs=enable_wait_mode=off vmalloc=400M
dfu_alt_info=u-boot.imx raw 0x2 0x3ff mmcpart 0;boot part 0 1;rootfs part 0 2;uImage fat 0 1;imx6q-colibri-eval-v3.dtb fat 0 1;imx6q-colibri-cam-eval-v3.dtb fat 0 1
distro_bootcmd=for target in ${boot_targets}; do run bootcmd_${target}; done
emmcargs=ip=off root=/dev/mmcblk0p2 rw,noatime rootfstype=ext4 rootwait
emmcboot=run setup; setenv bootargs ${defargs} ${emmcargs} ${setupargs} ${vidargs}; echo Booting from internal eMMC chip...; run emmcdtbload; load mmc 0:1 ${kernel_addr_r} ${boot_file} && run fdt_fixup && bootm ${kernel_addr_r} ${dtbparam}
emmcdtbload=setenv dtbparam; load mmc 0:1 ${fdt_addr_r} ${fdt_file} && setenv dtbparam " - ${fdt_addr_r}" && true
ethact=FEC
ethaddr=00:14:2d:4e:87:12
ethprime=FEC
fdt_addr_r=0x12000000
fdt_file=imx6q-apalis-eval.dtb
fdt_fixup=;
initrd_high=0xffffffff
ipaddr=192.168.10.2
kernel_addr_r=0x11000000
loadaddr=0x12000000
mmc_boot=if mmc dev ${devnum}; then setenv devtype mmc; run scan_dev_for_boot_part; fi
netmask=255.255.255.0
nfsargs=ip=:::::eth0:on root=/dev/nfs rw
nfsboot=run setup; setenv bootargs ${defargs} ${nfsargs} ${setupargs} ${vidargs}; echo Booting via DHCP/TFTP/NFS...; run nfsdtbload; dhcp ${kernel_addr_r} && run fdt_fixup && bootm ${kernel_addr_r} ${dtbparam}
nfsdtbload=setenv dtbparam; tftp ${fdt_addr_r} ${fdt_file} && setenv dtbparam " - ${fdt_addr_r}" && true
pxefile_addr_r=0x17100000
ramdisk_addr_r=0x12100000
scan_dev_for_boot=echo Scanning ${devtype} ${devnum}:${distro_bootpart}...; for prefix in ${boot_prefixes}; do run scan_dev_for_extlinux; run scan_dev_for_scripts; done;
scan_dev_for_boot_part=part list ${devtype} ${devnum} -bootable devplist; env exists devplist || setenv devplist 1; for distro_bootpart in ${devplist}; do if fstype ${devtype} ${devnum}:${distro_bootpart} bootfstype; then run scan_dev_for_boot; fi; done
scan_dev_for_extlinux=if test -e ${devtype} ${devnum}:${distro_bootpart} ${prefix}extlinux/extlinux.conf; then echo Found ${prefix}extlinux/extlinux.conf; run boot_extlinux; echo SCRIPT FAILED: continuing...; fi
scan_dev_for_scripts=for script in ${boot_scripts}; do if test -e ${devtype} ${devnum}:${distro_bootpart} ${prefix}${script}; then echo Found U-Boot script ${prefix}${script}; run boot_a_script; echo SCRIPT FAILED: continuing...; fi; done
scriptaddr=0x17000000
sdargs=ip=off root=/dev/mmcblk1p2 rw,noatime rootfstype=ext4 rootwait
sdboot=run setup; setenv bootargs ${defargs} ${sdargs} ${setupargs} ${vidargs}; echo Booting from SD card; run sddtbload; load mmc 1:1 ${kernel_addr_r} ${boot_file} && run fdt_fixup && bootm ${kernel_addr_r} ${dtbparam}
sddtbload=setenv dtbparam; load mmc 1:1 ${fdt_addr_r} ${fdt_file} && setenv dtbparam " - ${fdt_addr_r}" && true
serial#=05146386
serverip=192.168.10.1
setethupdate=if env exists ethaddr; then; else setenv ethaddr 00:14:2d:00:00:00; fi; tftpboot ${loadaddr} flash_eth.img && source ${loadaddr}
setsdupdate=setenv interface mmc; setenv drive 1; mmc rescan; load ${interface} ${drive}:1 ${loadaddr} flash_blk.img || setenv drive 2; mmc rescan; load ${interface} ${drive}:1 ${loadaddr} flash_blk.img && source ${loadaddr}
setup=setenv setupargs fec_mac=${ethaddr} consoleblank=0 no_console_suspend=1 console=tty1 console=${console},${baudrate}n8
setupdate=run setsdupdate || run setusbupdate || run setethupdate
setusbupdate=usb start && setenv interface usb; setenv drive 0; load ${interface} ${drive}:1 ${loadaddr} flash_blk.img && source ${loadaddr}
soc=mx6
splashpos=m,m
stderr=serial_mxc
stdin=serial_mxc
stdout=serial_mxc
usb_boot=usb start; if usb dev ${devnum}; then setenv devtype usb; run scan_dev_for_boot_part; fi
vendor=toradex
ver=U-Boot 2016.11-1.1.0+g51b53b4 (Sep 06 2017 - 15:19:08 -0700)
vidargs=mxc_hdmi.only_cea=1 video=mxcfb0:dev=hdmi,1920x1080M@60,if=RGB24 video=mxcfb1:off video=mxcfb2:off video=mxcfb3:off fbmem=32M

Environment size: 4822/8188 bytes
Apalis iMX6 # 
arch=arm
baudrate=115200
board=apalis_imx6
board_name=apalis_imx6
board_rev=011c
boot_a_script=load ${devtype} ${devnum}:${distro_bootpart} ${scriptaddr} ${prefix}${script}; source ${scriptaddr}
boot_extlinux=sysboot ${devtype} ${devnum}:${distro_bootpart} any ${scriptaddr} ${prefix}extlinux/extlinux.conf
boot_file=uImage
boot_net_usb_start=usb start
boot_prefixes=/ /boot/
boot_script_dhcp=boot.scr.uimg
boot_scripts=boot.scr.uimg boot.scr
boot_targets=mmc1 mmc2 mmc0 usb0 dhcp 
bootcmd=run distro_bootcmd
bootcmd_dhcp=if dhcp ${scriptaddr} ${boot_script_dhcp}; then source ${scriptaddr}; fi;
bootcmd_mmc0=setenv devnum 0; run mmc_boot
bootcmd_mmc1=setenv devnum 1; run mmc_boot
bootcmd_mmc2=setenv devnum 2; run mmc_boot
bootcmd_usb0=setenv devnum 0; run usb_boot
bootdelay=1
bootm_size=0x20000000
console=ttymxc0
cpu=armv7
defargs=enable_wait_mode=off vmalloc=400M
dfu_alt_info=u-boot.imx raw 0x2 0x3ff mmcpart 0;boot part 0 1;rootfs part 0 2;uImage fat 0 1;imx6q-colibri-eval-v3.dtb fat 0 1;imx6q-colibri-cam-eval-v3.dtb fat 0 1
distro_bootcmd=for target in ${boot_targets}; do run bootcmd_${target}; done
emmcargs=ip=off root=/dev/mmcblk0p2 rw,noatime rootfstype=ext4 rootwait
emmcboot=run setup; setenv bootargs ${defargs} ${emmcargs} ${setupargs} ${vidargs}; echo Booting from internal eMMC chip...; run emmcdtbload; load mmc 0:1 ${kernel_addr_r} ${boot_file} && run fdt_fixup && bootm ${kernel_addr_r} ${dtbparam}
emmcdtbload=setenv dtbparam; load mmc 0:1 ${fdt_addr_r} ${fdt_file} && setenv dtbparam " - ${fdt_addr_r}" && true
ethact=FEC
ethaddr=00:14:2d:4e:87:12
ethprime=FEC
fdt_addr_r=0x12000000
fdt_file=imx6q-apalis-eval.dtb
fdt_fixup=;
initrd_high=0xffffffff
ipaddr=192.168.10.2
kernel_addr_r=0x11000000
loadaddr=0x12000000
mmc_boot=if mmc dev ${devnum}; then setenv devtype mmc; run scan_dev_for_boot_part; fi
netmask=255.255.255.0
nfsargs=ip=:::::eth0:on root=/dev/nfs rw
nfsboot=run setup; setenv bootargs ${defargs} ${nfsargs} ${setupargs} ${vidargs}; echo Booting via DHCP/TFTP/NFS...; run nfsdtbload; dhcp ${kernel_addr_r} && run fdt_fixup && bootm ${kernel_addr_r} ${dtbparam}
nfsdtbload=setenv dtbparam; tftp ${fdt_addr_r} ${fdt_file} && setenv dtbparam " - ${fdt_addr_r}" && true
pxefile_addr_r=0x17100000
ramdisk_addr_r=0x12100000
scan_dev_for_boot=echo Scanning ${devtype} ${devnum}:${distro_bootpart}...; for prefix in ${boot_prefixes}; do run scan_dev_for_extlinux; run scan_dev_for_scripts; done;
scan_dev_for_boot_part=part list ${devtype} ${devnum} -bootable devplist; env exists devplist || setenv devplist 1; for distro_bootpart in ${devplist}; do if fstype ${devtype} ${devnum}:${distro_bootpart} bootfstype; then run scan_dev_for_boot; fi; done
scan_dev_for_extlinux=if test -e ${devtype} ${devnum}:${distro_bootpart} ${prefix}extlinux/extlinux.conf; then echo Found ${prefix}extlinux/extlinux.conf; run boot_extlinux; echo SCRIPT FAILED: continuing...; fi
scan_dev_for_scripts=for script in ${boot_scripts}; do if test -e ${devtype} ${devnum}:${distro_bootpart} ${prefix}${script}; then echo Found U-Boot script ${prefix}${script}; run boot_a_script; echo SCRIPT FAILED: continuing...; fi; done
scriptaddr=0x17000000
sdargs=ip=off root=/dev/mmcblk1p2 rw,noatime rootfstype=ext4 rootwait
sdboot=run setup; setenv bootargs ${defargs} ${sdargs} ${setupargs} ${vidargs}; echo Booting from SD card; run sddtbload; load mmc 1:1 ${kernel_addr_r} ${boot_file} && run fdt_fixup && bootm ${kernel_addr_r} ${dtbparam}
sddtbload=setenv dtbparam; load mmc 1:1 ${fdt_addr_r} ${fdt_file} && setenv dtbparam " - ${fdt_addr_r}" && true
serial#=05146386
serverip=192.168.10.1
setethupdate=if env exists ethaddr; then; else setenv ethaddr 00:14:2d:00:00:00; fi; tftpboot ${loadaddr} flash_eth.img && source ${loadaddr}
setsdupdate=setenv interface mmc; setenv drive 1; mmc rescan; load ${interface} ${drive}:1 ${loadaddr} flash_blk.img || setenv drive 2; mmc rescan; load ${interface} ${drive}:1 ${loadaddr} flash_blk.img && source ${loadaddr}
setup=setenv setupargs fec_mac=${ethaddr} consoleblank=0 no_console_suspend=1 console=tty1 console=${console},${baudrate}n8
setupdate=run setsdupdate || run setusbupdate || run setethupdate
setusbupdate=usb start && setenv interface usb; setenv drive 0; load ${interface} ${drive}:1 ${loadaddr} flash_blk.img && source ${loadaddr}
soc=mx6
splashpos=m,m
stderr=serial_mxc
stdin=serial_mxc
stdout=serial_mxc
usb_boot=usb start; if usb dev ${devnum}; then setenv devtype usb; run scan_dev_for_boot_part; fi
vendor=toradex
ver=U-Boot 2016.11-1.1.0+g51b53b4 (Sep 06 2017 - 15:19:08 -0700)
vidargs=mxc_hdmi.only_cea=1 video=mxcfb0:dev=hdmi,1920x1080M@60,if=RGB24 video=mxcfb1:off video=mxcfb2:off video=mxcfb3:off fbmem=32M

Environment size: 4822/8188 bytes
Apalis iMX6 # boot
MMC: no card present
MMC: no card present
switch to partitions #0, OK
mmc0(part 0) is current device
Scanning mmc 0:1...
Found U-Boot script /boot.scr
reading /boot.scr
581 bytes read in 11 ms (50.8 KiB/s)
## Executing script at 17000000
reading /tezi.itb
20534172 bytes read in 577 ms (33.9 MiB/s)
## Loading kernel from FIT Image at 12100000 ...
   Using 'config@1' configuration
   Trying 'kernel@1' kernel subimage
     Description:  Linux Kernel 4.1
     Type:         Kernel Image
     Compression:  uncompressed
     Data Start:   0x121000dc
     Data Size:    5294512 Bytes = 5 MiB
     Architecture: ARM
     OS:           Linux
     Load Address: 0x11000000
     Entry Point:  0x11000000
     Hash algo:    md5
     Hash value:   305e4b15183ab494466196f418b141b6
   Verifying Hash Integrity ... md5+ OK
## Loading ramdisk from FIT Image at 12100000 ...
   Using 'config@1' configuration
   Trying 'ramdisk@1' ramdisk subimage
     Description:  SquashFS RAMdisk
     Type:         RAMDisk Image
     Compression:  uncompressed
     Data Start:   0x1260cb74
     Data Size:    15187968 Bytes = 14.5 MiB
     Architecture: ARM
     OS:           Linux
     Load Address: unavailable
     Entry Point:  unavailable
     Hash algo:    md5
     Hash value:   de4b55af55d0abefc80b3726c4c40c6b
   Verifying Hash Integrity ... md5+ OK
## Loading fdt from FIT Image at 12100000 ...
   Using 'config@1' configuration
   Trying 'fdt@1' fdt subimage
     Description:  Apalis iMX6 Device Tree
     Type:         Flat Device Tree
     Compression:  uncompressed
     Data Start:   0x13488c3c
     Data Size:    50217 Bytes = 49 KiB
     Architecture: ARM
     Hash algo:    md5
     Hash value:   263c6eaecdb08a7bf9e9e08b580c6acc
   Verifying Hash Integrity ... md5+ OK
   Booting using the fdt blob at 0x13488c3c
   Loading Kernel Image ... OK
   Loading Device Tree to 2fff0000, end 2ffff428 ... OK

Starting kernel ...

[    0.862505] snvs-secvio 20cc000.caam-snvs: can't get snvs clock
[    1.385407] imx6q-pcie 1ffc000.pcie: phy link never came up
[    1.391028] imx6q-pcie 1ffc000.pcie: failed to initialize host
[    1.401512] rtc-ds1307 1-0068: hctosys: unable to read the hardware clock
Running /etc/rc.local...
/ # 
/ # dmesg
[    0.000000] Booting Linux on physical CPU 0x0
[    0.000000] Initializing cgroup subsys cpu
[    0.000000] Initializing cgroup subsys cpuacct
[    0.000000] Linux version 4.1.41-1.1.0+g82f0f4f (ags@seahawk) (gcc version 6.2.1 20161016 (Linaro GCC 6.2-2016.11) ) #1 SMP Mon Aug 28 16:43:30 PDT 2017
[    0.000000] CPU: ARMv7 Processor [412fc09a] revision 10 (ARMv7), cr=10c5387d
[    0.000000] CPU: PIPT / VIPT nonaliasing data cache, VIPT aliasing instruction cache
[    0.000000] Machine model: Toradex Apalis iMX6Q/D Module on Apalis Evaluation Board
[    0.000000] Reserved memory: created CMA memory pool at 0x6a000000, size 320 MiB
[    0.000000] Reserved memory: initialized node linux,cma, compatible id shared-dma-pool
[    0.000000] Memory policy: Data cache writealloc
[    0.000000] On node 0 totalpages: 524288
[    0.000000] free_area_init_node: node 0, pgdat 80986bc0, node_mem_map ee757000
[    0.000000]   Normal zone: 3568 pages used for memmap
[    0.000000]   Normal zone: 0 pages reserved
[    0.000000]   Normal zone: 456704 pages, LIFO batch:31
[    0.000000]   HighMem zone: 67584 pages, LIFO batch:15
[    0.000000] PERCPU: Embedded 12 pages/cpu @ee6fc000 s16588 r8192 d24372 u49152
[    0.000000] pcpu-alloc: s16588 r8192 d24372 u49152 alloc=12*4096
[    0.000000] pcpu-alloc: [0] 0 [0] 1 [0] 2 [0] 3 
[    0.000000] Built 1 zonelists in Zone order, mobility grouping on.  Total pages: 520720
[    0.000000] Kernel command line: console=ttymxc0,115200 quiet video=mxcfb0:dev=hdmi,640x480M@60,if=RGB24 video=mxcfb1:dev=lcd,EDT-VGA,if=RGB24 video=mxcfb2:dev=vdac,640x480@60,if=RGB565 video=mxcfb3:off rootfstype=squashfs root=/dev/ram autoinstall
[    0.000000] PID hash table entries: 4096 (order: 2, 16384 bytes)
[    0.000000] Dentry cache hash table entries: 262144 (order: 8, 1048576 bytes)
[    0.000000] Inode-cache hash table entries: 131072 (order: 7, 524288 bytes)
[    0.000000] Memory: 1725444K/2097152K available (6863K kernel code, 247K rwdata, 2272K rodata, 340K init, 421K bss, 44028K reserved, 327680K cma-reserved, 270336K highmem)
[    0.000000] Virtual kernel memory layout:
[    0.000000]     vector  : 0xffff0000 - 0xffff1000   (   4 kB)
[    0.000000]     fixmap  : 0xffc00000 - 0xfff00000   (3072 kB)
[    0.000000]     vmalloc : 0xf0000000 - 0xff000000   ( 240 MB)
[    0.000000]     lowmem  : 0x80000000 - 0xef800000   (1784 MB)
[    0.000000]     pkmap   : 0x7fe00000 - 0x80000000   (   2 MB)
[    0.000000]     modules : 0x7f000000 - 0x7fe00000   (  14 MB)
[    0.000000]       .text : 0x80008000 - 0x808f40d4   (9137 kB)
[    0.000000]       .init : 0x808f5000 - 0x8094a000   ( 340 kB)
[    0.000000]       .data : 0x8094a000 - 0x80987d20   ( 248 kB)
[    0.000000]        .bss : 0x80987d20 - 0x809f14a0   ( 422 kB)
[    0.000000] SLUB: HWalign=64, Order=0-3, MinObjects=0, CPUs=4, Nodes=1
[    0.000000] Hierarchical RCU implementation.
[    0.000000] 	Additional per-CPU info printed with stalls.
[    0.000000] NR_IRQS:16 nr_irqs:16 16
[    0.000000] L2C-310 erratum 769419 enabled
[    0.000000] L2C-310 enabling early BRESP for Cortex-A9
[    0.000000] L2C-310 full line of zeros enabled for Cortex-A9
[    0.000000] L2C-310 ID prefetch enabled, offset 16 lines
[    0.000000] L2C-310 dynamic clock gating enabled, standby mode enabled
[    0.000000] L2C-310 cache controller enabled, 16 ways, 1024 kB
[    0.000000] L2C-310: CACHE_ID 0x410000c7, AUX_CTRL 0x76470001
[    0.000000] mxc_clocksource_init 3000000
[    0.000000] Switching to timer-based delay loop, resolution 333ns
[    0.000006] sched_clock: 32 bits at 3000kHz, resolution 333ns, wraps every 715827882841ns
[    0.000023] clocksource mxc_timer1: mask: 0xffffffff max_cycles: 0xffffffff, max_idle_ns: 637086815595 ns
[    0.001099] Console: colour dummy device 80x30
[    0.001121] Calibrating delay loop (skipped), value calculated using timer frequency.. 6.00 BogoMIPS (lpj=30000)
[    0.001136] pid_max: default: 32768 minimum: 301
[    0.001242] Mount-cache hash table entries: 4096 (order: 2, 16384 bytes)
[    0.001256] Mountpoint-cache hash table entries: 4096 (order: 2, 16384 bytes)
[    0.001829] Initializing cgroup subsys freezer
[    0.001845] Initializing cgroup subsys debug
[    0.001867] CPU: Testing write buffer coherency: ok
[    0.002167] CPU0: thread -1, cpu 0, socket 0, mpidr 80000000
[    0.002259] Setting up static identity map for 0x10008280 - 0x100082d8
[    0.004087] CPU1: thread -1, cpu 1, socket 0, mpidr 80000001
[    0.004724] CPU2: thread -1, cpu 2, socket 0, mpidr 80000002
[    0.005378] CPU3: thread -1, cpu 3, socket 0, mpidr 80000003
[    0.005449] Brought up 4 CPUs
[    0.005471] SMP: Total of 4 processors activated (24.00 BogoMIPS).
[    0.005479] CPU: All CPU(s) started in SVC mode.
[    0.005960] devtmpfs: initialized
[    0.018925] VFP support v0.3: implementor 41 architecture 3 part 30 variant 9 rev 4
[    0.019301] clocksource jiffies: mask: 0xffffffff max_cycles: 0xffffffff, max_idle_ns: 19112604462750000 ns
[    0.019331] futex hash table entries: 1024 (order: 4, 65536 bytes)
[    0.039128] pinctrl core: initialized pinctrl subsystem
[    0.040353] NET: Registered protocol family 16
[    0.048454] DMA: preallocated 256 KiB pool for atomic coherent allocations
[    0.069683] cpuidle: using governor ladder
[    0.099680] cpuidle: using governor menu
[    0.099852] CPU identified as i.MX6Q, silicon rev 1.5
[    0.125070] hw-breakpoint: found 5 (+1 reserved) breakpoint and 1 watchpoint registers.
[    0.125082] hw-breakpoint: maximum watchpoint size is 4 bytes.
[    0.126038] imx6q-pinctrl 20e0000.iomuxc: initialized IMX pinctrl driver
[    0.127566] imx-gpc 20dc000.gpc: no fsl,ldo-bypass found!
[    0.136875] usb_host_vbus: supplied by usb_host_vbus_hub
[    0.137183] vgaarb: loaded
[    0.137997] SCSI subsystem initialized
[    0.138189] libata version 3.00 loaded.
[    0.138496] usbcore: registered new interface driver usbfs
[    0.138575] usbcore: registered new interface driver hub
[    0.138664] usbcore: registered new device driver usb
[    0.139356] i2c-gpio i2c@0: using pins 80 (SDA) and 62 (SCL)
[    0.140374] i2c i2c-1: IMX I2C adapter registered
[    0.140391] i2c i2c-1: can't use DMA
[    0.141920] stmpe-i2c 2-0041: stmpe811 detected, chip id: 0x811
[    0.143808] i2c i2c-2: IMX I2C adapter registered
[    0.143825] i2c i2c-2: can't use DMA
[    0.144494] i2c i2c-3: IMX I2C adapter registered
[    0.144511] i2c i2c-3: can't use DMA
[    0.144669] Linux video capture interface: v2.00
[    0.144724] pps_core: LinuxPPS API ver. 1 registered
[    0.144732] pps_core: Software ver. 5.3.6 - Copyright 2005-2007 Rodolfo Giometti <giometti@linux.it>
[    0.144763] PTP clock support registered
[    0.159730] imx-ipuv3 2400000.ipu: IPU DMFC NORMAL mode: 1(0~1), 5B(4,5), 5F(6,7)
[    0.179722] imx-ipuv3 2800000.ipu: IPU DMFC NORMAL mode: 1(0~1), 5B(4,5), 5F(6,7)
[    0.180633] mxc_mipi_csi2 21dc000.mipi_csi: i.MX MIPI CSI2 driver probed ipu0 csi1
[    0.180648] mxc_mipi_csi2 21dc000.mipi_csi: i.MX MIPI CSI2 dphy version is 0x3130302a
[    0.180740] MIPI CSI2 driver module loaded
[    0.180948] Advanced Linux Sound Architecture Driver Initialized.
[    0.182554] Switched to clocksource mxc_timer1
[    0.193414] NET: Registered protocol family 2
[    0.194203] TCP established hash table entries: 16384 (order: 4, 65536 bytes)
[    0.194352] TCP bind hash table entries: 16384 (order: 5, 131072 bytes)
[    0.194599] TCP: Hash tables configured (established 16384 bind 16384)
[    0.194680] UDP hash table entries: 1024 (order: 3, 32768 bytes)
[    0.194755] UDP-Lite hash table entries: 1024 (order: 3, 32768 bytes)
[    0.195007] NET: Registered protocol family 1
[    0.195334] RPC: Registered named UNIX socket transport module.
[    0.195344] RPC: Registered udp transport module.
[    0.195353] RPC: Registered tcp transport module.
[    0.195360] RPC: Registered tcp NFSv4.1 backchannel transport module.
[    0.195390] PCI: CLS 0 bytes, default 64
[    0.195621] Trying to unpack rootfs image as initramfs...
[    0.195846] rootfs image is not initramfs (junk in compressed archive); looks like an initrd
[    0.254719] Freeing initrd memory: 14836K (8260c000 - 83489000)
[    0.255284] CPU PMU: Failed to parse /soc/pmu/interrupt-affinity[0]
[    0.255348] hw perfevents: enabled with armv7_cortex_a9 PMU driver, 7 counters available
[    0.257257] Bus freq driver module loaded
[    0.264523] VFS: Disk quotas dquot_6.6.0
[    0.264701] VFS: Dquot-cache hash table entries: 1024 (order 0, 4096 bytes)
[    0.265768] squashfs: version 4.0 (2009/01/31) Phillip Lougher
[    0.266450] NFS: Registering the id_resolver key type
[    0.266492] Key type id_resolver registered
[    0.266502] Key type id_legacy registered
[    0.266528] nfs4filelayout_init: NFSv4 File Layout Driver Registering...
[    0.267041] ntfs: driver 2.1.32 [Flags: R/W].
[    0.267518] fuse init (API version 7.23)
[    0.271938] bounce: pool size: 64 pages
[    0.271961] io scheduler noop registered
[    0.271976] io scheduler deadline registered
[    0.272027] io scheduler cfq registered (default)
[    0.274467] backlight supply power not found, using dummy regulator
[    0.276126] MIPI DSI driver module loaded
[    0.277531] 20e0000.hdmi_video supply HDMI not found, using dummy regulator
[    0.279527] mxc_hdmi 20e0000.hdmi_video: Detected HDMI controller 0x13:0xa:0xa0:0xc1
[    0.279554] fbcvt: 640x480@60: CVT Name - .307M3
[    0.279669] mxc_sdc_fb fb@0: registered mxc display driver hdmi
[    0.283230] mxc_sdc_fb fb@0: 640x480 h_sync,r,l: 96,16,48  v_sync,l,u: 2,10,33 pixclock=25174000 Hz
[    0.335850] mxc_sdc_fb fb@0: 640x480 h_sync,r,l: 96,16,48  v_sync,l,u: 2,10,33 pixclock=25174000 Hz
[    0.355969] Console: switching to colour frame buffer device 80x30
[    0.391672] mxc_sdc_fb fb@1: registered mxc display driver lcd
[    0.395049] mxc_sdc_fb fb@1: 640x480 h_sync,r,l: 30,16,114  v_sync,l,u: 3,10,32 pixclock=25175000 Hz
[    0.413008] mxc_sdc_fb fb@2: registered mxc display driver vdac
[    0.416233] mxc_sdc_fb fb@2: 640x480 h_sync,r,l: 96,16,48  v_sync,l,u: 2,10,33 pixclock=25200000 Hz
[    0.436316] mxc_sdc_fb fb@3: mxcfb3 is turned off!
[    0.437799] imx-sdma 20ec000.sdma: no iram assigned, using external mem
[    0.438086] imx-sdma 20ec000.sdma: no event needs to be remapped
[    0.438298] imx-sdma 20ec000.sdma: loaded firmware 3.3
[    0.440880] imx-sdma 20ec000.sdma: initialized
[    0.442583] pfuze100-regulator 2-0008: Full layer: 2, Metal layer: 1
[    0.443193] pfuze100-regulator 2-0008: FAB: 0, FIN: 0
[    0.443209] pfuze100-regulator 2-0008: pfuze100 found.
[    0.457580] 2020000.serial: ttymxc0 at MMIO 0x2020000 (irq = 27, base_baud = 5000000) is a IMX
[    0.458056] console [ttymxc0] enabled
[    0.458928] 21e8000.serial: ttymxc1 at MMIO 0x21e8000 (irq = 303, base_baud = 5000000) is a IMX
[    0.459430] 21f0000.serial: ttymxc3 at MMIO 0x21f0000 (irq = 304, base_baud = 5000000) is a IMX
[    0.459945] 21f4000.serial: ttymxc4 at MMIO 0x21f4000 (irq = 305, base_baud = 5000000) is a IMX
[    0.461737] [drm] Initialized drm 1.1.0 20060810
[    0.462170] [drm] Initialized vivante 1.0.0 20120216 on minor 0
[    0.470590] brd: module loaded
[    0.475937] loop: module loaded
[    0.477248] ahci-imx 2200000.sata: fsl,transmit-level-mV not specified, using 00000024
[    0.477264] ahci-imx 2200000.sata: fsl,transmit-boost-mdB not specified, using 00000480
[    0.477276] ahci-imx 2200000.sata: fsl,transmit-atten-16ths not specified, using 00002000
[    0.477288] ahci-imx 2200000.sata: fsl,receive-eq-mdB not specified, using 05000000
[    0.481150] ahci-imx 2200000.sata: SSS flag set, parallel bus scan disabled
[    0.481185] ahci-imx 2200000.sata: AHCI 0001.0300 32 slots 1 ports 3 Gbps 0x1 impl platform mode
[    0.481204] ahci-imx 2200000.sata: flags: ncq sntf stag pm led clo only pmp pio slum part ccc apst 
[    0.482522] scsi host0: ahci-imx
[    0.482873] ata1: SATA max UDMA/133 mmio [mem 0x02200000-0x02203fff] port 0x100 irq 315
[    0.485112] spi_imx 2008000.ecspi: probed
[    0.485935] spi_imx 200c000.ecspi: probed
[    0.486903] vcan: Virtual CAN interface driver
[    0.486922] CAN device driver interface
[    0.487162] 2090000.flexcan supply xceiver not found, using dummy regulator
[    0.487961] flexcan 2090000.flexcan: device registered (reg_base=f02a8000, irq=36)
[    0.488059] 2094000.flexcan supply xceiver not found, using dummy regulator
[    0.488762] flexcan 2094000.flexcan: device registered (reg_base=f02b0000, irq=37)
[    0.489875] 2188000.ethernet supply phy not found, using dummy regulator
[    0.503064] pps pps0: new PPS source ptp0
[    0.504138] libphy: fec_enet_mii_bus: probed
[    0.505899] fec 2188000.ethernet eth0: registered PHC device 0
[    0.506278] usbcore: registered new interface driver asix
[    0.506353] usbcore: registered new interface driver ax88179_178a
[    0.506415] usbcore: registered new interface driver cdc_ether
[    0.506473] usbcore: registered new interface driver cdc_eem
[    0.506530] usbcore: registered new interface driver net1080
[    0.506584] usbcore: registered new interface driver rndis_host
[    0.506644] usbcore: registered new interface driver cdc_subset
[    0.506701] usbcore: registered new interface driver zaurus
[    0.506806] usbcore: registered new interface driver cdc_ncm
[    0.506822] ehci_hcd: USB 2.0 'Enhanced' Host Controller (EHCI) Driver
[    0.506837] ehci-pci: EHCI PCI platform driver
[    0.506903] ehci-mxc: Freescale On-Chip EHCI Host driver
[    0.507120] usbcore: registered new interface driver usb-storage
[    0.507268] usbcore: registered new interface driver usbserial
[    0.507316] usbcore: registered new interface driver usbserial_generic
[    0.507361] usbserial: USB Serial support registered for generic
[    0.507412] usbcore: registered new interface driver ftdi_sio
[    0.507462] usbserial: USB Serial support registered for FTDI USB Serial Device
[    0.507523] usbcore: registered new interface driver pl2303
[    0.507566] usbserial: USB Serial support registered for pl2303
[    0.508890] 2184800.usbmisc supply vbus-wakeup not found, using dummy regulator
[    0.517868] ci_hdrc ci_hdrc.0: EHCI Host Controller
[    0.517897] ci_hdrc ci_hdrc.0: new USB bus registered, assigned bus number 1
[    0.520602] ci_hdrc ci_hdrc.1: EHCI Host Controller
[    0.520646] ci_hdrc ci_hdrc.1: new USB bus registered, assigned bus number 2
[    0.532599] ci_hdrc ci_hdrc.0: USB 2.0 started, EHCI 1.00
[    0.533466] hub 1-0:1.0: USB hub found
[    0.533514] hub 1-0:1.0: 1 port detected
[    0.552597] ci_hdrc ci_hdrc.1: USB 2.0 started, EHCI 1.00
[    0.553346] hub 2-0:1.0: USB hub found
[    0.553386] hub 2-0:1.0: 1 port detected
[    0.554533] mousedev: PS/2 mouse device common for all mice
[    0.563405] input: stmpe-ts as /devices/soc0/soc/2100000.aips-bus/21a4000.i2c/i2c-2/2-0041/stmpe-ts/input/input0
[    0.566840] rtc-ds1307 1-0068: oscillator failed, set time!
[    0.567047] rtc-ds1307 1-0068: rtc core: registered m41t0 as rtc0
[    0.567683] snvs_rtc 20cc000.snvs:snvs-rtc-lp: rtc core: registered 20cc000.snvs:snvs-r as rtc1
[    0.567835] i2c /dev entries driver
[    0.570294] imx2-wdt 20bc000.wdog: timeout 60 sec (nowayout=0)
[    0.570685] sdhci: Secure Digital Host Controller Interface driver
[    0.570694] sdhci: Copyright(c) Pierre Ossman
[    0.570709] sdhci-pltfm: SDHCI platform and OF driver helper
[    0.571806] /soc/aips-bus@02100000/usdhc@02190000: voltage-ranges unspecified
[    0.571841] sdhci-esdhc-imx 2190000.usdhc: Got CD GPIO
[    0.573214] sdhci-esdhc-imx 2190000.usdhc: No vqmmc regulator found
[    0.612717] mmc1: SDHCI controller on 2190000.usdhc [2190000.usdhc] using ADMA
[    0.615199] /soc/aips-bus@02100000/usdhc@02194000: voltage-ranges unspecified
[    0.615233] sdhci-esdhc-imx 2194000.usdhc: Got CD GPIO
[    0.616538] sdhci-esdhc-imx 2194000.usdhc: No vqmmc regulator found
[    0.662731] mmc2: SDHCI controller on 2194000.usdhc [2194000.usdhc] using ADMA
[    0.665387] /soc/aips-bus@02100000/usdhc@02198000: voltage-ranges unspecified
[    0.665705] sdhci-esdhc-imx 2198000.usdhc: No vqmmc regulator found
[    0.702590] mmc0: SDHCI controller on 2198000.usdhc [2198000.usdhc] using ADMA
[    0.715182] mxc_vpu 2040000.vpu_fsl: VPU initialized
[    0.715756] mxc_vdoa 21e4000.vdoa: i.MX Video Data Order Adapter(VDOA) driver probed
[    0.717705] caam 2100000.caam: Entropy delay = 3200
[    0.717741] caam 2100000.caam: Instantiated RNG4 SH0
[    0.777801] mmc0: MAN_BKOPS_EN bit is not set
[    0.778503] caam 2100000.caam: Instantiated RNG4 SH1
[    0.778521] caam 2100000.caam: device ID = 0x0a16010000000000 (Era -524)
[    0.778535] caam 2100000.caam: job rings = 2, qi = 0
[    0.797024] mmc0: new DDR MMC card at address 0001
[    0.797434] mmcblk0: mmc0:0001 Q2J54A 3.59 GiB 
[    0.797564] mmcblk0boot0: mmc0:0001 Q2J54A partition 1 16.0 MiB
[    0.797701] mmcblk0boot1: mmc0:0001 Q2J54A partition 2 16.0 MiB
[    0.798828]  mmcblk0: p1
[    0.832597] ata1: SATA link down (SStatus 0 SControl 300)
[    0.832648] ahci-imx 2200000.sata: no device found, disabling link.
[    0.832660] ahci-imx 2200000.sata: pass ahci_imx..hotplug=1 to enable hotplug
[    0.857662] caam algorithms registered in /proc/crypto
[    0.861648] caam_jr 2101000.jr0: registering rng-caam
[    0.862505] snvs-secvio 20cc000.caam-snvs: can't get snvs clock
[    0.868510] snvs-secvio 20cc000.caam-snvs: violation handlers armed - non-secure state
[    0.868777] hidraw: raw HID events driver (C) Jiri Kosina
[    0.869008] usbcore: registered new interface driver usbhid
[    0.869016] usbhid: USB HID core driver
[    0.872594] usb 2-1: new high-speed USB device number 2 using ci_hdrc
[    0.874437] stmpe-adc stmpe-adc: Initialized
[    0.876772] sgtl5000 2-000a: sgtl5000 revision 0x11
[    1.039682] imx-sgtl5000 sound: sgtl5000 <-> 2028000.ssi mapping ok
[    1.042199] imx-spdif sound-spdif: snd-soc-dummy-dai <-> 2004000.spdif mapping ok
[    1.045013] imx-audio-hdmi sound-hdmi: hdmi-hifi <-> soc:hdmi_audio@00120000 mapping ok
[    1.046549] NET: Registered protocol family 10
[    1.047545] sit: IPv6 over IPv4 tunneling driver
[    1.048257] NET: Registered protocol family 17
[    1.048284] can: controller area network core (rev 20120528 abi 9)
[    1.048359] NET: Registered protocol family 29
[    1.048400] can: raw protocol (rev 20120528)
[    1.048416] can: broadcast manager protocol (rev 20120528 t)
[    1.048436] can: netlink gateway (rev 20130117) max_hops=1
[    1.048951] Key type dns_resolver registered
[    1.050773] Registering SWP/SWPB emulation handler
[    1.051894] 1ffc000.pcie supply pcie-bus not found, using dummy regulator
[    1.063178] hub 2-1:1.0: USB hub found
[    1.063344] hub 2-1:1.0: 4 ports detected
[    1.385407] imx6q-pcie 1ffc000.pcie: phy link never came up
[    1.391028] imx6q-pcie 1ffc000.pcie: failed to initialize host
[    1.396998] imx6q-pcie: probe of 1ffc000.pcie failed with error -22
[    1.399890] input: gpio-keys as /devices/soc0/gpio-keys/input/input1
[    1.401512] rtc-ds1307 1-0068: hctosys: unable to read the hardware clock
[    1.419692] ALSA device list:
[    1.419708]   #0: imx6q-apalis-sgtl5000
[    1.419716]   #1: imx-spdif
[    1.419722]   #2: imx-hdmi-soc
[    1.420117] RAMDISK: squashfs filesystem found at block 0
[    1.420135] RAMDISK: Loading 14830KiB [1 disk] into ram disk... |/-\|/-\|/-\|/-\|/-\|/-\|/-\|/-\|/-\|/-\|/-\|/-\|/-\|/-\|/-\|/-\|/-\|/-\|/-\|/-\|/-\|/-\|/-\|/-\|/-\|/-\|/-\|/-\|/-\|/-\|/-\|/-\|/-\|/-\|/-\|/-\|/-\|/-\|/-\|/-\|/-\|/-\|/-\|/-\|/-\|/-\|/-\|/-\|/-\|/-\|/-\|/-\|/-\|/-\|/-\|/-\|/-\|/-\|/-\|/-\|/-\|/-\|/-\|/-\|/-\|/-\|/-\|/-\|/-\|/-\|/-\|/-\|/-\|/-\|/-\|/-\|/-\|/-\|/-\|/-\|/-\|/-\|/-\|/-\|/-\|/-\|/-\|/-\|/-\|/-\|/-\|/-\|/-\|/-\|/-\|/-\|/-\|/-\|/-\|/-\|/-\|/-\|/-\|/-\|/-\|/-\|/-\|/-\|/-\|/-\|/-\|/-\|/-\|/-\|/-\|/-\|/-\|/-\|/-\|/-\|/-\|/-\|/-\|/-\|/-\|/-\|/-\|/-\|/-\|/-\|/-\|/-\|/-\|/-\|/-\|/-\|/-\|/-\|/-\|/-\|/-\|/-\|/-\|/-\|/-\|/-\|/-\|/-\|/-\|/-\|/-\|/-\|/-\|/-\|/-\|/-\|/-\|/-\|/-\|/-\|/-\|/-\|/-\|/-\|/-\|/-\|/-\|/-\|/-\|/-\|/-\|/-\|/-\|/-\|/-\|/-\|/-\|/-\|/-\|/-\|/-\|/-\|/-\|/-\|/-\|/-\|/-\|/-\|/-\|/-\|/-\|/-\|/-\|/-\|/-\|/-\|/-\|/-\|/-\|/-\|/-\|/-\|/-\|/-\|/-\|/-\|/-\|/-\|/-\|/-\|/-\|/-\|/-\|/-\|/-\|/-\|/-\|/-\|/-\|/-\|/-\|/-\|/-\|/-\|/-\|/-\|/-\|/-\|/-\|/-\|/-\|/-done.
[    1.690357] VFS: Mounted root (squashfs filesystem) readonly on device 1:0.
[    1.691033] devtmpfs: mounted
[    1.691398] Freeing unused kernel memory: 340K (808f5000 - 8094a000)
[    1.933537] fec 2188000.ethernet eth0: Freescale FEC PHY driver [Micrel KSZ9031 Gigabit PHY] (mii_bus:phy_addr=2188000.ethernet:07, irq=70)
[    1.933713] IPv6: ADDRCONF(NETDEV_UP): eth0: link is not ready
[    2.656079] Mass Storage Function, version: 2009/09/11
[    2.656097] LUN: removable file: (no medium)
[    2.656708] LUN: removable file: (no medium)
[    2.657112] LUN: removable file: (no medium)
[    2.658903] using random self ethernet address
[    2.658918] using random host ethernet address
[    2.668547] usb0: HOST MAC 00:14:2d:ff:ff:fe
[    2.668636] usb0: MAC 00:14:2d:ff:ff:ff
[    2.693082] IPv6: ADDRCONF(NETDEV_UP): usb0: link is not ready
[    8.545613] fec 2188000.ethernet eth0: Link is Up - 100Mbps/Full - flow control off
[    8.545701] IPv6: ADDRCONF(NETDEV_CHANGE): eth0: link becomes ready
[    8.563666] fec 2188000.ethernet eth0: Link is Down
[   10.538792] ci_hdrc ci_hdrc.0: Device No Response
[   11.125387] fec 2188000.ethernet eth0: Link is Up - 100Mbps/Full - flow control off
[   13.383802] random: tezi urandom read with 20 bits of entropy available
/ # ifcpnoonfig
eth0      Link encap:Ethernet  HWaddr 00:14:2D:4E:87:12  
          inet addr:10.99.93.28  Bcast:10.99.93.255  Mask:255.255.255.0
          UP BROADCAST RUNNING MULTICAST  MTU:1500  Metric:1
          RX packets:158 errors:0 dropped:0 overruns:0 frame:0
          TX packets:139 errors:0 dropped:0 overruns:0 carrier:0
          collisions:0 txqueuelen:1000 
          RX bytes:140412 (137.1 KiB)  TX bytes:20585 (20.1 KiB)

usb0      Link encap:Ethernet  HWaddr 00:14:2D:FF:FF:FF  
          UP BROADCAST MULTICAST  MTU:1500  Metric:1
          RX packets:0 errors:0 dropped:0 overruns:0 frame:0
          TX packets:0 errors:0 dropped:0 overruns:0 carrier:0
          collisions:0 txqueuelen:1000 
          RX bytes:0 (0.0 B)  TX bytes:0 (0.0 B)

/ # ping 10.99.91.16
PING 10.99.91.16 (10.99.91.16): 56 data bytes
64 bytes from 10.99.91.16: seq=0 ttl=63 time=0.455 ms
64 bytes from 10.99.91.16: seq=1 ttl=63 time=0.427 ms
64 bytes from 10.99.91.16: seq=2 ttl=63 time=0.411 ms
^C
--- 10.99.91.16 ping statistics ---
3 packets transmitted, 3 packets received, 0% packet loss
round-trip min/avg/max = 0.411/0.431/0.455 ms
/ # ping google.com
PING google.com (172.217.26.174): 56 data bytes
64 bytes from 172.217.26.174: seq=0 ttl=52 time=26.128 ms
64 bytes from 172.217.26.174: seq=1 ttl=52 time=25.880 ms
64 bytes from 172.217.26.174: seq=2 ttl=52 time=25.676 ms
64 bytes from 172.217.26.174: seq=3 ttl=52 time=27.009 ms
64 bytes from 172.217.26.174: seq=4 ttl=52 time=25.861 ms
^C
--- google.com ping statistics ---
5 packets transmitted, 5 packets received, 0% packet loss
round-trip min/avg/max = 25.676/26.110/27.009 ms
/ # 

U-Boot 2017.03-00002-gebf9dc2527 (Jan 31 2018 - 14:59:40 +0530)

CPU:   Freescale i.MX6Q rev1.5 at 792 MHz
Reset cause: POR
I2C:   ready
DRAM:  2 GiB
PMIC: device id: 0x10, revision id: 0x21
PMIC: programmed
MMC:   FSL_SDHC: 0, FSL_SDHC: 1, FSL_SDHC: 2
Unable to allocate framebuffer memory
In:    serial
Out:   serial
Err:   serial
Model: Toradex Apalis iMX6 Quad 2GB IT V1.1C, Serial# 05146387
flash target is MMC:0
Net:   using PHY at 7
FEC [PRIME]
Fastboot: Normal
Hit any key to stop autoboot:  1  0 
boota mmc0 
CACHE: Misaligned operation at range [8ffb79a0, 8ffb7a20]
CACHE: Misaligned operation at range [8ffb79a0, 8ffb7a20]
kernel   @ 14008000 (9861360)
ramdisk  @ 15000000 (1628968)
fdt      @ 14f00000 (53981)
## Booting Android Image at 0x12000000 ...
Kernel load addr 0x14008000 size 9631 KiB
Kernel command line: console=ttymxc0,115200 init=/init video=mxcfb0:dev=lcd,FusionF07A,if=RGB24 video=mxcfb1:dev=hdmi,640x480M@60,if=RGB24,bpp=16 video=mxcfb2:off video=mxcfb3:off vmalloc=256M androidboot.console=ttymxc0 consoleblank=0 androidboot.hardware=freescale cma=448M androidboot.selinux=permissive androidboot.dm_verity=disabled androidboot.serialno=1b2429d4ea997115 androidboot.storage_type=emmc
## Flattened Device Tree blob at 14f00000
   Booting using the fdt blob at 0x14f00000
   Loading Kernel Image ... OK
   Using Device Tree in place at 14f00000, end 14f102dc

Starting kernel ...

Booting Linux on physical CPU 0x0
Linux version 4.9.67-07229-gdc6c16ec0433-dirty (embadmin@ubuntu) (gcc version 4.9 20150123 (prerelease) (GCC) ) #57 SMP PREEMPT Fri Feb 2 20:19:03 IST 2018
CPU: ARMv7 Processor [412fc09a] revision 10 (ARMv7), cr=10c53c7d
CPU: PIPT / VIPT nonaliasing data cache, VIPT aliasing instruction cache
OF: fdt:Machine model: Aravinth : Toradex Apalis iMX6Q/D Module on Ixora V1.1 Carrier Board
cma: Reserved 448 MiB at 0x22000000
Memory policy: Data cache writealloc
percpu: Embedded 15 pages/cpu @ee6b3000 s31040 r8192 d22208 u61440
Built 1 zonelists in Zone order, mobility grouping on.  Total pages: 522768
Kernel command line: console=ttymxc0,115200 init=/init video=mxcfb0:dev=lcd,FusionF07A,if=RGB24 video=mxcfb1:dev=hdmi,640x480M@60,if=RGB24,bpp=16 video=mxcfb2:off video=mxcfb3:off vmalloc=256M androidboot.console=ttymxc0 consoleblank=0 androidboot.hardware=freescale cma=448M androidboot.selinux=permissive androidboot.dm_verity=disabled androidboot.serialno=1b2429d4ea997115 androidboot.storage_type=emmc
PID hash table entries: 4096 (order: 2, 16384 bytes)
Dentry cache hash table entries: 131072 (order: 7, 524288 bytes)
Inode-cache hash table entries: 65536 (order: 6, 262144 bytes)
Memory: 1597024K/2097152K available (13312K kernel code, 1153K rwdata, 4028K rodata, 1024K init, 605K bss, 41376K reserved, 458752K cma-reserved, 1318912K highmem)
Virtual kernel memory layout:
    vector  : 0xffff0000 - 0xffff1000   (   4 kB)
    fixmap  : 0xffc00000 - 0xfff00000   (3072 kB)
    vmalloc : 0xf0000000 - 0xff800000   ( 248 MB)
    lowmem  : 0xc0000000 - 0xef800000   ( 760 MB)
    pkmap   : 0xbfe00000 - 0xc0000000   (   2 MB)
    modules : 0xbf000000 - 0xbfe00000   (  14 MB)
      .text : 0xc0008000 - 0xc0e00000   (14304 kB)
      .init : 0xc1300000 - 0xc1400000   (1024 kB)
      .data : 0xc1400000 - 0xc1520658   (1154 kB)
       .bss : 0xc1520658 - 0xc15b7c20   ( 606 kB)
SLUB: HWalign=64, Order=0-3, MinObjects=0, CPUs=4, Nodes=1
Preemptible hierarchical RCU implementation.
	Build-time adjustment of leaf fanout to 32.
NR_IRQS:16 nr_irqs:16 16
L2C-310 errata 752271 769419 enabled
L2C-310 enabling early BRESP for Cortex-A9
L2C-310 full line of zeros enabled for Cortex-A9
L2C-310 ID prefetch enabled, offset 16 lines
L2C-310 dynamic clock gating enabled, standby mode enabled
L2C-310 cache controller enabled, 16 ways, 1024 kB
L2C-310: CACHE_ID 0x410000c7, AUX_CTRL 0x76470001
Switching to timer-based delay loop, resolution 333ns
sched_clock: 32 bits at 3000kHz, resolution 333ns, wraps every 715827882841ns
clocksource: mxc_timer1: mask: 0xffffffff max_cycles: 0xffffffff, max_idle_ns: 637086815595 ns
Console: colour dummy device 80x30
Calibrating delay loop (skipped), value calculated using timer frequency.. 6.00 BogoMIPS (lpj=30000)
pid_max: default: 32768 minimum: 301
Security Framework initialized
SELinux:  Initializing.
Mount-cache hash table entries: 2048 (order: 1, 8192 bytes)
Mountpoint-cache hash table entries: 2048 (order: 1, 8192 bytes)
CPU: Testing write buffer coherency: ok
CPU0: update cpu_capacity 1024
CPU0: thread -1, cpu 0, socket 0, mpidr 80000000
Setting up static identity map for 0x10100000 - 0x10100058
CPU1: update cpu_capacity 1024
CPU1: thread -1, cpu 1, socket 0, mpidr 80000001
CPU2: update cpu_capacity 1024
CPU2: thread -1, cpu 2, socket 0, mpidr 80000002
CPU3: update cpu_capacity 1024
CPU3: thread -1, cpu 3, socket 0, mpidr 80000003
Brought up 4 CPUs
SMP: Total of 4 processors activated (24.00 BogoMIPS).
CPU: All CPU(s) started in SVC mode.
CPU3: update max cpu_capacity 1024
devtmpfs: initialized
CPU2: update max cpu_capacity 1024
VFP support v0.3: implementor 41 architecture 3 part 30 variant 9 rev 4
clocksource: jiffies: mask: 0xffffffff max_cycles: 0xffffffff, max_idle_ns: 19112604462750000 ns
futex hash table entries: 1024 (order: 4, 65536 bytes)
pinctrl core: initialized pinctrl subsystem
NET: Registered protocol family 16
DMA: preallocated 256 KiB pool for atomic coherent allocations
cpuidle: using governor menu
CPU identified as i.MX6Q, silicon rev 1.5
hw-breakpoint: found 5 (+1 reserved) breakpoint and 1 watchpoint registers.
hw-breakpoint: maximum watchpoint size is 4 bytes.
imx6q-pinctrl 20e0000.iomuxc: initialized IMX pinctrl driver
imx-gpc 20dc000.gpc: no fsl,ldo-bypass found!
imx-gpc 20dc000.gpc: Registered imx-gpc
mxs-dma 110000.dma-apbh: initialized
usb_host_vbus: supplied by usb_host_vbus_hub
SCSI subsystem initialized
usbcore: registered new interface driver usbfs
usbcore: registered new interface driver hub
usbcore: registered new device driver usb
2000000.aips-bus:usbphy_nop1 supply vcc not found, using dummy regulator
2000000.aips-bus:usbphy_nop2 supply vcc not found, using dummy regulator
i2c i2c-1: IMX I2C adapter registered
i2c i2c-1: can't use DMA, using PIO instead.
stmpe-i2c 2-0041: stmpe811 detected, chip id: 0x811
i2c i2c-2: IMX I2C adapter registered
i2c i2c-2: can't use DMA, using PIO instead.
i2c i2c-3: IMX I2C adapter registered
i2c i2c-3: can't use DMA, using PIO instead.
Linux video capture interface: v2.00
pps_core: LinuxPPS API ver. 1 registered
pps_core: Software ver. 5.3.6 - Copyright 2005-2007 Rodolfo Giometti <giometti@linux.it>
PTP clock support registered
imx-ipuv3 2400000.ipu: IPU DMFC NORMAL mode: 1(0~1), 5B(4,5), 5F(6,7)
imx-ipuv3 2800000.ipu: IPU DMFC NORMAL mode: 1(0~1), 5B(4,5), 5F(6,7)
mxc_mipi_csi2 21dc000.mipi_csi: i.MX MIPI CSI2 driver probed ipu0 csi1
mxc_mipi_csi2 21dc000.mipi_csi: i.MX MIPI CSI2 dphy version is 0x3130302a
MIPI CSI2 driver module loaded
imx rpmsg driver is registered.
Advanced Linux Sound Architecture Driver Initialized.
Bluetooth: Core ver 2.22
NET: Registered protocol family 31
Bluetooth: HCI device and connection manager initialized
Bluetooth: HCI socket layer initialized
Bluetooth: L2CAP socket layer initialized
Bluetooth: SCO socket layer initialized
clocksource: Switched to clocksource mxc_timer1
VFS: Disk quotas dquot_6.6.0
VFS: Dquot-cache hash table entries: 1024 (order 0, 4096 bytes)
NET: Registered protocol family 2
TCP established hash table entries: 8192 (order: 3, 32768 bytes)
TCP bind hash table entries: 8192 (order: 4, 65536 bytes)
TCP: Hash tables configured (established 8192 bind 8192)
UDP hash table entries: 512 (order: 2, 16384 bytes)
UDP-Lite hash table entries: 512 (order: 2, 16384 bytes)
NET: Registered protocol family 1
RPC: Registered named UNIX socket transport module.
RPC: Registered udp transport module.
RPC: Registered tcp transport module.
RPC: Registered tcp NFSv4.1 backchannel transport module.
Trying to unpack rootfs image as initramfs...
Freeing initrd memory: 1592K
hw perfevents: enabled with armv7_cortex_a9 PMU driver, 7 counters available
Bus freq driver module loaded
audit: initializing netlink subsys (disabled)
audit: type=2000 audit(0.870:1): initialized
workingset: timestamp_bits=30 max_order=19 bucket_order=0
NFS: Registering the id_resolver key type
Key type id_resolver registered
Key type id_legacy registered
ntfs: driver 2.1.32 [Flags: R/W DEBUG].
jffs2: version 2.2. (NAND) Â© 2001-2006 Red Hat, Inc.
fuse init (API version 7.26)
bounce: pool size: 64 pages
io scheduler noop registered
io scheduler deadline registered
io scheduler cfq registered (default)
backlight supply power not found, using dummy regulator
20e0000.hdmi_video supply HDMI not found, using dummy regulator
mxc_sdc_fb fb@0: registered mxc display driver lcd
Console: switching to colour frame buffer device 100x30
mxc_hdmi 20e0000.hdmi_video: Detected HDMI controller 0x13:0xa:0xa0:0xc1
fbcvt: 640x480@60: CVT Name - .307M3
mxc_sdc_fb fb@1: registered mxc display driver hdmi
mxc_sdc_fb fb@2: Can't get fb option for mxcfb2!
mxc_sdc_fb fb@3: Can't get fb option for mxcfb3!
imx-sdma 20ec000.sdma: no iram assigned, using external mem
imx-sdma 20ec000.sdma: loaded firmware 3.3
pfuze100-regulator 2-0008: Full layer: 2, Metal layer: 1
pfuze100-regulator 2-0008: FAB: 0, FIN: 0
pfuze100-regulator 2-0008: pfuze100 found.
2020000.serial: ttymxc0 at MMIO 0x2020000 (irq = 29, base_baud = 5000000) is a IMX
console [ttymxc0] enabled
21e8000.serial: ttymxc1 at MMIO 0x21e8000 (irq = 78, base_baud = 5000000) is a IMX
21f0000.serial: ttymxc3 at MMIO 0x21f0000 (irq = 79, base_baud = 5000000) is a IMX
21f4000.serial: ttymxc4 at MMIO 0x21f4000 (irq = 80, base_baud = 5000000) is a IMX
imx sema4 driver is registered.
[drm] Initialized
[drm] Initialized vivante 1.0.0 20120216 on minor 0
brd: module loaded
loop: module loaded
zram: Added device: zram0
ahci-imx 2200000.sata: fsl,transmit-level-mV not specified, using 00000024
ahci-imx 2200000.sata: fsl,transmit-boost-mdB not specified, using 00000480
ahci-imx 2200000.sata: fsl,transmit-atten-16ths not specified, using 00002000
ahci-imx 2200000.sata: fsl,receive-eq-mdB not specified, using 05000000
ahci-imx 2200000.sata: SSS flag set, parallel bus scan disabled
ahci-imx 2200000.sata: AHCI 0001.0300 32 slots 1 ports 3 Gbps 0x1 impl platform mode
ahci-imx 2200000.sata: flags: ncq sntf stag pm led clo only pmp pio slum part ccc apst 
scsi host0: ahci-imx
ata1: SATA max UDMA/133 mmio [mem 0x02200000-0x02203fff] port 0x100 irq 87
spi_imx 2008000.ecspi: probed
libphy: Fixed MDIO Bus: probed
tun: Universal TUN/TAP device driver, 1.6
tun: (C) 1999-2004 Max Krasnyansky <maxk@qualcomm.com>
CAN device driver interface
2090000.flexcan supply xceiver not found, using dummy regulator
flexcan 2090000.flexcan: device registered (reg_base=f02f4000, irq=38)
2094000.flexcan supply xceiver not found, using dummy regulator
flexcan 2094000.flexcan: device registered (reg_base=f02fc000, irq=39)
2188000.ethernet supply phy not found, using dummy regulator
pps pps0: new PPS source ptp0
libphy: fec_enet_mii_bus: probed
fec 2188000.ethernet eth0: registered PHC device 0
PPP generic driver version 2.4.2
PPP BSD Compression module registered
PPP Deflate Compression module registered
PPP MPPE Compression module registered
NET: Registered protocol family 24
Aravinth: rtl8xxxu_module_init -->
usbcore: registered new interface driver rtk_btusb
Aravinth: rtl8xxxu_module_init <--
usbcore: registered new interface driver kaweth
pegasus: v0.9.3 (2013/04/25), Pegasus/Pegasus II USB Ethernet driver
usbcore: registered new interface driver pegasus
usbcore: registered new interface driver rtl8150
usbcore: registered new interface driver r8152
usbcore: registered new interface driver asix
usbcore: registered new interface driver ax88179_178a
usbcore: registered new interface driver cdc_ether
usbcore: registered new interface driver cdc_eem
usbcore: registered new interface driver net1080
usbcore: registered new interface driver cdc_subset
usbcore: registered new interface driver zaurus
usbcore: registered new interface driver cdc_ncm
ehci_hcd: USB 2.0 'Enhanced' Host Controller (EHCI) Driver
ehci-mxc: Freescale On-Chip EHCI Host driver
ohci_hcd: USB 1.1 'Open' Host Controller (OHCI) Driver
usbcore: registered new interface driver cdc_acm
cdc_acm: USB Abstract Control Model driver for USB modems and ISDN adapters
usbcore: registered new interface driver cdc_wdm
usbcore: registered new interface driver usb-storage
usbcore: registered new interface driver usbserial
usbcore: registered new interface driver usbserial_generic
usbserial: USB Serial support registered for generic
usbcore: registered new interface driver ftdi_sio
usbserial: USB Serial support registered for FTDI USB Serial Device
usbcore: registered new interface driver option
usbserial: USB Serial support registered for GSM modem (1-port)
usbcore: registered new interface driver usbtest
usbcore: registered new interface driver usb_ehset_test
2184800.usbmisc supply vbus-wakeup not found, using dummy regulator
ci_hdrc ci_hdrc.1: EHCI Host Controller
ci_hdrc ci_hdrc.1: new USB bus registered, assigned bus number 1
ci_hdrc ci_hdrc.1: USB 2.0 started, EHCI 1.00
usb usb1: New USB device found, idVendor=1d6b, idProduct=0002
usb usb1: New USB device strings: Mfr=3, Product=2, SerialNumber=1
usb usb1: Product: EHCI Host Controller
usb usb1: Manufacturer: Linux 4.9.67-07229-gdc6c16ec0433-dirty ehci_hcd
ata1: SATA link down (SStatus 0 SControl 300)
ahci-imx 2200000.sata: no device found, disabling link.
ahci-imx 2200000.sata: pass ahci_imx..hotplug=1 to enable hotplug
usb usb1: SerialNumber: ci_hdrc.1
hub 1-0:1.0: USB hub found
hub 1-0:1.0: 1 port detected
mousedev: PS/2 mouse device common for all mice
usbcore: registered new interface driver xpad
usbcore: registered new interface driver usb_acecad
usbcore: registered new interface driver aiptek
usbcore: registered new interface driver gtco
usbcore: registered new interface driver hanwang
usbcore: registered new interface driver kbtab
input: stmpe-ts as /devices/soc0/soc/2100000.aips-bus/21a4000.i2c/i2c-2/2-0041/stmpe-ts/input/input0
snvs_rtc 20cc000.snvs:snvs-rtc-lp: rtc core: registered 20cc000.snvs:snvs-r as rtc0
i2c /dev entries driver
IR NEC protocol handler initialized
IR RC5(x/sz) protocol handler initialized
IR RC6 protocol handler initialized
IR JVC protocol handler initialized
IR Sony protocol handler initialized
IR SANYO protocol handler initialized
IR Sharp protocol handler initialized
IR MCE Keyboard/mouse protocol handler initialized
IR XMP protocol handler initialized
mxc_v4l2_output v4l2_out: V4L2 device registered as video16
mxc_v4l2_output v4l2_out: V4L2 device registered as video17
mxc_v4l2_output v4l2_out: V4L2 device registered as video18
ov564x_mipi 3-003c: found pwm2, period=0
usb 1-1: new high-speed USB device number 2 using ci_hdrc
ov5640_read_reg:write reg error:reg=300a
camera ov5640_mipi is not found
usbcore: registered new interface driver uvcvideo
USB Video Class driver (1.1.1)
imx2-wdt 20bc000.wdog: timeout 60 sec (nowayout=0)
device-mapper: uevent: version 1.0.3
device-mapper: ioctl: 4.35.0-ioctl (2016-06-23) initialised: dm-devel@redhat.com
Bluetooth: HCI UART driver ver 2.3
Bluetooth: HCI UART protocol H4 registered
Bluetooth: HCI UART protocol BCSP registered
Bluetooth: HCI UART protocol ATH3K registered
usbcore: registered new interface driver btusb
sdhci: Secure Digital Host Controller Interface driver
sdhci: Copyright(c) Pierre Ossman
sdhci-pltfm: SDHCI platform and OF driver helper
sdhci-esdhc-imx 2190000.usdhc: could not get ultra high speed state, work on normal mode
sdhci-esdhc-imx 2190000.usdhc: Got CD GPIO
mmc1: SDHCI controller on 2190000.usdhc [2190000.usdhc] using ADMA
sdhci-esdhc-imx 2198000.usdhc: could not get ultra high speed state, work on normal mode
usb 1-1: New USB device found, idVendor=0424, idProduct=2514
usb 1-1: New USB device strings: Mfr=0, Product=0, SerialNumber=0
hub 1-1:1.0: USB hub found
hub 1-1:1.0: 4 ports detected
Aravinth: usb_ifnum_to_if config->desc.bNumInterface=1 ifnum=0
Aravinth: usb_ifnum_to_if Num=0 
mmc0: SDHCI controller on 2198000.usdhc [2198000.usdhc] using ADMA
mxc_vpu 2040000.vpu_fsl: VPU initialized
mxc_vdoa 21e4000.vdoa: i.MX Video Data Order Adapter(VDOA) driver probed
mxc_hdmi_cec soc:hdmi_cec@00120000: HDMI CEC initialized
Galcore version 6.2.2.96445
mmc0: new DDR MMC card at address 0001
mmcblk0: mmc0:0001 Q2J54A 3.59 GiB 
mmcblk0boot0: mmc0:0001 Q2J54A partition 1 16.0 MiB
mmcblk0boot1: mmc0:0001 Q2J54A partition 2 16.0 MiB
random: fast init done
Alternate GPT is invalid, using primary GPT.
 mmcblk0: p1 p2 p3 p4 p5 p6 p7 p8 p9 p10 p11
usb 1-1.3: new high-speed USB device number 3 using ci_hdrc
usb 1-1.3: New USB device found, idVendor=7392, idProduct=a611
usb 1-1.3: New USB device strings: Mfr=1, Product=2, SerialNumber=3
usb 1-1.3: Product: Edimax Wi-Fi N150 Bluetooth4.0 USB Adapter
usb 1-1.3: Manufacturer: Realtek
usb 1-1.3: SerialNumber: 00e04c000001
Aravinth: usb_ifnum_to_if config->desc.bNumInterface=3 ifnum=1
Aravinth: usb_ifnum_to_if Num=0 
Aravinth: usb_ifnum_to_if Num=1 
Aravinth: usb_driver_claim_interface 1-->
Aravinth: usb_driver_claim_interface 2-->
Aravinth: rtl8xxxu_probe 
Aravinth: rtl8xxxu_probe 
usb 1-1.3: This Realtek USB WiFi dongle (0x7392:0xa611) is untested!
usb 1-1.3: Please report results to Jes.Sorensen@gmail.com
Aravinth: rtl8xxxu_identify_chip 
usb 1-1.3: Vendor: Realtek
usb 1-1.3: Product: Edimax Wi-Fi N150 Bluetooth4.0 USB Adapte
usb 1-1.3: rtl8723bu_parse_efuse: dumping efuse (0x200 bytes):
usb 1-1.3: 00: 29 81 03 7c 01 08 21 00
usb 1-1.3: 08: 40 07 05 35 10 00 00 00
usb 1-1.3: 10: 2f 2f 2f 2e 2e 2e 30 30
usb 1-1.3: 18: 30 2f 2f f3 ff ff ff ff
usb 1-1.3: 20: ff ff ff ff ff ff ff ff
usb 1-1.3: 28: ff ff ff ff ff ff ff ff
usb 1-1.3: 30: ff ff ff ff ff ff ff ff
usb 1-1.3: 38: ff ff 2d 2d 2d 2d 2d 2d
usb 1-1.3: 40: 2d 2d 2d 2d 2d 00 ff ff
usb 1-1.3: 48: ff ff ff ff ff ff ff ff
usb 1-1.3: 50: ff ff ff ff ff ff ff ff
usb 1-1.3: 58: ff ff ff ff ff ff ff ff
usb 1-1.3: 60: ff ff ff ff ff ff ff ff
usb 1-1.3: 68: ff ff ff ff ff ff ff ff
usb 1-1.3: 70: ff ff ff ff ff ff ff ff
usb 1-1.3: 78: ff ff ff ff ff ff ff ff
usb 1-1.3: 80: ff ff ff ff ff ff ff ff
usb 1-1.3: 88: ff ff ff ff ff ff ff ff
usb 1-1.3: 90: ff ff ff ff ff ff ff ff
usb 1-1.3: 98: ff ff ff ff ff ff ff ff
usb 1-1.3: a0: ff ff ff ff ff ff ff ff
usb 1-1.3: a8: ff ff ff ff ff ff ff ff
usb 1-1.3: b0: ff ff ff ff ff ff ff ff
usb 1-1.3: b8: 22 1f 1c 00 00 00 ff ff
usb 1-1.3: c0: ff 28 20 11 00 00 00 ff
usb 1-1.3: c8: 00 ff ff ff ff ff ff ff
usb 1-1.3: d0: ff ff ff ff ff ff ff ff
usb 1-1.3: d8: ff ff ff ff ff ff ff ff
usb 1-1.3: e0: ff ff ff ff ff ff ff ff
usb 1-1.3: e8: ff ff ff ff ff ff ff ff
usb 1-1.3: f0: ff ff ff ff ff ff ff ff
usb 1-1.3: f8: ff ff ff ff ff ff ff ff
usb 1-1.3: 100: 92 73 11 a6 e7 47 03 74
usb 1-1.3: 108: da 38 d6 32 38 09 03 52
usb 1-1.3: 110: 65 61 6c 74 65 6b 2c 03
usb 1-1.3: 118: 45 64 69 6d 61 78 20 57
usb 1-1.3: 120: 69 2d 46 69 20 4e 31 35
usb 1-1.3: 128: 30 20 42 6c 75 65 74 6f
usb 1-1.3: 130: 6f 74 68 34 2e 30 20 55
usb 1-1.3: 138: 53 42 20 41 64 61 70 74
usb 1-1.3: 140: 65 72 00 ff ff ff ff 0f
usb 1-1.3: 148: ff ff ff ff ff ff ff ff
usb 1-1.3: 150: ff ff ff ff ff ff ff ff
usb 1-1.3: 158: ff ff ff ff ff ff ff ff
usb 1-1.3: 160: ff ff ff ff ff ff ff ff
usb 1-1.3: 168: ff ff ff ff ff ff ff ff
usb 1-1.3: 170: ff ff ff ff ff ff ff ff
usb 1-1.3: 178: ff ff ff ff ff ff ff ff
usb 1-1.3: 180: ff ff ff ff ff ff ff ff
usb 1-1.3: 188: ff ff ff ff ff ff ff ff
usb 1-1.3: 190: ff ff ff ff ff ff ff ff
usb 1-1.3: 198: ff ff ff ff ff ff ff ff
usb 1-1.3: 1a0: ff ff ff ff ff ff ff ff
usb 1-1.3: 1a8: ff ff ff ff ff ff ff ff
usb 1-1.3: 1b0: ff ff ff ff ff ff ff ff
usb 1-1.3: 1b8: ff ff ff ff ff ff ff ff
usb 1-1.3: 1c0: ff ff ff ff ff ff ff ff
usb 1-1.3: 1c8: ff ff ff ff ff ff ff ff
usb 1-1.3: 1d0: ff ff ff ff ff ff ff ff
usb 1-1.3: 1d8: ff ff ff ff ff ff ff ff
usb 1-1.3: 1e0: ff ff ff ff ff ff ff ff
usb 1-1.3: 1e8: ff ff ff ff ff ff ff ff
usb 1-1.3: 1f0: ff ff ff ff ff ff ff ff
usb 1-1.3: 1f8: ff ff ff ff ff ff ff ff
Aravinth: rtl8xxxu_print_chipinfo 
usb 1-1.3: RTL8723BU rev E (SMIC) 1T1R, TX queues 3, WiFi=1, BT=1, GPS=0, HI PA=0
usb 1-1.3: RTL8723BU MAC: 74:da:38:d6:32:38
Aravinth: rtl8723bu_load_firmware --> priv->enable_bluetooth=0
Aravinth: rtl8xxxu_load_firmware 
usb 1-1.3: rtk_btusb: Loading firmware rtlwifi/rtl8723bu_nic.bin
Aravinth :rtk_btusb: Loading firmware rtlwifi/rtl8723bu_nic.bin
Aravinth:path= fw_id=rtlwifi/rtl8723bu_nic.bin
Aravinth:path= fw_id=rtlwifi/rtl8723bu_nic.bin
 i=0Aravinth:path= fw_id=rtlwifi/rtl8723bu_nic.bin
 i=1
Aravinth:path=/system/lib/firmware/updates/4.9.67-07229-gdc6c16ec0433-dirty/rtlwifi/rtl8723bu_nic.bin fw_id=rtlwifi/rtl8723bu_nic.bin len=87
Aravinth:path=/system/lib/firmware/updates/4.9.67-07229-gdc6c16ec0433-dirty/rtlwifi/rtl8723bu_nic.bin fw_id=rtlwifi/rtl8723bu_nic.bin
 i=2Aravinth:path=/system/lib/firmware/updates/rtlwifi/rtl8723bu_nic.bin fw_id=rtlwifi/rtl8723bu_nic.bin len=54
Aravinth:path=/system/lib/firmware/updates/rtlwifi/rtl8723bu_nic.bin fw_id=rtlwifi/rtl8723bu_nic.bin
 i=3Aravinth:path=/system/lib/firmware/4.9.67-07229-gdc6c16ec0433-dirty/rtlwifi/rtl8723bu_nic.bin fw_id=rtlwifi/rtl8723bu_nic.bin len=79
Aravinth:path=/system/lib/firmware/4.9.67-07229-gdc6c16ec0433-dirty/rtlwifi/rtl8723bu_nic.bin fw_id=rtlwifi/rtl8723bu_nic.bin
 i=4Aravinth:path=/system/lib/firmware/rtlwifi/rtl8723bu_nic.bin fw_id=rtlwifi/rtl8723bu_nic.bin len=46
usb 1-1.3: Direct firmware load for rtlwifi/rtl8723bu_nic.bin failed with error -2
usb 1-1.3: Falling back to user helper
caam 2100000.caam: ERA source: CAAMVID.
caam 2100000.caam: AXI pipeline throttling enabled.
caam 2100000.caam: Instantiated RNG4 SH1
caam 2100000.caam: device ID = 0x0a16010000000000 (Era 4)
caam 2100000.caam: job rings = 2, qi = 0
caam algorithms registered in /proc/crypto
caam_jr 2101000.jr0: registering rng-caam
platform caam_sm: blkkey_ex: 4 keystore units available
platform caam_sm: 64-bit clear key:
platform caam_sm: [0000] 00 01 02 03 04 0f 06 07
platform caam_sm: 64-bit black key:
platform caam_sm: [0000] 36 83 c8 f7 ac 11 20 33
platform caam_sm: [0008] f2 9a 6b a0 3d 89 47 0b
platform caam_sm: 128-bit clear key:
platform caam_sm: [0000] 00 01 02 03 04 0f 06 07
platform caam_sm: [0008] 08 09 0a 0b 0c 0d 0e 0f
platform caam_sm: 128-bit black key:
platform caam_sm: [0000] e6 8d 09 94 b4 6f 71 37
platform caam_sm: [0008] f5 b0 97 d6 83 b3 4e 69
platform caam_sm: 192-bit clear key:
platform caam_sm: [0000] 00 01 02 03 04 0f 06 07
platform caam_sm: [0008] 08 09 0a 0b 0c 0d 0e 0f
platform caam_sm: [0016] 10 11 12 13 14 15 16 17
platform caam_sm: 192-bit black key:
platform caam_sm: [0000] d6 43 68 1c 01 99 b0 18
platform caam_sm: [0008] 65 82 9b 1d 26 9e 33 ad
platform caam_sm: [0016] 25 fc 9a a4 00 bf d9 f9
platform caam_sm: [0024] 45 81 38 69 83 37 2b dd
platform caam_sm: 256-bit clear key:
platform caam_sm: [0000] 00 01 02 03 04 0f 06 07
platform caam_sm: [0008] 08 09 0a 0b 0c 0d 0e 0f
platform caam_sm: [0016] 10 11 12 13 14 15 16 17
platform caam_sm: [0024] 18 19 1a 1b 1c 1d 1e 1f
platform caam_sm: 256-bit black key:
platform caam_sm: [0000] 58 ca b6 ee 09 de 08 d0
platform caam_sm: [0008] 4a fc 61 ec af 3f 7d 9a
platform caam_sm: [0016] 06 dc 3c 27 fa 7e ee 86
platform caam_sm: [0024] 93 07 b5 32 7f 7f 26 9a
platform caam_sm: 64-bit unwritten blob:
platform caam_sm: [0000] 00 00 00 00 00 00 00 00
platform caam_sm: [0008] 00 00 00 00 00 00 00 00
platform caam_sm: [0016] 00 00 00 00 00 00 00 00
platform caam_sm: [0024] 00 00 00 00 00 00 00 00
platform caam_sm: [0032] 00 00 00 00 00 00 00 00
platform caam_sm: [0040] 00 00 00 00 00 00 00 00
platform caam_sm: [0048] 00 00 00 00 00 00 00 00
platform caam_sm: [0056] 00 00 00 00 00 00 00 00
platform caam_sm: [0064] 00 00 00 00 00 00 00 00
platform caam_sm: [0072] 00 00 00 00 00 00 00 00
platform caam_sm: [0080] 00 00 00 00 00 00 00 00
platform caam_sm: [0088] 00 00 00 00 00 00 00 00
platform caam_sm: 128-bit unwritten blob:
platform caam_sm: [0000] 00 00 00 00 00 00 00 00
platform caam_sm: [0008] 00 00 00 00 00 00 00 00
platform caam_sm: [0016] 00 00 00 00 00 00 00 00
platform caam_sm: [0024] 00 00 00 00 00 00 00 00
platform caam_sm: [0032] 00 00 00 00 00 00 00 00
platform caam_sm: [0040] 00 00 00 00 00 00 00 00
platform caam_sm: [0048] 00 00 00 00 00 00 00 00
platform caam_sm: [0056] 00 00 00 00 00 00 00 00
platform caam_sm: [0064] 00 00 00 00 00 00 00 00
platform caam_sm: [0072] 00 00 00 00 00 00 00 00
platform caam_sm: [0080] 00 00 00 00 00 00 00 00
platform caam_sm: [0088] 00 00 00 00 00 00 00 00
platform caam_sm: 196-bit unwritten blob:
platform caam_sm: [0000] 00 00 00 00 00 00 00 00
platform caam_sm: [0008] 00 00 00 00 00 00 00 00
platform caam_sm: [0016] 00 00 00 00 00 00 00 00
platform caam_sm: [0024] 00 00 00 00 00 00 00 00
platform caam_sm: [0032] 00 00 00 00 00 00 00 00
platform caam_sm: [0040] 00 00 00 00 00 00 00 00
platform caam_sm: [0048] 00 00 00 00 00 00 00 00
platform caam_sm: [0056] 00 00 00 00 00 00 00 00
platform caam_sm: [0064] 00 00 00 00 00 00 00 00
platform caam_sm: [0072] 00 00 00 00 00 00 00 00
platform caam_sm: [0080] 00 00 00 00 00 00 00 00
platform caam_sm: [0088] 00 00 00 00 00 00 00 00
platform caam_sm: 256-bit unwritten blob:
platform caam_sm: [0000] 00 00 00 00 00 00 00 00
platform caam_sm: [0008] 00 00 00 00 00 00 00 00
platform caam_sm: [0016] 00 00 00 00 00 00 00 00
platform caam_sm: [0024] 00 00 00 00 00 00 00 00
platform caam_sm: [0032] 00 00 00 00 00 00 00 00
platform caam_sm: [0040] 00 00 00 00 00 00 00 00
platform caam_sm: [0048] 00 00 00 00 00 00 00 00
platform caam_sm: [0056] 00 00 00 00 00 00 00 00
platform caam_sm: [0064] 00 00 00 00 00 00 00 00
platform caam_sm: [0072] 00 00 00 00 00 00 00 00
platform caam_sm: [0080] 00 00 00 00 00 00 00 00
platform caam_sm: [0088] 00 00 00 00 00 00 00 00
platform caam_sm: 64-bit black key in blob:
platform caam_sm: [0000] 0c 86 54 d9 29 66 ec 34
platform caam_sm: [0008] c2 17 46 e4 e7 22 9f 5a
platform caam_sm: [0016] 66 4c 48 61 7d 67 f8 bb
platform caam_sm: [0024] c0 30 29 80 ed 71 06 bd
platform caam_sm: [0032] 2e 61 e1 f0 70 31 d6 7e
platform caam_sm: [0040] cd ca 2b 34 51 4e 5b a3
platform caam_sm: [0048] 1f 32 61 9a 4f bf f2 34
platform caam_sm: [0056] 00 00 00 00 00 00 00 00
platform caam_sm: [0064] 00 00 00 00 00 00 00 00
platform caam_sm: [0072] 00 00 00 00 00 00 00 00
platform caam_sm: [0080] 00 00 00 00 00 00 00 00
platform caam_sm: [0088] 00 00 00 00 00 00 00 00
platform caam_sm: 128-bit black key in blob:
platform caam_sm: [0000] 1d 50 1b 3b 3e a8 b9 e4
platform caam_sm: [0008] 0e 9d a6 dd dd 28 5b af
platform caam_sm: [0016] a3 88 a6 8e a2 24 66 eb
platform caam_sm: [0024] 08 a2 c9 d5 91 8d 12 90
platform caam_sm: [0032] 2b e3 55 37 5e bc 81 4b
platform caam_sm: [0040] a0 0e d5 b3 90 c7 16 3b
platform caam_sm: [0048] 23 ee a9 60 8b 62 d4 20
platform caam_sm: [0056] 56 54 06 15 2f 9d 04 f1
platform caam_sm: [0064] 00 00 00 00 00 00 00 00
platform caam_sm: [0072] 00 00 00 00 00 00 00 00
platform caam_sm: [0080] 00 00 00 00 00 00 00 00
platform caam_sm: [0088] 00 00 00 00 00 00 00 00
platform caam_sm: 192-bit black key in blob:
platform caam_sm: [0000] 83 89 ad 09 da 2b d3 65
platform caam_sm: [0008] 98 6b 72 f6 01 62 2e 10
platform caam_sm: [0016] 6e 43 52 bc ed 3e aa b6
platform caam_sm: [0024] 06 d3 5b 09 9b 94 01 65
platform caam_sm: [0032] f4 ba a2 48 31 ac 76 90
platform caam_sm: [0040] f1 91 c1 4c 30 97 dd 0c
platform caam_sm: [0048] 7f ed 59 0f 85 43 20 28
platform caam_sm: [0056] 95 b9 65 59 84 11 c3 42
platform caam_sm: [0064] 9e ec 00 07 4c 9f ee 37
platform caam_sm: [0072] 00 00 00 00 00 00 00 00
platform caam_sm: [0080] 00 00 00 00 00 00 00 00
platform caam_sm: [0088] 00 00 00 00 00 00 00 00
platform caam_sm: 256-bit black key in blob:
platform caam_sm: [0000] ae 11 cc 75 63 ba 2e e3
platform caam_sm: [0008] 4a 65 ac 71 28 ce fb f5
platform caam_sm: [0016] fd 40 29 1f 6f 54 fe 22
platform caam_sm: [0024] 2a 2f 6f f2 9f c3 f3 f5
platform caam_sm: [0032] a2 da 22 99 5e 92 76 58
platform caam_sm: [0040] a0 5e 68 56 57 ec fe 5d
platform caam_sm: [0048] 4a c0 dc 51 20 d4 87 02
platform caam_sm: [0056] 2c a9 0e 7a 25 1d 2a 17
platform caam_sm: [0064] df 85 a8 96 7a de 23 63
platform caam_sm: [0072] c9 2b 45 68 2f 71 e0 02
platform caam_sm: [0080] 00 00 00 00 00 00 00 00
platform caam_sm: [0088] 00 00 00 00 00 00 00 00
platform caam_sm: restored 64-bit black key:
platform caam_sm: [0000] a2 2d 38 48 4e d4 89 95
platform caam_sm: [0008] 6f bb d5 74 a7 90 2e 14
platform caam_sm: restored 128-bit black key:
platform caam_sm: [0000] e6 8d 09 94 b4 6f 71 37
platform caam_sm: [0008] f5 b0 97 d6 83 b3 4e 69
platform caam_sm: restored 192-bit black key:
platform caam_sm: [0000] d6 43 68 1c 01 99 b0 18
platform caam_sm: [0008] 65 82 9b 1d 26 9e 33 ad
platform caam_sm: [0016] 12 2a a5 52 0f 91 e6 7c
platform caam_sm: [0024] 36 93 56 bb 44 2b 95 b4
platform caam_sm: restored 256-bit black key:
platform caam_sm: [0000] 58 ca b6 ee 09 de 08 d0
platform caam_sm: [0008] 4a fc 61 ec af 3f 7d 9a
platform caam_sm: [0016] 06 dc 3c 27 fa 7e ee 86
platform caam_sm: [0024] 93 07 b5 32 7f 7f 26 9a
snvs-secvio 20cc000.caam-snvs: can't get snvs clock
snvs-secvio 20cc000.caam-snvs: violation handlers armed - non-secure state
hidraw: raw HID events driver (C) Jiri Kosina
usbcore: registered new interface driver usbhid
usbhid: USB HID core driver
ashmem: initialized
usbcore: registered new interface driver snd-usb-audio
sgtl5000 2-000a: sgtl5000 revision 0x11
fsl-ssi-dai 2028000.ssi: No cache defaults, reading back from HW
imx-sgtl5000 sound: sgtl5000 <-> 2028000.ssi mapping ok
imx-spdif sound-spdif: snd-soc-dummy-dai <-> 2004000.spdif mapping ok
imx-audio-hdmi sound-hdmi: hdmi-hifi.0 <-> soc:hdmi_audio@00120000 mapping ok
NET: Registered protocol family 26
u32 classifier
    Actions configured
Netfilter messages via NETLINK v0.30.
nf_conntrack version 0.5.0 (16384 buckets, 65536 max)
ctnetlink v0.93: registering with nfnetlink.
xt_time: kernel timezone is -0000
ip_tables: (C) 2000-2006 Netfilter Core Team
arp_tables: arp_tables: (C) 2002 David S. Miller
Initializing XFRM netlink socket
NET: Registered protocol family 10
mip6: Mobile IPv6
ip6_tables: (C) 2000-2006 Netfilter Core Team
sit: IPv6, IPv4 and MPLS over IPv4 tunneling driver
NET: Registered protocol family 17
NET: Registered protocol family 15
can: controller area network core (rev 20120528 abi 9)
NET: Registered protocol family 29
can: raw protocol (rev 20120528)
can: broadcast manager protocol (rev 20161123 t)
can: netlink gateway (rev 20130117) max_hops=1
Bluetooth: RFCOMM TTY layer initialized
Bluetooth: RFCOMM socket layer initialized
Bluetooth: RFCOMM ver 1.11
Bluetooth: BNEP (Ethernet Emulation) ver 1.3
Bluetooth: BNEP filters: protocol multicast
Bluetooth: BNEP socket layer initialized
Bluetooth: HIDP (Human Interface Emulation) ver 1.2
Bluetooth: HIDP socket layer initialized
8021q: 802.1Q VLAN Support v1.8
Key type dns_resolver registered
cpu cpu0: Registered imx6q-cpufreq
registered taskstats version 1
imx_thermal 2000000.aips-bus:tempmon: Industrial CPU temperature grade - max:105C critical:100C passive:95C
dhd_module_init in
input: gpio-keys as /devices/soc0/gpio-keys/input/input1
snvs_rtc 20cc000.snvs:snvs-rtc-lp: setting system clock to 1970-01-01 00:00:02 UTC (2)
usb_otg_vbus: disabling
ALSA device list:
  #0: imx6q-apalis-sgtl5000
  #1: imx-spdif
  #2: imx-hdmi-soc
Freeing unused kernel memory: 1024K
init: init first stage started!
SELinux:  Permission validate_trans in class security not defined in policy.
SELinux:  Class cap_userns not defined in policy.
SELinux:  Class cap2_userns not defined in policy.
SELinux: the above unknown classes and permissions will be denied
audit: type=1403 audit(5.264:2): policy loaded auid=4294967295 ses=4294967295
init: (Initializing SELinux non-enforcing took 0.11s.)
init: init second stage started!
init: Running restorecon...
init: waitpid failed: No child processes
init: (Loading properties from /default.prop took 0.00s.)
init: (Parsing /init.environ.rc took 0.00s.)
init: (Parsing /init.usb.rc took 0.00s.)
init: /init.freescale.rc: 154: invalid keyword 'chown'
init: /init.freescale.rc: 155: invalid keyword 'mkdir'
init: /init.freescale.rc: 157: invalid keyword 'chown'
init: /init.freescale.rc: 158: invalid keyword 'chown'
ueventd: ueventd started!
ueventd: Coldboot took 0.44s.
Console: switching to colour dummy device 80x30
watchdogd: started (interval 10, margin 20)!
EXT4-fs (mmcblk0p3): mounted filesystem with ordered data mode. Opts: barrier=1
EXT4-fs (mmcblk0p10): Ignoring removed nomblk_io_submit option
Aravinth: rtl8xxxu_load_firmware 1 fw=-797619392
Aravinth: rtl8xxxu_load_firmware 1
Aravinth: rtl8xxxu_load_firmware 2 priv->fw_size=32076 fw->size=32108
Aravinth: rtl8xxxu_load_firmware 2
Aravinth: Firmware revision 35.0 (signature 0x5301)
Aravinth: rtl8723bu_load_firmware --> ret=0
Aravinth: rtl8xxxu_init_device 
Aravinth: rtl8723bu_power_on -->
Aravinth: rtl8723bu_power_on -->1
Aravinth: rtl8xxxu_download_firmware 
Aravinth: rtl8xxxu_start_firmware 
Aravinth: rtl8xxxu_init_mac 
EXT4-fs (mmcblk0p10): recovery complete
EXT4-fs (mmcblk0p10): mounted filesystem with ordered data mode. Opts: nomblk_io_submit,noauto_da_alloc,errors=panic
EXT4-fs (mmcblk0p4): Ignoring removed nomblk_io_submit option
EXT4-fs (mmcblk0p4): recovery complete
EXT4-fs (mmcblk0p4): mounted filesystem with ordered data mode. Opts: nomblk_io_submit
EXT4-fs (mmcblk0p5): mounted filesystem with ordered data mode. Opts: (null)
file system registered
using random self ethernet address
using random host ethernet address
zram0: detected capacity change from 0 to 314572800
logd.auditd: start
logd.klogd: 7720543000
Adding 307196k swap on /dev/block/zram0.  Priority:-1 extents:1 across:307196k SS
Aravinth: rtl8xxxu_probe -->
binder: 259:259 transaction failed 29189, size 0-0
logd.daemon: reinit
type=1400 audit(8.294:3): avc: denied { entrypoint } for pid=266 comm="init" path="/system/bin/can-config.sh" dev="mmcblk0p3" ino=254 scontext=u:r:obd:s0 tcontext=u:object_r:system_file:s0 tclass=file permissive=1
type=1400 audit(8.294:4): avc: denied { read execute } for pid=266 comm="can-config.sh" path="/system/bin/sh" dev="mmcblk0p3" ino=437 scontext=u:r:obd:s0 tcontext=u:object_r:shell_exec:s0 tclass=file permissive=1
type=1400 audit(8.304:5): avc: denied { getattr } for pid=267 comm="obd" path="/vendor" dev="rootfs" ino=6499 scontext=u:r:obd:s0 tcontext=u:object_r:rootfs:s0 tclass=lnk_file permissive=1
toradex_apalis6q:/ # type=1400 audit(8.304:6): avc: denied { getattr } for pid=266 comm="can-config.sh" path="/system/bin/sh" dev="mmcblk0p3" ino=437 scontext=u:r:obd:s0 tcontext=u:object_r:shell_exec:s0 tclass=file permissive=1
type=1400 audit(8.354:7): avc: denied { create } for pid=267 comm="obd" scontext=u:r:obd:s0 tcontext=u:r:obd:s0 tclass=socket permissive=1
type=1400 audit(8.354:8): avc: denied { ioctl } for pid=267 comm="obd" path="socket:[11389]" dev="sockfs" ino=11389 ioctlcmd=0x8933 scontext=u:r:obd:s0 tcontext=u:r:obd:s0 tclass=socket permissive=1
type=1400 audit(8.354:9): avc: denied { bind } for pid=267 comm="obd" scontext=u:r:obd:s0 tcontext=u:r:obd:s0 tclass=socket permissive=1
IPv6: ADDRCONF(NETDEV_CHANGE): can0: link becomes ready
healthd: No battery devices found
ERROR: v4l2 capture: slave not found! V4L2_CID_HUE
ERROR: v4l2 capture: slave not found! V4L2_CID_HUE
imx-hdmi-audio imx-hdmi-audio: HDMI Video is not ready!
imx-hdmi-audio imx-hdmi-audio: ASoC: can't open platform imx-hdmi-audio: -22
imx-hdmi-audio imx-hdmi-audio: HDMI Video is not ready!
imx-hdmi-audio imx-hdmi-audio: ASoC: can't open platform imx-hdmi-audio: -22
init: Starting service 'bootanim'...
capability: warning: `main' uses 32-bit capabilities (legacy support in use)
type=1400 audit(16.794:35): avc: denied { write } for pid=267 comm="obd" path="socket:[11389]" dev="sockfs" ino=11389 scontext=u:r:obd:s0 tcontext=u:r:obd:s0 tclass=socket permissive=1
init: write_file: Unable to open '/sys/devices/system/cpu/cpufreq/interactive/timer_rate': No such file or directory
init: write_file: Unable to open '/sys/devices/system/cpu/cpufreq/interactive/min_sample_time': No such file or directory
init: write_file: Unable to open '/sys/devices/system/cpu/cpufreq/interactive/go_hispeed_load': No such file or directory
random: crng init done
init: write_file: Unable to open '/proc/sys/vm/extra_free_kbytes': No such file or directory
init: write_file: Unable to write to '/config/usb_gadget/g1/UDC': No such device
acc_open
acc_release

toradex_apalis6q:/ # 
toradex_apalis6q:/ # Micrel KSZ9031 Gigabit PHY 2188000.ethernet-1:07: attached PHY driver [Micrel KSZ9031 Gigabit PHY] (mii_bus:phy_addr=2188000.ethernet-1:07, irq=120)
IPv6: ADDRCONF(NETDEV_UP): eth0: link is not ready

toradex_apalis6q:/ # 
toradex_apalis6q:/ # 
toradex_apalis6q:/ # 
toradex_apalis6q:/ # lsustoradex_apalis6q:/ # lsusb                                                      
type=1400 audit(26.904:36): avc: denied { getattr } for pid=804 comm="lsusb" path="/sys/bus/usb/devices/usb1" dev="sysfs" ino=16037 scontext=u:r:shell:s0 tcontext=u:object_r:sysfs:s0 tclass=lnk_file permissive=1
Bus 001 Device 001: ID 1d6b:0002
Bus 001 Device 003: ID 7392:a6type=1400 audit(26.904:37): avc: denied { read } for pid=804 comm="lsusb" name="uevent" dev="sysfs" ino=16007 scontext=u:r:shell:s0 tcontext=u:object_r:sysfs:s0 tclass=file permissive=1
11
Bus 001 Device 002: ID 0424:2type=1400 audit(26.904:38): avc: denied { open } for pid=804 comm="lsusb" path="/sys/devices/soc0/soc/2100000.aips-bus/2184200.usb/ci_hdrc.1/usb1/uevent" dev="sysfs" ino=16007 scontext=u:r:shell:s0 tcontext=u:object_r:sysfs:s0 tclass=file permissive=1
514
toradex_apalis6q:/ # type=1400 audit(26.904:39): avc: denied { getattr } for pid=804 comm="lsusb" path="/sys/devices/soc0/soc/2100000.aips-bus/2184200.usb/ci_hdrc.1/usb1/uevent" dev="sysfs" ino=16007 scontext=u:r:shell:s0 tcontext=u:object_r:sysfs:s0 tclass=file permissive=1

toradex_apalis6q:/ # 
toradex_apalis6q:/ # 
toradex_apalis6q:/ # 
toradex_apalis6q:/ # init: Service 'bootanim' (pid 357) exited with status 0
init: Starting service 'exec 3 (/system/bin/bootstat)'...
init: Service 'exec 3 (/system/bin/bootstat)' (pid 914) exited with status 0
init: Starting service 'exec 4 (/system/bin/bootstat)'...
init: Service 'exec 4 (/system/bin/bootstat)' (pid 928) exited with status 0
toradex_apalis6q:/ # lsusb       init: Starting service 'exec 5 (/system/bin/bootstat)'...
                                              init: Service 'exec 5 (/system/bin/bootstat)' (pid 936) exited with status 0
init: Starting service 'exec 6 (/system/bin/bootstat)'...
init: Service 'exec 6 (/system/bin/bootstat)' (pid 943) exited with status 0

type=1400 audit(28.954:40): avc: denied { getattr } for pid=955 comm="lsusb" path="/sys/bus/usb/devices/usb1" dev="sysfs" ino=16037 scontext=u:r:shell:s0 tcontext=u:object_r:sysfs:s0 tclass=lnk_file permissive=1
Bus 001 Device 001: ID 1d6b:0002
Bus 001 Device 003: ID 7392:a611
Bus 001 Device 002: ID 0424:2514
toradex_apalis6q:/ # 
toradex_apalis6q:/ # 
toradex_apalis6q:/ # 
toradex_apalis6q:/ # 
toradex_apalis6q:/ # 
toradex_apalis6q:/ # 
toradex_apalis6q:/ # 
toradex_apalis6q:/ # toradex_apalis6q:/ # lsusb                                                     
Bus 001 Device 001: ID 1d6b:0002type=1400 audit(31.314:41): avc: denied { getattr } for pid=1081 comm="lsusb" path="/sys/bus/usb/devices/usb1" dev="sysfs" ino=16037 scontext=u:r:shell:s0 tcontext=u:object_r:sysfs:s0 tclass=lnk_file permissive=1

Bus 001 Device 003: ID 7392:a611
Bus 001 Device 002: ID 0424:2514
toradex_apalis6q:/ # type=1400 audit(31.314:42): avc: denied { read } for pid=1081 comm="lsusb" name="uevent" dev="sysfs" ino=16007 scontext=u:r:shell:s0 tcontext=u:object_r:sysfs:s0 tclass=file permissive=1
type=1400 audit(31.314:43): avc: denied { open } for pid=1081 comm="lsusb" path="/sys/devices/soc0/soc/2100000.aips-bus/2184200.usb/ci_hdrc.1/usb1/uevent" dev="sysfs" ino=16007 scontext=u:r:shell:s0 tcontext=u:object_r:sysfs:s0 tclass=file permissive=1
type=1400 audit(31.314:44): avc: denied { getattr } for pid=1081 comm="lsusb" path="/sys/devices/soc0/soc/2100000.aips-bus/2184200.usb/ci_hdrc.1/usb1/uevent" dev="sysfs" ino=16007 scontext=u:r:shell:s0 tcontext=u:object_r:sysfs:s0 tclass=file permissive=1

toradex_apalis6q:/ # 
toradex_apalis6q:/ # 
toradex_apalis6q:/ # 
toradex_apalis6q:/ # cd /dev
dev/     device/
toradex_apalis6q:/ # cd /dev                                                   /type=1400 audit(34.904:45): avc: denied { read } for pid=260 comm="sh" name="/" dev="tmpfs" ino=11265 scontext=u:r:shell:s0 tcontext=u:object_r:device:s0 tclass=dir permissive=1

__properties__/     mxc_asrc  type=1400 audit(34.904:46): avc: denied { open } for pid=260 comm="sh" path="/dev" dev="tmpfs" ino=11265 scontext=u:r:shell:s0 tcontext=u:object_r:device:s0 tclass=dir permissive=1
          tty23               ttytype=1400 audit(34.904:47): avc: denied { getattr } for pid=260 comm="sh" path="/dev/mtp_usb" dev="tmpfs" ino=7463 scontext=u:r:shell:s0 tcontext=u:object_r:mtp_device:s0 tclass=chr_file permissive=1
58
ashmem              mxc_hdmi type=1400 audit(34.904:48): avc: denied { getattr } for pid=260 comm="sh" path="/dev/fscklogs" dev="tmpfs" ino=10679 scontext=u:r:shell:s0 tcontext=u:object_r:fscklogs:s0 tclass=dir permissive=1
           tty24               tttype=1400 audit(34.904:49): avc: denied { getattr } for pid=260 comm="sh" path="/dev/i2c-2" dev="tmpfs" ino=7398 scontext=u:r:shell:s0 tcontext=u:object_r:i2c_device:s0 tclass=chr_file permissive=1
y59
autofs              mxc_hdmi_cec        tty25               tty6
binder              mxc_iptype=1400 audit(34.904:50): avc: denied { getattr } for pid=260 comm="sh" path="/dev/ptp0" dev="tmpfs" ino=7384 scontext=u:r:shell:s0 tcontext=u:object_r:device:s0 tclass=chr_file permissive=1
u             tty26              type=1400 audit(34.904:51): avc: denied { getattr } for pid=260 comm="sh" path="/dev/watchdog" dev="tmpfs" ino=7381 scontext=u:r:shell:s0 tcontext=u:object_r:watchdog_device:s0 tclass=chr_file permissive=1
 tty60
block/              mxc_mem             tty27            type=1400 audit(34.904:52): avc: denied { getattr } for pid=260 comm="sh" path="/dev/rtc0" dev="tmpfs" ino=7378 scontext=u:r:shell:s0 tcontext=u:object_r:rtc_device:s0 tclass=chr_file permissive=1
   tty61
bus/                mxctype=1400 audit(34.904:53): avc: denied { getattr } for pid=260 comm="sh" path="/dev/video0" dev="tmpfs" ino=7367 scontext=u:r:shell:s0 tcontext=u:object_r:video_device:s0 tclass=chr_file permissive=1
_vpu             tty28           type=1400 audit(34.904:54): avc: denied { getattr } for pid=260 comm="sh" path="/dev/graphics" dev="tmpfs" ino=7359 scontext=u:r:shell:s0 tcontext=u:object_r:graphics_device:s0 tclass=dir permissive=1
    tty62
console             network_latency     tty29               tty63
cpu_dma_latency     network_throughput  tty3                tty7
cpuctl/             null                tty30               tty8
cpuset/             ppp                 tty31               tty9
device-mapper       pps0                tty32               ttymxc0
dri/                ptmx                tty33               ttymxc1
fd/                 ptp0                tty34               ttymxc3
fscklogs/           pts/                tty35               ttymxc4
full                random              tty36               tun
fuse                rfkill              tty37               ubi_ctrl
galcore             rtc0                tty38               uhid
gpiochip0           snd/                tty39               uinput
gpiochip1           socket/             tty4                urandom
gpiochip2           spidev0.0           tty40               usb-ffs/
gpiochip3           stune/              tty41               usb_accessory
gpiochip4           tty                 tty42               vcs
gpiochip5           tty0                tty43               vcs1
gpiochip6           tty1                tty44               vcsa
graphics/           tty10               tty45               vcsa1
hw_random           tty11               tty46               video0
hwbinder            tty12               tty47               video1
i2c-1               tty13               tty48               video16
i2c-2               tty14               tty49               video17
i2c-3               tty15               tty5                video18
input/              tty16               tty50               vndbinder
ion                 tty17               tty51               watchdog
keychord            tty18               tty52               watchdog0
kmsg                tty19               tty53               xt_qtaguid
loop-control        tty2                tty54               zero
memcg/              tty20               tty55
memory_bandwidth    tty21               tty56
mtp_usb             tty22               tty57
toradex_apalis6q:/ # cd /dev/                                                  us
usb-ffs/        usb_accessory
toradex_apalis6q:/ # cd /dev/usb                                                  bustoradex_apalis6q:/ # cd /dev/bus/                                              
toradex_apalis6q:/dev/bus # ls
usbtype=1400 audit(41.394:69): avc: denied { getattr } for pid=1276 comm="ls" path="/dev/bus/usb" dev="tmpfs" ino=7391 scontext=u:r:shell:s0 tcontext=u:object_r:usb_device:s0 tclass=dir permissive=1

toradex_apalis6q:/dev/bus # ls
usb
toradex_apalis6q:/dev/bus # cd utoradex_apalis6q:/dev/bus # cd usb/                                            
toradex_apalis6q:/dev/bus/usb # type=1400 audit(58.824:70): avc: denied { search } for pid=260 comm="sh" name="usb" dev="tmpfs" ino=7391 scontext=u:r:shell:s0 tcontext=u:object_r:usb_device:s0 tclass=dir permissive=1

toradex_apalis6q:/dev/bus/usb # 
toradex_apalis6q:/dev/bus/usb # 
toradex_apalis6q:/dev/bus/usb # ls
001type=1400 audit(60.694:71): avc: denied { read } for pid=1279 comm="ls" name="usb" dev="tmpfs" ino=7391 scontext=u:r:shell:s0 tcontext=u:object_r:usb_device:s0 tclass=dir permissive=1

type=1400 audit(60.694:72): avc: denied { open } for pid=1279 comm="ls" path="/dev/bus/usb" dev="tmpfs" ino=7391 scontext=u:r:shell:s0 tcontext=u:object_r:usb_device:s0 tclass=dir permissive=1
toradex_apalis6q:/dev/bus/usb # 
toradex_apalis6q:/dev/bus/usb # 
toradex_apalis6q:/dev/bus/usb # ls
001
toradex_apalis6q:/dev/bus/usb # 
toradex_apalis6q:/dev/bus/usb # 
toradex_apalis6q:/dev/bus/usb # cd toradex_apalis6q:/dev/bus/usb # cd 001/                                        
toradex_apalis6q:/dev/bus/usb/001 # lss usb
type=1400 audit(66.884:73): avc: denied { read } for pid=1281 comm="lsusb" name="uevent" dev="sysfs" ino=16007 scontext=u:r:shell:s0 tcontext=u:object_r:sysfs:s0 tclass=file permissive=1
Bus 001 Device 001: ID 1d6b:0002type=1400 audit(66.884:74): avc: denied { open } for pid=1281 comm="lsusb" path="/sys/devices/soc0/soc/2100000.aips-bus/2184200.usb/ci_hdrc.1/usb1/uevent" dev="sysfs" ino=16007 scontext=u:r:shell:s0 tcontext=u:object_r:sysfs:s0 tclass=file permissive=1

Bus 001 Device 003: ID 7392:a61type=1400 audit(66.884:75): avc: denied { getattr } for pid=1281 comm="lsusb" path="/sys/devices/soc0/soc/2100000.aips-bus/2184200.usb/ci_hdrc.1/usb1/uevent" dev="sysfs" ino=16007 scontext=u:r:shell:s0 tcontext=u:object_r:sysfs:s0 tclass=file permissive=1
1
Bus 001 Device 002: ID 0424:2514
toradex_apalis6q:/dev/bus/usb/001 # 
toradex_apalis6q:/dev/bus/usb/001 # 
toradex_apalis6q:/dev/bus/usb/001 # 
toradex_apalis6q:/dev/bus/usb/001 # toradex_apalis6q:/dev/bus/usb/001 # lsusb                                      
Bus 001 Device 001: ID 1d6b:0002
Bus 001 Device 003: ID 7392:a611
Bus 001 Device 002: ID 0424:2514
toradex_apalis6q:/dev/bus/usb/001 # ls
001 002 003 
toradex_apalis6q:/dev/bus/usb/001 # cd 00
001  002  003
toradex_apalis6q:/dev/bus/usb/001 # cd 00                                      3toradex_apalis6q:/dev/bus/usb/001 # cd 003                                      
/system/bin/sh: cd: /dev/bus/usb/001/003: Not a directory
2|toradex_apalis6q:/dev/bus/usb/001 # ls 0l    -l 003
crw-rw---- 1 root usb 189,   2 1970-01-01 00:00 003
toradex_apalis6q:/dev/bus/usb/001 # file 003
/system/bin/sh: file: not found
127|toradex_apalis6q:/dev/bus/usb/001 # cd ../../../
toradex_apalis6q:/dev # 
toradex_apalis6q:/dev # 
toradex_apalis6q:/dev # 
toradex_apalis6q:/dev # 
toradex_apalis6q:/dev # ln -s rtk_btusb /dev/bus/ustoradex_apalis6q:/dev # ln -s rtk_btusb /dev/bus/usb/                          00n -s rtk_btusb /dev/bus/usb/001/                                              <
001  002  003
n -s rtk_btusb /dev/bus/usb/001/00                                            <3n -s rtk_btusb /dev/bus/usb/001/003                                           < 
ln: cannot create symbolic link from 'rtk_btusb' to '/dev/bus/usb/001/003': File exists
1|toradex_apalis6q:/dev # ls -l
type=1400 audit(165.644:76): avc: denied { getattr } for pid=1288 comm="ls" path="/dev/mtp_usb" dev="tmpfs" ino=7463 scontext=u:r:shell:s0 tcontext=u:object_r:mtp_device:s0 tclass=chr_file permissive=1
total 0
type=1400 audit(165.644:77): avc: denied { getattr } for pid=1288 comm="ls" path="/dev/fscklogs" dev="tmpfs" ino=10679 scontext=u:r:shell:s0 tcontext=u:object_r:fscklogs:s0 tclass=dir permissive=1
drwxr-xr-x 2 root      root      type=1400 audit(165.644:78): avc: denied { getattr } for pid=1288 comm="ls" path="/dev/.coldboot_done" dev="tmpfs" ino=7461 scontext=u:r:shell:s0 tcontext=u:object_r:device:s0 tclass=file permissive=1
        700 1970-01-01 00:00 __prtype=1400 audit(165.644:79): avc: denied { getattr } for pid=1288 comm="ls" path="/dev/i2c-2" dev="tmpfs" ino=7398 scontext=u:r:shell:s0 tcontext=u:object_r:i2c_device:s0 tclass=chr_file permissive=1
operties__
crw-rw-rw- 1 root    type=1400 audit(165.644:80): avc: denied { getattr } for pid=1288 comm="ls" path="/dev/ptp0" dev="tmpfs" ino=7384 scontext=u:r:shell:s0 tcontext=u:object_r:device:s0 tclass=chr_file permissive=1
  root          10,  60 1970-01-0type=1400 audit(165.644:81): avc: denied { getattr } for pid=1288 comm="ls" path="/dev/watchdog" dev="tmpfs" ino=7381 scontext=u:r:shell:s0 tcontext=u:object_r:watchdog_device:s0 tclass=chr_file permissive=1
1 00:00 ashmem
crw------- 1 roottype=1400 audit(165.644:82): avc: denied { getattr } for pid=1288 comm="ls" path="/dev/rtc0" dev="tmpfs" ino=7378 scontext=u:r:shell:s0 tcontext=u:object_r:rtc_device:s0 tclass=chr_file permissive=1
      root          10, 235 1970-type=1400 audit(165.644:83): avc: denied { getattr } for pid=1288 comm="ls" path="/dev/video0" dev="tmpfs" ino=7367 scontext=u:r:shell:s0 tcontext=u:object_r:video_device:s0 tclass=chr_file permissive=1
01-01 00:00 autofs
crw-rw-rw- 1 type=1400 audit(165.644:84): avc: denied { getattr } for pid=1288 comm="ls" path="/dev/graphics" dev="tmpfs" ino=7359 scontext=u:r:shell:s0 tcontext=u:object_r:graphics_device:s0 tclass=dir permissive=1
root      root          10,  59 1type=1400 audit(165.644:85): avc: denied { getattr } for pid=1288 comm="ls" path="/dev/vcs1" dev="tmpfs" ino=7358 scontext=u:r:shell:s0 tcontext=u:object_r:vcs_device:s0 tclass=chr_file permissive=1
970-01-01 00:00 binder
drwxr-xr-x 4 root      root              880 1970-01-01 00:00 block
drwxr-xr-x 3 root      root               60 1970-01-01 00:00 bus
crw------- 1 root      root           5,   1 1970-01-01 00:00 console
crw------- 1 root      root          10,  54 1970-01-01 00:00 cpu_dma_latency
dr-xr-xr-x 3 system    system              0 1970-01-01 00:00 cpuctl
drwxr-xr-x 6 system    system            120 1970-01-01 00:00 cpuset
crw------- 1 root      root          10, 236 1970-01-01 00:00 device-mapper
drwxr-xr-x 2 root      root               60 1970-01-01 00:00 dri
lrwxrwxrwx 1 root      root               13 1970-01-01 00:00 fd -> /proc/self/fd
drwxrwx--- 2 root      system             40 1970-01-01 00:00 fscklogs
crw-rw-rw- 1 root      root           1,   7 1970-01-01 00:00 full
crw------- 1 root      root          10, 229 1970-01-01 00:00 fuse
crw-rw-rw- 1 system    graphics     199,   0 1970-01-01 00:00 galcore
crw------- 1 root      root         254,   0 1970-01-01 00:00 gpiochip0
crw------- 1 root      root         254,   1 1970-01-01 00:00 gpiochip1
crw------- 1 root      root         254,   2 1970-01-01 00:00 gpiochip2
crw------- 1 root      root         254,   3 1970-01-01 00:00 gpiochip3
crw------- 1 root      root         254,   4 1970-01-01 00:00 gpiochip4
crw------- 1 root      root         254,   5 1970-01-01 00:00 gpiochip5
crw------- 1 root      root         254,   6 1970-01-01 00:00 gpiochip6
drwxr-xr-x 2 root      root              100 1970-01-01 00:00 graphics
cr--r----- 1 root      system        10, 183 1970-01-01 00:00 hw_random
crw------- 1 root      root          10,  58 1970-01-01 00:00 hwbinder
crw------- 1 root      root          89,   1 1970-01-01 00:00 i2c-1
crw------- 1 root      root          89,   2 1970-01-01 00:00 i2c-2
crw------- 1 root      root          89,   3 1970-01-01 00:00 i2c-3
drwxr-xr-x 2 root      root              120 1970-01-01 00:00 input
crw-rw-rw- 1 media     drmrpc        10,  61 1970-01-01 00:00 ion
crw------- 1 root      root          10,  62 1970-01-01 00:00 keychord
crw------- 1 root      root           1,  11 1970-01-01 00:00 kmsg
crw------- 1 root      root          10, 237 1970-01-01 00:00 loop-control
drwx------ 3 root      system             60 1970-01-01 00:00 memcg
crw------- 1 root      root          10,  51 1970-01-01 00:00 memory_bandwidth
crw-rw---- 1 root      mtp           10,  49 1970-01-01 00:00 mtp_usb
crw------- 1 root      root          10,  56 1970-01-01 00:00 mxc_asrc
crw------- 1 root      root         247,   0 1970-01-01 00:00 mxc_hdmi
crw------- 1 root      root         243,   0 1970-01-01 00:00 mxc_hdmi_cec
crw-rw---- 1 media     drmrpc       250,   0 1970-01-01 00:00 mxc_ipu
lrwxrwxrwx 1 root      root               13 1970-01-01 00:00 mxc_mem -> /dev/mxs_viim
crw-rw---- 1 media     drmrpc       244,   0 1970-01-01 00:00 mxc_vpu
crw------- 1 root      root          10,  53 1970-01-01 00:00 network_latency
crw------- 1 root      root          10,  52 1970-01-01 00:00 network_throughput
crw-rw-rw- 1 root      root           1,   3 1970-01-01 00:00 null
crw-rw---- 1 radio     vpn          108,   0 1970-01-01 00:00 ppp
crw------- 1 root      root         252,   0 1970-01-01 00:00 pps0
crw-rw-rw- 1 root      root           5,   2 1970-01-01 00:00 ptmx
crw------- 1 root      root         251,   0 1970-01-01 00:00 ptp0
drwxr-xr-x 2 root      root                0 1970-01-01 00:00 pts
crw-rw-rw- 1 root      root           1,   8 1970-01-01 00:00 random
crw------- 1 root      root          10,  63 1970-01-01 00:00 rfkill
crw-r----- 1 system    system       253,   0 1970-01-01 00:00 rtc0
drwxr-xr-x 2 root      root              220 1970-01-01 00:00 snd
drwxr-xr-x 2 root      root              380 1970-01-01 00:00 socket
crw------- 1 root      root         153,   0 1970-01-01 00:00 spidev0.0
drwxr-xr-x 5 system    system            100 1970-01-01 00:00 stune
crw-rw-rw- 1 root      root           5,   0 1970-01-01 00:00 tty
crw-rw---- 1 root      system         4,   0 1970-01-01 00:00 tty0
crw------- 1 root      root           4,   1 1970-01-01 00:00 tty1
crw------- 1 root      root           4,  10 1970-01-01 00:00 tty10
crw------- 1 root      root           4,  11 1970-01-01 00:00 tty11
crw------- 1 root      root           4,  12 1970-01-01 00:00 tty12
crw------- 1 root      root           4,  13 1970-01-01 00:00 tty13
crw------- 1 root      root           4,  14 1970-01-01 00:00 tty14
crw------- 1 root      root           4,  15 1970-01-01 00:00 tty15
crw------- 1 root      root           4,  16 1970-01-01 00:00 tty16
crw------- 1 root      root           4,  17 1970-01-01 00:00 tty17
crw------- 1 root      root           4,  18 1970-01-01 00:00 tty18
crw------- 1 root      root           4,  19 1970-01-01 00:00 tty19
crw------- 1 root      root           4,   2 1970-01-01 00:00 tty2
crw------- 1 root      root           4,  20 1970-01-01 00:00 tty20
crw------- 1 root      root           4,  21 1970-01-01 00:00 tty21
crw------- 1 root      root           4,  22 1970-01-01 00:00 tty22
crw------- 1 root      root           4,  23 1970-01-01 00:00 tty23
crw------- 1 root      root           4,  24 1970-01-01 00:00 tty24
crw------- 1 root      root           4,  25 1970-01-01 00:00 tty25
crw------- 1 root      root           4,  26 1970-01-01 00:00 tty26
crw------- 1 root      root           4,  27 1970-01-01 00:00 tty27
crw------- 1 root      root           4,  28 1970-01-01 00:00 tty28
crw------- 1 root      root           4,  29 1970-01-01 00:00 tty29
crw------- 1 root      root           4,   3 1970-01-01 00:00 tty3
crw------- 1 root      root           4,  30 1970-01-01 00:00 tty30
crw------- 1 root      root           4,  31 1970-01-01 00:00 tty31
crw------- 1 root      root           4,  32 1970-01-01 00:00 tty32
crw------- 1 root      root           4,  33 1970-01-01 00:00 tty33
crw------- 1 root      root           4,  34 1970-01-01 00:00 tty34
crw------- 1 root      root           4,  35 1970-01-01 00:00 tty35
crw------- 1 root      root           4,  36 1970-01-01 00:00 tty36
crw------- 1 root      root           4,  37 1970-01-01 00:00 tty37
crw------- 1 root      root           4,  38 1970-01-01 00:00 tty38
crw------- 1 root      root           4,  39 1970-01-01 00:00 tty39
crw------- 1 root      root           4,   4 1970-01-01 00:00 tty4
crw------- 1 root      root           4,  40 1970-01-01 00:00 tty40
crw------- 1 root      root           4,  41 1970-01-01 00:00 tty41
crw------- 1 root      root           4,  42 1970-01-01 00:00 tty42
crw------- 1 root      root           4,  43 1970-01-01 00:00 tty43
crw------- 1 root      root           4,  44 1970-01-01 00:00 tty44
crw------- 1 root      root           4,  45 1970-01-01 00:00 tty45
crw------- 1 root      root           4,  46 1970-01-01 00:00 tty46
crw------- 1 root      root           4,  47 1970-01-01 00:00 tty47
crw------- 1 root      root           4,  48 1970-01-01 00:00 tty48
crw------- 1 root      root           4,  49 1970-01-01 00:00 tty49
crw------- 1 root      root           4,   5 1970-01-01 00:00 tty5
crw------- 1 root      root           4,  50 1970-01-01 00:00 tty50
crw------- 1 root      root           4,  51 1970-01-01 00:00 tty51
crw------- 1 root      root           4,  52 1970-01-01 00:00 tty52
crw------- 1 root      root           4,  53 1970-01-01 00:00 tty53
crw------- 1 root      root           4,  54 1970-01-01 00:00 tty54
crw------- 1 root      root           4,  55 1970-01-01 00:00 tty55
crw------- 1 root      root           4,  56 1970-01-01 00:00 tty56
crw------- 1 root      root           4,  57 1970-01-01 00:00 tty57
crw------- 1 root      root           4,  58 1970-01-01 00:00 tty58
crw------- 1 root      root           4,  59 1970-01-01 00:00 tty59
crw------- 1 root      root           4,   6 1970-01-01 00:00 tty6
crw------- 1 root      root           4,  60 1970-01-01 00:00 tty60
crw------- 1 root      root           4,  61 1970-01-01 00:00 tty61
crw------- 1 root      root           4,  62 1970-01-01 00:00 tty62
crw------- 1 root      root           4,  63 1970-01-01 00:00 tty63
crw------- 1 root      root           4,   7 1970-01-01 00:00 tty7
crw------- 1 root      root           4,   8 1970-01-01 00:00 tty8
crw------- 1 root      root           4,   9 1970-01-01 00:00 tty9
crw------- 1 root      root         207,  16 1970-01-01 00:02 ttymxc0
crw------- 1 root      root         207,  17 1970-01-01 00:00 ttymxc1
crw------- 1 root      root         207,  19 1970-01-01 00:00 ttymxc3
crw-rw---- 1 bluetooth net_bt_stack 207,  20 1970-01-01 00:00 ttymxc4
crw-rw---- 1 system    vpn           10, 200 1970-01-01 00:00 tun
