 0 
boota mmc0 
CACHE: Misaligned operation at range [8ffb70a0, 8ffb7120]
CACHE: Misaligned operation at range [8ffb70a0, 8ffb7120]
kernel   @ 14008000 (9802376)
ramdisk  @ 15000000 (1628386)
fdt      @ 14f00000 (53981)
## Booting Android Image at 0x12000000 ...
Kernel load addr 0x14008000 size 9573 KiB
Kernel command line: console=ttymxc0,115200 init=/init video=mxcfb0:dev=ldb,fbpix=RGB32,bpp=32 video=mxcfb1:dev=hdmi,640x480M@60,if=RGB24,bpp=16 video=mxcfb2:off video=mxcfb3:off vmalloc=256M androidboot.console=ttymxc0 consoleblank=0 androidboot.hardware=freescale cma=448M androidboot.selinux=permissive androidboot.dm_verity=disabled buildvariant=user androidboot.serialno=1b2429d4ea997115 androidboot.storage_type=emmc
## Flattened Device Tree blob at 14f00000
   Booting using the fdt blob at 0x14f00000
   Loading Kernel Image ... OK
   Using Device Tree in place at 14f00000, end 14f102dc

Starting kernel ...

Booting Linux on physical CPU 0x0
Linux version 4.9.67-07229-gdc6c16ec0433-dirty (embadmin@ubuntu) (gcc version 4.9 20150123 (prerelease) (GCC) ) #15 SMP PREEMPT Wed Dec 27 15:15:47 IST 2017
CPU: ARMv7 Processor [412fc09a] revision 10 (ARMv7), cr=10c53c7d
CPU: PIPT / VIPT nonaliasing data cache, VIPT aliasing instruction cache
OF: fdt:Machine model: Aravinth :UJET Toradex Apalis iMX6Q/D Module on Ixora V1.1 Carrier Board
cma: Reserved 448 MiB at 0x22000000
Memory policy: Data cache writealloc
percpu: Embedded 15 pages/cpu @ee6b3000 s31040 r8192 d22208 u61440
Built 1 zonelists in Zone order, mobility grouping on.  Total pages: 522768
Kernel command line: console=ttymxc0,115200 init=/init video=mxcfb0:dev=ldb,fbpix=RGB32,bpp=32 video=mxcfb1:dev=hdmi,640x480M@60,if=RGB24,bpp=16 video=mxcfb2:off video=mxcfb3:off vmalloc=256M androidboot.console=ttymxc0 consoleblank=0 androidboot.hardware=freescale cma=448M androidboot.selinux=permissive androidboot.dm_verity=disabled buildvariant=user androidboot.serialno=1b2429d4ea997115 androidboot.storage_type=emmc
PID hash table entries: 4096 (order: 2, 16384 bytes)
Dentry cache hash table entries: 131072 (order: 7, 524288 bytes)
Inode-cache hash table entries: 65536 (order: 6, 262144 bytes)
Memory: 1597048K/2097152K available (13312K kernel code, 1128K rwdata, 4016K rodata, 1024K init, 606K bss, 41352K reserved, 458752K cma-reserved, 1318912K highmem)
Virtual kernel memory layout:
    vector  : 0xffff0000 - 0xffff1000   (   4 kB)
    fixmap  : 0xffc00000 - 0xfff00000   (3072 kB)
    vmalloc : 0xf0000000 - 0xff800000   ( 248 MB)
    lowmem  : 0xc0000000 - 0xef800000   ( 760 MB)
    pkmap   : 0xbfe00000 - 0xc0000000   (   2 MB)
    modules : 0xbf000000 - 0xbfe00000   (  14 MB)
      .text : 0xc0008000 - 0xc0e00000   (14304 kB)
      .init : 0xc1300000 - 0xc1400000   (1024 kB)
      .data : 0xc1400000 - 0xc151a218   (1129 kB)
       .bss : 0xc151a218 - 0xc15b1be0   ( 607 kB)
SLUB: HWalign=64, Order=0-3, MinObjects=0, CPUs=4, Nodes=1
Preemptible hierarchical RCU implementation.
	Build-time adjustment of leaf fanout to 32.
NR_IRQS:16 nr_irqs:16 16
L2C-310 errata 752271 769419 enabled
L2C-310 enabling early BRESP for Cortex-A9
L2C-310 full line of zeros enabled for Cortex-A9
L2C-310 ID prefetch enabled, offset 16 lines
L2C-310 dynamic clock gating enabled, standby mode enabled
L2C-310 cache controller enabled, 16 ways, 1024 kB
L2C-310: CACHE_ID 0x410000c7, AUX_CTRL 0x76470001
Switching to timer-based delay loop, resolution 333ns
sched_clock: 32 bits at 3000kHz, resolution 333ns, wraps every 715827882841ns
clocksource: mxc_timer1: mask: 0xffffffff max_cycles: 0xffffffff, max_idle_ns: 637086815595 ns
Console: colour dummy device 80x30
Calibrating delay loop (skipped), value calculated using timer frequency.. 6.00 BogoMIPS (lpj=30000)
pid_max: default: 32768 minimum: 301
Security Framework initialized
SELinux:  Initializing.
Mount-cache hash table entries: 2048 (order: 1, 8192 bytes)
Mountpoint-cache hash table entries: 2048 (order: 1, 8192 bytes)
CPU: Testing write buffer coherency: ok
CPU0: update cpu_capacity 1024
CPU0: thread -1, cpu 0, socket 0, mpidr 80000000
Setting up static identity map for 0x10100000 - 0x10100058
CPU1: update cpu_capacity 1024
CPU1: thread -1, cpu 1, socket 0, mpidr 80000001
CPU2: update cpu_capacity 1024
CPU2: thread -1, cpu 2, socket 0, mpidr 80000002
CPU3: update cpu_capacity 1024
CPU3: thread -1, cpu 3, socket 0, mpidr 80000003
Brought up 4 CPUs
SMP: Total of 4 processors activated (24.00 BogoMIPS).
CPU: All CPU(s) started in SVC mode.
CPU3: update max cpu_capacity 1024
devtmpfs: initialized
CPU2: update max cpu_capacity 1024
VFP support v0.3: implementor 41 architecture 3 part 30 variant 9 rev 4
clocksource: jiffies: mask: 0xffffffff max_cycles: 0xffffffff, max_idle_ns: 19112604462750000 ns
futex hash table entries: 1024 (order: 4, 65536 bytes)
pinctrl core: initialized pinctrl subsystem
NET: Registered protocol family 16
DMA: preallocated 256 KiB pool for atomic coherent allocations
cpuidle: using governor menu
CPU identified as i.MX6Q, silicon rev 1.5
hw-breakpoint: found 5 (+1 reserved) breakpoint and 1 watchpoint registers.
hw-breakpoint: maximum watchpoint size is 4 bytes.
imx6q-pinctrl 20e0000.iomuxc: initialized IMX pinctrl driver
imx-gpc 20dc000.gpc: no fsl,ldo-bypass found!
imx-gpc 20dc000.gpc: Registered imx-gpc
mxs-dma 110000.dma-apbh: initialized
usb_host_vbus: supplied by usb_host_vbus_hub
SCSI subsystem initialized
usbcore: registered new interface driver usbfs
usbcore: registered new interface driver hub
usbcore: registered new device driver usb
2000000.aips-bus:usbphy_nop1 supply vcc not found, using dummy regulator
2000000.aips-bus:usbphy_nop2 supply vcc not found, using dummy regulator
i2c i2c-1: IMX I2C adapter registered
i2c i2c-1: can't use DMA, using PIO instead.
stmpe-i2c 2-0041: stmpe811 detected, chip id: 0x811
i2c i2c-2: IMX I2C adapter registered
i2c i2c-2: can't use DMA, using PIO instead.
i2c i2c-3: IMX I2C adapter registered
i2c i2c-3: can't use DMA, using PIO instead.
Linux video capture interface: v2.00
pps_core: LinuxPPS API ver. 1 registered
pps_core: Software ver. 5.3.6 - Copyright 2005-2007 Rodolfo Giometti <giometti@linux.it>
PTP clock support registered
imx-ipuv3 2400000.ipu: IPU DMFC NORMAL mode: 1(0~1), 5B(4,5), 5F(6,7)
imx-ipuv3 2800000.ipu: IPU DMFC NORMAL mode: 1(0~1), 5B(4,5), 5F(6,7)
mxc_mipi_csi2 21dc000.mipi_csi: i.MX MIPI CSI2 driver probed ipu0 csi1
mxc_mipi_csi2 21dc000.mipi_csi: i.MX MIPI CSI2 dphy version is 0x3130302a
MIPI CSI2 driver module loaded
imx rpmsg driver is registered.
Advanced Linux Sound Architecture Driver Initialized.
Bluetooth: Core ver 2.22
NET: Registered protocol family 31
Bluetooth: HCI device and connection manager initialized
Bluetooth: HCI socket layer initialized
Bluetooth: L2CAP socket layer initialized
Bluetooth: SCO socket layer initialized
clocksource: Switched to clocksource mxc_timer1
VFS: Disk quotas dquot_6.6.0
VFS: Dquot-cache hash table entries: 1024 (order 0, 4096 bytes)
NET: Registered protocol family 2
TCP established hash table entries: 8192 (order: 3, 32768 bytes)
TCP bind hash table entries: 8192 (order: 4, 65536 bytes)
TCP: Hash tables configured (established 8192 bind 8192)
UDP hash table entries: 512 (order: 2, 16384 bytes)
UDP-Lite hash table entries: 512 (order: 2, 16384 bytes)
NET: Registered protocol family 1
RPC: Registered named UNIX socket transport module.
RPC: Registered udp transport module.
RPC: Registered tcp transport module.
RPC: Registered tcp NFSv4.1 backchannel transport module.
Trying to unpack rootfs image as initramfs...
Freeing initrd memory: 1592K
hw perfevents: enabled with armv7_cortex_a9 PMU driver, 7 counters available
Bus freq driver module loaded
audit: initializing netlink subsys (disabled)
audit: type=2000 audit(0.880:1): initialized
workingset: timestamp_bits=30 max_order=19 bucket_order=0
NFS: Registering the id_resolver key type
Key type id_resolver registered
Key type id_legacy registered
ntfs: driver 2.1.32 [Flags: R/W DEBUG].
jffs2: version 2.2. (NAND) © 2001-2006 Red Hat, Inc.
fuse init (API version 7.26)
bounce: pool size: 64 pages
io scheduler noop registered
io scheduler deadline registered
io scheduler cfq registered (default)
backlight supply power not found, using dummy regulator
20e0000.hdmi_video supply HDMI not found, using dummy regulator
mxc_sdc_fb fb@0: registered mxc display driver ldb
imx-ipuv3 2800000.ipu: IPU DMFC DP HIGH RESOLUTION: 1(0,1), 5B(2~5), 5F(6,7)
Console: switching to colour frame buffer device 128x48
mxc_hdmi 20e0000.hdmi_video: Detected HDMI controller 0x13:0xa:0xa0:0xc1
fbcvt: 640x480@60: CVT Name - .307M3
mxc_sdc_fb fb@1: registered mxc display driver hdmi
mxc_sdc_fb fb@2: Can't get fb option for mxcfb2!
mxc_sdc_fb fb@3: Can't get fb option for mxcfb3!
imx-sdma 20ec000.sdma: no iram assigned, using external mem
imx-sdma 20ec000.sdma: loaded firmware 3.3
pfuze100-regulator 2-0008: Full layer: 2, Metal layer: 1
pfuze100-regulator 2-0008: FAB: 0, FIN: 0
pfuze100-regulator 2-0008: pfuze100 found.
mxc_hdmi 20e0000.hdmi_video: Read EDID again
2020000.serial: ttymxc0 at MMIO 0x2020000 (irq = 29, base_baud = 5000000) is a IMX
mxc_hdmi 20e0000.hdmi_video: create default modelist
console [ttymxc0] enabled
21e8000.serial: ttymxc1 at MMIO 0x21e8000 (irq = 78, base_baud = 5000000) is a IMX
21f0000.serial: ttymxc3 at MMIO 0x21f0000 (irq = 79, base_baud = 5000000) is a IMX
21f4000.serial: ttymxc4 at MMIO 0x21f4000 (irq = 80, base_baud = 5000000) is a IMX
imx sema4 driver is registered.
[drm] Initialized
[drm] Initialized vivante 1.0.0 20120216 on minor 0
brd: module loaded
loop: module loaded
zram: Added device: zram0
ahci-imx 2200000.sata: fsl,transmit-level-mV not specified, using 00000024
ahci-imx 2200000.sata: fsl,transmit-boost-mdB not specified, using 00000480
ahci-imx 2200000.sata: fsl,transmit-atten-16ths not specified, using 00002000
ahci-imx 2200000.sata: fsl,receive-eq-mdB not specified, using 05000000
ahci-imx 2200000.sata: SSS flag set, parallel bus scan disabled
ahci-imx 2200000.sata: AHCI 0001.0300 32 slots 1 ports 3 Gbps 0x1 impl platform mode
ahci-imx 2200000.sata: flags: ncq sntf stag pm led clo only pmp pio slum part ccc apst 
scsi host0: ahci-imx
ata1: SATA max UDMA/133 mmio [mem 0x02200000-0x02203fff] port 0x100 irq 87
spi_imx 2008000.ecspi: probed
libphy: Fixed MDIO Bus: probed
tun: Universal TUN/TAP device driver, 1.6
tun: (C) 1999-2004 Max Krasnyansky <maxk@qualcomm.com>
CAN device driver interface
2090000.flexcan supply xceiver not found, using dummy regulator
flexcan 2090000.flexcan: device registered (reg_base=f02f4000, irq=38)
2094000.flexcan supply xceiver not found, using dummy regulator
flexcan 2094000.flexcan: device registered (reg_base=f02fc000, irq=39)
2188000.ethernet supply phy not found, using dummy regulator
pps pps0: new PPS source ptp0
libphy: fec_enet_mii_bus: probed
fec 2188000.ethernet eth0: registered PHC device 0
PPP generic driver version 2.4.2
PPP BSD Compression module registered
PPP Deflate Compression module registered
PPP MPPE Compression module registered
NET: Registered protocol family 24
usbcore: registered new interface driver kaweth
pegasus: v0.9.3 (2013/04/25), Pegasus/Pegasus II USB Ethernet driver
usbcore: registered new interface driver pegasus
usbcore: registered new interface driver rtl8150
usbcore: registered new interface driver r8152
usbcore: registered new interface driver asix
usbcore: registered new interface driver ax88179_178a
usbcore: registered new interface driver cdc_ether
usbcore: registered new interface driver cdc_eem
usbcore: registered new interface driver net1080
usbcore: registered new interface driver cdc_subset
usbcore: registered new interface driver zaurus
usbcore: registered new interface driver cdc_ncm
ehci_hcd: USB 2.0 'Enhanced' Host Controller (EHCI) Driver
ehci-mxc: Freescale On-Chip EHCI Host driver
usbcore: registered new interface driver cdc_acm
cdc_acm: USB Abstract Control Model driver for USB modems and ISDN adapters
usbcore: registered new interface driver usb-storage
usbcore: registered new interface driver usbserial
usbcore: registered new interface driver usbserial_generic
usbserial: USB Serial support registered for generic
usbcore: registered new interface driver ftdi_sio
usbserial: USB Serial support registered for FTDI USB Serial Device
usbcore: registered new interface driver option
usbserial: USB Serial support registered for GSM modem (1-port)
usbcore: registered new interface driver usbtest
usbcore: registered new interface driver usb_ehset_test
2184800.usbmisc supply vbus-wakeup not found, using dummy regulator
ci_hdrc ci_hdrc.1: EHCI Host Controller
ci_hdrc ci_hdrc.1: new USB bus registered, assigned bus number 1
ci_hdrc ci_hdrc.1: USB 2.0 started, EHCI 1.00
usb usb1: New USB device found, idVendor=1d6b, idProduct=0002
usb usb1: New USB device strings: Mfr=3, Product=2, SerialNumber=1
usb usb1: Product: EHCI Host Controller
usb usb1: Manufacturer: Linux 4.9.67-07229-gdc6c16ec0433-dirty ehci_hcd
usb usb1: SerialNumber: ci_hdrc.1
hub 1-0:1.0: USB hub found
hub 1-0:1.0: 1 port detected
mousedev: PS/2 mouse device common for all mice
usbcore: registered new interface driver xpad
ata1: SATA link down (SStatus 0 SControl 300)
ahci-imx 2200000.sata: no device found, disabling link.
ahci-imx 2200000.sata: pass ahci_imx..hotplug=1 to enable hotplug
usbcore: registered new interface driver usb_acecad
usbcore: registered new interface driver aiptek
usbcore: registered new interface driver gtco
usbcore: registered new interface driver hanwang
usbcore: registered new interface driver kbtab
input: stmpe-ts as /devices/soc0/soc/2100000.aips-bus/21a4000.i2c/i2c-2/2-0041/stmpe-ts/input/input0
snvs_rtc 20cc000.snvs:snvs-rtc-lp: rtc core: registered 20cc000.snvs:snvs-r as rtc0
i2c /dev entries driver
IR NEC protocol handler initialized
IR RC5(x/sz) protocol handler initialized
IR RC6 protocol handler initialized
IR JVC protocol handler initialized
IR Sony protocol handler initialized
IR SANYO protocol handler initialized
IR Sharp protocol handler initialized
IR MCE Keyboard/mouse protocol handler initialized
IR XMP protocol handler initialized
mxc_v4l2_output v4l2_out: V4L2 device registered as video16
mxc_v4l2_output v4l2_out: V4L2 device registered as video17
mxc_v4l2_output v4l2_out: V4L2 device registered as video18
mxc_v4l2_output v4l2_out: V4L2 device registered as video19
ov564x_mipi 3-003c: found pwm2, period=0
usb 1-1: new high-speed USB device number 2 using ci_hdrc
ov5640_read_reg:write reg error:reg=300a
camera ov5640_mipi is not found
usbcore: registered new interface driver uvcvideo
USB Video Class driver (1.1.1)
imx2-wdt 20bc000.wdog: timeout 60 sec (nowayout=0)
device-mapper: uevent: version 1.0.3
device-mapper: ioctl: 4.35.0-ioctl (2016-06-23) initialised: dm-devel@redhat.com
Bluetooth: HCI UART driver ver 2.3
Bluetooth: HCI UART protocol H4 registered
Bluetooth: HCI UART protocol BCSP registered
Bluetooth: HCI UART protocol ATH3K registered
usbcore: registered new interface driver btusb
sdhci: Secure Digital Host Controller Interface driver
sdhci: Copyright(c) Pierre Ossman
sdhci-pltfm: SDHCI platform and OF driver helper
sdhci-esdhc-imx 2190000.usdhc: could not get ultra high speed state, work on normal mode
sdhci-esdhc-imx 2190000.usdhc: Got CD GPIO
mmc1: SDHCI controller on 2190000.usdhc [2190000.usdhc] using ADMA
sdhci-esdhc-imx 2198000.usdhc: could not get ultra high speed state, work on normal mode
usb 1-1: New USB device found, idVendor=0424, idProduct=2514
usb 1-1: New USB device strings: Mfr=0, Product=0, SerialNumber=0
hub 1-1:1.0: USB hub found
hub 1-1:1.0: 4 ports detected
mmc0: SDHCI controller on 2198000.usdhc [2198000.usdhc] using ADMA
mxc_vpu 2040000.vpu_fsl: VPU initialized
mxc_vdoa 21e4000.vdoa: i.MX Video Data Order Adapter(VDOA) driver probed
mxc_hdmi_cec soc:hdmi_cec@00120000: HDMI CEC initialized
Galcore version 6.2.2.96445
random: fast init done
mmc1: host does not support reading read-only switch, assuming write-enable
mmc1: new high speed SDHC card at address 59b4
mmcblk1: mmc1:59b4 USD   7.48 GiB 
mmc0: new DDR MMC card at address 0001
 mmcblk1: p1
mmcblk0: mmc0:0001 Q2J54A 3.59 GiB 
mmcblk0boot0: mmc0:0001 Q2J54A partition 1 16.0 MiB
mmcblk0boot1: mmc0:0001 Q2J54A partition 2 16.0 MiB
Alternate GPT is invalid, using primary GPT.
 mmcblk0: p1 p2 p3 p4 p5 p6 p7 p8 p9 p10 p11
caam 2100000.caam: ERA source: CAAMVID.
caam 2100000.caam: AXI pipeline throttling enabled.
caam 2100000.caam: Instantiated RNG4 SH1
caam 2100000.caam: device ID = 0x0a16010000000000 (Era 4)
caam 2100000.caam: job rings = 2, qi = 0
caam algorithms registered in /proc/crypto
caam_jr 2101000.jr0: registering rng-caam
platform caam_sm: blkkey_ex: 4 keystore units available
platform caam_sm: 64-bit clear key:
platform caam_sm: [0000] 00 01 02 03 04 0f 06 07
platform caam_sm: 64-bit black key:
platform caam_sm: [0000] 15 22 5d ff 08 ce a0 5b
platform caam_sm: [0008] a0 65 a7 59 8e f0 8b e0
platform caam_sm: 128-bit clear key:
platform caam_sm: [0000] 00 01 02 03 04 0f 06 07
platform caam_sm: [0008] 08 09 0a 0b 0c 0d 0e 0f
platform caam_sm: 128-bit black key:
platform caam_sm: [0000] 2c 36 aa ff 44 57 f6 4f
platform caam_sm: [0008] ad f5 95 49 b9 3c a4 c0
platform caam_sm: 192-bit clear key:
platform caam_sm: [0000] 00 01 02 03 04 0f 06 07
platform caam_sm: [0008] 08 09 0a 0b 0c 0d 0e 0f
platform caam_sm: [0016] 10 11 12 13 14 15 16 17
platform caam_sm: 192-bit black key:
platform caam_sm: [0000] 4a 13 79 ac 6a a3 a6 1f
platform caam_sm: [0008] b6 f9 d6 3e de 12 36 75
platform caam_sm: [0016] 39 d4 ce 84 52 9b 7b 9b
platform caam_sm: [0024] 09 30 90 29 5d 36 7b c3
platform caam_sm: 256-bit clear key:
platform caam_sm: [0000] 00 01 02 03 04 0f 06 07
platform caam_sm: [0008] 08 09 0a 0b 0c 0d 0e 0f
platform caam_sm: [0016] 10 11 12 13 14 15 16 17
platform caam_sm: [0024] 18 19 1a 1b 1c 1d 1e 1f
platform caam_sm: 256-bit black key:
platform caam_sm: [0000] 47 53 45 16 3c db ee 17
platform caam_sm: [0008] ea d2 7f b7 b3 85 48 fb
platform caam_sm: [0016] 01 0d d8 2a 6d 63 eb 71
platform caam_sm: [0024] 50 16 a0 54 38 53 99 84
platform caam_sm: 64-bit unwritten blob:
platform caam_sm: [0000] 00 00 00 00 00 00 00 00
platform caam_sm: [0008] 00 00 00 00 00 00 00 00
platform caam_sm: [0016] 00 00 00 00 00 00 00 00
platform caam_sm: [0024] 00 00 00 00 00 00 00 00
platform caam_sm: [0032] 00 00 00 00 00 00 00 00
platform caam_sm: [0040] 00 00 00 00 00 00 00 00
platform caam_sm: [0048] 00 00 00 00 00 00 00 00
platform caam_sm: [0056] 00 00 00 00 00 00 00 00
platform caam_sm: [0064] 00 00 00 00 00 00 00 00
platform caam_sm: [0072] 00 00 00 00 00 00 00 00
platform caam_sm: [0080] 00 00 00 00 00 00 00 00
platform caam_sm: [0088] 00 00 00 00 00 00 00 00
platform caam_sm: 128-bit unwritten blob:
platform caam_sm: [0000] 00 00 00 00 00 00 00 00
platform caam_sm: [0008] 00 00 00 00 00 00 00 00
platform caam_sm: [0016] 00 00 00 00 00 00 00 00
platform caam_sm: [0024] 00 00 00 00 00 00 00 00
platform caam_sm: [0032] 00 00 00 00 00 00 00 00
platform caam_sm: [0040] 00 00 00 00 00 00 00 00
platform caam_sm: [0048] 00 00 00 00 00 00 00 00
platform caam_sm: [0056] 00 00 00 00 00 00 00 00
platform caam_sm: [0064] 00 00 00 00 00 00 00 00
platform caam_sm: [0072] 00 00 00 00 00 00 00 00
platform caam_sm: [0080] 00 00 00 00 00 00 00 00
platform caam_sm: [0088] 00 00 00 00 00 00 00 00
platform caam_sm: 196-bit unwritten blob:
platform caam_sm: [0000] 00 00 00 00 00 00 00 00
platform caam_sm: [0008] 00 00 00 00 00 00 00 00
platform caam_sm: [0016] 00 00 00 00 00 00 00 00
platform caam_sm: [0024] 00 00 00 00 00 00 00 00
platform caam_sm: [0032] 00 00 00 00 00 00 00 00
platform caam_sm: [0040] 00 00 00 00 00 00 00 00
platform caam_sm: [0048] 00 00 00 00 00 00 00 00
platform caam_sm: [0056] 00 00 00 00 00 00 00 00
platform caam_sm: [0064] 00 00 00 00 00 00 00 00
platform caam_sm: [0072] 00 00 00 00 00 00 00 00
platform caam_sm: [0080] 00 00 00 00 00 00 00 00
platform caam_sm: [0088] 00 00 00 00 00 00 00 00
platform caam_sm: 256-bit unwritten blob:
platform caam_sm: [0000] 00 00 00 00 00 00 00 00
platform caam_sm: [0008] 00 00 00 00 00 00 00 00
platform caam_sm: [0016] 00 00 00 00 00 00 00 00
platform caam_sm: [0024] 00 00 00 00 00 00 00 00
platform caam_sm: [0032] 00 00 00 00 00 00 00 00
platform caam_sm: [0040] 00 00 00 00 00 00 00 00
platform caam_sm: [0048] 00 00 00 00 00 00 00 00
platform caam_sm: [0056] 00 00 00 00 00 00 00 00
platform caam_sm: [0064] 00 00 00 00 00 00 00 00
platform caam_sm: [0072] 00 00 00 00 00 00 00 00
platform caam_sm: [0080] 00 00 00 00 00 00 00 00
platform caam_sm: [0088] 00 00 00 00 00 00 00 00
platform caam_sm: 64-bit black key in blob:
platform caam_sm: [0000] d0 b3 61 ba 79 9e 61 10
platform caam_sm: [0008] 63 c3 77 dd 86 db c0 68
platform caam_sm: [0016] 91 d8 5d b9 28 92 8c 90
platform caam_sm: [0024] 63 53 f7 a6 8c 11 2e 2b
platform caam_sm: [0032] 16 75 84 16 95 20 36 d4
platform caam_sm: [0040] c8 22 47 2e 02 3c ed e5
platform caam_sm: [0048] e2 2b 7e 10 c7 fe c2 8b
platform caam_sm: [0056] 00 00 00 00 00 00 00 00
platform caam_sm: [0064] 00 00 00 00 00 00 00 00
platform caam_sm: [0072] 00 00 00 00 00 00 00 00
platform caam_sm: [0080] 00 00 00 00 00 00 00 00
platform caam_sm: [0088] 00 00 00 00 00 00 00 00
platform caam_sm: 128-bit black key in blob:
platform caam_sm: [0000] 82 67 4e 0d 08 a9 06 f3
platform caam_sm: [0008] a7 31 69 9f 0d 54 bb 3e
platform caam_sm: [0016] 84 bb d5 83 98 cf 82 94
platform caam_sm: [0024] 1b 04 bd 33 25 bd 37 de
platform caam_sm: [0032] 41 11 a3 12 89 08 65 f8
platform caam_sm: [0040] fb d6 c5 3f 27 3c a6 e6
platform caam_sm: [0048] bc cd db ef 6d c7 bc 46
platform caam_sm: [0056] 48 d4 4d 06 95 ea 8c bc
platform caam_sm: [0064] 00 00 00 00 00 00 00 00
platform caam_sm: [0072] 00 00 00 00 00 00 00 00
platform caam_sm: [0080] 00 00 00 00 00 00 00 00
platform caam_sm: [0088] 00 00 00 00 00 00 00 00
platform caam_sm: 192-bit black key in blob:
platform caam_sm: [0000] 0b c7 a4 3f 00 ba 8c c5
platform caam_sm: [0008] 0a 96 41 e4 ba ef d3 01
platform caam_sm: [0016] e4 61 3e 7d bb ca ed 92
platform caam_sm: [0024] d4 4e d6 a9 92 8a 7d c0
platform caam_sm: [0032] 13 b7 ea 1e 06 dc 2b 0a
platform caam_sm: [0040] d9 a1 d5 8e 38 ff 29 b8
platform caam_sm: [0048] 66 d4 f7 17 7f 8f ad 74
platform caam_sm: [0056] 1d 2c 1e e8 44 a2 0f 78
platform caam_sm: [0064] 93 a4 58 2b 65 81 ca b6
platform caam_sm: [0072] 00 00 00 00 00 00 00 00
platform caam_sm: [0080] 00 00 00 00 00 00 00 00
platform caam_sm: [0088] 00 00 00 00 00 00 00 00
platform caam_sm: 256-bit black key in blob:
platform caam_sm: [0000] 0e cf 2d e4 c5 6b 79 d6
platform caam_sm: [0008] e7 6d 41 7a 40 24 84 5a
platform caam_sm: [0016] b9 6c 0c 98 b5 e8 14 84
platform caam_sm: [0024] a8 9a da 37 f8 a2 a6 5f
platform caam_sm: [0032] 51 8e 32 f8 5f d0 f0 37
platform caam_sm: [0040] fb 2f b8 bc 3b 56 04 94
platform caam_sm: [0048] ae e9 65 97 6b 6f 83 c3
platform caam_sm: [0056] 3d 7e 8a 55 0d 69 83 19
platform caam_sm: [0064] 09 54 12 90 37 da f3 88
platform caam_sm: [0072] 58 03 7a 6a 2b 0b f9 0f
platform caam_sm: [0080] 00 00 00 00 00 00 00 00
platform caam_sm: [0088] 00 00 00 00 00 00 00 00
platform caam_sm: restored 64-bit black key:
platform caam_sm: [0000] bd 8e f2 4d 92 75 f8 20
platform caam_sm: [0008] 4b 88 3c 3f bf 11 f0 d4
platform caam_sm: restored 128-bit black key:
platform caam_sm: [0000] 2c 36 aa ff 44 57 f6 4f
platform caam_sm: [0008] ad f5 95 49 b9 3c a4 c0
platform caam_sm: restored 192-bit black key:
platform caam_sm: [0000] 4a 13 79 ac 6a a3 a6 1f
platform caam_sm: [0008] b6 f9 d6 3e de 12 36 75
platform caam_sm: [0016] 8e b8 66 b6 da d9 8b 77
platform caam_sm: [0024] f2 b4 74 9c c9 50 fa 3a
platform caam_sm: restored 256-bit black key:
platform caam_sm: [0000] 47 53 45 16 3c db ee 17
platform caam_sm: [0008] ea d2 7f b7 b3 85 48 fb
platform caam_sm: [0016] 01 0d d8 2a 6d 63 eb 71
platform caam_sm: [0024] 50 16 a0 54 38 53 99 84
snvs-secvio 20cc000.caam-snvs: can't get snvs clock
snvs-secvio 20cc000.caam-snvs: violation handlers armed - non-secure state
hidraw: raw HID events driver (C) Jiri Kosina
usbcore: registered new interface driver usbhid
usbhid: USB HID core driver
ashmem: initialized
usbcore: registered new interface driver snd-usb-audio
sgtl5000 2-000a: sgtl5000 revision 0x11
fsl-ssi-dai 2028000.ssi: No cache defaults, reading back from HW
imx-sgtl5000 sound: sgtl5000 <-> 2028000.ssi mapping ok
imx-spdif sound-spdif: snd-soc-dummy-dai <-> 2004000.spdif mapping ok
imx-audio-hdmi sound-hdmi: hdmi-hifi.0 <-> soc:hdmi_audio@00120000 mapping ok
NET: Registered protocol family 26
u32 classifier
    Actions configured
Netfilter messages via NETLINK v0.30.
nf_conntrack version 0.5.0 (16384 buckets, 65536 max)
ctnetlink v0.93: registering with nfnetlink.
xt_time: kernel timezone is -0000
ip_tables: (C) 2000-2006 Netfilter Core Team
arp_tables: arp_tables: (C) 2002 David S. Miller
Initializing XFRM netlink socket
NET: Registered protocol family 10
mip6: Mobile IPv6
ip6_tables: (C) 2000-2006 Netfilter Core Team
sit: IPv6, IPv4 and MPLS over IPv4 tunneling driver
NET: Registered protocol family 17
NET: Registered protocol family 15
can: controller area network core (rev 20120528 abi 9)
NET: Registered protocol family 29
can: raw protocol (rev 20120528)
can: broadcast manager protocol (rev 20161123 t)
can: netlink gateway (rev 20130117) max_hops=1
Bluetooth: RFCOMM TTY layer initialized
Bluetooth: RFCOMM socket layer initialized
Bluetooth: RFCOMM ver 1.11
Bluetooth: BNEP (Ethernet Emulation) ver 1.3
Bluetooth: BNEP filters: protocol multicast
Bluetooth: BNEP socket layer initialized
Bluetooth: HIDP (Human Interface Emulation) ver 1.2
Bluetooth: HIDP socket layer initialized
8021q: 802.1Q VLAN Support v1.8
Key type dns_resolver registered
cpu cpu0: Registered imx6q-cpufreq
registered taskstats version 1
imx_thermal 2000000.aips-bus:tempmon: Industrial CPU temperature grade - max:105C critical:100C passive:95C
dhd_module_init in
input: gpio-keys as /devices/soc0/gpio-keys/input/input1
snvs_rtc 20cc000.snvs:snvs-rtc-lp: setting system clock to 1970-01-01 00:00:02 UTC (2)
usb_otg_vbus: disabling
ALSA device list:
  #0: imx6q-apalis-sgtl5000
  #1: imx-spdif
  #2: imx-hdmi-soc
Freeing unused kernel memory: 1024K
init: init first stage started!
SELinux:  Permission validate_trans in class security not defined in policy.
SELinux:  Class cap_userns not defined in policy.
SELinux:  Class cap2_userns not defined in policy.
SELinux: the above unknown classes and permissions will be denied
audit: type=1403 audit(5.015:2): policy loaded auid=4294967295 ses=4294967295
init: (Initializing SELinux non-enforcing took 0.11s.)
init: init second stage started!
init: Running restorecon...
init: waitpid failed: No child processes
init: (Loading properties from /default.prop took 0.00s.)
init: (Parsing /init.environ.rc took 0.00s.)
init: (Parsing /init.usb.rc took 0.00s.)
init: (Parsing init.freescale.usb.rc took 0.00s.)
init: (Parsing init.freescale.i.MX6Q.rc took 0.00s.)
init: (Parsing init.freescale.emmc.rc took 0.00s.)
init: (Parsing /init.freescale.rc took 0.02s.)
ueventd: ueventd started!
ueventd: Coldboot took 0.44s.
Console: switching to colour dummy device 80x30
watchdogd: started (interval 10, margin 20)!
EXT4-fs (mmcblk0p3): mounted filesystem with ordered data mode. Opts: barrier=1
EXT4-fs (mmcblk0p10): Ignoring removed nomblk_io_submit option
EXT4-fs (mmcblk0p10): recovery complete
EXT4-fs (mmcblk0p10): mounted filesystem with ordered data mode. Opts: nomblk_io_submit,noauto_da_alloc,errors=panic
EXT4-fs (mmcblk0p4): Ignoring removed nomblk_io_submit option
EXT4-fs (mmcblk0p4): recovery complete
EXT4-fs (mmcblk0p4): mounted filesystem with ordered data mode. Opts: nomblk_io_submit
EXT4-fs (mmcblk0p5): mounted filesystem with ordered data mode. Opts: (null)
file system registered
using random self ethernet address
using random host ethernet address
zram0: detected capacity change from 0 to 314572800
logd.auditd: start
logd.klogd: 7481418000
Adding 307196k swap on /dev/block/zram0.  Priority:-1 extents:1 across:307196k SS
binder: 260:260 transaction failed 29189, size 0-0
logd.daemon: reinit
toradex_apalis6q:/ # healthd: No battery devices found
ERROR: v4l2 capture: slave not found! V4L2_CID_HUE
ERROR: v4l2 capture: slave not found! V4L2_CID_HUE
imx-hdmi-audio imx-hdmi-audio: HDMI Video is not ready!
imx-hdmi-audio imx-hdmi-audio: ASoC: can't open platform imx-hdmi-audio: -22
imx-hdmi-audio imx-hdmi-audio: HDMI Video is not ready!
imx-hdmi-audio imx-hdmi-audio: ASoC: can't open platform imx-hdmi-audio: -22
init: Starting service 'bootanim'...
capability: warning: `main' uses 32-bit capabilities (legacy support in use)
init: write_file: Unable to open '/sys/devices/system/cpu/cpufreq/interactive/timer_rate': No such file or directory
init: write_file: Unable to open '/sys/devices/system/cpu/cpufreq/interactive/min_sample_time': No such file or directory
init: write_file: Unable to open '/sys/devices/system/cpu/cpufreq/interactive/go_hispeed_load': No such file or directory
random: crng init done
init: write_file: Unable to open '/proc/sys/vm/extra_free_kbytes': No such file or directory
init: write_file: Unable to write to '/config/usb_gadget/g1/UDC': No such device
acc_open
acc_release
Micrel KSZ9031 Gigabit PHY 2188000.ethernet-1:07: attached PHY driver [Micrel KSZ9031 Gigabit PHY] (mii_bus:phy_addr=2188000.ethernet-1:07, irq=120)
IPv6: ADDRCONF(NETDEV_UP): eth0: link is not ready

toradex_apalis6q:/ # 
toradex_apalis6q:/ # 
toradex_apalis6q:/ # 
toradex_apalis6q:/ # 
toradex_apalis6q:/ # 
toradex_apalis6q:/ # 
toradex_apalis6q:/ # df
FAT-fs (mmcblk1p1): Volume was not properly unmounted. Some data may be corrupt. Please run fsck.
Filesystem                    1K-blocks   Used Available Use% Mounted on
rootfs                 type=1400 audit(26.255:3): avc: denied { getattr } for pid=732 comm="df" path="/dev/block" dev="tmpfs" ino=10670 scontext=u:r:shell:s0 tcontext=u:object_r:block_device:s0 tclass=dir permissive=1
          798524   3000    795524type=1400 audit(26.255:4): avc: denied { getattr } for pid=732 comm="df" path="/dev/block/mmcblk0p3" dev="tmpfs" ino=10787 scontext=u:r:shell:s0 tcontext=u:object_r:system_block_device:s0 tclass=blk_file permissive=1
   1% /
tmpfs                   type=1400 audit(26.255:5): avc: denied { getattr } for pid=732 comm="df" path="/dev/block/mmcblk0p10" dev="tmpfs" ino=10769 scontext=u:r:shell:s0 tcontext=u:object_r:userdata_block_device:s0 tclass=blk_file permissive=1
        1029208    456   1028752 type=1400 audit(26.255:6): avc: denied { getattr } for pid=732 comm="df" path="/dev/block/mmcblk0p4" dev="tmpfs" ino=10759 scontext=u:r:shell:s0 tcontext=u:object_r:cache_block_device:s0 tclass=blk_file permissive=1
  1% /dev
tmpfs                 type=1400 audit(26.255:7): avc: denied { getattr } for pid=732 comm="df" path="/dev/block/mmcblk0p5" dev="tmpfs" ino=10783 scontext=u:r:shell:s0 tcontext=u:object_r:block_device:s0 tclass=blk_file permissive=1
          1029208      4   102920type=1400 audit(26.255:8): avc: denied { getattr } for pid=732 comm="df" path="/dev/fuse" dev="tmpfs" ino=10589 scontext=u:r:shell:s0 tcontext=u:object_r:fuse_device:s0 tclass=chr_file permissive=1
4   1% /mnt
/dev/block/mmcblk0p3type=1400 audit(26.255:9): avc: denied { getattr } for pid=732 comm="df" path="/dev/block/vold/public:179:33" dev="tmpfs" ino=14408 scontext=u:r:shell:s0 tcontext=u:object_r:vold_device:s0 tclass=blk_file permissive=1
            1499760 629172    870588  42% /system
/dev/block/mmcblk0p10           1430704  24740   1405964   2% /data
/dev/block/mmcblk0p4             499656    412    499244   1% /cache
/dev/block/mmcblk0p5               6907     45      6862   1% /device
/dev/fuse                       1430704  24740   1405964   2% /mnt/runtime/default/emulated
/dev/fuse                       1430704  24740   1405964   2% /mnt/runtime/read/emulated
/dev/fuse                       1430704  24740   1405964   2% /mnt/runtime/write/emulated
/dev/block/vold/public:179:33   7822400 354836   7467564   5% /mnt/media_rw/5E85-83CE
/dev/fuse                       7822400 354836   7467564   5% /mnt/runtime/default/5E85-83CE
/dev/fuse                       7822400 354836   7467564   5% /mnt/runtime/read/5E85-83CE
/dev/fuse                       7822400 354836   7467564   5% /mnt/runtime/write/5E85-83CE
toradex_apalis6q:/ # 
toradex_apalis6q:/ # 
toradex_apalis6q:/ # 
toradex_apalis6q:/ # df
Filesystem                    1K-blocks   Used Available Use% Mounted on
rootfs                           798524   3000    795524   1% /
tmpfs                           1029208    456   1028752   1% /dev
tmpfs                           1029208      4   1029204   1% /mnt
/dev/block/mmcblk0p3            1499760 629172    870588  42% /system
/dev/block/mmcblk0p10           1430704  24740   1405964   2% /data
/dev/block/mmcblk0p4             499656    412    499244   1% /cache
/dev/block/mmcblk0p5               6907     45      6862   1% /device
/dev/fuse                       1430704  24740   1405964   2% /mnt/runtime/default/emulated
/dev/fuse                       1430704  24740   1405964   2% /mnt/runtime/read/emulated
/dev/fuse                       1430704  24740   1405964   2% /mnt/runtime/write/emulated
/dev/block/vold/public:179:33   7822400 354836   7467564   5% /mnt/media_rw/5E85-83CE
/dev/fuse                       7822400 354836   7467564   5% /mnt/runtime/dtype=1400 audit(28.645:10): avc: denied { getattr } for pid=914 comm="df" path="/dev/block" dev="tmpfs" ino=10670 scontext=u:r:shell:s0 tcontext=u:object_r:block_device:s0 tclass=dir permissive=1
efault/5E85-83CE
/dev/fuse                       7822400 354836   7467564   5% /mnt/runtime/read/5E85-83CE
/dev/fuse                       7822400 354836   7467564   5% /mnt/runtime/write/5E85-83CE
toradex_apalis6q:/ # type=1400 audit(28.645:11): avc: denied { getattr } for pid=914 comm="df" path="/dev/block/mmcblk0p3" dev="tmpfs" ino=10787 scontext=u:r:shell:s0 tcontext=u:object_r:system_block_device:s0 tclass=blk_file permissive=1
type=1400 audit(28.645:12): avc: denied { getattr } for pid=914 comm="df" path="/dev/block/mmcblk0p10" dev="tmpfs" ino=10769 scontext=u:r:shell:s0 tcontext=u:object_r:userdata_block_device:s0 tclass=blk_file permissive=1
init: Service 'bootanim' (pid 351) exited with status 0
init: Starting service 'exec 3 (/system/bin/bootstat)'...
init: Service 'exec 3 (/system/bin/bootstat)' (pid 956) exited with status 0
init: Starting service 'exec 4 (/system/bin/bootstat)'...
init: Service 'exec 4 (/system/bin/bootstat)' (pid 967) exited with status 0
init: Starting service 'exec 5 (/system/bin/bootstat)'...
init: Service 'exec 5 (/system/bin/bootstat)' (pid 970) exited with status 0
init: Starting service 'exec 6 (/system/bin/bootstat)'...
init: Service 'exec 6 (/system/bin/bootstat)' (pid 971) exited with status 0
co p /mnt/media_rw/5E85-83CE/
1/                                      candump
2/                                      canion.apk
LOST.DIR/                               cansend
System Volume Information/              photo/
UJetDemo.apk                            toradex_apalis6q-ota-20170930.zip
UjetLauncher.apk
toradex_apalis6q:/ # cp /mnt/media_rw/5E85-83CE/                               to/media_rw/5E85-83CE/toradex_apalis6q-ota-20170930.zip                         < /caw/5E85-83CE/toradex_apalis6q-ota-20170930.zip /cache/                         <uptype=1400 audit(44.435:15): avc: denied { read } for pid=261 comm="sh" name="/" dev="mmcblk0p4" ino=2 scontext=u:r:shell:s0 tcontext=u:object_r:cache_file:s0 tclass=dir permissive=1
type=1400 audit(44.435:16): avc: denied { open } for pid=261 comm="sh" path="/cache" dev="mmcblk0p4" ino=2 scontext=u:r:shell:s0 tcontext=u:object_r:cache_file:s0 tclass=dir permissive=1
date.zip
type=1400 audit(50.655:17): avc: denied { write } for pid=1243 comm="cp" name="/" dev="mmcblk0p4" ino=2 scontext=u:r:shell:s0 tcontext=u:object_r:cache_file:s0 tclass=dir permissive=1
type=1400 audit(50.655:18): avc: denied { add_name } for pid=1243 comm="cp" name="update.zip" scontext=u:r:shell:s0 tcontext=u:object_r:cache_file:s0 tclass=dir permissive=1
type=1400 audit(50.655:19): avc: denied { create } for pid=1243 comm="cp" name="update.zip" scontext=u:r:shell:s0 tcontext=u:object_r:cache_file:s0 tclass=file permissive=1
type=1400 audit(50.665:20): avc: denied { read write open } for pid=1243 comm="cp" path="/cache/update.zip" dev="mmcblk0p4" ino=12 scontext=u:r:shell:s0 tcontext=u:object_r:cache_file:s0 tclass=file permissive=1



toradex_apalis6q:/ # 
toradex_apalis6q:/ # 
toradex_apalis6q:/ # 
toradex_apalis6q:/ # 
toradex_apalis6q:/ # 
toradex_apalis6q:/ # cd /atoradex_apalis6q:/ # cd /acct/                                                 
toradex_apalis6q:/acct # cd /catoradex_apalis6q:/acct # cd /cache/                                            
toradex_apalis6q:/cache # ls
type=1400 audit(92.725:21): avc: denied { getattr } for pid=1247 comm="ls" path="/cache/backup" dev="mmcblk0p4" ino=8195 scontext=u:r:shell:s0 tcontext=u:object_r:cache_private_backup_file:s0 tclass=dir permissive=1
backup backup_stage lost+found recovertype=1400 audit(92.725:22): avc: denied { getattr } for pid=1247 comm="ls" path="/cache/recovery" dev="mmcblk0p4" ino=8193 scontext=u:r:shell:s0 tcontext=u:object_r:cache_recovery_file:s0 tclass=dir permissive=1
y update.zip 
type=1400 audit(92.725:23): avc: denied { getattr } for pid=1247 comm="ls" path="/cache/update.zip" dev="mmcblk0p4" ino=12 scontext=u:r:shell:s0 tcontext=u:object_r:cache_file:s0 tclass=file permissive=1
toradex_apalis6q:/cache # 
toradex_apalis6q:/cache # 
toradex_apalis6q:/cache # 
toradex_apalis6q:/cache # l
/system/bin/sh: l: not found
127|toradex_apalis6q:/cache # s
/system/bin/sh: s: not found
127|toradex_apalis6q:/cache # ls
backup backup_stage lost+found recovery update.zip 
toradex_apalis6q:/cache # 
toradex_apalis6q:/cache # 
toradex_apalis6q:/cache # 
toradex_apalis6q:/cache # 
toradex_apalis6q:/cache # 
toradex_apalis6q:/cache # 
toradex_apalis6q:/cache # cd retoradex_apalis6q:/cache # cd recovery/                                         
type=1400 audit(101.285:24): avc: denied { search } for pid=261 comm="sh" name="recovery" dev="mmcblk0p4" ino=8193 scontext=u:r:shell:s0 tcontext=u:object_r:cache_recovery_file:s0 tclass=dir permissive=1
toradex_apalis6q:/cache/recovery # 
toradex_apalis6q:/cache/recovery # 
toradex_apalis6q:/cache/recovery # ls
type=1400 audit(103.045:25): avc: denied { read } for pid=1249 comm="ls" name="recovery" dev="mmcblk0p4" ino=8193 scontext=u:r:shell:s0 tcontext=u:object_r:cache_recovery_file:s0 tclass=dir permissive=1
toradex_apalis6q:/cache/recovery type=1400 audit(103.045:26): avc: denied { open } for pid=1249 comm="ls" path="/cache/recovery" dev="mmcblk0p4" ino=8193 scontext=u:r:shell:s0 tcontext=u:object_r:cache_recovery_file:s0 tclass=dir permissive=1
# 
toradex_apalis6q:/cache/recovery # 
toradex_apalis6q:/cache/recovery # 
toradex_apalis6q:/cache/recovery # ls
toradex_apalis6q:/cache/recovery # echo “--update_package=/cache/update.zip” >cho “--update_package=/cache/update.zip” >                                    < /cache/recovery/command
type=1400 audit(116.915:27): avc: denied { write } for pid=261 comm="sh" name="recovery" dev="mmcblk0p4" ino=8193 scontext=u:r:shell:s0 tcontext=u:object_r:cache_recovery_file:s0 tclass=dir permissive=1
toradex_apalis6q:/cache/recovery type=1400 audit(116.915:28): avc: denied { add_name } for pid=261 comm="sh" name="command" scontext=u:r:shell:s0 tcontext=u:object_r:cache_recovery_file:s0 tclass=dir permissive=1
# type=1400 audit(116.915:29): avc: denied { create } for pid=261 comm="sh" name="command" scontext=u:r:shell:s0 tcontext=u:object_r:cache_recovery_file:s0 tclass=file permissive=1
type=1400 audit(116.915:30): avc: denied { write open } for pid=261 comm="sh" path="/cache/recovery/command" dev="mmcblk0p4" ino=13 scontext=u:r:shell:s0 tcontext=u:object_r:cache_recovery_file:s0 tclass=file permissive=1

toradex_apalis6q:/cache/recovery # 
toradex_apalis6q:/cache/recovery # 
toradex_apalis6q:/cache/recovery # ls
commandtype=1400 audit(119.185:31): avc: denied { getattr } for pid=1251 comm="ls" path="/cache/recovery/command" dev="mmcblk0p4" ino=13 scontext=u:r:shell:s0 tcontext=u:object_r:cache_recovery_file:s0 tclass=file permissive=1

toradex_apalis6q:/cache/recovery # cat commtoradex_apalis6q:/cache/recovery # cat command                                  
“--update_package=/cache/updatetype=1400 audit(123.125:32): avc: denied { read } for pid=261 comm="sh" name="command" dev="mmcblk0p4" ino=13 scontext=u:r:shell:s0 tcontext=u:object_r:cache_recovery_file:s0 tclass=file permissive=1
.zip”
toradex_apalis6q:/cache/recovery # 
toradex_apalis6q:/cache/recovery # 
toradex_apalis6q:/cache/recovery # 
toradex_apalis6q:/cache/recovery # toradex_apalis6q:/cache/recovery # cat command                                 
“--update_package=/cache/update.zip”
toradex_apalis6q:/cache/recovery # 
toradex_apalis6q:/cache/recovery # 
toradex_apalis6q:/cache/recovery # toradex_apalis6q:/cache/recovery # cat command                                 
“--update_package=/cache/update.zip”
toradex_apalis6q:/cache/recovery # echo "--update_package=/cache/update.zip" >cho "--update_package=/cache/update.zip" >                                    < /cache/recovery/command
toradex_apalis6q:/cache/recovery # 
toradex_apalis6q:/cache/recovery # 
toradex_apalis6q:/cache/recovery # 
toradex_apalis6q:/cache/recovery # _package=/cache/update.zip" > /cache/recovery/command                         <toradex_apalis6q:/cache/recovery # cat command                                 
--update_package=/cache/update.zip
toradex_apalis6q:/cache/recovery # 
toradex_apalis6q:/cache/recovery # 
toradex_apalis6q:/cache/recovery # 
toradex_apalis6q:/cache/recovery # toradex_apalis6q:/cache/recovery # cat command                                 
--update_package=/cache/update.zip
toradex_apalis6q:/cache/recovery # reboot recovery
sysrq: SysRq : Emergency Remount R/O
EXT4-fs (mmcblk0p4): re-mounted. Opts: (null)
EXT4-fs (mmcblk0p10): re-mounted. Opts: (null)
Emergency Remount complete
imx2-wdt 20bc000.wdog: Device shutdown: Expect reboot!
ci_hdrc ci_hdrc.1: remove, state 4
usb usb1: USB disconnect, device number 1
usb 1-1: USB disconnect, device number 2
ci_hdrc ci_hdrc.1: USB bus 1 deregistered
android_work: did not send uevent (0 0   (null))
reboot: Restarting system with command 'recovery'


U-Boot 2017.03-00001-g610928540e-dirty (Dec 29 2017 - 11:49:28 +0530)

CPU:   Freescale i.MX6Q rev1.5 at 792 MHz
Reset cause: WDOG
I2C:   ready
DRAM:  2 GiB
PMIC: device id: 0x10, revision id: 0x21
PMIC: programmed
MMC:   FSL_SDHC: 0, FSL_SDHC: 1, FSL_SDHC: 2
auto-detected panel HDMI
Aravinth: Display: HDMI (1024x768)
In:    serial
Out:   serial
Err:   serial
Model: Toradex Apalis iMX6 Quad 2GB IT V1.1C, Serial# 05146387
flash target is MMC:0
Net:   using PHY at 7
FEC [PRIME]
Fastboot: Normal
Hit any key to stop autoboot:  1  0 
boota mmc0 
CACHE: Misaligned operation at range [8ffb70a0, 8ffb7120]
CACHE: Misaligned operation at range [8ffb70a0, 8ffb7120]
kernel   @ 14008000 (9802376)
ramdisk  @ 15000000 (1628386)
fdt      @ 14f00000 (53981)
## Booting Android Image at 0x12000000 ...
Kernel load addr 0x14008000 size 9573 KiB
Kernel command line: console=ttymxc0,115200 init=/init video=mxcfb0:dev=ldb,fbpix=RGB32,bpp=32 video=mxcfb1:dev=hdmi,640x480M@60,if=RGB24,bpp=16 video=mxcfb2:off video=mxcfb3:off vmalloc=256M androidboot.console=ttymxc0 consoleblank=0 androidboot.hardware=freescale cma=448M androidboot.selinux=permissive androidboot.dm_verity=disabled buildvariant=user androidboot.serialno=1b2429d4ea997115 androidboot.storage_type=emmc
## Flattened Device Tree blob at 14f00000
   Booting using the fdt blob at 0x14f00000
   Loading Kernel Image ... OK
   Using Device Tree in place at 14f00000, end 14f102dc

Starting kernel ...

Booting Linux on physical CPU 0x0
Linux version 4.9.67-07229-gdc6c16ec0433-dirty (embadmin@ubuntu) (gcc version 4.9 20150123 (prerelease) (GCC) ) #15 SMP PREEMPT Wed Dec 27 15:15:47 IST 2017
CPU: ARMv7 Processor [412fc09a] revision 10 (ARMv7), cr=10c53c7d
CPU: PIPT / VIPT nonaliasing data cache, VIPT aliasing instruction cache
OF: fdt:Machine model: Aravinth :UJET Toradex Apalis iMX6Q/D Module on Ixora V1.1 Carrier Board
cma: Reserved 448 MiB at 0x22000000
Memory policy: Data cache writealloc
percpu: Embedded 15 pages/cpu @ee6b3000 s31040 r8192 d22208 u61440
Built 1 zonelists in Zone order, mobility grouping on.  Total pages: 522768
Kernel command line: console=ttymxc0,115200 init=/init video=mxcfb0:dev=ldb,fbpix=RGB32,bpp=32 video=mxcfb1:dev=hdmi,640x480M@60,if=RGB24,bpp=16 video=mxcfb2:off video=mxcfb3:off vmalloc=256M androidboot.console=ttymxc0 consoleblank=0 androidboot.hardware=freescale cma=448M androidboot.selinux=permissive androidboot.dm_verity=disabled buildvariant=user androidboot.serialno=1b2429d4ea997115 androidboot.storage_type=emmc
PID hash table entries: 4096 (order: 2, 16384 bytes)
Dentry cache hash table entries: 131072 (order: 7, 524288 bytes)
Inode-cache hash table entries: 65536 (order: 6, 262144 bytes)
Memory: 1597048K/2097152K available (13312K kernel code, 1128K rwdata, 4016K rodata, 1024K init, 606K bss, 41352K reserved, 458752K cma-reserved, 1318912K highmem)
Virtual kernel memory layout:
    vector  : 0xffff0000 - 0xffff1000   (   4 kB)
    fixmap  : 0xffc00000 - 0xfff00000   (3072 kB)
    vmalloc : 0xf0000000 - 0xff800000   ( 248 MB)
    lowmem  : 0xc0000000 - 0xef800000   ( 760 MB)
    pkmap   : 0xbfe00000 - 0xc0000000   (   2 MB)
    modules : 0xbf000000 - 0xbfe00000   (  14 MB)
      .text : 0xc0008000 - 0xc0e00000   (14304 kB)
      .init : 0xc1300000 - 0xc1400000   (1024 kB)
      .data : 0xc1400000 - 0xc151a218   (1129 kB)
       .bss : 0xc151a218 - 0xc15b1be0   ( 607 kB)
SLUB: HWalign=64, Order=0-3, MinObjects=0, CPUs=4, Nodes=1
Preemptible hierarchical RCU implementation.
	Build-time adjustment of leaf fanout to 32.
NR_IRQS:16 nr_irqs:16 16
L2C-310 errata 752271 769419 enabled
L2C-310 enabling early BRESP for Cortex-A9
L2C-310 full line of zeros enabled for Cortex-A9
L2C-310 ID prefetch enabled, offset 16 lines
L2C-310 dynamic clock gating enabled, standby mode enabled
L2C-310 cache controller enabled, 16 ways, 1024 kB
L2C-310: CACHE_ID 0x410000c7, AUX_CTRL 0x76470001
Switching to timer-based delay loop, resolution 333ns
sched_clock: 32 bits at 3000kHz, resolution 333ns, wraps every 715827882841ns
clocksource: mxc_timer1: mask: 0xffffffff max_cycles: 0xffffffff, max_idle_ns: 637086815595 ns
Console: colour dummy device 80x30
Calibrating delay loop (skipped), value calculated using timer frequency.. 6.00 BogoMIPS (lpj=30000)
pid_max: default: 32768 minimum: 301
Security Framework initialized
SELinux:  Initializing.
Mount-cache hash table entries: 2048 (order: 1, 8192 bytes)
Mountpoint-cache hash table entries: 2048 (order: 1, 8192 bytes)
CPU: Testing write buffer coherency: ok
CPU0: update cpu_capacity 1024
CPU0: thread -1, cpu 0, socket 0, mpidr 80000000
Setting up static identity map for 0x10100000 - 0x10100058
CPU1: update cpu_capacity 1024
CPU1: thread -1, cpu 1, socket 0, mpidr 80000001
CPU2: update cpu_capacity 1024
CPU2: thread -1, cpu 2, socket 0, mpidr 80000002
CPU3: update cpu_capacity 1024
CPU3: thread -1, cpu 3, socket 0, mpidr 80000003
Brought up 4 CPUs
SMP: Total of 4 processors activated (24.00 BogoMIPS).
CPU: All CPU(s) started in SVC mode.
CPU3: update max cpu_capacity 1024
devtmpfs: initialized
CPU2: update max cpu_capacity 1024
VFP support v0.3: implementor 41 architecture 3 part 30 variant 9 rev 4
clocksource: jiffies: mask: 0xffffffff max_cycles: 0xffffffff, max_idle_ns: 19112604462750000 ns
futex hash table entries: 1024 (order: 4, 65536 bytes)
pinctrl core: initialized pinctrl subsystem
NET: Registered protocol family 16
DMA: preallocated 256 KiB pool for atomic coherent allocations
cpuidle: using governor menu
CPU identified as i.MX6Q, silicon rev 1.5
hw-breakpoint: found 5 (+1 reserved) breakpoint and 1 watchpoint registers.
hw-breakpoint: maximum watchpoint size is 4 bytes.
imx6q-pinctrl 20e0000.iomuxc: initialized IMX pinctrl driver
imx-gpc 20dc000.gpc: no fsl,ldo-bypass found!
imx-gpc 20dc000.gpc: Registered imx-gpc
mxs-dma 110000.dma-apbh: initialized
usb_host_vbus: supplied by usb_host_vbus_hub
SCSI subsystem initialized
usbcore: registered new interface driver usbfs
usbcore: registered new interface driver hub
usbcore: registered new device driver usb
2000000.aips-bus:usbphy_nop1 supply vcc not found, using dummy regulator
2000000.aips-bus:usbphy_nop2 supply vcc not found, using dummy regulator
i2c i2c-1: IMX I2C adapter registered
i2c i2c-1: can't use DMA, using PIO instead.
stmpe-i2c 2-0041: stmpe811 detected, chip id: 0x811
i2c i2c-2: IMX I2C adapter registered
i2c i2c-2: can't use DMA, using PIO instead.
i2c i2c-3: IMX I2C adapter registered
i2c i2c-3: can't use DMA, using PIO instead.
Linux video capture interface: v2.00
pps_core: LinuxPPS API ver. 1 registered
pps_core: Software ver. 5.3.6 - Copyright 2005-2007 Rodolfo Giometti <giometti@linux.it>
PTP clock support registered
imx-ipuv3 2400000.ipu: IPU DMFC NORMAL mode: 1(0~1), 5B(4,5), 5F(6,7)
imx-ipuv3 2800000.ipu: IPU DMFC NORMAL mode: 1(0~1), 5B(4,5), 5F(6,7)
mxc_mipi_csi2 21dc000.mipi_csi: i.MX MIPI CSI2 driver probed ipu0 csi1
mxc_mipi_csi2 21dc000.mipi_csi: i.MX MIPI CSI2 dphy version is 0x3130302a
MIPI CSI2 driver module loaded
imx rpmsg driver is registered.
Advanced Linux Sound Architecture Driver Initialized.
Bluetooth: Core ver 2.22
NET: Registered protocol family 31
Bluetooth: HCI device and connection manager initialized
Bluetooth: HCI socket layer initialized
Bluetooth: L2CAP socket layer initialized
Bluetooth: SCO socket layer initialized
clocksource: Switched to clocksource mxc_timer1
VFS: Disk quotas dquot_6.6.0
VFS: Dquot-cache hash table entries: 1024 (order 0, 4096 bytes)
NET: Registered protocol family 2
TCP established hash table entries: 8192 (order: 3, 32768 bytes)
TCP bind hash table entries: 8192 (order: 4, 65536 bytes)
TCP: Hash tables configured (established 8192 bind 8192)
UDP hash table entries: 512 (order: 2, 16384 bytes)
UDP-Lite hash table entries: 512 (order: 2, 16384 bytes)
NET: Registered protocol family 1
RPC: Registered named UNIX socket transport module.
RPC: Registered udp transport module.
RPC: Registered tcp transport module.
RPC: Registered tcp NFSv4.1 backchannel transport module.
Trying to unpack rootfs image as initramfs...
Freeing initrd memory: 1592K
hw perfevents: enabled with armv7_cortex_a9 PMU driver, 7 counters available
Bus freq driver module loaded
audit: initializing netlink subsys (disabled)
audit: type=2000 audit(0.870:1): initialized
workingset: timestamp_bits=30 max_order=19 bucket_order=0
NFS: Registering the id_resolver key type
Key type id_resolver registered
Key type id_legacy registered
ntfs: driver 2.1.32 [Flags: R/W DEBUG].
jffs2: version 2.2. (NAND) © 2001-2006 Red Hat, Inc.
fuse init (API version 7.26)
bounce: pool size: 64 pages
io scheduler noop registered
io scheduler deadline registered
io scheduler cfq registered (default)
backlight supply power not found, using dummy regulator
20e0000.hdmi_video supply HDMI not found, using dummy regulator
mxc_sdc_fb fb@0: registered mxc display driver ldb
imx-ipuv3 2800000.ipu: IPU DMFC DP HIGH RESOLUTION: 1(0,1), 5B(2~5), 5F(6,7)
Console: switching to colour frame buffer device 128x48
mxc_hdmi 20e0000.hdmi_video: Detected HDMI controller 0x13:0xa:0xa0:0xc1
fbcvt: 640x480@60: CVT Name - .307M3
mxc_sdc_fb fb@1: registered mxc display driver hdmi
mxc_sdc_fb fb@2: Can't get fb option for mxcfb2!
mxc_sdc_fb fb@3: Can't get fb option for mxcfb3!
imx-sdma 20ec000.sdma: no iram assigned, using external mem
imx-sdma 20ec000.sdma: loaded firmware 3.3
pfuze100-regulator 2-0008: Full layer: 2, Metal layer: 1
pfuze100-regulator 2-0008: FAB: 0, FIN: 0
pfuze100-regulator 2-0008: pfuze100 found.
mxc_hdmi 20e0000.hdmi_video: Read EDID again
2020000.serial: ttymxc0 at MMIO 0x2020000 (irq = 29, base_baud = 5000000) is a IMX
mxc_hdmi 20e0000.hdmi_video: create default modelist
console [ttymxc0] enabled
21e8000.serial: ttymxc1 at MMIO 0x21e8000 (irq = 78, base_baud = 5000000) is a IMX
21f0000.serial: ttymxc3 at MMIO 0x21f0000 (irq = 79, base_baud = 5000000) is a IMX
21f4000.serial: ttymxc4 at MMIO 0x21f4000 (irq = 80, base_baud = 5000000) is a IMX
imx sema4 driver is registered.
[drm] Initialized
[drm] Initialized vivante 1.0.0 20120216 on minor 0
brd: module loaded
loop: module loaded
zram: Added device: zram0
ahci-imx 2200000.sata: fsl,transmit-level-mV not specified, using 00000024
ahci-imx 2200000.sata: fsl,transmit-boost-mdB not specified, using 00000480
ahci-imx 2200000.sata: fsl,transmit-atten-16ths not specified, using 00002000
ahci-imx 2200000.sata: fsl,receive-eq-mdB not specified, using 05000000
ahci-imx 2200000.sata: SSS flag set, parallel bus scan disabled
ahci-imx 2200000.sata: AHCI 0001.0300 32 slots 1 ports 3 Gbps 0x1 impl platform mode
ahci-imx 2200000.sata: flags: ncq sntf stag pm led clo only pmp pio slum part ccc apst 
scsi host0: ahci-imx
ata1: SATA max UDMA/133 mmio [mem 0x02200000-0x02203fff] port 0x100 irq 87
spi_imx 2008000.ecspi: probed
libphy: Fixed MDIO Bus: probed
tun: Universal TUN/TAP device driver, 1.6
tun: (C) 1999-2004 Max Krasnyansky <maxk@qualcomm.com>
CAN device driver interface
2090000.flexcan supply xceiver not found, using dummy regulator
flexcan 2090000.flexcan: device registered (reg_base=f02f4000, irq=38)
2094000.flexcan supply xceiver not found, using dummy regulator
flexcan 2094000.flexcan: device registered (reg_base=f02fc000, irq=39)
2188000.ethernet supply phy not found, using dummy regulator
pps pps0: new PPS source ptp0
libphy: fec_enet_mii_bus: probed
fec 2188000.ethernet eth0: registered PHC device 0
PPP generic driver version 2.4.2
PPP BSD Compression module registered
PPP Deflate Compression module registered
PPP MPPE Compression module registered
NET: Registered protocol family 24
usbcore: registered new interface driver kaweth
pegasus: v0.9.3 (2013/04/25), Pegasus/Pegasus II USB Ethernet driver
usbcore: registered new interface driver pegasus
usbcore: registered new interface driver rtl8150
usbcore: registered new interface driver r8152
usbcore: registered new interface driver asix
usbcore: registered new interface driver ax88179_178a
usbcore: registered new interface driver cdc_ether
usbcore: registered new interface driver cdc_eem
usbcore: registered new interface driver net1080
usbcore: registered new interface driver cdc_subset
usbcore: registered new interface driver zaurus
usbcore: registered new interface driver cdc_ncm
ehci_hcd: USB 2.0 'Enhanced' Host Controller (EHCI) Driver
ehci-mxc: Freescale On-Chip EHCI Host driver
usbcore: registered new interface driver cdc_acm
cdc_acm: USB Abstract Control Model driver for USB modems and ISDN adapters
usbcore: registered new interface driver usb-storage
usbcore: registered new interface driver usbserial
usbcore: registered new interface driver usbserial_generic
usbserial: USB Serial support registered for generic
usbcore: registered new interface driver ftdi_sio
usbserial: USB Serial support registered for FTDI USB Serial Device
usbcore: registered new interface driver option
usbserial: USB Serial support registered for GSM modem (1-port)
usbcore: registered new interface driver usbtest
usbcore: registered new interface driver usb_ehset_test
2184800.usbmisc supply vbus-wakeup not found, using dummy regulator
ci_hdrc ci_hdrc.1: EHCI Host Controller
ci_hdrc ci_hdrc.1: new USB bus registered, assigned bus number 1
ci_hdrc ci_hdrc.1: USB 2.0 started, EHCI 1.00
usb usb1: New USB device found, idVendor=1d6b, idProduct=0002
usb usb1: New USB device strings: Mfr=3, Product=2, SerialNumber=1
usb usb1: Product: EHCI Host Controller
usb usb1: Manufacturer: Linux 4.9.67-07229-gdc6c16ec0433-dirty ehci_hcd
usb usb1: SerialNumber: ci_hdrc.1
hub 1-0:1.0: USB hub found
hub 1-0:1.0: 1 port detected
mousedev: PS/2 mouse device common for all mice
usbcore: registered new interface driver xpad
ata1: SATA link down (SStatus 0 SControl 300)
ahci-imx 2200000.sata: no device found, disabling link.
ahci-imx 2200000.sata: pass ahci_imx..hotplug=1 to enable hotplug
usbcore: registered new interface driver usb_acecad
usbcore: registered new interface driver aiptek
usbcore: registered new interface driver gtco
usbcore: registered new interface driver hanwang
usbcore: registered new interface driver kbtab
input: stmpe-ts as /devices/soc0/soc/2100000.aips-bus/21a4000.i2c/i2c-2/2-0041/stmpe-ts/input/input0
snvs_rtc 20cc000.snvs:snvs-rtc-lp: rtc core: registered 20cc000.snvs:snvs-r as rtc0
i2c /dev entries driver
IR NEC protocol handler initialized
IR RC5(x/sz) protocol handler initialized
IR RC6 protocol handler initialized
IR JVC protocol handler initialized
IR Sony protocol handler initialized
IR SANYO protocol handler initialized
IR Sharp protocol handler initialized
IR MCE Keyboard/mouse protocol handler initialized
IR XMP protocol handler initialized
mxc_v4l2_output v4l2_out: V4L2 device registered as video16
mxc_v4l2_output v4l2_out: V4L2 device registered as video17
mxc_v4l2_output v4l2_out: V4L2 device registered as video18
mxc_v4l2_output v4l2_out: V4L2 device registered as video19
ov564x_mipi 3-003c: found pwm2, period=0
usb 1-1: new high-speed USB device number 2 using ci_hdrc
ov5640_read_reg:write reg error:reg=300a
camera ov5640_mipi is not found
usbcore: registered new interface driver uvcvideo
USB Video Class driver (1.1.1)
imx2-wdt 20bc000.wdog: timeout 60 sec (nowayout=0)
device-mapper: uevent: version 1.0.3
device-mapper: ioctl: 4.35.0-ioctl (2016-06-23) initialised: dm-devel@redhat.com
Bluetooth: HCI UART driver ver 2.3
Bluetooth: HCI UART protocol H4 registered
Bluetooth: HCI UART protocol BCSP registered
Bluetooth: HCI UART protocol ATH3K registered
usbcore: registered new interface driver btusb
sdhci: Secure Digital Host Controller Interface driver
sdhci: Copyright(c) Pierre Ossman
sdhci-pltfm: SDHCI platform and OF driver helper
sdhci-esdhc-imx 2190000.usdhc: could not get ultra high speed state, work on normal mode
sdhci-esdhc-imx 2190000.usdhc: Got CD GPIO
mmc1: SDHCI controller on 2190000.usdhc [2190000.usdhc] using ADMA
sdhci-esdhc-imx 2198000.usdhc: could not get ultra high speed state, work on normal mode
usb 1-1: New USB device found, idVendor=0424, idProduct=2514
usb 1-1: New USB device strings: Mfr=0, Product=0, SerialNumber=0
hub 1-1:1.0: USB hub found
hub 1-1:1.0: 4 ports detected
mmc1: host does not support reading read-only switch, assuming write-enable
mmc1: new high speed SDHC card at address 59b4
mmc0: SDHCI controller on 2198000.usdhc [2198000.usdhc] using ADMA
mmcblk1: mmc1:59b4 USD   7.48 GiB 
 mmcblk1: p1
mxc_vpu 2040000.vpu_fsl: VPU initialized
mxc_vdoa 21e4000.vdoa: i.MX Video Data Order Adapter(VDOA) driver probed
random: fast init done
mxc_hdmi_cec soc:hdmi_cec@00120000: HDMI CEC initialized
Galcore version 6.2.2.96445
mmc0: new DDR MMC card at address 0001
mmcblk0: mmc0:0001 Q2J54A 3.59 GiB 
mmcblk0boot0: mmc0:0001 Q2J54A partition 1 16.0 MiB
mmcblk0boot1: mmc0:0001 Q2J54A partition 2 16.0 MiB
Alternate GPT is invalid, using primary GPT.
 mmcblk0: p1 p2 p3 p4 p5 p6 p7 p8 p9 p10 p11
caam 2100000.caam: ERA source: CAAMVID.
caam 2100000.caam: AXI pipeline throttling enabled.
caam 2100000.caam: Instantiated RNG4 SH1
caam 2100000.caam: device ID = 0x0a16010000000000 (Era 4)
caam 2100000.caam: job rings = 2, qi = 0
caam algorithms registered in /proc/crypto
caam_jr 2101000.jr0: registering rng-caam
platform caam_sm: blkkey_ex: 4 keystore units available
platform caam_sm: 64-bit clear key:
platform caam_sm: [0000] 00 01 02 03 04 0f 06 07
platform caam_sm: 64-bit black key:
platform caam_sm: [0000] fd 4c 35 7a 58 4b 51 54
platform caam_sm: [0008] eb 01 3e 97 59 eb 34 9b
platform caam_sm: 128-bit clear key:
platform caam_sm: [0000] 00 01 02 03 04 0f 06 07
platform caam_sm: [0008] 08 09 0a 0b 0c 0d 0e 0f
platform caam_sm: 128-bit black key:
platform caam_sm: [0000] 3f 90 57 52 ea 41 bc f3
platform caam_sm: [0008] ac 9a 14 5d 67 ab d5 91
platform caam_sm: 192-bit clear key:
platform caam_sm: [0000] 00 01 02 03 04 0f 06 07
platform caam_sm: [0008] 08 09 0a 0b 0c 0d 0e 0f
platform caam_sm: [0016] 10 11 12 13 14 15 16 17
platform caam_sm: 192-bit black key:
platform caam_sm: [0000] 70 56 54 4b bf 72 17 a4
platform caam_sm: [0008] fd 51 eb 7e c5 be 8b 85
platform caam_sm: [0016] 5d 28 1c 3a 12 eb 71 90
platform caam_sm: [0024] f4 d0 5d 2c da ea e4 c7
platform caam_sm: 256-bit clear key:
platform caam_sm: [0000] 00 01 02 03 04 0f 06 07
platform caam_sm: [0008] 08 09 0a 0b 0c 0d 0e 0f
platform caam_sm: [0016] 10 11 12 13 14 15 16 17
platform caam_sm: [0024] 18 19 1a 1b 1c 1d 1e 1f
platform caam_sm: 256-bit black key:
platform caam_sm: [0000] e1 09 91 19 14 90 3d 7c
platform caam_sm: [0008] 46 99 7c db 54 d3 92 7a
platform caam_sm: [0016] 19 63 8c 1e b7 35 42 0e
platform caam_sm: [0024] d0 58 f0 53 3b 60 8f 86
platform caam_sm: 64-bit unwritten blob:
platform caam_sm: [0000] 00 00 00 00 00 00 00 00
platform caam_sm: [0008] 00 00 00 00 00 00 00 00
platform caam_sm: [0016] 00 00 00 00 00 00 00 00
platform caam_sm: [0024] 00 00 00 00 00 00 00 00
platform caam_sm: [0032] 00 00 00 00 00 00 00 00
platform caam_sm: [0040] 00 00 00 00 00 00 00 00
platform caam_sm: [0048] 00 00 00 00 00 00 00 00
platform caam_sm: [0056] 00 00 00 00 00 00 00 00
platform caam_sm: [0064] 00 00 00 00 00 00 00 00
platform caam_sm: [0072] 00 00 00 00 00 00 00 00
platform caam_sm: [0080] 00 00 00 00 00 00 00 00
platform caam_sm: [0088] 00 00 00 00 00 00 00 00
platform caam_sm: 128-bit unwritten blob:
platform caam_sm: [0000] 00 00 00 00 00 00 00 00
platform caam_sm: [0008] 00 00 00 00 00 00 00 00
platform caam_sm: [0016] 00 00 00 00 00 00 00 00
platform caam_sm: [0024] 00 00 00 00 00 00 00 00
platform caam_sm: [0032] 00 00 00 00 00 00 00 00
platform caam_sm: [0040] 00 00 00 00 00 00 00 00
platform caam_sm: [0048] 00 00 00 00 00 00 00 00
platform caam_sm: [0056] 00 00 00 00 00 00 00 00
platform caam_sm: [0064] 00 00 00 00 00 00 00 00
platform caam_sm: [0072] 00 00 00 00 00 00 00 00
platform caam_sm: [0080] 00 00 00 00 00 00 00 00
platform caam_sm: [0088] 00 00 00 00 00 00 00 00
platform caam_sm: 196-bit unwritten blob:
platform caam_sm: [0000] 00 00 00 00 00 00 00 00
platform caam_sm: [0008] 00 00 00 00 00 00 00 00
platform caam_sm: [0016] 00 00 00 00 00 00 00 00
platform caam_sm: [0024] 00 00 00 00 00 00 00 00
platform caam_sm: [0032] 00 00 00 00 00 00 00 00
platform caam_sm: [0040] 00 00 00 00 00 00 00 00
platform caam_sm: [0048] 00 00 00 00 00 00 00 00
platform caam_sm: [0056] 00 00 00 00 00 00 00 00
platform caam_sm: [0064] 00 00 00 00 00 00 00 00
platform caam_sm: [0072] 00 00 00 00 00 00 00 00
platform caam_sm: [0080] 00 00 00 00 00 00 00 00
platform caam_sm: [0088] 00 00 00 00 00 00 00 00
platform caam_sm: 256-bit unwritten blob:
platform caam_sm: [0000] 00 00 00 00 00 00 00 00
platform caam_sm: [0008] 00 00 00 00 00 00 00 00
platform caam_sm: [0016] 00 00 00 00 00 00 00 00
platform caam_sm: [0024] 00 00 00 00 00 00 00 00
platform caam_sm: [0032] 00 00 00 00 00 00 00 00
platform caam_sm: [0040] 00 00 00 00 00 00 00 00
platform caam_sm: [0048] 00 00 00 00 00 00 00 00
platform caam_sm: [0056] 00 00 00 00 00 00 00 00
platform caam_sm: [0064] 00 00 00 00 00 00 00 00
platform caam_sm: [0072] 00 00 00 00 00 00 00 00
platform caam_sm: [0080] 00 00 00 00 00 00 00 00
platform caam_sm: [0088] 00 00 00 00 00 00 00 00
platform caam_sm: 64-bit black key in blob:
platform caam_sm: [0000] a1 70 34 41 fd 72 f8 5a
platform caam_sm: [0008] 46 6f 74 20 07 4f 17 34
platform caam_sm: [0016] 86 e9 be fa 39 a1 07 a6
platform caam_sm: [0024] de 56 c1 ca 22 e5 17 63
platform caam_sm: [0032] 6f 05 32 97 2f 60 1e 8f
platform caam_sm: [0040] 98 fd db 4d f0 22 0b 27
platform caam_sm: [0048] f8 03 6b 2d c7 60 d9 fa
platform caam_sm: [0056] 00 00 00 00 00 00 00 00
platform caam_sm: [0064] 00 00 00 00 00 00 00 00
platform caam_sm: [0072] 00 00 00 00 00 00 00 00
platform caam_sm: [0080] 00 00 00 00 00 00 00 00
platform caam_sm: [0088] 00 00 00 00 00 00 00 00
platform caam_sm: 128-bit black key in blob:
platform caam_sm: [0000] eb 39 78 d4 a2 02 3e 90
platform caam_sm: [0008] f1 47 cc 77 56 45 60 d7
platform caam_sm: [0016] f3 85 15 02 10 21 e3 d3
platform caam_sm: [0024] 10 76 0e a9 cc 3f 7b 48
platform caam_sm: [0032] c8 29 36 13 04 58 ec aa
platform caam_sm: [0040] 60 33 1b 21 d2 3d 36 dc
platform caam_sm: [0048] 78 8d 45 60 4f a1 bc f3
platform caam_sm: [0056] 2c 51 9f f7 5d 91 f0 18
platform caam_sm: [0064] 00 00 00 00 00 00 00 00
platform caam_sm: [0072] 00 00 00 00 00 00 00 00
platform caam_sm: [0080] 00 00 00 00 00 00 00 00
platform caam_sm: [0088] 00 00 00 00 00 00 00 00
platform caam_sm: 192-bit black key in blob:
platform caam_sm: [0000] 32 0f 01 b6 3e 0e 51 1f
platform caam_sm: [0008] 95 15 04 43 58 03 0b 30
platform caam_sm: [0016] 2e 22 5a cf 56 52 fe 76
platform caam_sm: [0024] ef a2 84 09 2a 57 42 19
platform caam_sm: [0032] 7a 99 60 64 d1 23 df bb
platform caam_sm: [0040] f4 62 1d 4f 93 62 79 13
platform caam_sm: [0048] b9 51 2d 98 03 c8 fb 9e
platform caam_sm: [0056] c4 bc 4b e3 fa c4 d4 80
platform caam_sm: [0064] 42 ff 24 47 2b b1 ee da
platform caam_sm: [0072] 00 00 00 00 00 00 00 00
platform caam_sm: [0080] 00 00 00 00 00 00 00 00
platform caam_sm: [0088] 00 00 00 00 00 00 00 00
platform caam_sm: 256-bit black key in blob:
platform caam_sm: [0000] 6c 56 9d a8 de fa ca 0a
platform caam_sm: [0008] e4 f6 53 f6 18 50 4c d4
platform caam_sm: [0016] c2 d6 b2 8e 1f 96 3e bc
platform caam_sm: [0024] 9d 8e 48 a2 17 e9 f3 35
platform caam_sm: [0032] a9 65 fc 5b fa 57 2b 80
platform caam_sm: [0040] e3 8c 41 39 1e ec 98 d3
platform caam_sm: [0048] 73 bc 87 40 f1 94 b8 d0
platform caam_sm: [0056] bf 78 d3 0c af 9e 10 b8
platform caam_sm: [0064] d1 6e 31 e2 b1 92 21 b6
platform caam_sm: [0072] e9 8c 6a 6e 68 69 bc 6f
platform caam_sm: [0080] 00 00 00 00 00 00 00 00
platform caam_sm: [0088] 00 00 00 00 00 00 00 00
platform caam_sm: restored 64-bit black key:
platform caam_sm: [0000] 49 74 81 89 d4 3e 18 47
platform caam_sm: [0008] e0 83 a6 5e 70 5b 72 ca
platform caam_sm: restored 128-bit black key:
platform caam_sm: [0000] 3f 90 57 52 ea 41 bc f3
platform caam_sm: [0008] ac 9a 14 5d 67 ab d5 91
platform caam_sm: restored 192-bit black key:
platform caam_sm: [0000] 70 56 54 4b bf 72 17 a4
platform caam_sm: [0008] fd 51 eb 7e c5 be 8b 85
platform caam_sm: [0016] f3 c1 7b d7 35 f1 36 03
platform caam_sm: [0024] f0 86 07 b1 d0 e3 47 f9
platform caam_sm: restored 256-bit black key:
platform caam_sm: [0000] e1 09 91 19 14 90 3d 7c
platform caam_sm: [0008] 46 99 7c db 54 d3 92 7a
platform caam_sm: [0016] 19 63 8c 1e b7 35 42 0e
platform caam_sm: [0024] d0 58 f0 53 3b 60 8f 86
snvs-secvio 20cc000.caam-snvs: can't get snvs clock
snvs-secvio 20cc000.caam-snvs: violation handlers armed - non-secure state
hidraw: raw HID events driver (C) Jiri Kosina
usbcore: registered new interface driver usbhid
usbhid: USB HID core driver
ashmem: initialized
usbcore: registered new interface driver snd-usb-audio
sgtl5000 2-000a: sgtl5000 revision 0x11
fsl-ssi-dai 2028000.ssi: No cache defaults, reading back from HW
imx-sgtl5000 sound: sgtl5000 <-> 2028000.ssi mapping ok
imx-spdif sound-spdif: snd-soc-dummy-dai <-> 2004000.spdif mapping ok
imx-audio-hdmi sound-hdmi: hdmi-hifi.0 <-> soc:hdmi_audio@00120000 mapping ok
NET: Registered protocol family 26
u32 classifier
    Actions configured
Netfilter messages via NETLINK v0.30.
nf_conntrack version 0.5.0 (16384 buckets, 65536 max)
ctnetlink v0.93: registering with nfnetlink.
xt_time: kernel timezone is -0000
ip_tables: (C) 2000-2006 Netfilter Core Team
arp_tables: arp_tables: (C) 2002 David S. Miller
Initializing XFRM netlink socket
NET: Registered protocol family 10
mip6: Mobile IPv6
ip6_tables: (C) 2000-2006 Netfilter Core Team
sit: IPv6, IPv4 and MPLS over IPv4 tunneling driver
NET: Registered protocol family 17
NET: Registered protocol family 15
can: controller area network core (rev 20120528 abi 9)
NET: Registered protocol family 29
can: raw protocol (rev 20120528)
can: broadcast manager protocol (rev 20161123 t)
can: netlink gateway (rev 20130117) max_hops=1
Bluetooth: RFCOMM TTY layer initialized
Bluetooth: RFCOMM socket layer initialized
Bluetooth: RFCOMM ver 1.11
Bluetooth: BNEP (Ethernet Emulation) ver 1.3
Bluetooth: BNEP filters: protocol multicast
Bluetooth: BNEP socket layer initialized
Bluetooth: HIDP (Human Interface Emulation) ver 1.2
Bluetooth: HIDP socket layer initialized
8021q: 802.1Q VLAN Support v1.8
Key type dns_resolver registered
cpu cpu0: Registered imx6q-cpufreq
registered taskstats version 1
imx_thermal 2000000.aips-bus:tempmon: Industrial CPU temperature grade - max:105C critical:100C passive:95C
dhd_module_init in
input: gpio-keys as /devices/soc0/gpio-keys/input/input1
snvs_rtc 20cc000.snvs:snvs-rtc-lp: setting system clock to 1970-01-01 00:02:39 UTC (159)
usb_otg_vbus: disabling
ALSA device list:
  #0: imx6q-apalis-sgtl5000
  #1: imx-spdif
  #2: imx-hdmi-soc
Freeing unused kernel memory: 1024K
init: init first stage started!
SELinux:  Permission validate_trans in class security not defined in policy.
SELinux:  Class cap_userns not defined in policy.
SELinux:  Class cap2_userns not defined in policy.
SELinux: the above unknown classes and permissions will be denied
audit: type=1403 audit(159.620:2): policy loaded auid=4294967295 ses=4294967295
init: (Initializing SELinux non-enforcing took 0.11s.)
init: init second stage started!
init: Running restorecon...
init: waitpid failed: No child processes
init: (Loading properties from /default.prop took 0.00s.)
init: (Parsing /init.environ.rc took 0.00s.)
init: (Parsing /init.usb.rc took 0.00s.)
init: (Parsing init.freescale.usb.rc took 0.00s.)
init: (Parsing init.freescale.i.MX6Q.rc took 0.00s.)
init: (Parsing init.freescale.emmc.rc took 0.00s.)
init: (Parsing /init.freescale.rc took 0.02s.)
ueventd: ueventd started!
ueventd: Coldboot took 0.44s.
Console: switching to colour dummy device 80x30
watchdogd: started (interval 10, margin 20)!
EXT4-fs (mmcblk0p3): mounted filesystem with ordered data mode. Opts: barrier=1
EXT4-fs (mmcblk0p10): Ignoring removed nomblk_io_submit option
EXT4-fs (mmcblk0p10): mounted filesystem with ordered data mode. Opts: nomblk_io_submit,noauto_da_alloc,errors=panic
EXT4-fs (mmcblk0p4): Ignoring removed nomblk_io_submit option
EXT4-fs (mmcblk0p4): mounted filesystem with ordered data mode. Opts: nomblk_io_submit
EXT4-fs (mmcblk0p5): mounted filesystem with ordered data mode. Opts: (null)
file system registered
using random self ethernet address
using random host ethernet address
zram0: detected capacity change from 0 to 314572800
logd.auditd: start
logd.klogd: 7296394333
Adding 307196k swap on /dev/block/zram0.  Priority:-1 extents:1 across:307196k SS
binder: 258:258 transaction failed 29189, size 0-0
logd.daemon: reinit
toradex_apalis6q:/ # healthd: No battery devices found
ERROR: v4l2 capture: slave not found! V4L2_CID_HUE
ERROR: v4l2 capture: slave not found! V4L2_CID_HUE

toradex_apalis6q:/ # 
toradex_apalis6q:/ # 
toradex_apalis6q:/ # 
toradex_apalis6q:/ # capability: warning: `main' uses 32-bit capabilities (legacy support in use)
init: write_file: Unable to open '/sys/devices/system/cpu/cpufreq/interactive/timer_rate': No such file or directory
init: write_file: Unable to open '/sys/devices/system/cpu/cpufreq/interactive/min_sample_time': No such file or directory
init: write_file: Unable to open '/sys/devices/system/cpu/cpufreq/interactive/go_hispeed_load': No such file or directory
random: crng init done
init: write_file: Unable to open '/proc/sys/vm/extra_free_kbytes': No such file or directory
init: write_file: Unable to write to '/config/usb_gadget/g1/UDC': No such device
acc_open
acc_release
Micrel KSZ9031 Gigabit PHY 2188000.ethernet-1:07: attached PHY driver [Micrel KSZ9031 Gigabit PHY] (mii_bus:phy_addr=2188000.ethernet-1:07, irq=120)
IPv6: ADDRCONF(NETDEV_UP): eth0: link is not ready
FAT-fs (mmcblk1p1): Volume was not properly unmounted. Some data may be corrupt. Please run fsck.
init: Service 'bootanim' (pid 330) exited with status 0
init: Starting service 'exec 3 (/system/bin/bootstat)'...
init: Service 'exec 3 (/system/bin/bootstat)' (pid 957) exited with status 0
init: Starting service 'exec 4 (/system/bin/bootstat)'...
init: Service 'exec 4 (/system/bin/bootstat)' (pid 968) exited with status 0
init: Starting service 'exec 5 (/system/bin/bootstat)'...
init: Service 'exec 5 (/system/bin/bootstat)' (pid 970) exited with status 0
init: Starting service 'exec 6 (/system/bin/bootstat)'...
init: Service 'exec 6 (/system/bin/bootstat)' (pid 971) exited with status 0

toradex_apalis6q:/ # 
toradex_apalis6q:/ # 
toradex_apalis6q:/ # 
toradex_apalis6q:/ # 
toradex_apalis6q:/ # 
toradex_apalis6q:/ # usb 1-1.3: new low-speed USB device number 3 using ci_hdrc
usb 1-1.3: New USB device found, idVendor=413c, idProduct=301a
usb 1-1.3: New USB device strings: Mfr=1, Product=2, SerialNumber=0
usb 1-1.3: Product: Dell MS116 USB Optical Mouse
usb 1-1.3: Manufacturer: PixArt
input: PixArt Dell MS116 USB Optical Mouse as /devices/soc0/soc/2100000.aips-bus/2184200.usb/ci_hdrc.1/usb1/1-1/1-1.3/1-1.3:1.0/0003:413C:301A.0001/input/input2
hid-generic 0003:413C:301A.0001: input,hidraw0: USB HID v1.11 Mouse [PixArt Dell MS116 USB Optical Mouse] on usb-ci_hdrc.1-1.3/input0


U-Boot 2017.03-00001-g610928540e-dirty (Dec 29 2017 - 11:49:28 +0530)

CPU:   Freescale i.MX6Q rev1.5 at 792 MHz
Reset cause: POR
I2C:   ready
DRAM:  2 GiB
PMIC: device id: 0x10, revision id: 0x21
PMIC: programmed
MMC:   FSL_SDHC: 0, FSL_SDHC: 1, FSL_SDHC: 2
auto-detected panel HDMI
Aravinth: Display: HDMI (1024x768)
In:    serial
Out:   serial
Err:   serial
Model: Toradex Apalis iMX6 Quad 2GB IT V1.1C, Serial# 05146387
flash target is MMC:0
Net:   using PHY at 7
FEC [PRIME]
Fastboot: Normal
Hit any key to stop autoboot:  1  0 
boota mmc0 
CACHE: Misaligned operation at range [8ffb70a0, 8ffb7120]
CACHE: Misaligned operation at range [8ffb70a0, 8ffb7120]
kernel   @ 14008000 (9802376)
ramdisk  @ 15000000 (1628386)
fdt      @ 14f00000 (53981)
## Booting Android Image at 0x12000000 ...
Kernel load addr 0x14008000 size 9573 KiB
Kernel command line: console=ttymxc0,115200 init=/init video=mxcfb0:dev=ldb,fbpix=RGB32,bpp=32 video=mxcfb1:dev=hdmi,640x480M@60,if=RGB24,bpp=16 video=mxcfb2:off video=mxcfb3:off vmalloc=256M androidboot.console=ttymxc0 consoleblank=0 androidboot.hardware=freescale cma=448M androidboot.selinux=permissive androidboot.dm_verity=disabled buildvariant=user androidboot.serialno=1b2429d4ea997115 androidboot.storage_type=emmc
## Flattened Device Tree blob at 14f00000
   Booting using the fdt blob at 0x14f00000
   Loading Kernel Image ... OK
   Using Device Tree in place at 14f00000, end 14f102dc

Starting kernel ...

Booting Linux on physical CPU 0x0
Linux version 4.9.67-07229-gdc6c16ec0433-dirty (embadmin@ubuntu) (gcc version 4.9 20150123 (prerelease) (GCC) ) #15 SMP PREEMPT Wed Dec 27 15:15:47 IST 2017
CPU: ARMv7 Processor [412fc09a] revision 10 (ARMv7), cr=10c53c7d
CPU: PIPT / VIPT nonaliasing data cache, VIPT aliasing instruction cache
OF: fdt:Machine model: Aravinth :UJET Toradex Apalis iMX6Q/D Module on Ixora V1.1 Carrier Board
cma: Reserved 448 MiB at 0x22000000
Memory policy: Data cache writealloc
percpu: Embedded 15 pages/cpu @ee6b3000 s31040 r8192 d22208 u61440
Built 1 zonelists in Zone order, mobility grouping on.  Total pages: 522768
Kernel command line: console=ttymxc0,115200 init=/init video=mxcfb0:dev=ldb,fbpix=RGB32,bpp=32 video=mxcfb1:dev=hdmi,640x480M@60,if=RGB24,bpp=16 video=mxcfb2:off video=mxcfb3:off vmalloc=256M androidboot.console=ttymxc0 consoleblank=0 androidboot.hardware=freescale cma=448M androidboot.selinux=permissive androidboot.dm_verity=disabled buildvariant=user androidboot.serialno=1b2429d4ea997115 androidboot.storage_type=emmc
PID hash table entries: 4096 (order: 2, 16384 bytes)
Dentry cache hash table entries: 131072 (order: 7, 524288 bytes)
Inode-cache hash table entries: 65536 (order: 6, 262144 bytes)
Memory: 1597048K/2097152K available (13312K kernel code, 1128K rwdata, 4016K rodata, 1024K init, 606K bss, 41352K reserved, 458752K cma-reserved, 1318912K highmem)
Virtual kernel memory layout:
    vector  : 0xffff0000 - 0xffff1000   (   4 kB)
    fixmap  : 0xffc00000 - 0xfff00000   (3072 kB)
    vmalloc : 0xf0000000 - 0xff800000   ( 248 MB)
    lowmem  : 0xc0000000 - 0xef800000   ( 760 MB)
    pkmap   : 0xbfe00000 - 0xc0000000   (   2 MB)
    modules : 0xbf000000 - 0xbfe00000   (  14 MB)
      .text : 0xc0008000 - 0xc0e00000   (14304 kB)
      .init : 0xc1300000 - 0xc1400000   (1024 kB)
      .data : 0xc1400000 - 0xc151a218   (1129 kB)
       .bss : 0xc151a218 - 0xc15b1be0   ( 607 kB)
SLUB: HWalign=64, Order=0-3, MinObjects=0, CPUs=4, Nodes=1
Preemptible hierarchical RCU implementation.
	Build-time adjustment of leaf fanout to 32.
NR_IRQS:16 nr_irqs:16 16
L2C-310 errata 752271 769419 enabled
L2C-310 enabling early BRESP for Cortex-A9
L2C-310 full line of zeros enabled for Cortex-A9
L2C-310 ID prefetch enabled, offset 16 lines
L2C-310 dynamic clock gating enabled, standby mode enabled
L2C-310 cache controller enabled, 16 ways, 1024 kB
L2C-310: CACHE_ID 0x410000c7, AUX_CTRL 0x76470001
Switching to timer-based delay loop, resolution 333ns
sched_clock: 32 bits at 3000kHz, resolution 333ns, wraps every 715827882841ns
clocksource: mxc_timer1: mask: 0xffffffff max_cycles: 0xffffffff, max_idle_ns: 637086815595 ns
Console: colour dummy device 80x30
Calibrating delay loop (skipped), value calculated using timer frequency.. 6.00 BogoMIPS (lpj=30000)
pid_max: default: 32768 minimum: 301
Security Framework initialized
SELinux:  Initializing.
Mount-cache hash table entries: 2048 (order: 1, 8192 bytes)
Mountpoint-cache hash table entries: 2048 (order: 1, 8192 bytes)
CPU: Testing write buffer coherency: ok
CPU0: update cpu_capacity 1024
CPU0: thread -1, cpu 0, socket 0, mpidr 80000000
Setting up static identity map for 0x10100000 - 0x10100058
CPU1: update cpu_capacity 1024
CPU1: thread -1, cpu 1, socket 0, mpidr 80000001
CPU2: update cpu_capacity 1024
CPU2: thread -1, cpu 2, socket 0, mpidr 80000002
CPU3: update cpu_capacity 1024
CPU3: thread -1, cpu 3, socket 0, mpidr 80000003
Brought up 4 CPUs
SMP: Total of 4 processors activated (24.00 BogoMIPS).
CPU: All CPU(s) started in SVC mode.
CPU3: update max cpu_capacity 1024
devtmpfs: initialized
CPU2: update max cpu_capacity 1024
VFP support v0.3: implementor 41 architecture 3 part 30 variant 9 rev 4
clocksource: jiffies: mask: 0xffffffff max_cycles: 0xffffffff, max_idle_ns: 19112604462750000 ns
futex hash table entries: 1024 (order: 4, 65536 bytes)
pinctrl core: initialized pinctrl subsystem
NET: Registered protocol family 16
DMA: preallocated 256 KiB pool for atomic coherent allocations
cpuidle: using governor menu
CPU identified as i.MX6Q, silicon rev 1.5
hw-breakpoint: found 5 (+1 reserved) breakpoint and 1 watchpoint registers.
hw-breakpoint: maximum watchpoint size is 4 bytes.
imx6q-pinctrl 20e0000.iomuxc: initialized IMX pinctrl driver
imx-gpc 20dc000.gpc: no fsl,ldo-bypass found!
imx-gpc 20dc000.gpc: Registered imx-gpc
mxs-dma 110000.dma-apbh: initialized
usb_host_vbus: supplied by usb_host_vbus_hub
SCSI subsystem initialized
usbcore: registered new interface driver usbfs
usbcore: registered new interface driver hub
usbcore: registered new device driver usb
2000000.aips-bus:usbphy_nop1 supply vcc not found, using dummy regulator
2000000.aips-bus:usbphy_nop2 supply vcc not found, using dummy regulator
i2c i2c-1: IMX I2C adapter registered
i2c i2c-1: can't use DMA, using PIO instead.
stmpe-i2c 2-0041: stmpe811 detected, chip id: 0x811
i2c i2c-2: IMX I2C adapter registered
i2c i2c-2: can't use DMA, using PIO instead.
i2c i2c-3: IMX I2C adapter registered
i2c i2c-3: can't use DMA, using PIO instead.
Linux video capture interface: v2.00
pps_core: LinuxPPS API ver. 1 registered
pps_core: Software ver. 5.3.6 - Copyright 2005-2007 Rodolfo Giometti <giometti@linux.it>
PTP clock support registered
imx-ipuv3 2400000.ipu: IPU DMFC NORMAL mode: 1(0~1), 5B(4,5), 5F(6,7)
imx-ipuv3 2800000.ipu: IPU DMFC NORMAL mode: 1(0~1), 5B(4,5), 5F(6,7)
mxc_mipi_csi2 21dc000.mipi_csi: i.MX MIPI CSI2 driver probed ipu0 csi1
mxc_mipi_csi2 21dc000.mipi_csi: i.MX MIPI CSI2 dphy version is 0x3130302a
MIPI CSI2 driver module loaded
imx rpmsg driver is registered.
Advanced Linux Sound Architecture Driver Initialized.
Bluetooth: Core ver 2.22
NET: Registered protocol family 31
Bluetooth: HCI device and connection manager initialized
Bluetooth: HCI socket layer initialized
Bluetooth: L2CAP socket layer initialized
Bluetooth: SCO socket layer initialized
clocksource: Switched to clocksource mxc_timer1
VFS: Disk quotas dquot_6.6.0
VFS: Dquot-cache hash table entries: 1024 (order 0, 4096 bytes)
NET: Registered protocol family 2
TCP established hash table entries: 8192 (order: 3, 32768 bytes)
TCP bind hash table entries: 8192 (order: 4, 65536 bytes)
TCP: Hash tables configured (established 8192 bind 8192)
UDP hash table entries: 512 (order: 2, 16384 bytes)
UDP-Lite hash table entries: 512 (order: 2, 16384 bytes)
NET: Registered protocol family 1
RPC: Registered named UNIX socket transport module.
RPC: Registered udp transport module.
RPC: Registered tcp transport module.
RPC: Registered tcp NFSv4.1 backchannel transport module.
Trying to unpack rootfs image as initramfs...
Freeing initrd memory: 1592K
hw perfevents: enabled with armv7_cortex_a9 PMU driver, 7 counters available
Bus freq driver module loaded
audit: initializing netlink subsys (disabled)
audit: type=2000 audit(0.880:1): initialized
workingset: timestamp_bits=30 max_order=19 bucket_order=0
NFS: Registering the id_resolver key type
Key type id_resolver registered
Key type id_legacy registered
ntfs: driver 2.1.32 [Flags: R/W DEBUG].
jffs2: version 2.2. (NAND) © 2001-2006 Red Hat, Inc.
fuse init (API version 7.26)
bounce: pool size: 64 pages
io scheduler noop registered
io scheduler deadline registered
io scheduler cfq registered (default)
backlight supply power not found, using dummy regulator
20e0000.hdmi_video supply HDMI not found, using dummy regulator
mxc_sdc_fb fb@0: registered mxc display driver ldb
imx-ipuv3 2800000.ipu: IPU DMFC DP HIGH RESOLUTION: 1(0,1), 5B(2~5), 5F(6,7)
Console: switching to colour frame buffer device 128x48
mxc_hdmi 20e0000.hdmi_video: Detected HDMI controller 0x13:0xa:0xa0:0xc1
fbcvt: 640x480@60: CVT Name - .307M3
mxc_sdc_fb fb@1: registered mxc display driver hdmi
mxc_sdc_fb fb@2: Can't get fb option for mxcfb2!
mxc_sdc_fb fb@3: Can't get fb option for mxcfb3!
imx-sdma 20ec000.sdma: no iram assigned, using external mem
imx-sdma 20ec000.sdma: loaded firmware 3.3
pfuze100-regulator 2-0008: Full layer: 2, Metal layer: 1
pfuze100-regulator 2-0008: FAB: 0, FIN: 0
pfuze100-regulator 2-0008: pfuze100 found.
mxc_hdmi 20e0000.hdmi_video: Read EDID again
2020000.serial: ttymxc0 at MMIO 0x2020000 (irq = 29, base_baud = 5000000) is a IMX
mxc_hdmi 20e0000.hdmi_video: create default modelist
console [ttymxc0] enabled
21e8000.serial: ttymxc1 at MMIO 0x21e8000 (irq = 78, base_baud = 5000000) is a IMX
21f0000.serial: ttymxc3 at MMIO 0x21f0000 (irq = 79, base_baud = 5000000) is a IMX
21f4000.serial: ttymxc4 at MMIO 0x21f4000 (irq = 80, base_baud = 5000000) is a IMX
imx sema4 driver is registered.
[drm] Initialized
[drm] Initialized vivante 1.0.0 20120216 on minor 0
brd: module loaded
loop: module loaded
zram: Added device: zram0
ahci-imx 2200000.sata: fsl,transmit-level-mV not specified, using 00000024
ahci-imx 2200000.sata: fsl,transmit-boost-mdB not specified, using 00000480
ahci-imx 2200000.sata: fsl,transmit-atten-16ths not specified, using 00002000
ahci-imx 2200000.sata: fsl,receive-eq-mdB not specified, using 05000000
ahci-imx 2200000.sata: SSS flag set, parallel bus scan disabled
ahci-imx 2200000.sata: AHCI 0001.0300 32 slots 1 ports 3 Gbps 0x1 impl platform mode
ahci-imx 2200000.sata: flags: ncq sntf stag pm led clo only pmp pio slum part ccc apst 
scsi host0: ahci-imx
ata1: SATA max UDMA/133 mmio [mem 0x02200000-0x02203fff] port 0x100 irq 87
spi_imx 2008000.ecspi: probed
libphy: Fixed MDIO Bus: probed
tun: Universal TUN/TAP device driver, 1.6
tun: (C) 1999-2004 Max Krasnyansky <maxk@qualcomm.com>
CAN device driver interface
2090000.flexcan supply xceiver not found, using dummy regulator
flexcan 2090000.flexcan: device registered (reg_base=f02f4000, irq=38)
2094000.flexcan supply xceiver not found, using dummy regulator
flexcan 2094000.flexcan: device registered (reg_base=f02fc000, irq=39)
2188000.ethernet supply phy not found, using dummy regulator
pps pps0: new PPS source ptp0
libphy: fec_enet_mii_bus: probed
fec 2188000.ethernet eth0: registered PHC device 0
PPP generic driver version 2.4.2
PPP BSD Compression module registered
PPP Deflate Compression module registered
PPP MPPE Compression module registered
NET: Registered protocol family 24
usbcore: registered new interface driver kaweth
pegasus: v0.9.3 (2013/04/25), Pegasus/Pegasus II USB Ethernet driver
usbcore: registered new interface driver pegasus
usbcore: registered new interface driver rtl8150
usbcore: registered new interface driver r8152
usbcore: registered new interface driver asix
usbcore: registered new interface driver ax88179_178a
usbcore: registered new interface driver cdc_ether
usbcore: registered new interface driver cdc_eem
usbcore: registered new interface driver net1080
usbcore: registered new interface driver cdc_subset
usbcore: registered new interface driver zaurus
usbcore: registered new interface driver cdc_ncm
ehci_hcd: USB 2.0 'Enhanced' Host Controller (EHCI) Driver
ehci-mxc: Freescale On-Chip EHCI Host driver
usbcore: registered new interface driver cdc_acm
cdc_acm: USB Abstract Control Model driver for USB modems and ISDN adapters
usbcore: registered new interface driver usb-storage
usbcore: registered new interface driver usbserial
usbcore: registered new interface driver usbserial_generic
usbserial: USB Serial support registered for generic
usbcore: registered new interface driver ftdi_sio
usbserial: USB Serial support registered for FTDI USB Serial Device
usbcore: registered new interface driver option
usbserial: USB Serial support registered for GSM modem (1-port)
usbcore: registered new interface driver usbtest
usbcore: registered new interface driver usb_ehset_test
2184800.usbmisc supply vbus-wakeup not found, using dummy regulator
ci_hdrc ci_hdrc.1: EHCI Host Controller
ci_hdrc ci_hdrc.1: new USB bus registered, assigned bus number 1
ci_hdrc ci_hdrc.1: USB 2.0 started, EHCI 1.00
usb usb1: New USB device found, idVendor=1d6b, idProduct=0002
usb usb1: New USB device strings: Mfr=3, Product=2, SerialNumber=1
usb usb1: Product: EHCI Host Controller
usb usb1: Manufacturer: Linux 4.9.67-07229-gdc6c16ec0433-dirty ehci_hcd
usb usb1: SerialNumber: ci_hdrc.1
hub 1-0:1.0: USB hub found
hub 1-0:1.0: 1 port detected
mousedev: PS/2 mouse device common for all mice
usbcore: registered new interface driver xpad
ata1: SATA link down (SStatus 0 SControl 300)
ahci-imx 2200000.sata: no device found, disabling link.
ahci-imx 2200000.sata: pass ahci_imx..hotplug=1 to enable hotplug
usbcore: registered new interface driver usb_acecad
usbcore: registered new interface driver aiptek
usbcore: registered new interface driver gtco
usbcore: registered new interface driver hanwang
usbcore: registered new interface driver kbtab
input: stmpe-ts as /devices/soc0/soc/2100000.aips-bus/21a4000.i2c/i2c-2/2-0041/stmpe-ts/input/input0
snvs_rtc 20cc000.snvs:snvs-rtc-lp: rtc core: registered 20cc000.snvs:snvs-r as rtc0
i2c /dev entries driver
IR NEC protocol handler initialized
IR RC5(x/sz) protocol handler initialized
IR RC6 protocol handler initialized
IR JVC protocol handler initialized
IR Sony protocol handler initialized
IR SANYO protocol handler initialized
IR Sharp protocol handler initialized
IR MCE Keyboard/mouse protocol handler initialized
IR XMP protocol handler initialized
mxc_v4l2_output v4l2_out: V4L2 device registered as video16
mxc_v4l2_output v4l2_out: V4L2 device registered as video17
mxc_v4l2_output v4l2_out: V4L2 device registered as video18
mxc_v4l2_output v4l2_out: V4L2 device registered as video19
ov564x_mipi 3-003c: found pwm2, period=0
usb 1-1: new high-speed USB device number 2 using ci_hdrc
ov5640_read_reg:write reg error:reg=300a
camera ov5640_mipi is not found
usbcore: registered new interface driver uvcvideo
USB Video Class driver (1.1.1)
imx2-wdt 20bc000.wdog: timeout 60 sec (nowayout=0)
device-mapper: uevent: version 1.0.3
device-mapper: ioctl: 4.35.0-ioctl (2016-06-23) initialised: dm-devel@redhat.com
Bluetooth: HCI UART driver ver 2.3
Bluetooth: HCI UART protocol H4 registered
Bluetooth: HCI UART protocol BCSP registered
Bluetooth: HCI UART protocol ATH3K registered
usbcore: registered new interface driver btusb
sdhci: Secure Digital Host Controller Interface driver
sdhci: Copyright(c) Pierre Ossman
sdhci-pltfm: SDHCI platform and OF driver helper
sdhci-esdhc-imx 2190000.usdhc: could not get ultra high speed state, work on normal mode
sdhci-esdhc-imx 2190000.usdhc: Got CD GPIO
mmc1: SDHCI controller on 2190000.usdhc [2190000.usdhc] using ADMA
sdhci-esdhc-imx 2198000.usdhc: could not get ultra high speed state, work on normal mode
usb 1-1: New USB device found, idVendor=0424, idProduct=2514
usb 1-1: New USB device strings: Mfr=0, Product=0, SerialNumber=0
hub 1-1:1.0: USB hub found
hub 1-1:1.0: 4 ports detected
mmc0: SDHCI controller on 2198000.usdhc [2198000.usdhc] using ADMA
mxc_vpu 2040000.vpu_fsl: VPU initialized
mxc_vdoa 21e4000.vdoa: i.MX Video Data Order Adapter(VDOA) driver probed
mxc_hdmi_cec soc:hdmi_cec@00120000: HDMI CEC initialized
Galcore version 6.2.2.96445
random: fast init done
mmc1: host does not support reading read-only switch, assuming write-enable
mmc1: new high speed SDHC card at address 59b4
mmcblk1: mmc1:59b4 USD   7.48 GiB 
mmc0: new DDR MMC card at address 0001
 mmcblk1: p1
mmcblk0: mmc0:0001 Q2J54A 3.59 GiB 
mmcblk0boot0: mmc0:0001 Q2J54A partition 1 16.0 MiB
mmcblk0boot1: mmc0:0001 Q2J54A partition 2 16.0 MiB
Alternate GPT is invalid, using primary GPT.
 mmcblk0: p1 p2 p3 p4 p5 p6 p7 p8 p9 p10 p11
usb 1-1.3: new low-speed USB device number 3 using ci_hdrc
usb 1-1.3: New USB device found, idVendor=413c, idProduct=301a
usb 1-1.3: New USB device strings: Mfr=1, Product=2, SerialNumber=0
usb 1-1.3: Product: Dell MS116 USB Optical Mouse
usb 1-1.3: Manufacturer: PixArt
caam 2100000.caam: ERA source: CAAMVID.
caam 2100000.caam: AXI pipeline throttling enabled.
caam 2100000.caam: Instantiated RNG4 SH1
caam 2100000.caam: device ID = 0x0a16010000000000 (Era 4)
caam 2100000.caam: job rings = 2, qi = 0
caam algorithms registered in /proc/crypto
caam_jr 2101000.jr0: registering rng-caam
platform caam_sm: blkkey_ex: 4 keystore units available
platform caam_sm: 64-bit clear key:
platform caam_sm: [0000] 00 01 02 03 04 0f 06 07
platform caam_sm: 64-bit black key:
platform caam_sm: [0000] be c0 38 f3 5a f7 56 79
platform caam_sm: [0008] 2b 3e 76 69 fc 6a b8 6b
platform caam_sm: 128-bit clear key:
platform caam_sm: [0000] 00 01 02 03 04 0f 06 07
platform caam_sm: [0008] 08 09 0a 0b 0c 0d 0e 0f
platform caam_sm: 128-bit black key:
platform caam_sm: [0000] 45 b2 f1 ae 53 08 4f 15
platform caam_sm: [0008] fa b2 55 bd 23 65 09 d2
platform caam_sm: 192-bit clear key:
platform caam_sm: [0000] 00 01 02 03 04 0f 06 07
platform caam_sm: [0008] 08 09 0a 0b 0c 0d 0e 0f
platform caam_sm: [0016] 10 11 12 13 14 15 16 17
platform caam_sm: 192-bit black key:
platform caam_sm: [0000] af c0 71 06 a7 44 a0 70
platform caam_sm: [0008] a9 1b 50 4e 9f 75 0f 76
platform caam_sm: [0016] 0c 5a 8a 92 f6 bc e7 d4
platform caam_sm: [0024] 3d ad 61 ba 54 52 da d2
platform caam_sm: 256-bit clear key:
platform caam_sm: [0000] 00 01 02 03 04 0f 06 07
platform caam_sm: [0008] 08 09 0a 0b 0c 0d 0e 0f
platform caam_sm: [0016] 10 11 12 13 14 15 16 17
platform caam_sm: [0024] 18 19 1a 1b 1c 1d 1e 1f
platform caam_sm: 256-bit black key:
platform caam_sm: [0000] aa c7 37 41 8d fe 90 ec
platform caam_sm: [0008] 60 d7 af 96 96 c0 7a 54
platform caam_sm: [0016] ce 5f 4d d5 8b 0a be 56
platform caam_sm: [0024] 59 5d 27 0c 2b 02 a7 a8
platform caam_sm: 64-bit unwritten blob:
platform caam_sm: [0000] 00 00 00 00 00 00 00 00
platform caam_sm: [0008] 00 00 00 00 00 00 00 00
platform caam_sm: [0016] 00 00 00 00 00 00 00 00
platform caam_sm: [0024] 00 00 00 00 00 00 00 00
platform caam_sm: [0032] 00 00 00 00 00 00 00 00
platform caam_sm: [0040] 00 00 00 00 00 00 00 00
platform caam_sm: [0048] 00 00 00 00 00 00 00 00
platform caam_sm: [0056] 00 00 00 00 00 00 00 00
platform caam_sm: [0064] 00 00 00 00 00 00 00 00
platform caam_sm: [0072] 00 00 00 00 00 00 00 00
platform caam_sm: [0080] 00 00 00 00 00 00 00 00
platform caam_sm: [0088] 00 00 00 00 00 00 00 00
platform caam_sm: 128-bit unwritten blob:
platform caam_sm: [0000] 00 00 00 00 00 00 00 00
platform caam_sm: [0008] 00 00 00 00 00 00 00 00
platform caam_sm: [0016] 00 00 00 00 00 00 00 00
platform caam_sm: [0024] 00 00 00 00 00 00 00 00
platform caam_sm: [0032] 00 00 00 00 00 00 00 00
platform caam_sm: [0040] 00 00 00 00 00 00 00 00
platform caam_sm: [0048] 00 00 00 00 00 00 00 00
platform caam_sm: [0056] 00 00 00 00 00 00 00 00
platform caam_sm: [0064] 00 00 00 00 00 00 00 00
platform caam_sm: [0072] 00 00 00 00 00 00 00 00
platform caam_sm: [0080] 00 00 00 00 00 00 00 00
platform caam_sm: [0088] 00 00 00 00 00 00 00 00
platform caam_sm: 196-bit unwritten blob:
platform caam_sm: [0000] 00 00 00 00 00 00 00 00
platform caam_sm: [0008] 00 00 00 00 00 00 00 00
platform caam_sm: [0016] 00 00 00 00 00 00 00 00
platform caam_sm: [0024] 00 00 00 00 00 00 00 00
platform caam_sm: [0032] 00 00 00 00 00 00 00 00
platform caam_sm: [0040] 00 00 00 00 00 00 00 00
platform caam_sm: [0048] 00 00 00 00 00 00 00 00
platform caam_sm: [0056] 00 00 00 00 00 00 00 00
platform caam_sm: [0064] 00 00 00 00 00 00 00 00
platform caam_sm: [0072] 00 00 00 00 00 00 00 00
platform caam_sm: [0080] 00 00 00 00 00 00 00 00
platform caam_sm: [0088] 00 00 00 00 00 00 00 00
platform caam_sm: 256-bit unwritten blob:
platform caam_sm: [0000] 00 00 00 00 00 00 00 00
platform caam_sm: [0008] 00 00 00 00 00 00 00 00
platform caam_sm: [0016] 00 00 00 00 00 00 00 00
platform caam_sm: [0024] 00 00 00 00 00 00 00 00
platform caam_sm: [0032] 00 00 00 00 00 00 00 00
platform caam_sm: [0040] 00 00 00 00 00 00 00 00
platform caam_sm: [0048] 00 00 00 00 00 00 00 00
platform caam_sm: [0056] 00 00 00 00 00 00 00 00
platform caam_sm: [0064] 00 00 00 00 00 00 00 00
platform caam_sm: [0072] 00 00 00 00 00 00 00 00
platform caam_sm: [0080] 00 00 00 00 00 00 00 00
platform caam_sm: [0088] 00 00 00 00 00 00 00 00
platform caam_sm: 64-bit black key in blob:
platform caam_sm: [0000] 73 c5 de 6d 12 b3 e1 56
platform caam_sm: [0008] fa ad e0 5e fb 46 08 b5
platform caam_sm: [0016] a4 cf 4d f5 c5 7a 45 eb
platform caam_sm: [0024] 9b 7f 9d 02 35 84 f1 22
platform caam_sm: [0032] 71 0c 4b c2 44 6a 0f 60
platform caam_sm: [0040] 4b 97 e6 d6 25 b0 f0 51
platform caam_sm: [0048] 80 73 68 87 c7 c1 af 11
platform caam_sm: [0056] 00 00 00 00 00 00 00 00
platform caam_sm: [0064] 00 00 00 00 00 00 00 00
platform caam_sm: [0072] 00 00 00 00 00 00 00 00
platform caam_sm: [0080] 00 00 00 00 00 00 00 00
platform caam_sm: [0088] 00 00 00 00 00 00 00 00
platform caam_sm: 128-bit black key in blob:
platform caam_sm: [0000] b5 40 3b 59 7c 86 29 9b
platform caam_sm: [0008] 89 66 00 f6 1a 5f ef 9c
platform caam_sm: [0016] 98 0c 20 0e 80 6b e1 bb
platform caam_sm: [0024] 2e 71 b0 cf 6a c5 f0 32
platform caam_sm: [0032] aa 3b e7 f0 b6 64 1e a3
platform caam_sm: [0040] 0a b7 24 ea bd ff 29 61
platform caam_sm: [0048] 19 89 a0 48 7c 80 1a f4
platform caam_sm: [0056] 94 42 18 5b f5 a8 9e 24
platform caam_sm: [0064] 00 00 00 00 00 00 00 00
platform caam_sm: [0072] 00 00 00 00 00 00 00 00
platform caam_sm: [0080] 00 00 00 00 00 00 00 00
platform caam_sm: [0088] 00 00 00 00 00 00 00 00
platform caam_sm: 192-bit black key in blob:
platform caam_sm: [0000] 86 36 0c 16 32 c3 3a 22
platform caam_sm: [0008] 43 2d 8f 92 76 6a be f0
platform caam_sm: [0016] ad 44 e7 c3 ad b1 9e f6
platform caam_sm: [0024] cb 34 49 62 0b ac a3 05
platform caam_sm: [0032] 3e 51 78 c9 ec 91 c0 bf
platform caam_sm: [0040] e0 f9 ae ac c2 47 84 df
platform caam_sm: [0048] 7c c6 26 54 21 18 86 55
platform caam_sm: [0056] c1 a6 70 c1 3f 35 3f 35
platform caam_sm: [0064] ae d5 0b 80 7d 8e 01 82
platform caam_sm: [0072] 00 00 00 00 00 00 00 00
platform caam_sm: [0080] 00 00 00 00 00 00 00 00
platform caam_sm: [0088] 00 00 00 00 00 00 00 00
platform caam_sm: 256-bit black key in blob:
platform caam_sm: [0000] 9d 32 68 01 49 90 22 95
platform caam_sm: [0008] 9f 7a 03 54 69 0f a0 13
platform caam_sm: [0016] 65 08 5a bf 4e a7 84 28
platform caam_sm: [0024] 43 66 e1 23 16 46 7e a7
platform caam_sm: [0032] e0 39 ff ac ce 07 07 71
platform caam_sm: [0040] 8f db 67 ac 6a d0 6a c1
platform caam_sm: [0048] a4 9f e4 3d 23 f7 e4 7b
platform caam_sm: [0056] e7 c8 a4 e7 22 4b b8 bb
platform caam_sm: [0064] 79 a6 4e 3e d4 99 d3 bb
platform caam_sm: [0072] ef 5b df 71 23 75 6e 58
platform caam_sm: [0080] 00 00 00 00 00 00 00 00
platform caam_sm: [0088] 00 00 00 00 00 00 00 00
platform caam_sm: restored 64-bit black key:
platform caam_sm: [0000] 29 4a 9f 23 62 6b f8 a6
platform caam_sm: [0008] 68 dc 32 3e 48 26 57 9f
platform caam_sm: restored 128-bit black key:
platform caam_sm: [0000] 45 b2 f1 ae 53 08 4f 15
platform caam_sm: [0008] fa b2 55 bd 23 65 09 d2
platform caam_sm: restored 192-bit black key:
platform caam_sm: [0000] af c0 71 06 a7 44 a0 70
platform caam_sm: [0008] a9 1b 50 4e 9f 75 0f 76
platform caam_sm: [0016] 02 9b 1b dc 8f 60 4a da
platform caam_sm: [0024] a5 d7 a7 22 a0 bc e9 23
platform caam_sm: restored 256-bit black key:
platform caam_sm: [0000] aa c7 37 41 8d fe 90 ec
platform caam_sm: [0008] 60 d7 af 96 96 c0 7a 54
platform caam_sm: [0016] ce 5f 4d d5 8b 0a be 56
platform caam_sm: [0024] 59 5d 27 0c 2b 02 a7 a8
snvs-secvio 20cc000.caam-snvs: can't get snvs clock
snvs-secvio 20cc000.caam-snvs: violation handlers armed - non-secure state
hidraw: raw HID events driver (C) Jiri Kosina
input: PixArt Dell MS116 USB Optical Mouse as /devices/soc0/soc/2100000.aips-bus/2184200.usb/ci_hdrc.1/usb1/1-1/1-1.3/1-1.3:1.0/0003:413C:301A.0001/input/input1
hid-generic 0003:413C:301A.0001: input,hidraw0: USB HID v1.11 Mouse [PixArt Dell MS116 USB Optical Mouse] on usb-ci_hdrc.1-1.3/input0
usbcore: registered new interface driver usbhid
usbhid: USB HID core driver
ashmem: initialized
usbcore: registered new interface driver snd-usb-audio
sgtl5000 2-000a: sgtl5000 revision 0x11
fsl-ssi-dai 2028000.ssi: No cache defaults, reading back from HW
imx-sgtl5000 sound: sgtl5000 <-> 2028000.ssi mapping ok
imx-spdif sound-spdif: snd-soc-dummy-dai <-> 2004000.spdif mapping ok
imx-audio-hdmi sound-hdmi: hdmi-hifi.0 <-> soc:hdmi_audio@00120000 mapping ok
NET: Registered protocol family 26
u32 classifier
    Actions configured
Netfilter messages via NETLINK v0.30.
nf_conntrack version 0.5.0 (16384 buckets, 65536 max)
ctnetlink v0.93: registering with nfnetlink.
xt_time: kernel timezone is -0000
