

U-Boot 2016.11-2.7.4+g1b121c6 (Oct 04 2017 - 22:34:15 +0000)

CPU:   Freescale i.MX6Q rev1.5 at 792 MHz
Reset cause: POR
I2C:   ready
DRAM:  2 GiB
PMIC:  device id: 0x10, revision id: 0x21, programmed
k5:   FSL_SDHC: 0, FSL_SDHC: 1, FSL_SDHC: 2
auto-detected panel vga-rgb
Display: vga-rgb (640x480)
In:    serial
Out:   serial
Err:   serial
Model: Toradex Apalis iMX6 Quad 2GB IT V1.1C, Serial# 05146387
Net:   using PHY at 7
FEC [PRIME]
Hit any key to stop autoboot:  1  0 
Booting from internal eMMC chip...
reading imx6q-apalis-eval.dtb
50345 bytes read in 17 ms (2.8 MiB/s)
reading uImage
5207280 bytes read in 196 ms (25.3 MiB/s)
## Booting kernel from Legacy Image at 11000000 ...
   Image Name:   Linux-4.1.44-2.7.4+gb1555bf
   Image Type:   ARM Linux Kernel Image (uncompressed)
   Data Size:    5207216 Bytes = 5 MiB
   Load Address: 10008000
   Entry Point:  10008000
   Verifying Checksum ... OK
## Flattened Device Tree blob at 12000000
   Booting using the fdt blob at 0x12000000
   Loading Kernel Image ... OK
   Using Device Tree in place at 12000000, end 1200f4a8

Starting kernel ...

[    0.000000] Booting Linux on physical CPU 0x0
[    0.000000] Initializing cgroup subsys cpu
[    0.000000] Initializing cgroup subsys cpuacct
[    0.000000] Linux version 4.1.44-2.7.4+gb1555bf (yocto@45574f02061f) (gcc version 6.2.1 20161016 (Linaro GCC 6.2-2016.11) ) #1 SMP Wed Oct 4 22:39:51 UTC 2017
[    0.000000] CPU: ARMv7 Processor [412fc09a] revision 10 (ARMv7), cr=10c5387d
[    0.000000] CPU: PIPT / VIPT nonaliasing data cache, VIPT aliasing instruction cache
[    0.000000] Machine model: Toradex Apalis iMX6Q/D Module on Apalis Evaluation Board
[    0.000000] Reserved memory: created CMA memory pool at 0x62000000, size 320 MiB
[    0.000000] Reserved memory: initialized node linux,cma, compatible id shared-dma-pool
[    0.000000] Memory policy: Data cache writealloc
[    0.000000] PERCPU: Embedded 12 pages/cpu @d0efc000 s16588 r8192 d24372 u49152
[    0.000000] Built 1 zonelists in Zone order, mobility grouping on.  Total pages: 521024
[    0.000000] Kernel command line: enable_wait_mode=off vmalloc=400M ip=off root=/dev/mmcblk0p2 ro rootfstype=ext4 rootwait fec_mac=00:14:2d:4e:87:13 consoleblank=0 no_console_suspend=1 console=tty1 console=ttymxc0,115200n8 video=mxcfb0:dev=lcd,FusionF07A,if=RGB24 video=mxcfb1:off video=mxcfb2:off video=mxcfb3:off fbmem=32M
[    0.000000] PID hash table entries: 4096 (order: 2, 16384 bytes)
[    0.000000] Dentry cache hash table entries: 262144 (order: 8, 1048576 bytes)
[    0.000000] Inode-cache hash table entries: 131072 (order: 7, 524288 bytes)
[    0.000000] Memory: 1740460K/2097152K available (6751K kernel code, 239K rwdata, 2224K rodata, 332K init, 421K bss, 29012K reserved, 327680K cma-reserved, 425984K highmem)
[    0.000000] Virtual kernel memory layout:
[    0.000000]     vector  : 0xffff0000 - 0xffff1000   (   4 kB)
[    0.000000]     fixmap  : 0xffc00000 - 0xfff00000   (3072 kB)
[    0.000000]     vmalloc : 0xe6800000 - 0xff000000   ( 392 MB)
[    0.000000]     lowmem  : 0x80000000 - 0xe6000000   (1632 MB)
[    0.000000]     pkmap   : 0x7fe00000 - 0x80000000   (   2 MB)
[    0.000000]     modules : 0x7f000000 - 0x7fe00000   (  14 MB)
[    0.000000]       .text : 0x80008000 - 0x808cc0bc   (8977 kB)
[    0.000000]       .init : 0x808cd000 - 0x80920000   ( 332 kB)
[    0.000000]       .data : 0x80920000 - 0x8095bf20   ( 240 kB)
[    0.000000]        .bss : 0x8095bf20 - 0x809c56a0   ( 422 kB)
[    0.000000] SLUB: HWalign=64, Order=0-3, MinObjects=0, CPUs=4, Nodes=1
[    0.000000] Hierarchical RCU implementation.
[    0.000000] 	Additional per-CPU info printed with stalls.
[    0.000000] NR_IRQS:16 nr_irqs:16 16
[    0.000000] L2C-310 erratum 769419 enabled
[    0.000000] L2C-310 enabling early BRESP for Cortex-A9
[    0.000000] L2C-310 full line of zeros enabled for Cortex-A9
[    0.000000] L2C-310 ID prefetch enabled, offset 16 lines
[    0.000000] L2C-310 dynamic clock gating enabled, standby mode enabled
[    0.000000] L2C-310 cache controller enabled, 16 ways, 1024 kB
[    0.000000] L2C-310: CACHE_ID 0x410000c7, AUX_CTRL 0x76470001
[    0.000000] mxc_clocksource_init 3000000
[    0.000000] Switching to timer-based delay loop, resolution 333ns
[    0.000006] sched_clock: 32 bits at 3000kHz, resolution 333ns, wraps every 715827882841ns
[    0.000023] clocksource mxc_timer1: mask: 0xffffffff max_cycles: 0xffffffff, max_idle_ns: 637086815595 ns
[    0.001112] Console: colour dummy device 80x30
[    0.001741] console [tty1] enabled
[    0.001768] Calibrating delay loop (skipped), value calculated using timer frequency.. 6.00 BogoMIPS (lpj=30000)
[    0.001804] pid_max: default: 32768 minimum: 301
[    0.001918] Mount-cache hash table entries: 4096 (order: 2, 16384 bytes)
[    0.001945] Mountpoint-cache hash table entries: 4096 (order: 2, 16384 bytes)
[    0.002537] Initializing cgroup subsys freezer
[    0.002576] Initializing cgroup subsys debug
[    0.002614] CPU: Testing write buffer coherency: ok
[    0.002946] CPU0: thread -1, cpu 0, socket 0, mpidr 80000000
[    0.003056] Setting up static identity map for 0x10008280 - 0x100082d8
[    0.004925] CPU1: thread -1, cpu 1, socket 0, mpidr 80000001
[    0.005578] CPU2: thread -1, cpu 2, socket 0, mpidr 80000002
[    0.006238] CPU3: thread -1, cpu 3, socket 0, mpidr 80000003
[    0.006307] Brought up 4 CPUs
[    0.006388] SMP: Total of 4 processors activated (24.00 BogoMIPS).
[    0.006410] CPU: All CPU(s) started in SVC mode.
[    0.006919] devtmpfs: initialized
[    0.020206] VFP support v0.3: implementor 41 architecture 3 part 30 variant 9 rev 4
[    0.020621] clocksource jiffies: mask: 0xffffffff max_cycles: 0xffffffff, max_idle_ns: 19112604462750000 ns
[    0.020680] futex hash table entries: 1024 (order: 4, 65536 bytes)
[    0.040378] pinctrl core: initialized pinctrl subsystem
[    0.041563] NET: Registered protocol family 16
[    0.049856] DMA: preallocated 256 KiB pool for atomic coherent allocations
[    0.079685] cpuidle: using governor ladder
[    0.109679] cpuidle: using governor menu
[    0.109961] CPU identified as i.MX6Q, silicon rev 1.5
[    0.135363] hw-breakpoint: found 5 (+1 reserved) breakpoint and 1 watchpoint registers.
[    0.135409] hw-breakpoint: maximum watchpoint size is 4 bytes.
[    0.136440] imx6q-pinctrl 20e0000.iomuxc: initialized IMX pinctrl driver
[    0.138032] imx-gpc 20dc000.gpc: no fsl,ldo-bypass found!
[    0.147591] usb_host_vbus: supplied by usb_host_vbus_hub
[    0.147925] vgaarb: loaded
[    0.148740] SCSI subsystem initialized
[    0.149259] usbcore: registered new interface driver usbfs
[    0.149362] usbcore: registered new interface driver hub
[    0.149469] usbcore: registered new device driver usb
[    0.150191] i2c-gpio i2c@0: using pins 80 (SDA) and 62 (SCL)
[    0.151196] i2c i2c-1: IMX I2C adapter registered
[    0.151232] i2c i2c-1: can't use DMA
[    0.152783] stmpe-i2c 2-0041: stmpe811 detected, chip id: 0x811
[    0.154701] i2c i2c-2: IMX I2C adapter registered
[    0.154737] i2c i2c-2: can't use DMA
[    0.155410] i2c i2c-3: IMX I2C adapter registered
[    0.155443] i2c i2c-3: can't use DMA
[    0.155604] Linux video capture interface: v2.00
[    0.155673] pps_core: LinuxPPS API ver. 1 registered
[    0.155696] pps_core: Software ver. 5.3.6 - Copyright 2005-2007 Rodolfo Giometti <giometti@linux.it>
[    0.155749] PTP clock support registered
[    0.169732] imx-ipuv3 2400000.ipu: IPU DMFC NORMAL mode: 1(0~1), 5B(4,5), 5F(6,7)
[    0.189727] imx-ipuv3 2800000.ipu: IPU DMFC NORMAL mode: 1(0~1), 5B(4,5), 5F(6,7)
[    0.190658] mxc_mipi_csi2 21dc000.mipi_csi: i.MX MIPI CSI2 driver probed ipu0 csi1
[    0.190702] mxc_mipi_csi2 21dc000.mipi_csi: i.MX MIPI CSI2 dphy version is 0x3130302a
[    0.190811] MIPI CSI2 driver module loaded
[    0.191031] Advanced Linux Sound Architecture Driver Initialized.
[    0.192743] Switched to clocksource mxc_timer1
[    0.203721] NET: Registered protocol family 2
[    0.204535] TCP established hash table entries: 16384 (order: 4, 65536 bytes)
[    0.204705] TCP bind hash table entries: 16384 (order: 5, 131072 bytes)
[    0.204967] TCP: Hash tables configured (established 16384 bind 16384)
[    0.205063] UDP hash table entries: 1024 (order: 3, 32768 bytes)
[    0.205154] UDP-Lite hash table entries: 1024 (order: 3, 32768 bytes)
[    0.205431] NET: Registered protocol family 1
[    0.205773] RPC: Registered named UNIX socket transport module.
[    0.205802] RPC: Registered udp transport module.
[    0.205821] RPC: Registered tcp transport module.
[    0.205841] RPC: Registered tcp NFSv4.1 backchannel transport module.
[    0.206594] CPU PMU: Failed to parse /soc/pmu/interrupt-affinity[0]
[    0.206666] hw perfevents: enabled with armv7_cortex_a9 PMU driver, 7 counters available
[    0.208445] Bus freq driver module loaded
[    0.215650] VFS: Disk quotas dquot_6.6.0
[    0.215854] VFS: Dquot-cache hash table entries: 1024 (order 0, 4096 bytes)
[    0.217424] NFS: Registering the id_resolver key type
[    0.217485] Key type id_resolver registered
[    0.217506] Key type id_legacy registered
[    0.217545] nfs4filelayout_init: NFSv4 File Layout Driver Registering...
[    0.218081] ntfs: driver 2.1.32 [Flags: R/W].
[    0.218565] fuse init (API version 7.23)
[    0.222820] bounce: pool size: 64 pages
[    0.222865] io scheduler noop registered
[    0.222895] io scheduler deadline registered
[    0.223088] io scheduler cfq registered (default)
[    0.225421] backlight supply power not found, using dummy regulator
[    0.227045] MIPI DSI driver module loaded
[    0.228453] 20e0000.hdmi_video supply HDMI not found, using dummy regulator
[    0.230360] mxc_sdc_fb fb@0: registered mxc display driver lcd
[    0.234298] mxc_sdc_fb fb@0: 800x480 h_sync,r,l: 128,40,88  v_sync,l,u: 2,10,33 pixclock=33260000 Hz
[    0.286470] mxc_sdc_fb fb@0: 800x480 h_sync,r,l: 128,40,88  v_sync,l,u: 2,10,33 pixclock=33260000 Hz
[    0.307408] Console: switching to colour frame buffer device 100x30
[    0.348710] mxc_sdc_fb fb@1: mxcfb1 is turned off!
[    0.350769] mxc_sdc_fb fb@2: mxcfb2 is turned off!
[    0.352721] mxc_sdc_fb fb@3: mxcfb3 is turned off!
[    0.356019] imx-sdma 20ec000.sdma: no iram assigned, using external mem
[    0.358133] imx-sdma 20ec000.sdma: no event needs to be remapped
[    0.360188] imx-sdma 20ec000.sdma: loaded firmware 3.3
[    0.364702] imx-sdma 20ec000.sdma: initialized
[    0.368184] pfuze100-regulator 2-0008: Full layer: 2, Metal layer: 1
[    0.370650] pfuze100-regulator 2-0008: FAB: 0, FIN: 0
[    0.372447] pfuze100-regulator 2-0008: pfuze100 found.
[    0.388673] 2020000.serial: ttymxc0 at MMIO 0x2020000 (irq = 27, base_baud = 5000000) is a IMX
[    1.241688] console [ttymxc0] enabled
[    1.248187] 21e8000.serial: ttymxc1 at MMIO 0x21e8000 (irq = 303, base_baud = 5000000) is a IMX
[    1.259484] 21f0000.serial: ttymxc3 at MMIO 0x21f0000 (irq = 304, base_baud = 5000000) is a IMX
[    1.270742] 21f4000.serial: ttymxc4 at MMIO 0x21f4000 (irq = 305, base_baud = 5000000) is a IMX
[    1.282298] [drm] Initialized drm 1.1.0 20060810
[    1.289327] [drm] Initialized vivante 1.0.0 20120216 on minor 0
[    1.305719] brd: module loaded
[    1.316034] loop: module loaded
[    1.322270] ahci-imx 2200000.sata: fsl,transmit-level-mV not specified, using 00000024
[    1.332178] ahci-imx 2200000.sata: fsl,transmit-boost-mdB not specified, using 00000480
[    1.342087] ahci-imx 2200000.sata: fsl,transmit-atten-16ths not specified, using 00002000
[    1.352098] ahci-imx 2200000.sata: fsl,receive-eq-mdB not specified, using 05000000
[    1.364861] ahci-imx 2200000.sata: SSS flag set, parallel bus scan disabled
[    1.373621] ahci-imx 2200000.sata: AHCI 0001.0300 32 slots 1 ports 3 Gbps 0x1 impl platform mode
[    1.384193] ahci-imx 2200000.sata: flags: ncq sntf stag pm led clo only pmp pio slum part ccc apst 
[    1.398273] scsi host0: ahci-imx
[    1.403658] ata1: SATA max UDMA/133 mmio [mem 0x02200000-0x02203fff] port 0x100 irq 315
[    1.415758] spi_imx 2008000.ecspi: probed
[    1.422593] spi_imx 200c000.ecspi: probed
[    1.429540] vcan: Virtual CAN interface driver
[    1.435926] CAN device driver interface
[    1.441884] 2090000.flexcan supply xceiver not found, using dummy regulator
[    1.451703] flexcan 2090000.flexcan: device registered (reg_base=e6aa0000, irq=36)
[    1.461400] 2094000.flexcan supply xceiver not found, using dummy regulator
[    1.471088] flexcan 2094000.flexcan: device registered (reg_base=e6aa8000, irq=37)
[    1.481784] 2188000.ethernet supply phy not found, using dummy regulator
[    1.503169] pps pps0: new PPS source ptp0
[    1.510278] libphy: fec_enet_mii_bus: probed
[    1.518371] fec 2188000.ethernet eth0: registered PHC device 0
[    1.526647] usbcore: registered new interface driver asix
[    1.534195] usbcore: registered new interface driver ax88179_178a
[    1.542388] usbcore: registered new interface driver cdc_ether
[    1.550247] usbcore: registered new interface driver net1080
[    1.557892] usbcore: registered new interface driver cdc_subset
[    1.565767] usbcore: registered new interface driver zaurus
[    1.573283] usbcore: registered new interface driver cdc_ncm
[    1.580730] ehci_hcd: USB 2.0 'Enhanced' Host Controller (EHCI) Driver
[    1.589079] ehci-pci: EHCI PCI platform driver
[    1.595343] ehci-mxc: Freescale On-Chip EHCI Host driver
[    1.602565] usbcore: registered new interface driver usb-storage
[    1.610469] usbcore: registered new interface driver usbserial
[    1.618018] usbcore: registered new interface driver usbserial_generic
[    1.626173] usbserial: USB Serial support registered for generic
[    1.633881] usbcore: registered new interface driver ftdi_sio
[    1.641312] usbserial: USB Serial support registered for FTDI USB Serial Device
[    1.650408] usbcore: registered new interface driver pl2303
[    1.657760] usbserial: USB Serial support registered for pl2303
[    1.666652] 2184800.usbmisc supply vbus-wakeup not found, using dummy regulator
[    1.686411] ci_hdrc ci_hdrc.1: EHCI Host Controller
[    1.693002] ci_hdrc ci_hdrc.1: new USB bus registered, assigned bus number 1
[    1.712782] ci_hdrc ci_hdrc.1: USB 2.0 started, EHCI 1.00
[    1.720688] hub 1-0:1.0: USB hub found
[    1.726125] hub 1-0:1.0: 1 port detected
[    1.732677] mousedev: PS/2 mouse device common for all mice
[    1.748761] input: stmpe-ts as /devices/soc0/soc/2100000.aips-bus/21a4000.i2c/i2c-2/2-0041/stmpe-ts/input/input0
[    1.762786] ata1: SATA link down (SStatus 0 SControl 300)
[    1.765878] rtc-ds1307 1-0068: oscillator failed, set time!
[    1.766064] rtc-ds1307 1-0068: rtc core: registered m41t0 as rtc0
[    1.766741] snvs_rtc 20cc000.snvs:snvs-rtc-lp: rtc core: registered 20cc000.snvs:snvs-r as rtc1
[    1.766874] i2c /dev entries driver
[    1.768232] mxc_v4l2_output v4l2_out: V4L2 device registered as video16
[    1.768385] mxc_v4l2_output v4l2_out: V4L2 device registered as video17
[    1.769856] imx2-wdt 20bc000.wdog: timeout 60 sec (nowayout=0)
[    1.770208] sdhci: Secure Digital Host Controller Interface driver
[    1.770212] sdhci: Copyright(c) Pierre Ossman
[    1.770222] sdhci-pltfm: SDHCI platform and OF driver helper
[    1.771332] /soc/aips-bus@02100000/usdhc@02190000: voltage-ranges unspecified
[    1.771363] sdhci-esdhc-imx 2190000.usdhc: Got CD GPIO
[    1.772715] sdhci-esdhc-imx 2190000.usdhc: No vqmmc regulator found
[    1.812918] mmc1: SDHCI controller on 2190000.usdhc [2190000.usdhc] using ADMA
[    1.815414] /soc/aips-bus@02100000/usdhc@02194000: voltage-ranges unspecified
[    1.815441] sdhci-esdhc-imx 2194000.usdhc: Got CD GPIO
[    1.816728] sdhci-esdhc-imx 2194000.usdhc: No vqmmc regulator found
[    1.872921] mmc2: SDHCI controller on 2194000.usdhc [2194000.usdhc] using ADMA
[    1.875583] /soc/aips-bus@02100000/usdhc@02198000: voltage-ranges unspecified
[    1.875907] sdhci-esdhc-imx 2198000.usdhc: No vqmmc regulator found
[    1.912776] mmc0: SDHCI controller on 2198000.usdhc [2198000.usdhc] using ADMA
[    1.927302] mxc_vpu 2040000.vpu_fsl: VPU initialized
[    1.927938] mxc_vdoa 21e4000.vdoa: i.MX Video Data Order Adapter(VDOA) driver probed
[    1.929857] caam 2100000.caam: Entropy delay = 3200
[    1.968685] ahci-imx 2200000.sata: no device found, disabling link.
[    1.977137] ahci-imx 2200000.sata: pass ahci_imx..hotplug=1 to enable hotplug
[    1.988042] mmc0: MAN_BKOPS_EN bit is not set
[    1.990647] caam 2100000.caam: Instantiated RNG4 SH0
[    2.020889] mmc0: new DDR MMC card at address 0001
[    2.028187] mmcblk0: mmc0:0001 Q2J54A 3.59 GiB 
[    2.035071] mmcblk0boot0: mmc0:0001 Q2J54A partition 1 16.0 MiB
[    2.043233] mmcblk0boot1: mmc0:0001 Q2J54A partition 2 16.0 MiB
[    2.051408] caam 2100000.caam: Instantiated RNG4 SH1
[    2.052333]  mmcblk0: p1 p2
[    2.063278] caam 2100000.caam: device ID = 0x0a16010000000000 (Era -524)
[    2.072035] caam 2100000.caam: job rings = 2, qi = 0
[    2.132786] usb 1-1: new high-speed USB device number 2 using ci_hdrc
[    2.138386] caam algorithms registered in /proc/crypto
[    2.143408] caam_jr 2101000.jr0: registering rng-caam
[    2.144269] snvs-secvio 20cc000.caam-snvs: can't get snvs clock
[    2.144322] snvs-secvio 20cc000.caam-snvs: violation handlers armed - non-secure state
[    2.144572] hidraw: raw HID events driver (C) Jiri Kosina
[    2.144763] usbcore: registered new interface driver usbhid
[    2.144766] usbhid: USB HID core driver
[    2.150069] stmpe-adc stmpe-adc: Initialized
[    2.152371] sgtl5000 2-000a: sgtl5000 revision 0x11
[    2.302385] fsl-hdmi-dai soc:hdmi_audio@00120000: failed to probe. Load HDMI-video first.
[    2.312560] fsl-hdmi-dai: probe of soc:hdmi_audio@00120000 failed with error -12
[    2.334276] imx-sgtl5000 sound: sgtl5000 <-> 2028000.ssi mapping ok
[    2.345234] imx-spdif sound-spdif: snd-soc-dummy-dai <-> 2004000.spdif mapping ok
[    2.355765] hub 1-1:1.0: USB hub found
[    2.355905] imx-audio-hdmi sound-hdmi: initialize HDMI-audio failed. load HDMI-video first!
[    2.356772] NET: Registered protocol family 10
[    2.357801] NET: Registered protocol family 17
[    2.357823] can: controller area network core (rev 20120528 abi 9)
[    2.357886] NET: Registered protocol family 29
[    2.357920] can: raw protocol (rev 20120528)
[    2.357932] can: broadcast manager protocol (rev 20120528 t)
[    2.357946] can: netlink gateway (rev 20130117) max_hops=1
[    2.358447] Key type dns_resolver registered
[    2.363158] Registering SWP/SWPB emulation handler
[    2.364251] 1ffc000.pcie supply pcie-bus not found, using dummy regulator
[    2.442966] hub 1-1:1.0: 4 ports detected
[    2.700532] imx6q-pcie 1ffc000.pcie: phy link never came up
[    2.708213] imx6q-pcie 1ffc000.pcie: failed to initialize host
[    2.708333] imx6q-pcie: probe of 1ffc000.pcie failed with error -22
[    2.724409] usb 1-1.3: new full-speed USB device number 3 using ci_hdrc
[    2.725171] input: gpio-keys as /devices/soc0/gpio-keys/input/input1
[    2.726842] rtc-ds1307 1-0068: hctosys: unable to read the hardware clock
[    2.737599] usb_otg_vbus: disabling
[    2.737847] ALSA device list:
[    2.737853]   #0: imx6q-apalis-sgtl5000
[    2.737856]   #1: imx-spdif
[    2.780609] EXT4-fs (mmcblk0p2): INFO: recovery required on readonly filesystem
[    2.789889] EXT4-fs (mmcblk0p2): write access will be enabled during recovery
[    2.896050] usb-storage 1-1.3:1.0: USB Mass Storage device detected
[    2.904792] scsi host1: usb-storage 1-1.3:1.0
[    3.209505] EXT4-fs (mmcblk0p2): recovery complete
[    3.219086] EXT4-fs (mmcblk0p2): mounted filesystem with ordered data mode. Opts: (null)
[    3.231005] VFS: Mounted root (ext4 filesystem) readonly on device 179:2.
[    3.244217] devtmpfs: mounted
[    3.249420] Freeing unused kernel memory: 332K
[    3.349560] systemd[1]: System time before build time, advancing clock.
[    3.379937] random: systemd urandom read with 20 bits of entropy available
[    3.392917] systemd[1]: systemd 230 running in system mode. (+PAM -AUDIT -SELINUX +IMA -APPARMOR +SMACK +SYSVINIT +UTMP -LIBCRYPTSETUP -GCRYPT -GNUTLS -ACL -XZ +LZ4 -SECCOMP +BLKID -ELFUTILS +KMOD +IDN)
[    3.417672] systemd[1]: Detected architecture arm.

Welcome to The Ångström Distribution v2016.12!

[    3.443285] systemd[1]: Set hostname to <apalis-imx6>.
[    3.678424] systemd[1]: Started Forward Password Requests to Wall Directory Watch.
[  OK  ] Started Forward Password Requests to Wall Directory Watch.
[    3.713353] systemd[1]: Created slice System Slice.
[  OK  ] Created slice System Slice.
[    3.743243] systemd[1]: Created slice system-getty.slice.
[  OK  ] Created slice system-getty.slice.
[    3.773118] systemd[1]: Listening on Journal Socket.
[  OK  ] Listening on Journal Socket.
[    3.807514] systemd[1]: Starting File System Check on Root Device...
         Starting File System Check on Root Device...
[    3.835026] systemd[1]: Created slice system-serial\x2dgetty.slice.
[  OK  ] Created slice [    3.846647] systemd[1]: Listening on Journal Socket (/dev/log).
system-serial\x2dgetty.slice.
[  OK  ] Listening on[    3.862111] systemd[1]: Starting Journal Service...
 Journal Socket (/dev/log).
[    3.872517] systemd[1]: Listening on /dev/initctl Compatibility Named Pipe.
         Starting Journal Service[    3.883634] systemd[1]: Listening on udev Kernel Socket.
...
[  OK  ] Listenin[    3.894071] systemd[1]: Reached target Remote File Systems.
g on /dev/initctl Compatibility Named Pipe.
[  OK  ] [    3.908600] systemd[1]: Starting Export GPIOs to user space...
Listening on udev Kernel Socket.[    3.918210] scsi 1:0:0:0: Direct-Access     USB2.0   CARD-READER      1.01 PQ: 0 ANSI: 2

[  OK  ] Reached target Remote File Systems.
         Starting Export GPIOs t[    3.934941] sd 1:0:0:0: [sda] Attached SCSI removable disk
o user space...
[    3.936155] systemd[1]: Starting Create list of required static device nodes for the current kernel...
         [    3.959939] systemd[1]: Listening on udev Control Socket.
Starting Create list of required st... nodes for the current kern[    3.968915] systemd[1]: Started Dispatch Password Requests to Console Directory Watch.
el...
[  OK  ] Listen[    3.981822] systemd[1]: Reached target Swap.
ing on udev Control Socket.
[  OK  ] Started Dispatch[    3.989919] systemd[1]: Created slice User and Session Slice.
 Password Requests to Console Directory Watch.
[  OK      4.000485] systemd[1]: Reached target Slices.
m] Reached target Swap.
[[    4.010282] systemd[1]: Reached target Paths.
  OK  ] Created slice User and Session Slice.
[  OK  ] Reached target Slices.
[  OK  ] Reached target Paths.
[    4.055097] systemd[1]: Mounting Debug File System...
         Mounting Debug File System...
[    4.085647] systemd[1]: Mounting Temporary Directory...
         Mounting Temporary Directory...
[    4.113245] systemd[1]: Listening on Network Service Netlink Socket.
[  OK  ] Listening on Network Service Netlink Socket.
[    4.145208] systemd[1]: Starting Setup Virtual Console...
         Starting Setup Virtual Console...
[    4.176790] systemd[1]: Starting Load Kernel Modules...
         Starting Load Kernel Modules...
[    4.203330] Galcore version 5.0.11.41671
[    4.206988] systemd[1]: Mounted Debug File System.
[  OK  ] Mounted Debug File System.
[    4.233091] systemd[1]: Mounted Temporary Directory.
[  OK  ] Mounted Temporary Directory.
[    4.264253] systemd[1]: Started Journal Service.
[  OK  ] Started Journal Service.
[  OK  ] Started File System Check on Root Device.
[  OK  ] Started Export GPIOs to user space.
[  OK  ] Started Create list of required sta...ce nodes for the current kernel.
[  OK  ] Started Setup Virtual Console.
         Starting Remount Root and Kernel File Systems...
[    4.405602] EXT4-fs (mmcblk0p2): re-mounted. Opts: (null)
[  OK  ] Started Remount Root and Kernel File Systems.
         Starting udev Coldplug all Devices...
         Starting Flush Journal to Persistent Storage...
         Starting Create Static Device Nodes in /dev...
[  OK  ] Started Create Static Device Nodes in /dev.
[    4.545715] systemd-journald[192]: Received request to flush runtime journal from PID 1
         Starting udev Kernel Device Manager...
[  OK  ] Reached target Local File Systems (Pre).
[    4.583019] systemd-journald[192]: File /var/log/journal/c9f477e9a2c140e1b41ba1e10b40bb9b/system.journal corrupted or uncleanly shut down, renaming and replacing.
         Mounting /var/volatile...
[  OK  ] Mounted /var/volatile.
         Starting Load/Save Random Seed...
[  OK  ] Reached target Local File Systems.
[  OK  ] Started udev Kernel Device Manager.
[  OK  ] Started Load/Save Random Seed.
[  OK  ] Started Flush Journal to Persistent Storage.
         Starting Create Volatile Files and Directories...
[  OK  ] Started Create Volatile Files and Directories.
         Starting Update UTMP about System Boot/Shutdown...
[    4.988176] sd 1:0:0:0: [sda] 15677440 512-byte logical blocks: (8.03 GB/7.48 GiB)
         Starting Network Time Synchronization...
[    5.009748] sda: detected capacity change from 0 to 8026849280
[    5.028652]  sda: sda1
[  OK  ] Started Load Kernel Modules.
         Starting Apply Kernel Variables...
         Mounting FUSE Control File System...
         Mounting Configuration File System...
[  OK  ] Mounted Configuration File System.
[  OK  ] Mounted FUSE Control File System.
[  OK  ] Started Apply Kernel Variables.
[  OK  ] Started udev Coldplug all Devices.
[  OK  ] Started Network Time Synchronization.
[  OK  ] Reached target System Time Synchronized.
[  OK  ] Started Update UTMP about System Boot/Shutdown.
[  OK  ] Reached target System Initialization.
[  OK  ] Listening on Avahi mDNS/DNS-SD Stack Activation Socket.
         Starting sshd.socket.
[  OK  ] Listening on D-Bus System Message Bus Socket.
         Starting Socket activation for snappy daemon.
[  OK  ] Started Daily Cleanup of Temporary Directories.
[  OK  ] Reached target Timers.
[  OK  ] Listening on RPCbind Server Activation Socket.
[  OK  ] Listening on sshd.socket.
[  OK  ] Listening on Socket activation for snappy daemon.
[  OK  ] Reached target Sockets.
[  OK  ] Reached target Basic System.
[  OK  ] Started Timestamping service.
         Starting Login Service...
[  OK  ] Started D-Bus System Message Bus.
         Starting Connection service...
[  OK  ] Started Snappy daemon.
         Starting Load default USB gadget schema g1.schema...
         Starting Avahi mDNS/DNS-SD Stack...
         Starting Save/Restore Sound Card State...
[    5.916499] using random self ethernet address
[    5.923676] using random host ethernet address
[  OK  ] Started Save/Restore Sound Card State.
[    6.051951] usb0: HOST MAC 00:14:2d:ff:ff:fe
[    6.063274] usb0: MAC 00:14:2d:ff:ff:ff
[  OK  ] Started Avahi mDNS/DNS-SD Stack.
[  OK  ] Started Load default USB gadget schema g1.schema.
[  OK  ] Started Login Service.
[  OK  ] Started Connection service.
         Starting Network Service...
[  OK  ] Listening on Load/Save RF Kill Switch Status /dev/rfkill Watch.
[  OK  ] Started Network Service.
[  OK  ] Reached target Network.
         Starting Network Name Resolution...
         Starting Permit User Sessions...
[  OK  ] Started Permit User Sessions.
         Starting Hostname Service...
[  OK  ] Started LXDE Display Manager.
[    6.393679] fec 2188000.ethernet eth0: Freescale FEC PHY driver [Micrel KSZ9031 Gigabit PHY] (mii_bus:phy_addr=2188000.ethernet:07, irq=70)
         Starting WPA supplicant...
[    6.417826] IPv6: ADDR[  OK  ] Started Network Name Resolution.
[  OK  ] Started WPA supplicant.
[  OK  ] Started Hostname Service.
[    6.685164] mxc_sdc_fb fb@0: 800x480 h_sync,r,l: 128,40,88  v_sync,l,u: 2,10,33 pixclock=33260000 Hz
[    6.737012] mxc_sdc_fb fb@0: 800x480 h_sync,r,l: 128,40,88  v_sync,l,u: 2,10,33 pixclock=33260000 Hz
 v_sync,l,u: 2,10,33 pixclock=33260000 Hz
 v_sync,l,u: 2,10,33 pixclock=33260000 Hz
 v_sync,l,u: 2,10,33 pixclock=33260000 Hz
 v_sync,l,u: 2,10,33 pixclock=33260000 Hz
 v_sync,l,u: 2,10,33 pixclock=33260000 Hz
 v_sync,l,u: 2,10,33 pixclock=33260000 Hz
 v_sync,l,u: 2,10,33 pixclock=33260000 Hz
 v_sync,l,u: 2,10,33 pixclock=33260000 Hz
 v_sync,l,u: 2,10,33 pixclock=33260000 Hz
 v_sync,l,u: 2,10,33 pixclock=33260000 Hz
 v_sync,l,u: 2,10,33 pixclock=33260000 Hz
 v_sync,l,u: 2,10,33 pixclock=33260000 Hz
 v_sync,l,u: 2,10,33 pixclock=33260000 Hz
 v_sync,l,u: 2,10,33 pixclock=33260000 Hz
 v_sync,l,u: 2,10,33 pixclock=33260000 Hz
 v_sync,l,u: 2,10,33 pixclock=33260000 Hz
 v_sync,l,u: 2,10,33 pixclock=33260000 Hz
 v_sync,l,u: 2,10,33 pixclock=33260000 Hz
 v_sync,l,u: 2,10,33 pixclock=33260000 Hz
 v_sync,l,u: 2,10,33 pixclock=33260000 Hz
 v_sync,l,u: 2,10,33 pixclock=33260000 Hz
 v_sync,l,u: 2,10,33 pixclock=33260000 Hz
 v_sync,l,u: 2,10,33 pixclock=33260000 Hz
 v_sync,l,u: 2,10,33 pixclock=33260000 Hz
 v_sync,l,u: 2,10,33 pixclock=33260000 Hz
 v_sync,l,u: 2,10,33 pixclock=33260000 Hz
 v_sync,l,u: 2,10,33 pixclock=33260000 Hz
 v_sync,l,u: 2,10,33 pixclock=33260000 Hz
 v_sync,l,u: 2,10,33 pixclock=33260000 Hz
 v_sync,l,u: 2,10,33 pixclock=33260000 Hz
 v_sync,l,u: 2,10,33 pixclock=33260000 Hz
 v_sync,l,u: 2,10,33 pixclock=33260000 Hz
 v_sync,l,u: 2,10,33 pixclock=33260000 Hz
 v_sync,l,u: 2,10,33 pixclock=33260000 Hz
 v_sync,l,u: 2,10,33 pixclock=33260000 Hz
 v_sync,l,u: 2,10,33 pixclock=33260000 Hz
 v_sync,l,u: 2,10,33 pixclock=33260000 Hz
 v_sync,l,u: 2,10,33 pixclock=33260000 Hz
 v_sync,l,u: 2,10,33 pixclock=33260000 Hz
 v_sync,l,u: 2,10,33 pixclock=33260000 Hz
 v_sync,l,u: 2,10,33 pixclock=33260000 Hz
 v_sync,l,u: 2,10,33 pixclock=33260000 Hz
 v_sync,l,u: 2,10,33 pixclock=33260000 Hz
 v_sync,l,u: 2,10,33 pixclock=33260000 Hz
 v_sync,l,u: 2,10,33 pixclock=33260000 Hz
 v_sync,l,u: 2,10,33 pixclock=33260000 Hz
 v_sync,l,u: 2,10,33 pixclock=33260000 Hz
 v_sync,l,u: 2,10,33 pixclock=33260000 Hz
 v_sync,l,u: 2,10,33 pixclock=33260000 Hz
 v_sync,l,u: 2,10,33 pixclock=33260000 Hz
 v_sync,l,u: 2,10,33 pixclock=33260000 Hz
 v_sync,l,u: 2,10,33 pixclock=33260000 Hz
 v_sync,l,u: 2,10,33 pixclock=33260000 Hz
 v_sync,l,u: 2,10,33 pixclock=33260000 Hz
 v_sync,l,u: 2,10,33 pixclock=33260000 Hz
 v_sync,l,u: 2,10,33 pixclock=33260000 Hz
 v_sync,l,u: 2,10,33 pixclock=33260000 Hz
 v_sync,l,u: 2,10,33 pixclock=33260000 Hz
 v_sync,l,u: 2,10,33 pixclock=33260000 Hz
 v_sync,l,u: 2,10,33 pixclock=33260000 Hz
 v_sync,l,u: 2,10,33 pixclock=33260000 Hz
 v_sync,l,u: 2,10,33 pixclock=33260000 Hz
 v_sync,l,u: 2,10,33 pixclock=33260000 Hz
 v_sync,l,u: 2,10,33 pixclock=33260000 Hz
 v_sync,l,u: 2,10,33 pixclock=33260000 Hz
 v_sync,l,u: 2,10,33 pixclock=33260000 Hz
 v_sync,l,u: 2,10,33 pixclock=33260000 Hz
 v_sync,l,u: 2,10,33 pixclock=33260000 Hz
 v_sync,l,u: 2,10,33 pixclock=33260000 Hz
 v_sync,l,u: 2,10,33 pixclock=33260000 Hz
 v_sync,l,u: 2,10,33 pixclock=33260000 Hz
 v_sync,l,u: 2,10,33 pixclock=33260000 Hz
 v_sync,l,u: 2,10,33 pixclock=33260000 Hz
 v_sync,l,u: 2,10,33 pixclock=33260000 Hz
 v_sync,l,u: 2,10,33 pixclock=33260000 Hz
 v_sync,l,u: 2,10,33 pixclock=33260000 Hz
 v_sync,l,u: 2,10,33 pixclock=33260000 Hz
 v_sync,l,u: 2,10,33 pixclock=33260000 Hz
 v_sync,l,u: 2,10,33 pixclock=33260000 Hz
 v_sync,l,u: 2,10,33 pixclock=33260000 Hz
 v_sync,l,u: 2,10,33 pixclock=33260000 Hz
 v_sync,l,u: 2,10,33 pixclock=33260000 Hz
 v_sync,l,u: 2,10,33 pixclock=33260000 Hz
 v_sync,l,u: 2,10,33 pixclock=33260000 Hz
 v_sync,l,u: 2,10,33 pixclock=33260000 Hz
 v_sync,l,u: 2,10,33 pixclock=33260000 Hz
 v_sync,l,u: 2,10,33 pixclock=33260000 Hz
 v_sync,l,u: 2,10,33 pixclock=33260000 Hz
 v_sync,l,u: 2,10,33 pixclock=33260000 Hz
 v_sync,l,u: 2,10,33 pixclock=33260000 Hz
 v_sync,l,u: 2,10,33 pixclock=33260000 Hz
 v_sync,l,u: 2,10,33 pixclock=33260000 Hz
 v_sync,l,u: 2,10,33 pixclock=33260000 Hz
 v_sync,l,u: 2,10,33 pixclock=33260000 Hz
 v_sync,l,u: 2,10,33 pixclock=33260000 Hz
 v_sync,l,u: 2,10,33 pixclock=33260000 Hz
 v_sync,l,u: 2,10,33 pixclock=33260000 Hz
 v_sync,l,u: 2,10,33 pixclock=33260000 Hz
 v_sync,l,u: 2,10,33 pixclock=33260000 Hz
 v_sync,l,u: 2,10,33 pixclock=33260000 Hz
 v_sync,l,u: 2,10,33 pixclock=33260000 Hz
 v_sync,l,u: 2,10,33 pixclock=33260000 Hz
 v_sync,l,u: 2,10,33 pixclock=33260000 Hz
 v_sync,l,u: 2,10,33 pixclock=33260000 Hz
 v_sync,l,u: 2,10,33 pixclock=33260000 Hz
 v_sync,l,u: 2,10,33 pixclock=33260000 Hz
 v_sync,l,u: 2,10,33 pixclock=33260000 Hz
 v_sync,l,u: 2,10,33 pixclock=33260000 Hz
 v_sync,l,u: 2,10,33 pixclock=33260000 Hz
 v_sync,l,u: 2,10,33 pixclock=33260000 Hz
 v_sync,l,u: 2,10,33 pixclock=33260000 Hz
[    7.042289] configfs-gadget gadget: high-speed config #1: c
















































































































































































[    7.252602] mxc_sdc_fb fb@0: 800x480 h_sync,r,l: 128,40,88  v_sync,l,u: 2,10,33 pixclock=33260000 Hz
[  OK  ] Created slice User Slice of root.
[  OK  ] Started Session c1 of user root.
         Starting User Manager for UID 0...
[  OK  ] Started User Manager for UID 0.
[    7.804312] random: nonblocking pool is initialized
         Starting Authorization Manager...
[  OK  ] Started Authorization Manager.
         Starting Disk Manager...
[  OK  ] Started Disk Manager.
[   12.995757] FAT-fs (sda1): Volume was not properly unmounted. Some data may be corrupt. Please run fsck.
[  OK  ] Created slice system-systemd\x2dbacklight.slice.
         Starting Load/Save Screen Backlight...htness of backlight:backlight...
[  OK  ] Found device /dev/ttymxc0.
[  OK  ] Started Load/Save Screen Backlight Brightness of backlight:backlight.
[  OK  ] Started Serial Getty on ttymxc0.
[  OK  ] Reached target Login Prompts.
[  OK  ] Reached target Multi-User System.
[  OK  ] Reached target Graphical Interface.
         Starting Update UTMP about System Runlevel Changes...
[   13.320915] max9526 3-0020: Device seems not to be a MAX9526
[   13.332548] adv7280 3-0021: chip found @ 0x42 (21a8000.i2c)
[   13.338524] adv7280 3-0021: no sensor pwdn pin available
[   13.377140] adv7280 3-0021: adv7280_probe:Analog Device adv7280 not detected -5!
[   13.387030] /soc/aips-bus@02100000/i2c@021a8000/ov5640_mipi@3c: arguments longer than property
[   13.421069] ERROR: v4l2 capture: slave not found! V4L2_CID_HUE
[   13.424753] ERROR: v4l2 capture: slave not found! V4L2_CID_HUE
[   13.429149] ERROR: v4l2 capture: slave not found! V4L2_CID_HUE
[  OK  ] Started Update UTMP about System Runlevel Changes.
[  OK  ] Reached target Sound Card.
[   13.605450] ov5640_read_reg:write reg error:reg=300a
[   13.610469] camera ov5640_mipi is not found
[   13.893224] FAT-fs (mmcblk0p1): Volume was not properly unmounted. Some data may be corrupt. Please run fsck.

.---O---.                                           
|       |                  .-.           o o        
|   |   |-----.-----.-----.| |   .----..-----.-----.
|       |     | __  |  ---'| '--.|  .-'|     |     |
|   |   |  |  |     |---  ||  --'|  |  |  '  | | | |
'---'---'--'--'--.  |-----''----''--'  '-----'-'-'-'
                -'  |
                '---'

The Angstrom Distribution apalis-imx6 ttymxc0

Angstrom v2016.12 - Kernel 

Apalis-iMX6_LXDE-Image 2.7b4 20171004

apalis-imx6 login: 
.---O---.                                           
|       |                  .-.           o o        
|   |   |-----.-----.-----.| |   .----..-----.-----.
|       |     | __  |  ---'| '--.|  .-'|     |     |
|   |   |  |  |     |---  ||  --'|  |  |  '  | | | |
'---'---'--'--'--.  |-----''----''--'  '-----'-'-'-'
                -'  |
                '---'

The Angstrom Distribution apalis-imx6 ttymxc0

Angstrom v2016.12 - Kernel 

Apalis-iMX6_LXDE-Image 2.7b4 20171004

apalis-imx6 login: 
.---O---.                                           
|       |                  .-.           o o        
|   |   |-----.-----.-----.| |   .----..-----.-----.
|       |     | __  |  ---'| '--.|  .-'|     |     |
|   |   |  |  |     |---  ||  --'|  |  |  '  | | | |
'---'---'--'--'--.  |-----''----''--'  '-----'-'-'-'
                -'  |
                '---'

The Angstrom Distribution apalis-imx6 ttymxc0

Angstrom v2016.12 - Kernel 

Apalis-iMX6_LXDE-Image 2.7b4 20171004

apalis-imx6 login: 
.---O---.                                           
|       |                  .-.           o o        
|   |   |-----.-----.-----.| |   .----..-----.-----.
|       |     | __  |  ---'| '--.|  .-'|     |     |
|   |   |  |  |     |---  ||  --'|  |  |  '  | | | |
'---'---'--'--'--.  |-----''----''--'  '-----'-'-'-'
                -'  |
                '---'

The Angstrom Distribution apalis-imx6 ttymxc0

Angstrom v2016.12 - Kernel 

Apalis-iMX6_LXDE-Image 2.7b4 20171004

apalis-imx6 login: root
Last login: Wed Oct  4 23:42:35 UTC 2017 on ttymxc0
root@apalis-imx6:~# 
root@apalis-imx6:~# 
root@apalis-imx6:~# cd /
root@apalis-imx6:/# ls
bin         dev         home        lost+found  mnt         run         sys         usr
boot        etc         lib         media       proc        sbin        tmp         var
root@apalis-imx6:/# 
root@apalis-imx6:/# 
root@apalis-imx6:/# 
root@apalis-imx6:/# df
Filesystem           1K-blocks      Used Available Use% Mounted on
/dev/root              3615352    473068   2938920  14% /
devtmpfs                870228         4    870224   0% /dev
tmpfs                  1034236         0   1034236   0% /dev/shm
tmpfs                  1034236       464   1033772   0% /run
tmpfs                  1034236         0   1034236   0% /sys/fs/cgroup
tmpfs                  1034236         4   1034232   0% /tmp
tmpfs                  1034236         0   1034236   0% /var/volatile
tmpfs                   206848         0    206848   0% /run/user/0
/dev/sda1              7822400   1970920   5851480  25% /media/sda1
/dev/mmcblk0p1           16116      5333     10783  33% /media/mmcblk0p1
root@apalis-imx6:/# 

U-Boot 2016.11-2.7.4+g1b121c6 (Oct 04 2017 - 22:34:15 +0000)

CPU:   Freescale i.MX6Q rev1.5 at 792 MHz
Reset cause: POR
I2C:   ready
DRAM:  2 GiB
PMIC:  device id: 0x10, revision id: 0x21, programmed
MC:   FSL_SDHC: 0, FSL_SDHC: 1, FSL_SDHC: 2
auto-detected panel vga-rgb
Display: vga-rgb (640x480)
In:    serial
Out:   serial
Err:   serial
Model: Toradex Apalis iMX6 Quad 2GB IT V1.1C, Serial# 05146387
Net:   using PHY at 7
FEC [PRIME]
Hit any key to stop autoboot:  1  0 
Booting from internal eMMC chip...
reading imx6q-apalis-eval.dtb
50345 bytes read in 17 ms (2.8 MiB/s)
reading uImage
5207280 bytes read in 196 ms (25.3 MiB/s)
## Booting kernel from Legacy Image at 11000000 ...
   Image Name:   Linux-4.1.44-2.7.4+gb1555bf
   Image Type:   ARM Linux Kernel Image (uncompressed)
   Data Size:    5207216 Bytes = 5 MiB
   Load Address: 10008000
   Entry Point:  10008000
   Verifying Checksum ... OK
## Flattened Device Tree blob at 12000000
   Booting using the fdt blob at 0x12000000
   Loading Kernel Image ... OK
   Using Device Tree in place at 12000000, end 1200f4a8

Starting kernel ...

[    0.000000] Booting Linux on physical CPU 0x0
[    0.000000] Initializing cgroup subsys cpu
[    0.000000] Initializing cgroup subsys cpuacct
[    0.000000] Linux version 4.1.44-2.7.4+gb1555bf (yocto@45574f02061f) (gcc version 6.2.1 20161016 (Linaro GCC 6.2-2016.11) ) #1 SMP Wed Oct 4 22:39:51 UTC 2017
[    0.000000] CPU: ARMv7 Processor [412fc09a] revision 10 (ARMv7), cr=10c5387d
[    0.000000] CPU: PIPT / VIPT nonaliasing data cache, VIPT aliasing instruction cache
[    0.000000] Machine model: Toradex Apalis iMX6Q/D Module on Apalis Evaluation Board
[    0.000000] Reserved memory: created CMA memory pool at 0x62000000, size 320 MiB
[    0.000000] Reserved memory: initialized node linux,cma, compatible id shared-dma-pool
[    0.000000] Memory policy: Data cache writealloc
[    0.000000] PERCPU: Embedded 12 pages/cpu @d0efc000 s16588 r8192 d24372 u49152
[    0.000000] Built 1 zonelists in Zone order, mobility grouping on.  Total pages: 521024
[    0.000000] Kernel command line: enable_wait_mode=off vmalloc=400M ip=off root=/dev/mmcblk0p2 ro rootfstype=ext4 rootwait fec_mac=00:14:2d:4e:87:13 consoleblank=0 no_console_suspend=1 console=tty1 console=ttymxc0,115200n8 video=mxcfb0:dev=lcd,FusionF07A,if=RGB24 video=mxcfb1:off video=mxcfb2:off video=mxcfb3:off fbmem=32M
[    0.000000] PID hash table entries: 4096 (order: 2, 16384 bytes)
[    0.000000] Dentry cache hash table entries: 262144 (order: 8, 1048576 bytes)
[    0.000000] Inode-cache hash table entries: 131072 (order: 7, 524288 bytes)
[    0.000000] Memory: 1740460K/2097152K available (6751K kernel code, 239K rwdata, 2224K rodata, 332K init, 421K bss, 29012K reserved, 327680K cma-reserved, 425984K highmem)
[    0.000000] Virtual kernel memory layout:
[    0.000000]     vector  : 0xffff0000 - 0xffff1000   (   4 kB)
[    0.000000]     fixmap  : 0xffc00000 - 0xfff00000   (3072 kB)
[    0.000000]     vmalloc : 0xe6800000 - 0xff000000   ( 392 MB)
[    0.000000]     lowmem  : 0x80000000 - 0xe6000000   (1632 MB)
[    0.000000]     pkmap   : 0x7fe00000 - 0x80000000   (   2 MB)
[    0.000000]     modules : 0x7f000000 - 0x7fe00000   (  14 MB)
[    0.000000]       .text : 0x80008000 - 0x808cc0bc   (8977 kB)
[    0.000000]       .init : 0x808cd000 - 0x80920000   ( 332 kB)
[    0.000000]       .data : 0x80920000 - 0x8095bf20   ( 240 kB)
[    0.000000]        .bss : 0x8095bf20 - 0x809c56a0   ( 422 kB)
[    0.000000] SLUB: HWalign=64, Order=0-3, MinObjects=0, CPUs=4, Nodes=1
[    0.000000] Hierarchical RCU implementation.
[    0.000000] 	Additional per-CPU info printed with stalls.
[    0.000000] NR_IRQS:16 nr_irqs:16 16
[    0.000000] L2C-310 erratum 769419 enabled
[    0.000000] L2C-310 enabling early BRESP for Cortex-A9
[    0.000000] L2C-310 full line of zeros enabled for Cortex-A9
[    0.000000] L2C-310 ID prefetch enabled, offset 16 lines
[    0.000000] L2C-310 dynamic clock gating enabled, standby mode enabled
[    0.000000] L2C-310 cache controller enabled, 16 ways, 1024 kB
[    0.000000] L2C-310: CACHE_ID 0x410000c7, AUX_CTRL 0x76470001
[    0.000000] mxc_clocksource_init 3000000
[    0.000000] Switching to timer-based delay loop, resolution 333ns
[    0.000008] sched_clock: 32 bits at 3000kHz, resolution 333ns, wraps every 715827882841ns
[    0.000025] clocksource mxc_timer1: mask: 0xffffffff max_cycles: 0xffffffff, max_idle_ns: 637086815595 ns
[    0.001111] Console: colour dummy device 80x30
[    0.001709] console [tty1] enabled
[    0.001735] Calibrating delay loop (skipped), value calculated using timer frequency.. 6.00 BogoMIPS (lpj=30000)
[    0.001772] pid_max: default: 32768 minimum: 301
[    0.001883] Mount-cache hash table entries: 4096 (order: 2, 16384 bytes)
[    0.001911] Mountpoint-cache hash table entries: 4096 (order: 2, 16384 bytes)
[    0.002506] Initializing cgroup subsys freezer
[    0.002540] Initializing cgroup subsys debug
[    0.002577] CPU: Testing write buffer coherency: ok
[    0.002897] CPU0: thread -1, cpu 0, socket 0, mpidr 80000000
[    0.003007] Setting up static identity map for 0x10008280 - 0x100082d8
[    0.004881] CPU1: thread -1, cpu 1, socket 0, mpidr 80000001
[    0.005534] CPU2: thread -1, cpu 2, socket 0, mpidr 80000002
[    0.006195] CPU3: thread -1, cpu 3, socket 0, mpidr 80000003
[    0.006267] Brought up 4 CPUs
[    0.006343] SMP: Total of 4 processors activated (24.00 BogoMIPS).
[    0.006363] CPU: All CPU(s) started in SVC mode.
[    0.006877] devtmpfs: initialized
[    0.020175] VFP support v0.3: implementor 41 architecture 3 part 30 variant 9 rev 4
[    0.020587] clocksource jiffies: mask: 0xffffffff max_cycles: 0xffffffff, max_idle_ns: 19112604462750000 ns
[    0.020645] futex hash table entries: 1024 (order: 4, 65536 bytes)
[    0.040252] pinctrl core: initialized pinctrl subsystem
[    0.041443] NET: Registered protocol family 16
[    0.049738] DMA: preallocated 256 KiB pool for atomic coherent allocations
[    0.079686] cpuidle: using governor ladder
[    0.109682] cpuidle: using governor menu
[    0.109965] CPU identified as i.MX6Q, silicon rev 1.5
[    0.135412] hw-breakpoint: found 5 (+1 reserved) breakpoint and 1 watchpoint registers.
[    0.135458] hw-breakpoint: maximum watchpoint size is 4 bytes.
[    0.136483] imx6q-pinctrl 20e0000.iomuxc: initialized IMX pinctrl driver
[    0.138066] imx-gpc 20dc000.gpc: no fsl,ldo-bypass found!
[    0.147589] usb_host_vbus: supplied by usb_host_vbus_hub
[    0.147917] vgaarb: loaded
[    0.148735] SCSI subsystem initialized
[    0.149247] usbcore: registered new interface driver usbfs
[    0.149347] usbcore: registered new interface driver hub
[    0.149459] usbcore: registered new device driver usb
[    0.150191] i2c-gpio i2c@0: using pins 80 (SDA) and 62 (SCL)
[    0.151188] i2c i2c-1: IMX I2C adapter registered
[    0.151224] i2c i2c-1: can't use DMA
[    0.152799] stmpe-i2c 2-0041: stmpe811 detected, chip id: 0x811
[    0.154722] i2c i2c-2: IMX I2C adapter registered
[    0.154759] i2c i2c-2: can't use DMA
[    0.155450] i2c i2c-3: IMX I2C adapter registered
[    0.155485] i2c i2c-3: can't use DMA
[    0.155647] Linux video capture interface: v2.00
[    0.155720] pps_core: LinuxPPS API ver. 1 registered
[    0.155740] pps_core: Software ver. 5.3.6 - Copyright 2005-2007 Rodolfo Giometti <giometti@linux.it>
[    0.155791] PTP clock support registered
[    0.169737] imx-ipuv3 2400000.ipu: IPU DMFC NORMAL mode: 1(0~1), 5B(4,5), 5F(6,7)
[    0.189728] imx-ipuv3 2800000.ipu: IPU DMFC NORMAL mode: 1(0~1), 5B(4,5), 5F(6,7)
[    0.190671] mxc_mipi_csi2 21dc000.mipi_csi: i.MX MIPI CSI2 driver probed ipu0 csi1
[    0.190715] mxc_mipi_csi2 21dc000.mipi_csi: i.MX MIPI CSI2 dphy version is 0x3130302a
[    0.190822] MIPI CSI2 driver module loaded
[    0.191047] Advanced Linux Sound Architecture Driver Initialized.
[    0.192765] Switched to clocksource mxc_timer1
[    0.203718] NET: Registered protocol family 2
[    0.204528] TCP established hash table entries: 16384 (order: 4, 65536 bytes)
[    0.204701] TCP bind hash table entries: 16384 (order: 5, 131072 bytes)
[    0.204960] TCP: Hash tables configured (established 16384 bind 16384)
[    0.205056] UDP hash table entries: 1024 (order: 3, 32768 bytes)
[    0.205148] UDP-Lite hash table entries: 1024 (order: 3, 32768 bytes)
[    0.205409] NET: Registered protocol family 1
[    0.205756] RPC: Registered named UNIX socket transport module.
[    0.205785] RPC: Registered udp transport module.
[    0.205804] RPC: Registered tcp transport module.
[    0.205823] RPC: Registered tcp NFSv4.1 backchannel transport module.
[    0.206566] CPU PMU: Failed to parse /soc/pmu/interrupt-affinity[0]
[    0.206638] hw perfevents: enabled with armv7_cortex_a9 PMU driver, 7 counters available
[    0.208412] Bus freq driver module loaded
[    0.215592] VFS: Disk quotas dquot_6.6.0
[    0.215798] VFS: Dquot-cache hash table entries: 1024 (order 0, 4096 bytes)
[    0.217391] NFS: Registering the id_resolver key type
[    0.217448] Key type id_resolver registered
[    0.217469] Key type id_legacy registered
[    0.217510] nfs4filelayout_init: NFSv4 File Layout Driver Registering...
[    0.218037] ntfs: driver 2.1.32 [Flags: R/W].
[    0.218513] fuse init (API version 7.23)
[    0.222693] bounce: pool size: 64 pages
[    0.222736] io scheduler noop registered
[    0.222836] io scheduler deadline registered
[    0.223036] io scheduler cfq registered (default)
[    0.225374] backlight supply power not found, using dummy regulator
[    0.226992] MIPI DSI driver module loaded
[    0.228425] 20e0000.hdmi_video supply HDMI not found, using dummy regulator
[    0.230344] mxc_sdc_fb fb@0: registered mxc display driver lcd
[    0.234378] mxc_sdc_fb fb@0: 800x480 h_sync,r,l: 128,40,88  v_sync,l,u: 2,10,33 pixclock=33260000 Hz
[    0.286491] mxc_sdc_fb fb@0: 800x480 h_sync,r,l: 128,40,88  v_sync,l,u: 2,10,33 pixclock=33260000 Hz
[    0.307430] Console: switching to colour frame buffer device 100x30
[    0.348703] mxc_sdc_fb fb@1: mxcfb1 is turned off!
[    0.350759] mxc_sdc_fb fb@2: mxcfb2 is turned off!
[    0.352701] mxc_sdc_fb fb@3: mxcfb3 is turned off!
[    0.355984] imx-sdma 20ec000.sdma: no iram assigned, using external mem
[    0.358102] imx-sdma 20ec000.sdma: no event needs to be remapped
[    0.360146] imx-sdma 20ec000.sdma: loaded firmware 3.3
[    0.364655] imx-sdma 20ec000.sdma: initialized
[    0.368137] pfuze100-regulator 2-0008: Full layer: 2, Metal layer: 1
[    0.370606] pfuze100-regulator 2-0008: FAB: 0, FIN: 0
[    0.372406] pfuze100-regulator 2-0008: pfuze100 found.
[    0.388611] 2020000.serial: ttymxc0 at MMIO 0x2020000 (irq = 27, base_baud = 5000000) is a IMX
[    1.241604] console [ttymxc0] enabled
[    1.248094] 21e8000.serial: ttymxc1 at MMIO 0x21e8000 (irq = 303, base_baud = 5000000) is a IMX
[    1.259384] 21f0000.serial: ttymxc3 at MMIO 0x21f0000 (irq = 304, base_baud = 5000000) is a IMX
[    1.270625] 21f4000.serial: ttymxc4 at MMIO 0x21f4000 (irq = 305, base_baud = 5000000) is a IMX
[    1.282190] [drm] Initialized drm 1.1.0 20060810
[    1.289225] [drm] Initialized vivante 1.0.0 20120216 on minor 0
[    1.305664] brd: module loaded
[    1.316023] loop: module loaded
[    1.322263] ahci-imx 2200000.sata: fsl,transmit-level-mV not specified, using 00000024
[    1.332180] ahci-imx 2200000.sata: fsl,transmit-boost-mdB not specified, using 00000480
[    1.342088] ahci-imx 2200000.sata: fsl,transmit-atten-16ths not specified, using 00002000
[    1.352094] ahci-imx 2200000.sata: fsl,receive-eq-mdB not specified, using 05000000
[    1.364851] ahci-imx 2200000.sata: SSS flag set, parallel bus scan disabled
[    1.373595] ahci-imx 2200000.sata: AHCI 0001.0300 32 slots 1 ports 3 Gbps 0x1 impl platform mode
[    1.384167] ahci-imx 2200000.sata: flags: ncq sntf stag pm led clo only pmp pio slum part ccc apst 
[    1.398232] scsi host0: ahci-imx
[    1.403628] ata1: SATA max UDMA/133 mmio [mem 0x02200000-0x02203fff] port 0x100 irq 315
[    1.415735] spi_imx 2008000.ecspi: probed
[    1.422565] spi_imx 200c000.ecspi: probed
[    1.429503] vcan: Virtual CAN interface driver
[    1.435894] CAN device driver interface
[    1.441849] 2090000.flexcan supply xceiver not found, using dummy regulator
[    1.451669] flexcan 2090000.flexcan: device registered (reg_base=e6aa0000, irq=36)
[    1.461361] 2094000.flexcan supply xceiver not found, using dummy regulator
[    1.471043] flexcan 2094000.flexcan: device registered (reg_base=e6aa8000, irq=37)
[    1.481759] 2188000.ethernet supply phy not found, using dummy regulator
[    1.503195] pps pps0: new PPS source ptp0
[    1.510311] libphy: fec_enet_mii_bus: probed
[    1.518394] fec 2188000.ethernet eth0: registered PHC device 0
[    1.526669] usbcore: registered new interface driver asix
[    1.534215] usbcore: registered new interface driver ax88179_178a
[    1.542409] usbcore: registered new interface driver cdc_ether
[    1.550270] usbcore: registered new interface driver net1080
[    1.557920] usbcore: registered new interface driver cdc_subset
[    1.565794] usbcore: registered new interface driver zaurus
[    1.573318] usbcore: registered new interface driver cdc_ncm
[    1.580766] ehci_hcd: USB 2.0 'Enhanced' Host Controller (EHCI) Driver
[    1.589110] ehci-pci: EHCI PCI platform driver
[    1.595377] ehci-mxc: Freescale On-Chip EHCI Host driver
[    1.602605] usbcore: registered new interface driver usb-storage
[    1.610503] usbcore: registered new interface driver usbserial
[    1.618052] usbcore: registered new interface driver usbserial_generic
[    1.626204] usbserial: USB Serial support registered for generic
[    1.633905] usbcore: registered new interface driver ftdi_sio
[    1.641339] usbserial: USB Serial support registered for FTDI USB Serial Device
[    1.650434] usbcore: registered new interface driver pl2303
[    1.657789] usbserial: USB Serial support registered for pl2303
[    1.666702] 2184800.usbmisc supply vbus-wakeup not found, using dummy regulator
[    1.686451] ci_hdrc ci_hdrc.1: EHCI Host Controller
[    1.693051] ci_hdrc ci_hdrc.1: new USB bus registered, assigned bus number 1
[    1.712805] ci_hdrc ci_hdrc.1: USB 2.0 started, EHCI 1.00
[    1.720701] hub 1-0:1.0: USB hub found
[    1.726146] hub 1-0:1.0: 1 port detected
[    1.732684] mousedev: PS/2 mouse device common for all mice
[    1.748778] input: stmpe-ts as /devices/soc0/soc/2100000.aips-bus/21a4000.i2c/i2c-2/2-0041/stmpe-ts/input/input0
[    1.762811] ata1: SATA link down (SStatus 0 SControl 300)
[    1.765910] rtc-ds1307 1-0068: oscillator failed, set time!
[    1.766103] rtc-ds1307 1-0068: rtc core: registered m41t0 as rtc0
[    1.766764] snvs_rtc 20cc000.snvs:snvs-rtc-lp: rtc core: registered 20cc000.snvs:snvs-r as rtc1
[    1.766901] i2c /dev entries driver
[    1.768265] mxc_v4l2_output v4l2_out: V4L2 device registered as video16
[    1.768416] mxc_v4l2_output v4l2_out: V4L2 device registered as video17
[    1.769889] imx2-wdt 20bc000.wdog: timeout 60 sec (nowayout=0)
[    1.770242] sdhci: Secure Digital Host Controller Interface driver
[    1.770244] sdhci: Copyright(c) Pierre Ossman
[    1.770255] sdhci-pltfm: SDHCI platform and OF driver helper
[    1.771365] /soc/aips-bus@02100000/usdhc@02190000: voltage-ranges unspecified
[    1.771396] sdhci-esdhc-imx 2190000.usdhc: Got CD GPIO
[    1.772753] sdhci-esdhc-imx 2190000.usdhc: No vqmmc regulator found
[    1.812946] mmc1: SDHCI controller on 2190000.usdhc [2190000.usdhc] using ADMA
[    1.815433] /soc/aips-bus@02100000/usdhc@02194000: voltage-ranges unspecified
[    1.815460] sdhci-esdhc-imx 2194000.usdhc: Got CD GPIO
[    1.816749] sdhci-esdhc-imx 2194000.usdhc: No vqmmc regulator found
[    1.872941] mmc2: SDHCI controller on 2194000.usdhc [2194000.usdhc] using ADMA
[    1.875599] /soc/aips-bus@02100000/usdhc@02198000: voltage-ranges unspecified
[    1.875922] sdhci-esdhc-imx 2198000.usdhc: No vqmmc regulator found
[    1.912800] mmc0: SDHCI controller on 2198000.usdhc [2198000.usdhc] using ADMA
[    1.927328] mxc_vpu 2040000.vpu_fsl: VPU initialized
[    1.927964] mxc_vdoa 21e4000.vdoa: i.MX Video Data Order Adapter(VDOA) driver probed
[    1.929879] caam 2100000.caam: Entropy delay = 3200
[    1.929909] caam 2100000.caam: Instantiated RNG4 SH0
[    1.975775] ahci-imx 2200000.sata: no device found, disabling link.
[    1.984211] ahci-imx 2200000.sata: pass ahci_imx..hotplug=1 to enable hotplug
[    1.988059] mmc0: MAN_BKOPS_EN bit is not set
[    1.990672] caam 2100000.caam: Instantiated RNG4 SH1
[    1.990684] caam 2100000.caam: device ID = 0x0a16010000000000 (Era -524)
[    1.990691] caam 2100000.caam: job rings = 2, qi = 0
[    2.007601] mmc0: new DDR MMC card at address 0001
[    2.008036] mmcblk0: mmc0:0001 Q2J54A 3.59 GiB 
[    2.008172] mmcblk0boot0: mmc0:0001 Q2J54A partition 1 16.0 MiB
[    2.008307] mmcblk0boot1: mmc0:0001 Q2J54A partition 2 16.0 MiB
[    2.009496]  mmcblk0: p1 p2
[    2.052797] usb 1-1: new high-speed USB device number 2 using ci_hdrc
[    2.117957] caam algorithms registered in /proc/crypto
[    2.129151] caam_jr 2101000.jr0: registering rng-caam
[    2.137056] snvs-secvio 20cc000.caam-snvs: can't get snvs clock
[    2.144985] snvs-secvio 20cc000.caam-snvs: violation handlers armed - non-secure state
[    2.155157] hidraw: raw HID events driver (C) Jiri Kosina
[    2.162707] usbcore: registered new interface driver usbhid
[    2.170224] usbhid: USB HID core driver
[    2.181318] stmpe-adc stmpe-adc: Initialized
[    2.189794] sgtl5000 2-000a: sgtl5000 revision 0x11
[    2.204067] hub 1-1:1.0: USB hub found
[    2.209741] hub 1-1:1.0: 4 ports detected
[    2.347258] fsl-hdmi-dai soc:hdmi_audio@00120000: failed to probe. Load HDMI-video first.
[    2.357320] fsl-hdmi-dai: probe of soc:hdmi_audio@00120000 failed with error -12
[    2.378999] imx-sgtl5000 sound: sgtl5000 <-> 2028000.ssi mapping ok
[    2.389873] imx-spdif sound-spdif: snd-soc-dummy-dai <-> 2004000.spdif mapping ok
[    2.400311] imx-audio-hdmi sound-hdmi: initialize HDMI-audio failed. load HDMI-video first!
[    2.411514] NET: Registered protocol family 10
[    2.419002] NET: Registered protocol family 17
[    2.425424] can: controller area network core (rev 20120528 abi 9)
[    2.433635] NET: Registered protocol family 29
[    2.440024] can: raw protocol (rev 20120528)
[    2.446235] can: broadcast manager protocol (rev 20120528 t)
[    2.453968] can: netlink gateway (rev 20130117) max_hops=1
[    2.461955] Key type dns_resolver registered
[    2.470122] Registering SWP/SWPB emulation handler
[    2.478054] 1ffc000.pcie supply pcie-bus not found, using dummy regulator
[    2.820298] imx6q-pcie 1ffc000.pcie: phy link never came up
[    2.827916] imx6q-pcie 1ffc000.pcie: failed to initialize host
[    2.827943] usb 1-1.3: new full-speed USB device number 3 using ci_hdrc
[    2.844442] imx6q-pcie: probe of 1ffc000.pcie failed with error -22
[    2.855610] input: gpio-keys as /devices/soc0/gpio-keys/input/input1
[    2.865688] rtc-ds1307 1-0068: hctosys: unable to read the hardware clock
[    2.885381] usb_otg_vbus: disabling
[    2.891149] ALSA device list:
[    2.896131]   #0: imx6q-apalis-sgtl5000
[    2.901959]   #1: imx-spdif
[    2.916146] EXT4-fs (mmcblk0p2): INFO: recovery required on readonly filesystem
[    2.925500] EXT4-fs (mmcblk0p2): write access will be enabled during recovery
[    2.966263] usb-storage 1-1.3:1.0: USB Mass Storage device detected
[    2.975509] scsi host1: usb-storage 1-1.3:1.0
[    3.190750] EXT4-fs (mmcblk0p2): recovery complete
[    3.200302] EXT4-fs (mmcblk0p2): mounted filesystem with ordered data mode. Opts: (null)
[    3.212285] VFS: Mounted root (ext4 filesystem) readonly on device 179:2.
[    3.225364] devtmpfs: mounted
[    3.230554] Freeing unused kernel memory: 332K
[    3.332464] systemd[1]: System time before build time, advancing clock.
[    3.360081] random: systemd urandom read with 22 bits of entropy available
[    3.373016] systemd[1]: systemd 230 running in system mode. (+PAM -AUDIT -SELINUX +IMA -APPARMOR +SMACK +SYSVINIT +UTMP -LIBCRYPTSETUP -GCRYPT -GNUTLS -ACL -XZ +LZ4 -SECCOMP +BLKID -ELFUTILS +KMOD +IDN)
[    3.397860] systemd[1]: Detected architecture arm.

Welcome to The Ångström Distribution v2016.12!

[    3.423343] systemd[1]: Set hostname to <apalis-imx6>.
[    3.652262] systemd[1]: Listening on /dev/initctl Compatibility Named Pipe.
[  OK  ] Listening on /dev/initctl Compatibility Named Pipe.
[    3.691176] systemd[1]: Listening on udev Kernel Socket.
[  OK  ] Listening on udev Kernel Socket.
[    3.713352] systemd[1]: Created slice User and Session Slice.
[  OK  ] Created slice User and Session Slice.
[    3.743081] systemd[1]: Listening on udev Control Socket.
[  OK  ] Listening on udev Control Socket.
[    3.773117] systemd[1]: Reached target Remote File Systems.
[  OK  ] Reached target Remote File Systems.
[    3.803434] systemd[1]: Listening on Journal Socket.
[  OK  ] Listening on Journal Socket.
[    3.833487] systemd[1]: Started Forward Password Requests to Wall Directory Watch.
[  OK  ] Started Forward Password Requests to Wall Directory Watch.
[    3.863462] systemd[1]: Started Dispatch Password Requests to Console Directory Watch.
[  OK  ] Started Dispatch Password Requests to Console Directory Watch.
[    3.893109] systemd[1]: Reached target Paths.
[  OK  ] Reached target Paths.
[    3.923564] systemd[1]: Created slice System Slice.
[  OK  ] Created slice System Slice.
[    3.957510] systemd[1]: Starting Create list of required static device nodes for the current kernel...
         Starting Create list of required st... nodes for the current kernel...
[    3.983941] scsi 1:0:0:0: Direct-Access     USB2.0   CARD-READER      1.01 PQ: 0 ANSI: 2
[    3.997955] sd 1:0:0:0: [sda] Attached SCSI removable disk
[    4.023352] systemd[1]: Created slice system-serial\x2dgetty.slice.
[  OK  ] Created slice system-serial\x2dgetty.slice.
[    4.055074] systemd[1]: Starting Setup Virtual Console...
         Starting Setup Virtual Console...
[    4.083397] systemd[1]: Created slice system-getty.slice.
[  OK  ] Created slice system-getty.slice.
[    4.115408] systemd[1]: Mounting Debug File System...
         Mounting Debug File System...
[    4.143032] systemd[1]: Reached target Swap.
[  OK  ] Reached target Swap.
[    4.165677] systemd[1]: Mounting Temporary Directory...
         Mounting Temporary Directory...
[    4.192980] systemd[1]: Reached target Slices.
[  OK  ] Reached target Slices.
[    4.224608] systemd[1]: Starting Load Kernel Modules...
         Starting Load Kernel Modules...
[    4.250731] Galcore version 5.0.11.41671
[    4.275403] systemd[1]: Starting Export GPIOs to user space...
         Starting Export GPIOs to user space...
[    4.310842] systemd[1]: Starting File System Check on Root Device...
         Starting File System Check on Root Device...
[    4.344224] systemd[1]: Listening on Network Service Netlink Socket.
[  OK  [    4.356560] systemd[1]: Listening on Journal Socket (/dev/log).
] Listening on Network Service Netlink Socket.
[  OK  ] Listening on Journal Socket (/dev/log).
[    4.372568] systemd[1]: Starting Journal Service...
         Starting Journal Service...
[    4.390504] systemd[1]: Mounted Debug File System.
[  OK  [    4.399315] systemd[1]: Mounted Temporary Directory.
] Mounted Debug File System.
[  OK  ] Mounted Tempor[    4.411584] systemd[1]: Started Create list of required static device nodes for the current kernel.
ary Directory.
[  OK  ] Started Create list of require[    4.430814] systemd[1]: Started Setup Virtual Console.
d sta...ce nodes for the current kernel.
[  OK  ] Started Setup Virtual Console.
[    4.472256] systemd[1]: Started Export GPIOs to user space.
[  OK  ] Started Export GPIOs to user space.
[    4.520978] systemd[1]: Started File System Check on Root Device.
[  OK  ] Started File System Check on Root Device.
[    4.557061] systemd[1]: Starting Remount Root and Kernel File Systems...
         Starting Remount Root and Kernel File Systems...
[    4.588745] systemd[1]: Started Journal Service.
[    4.596109] EXT4-fs (mmcblk0p2): re-mounted. Opts: (null)
[  OK  ] Started Journal Service.
[  OK  ] Started Remount Root and Kernel File Systems.
         Starting Create Static Device Nodes in /dev...
         Starting udev Coldplug all Devices...
         Starting Flush Journal to Persistent Storage...
[  OK  ] Started Create Static Device Nodes in /dev.
[  OK  ] Reached target Local File Systems (Pre).
         Mounting /var/volatile...
         Starting udev Kernel Device Manager...
[  OK  ] Mounted /var/volatile.
[    4.861526] systemd-journald[206]: Received request to flush runtime journal from PID 1
         Starting Load/Save Random Seed...
[    4.890325] systemd-journald[206]: File /var/log/journal/c9f477e9a2c140e1b41ba1e10b40bb9b/system.journal corrupted or uncleanly shut down, renaming and replacing.
[  OK  ] Reached target Local File Systems.
[  OK  ] Started Load/Save Random Seed.
[  OK  ] Started udev Kernel Device Manager.
[  OK  ] Started Flush Journal to Persistent Storage.
[    5.157055] sd 1:0:0:0: [sda] 15677440 512-byte logical blocks: (8.03 GB/7.48 GiB)
[    5.177169] sda: detected capacity change from 0 to 8026849280
[  OK  ] Started Load Kernel Modules.
[    5.195162]  sda: sda1
         Mounting Configuration File System...
         Starting Apply Kernel Variables...
         Mounting FUSE Control File System...
         Starting Create Volatile Files and Directories...
[  OK  ] Mounted Configuration File System.
[  OK  ] Mounted FUSE Control File System.
[  OK  ] Started Apply Kernel Variables.
[  OK  ] Started Create Volatile Files and Directories.
[  OK  ] Started udev Coldplug all Devices.
         Starting Update UTMP about System Boot/Shutdown...
         Starting Network Time Synchronization...
[  OK  ] Started Update UTMP about System Boot/Shutdown.
[  OK  ] Started Network Time Synchronization.
[  OK  ] Reached target System Time Synchronized.
[  OK  ] Reached target System Initialization.
[  OK  ] Listening on Avahi mDNS/DNS-SD Stack Activation Socket.
         Starting sshd.socket.
[  OK  ] Listening on RPCbind Server Activation Socket.
[  OK  ] Started Daily Cleanup of Temporary Directories.
[  OK  ] Reached target Timers.
         Starting Socket activation for snappy daemon.
[  OK  ] Listening on D-Bus System Message Bus Socket.
[  OK  ] Listening on sshd.socket.
[  OK  ] Listening on Socket activation for snappy daemon.
[  OK  ] Listening on Load/Save RF Kill Switch Status /dev/rfkill Watch.
[  OK  ] Reached target Sockets.
[  OK  ] Reached target Basic System.
         Starting Avahi mDNS/DNS-SD Stack...
[  OK  ] Started Snappy daemon.
[  OK  ] Started D-Bus System Message Bus.
[  OK  ] Started Avahi mDNS/DNS-SD Stack.
         Starting Connection service...
         Starting Load default USB gadget schema g1.schema...
[  OK  ] Started Timestamping service.
         Starting Login Service...
[    6.387898] using random self ethernet address
[    6.395247] using random host ethernet address
         Starting Save/Restore Sound Card State...
[  OK  ] Started Login Service.
[  OK  ] Started Connection service.
[  OK  ] Started Save/Restore Sound Card State.
[    6.555015] usb0: HOST MAC 00:14:2d:ff:ff:fe
[    6.561818] usb0: MAC 00:14:2d:ff:ff:ff
[  OK  ] Started Load default USB gadget schema g1.schema.
         Starting Network Service...
         Starting Hostname Service...
         Starting WPA supplicant...
[  OK  ] Started WPA su[    6.713943] fec 2188000.ethernet eth0: Freescale FEC PHY driver [Micrel KSZ9031 Gigabit PHY] (mii_bus:phy_addr=2188000.ethernet:07, irq=70)
pplicant.
[    6.734260] IPv6: ADDRCONF(NETDEV_UP): eth0: link is not ready
[  OK  ] Started Network Service.
[  OK  ] Reached target Network.
         Starting Network Name Resolution...
         Starting Permit User Sessions...
[  OK  ] Started Permit User Sessions.
[  OK  ] Started Network Name Resolution.
[  OK  ] Started LXDE Display Manager.
[  OK  ] Started Hostname Service.
[    7.135086] mxc_sdc_fb fb@0: 800x480 h_sync,r,l: 128,40,88  v_sync,l,u: 2,10,33 pixclock=33260000 Hz
[    7.187044] mxc_sdc_fb fb@0: 800x480 h_sync,r,l: 128,40,88  v_sync,l,u: 2,10,33 pixclock=33260000 Hz
 v_sync,l,u: 2,10,33 pixclock=33260000 Hz
[    7.286811] mxc_sdc_fb fb@0: 800x480 h_sync,r,l: 128,40,88  v_sync,l,u: 2,10,33 pixclock=33260000 Hz
[    7.527447] configfs-gadget gadget: high-speed config #1: c
[    7.698364] mxc_sdc_fb fb@0: 800x480 h_sync,r,l: 128,40,88  v_sync,l,u: 2,10,33 pixclock=33260000 Hz
[  OK  ] Created slice User Slice of root.
         Starting User Manager for UID 0...
[  OK  ] Started Session c1 of user root.
[  OK  ] Started User Manager for UID 0.
[    8.227295] random: nonblocking pool is initialized
         Starting Authorization Manager...
[  OK  ] Started Authorization Manager.
         Starting Disk Manager...
[  OK  ] Started Disk Manager.
[   13.248796] FAT-fs (sda1): Volume was not properly unmounted. Some data may be corrupt. Please run fsck.
[  OK  ] Created slice system-systemd\x2dbacklight.slice.
         Starting Load/Save Screen Backlight...htness of backlight:backlight...
[  OK  ] Started Load/Save Screen Backlight Brightness of backlight:backlight.
[  OK  ] Found device /dev/ttymxc0.
[  OK  ] Started Serial Getty on ttymxc0.
[  OK  ] Reached target Login Prompts.
[  OK  ] Reached target Multi-User System.
[  OK  ] Reached target Graphical Interface.
         Starting Update UTMP about System Runlevel Changes...
[   13.611383] max9526 3-0020: Device seems not to be a MAX9526
[   13.626235] adv7280 3-0021: chip found @ 0x42 (21a8000.i2c)
[   13.631969] adv7280 3-0021: no sensor pwdn pin available
[   13.653249] adv7280 3-0021: adv7280_probe:Analog Device adv7280 not detected -5!
[   13.674736] ERROR: v4l2 capture: slave not found! V4L2_CID_HUE
[   13.676876] ERROR: v4l2 capture: slave not found! V4L2_CID_HUE
[   13.687479] /soc/aips-bus@02100000/i2c@021a8000/ov5640_mipi@3c: arguments longer than property
[   13.705818] ERROR: v4l2 capture: slave not found! V4L2_CID_HUE
[  OK  ] Started Update UTMP about System Runlevel Changes.
[  OK  ] Reached target Sound Card.
[   13.903485] ov5640_read_reg:write reg error:reg=300a
[   13.908474] camera ov5640_mipi is not found
[   14.173332] FAT-fs (mmcblk0p1): Volume was not properly unmounted. Some data may be corrupt. Please run fsck.

.---O---.                                           
|       |                  .-.           o o        
|   |   |-----.-----.-----.| |   .----..-----.-----.
|       |     | __  |  ---'| '--.|  .-'|     |     |
|   |   |  |  |     |---  ||  --'|  |  |  '  | | | |
'---'---'--'--'--.  |-----''----''--'  '-----'-'-'-'
                -'  |
                '---'

The Angstrom Distribution apalis-imx6 ttymxc0

Angstrom v2016.12 - Kernel 

Apalis-iMX6_LXDE-Image 2.7b4 20171004

apalis-imx6 login: root
Last login: Wed Oct  4 23:42:35 UTC 2017 on ttymxc0
root@apalis-imx6:~# cd /
root@apalis-imx6:/# ls
bin         dev         home        lost+found  mnt         run         sys         usr
boot        etc         lib         media       proc        sbin        tmp         var
root@apalis-imx6:/# 
root@apalis-imx6:/# 
root@apalis-imx6:/# df
Filesystem           1K-blocks      Used Available Use% Mounted on
/dev/root              3615352    473068   2938920  14% /
devtmpfs                870228         4    870224   0% /dev
tmpfs                  1034236         0   1034236   0% /dev/shm
tmpfs                  1034236       464   1033772   0% /run
tmpfs                  1034236         0   1034236   0% /sys/fs/cgroup
tmpfs                  1034236         4   1034232   0% /tmp
tmpfs                  1034236         0   1034236   0% /var/volatile
tmpfs                   206848         0    206848   0% /run/user/0
/dev/sda1              7822400   1970920   5851480  25% /media/sda1
/dev/mmcblk0p1           16116      5333     10783  33% /media/mmcblk0p1
root@apalis-imx6:/# 
root@apalis-imx6:/# cd /media/mmcblk0p1
root@apalis-imx6:/media/mmcblk0p1# ls
imx6q-apalis-eval.dtb        imx6q-apalis-ixora-v1.1.dtb  imx6q-apalis-ixora.dtb       imx6q-apalis_v1_0-eval.dtb   imx6q-apalis_v1_0-ixora.dtb  uImage
root@apalis-imx6:/media/mmcblk0p1# 
root@apalis-imx6:/media/mmcblk0p1# 
root@apalis-imx6:/media/mmcblk0p1# 
root@apalis-imx6:/media/mmcblk0p1# 
root@apalis-imx6:/media/mmcblk0p1# df -h
Filesystem                Size      Used Available Use% Mounted on
/dev/root                 3.4G    462.0M      2.8G  14% /
devtmpfs                849.8M      4.0K    849.8M   0% /dev
tmpfs                  1010.0M         0   1010.0M   0% /dev/shm
tmpfs                  1010.0M    460.0K   1009.5M   0% /run
tmpfs                  1010.0M         0   1010.0M   0% /sys/fs/cgroup
tmpfs                  1010.0M      4.0K   1010.0M   0% /tmp
tmpfs                  1010.0M         0   1010.0M   0% /var/volatile
tmpfs                   202.0M         0    202.0M   0% /run/user/0
/dev/sda1                 7.5G      1.9G      5.6G  25% /media/sda1
/dev/mmcblk0p1           15.7M      5.2M     10.5M  33% /media/mmcblk0p1
root@apalis-imx6:/media/mmcblk0p1# cp imx6q-apalis-eval.dtb imx6q-apalis-eval.dtb _ o r g
root@apalis-imx6:/media/mmcblk0p1# 
root@apalis-imx6:/media/mmcblk0p1# 
root@apalis-imx6:/media/mmcblk0p1# 
root@apalis-imx6:/media/mmcblk0p1# cp ../sda1/1/imx6q-apalis-ixora-v1.1.dtb imx6q-apalis-eval.dtb
root@apalis-imx6:/media/mmcblk0p1# ls
imx6q-apalis-eval.dtb        imx6q-apalis-ixora-v1.1.dtb  imx6q-apalis_v1_0-eval.dtb   uImage
imx6q-apalis-eval_org.dtb    imx6q-apalis-ixora.dtb       imx6q-apalis_v1_0-ixora.dtb
root@apalis-imx6:/media/mmcblk0p1# 
root@apalis-imx6:/media/mmcblk0p1# 
root@apalis-imx6:/media/mmcblk0p1# reboot
         Stopping Authorization Manager...
         Stopping Session c2 of user root.
[  OK     83.592214] [drm:drm_legacy_unlock] *ERROR* Process 499 using kernel context 0
[   83.603037] [drm:drm_legacy_unlock] *ERROR* Process 494 using kernel context 0
         [   83.612599] [drm:drm_legacy_unlock] *ERROR* Process 535 using kernel context 0
Stopping Session c1 of user root.[   83.620750] [drm:drm_legacy_unlock] *ERROR* Process 499 using kernel context 0

[   83.630387] [drm:drm_legacy_unlock] *ERROR* Process 494 using kernel context 0
[  OK  ] Stopped target Graphical Interface.
         Stopping LXDE Display Manager...
[  OK  ] Stopped target Multi-User System.
[  OK  ] Stopped target Login Prompts.
         Stopping Serial Getty on ttymxc0...
         Stopping Network Name Resolution...
         Stopping Snappy daemon...
         Stopping Disk Manager...
         Stopping Avahi mDNS/DNS-SD Stack...
         Stopping User Manager for UID 0...
[  OK  ] Removed slice system-getty.slice.
[  OK  ] Stopped target Sound Card.
[  OK  ] Closed Load/Save RF Kill Switch Status /dev/rfkill Watch.
         Stopping Timestamping service...
[  OK  ] Stopped target System Time Synchronized.
[  OK  ] Stopped Avahi mDNS/DNS-SD Stack.
[  OK  ] Stopped Network Name Resolution.
[  OK  ] Stopped User Manager for UID 0.
[  OK  ] Stopped Authorization Manager.
[  OK  ] Stopped Disk Manager.
[  OK  ] Stopped Serial Getty on ttymxc0.
[  OK  ] Stopped Save/Restore Sound Card State.
[  OK  ] Stopped Session c2 of user root.
[  OK  ] Stopped Session c1 of user root.
[  OK  ] Stopped Timestamping service.
[  OK  ] Removed slice system-serial\x2dgetty.slice.
[  OK  ] Removed slice User Slice of root.
         Stopping Login Service...
[  OK  ] Stopped Login Service.
[   84.355787] mxc_sdc_fb fb@0: 800x480 h_sync,r,l: 128,40,88  v_sync,l,u: 2,10,33 pixclock=33260000 Hz
[   84.406487] mxc_sdc_fb fb@0: 800x480 h_sync,r,l: 128,40,88  v_sync,l,u: 2,10,33 pixclock=33260000 Hz
[   84.456475] mxc_sdc_fb fb@0: 800x480 h_sync,r,l: 128,40,88  v_sync,l,u: 2,10,33 pixclock=33260000 Hz
[  OK  ] Stopped LXDE Display Manager.
         Stopping Permit User Sessions...
[  OK  ] Stopped Permit User Sessions.
[  OK  ] Stopped target Network.
         Stopping WPA supplicant...
         Stopping Connection service...
         Stopping Network Service...
[  OK  ] Stopped target Remote File Systems.
[  OK  ] Stopped WPA supplicant.
[  OK  ] Stopped Connection service.
[  OK  ] Stopped Network Service.
         Stopping D-Bus System Message Bus...
[  OK  ] Stopped D-Bus System Message Bus.
[  OK  ] Stopped Snappy daemon.
[  OK  ] Stopped target Basic System.
[  OK  ] Stopped target Slices.
[  OK  ] Removed slice User and Session Slice.
[  OK  ] Stopped target Sockets.
[  OK  ] Closed sshd.socket.
[  OK  ] Closed RPCbind Server Activation Socket.
[  OK  ] Closed Avahi mDNS/DNS-SD Stack Activation Socket.
[  OK  ] Closed D-Bus System Message Bus Socket.
[  OK  ] Stopped target Paths.
[  OK  ] Stopped Dispatch Password Requests to Console Directory Watch.
[  OK  ] Stopped Forward Password Requests to Wall Directory Watch.
[  OK  ] Closed Socket activation for snappy daemon.
[  OK  ] Stopped target System Initialization.
         Stopping Load/Save Screen Backlight...htness of backlight:backlight...
[  OK  ] Stopped Setup Virtual Console.
[  OK  ] Stopped Apply Kernel Variables.
[  OK  ] Stopped Load Kernel Modules.
         Stopping Load/Save Random Seed...
         Stopping Update UTMP about System Boot/Shutdown...
         Stopping Network Time Synchronization...
[  OK  ] Stopped Load/Save Screen Backlight Brightness of backlight:backlight.
[  OK  ] Stopped Load/Save Random Seed.
[  OK  ] Removed slice system-systemd\x2dbacklight.slice.
[  OK  ] Stopped Update UTMP about System Boot/Shutdown.
[  OK  ] Stopped Network Time Synchronization.
[  OK  ] Stopped Create Volatile Files and Directories.
[  OK  ] Stopped target Local File Systems.
         Unmounting /media/mmcblk0p1...
         Unmounting /run/user/0...
         Unmounting /var/volatile...
         Unmounting /media/sda1...
         Unmounting Temporary Directory...
[  OK  ] Unmounted /media/mmcblk0p1.
[  OK  ] Unmounted /run/user/0.
[  OK  ] Unmounted /var/volatile.
[  OK  ] Unmounted /media/sda1.
[  OK  ] Unmounted Temporary Directory.
[  OK  ] Stopped target Swap.
[  OK  ] Reached target Unmount All Filesystems.
[  OK  ] Stopped target Local File Systems (Pre).
[  OK  ] Stopped Create Static Device Nodes in /dev.
[  OK  ] Stopped Remount Root and Kernel File Systems.
[  OK  ] Reached target Shutdown.
[   90.237086] systemd-shutdown[1]: Sending SIGTERM to remaining processes...
[   90.259931] systemd-journald[206]: Received SIGTERM from PID 1 (systemd-shutdow).
[   90.312395] systemd-shutdown[1]: Sending SIGKILL to remaining processes...
[   90.333152] systemd-shutdown[1]: Hardware watchdog 'imx2+ watchdog', version 0
[   90.341363] systemd-shutdown[1]: Unmounting file systems.
[   90.347455] systemd-shutdown[1]: Remounting '/' read-only with options 'data=ordered'.
[   90.393604] EXT4-fs (mmcblk0p2): re-mounted. Opts: data=ordered
[   90.408262] systemd-shutdown[1]: Remounting '/' read-only with options 'data=ordered'.
[   90.416465] EXT4-fs (mmcblk0p2): re-mounted. Opts: data=ordered
[   90.422525] systemd-shutdown[1]: All filesystems unmounted.
[   90.428238] systemd-shutdown[1]: Deactivating swaps.
[   90.433471] systemd-shutdown[1]: All swaps deactivated.
[   90.438813] systemd-shutdown[1]: Detaching loop devices.
[   90.457126] systemd-shutdown[1]: All loop devices detached.
[   90.462992] systemd-shutdown[1]: Detaching DM devices.
[   90.468585] systemd-shutdown[1]: All DM devices detached.
[   90.479797] systemd-shutdown[1]: Failed to read reboot parameter file: No such file or directory
[   90.488806] systemd-shutdown[1]: Rebooting.
[   93.063821] imx2-wdt 20bc000.wdog: Device shutdown: Expect reboot!
[   93.070548] reboot: Restarting system


U-Boot 2016.11-2.7.4+g1b121c6 (Oct 04 2017 - 22:34:15 +0000)

CPU:   Freescale i.MX6Q rev1.5 at 792 MHz
Reset cause: WDOG
I2C:   ready
DRAM:  2 GiB
PMIC:  device id: 0x10, revision id: 0x21, programmed
MC:   FSL_SDHC: 0, FSL_SDHC: 1, FSL_SDHC: 2
auto-detected panel vga-rgb
Display: vga-rgb (640x480)
In:    serial
Out:   serial
Err:   serial
Model: Toradex Apalis iMX6 Quad 2GB IT V1.1C, Serial# 05146387
Net:   using PHY at 7
FEC [PRIME]
Hit any key to stop autoboot:  1  0 
Booting from internal eMMC chip...
reading imx6q-apalis-eval.dtb
53981 bytes read in 17 ms (3 MiB/s)
reading uImage
5207280 bytes read in 196 ms (25.3 MiB/s)
## Booting kernel from Legacy Image at 11000000 ...
   Image Name:   Linux-4.1.44-2.7.4+gb1555bf
   Image Type:   ARM Linux Kernel Image (uncompressed)
   Data Size:    5207216 Bytes = 5 MiB
   Load Address: 10008000
   Entry Point:  10008000
   Verifying Checksum ... OK
## Flattened Device Tree blob at 12000000
   Booting using the fdt blob at 0x12000000
   Loading Kernel Image ... OK
   Using Device Tree in place at 12000000, end 120102dc

Starting kernel ...



U-Boot 2016.11-2.7.4+g1b121c6 (Oct 04 2017 - 22:34:15 +0000)

CPU:   Freescale i.MX6Q rev1.5 at 792 MHz
Reset cause: POR
I2C:   ready
DRAM:  2 GiB
PMIC:  device id: 0x10, revision id: 0x21, programmed
k5:   FSL_SDHC: 0, FSL_SDHC: 1, FSL_SDHC: 2
auto-detected panel vga-rgb
Display: vga-rgb (640x480)
In:    serial
Out:   serial
Err:   serial
Model: Toradex Apalis iMX6 Quad 2GB IT V1.1C, Serial# 05146387
Net:   using PHY at 7
FEC [PRIME]
Hit any key to stop autoboot:  1  0 
Apalis iMX6 # pri
arch=arm
baudrate=115200
board=apalis_imx6
board_name=apalis_imx6
board_rev=011c
boot_a_script=load ${devtype} ${devnum}:${distro_bootpart} ${scriptaddr} ${prefix}${script}; source ${scriptaddr}
boot_extlinux=sysboot ${devtype} ${devnum}:${distro_bootpart} any ${scriptaddr} ${prefix}extlinux/extlinux.conf
boot_file=uImage
boot_net_usb_start=usb start
boot_prefixes=/ /boot/
boot_script_dhcp=boot.scr.uimg
boot_scripts=boot.scr.uimg boot.scr
boot_targets=mmc1 mmc2 usb0 dhcp 
bootcmd=run emmcboot ; echo ; echo emmcboot failed ; run distro_bootcmd ; usb start ;setenv stdout serial,vga ; setenv stdin serial,usbkbd
bootcmd_dhcp=if dhcp ${scriptaddr} ${boot_script_dhcp}; then source ${scriptaddr}; fi;
bootcmd_mmc1=setenv devnum 1; run mmc_boot
bootcmd_mmc2=setenv devnum 2; run mmc_boot
bootcmd_usb0=setenv devnum 0; run usb_boot
bootdelay=1
bootm_size=0x20000000
console=ttymxc0
cpu=armv7
defargs=enable_wait_mode=off vmalloc=400M
dfu_alt_info=u-boot.imx raw 0x2 0x3ff mmcpart 0;boot part 0 1;rootfs part 0 2;uImage fat 0 1;imx6q-colibri-eval-v3.dtb fat 0 1;imx6q-colibri-cam-eval-v3.dtb fat 0 1
distro_bootcmd=for target in ${boot_targets}; do run bootcmd_${target}; done
emmcargs=ip=off root=/dev/mmcblk0p2 ro rootfstype=ext4 rootwait
emmcboot=run setup; setenv bootargs ${defargs} ${emmcargs} ${setupargs} ${vidargs}; echo Booting from internal eMMC chip...; run emmcdtbload; load mmc 0:1 ${kernel_addr_r} ${boot_file} && run fdt_fixup && bootm ${kernel_addr_r} ${dtbparam}
emmcdtbload=setenv dtbparam; load mmc 0:1 ${fdt_addr_r} ${fdt_file} && setenv dtbparam " - ${fdt_addr_r}" && true
ethact=FEC
ethaddr=00:14:2d:4e:87:13
ethprime=FEC
fdt_addr_r=0x12000000
fdt_file=imx6q-apalis-eval.dtb
fdt_fixup=;
fdt_high=0xffffffff
initrd_high=0xffffffff
ipaddr=192.168.10.2
kernel_addr_r=0x11000000
loadaddr=0x12000000
mmc_boot=if mmc dev ${devnum}; then setenv devtype mmc; run scan_dev_for_boot_part; fi
netmask=255.255.255.0
nfsargs=ip=:::::eth0:on root=/dev/nfs rw
nfsboot=run setup; setenv bootargs ${defargs} ${nfsargs} ${setupargs} ${vidargs}; echo Booting via DHCP/TFTP/NFS...; run nfsdtbload; dhcp ${kernel_addr_r} && run fdt_fixup && bootm ${kernel_addr_r} ${dtbparam}
nfsdtbload=setenv dtbparam; tftp ${fdt_addr_r} ${fdt_file} && setenv dtbparam " - ${fdt_addr_r}" && true
pxefile_addr_r=0x17100000
ramdisk_addr_r=0x12100000
sata_boot=if sata dev ${devnum}; then setenv devtype sata; run scan_dev_for_boot_part; fi
scan_dev_for_boot=echo Scanning ${devtype} ${devnum}:${distro_bootpart}...; for prefix in ${boot_prefixes}; do run scan_dev_for_extlinux; run scan_dev_for_scripts; done;
scan_dev_for_boot_part=part list ${devtype} ${devnum} -bootable devplist; env exists devplist || setenv devplist 1; for distro_bootpart in ${devplist}; do if fstype ${devtype} ${devnum}:${distro_bootpart} bootfstype; then run scan_dev_for_boot; fi; done
scan_dev_for_extlinux=if test -e ${devtype} ${devnum}:${distro_bootpart} ${prefix}extlinux/extlinux.conf; then echo Found ${prefix}extlinux/extlinux.conf; run boot_extlinux; echo SCRIPT FAILED: continuing...; fi
scan_dev_for_scripts=for script in ${boot_scripts}; do if test -e ${devtype} ${devnum}:${distro_bootpart} ${prefix}${script}; then echo Found U-Boot script ${prefix}${script}; run boot_a_script; echo SCRIPT FAILED: continuing...; fi; done
scriptaddr=0x17000000
sdargs=ip=off root=/dev/mmcblk1p2 ro rootfstype=ext4 rootwait
sdboot=run setup; setenv bootargs ${defargs} ${sdargs} ${setupargs} ${vidargs}; echo Booting from SD card; run sddtbload; load mmc 1:1 ${kernel_addr_r} ${boot_file} && run fdt_fixup && bootm ${kernel_addr_r} ${dtbparam}
sddtbload=setenv dtbparam; load mmc 1:1 ${fdt_addr_r} ${fdt_file} && setenv dtbparam " - ${fdt_addr_r}" && true
serial#=05146387
serverip=192.168.10.1
setethupdate=if env exists ethaddr; then; else setenv ethaddr 00:14:2d:00:00:00; fi; tftpboot ${loadaddr} flash_eth.img && source ${loadaddr}
setsdupdate=setenv interface mmc; setenv drive 1; mmc rescan; load ${interface} ${drive}:1 ${loadaddr} flash_blk.img || setenv drive 2; mmc rescan; load ${interface} ${drive}:1 ${loadaddr} flash_blk.img && source ${loadaddr}
setup=setenv setupargs fec_mac=${ethaddr} consoleblank=0 no_console_suspend=1 console=tty1 console=${console},${baudrate}n8
setupdate=run setsdupdate || run setusbupdate || run setethupdate
setusbupdate=usb start && setenv interface usb; setenv drive 0; load ${interface} ${drive}:1 ${loadaddr} flash_blk.img && source ${loadaddr}
soc=mx6
splashpos=m,m
usb_boot=usb start; if usb dev ${devnum}; then setenv devtype usb; run scan_dev_for_boot_part; fi
vendor=toradex
ver=U-Boot 2016.11-2.7.4+g1b121c6 (Oct 04 2017 - 22:34:15 +0000)
vidargs=video=mxcfb0:dev=lcd,FusionF07A,if=RGB24 video=mxcfb1:off video=mxcfb2:off video=mxcfb3:off fbmem=32M

Environment size: 4899/8188 bytes
Apalis iMX6 # editenv fdt_file 
edit: imx6q-apalis-eval.dtb                     imx6q-apalis-ixora-v1.1.dtb
Apalis iMX6 # pri
arch=arm
baudrate=115200
board=apalis_imx6
board_name=apalis_imx6
board_rev=011c
boot_a_script=load ${devtype} ${devnum}:${distro_bootpart} ${scriptaddr} ${prefix}${script}; source ${scriptaddr}
boot_extlinux=sysboot ${devtype} ${devnum}:${distro_bootpart} any ${scriptaddr} ${prefix}extlinux/extlinux.conf
boot_file=uImage
boot_net_usb_start=usb start
boot_prefixes=/ /boot/
boot_script_dhcp=boot.scr.uimg
boot_scripts=boot.scr.uimg boot.scr
boot_targets=mmc1 mmc2 usb0 dhcp 
bootcmd=run emmcboot ; echo ; echo emmcboot failed ; run distro_bootcmd ; usb start ;setenv stdout serial,vga ; setenv stdin serial,usbkbd
bootcmd_dhcp=if dhcp ${scriptaddr} ${boot_script_dhcp}; then source ${scriptaddr}; fi;
bootcmd_mmc1=setenv devnum 1; run mmc_boot
bootcmd_mmc2=setenv devnum 2; run mmc_boot
bootcmd_usb0=setenv devnum 0; run usb_boot
bootdelay=1
bootm_size=0x20000000
console=ttymxc0
cpu=armv7
defargs=enable_wait_mode=off vmalloc=400M
dfu_alt_info=u-boot.imx raw 0x2 0x3ff mmcpart 0;boot part 0 1;rootfs part 0 2;uImage fat 0 1;imx6q-colibri-eval-v3.dtb fat 0 1;imx6q-colibri-cam-eval-v3.dtb fat 0 1
distro_bootcmd=for target in ${boot_targets}; do run bootcmd_${target}; done
emmcargs=ip=off root=/dev/mmcblk0p2 ro rootfstype=ext4 rootwait
emmcboot=run setup; setenv bootargs ${defargs} ${emmcargs} ${setupargs} ${vidargs}; echo Booting from internal eMMC chip...; run emmcdtbload; load mmc 0:1 ${kernel_addr_r} ${boot_file} && run fdt_fixup && bootm ${kernel_addr_r} ${dtbparam}
emmcdtbload=setenv dtbparam; load mmc 0:1 ${fdt_addr_r} ${fdt_file} && setenv dtbparam " - ${fdt_addr_r}" && true
ethact=FEC
ethaddr=00:14:2d:4e:87:13
ethprime=FEC
fdt_addr_r=0x12000000
fdt_file=imx6q-apalis-ixora-v1.1.dtb
fdt_fixup=;
fdt_high=0xffffffff
initrd_high=0xffffffff
ipaddr=192.168.10.2
kernel_addr_r=0x11000000
loadaddr=0x12000000
mmc_boot=if mmc dev ${devnum}; then setenv devtype mmc; run scan_dev_for_boot_part; fi
netmask=255.255.255.0
nfsargs=ip=:::::eth0:on root=/dev/nfs rw
nfsboot=run setup; setenv bootargs ${defargs} ${nfsargs} ${setupargs} ${vidargs}; echo Booting via DHCP/TFTP/NFS...; run nfsdtbload; dhcp ${kernel_addr_r} && run fdt_fixup && bootm ${kernel_addr_r} ${dtbparam}
nfsdtbload=setenv dtbparam; tftp ${fdt_addr_r} ${fdt_file} && setenv dtbparam " - ${fdt_addr_r}" && true
pxefile_addr_r=0x17100000
ramdisk_addr_r=0x12100000
sata_boot=if sata dev ${devnum}; then setenv devtype sata; run scan_dev_for_boot_part; fi
scan_dev_for_boot=echo Scanning ${devtype} ${devnum}:${distro_bootpart}...; for prefix in ${boot_prefixes}; do run scan_dev_for_extlinux; run scan_dev_for_scripts; done;
scan_dev_for_boot_part=part list ${devtype} ${devnum} -bootable devplist; env exists devplist || setenv devplist 1; for distro_bootpart in ${devplist}; do if fstype ${devtype} ${devnum}:${distro_bootpart} bootfstype; then run scan_dev_for_boot; fi; done
scan_dev_for_extlinux=if test -e ${devtype} ${devnum}:${distro_bootpart} ${prefix}extlinux/extlinux.conf; then echo Found ${prefix}extlinux/extlinux.conf; run boot_extlinux; echo SCRIPT FAILED: continuing...; fi
scan_dev_for_scripts=for script in ${boot_scripts}; do if test -e ${devtype} ${devnum}:${distro_bootpart} ${prefix}${script}; then echo Found U-Boot script ${prefix}${script}; run boot_a_script; echo SCRIPT FAILED: continuing...; fi; done
scriptaddr=0x17000000
sdargs=ip=off root=/dev/mmcblk1p2 ro rootfstype=ext4 rootwait
sdboot=run setup; setenv bootargs ${defargs} ${sdargs} ${setupargs} ${vidargs}; echo Booting from SD card; run sddtbload; load mmc 1:1 ${kernel_addr_r} ${boot_file} && run fdt_fixup && bootm ${kernel_addr_r} ${dtbparam}
sddtbload=setenv dtbparam; load mmc 1:1 ${fdt_addr_r} ${fdt_file} && setenv dtbparam " - ${fdt_addr_r}" && true
serial#=05146387
serverip=192.168.10.1
setethupdate=if env exists ethaddr; then; else setenv ethaddr 00:14:2d:00:00:00; fi; tftpboot ${loadaddr} flash_eth.img && source ${loadaddr}
setsdupdate=setenv interface mmc; setenv drive 1; mmc rescan; load ${interface} ${drive}:1 ${loadaddr} flash_blk.img || setenv drive 2; mmc rescan; load ${interface} ${drive}:1 ${loadaddr} flash_blk.img && source ${loadaddr}
setup=setenv setupargs fec_mac=${ethaddr} consoleblank=0 no_console_suspend=1 console=tty1 console=${console},${baudrate}n8
setupdate=run setsdupdate || run setusbupdate || run setethupdate
setusbupdate=usb start && setenv interface usb; setenv drive 0; load ${interface} ${drive}:1 ${loadaddr} flash_blk.img && source ${loadaddr}
soc=mx6
splashpos=m,m
usb_boot=usb start; if usb dev ${devnum}; then setenv devtype usb; run scan_dev_for_boot_part; fi
vendor=toradex
ver=U-Boot 2016.11-2.7.4+g1b121c6 (Oct 04 2017 - 22:34:15 +0000)
vidargs=video=mxcfb0:dev=lcd,FusionF07A,if=RGB24 video=mxcfb1:off video=mxcfb2:off video=mxcfb3:off fbmem=32M

Environment size: 4905/8188 bytes
Apalis iMX6 # boot
Booting from internal eMMC chip...
reading imx6q-apalis-ixora-v1.1.dtb
50486 bytes read in 23 ms (2.1 MiB/s)
reading uImage
5207280 bytes read in 196 ms (25.3 MiB/s)
## Booting kernel from Legacy Image at 11000000 ...
   Image Name:   Linux-4.1.44-2.7.4+gb1555bf
   Image Type:   ARM Linux Kernel Image (uncompressed)
   Data Size:    5207216 Bytes = 5 MiB
   Load Address: 10008000
   Entry Point:  10008000
   Verifying Checksum ... OK
## Flattened Device Tree blob at 12000000
   Booting using the fdt blob at 0x12000000
   Loading Kernel Image ... OK
   Using Device Tree in place at 12000000, end 1200f535

Starting kernel ...

[    0.000000] Booting Linux on physical CPU 0x0
[    0.000000] Initializing cgroup subsys cpu
[    0.000000] Initializing cgroup subsys cpuacct
[    0.000000] Linux version 4.1.44-2.7.4+gb1555bf (yocto@45574f02061f) (gcc version 6.2.1 20161016 (Linaro GCC 6.2-2016.11) ) #1 SMP Wed Oct 4 22:39:51 UTC 2017
[    0.000000] CPU: ARMv7 Processor [412fc09a] revision 10 (ARMv7), cr=10c5387d
[    0.000000] CPU: PIPT / VIPT nonaliasing data cache, VIPT aliasing instruction cache
[    0.000000] Machine model: Toradex Apalis iMX6Q/D Module on Ixora V1.1 Carrier Board
[    0.000000] Reserved memory: created CMA memory pool at 0x62000000, size 320 MiB
[    0.000000] Reserved memory: initialized node linux,cma, compatible id shared-dma-pool
[    0.000000] Memory policy: Data cache writealloc
[    0.000000] PERCPU: Embedded 12 pages/cpu @d0efb000 s16588 r8192 d24372 u49152
[    0.000000] Built 1 zonelists in Zone order, mobility grouping on.  Total pages: 521024
[    0.000000] Kernel command line: enable_wait_mode=off vmalloc=400M ip=off root=/dev/mmcblk0p2 ro rootfstype=ext4 rootwait fec_mac=00:14:2d:4e:87:13 consoleblank=0 no_console_suspend=1 console=tty1 console=ttymxc0,115200n8 video=mxcfb0:dev=lcd,FusionF07A,if=RGB24 video=mxcfb1:off video=mxcfb2:off video=mxcfb3:off fbmem=32M
[    0.000000] PID hash table entries: 4096 (order: 2, 16384 bytes)
[    0.000000] Dentry cache hash table entries: 262144 (order: 8, 1048576 bytes)
[    0.000000] Inode-cache hash table entries: 131072 (order: 7, 524288 bytes)
[    0.000000] Memory: 1740456K/2097152K available (6751K kernel code, 239K rwdata, 2224K rodata, 332K init, 421K bss, 29016K reserved, 327680K cma-reserved, 425984K highmem)
[    0.000000] Virtual kernel memory layout:
[    0.000000]     vector  : 0xffff0000 - 0xffff1000   (   4 kB)
[    0.000000]     fixmap  : 0xffc00000 - 0xfff00000   (3072 kB)
[    0.000000]     vmalloc : 0xe6800000 - 0xff000000   ( 392 MB)
[    0.000000]     lowmem  : 0x80000000 - 0xe6000000   (1632 MB)
[    0.000000]     pkmap   : 0x7fe00000 - 0x80000000   (   2 MB)
[    0.000000]     modules : 0x7f000000 - 0x7fe00000   (  14 MB)
[    0.000000]       .text : 0x80008000 - 0x808cc0bc   (8977 kB)
[    0.000000]       .init : 0x808cd000 - 0x80920000   ( 332 kB)
[    0.000000]       .data : 0x80920000 - 0x8095bf20   ( 240 kB)
[    0.000000]        .bss : 0x8095bf20 - 0x809c56a0   ( 422 kB)
[    0.000000] SLUB: HWalign=64, Order=0-3, MinObjects=0, CPUs=4, Nodes=1
[    0.000000] Hierarchical RCU implementation.
[    0.000000] 	Additional per-CPU info printed with stalls.
[    0.000000] NR_IRQS:16 nr_irqs:16 16
[    0.000000] L2C-310 erratum 769419 enabled
[    0.000000] L2C-310 enabling early BRESP for Cortex-A9
[    0.000000] L2C-310 full line of zeros enabled for Cortex-A9
[    0.000000] L2C-310 ID prefetch enabled, offset 16 lines
[    0.000000] L2C-310 dynamic clock gating enabled, standby mode enabled
[    0.000000] L2C-310 cache controller enabled, 16 ways, 1024 kB
[    0.000000] L2C-310: CACHE_ID 0x410000c7, AUX_CTRL 0x76470001
[    0.000000] mxc_clocksource_init 3000000
[    0.000000] Switching to timer-based delay loop, resolution 333ns
[    0.000006] sched_clock: 32 bits at 3000kHz, resolution 333ns, wraps every 715827882841ns
[    0.000023] clocksource mxc_timer1: mask: 0xffffffff max_cycles: 0xffffffff, max_idle_ns: 637086815595 ns
[    0.001118] Console: colour dummy device 80x30
[    0.001748] console [tty1] enabled
[    0.001776] Calibrating delay loop (skipped), value calculated using timer frequency.. 6.00 BogoMIPS (lpj=30000)
[    0.001816] pid_max: default: 32768 minimum: 301
[    0.001929] Mount-cache hash table entries: 4096 (order: 2, 16384 bytes)
[    0.001955] Mountpoint-cache hash table entries: 4096 (order: 2, 16384 bytes)
[    0.002554] Initializing cgroup subsys freezer
[    0.002589] Initializing cgroup subsys debug
[    0.002626] CPU: Testing write buffer coherency: ok
[    0.002953] CPU0: thread -1, cpu 0, socket 0, mpidr 80000000
[    0.003062] Setting up static identity map for 0x10008280 - 0x100082d8
[    0.004930] CPU1: thread -1, cpu 1, socket 0, mpidr 80000001
[    0.005586] CPU2: thread -1, cpu 2, socket 0, mpidr 80000002
[    0.006251] CPU3: thread -1, cpu 3, socket 0, mpidr 80000003
[    0.006326] Brought up 4 CPUs
[    0.006403] SMP: Total of 4 processors activated (24.00 BogoMIPS).
[    0.006427] CPU: All CPU(s) started in SVC mode.
[    0.006931] devtmpfs: initialized
[    0.020267] VFP support v0.3: implementor 41 architecture 3 part 30 variant 9 rev 4
[    0.020691] clocksource jiffies: mask: 0xffffffff max_cycles: 0xffffffff, max_idle_ns: 19112604462750000 ns
[    0.020749] futex hash table entries: 1024 (order: 4, 65536 bytes)
[    0.040182] pinctrl core: initialized pinctrl subsystem
[    0.041360] NET: Registered protocol family 16
[    0.049529] DMA: preallocated 256 KiB pool for atomic coherent allocations
[    0.079697] cpuidle: using governor ladder
[    0.109692] cpuidle: using governor menu
[    0.109975] CPU identified as i.MX6Q, silicon rev 1.5
[    0.134873] hw-breakpoint: found 5 (+1 reserved) breakpoint and 1 watchpoint registers.
[    0.134919] hw-breakpoint: maximum watchpoint size is 4 bytes.
[    0.135952] imx6q-pinctrl 20e0000.iomuxc: initialized IMX pinctrl driver
[    0.137543] imx-gpc 20dc000.gpc: no fsl,ldo-bypass found!
[    0.147028] usb_host_vbus: supplied by usb_host_vbus_hub
[    0.147378] vgaarb: loaded
[    0.148184] SCSI subsystem initialized
[    0.148715] usbcore: registered new interface driver usbfs
[    0.148811] usbcore: registered new interface driver hub
[    0.148912] usbcore: registered new device driver usb
[    0.149612] i2c-gpio i2c@0: using pins 80 (SDA) and 62 (SCL)
[    0.150533] i2c i2c-1: IMX I2C adapter registered
[    0.150567] i2c i2c-1: can't use DMA
[    0.152113] stmpe-i2c 2-0041: stmpe811 detected, chip id: 0x811
[    0.154039] i2c i2c-2: IMX I2C adapter registered
[    0.154076] i2c i2c-2: can't use DMA
[    0.154813] i2c i2c-3: IMX I2C adapter registered
[    0.154847] i2c i2c-3: can't use DMA
[    0.155014] Linux video capture interface: v2.00
[    0.155085] pps_core: LinuxPPS API ver. 1 registered
[    0.155107] pps_core: Software ver. 5.3.6 - Copyright 2005-2007 Rodolfo Giometti <giometti@linux.it>
[    0.155158] PTP clock support registered
[    0.169745] imx-ipuv3 2400000.ipu: IPU DMFC NORMAL mode: 1(0~1), 5B(4,5), 5F(6,7)
[    0.189737] imx-ipuv3 2800000.ipu: IPU DMFC NORMAL mode: 1(0~1), 5B(4,5), 5F(6,7)
[    0.190671] mxc_mipi_csi2 21dc000.mipi_csi: i.MX MIPI CSI2 driver probed ipu0 csi1
[    0.190717] mxc_mipi_csi2 21dc000.mipi_csi: i.MX MIPI CSI2 dphy version is 0x3130302a
[    0.190826] MIPI CSI2 driver module loaded
[    0.191036] Advanced Linux Sound Architecture Driver Initialized.
[    0.192733] Switched to clocksource mxc_timer1
[    0.203712] NET: Registered protocol family 2
[    0.204526] TCP established hash table entries: 16384 (order: 4, 65536 bytes)
[    0.204699] TCP bind hash table entries: 16384 (order: 5, 131072 bytes)
[    0.204959] TCP: Hash tables configured (established 16384 bind 16384)
[    0.205059] UDP hash table entries: 1024 (order: 3, 32768 bytes)
[    0.205154] UDP-Lite hash table entries: 1024 (order: 3, 32768 bytes)
[    0.205431] NET: Registered protocol family 1
[    0.205770] RPC: Registered named UNIX socket transport module.
[    0.205801] RPC: Registered udp transport module.
[    0.205818] RPC: Registered tcp transport module.
[    0.205837] RPC: Registered tcp NFSv4.1 backchannel transport module.
[    0.206587] CPU PMU: Failed to parse /soc/pmu/interrupt-affinity[0]
[    0.206653] hw perfevents: enabled with armv7_cortex_a9 PMU driver, 7 counters available
[    0.208419] Bus freq driver module loaded
[    0.215633] VFS: Disk quotas dquot_6.6.0
[    0.215843] VFS: Dquot-cache hash table entries: 1024 (order 0, 4096 bytes)
[    0.217410] NFS: Registering the id_resolver key type
[    0.217472] Key type id_resolver registered
[    0.217495] Key type id_legacy registered
[    0.217534] nfs4filelayout_init: NFSv4 File Layout Driver Registering...
[    0.218062] ntfs: driver 2.1.32 [Flags: R/W].
[    0.218550] fuse init (API version 7.23)
[    0.222679] bounce: pool size: 64 pages
[    0.222769] io scheduler noop registered
[    0.222826] io scheduler deadline registered
[    0.223014] io scheduler cfq registered (default)
[    0.225311] backlight supply power not found, using dummy regulator
[    0.226915] MIPI DSI driver module loaded
[    0.228344] 20e0000.hdmi_video supply HDMI not found, using dummy regulator
[    0.229790] mxc_sdc_fb fb@0: registered mxc display driver lcd
[    0.233877] mxc_sdc_fb fb@0: 800x480 h_sync,r,l: 128,40,88  v_sync,l,u: 2,10,33 pixclock=33260000 Hz
[    0.286454] mxc_sdc_fb fb@0: 800x480 h_sync,r,l: 128,40,88  v_sync,l,u: 2,10,33 pixclock=33260000 Hz
[    0.307400] Console: switching to colour frame buffer device 100x30
[    0.348774] mxc_sdc_fb fb@1: mxcfb1 is turned off!
[    0.350827] mxc_sdc_fb fb@2: mxcfb2 is turned off!
[    0.352804] mxc_sdc_fb fb@3: mxcfb3 is turned off!
[    0.356059] imx-sdma 20ec000.sdma: no iram assigned, using external mem
[    0.358180] imx-sdma 20ec000.sdma: no event needs to be remapped
[    0.360231] imx-sdma 20ec000.sdma: loaded firmware 3.3
[    0.364696] imx-sdma 20ec000.sdma: initialized
[    0.368155] pfuze100-regulator 2-0008: Full layer: 2, Metal layer: 1
[    0.370623] pfuze100-regulator 2-0008: FAB: 0, FIN: 0
[    0.372427] pfuze100-regulator 2-0008: pfuze100 found.
[    0.389085] 2020000.serial: ttymxc0 at MMIO 0x2020000 (irq = 26, base_baud = 5000000) is a IMX
[    1.242159] console [ttymxc0] enabled
[    1.248639] 21e8000.serial: ttymxc1 at MMIO 0x21e8000 (irq = 301, base_baud = 5000000) is a IMX
[    1.259942] 21f0000.serial: ttymxc3 at MMIO 0x21f0000 (irq = 302, base_baud = 5000000) is a IMX
[    1.271212] 21f4000.serial: ttymxc4 at MMIO 0x21f4000 (irq = 303, base_baud = 5000000) is a IMX
[    1.282808] [drm] Initialized drm 1.1.0 20060810
[    1.289807] [drm] Initialized vivante 1.0.0 20120216 on minor 0
[    1.306242] brd: module loaded
[    1.316504] loop: module loaded
[    1.322713] ahci-imx 2200000.sata: fsl,transmit-level-mV not specified, using 00000024
