 registered
ntfs: driver 2.1.32 [Flags: R/W DEBUG].
jffs2: version 2.2. (NAND) © 2001-2006 Red Hat, Inc.
fuse init (API version 7.26)
bounce: pool size: 64 pages
io scheduler noop registered
io scheduler deadline registered
io scheduler cfq registered (default)
backlight supply power not found, using dummy regulator
20e0000.hdmi_video supply HDMI not found, using dummy regulator
mxc_sdc_fb fb@0: registered mxc display driver ldb
imx-ipuv3 2800000.ipu: IPU DMFC DP HIGH RESOLUTION: 1(0,1), 5B(2~5), 5F(6,7)
Console: switching to colour frame buffer device 128x48
mxc_hdmi 20e0000.hdmi_video: Detected HDMI controller 0x13:0xa:0xa0:0xc1
fbcvt: 640x480@60: CVT Name - .307M3
mxc_sdc_fb fb@1: registered mxc display driver hdmi
mxc_sdc_fb fb@2: Can't get fb option for mxcfb2!
mxc_sdc_fb fb@3: Can't get fb option for mxcfb3!
imx-sdma 20ec000.sdma: no iram assigned, using external mem
imx-sdma 20ec000.sdma: loaded firmware 3.3
pfuze100-regulator 2-0008: Full layer: 2, Metal layer: 1
pfuze100-regulator 2-0008: FAB: 0, FIN: 0
pfuze100-regulator 2-0008: pfuze100 found.
2020000.serial: ttymxc0 at MMIO 0x2020000 (irq = 29, base_baud = 5000000) is a IMX
console [ttymxc0] enabled
21e8000.serial: ttymxc1 at MMIO 0x21e8000 (irq = 78, base_baud = 5000000) is a IMX
21f0000.serial: ttymxc3 at MMIO 0x21f0000 (irq = 79, base_baud = 5000000) is a IMX
21f4000.serial: ttymxc4 at MMIO 0x21f4000 (irq = 80, base_baud = 5000000) is a IMX
imx sema4 driver is registered.
[drm] Initialized
[drm] Initialized vivante 1.0.0 20120216 on minor 0
brd: module loaded
loop: module loaded
zram: Added device: zram0
ahci-imx 2200000.sata: fsl,transmit-level-mV not specified, using 00000024
ahci-imx 2200000.sata: fsl,transmit-boost-mdB not specified, using 00000480
ahci-imx 2200000.sata: fsl,transmit-atten-16ths not specified, using 00002000
ahci-imx 2200000.sata: fsl,receive-eq-mdB not specified, using 05000000
ahci-imx 2200000.sata: SSS flag set, parallel bus scan disabled
ahci-imx 2200000.sata: AHCI 0001.0300 32 slots 1 ports 3 Gbps 0x1 impl platform mode
ahci-imx 2200000.sata: flags: ncq sntf stag pm led clo only pmp pio slum part ccc apst 
scsi host0: ahci-imx
ata1: SATA max UDMA/133 mmio [mem 0x02200000-0x02203fff] port 0x100 irq 87
spi_imx 2008000.ecspi: probed
libphy: Fixed MDIO Bus: probed
tun: Universal TUN/TAP device driver, 1.6
tun: (C) 1999-2004 Max Krasnyansky <maxk@qualcomm.com>
CAN device driver interface
2090000.flexcan supply xceiver not found, using dummy regulator
flexcan 2090000.flexcan: device registered (reg_base=f02f4000, irq=38)
2094000.flexcan supply xceiver not found, using dummy regulator
flexcan 2094000.flexcan: device registered (reg_base=f02fc000, irq=39)
2188000.ethernet supply phy not found, using dummy regulator
pps pps0: new PPS source ptp0
libphy: fec_enet_mii_bus: probed
fec 2188000.ethernet eth0: registered PHC device 0
PPP generic driver version 2.4.2
PPP BSD Compression module registered
PPP Deflate Compression module registered
PPP MPPE Compression module registered
NET: Registered protocol family 24
usbcore: registered new interface driver kaweth
pegasus: v0.9.3 (2013/04/25), Pegasus/Pegasus II USB Ethernet driver
usbcore: registered new interface driver pegasus
usbcore: registered new interface driver rtl8150
usbcore: registered new interface driver r8152
usbcore: registered new interface driver asix
usbcore: registered new interface driver ax88179_178a
usbcore: registered new interface driver cdc_ether
usbcore: registered new interface driver cdc_eem
usbcore: registered new interface driver net1080
usbcore: registered new interface driver cdc_subset
usbcore: registered new interface driver zaurus
usbcore: registered new interface driver cdc_ncm
ehci_hcd: USB 2.0 'Enhanced' Host Controller (EHCI) Driver
ehci-mxc: Freescale On-Chip EHCI Host driver
usbcore: registered new interface driver cdc_acm
cdc_acm: USB Abstract Control Model driver for USB modems and ISDN adapters
usbcore: registered new interface driver usb-storage
usbcore: registered new interface driver usbserial
usbcore: registered new interface driver usbserial_generic
usbserial: USB Serial support registered for generic
usbcore: registered new interface driver ftdi_sio
usbserial: USB Serial support registered for FTDI USB Serial Device
usbcore: registered new interface driver option
usbserial: USB Serial support registered for GSM modem (1-port)
usbcore: registered new interface driver usbtest
usbcore: registered new interface driver usb_ehset_test
2184800.usbmisc supply vbus-wakeup not found, using dummy regulator
ci_hdrc ci_hdrc.1: EHCI Host Controller
ci_hdrc ci_hdrc.1: new USB bus registered, assigned bus number 1
ci_hdrc ci_hdrc.1: USB 2.0 started, EHCI 1.00
usb usb1: New USB device found, idVendor=1d6b, idProduct=0002
usb usb1: New USB device strings: Mfr=3, Product=2, SerialNumber=1
usb usb1: Product: EHCI Host Controller
usb usb1: Manufacturer: Linux 4.9.67-07229-gdc6c16ec0433-dirty ehci_hcd
usb usb1: SerialNumber: ci_hdrc.1
hub 1-0:1.0: USB hub found
hub 1-0:1.0: 1 port detected
mousedev: PS/2 mouse device common for all mice
usbcore: registered new interface driver xpad
ata1: SATA link down (SStatus 0 SControl 300)
ahci-imx 2200000.sata: no device found, disabling link.
ahci-imx 2200000.sata: pass ahci_imx..hotplug=1 to enable hotplug
usbcore: registered new interface driver usb_acecad
usbcore: registered new interface driver aiptek
usbcore: registered new interface driver gtco
usbcore: registered new interface driver hanwang
usbcore: registered new interface driver kbtab
input: stmpe-ts as /devices/soc0/soc/2100000.aips-bus/21a4000.i2c/i2c-2/2-0041/stmpe-ts/input/input0
snvs_rtc 20cc000.snvs:snvs-rtc-lp: rtc core: registered 20cc000.snvs:snvs-r as rtc0
i2c /dev entries driver
IR NEC protocol handler initialized
IR RC5(x/sz) protocol handler initialized
IR RC6 protocol handler initialized
IR JVC protocol handler initialized
IR Sony protocol handler initialized
IR SANYO protocol handler initialized
IR Sharp protocol handler initialized
IR MCE Keyboard/mouse protocol handler initialized
IR XMP protocol handler initialized
mxc_v4l2_output v4l2_out: V4L2 device registered as video16
mxc_v4l2_output v4l2_out: V4L2 device registered as video17
mxc_v4l2_output v4l2_out: V4L2 device registered as video18
mxc_v4l2_output v4l2_out: V4L2 device registered as video19
ov564x_mipi 3-003c: found pwm2, period=0
usb 1-1: new high-speed USB device number 2 using ci_hdrc
ov5640_read_reg:write reg error:reg=300a
camera ov5640_mipi is not found
usbcore: registered new interface driver uvcvideo
USB Video Class driver (1.1.1)
imx2-wdt 20bc000.wdog: timeout 60 sec (nowayout=0)
device-mapper: uevent: version 1.0.3
device-mapper: ioctl: 4.35.0-ioctl (2016-06-23) initialised: dm-devel@redhat.com
Bluetooth: HCI UART driver ver 2.3
Bluetooth: HCI UART protocol H4 registered
Bluetooth: HCI UART protocol BCSP registered
Bluetooth: HCI UART protocol ATH3K registered
usbcore: registered new interface driver btusb
sdhci: Secure Digital Host Controller Interface driver
sdhci: Copyright(c) Pierre Ossman
sdhci-pltfm: SDHCI platform and OF driver helper
sdhci-esdhc-imx 2190000.usdhc: could not get ultra high speed state, work on normal mode
sdhci-esdhc-imx 2190000.usdhc: Got CD GPIO
mmc1: SDHCI controller on 2190000.usdhc [2190000.usdhc] using ADMA
sdhci-esdhc-imx 2198000.usdhc: could not get ultra high speed state, work on normal mode
usb 1-1: New USB device found, idVendor=0424, idProduct=2514
usb 1-1: New USB device strings: Mfr=0, Product=0, SerialNumber=0
hub 1-1:1.0: USB hub found
hub 1-1:1.0: 4 ports detected
mmc0: SDHCI controller on 2198000.usdhc [2198000.usdhc] using ADMA
mxc_vpu 2040000.vpu_fsl: VPU initialized
mxc_vdoa 21e4000.vdoa: i.MX Video Data Order Adapter(VDOA) driver probed
mxc_hdmi_cec soc:hdmi_cec@00120000: HDMI CEC initialized
Galcore version 6.2.2.96445
mmc0: new DDR MMC card at address 0001
mmcblk0: mmc0:0001 Q2J54A 3.59 GiB 
mmcblk0boot0: mmc0:0001 Q2J54A partition 1 16.0 MiB
mmcblk0boot1: mmc0:0001 Q2J54A partition 2 16.0 MiB
random: fast init done
Alternate GPT is invalid, using primary GPT.
 mmcblk0: p1 p2 p3 p4 p5 p6 p7 p8 p9 p10 p11
caam 2100000.caam: ERA source: CAAMVID.
caam 2100000.caam: AXI pipeline throttling enabled.
caam 2100000.caam: Instantiated RNG4 SH1
caam 2100000.caam: device ID = 0x0a16010000000000 (Era 4)
caam 2100000.caam: job rings = 2, qi = 0
caam algorithms registered in /proc/crypto
caam_jr 2101000.jr0: registering rng-caam
platform caam_sm: blkkey_ex: 4 keystore units available
platform caam_sm: 64-bit clear key:
platform caam_sm: [0000] 00 01 02 03 04 0f 06 07
platform caam_sm: 64-bit black key:
platform caam_sm: [0000] ed 97 8e 91 83 20 bc eb
platform caam_sm: [0008] 9e a9 25 d3 64 08 18 e5
platform caam_sm: 128-bit clear key:
platform caam_sm: [0000] 00 01 02 03 04 0f 06 07
platform caam_sm: [0008] 08 09 0a 0b 0c 0d 0e 0f
platform caam_sm: 128-bit black key:
platform caam_sm: [0000] 5d a6 86 60 ba 98 85 4d
platform caam_sm: [0008] 5f 48 94 bf 78 d7 10 c1
platform caam_sm: 192-bit clear key:
platform caam_sm: [0000] 00 01 02 03 04 0f 06 07
platform caam_sm: [0008] 08 09 0a 0b 0c 0d 0e 0f
platform caam_sm: [0016] 10 11 12 13 14 15 16 17
platform caam_sm: 192-bit black key:
platform caam_sm: [0000] 0e 2e 27 36 eb 32 d5 e2
platform caam_sm: [0008] 61 ef 87 a2 4b 1b 3a 65
platform caam_sm: [0016] cb dc f9 89 cf 58 f8 c7
platform caam_sm: [0024] 6f bf af 13 4f 18 1f 5e
platform caam_sm: 256-bit clear key:
platform caam_sm: [0000] 00 01 02 03 04 0f 06 07
platform caam_sm: [0008] 08 09 0a 0b 0c 0d 0e 0f
platform caam_sm: [0016] 10 11 12 13 14 15 16 17
platform caam_sm: [0024] 18 19 1a 1b 1c 1d 1e 1f
platform caam_sm: 256-bit black key:
platform caam_sm: [0000] 4e 77 0d 3d 78 ea d8 c9
platform caam_sm: [0008] 84 75 99 a0 f0 ac 45 46
platform caam_sm: [0016] b2 97 ea 97 22 c9 1b ce
platform caam_sm: [0024] 84 bf 19 6b 7f 90 75 bf
platform caam_sm: 64-bit unwritten blob:
platform caam_sm: [0000] 00 00 00 00 00 00 00 00
platform caam_sm: [0008] 00 00 00 00 00 00 00 00
platform caam_sm: [0016] 00 00 00 00 00 00 00 00
platform caam_sm: [0024] 00 00 00 00 00 00 00 00
platform caam_sm: [0032] 00 00 00 00 00 00 00 00
platform caam_sm: [0040] 00 00 00 00 00 00 00 00
platform caam_sm: [0048] 00 00 00 00 00 00 00 00
platform caam_sm: [0056] 00 00 00 00 00 00 00 00
platform caam_sm: [0064] 00 00 00 00 00 00 00 00
platform caam_sm: [0072] 00 00 00 00 00 00 00 00
platform caam_sm: [0080] 00 00 00 00 00 00 00 00
platform caam_sm: [0088] 00 00 00 00 00 00 00 00
platform caam_sm: 128-bit unwritten blob:
platform caam_sm: [0000] 00 00 00 00 00 00 00 00
platform caam_sm: [0008] 00 00 00 00 00 00 00 00
platform caam_sm: [0016] 00 00 00 00 00 00 00 00
platform caam_sm: [0024] 00 00 00 00 00 00 00 00
platform caam_sm: [0032] 00 00 00 00 00 00 00 00
platform caam_sm: [0040] 00 00 00 00 00 00 00 00
platform caam_sm: [0048] 00 00 00 00 00 00 00 00
platform caam_sm: [0056] 00 00 00 00 00 00 00 00
platform caam_sm: [0064] 00 00 00 00 00 00 00 00
platform caam_sm: [0072] 00 00 00 00 00 00 00 00
platform caam_sm: [0080] 00 00 00 00 00 00 00 00
platform caam_sm: [0088] 00 00 00 00 00 00 00 00
platform caam_sm: 196-bit unwritten blob:
platform caam_sm: [0000] 00 00 00 00 00 00 00 00
platform caam_sm: [0008] 00 00 00 00 00 00 00 00
platform caam_sm: [0016] 00 00 00 00 00 00 00 00
platform caam_sm: [0024] 00 00 00 00 00 00 00 00
platform caam_sm: [0032] 00 00 00 00 00 00 00 00
platform caam_sm: [0040] 00 00 00 00 00 00 00 00
platform caam_sm: [0048] 00 00 00 00 00 00 00 00
platform caam_sm: [0056] 00 00 00 00 00 00 00 00
platform caam_sm: [0064] 00 00 00 00 00 00 00 00
platform caam_sm: [0072] 00 00 00 00 00 00 00 00
platform caam_sm: [0080] 00 00 00 00 00 00 00 00
platform caam_sm: [0088] 00 00 00 00 00 00 00 00
platform caam_sm: 256-bit unwritten blob:
platform caam_sm: [0000] 00 00 00 00 00 00 00 00
platform caam_sm: [0008] 00 00 00 00 00 00 00 00
platform caam_sm: [0016] 00 00 00 00 00 00 00 00
platform caam_sm: [0024] 00 00 00 00 00 00 00 00
platform caam_sm: [0032] 00 00 00 00 00 00 00 00
platform caam_sm: [0040] 00 00 00 00 00 00 00 00
platform caam_sm: [0048] 00 00 00 00 00 00 00 00
platform caam_sm: [0056] 00 00 00 00 00 00 00 00
platform caam_sm: [0064] 00 00 00 00 00 00 00 00
platform caam_sm: [0072] 00 00 00 00 00 00 00 00
platform caam_sm: [0080] 00 00 00 00 00 00 00 00
platform caam_sm: [0088] 00 00 00 00 00 00 00 00
platform caam_sm: 64-bit black key in blob:
platform caam_sm: [0000] fa 6e 1b be e6 4a 25 bd
platform caam_sm: [0008] 41 30 9d 8b d6 e1 dd e6
platform caam_sm: [0016] 11 18 ff 02 61 58 e0 41
platform caam_sm: [0024] f0 a5 5c 4a 60 77 c1 60
platform caam_sm: [0032] 98 69 19 44 7d 07 ce f3
platform caam_sm: [0040] df 2c 74 ac 83 4d 77 3d
platform caam_sm: [0048] 1f 30 01 88 33 ae 84 ff
platform caam_sm: [0056] 00 00 00 00 00 00 00 00
platform caam_sm: [0064] 00 00 00 00 00 00 00 00
platform caam_sm: [0072] 00 00 00 00 00 00 00 00
platform caam_sm: [0080] 00 00 00 00 00 00 00 00
platform caam_sm: [0088] 00 00 00 00 00 00 00 00
platform caam_sm: 128-bit black key in blob:
platform caam_sm: [0000] 44 93 e8 07 c4 5d 35 bb
platform caam_sm: [0008] 74 d5 6e 54 2b f6 04 e1
platform caam_sm: [0016] 30 04 b8 2c af 1d 77 1c
platform caam_sm: [0024] 97 59 49 ef 8c 97 7b b6
platform caam_sm: [0032] c8 0c 92 a7 5a 24 89 a8
platform caam_sm: [0040] df b2 c4 f9 c7 5f 81 75
platform caam_sm: [0048] d2 ca af ce a7 15 e1 61
platform caam_sm: [0056] 09 8a 16 bd d1 c8 15 7e
platform caam_sm: [0064] 00 00 00 00 00 00 00 00
platform caam_sm: [0072] 00 00 00 00 00 00 00 00
platform caam_sm: [0080] 00 00 00 00 00 00 00 00
platform caam_sm: [0088] 00 00 00 00 00 00 00 00
platform caam_sm: 192-bit black key in blob:
platform caam_sm: [0000] e6 40 f9 f1 20 04 48 b6
platform caam_sm: [0008] af 79 79 22 f0 f1 59 26
platform caam_sm: [0016] 0b b7 d7 92 bc 5f 25 46
platform caam_sm: [0024] 69 b7 e1 19 2b 4d c6 e5
platform caam_sm: [0032] 48 53 8c 0b 01 96 90 6a
platform caam_sm: [0040] 9f ae 73 4b ff 16 c5 b0
platform caam_sm: [0048] e9 cb 05 b5 d2 60 96 78
platform caam_sm: [0056] 51 0e 80 1f 4e 6a 5e 44
platform caam_sm: [0064] 66 21 cd 9b ff 8a f1 31
platform caam_sm: [0072] 00 00 00 00 00 00 00 00
platform caam_sm: [0080] 00 00 00 00 00 00 00 00
platform caam_sm: [0088] 00 00 00 00 00 00 00 00
platform caam_sm: 256-bit black key in blob:
platform caam_sm: [0000] 34 43 ed ef 71 e4 ff ae
platform caam_sm: [0008] bb 4d 8e 38 69 3e 12 38
platform caam_sm: [0016] 15 98 27 f6 48 5e 77 f9
platform caam_sm: [0024] f8 af 60 25 86 95 d9 c0
platform caam_sm: [0032] 2d 68 43 84 1f 49 89 d7
platform caam_sm: [0040] 40 09 be a5 c8 c4 b7 20
platform caam_sm: [0048] e3 08 c6 ad 37 f7 ba 89
platform caam_sm: [0056] ab 52 ab 62 17 53 e9 3d
platform caam_sm: [0064] 52 62 e6 8e 75 20 d2 49
platform caam_sm: [0072] 28 e9 82 61 5f d1 fc f8
platform caam_sm: [0080] 00 00 00 00 00 00 00 00
platform caam_sm: [0088] 00 00 00 00 00 00 00 00
platform caam_sm: restored 64-bit black key:
platform caam_sm: [0000] 81 51 98 6e c0 18 de ba
platform caam_sm: [0008] d9 bc 8d db c8 b1 10 50
platform caam_sm: restored 128-bit black key:
platform caam_sm: [0000] 5d a6 86 60 ba 98 85 4d
platform caam_sm: [0008] 5f 48 94 bf 78 d7 10 c1
platform caam_sm: restored 192-bit black key:
platform caam_sm: [0000] 0e 2e 27 36 eb 32 d5 e2
platform caam_sm: [0008] 61 ef 87 a2 4b 1b 3a 65
platform caam_sm: [0016] f3 e3 4d df b3 7f c7 08
platform caam_sm: [0024] bf 0a 17 79 bf d1 ee e5
platform caam_sm: restored 256-bit black key:
platform caam_sm: [0000] 4e 77 0d 3d 78 ea d8 c9
platform caam_sm: [0008] 84 75 99 a0 f0 ac 45 46
platform caam_sm: [0016] b2 97 ea 97 22 c9 1b ce
platform caam_sm: [0024] 84 bf 19 6b 7f 90 75 bf
snvs-secvio 20cc000.caam-snvs: can't get snvs clock
snvs-secvio 20cc000.caam-snvs: violation handlers armed - non-secure state
hidraw: raw HID events driver (C) Jiri Kosina
usbcore: registered new interface driver usbhid
usbhid: USB HID core driver
ashmem: initialized
usbcore: registered new interface driver snd-usb-audio
sgtl5000 2-000a: sgtl5000 revision 0x11
fsl-ssi-dai 2028000.ssi: No cache defaults, reading back from HW
imx-sgtl5000 sound: sgtl5000 <-> 2028000.ssi mapping ok
imx-spdif sound-spdif: snd-soc-dummy-dai <-> 2004000.spdif mapping ok
imx-audio-hdmi sound-hdmi: hdmi-hifi.0 <-> soc:hdmi_audio@00120000 mapping ok
NET: Registered protocol family 26
u32 classifier
    Actions configured
Netfilter messages via NETLINK v0.30.
nf_conntrack version 0.5.0 (16384 buckets, 65536 max)
ctnetlink v0.93: registering with nfnetlink.
xt_time: kernel timezone is -0000
ip_tables: (C) 2000-2006 Netfilter Core Team
arp_tables: arp_tables: (C) 2002 David S. Miller
Initializing XFRM netlink socket
NET: Registered protocol family 10
mip6: Mobile IPv6
ip6_tables: (C) 2000-2006 Netfilter Core Team
sit: IPv6, IPv4 and MPLS over IPv4 tunneling driver
NET: Registered protocol family 17
NET: Registered protocol family 15
can: controller area network core (rev 20120528 abi 9)
NET: Registered protocol family 29
can: raw protocol (rev 20120528)
can: broadcast manager protocol (rev 20161123 t)
can: netlink gateway (rev 20130117) max_hops=1
Bluetooth: RFCOMM TTY layer initialized
Bluetooth: RFCOMM socket layer initialized
Bluetooth: RFCOMM ver 1.11
Bluetooth: BNEP (Ethernet Emulation) ver 1.3
Bluetooth: BNEP filters: protocol multicast
Bluetooth: BNEP socket layer initialized
Bluetooth: HIDP (Human Interface Emulation) ver 1.2
Bluetooth: HIDP socket layer initialized
8021q: 802.1Q VLAN Support v1.8
Key type dns_resolver registered
cpu cpu0: Registered imx6q-cpufreq
registered taskstats version 1
imx_thermal 2000000.aips-bus:tempmon: Industrial CPU temperature grade - max:105C critical:100C passive:95C
dhd_module_init in
input: gpio-keys as /devices/soc0/gpio-keys/input/input1
snvs_rtc 20cc000.snvs:snvs-rtc-lp: setting system clock to 1970-01-01 00:00:02 UTC (2)
usb_otg_vbus: disabling
ALSA device list:
  #0: imx6q-apalis-sgtl5000
  #1: imx-spdif
  #2: imx-hdmi-soc
Freeing unused kernel memory: 1024K
init: init first stage started!
SELinux:  Permission validate_trans in class security not defined in policy.
SELinux:  Class cap_userns not defined in policy.
SELinux:  Class cap2_userns not defined in policy.
SELinux: the above unknown classes and permissions will be denied
audit: type=1403 audit(5.047:2): policy loaded auid=4294967295 ses=4294967295
init: (Initializing SELinux non-enforcing took 0.10s.)
init: init second stage started!
init: Running restorecon...
init: waitpid failed: No child processes
init: (Loading properties from /default.prop took 0.00s.)
init: (Parsing /init.environ.rc took 0.00s.)
init: (Parsing /init.usb.rc took 0.00s.)
init: (Parsing init.freescale.usb.rc took 0.00s.)
init: (Parsing init.freescale.i.MX6Q.rc took 0.00s.)
init: (Parsing init.freescale.emmc.rc took 0.00s.)
init: (Parsing /init.freescale.rc took 0.02s.)
ueventd: ueventd started!
ueventd: Coldboot took 0.43s.
Console: switching to colour dummy device 80x30
watchdogd: started (interval 10, margin 20)!
EXT4-fs (mmcblk0p3): mounted filesystem with ordered data mode. Opts: barrier=1
EXT4-fs (mmcblk0p10): Ignoring removed nomblk_io_submit option
usb 1-1.3: new high-speed USB device number 3 using ci_hdrc
EXT4-fs (mmcblk0p10): mounted filesystem with ordered data mode. Opts: nomblk_io_submit,noauto_da_alloc,errors=panic
EXT4-fs (mmcblk0p4): Ignoring removed nomblk_io_submit option
EXT4-fs (mmcblk0p4): mounted filesystem with ordered data mode. Opts: nomblk_io_submit
EXT4-fs (mmcblk0p5): mounted filesystem with ordered data mode. Opts: (null)
usb 1-1.3: New USB device found, idVendor=8564, idProduct=1000
usb 1-1.3: New USB device strings: Mfr=1, Product=2, SerialNumber=3
usb 1-1.3: Product: Mass Storage Device
usb 1-1.3: Manufacturer: JetFlash
usb 1-1.3: SerialNumber: RNKRQHY1
usb-storage 1-1.3:1.0: USB Mass Storage device detected
scsi host1: usb-storage 1-1.3:1.0
file system registered
using random self ethernet address
using random host ethernet address
zram0: detected capacity change from 0 to 314572800
logd.auditd: start
logd.klogd: 7776159000
Adding 307196k swap on /dev/block/zram0.  Priority:-1 extents:1 across:307196k SS
scsi 1:0:0:0: Direct-Access     JetFlash Transcend 8GB    8.07 PQ: 0 ANSI: 4
sd 1:0:0:0: [sda] 15261696 512-byte logical blocks: (7.81 GB/7.28 GiB)
sd 1:0:0:0: [sda] Write Protect is off
sd 1:0:0:0: [sda] Write cache: disabled, read cache: enabled, doesn't support DPO or FUA
 sda: sda1
sd 1:0:0:0: [sda] Attached SCSI removable disk
logd.daemon: reinit
binder: 260:260 transaction failed 29189, size 0-0
toradex_apalis6q:/ # healthd: No battery devices found
ERROR: v4l2 capture: slave not found! V4L2_CID_HUE
ERROR: v4l2 capture: slave not found! V4L2_CID_HUE
imx-hdmi-audio imx-hdmi-audio: HDMI Video is not ready!
imx-hdmi-audio imx-hdmi-audio: ASoC: can't open platform imx-hdmi-audio: -22
imx-hdmi-audio imx-hdmi-audio: HDMI Video is not ready!
imx-hdmi-audio imx-hdmi-audio: ASoC: can't open platform imx-hdmi-audio: -22
init: Starting service 'bootanim'...
capability: warning: `main' uses 32-bit capabilities (legacy support in use)
init: write_file: Unable to open '/sys/devices/system/cpu/cpufreq/interactive/timer_rate': No such file or directory
init: write_file: Unable to open '/sys/devices/system/cpu/cpufreq/interactive/min_sample_time': No such file or directory
init: write_file: Unable to open '/sys/devices/system/cpu/cpufreq/interactive/go_hispeed_load': No such file or directory
init: write_file: Unable to open '/proc/sys/vm/extra_free_kbytes': No such file or directory
init: write_file: Unable to write to '/config/usb_gadget/g1/UDC': No such device
acc_open
acc_release
random: crng init done
Micrel KSZ9031 Gigabit PHY 2188000.ethernet-1:07: attached PHY driver [Micrel KSZ9031 Gigabit PHY] (mii_bus:phy_addr=2188000.ethernet-1:07, irq=120)
IPv6: ADDRCONF(NETDEV_UP): eth0: link is not ready
FAT-fs (sda1): Volume was not properly unmounted. Some data may be corrupt. Please run fsck.

toradex_apalis6q:/ # 
toradex_apalis6q:/ # 
toradex_apalis6q:/ # 
toradex_apalis6q:/ # 
toradex_apalis6q:/ # 
toradex_apalis6q:/ # 
toradex_apalis6q:/ # 
toradex_apalis6q:/ # 
toradex_apalis6q:/ # 
toradex_apalis6q:/ # 
toradex_apalis6q:/ # 
toradex_apalis6q:/ # 
toradex_apalis6q:/ # init: Service 'bootanim' (pid 334) exited with status 0
init: Starting service 'exec 3 (/system/bin/bootstat)'...
init: Service 'exec 3 (/system/bin/bootstat)' (pid 952) exited with status 0
init: Starting service 'exec 4 (/system/bin/bootstat)'...
init: Service 'exec 4 (/system/bin/bootstat)' (pid 962) exited with status 0
init: Starting service 'exec 5 (/system/bin/bootstat)'...
init: Service 'exec 5 (/system/bin/bootstat)' (pid 964) exited with status 0
init: Starting service 'exec 6 (/system/bin/bootstat)'...
init: Service 'exec 6 (/system/bin/bootstat)' (pid 965) exited with status 0

toradex_apalis6q:/ # 
toradex_apalis6q:/ # 
toradex_apalis6q:/ # 
toradex_apalis6q:/ # 
toradex_apalis6q:/ # 
toradex_apalis6q:/ # 
toradex_apalis6q:/ # 
toradex_apalis6q:/ # logcat | Aravinth | gAravinthrAravintheAravinthpAravinth Aravinth
^C
130|toradex_apalis6q:/ # 
130|toradex_apalis6q:/ # 
130|toradex_apalis6q:/ # 
130|toradex_apalis6q:/ # 
130|toradex_apalis6q:/ # 
130|toradex_apalis6q:/ # 
130|toradex_apalis6q:/ # 
130|toradex_apalis6q:/ # df
type=1400 audit(66.297:3): avc: denied { getattr } for pid=1223 comm="df" path="/dev/block" dev="tmpfs" ino=8306 scontext=u:r:shell:s0 tcontext=u:object_r:block_device:s0 tclass=dir permissive=1
Filesystem                 1K-blotype=1400 audit(66.317:4): avc: denied { getattr } for pid=1223 comm="df" path="/dev/block/mmcblk0p3" dev="tmpfs" ino=8416 scontext=u:r:shell:s0 tcontext=u:object_r:system_block_device:s0 tclass=blk_file permissive=1
cks    Used Available Use% Mountetype=1400 audit(66.317:5): avc: denied { getattr } for pid=1223 comm="df" path="/dev/block/mmcblk0p10" dev="tmpfs" ino=8398 scontext=u:r:shell:s0 tcontext=u:object_r:userdata_block_device:s0 tclass=blk_file permissive=1
d on
rootfs                     type=1400 audit(66.317:6): avc: denied { getattr } for pid=1223 comm="df" path="/dev/block/mmcblk0p4" dev="tmpfs" ino=8388 scontext=u:r:shell:s0 tcontext=u:object_r:cache_block_device:s0 tclass=blk_file permissive=1
   798524    3000    795524   1% type=1400 audit(66.317:7): avc: denied { getattr } for pid=1223 comm="df" path="/dev/block/mmcblk0p5" dev="tmpfs" ino=8412 scontext=u:r:shell:s0 tcontext=u:object_r:block_device:s0 tclass=blk_file permissive=1
/
tmpfs                        1type=1400 audit(66.317:8): avc: denied { getattr } for pid=1223 comm="df" path="/dev/fuse" dev="tmpfs" ino=8225 scontext=u:r:shell:s0 tcontext=u:object_r:fuse_device:s0 tclass=chr_file permissive=1
029208     456   1028752   1% /detype=1400 audit(66.317:9): avc: denied { getattr } for pid=1223 comm="df" path="/dev/block/vold/public:8:1" dev="tmpfs" ino=13739 scontext=u:r:shell:s0 tcontext=u:object_r:vold_device:s0 tclass=blk_file permissive=1
v
tmpfs                        1029208       4   1029204   1% /mnt
/dev/block/mmcblk0p3         1499760  621512    878248  42% /system
/dev/block/mmcblk0p10        1430704   21672   1409032   2% /data
/dev/block/mmcblk0p4          499656     416    499240   1% /cache
/dev/block/mmcblk0p5            6907      45      6862   1% /device
/dev/fuse                    1430704   21672   1409032   2% /mnt/runtime/default/emulated
/dev/fuse                    1430704   21672   1409032   2% /mnt/runtime/read/emulated
/dev/fuse                    1430704   21672   1409032   2% /mnt/runtime/write/emulated
/dev/block/vold/public:8:1   7626624 7424320    202304  98% /mnt/media_rw/E204-C38C
toradex_apalis6q:/ # cp /mnt/media_rw/E204-C38C/
01 Jee Karda (Badlapur) -320Kbps [PagalWorld.com].mp3
02 - Manwa Laage - DownloadMing.SE.mp3
All_parameters_hud_final.cfx
Android/
BOOTEX.LOG
BYOD v0.5/
DriverSetup.exe
ES File Explorer File Manager-4.1.5.apk
LOST.DIR/
Minda/
OBD.cfx
Radz/
SFMSValidationTest
SampleApps/
Sensor Test_v1.6.6_apkpure.com.apk
System Volume Information/
TestResults/
Tools/
Un_Vizhigalil - Www.Tamilkey.Com.mp3
Untitled Folder 2/
Untitled Folder/
btsnoop_hci.log
busmaster-installers-2.6.4/
calibrator
gpstest
i/
jeevan/
log.txt
nandgraph4.svg
new_nand_graph.svg
new_nand_graph2.svg
obd
obd_mah
sygic_new/
toradex_apalis6q-ota-20170930.zip
wifi.txt
wl18xx-fw-4.bin
working-wifi-log.txt
toradex_apalis6q:/ # cp /mnt/media_rw/E204-C38C/                               to/media_rw/E204-C38C/toradex_apalis6q-ota-20170930.zip                         < /caw/E204-C38C/toradex_apalis6q-ota-20170930.zip /cache/                         <update.zip
type=1400 audit(82.807:10): avc: denied { write } for pid=1225 comm="cp" name="/" dev="mmcblk0p4" ino=2 scontext=u:r:shell:s0 tcontext=u:object_r:cache_file:s0 tclass=dir permissive=1
type=1400 audit(82.827:11): avc: denied { add_name } for pid=1225 comm="cp" name="update.zip" scontext=u:r:shell:s0 tcontext=u:object_r:cache_file:s0 tclass=dir permissive=1
type=1400 audit(82.827:12): avc: denied { create } for pid=1225 comm="cp" name="update.zip" scontext=u:r:shell:s0 tcontext=u:object_r:cache_file:s0 tclass=file permissive=1
type=1400 audit(82.847:13): avc: denied { read write open } for pid=1225 comm="cp" path="/cache/update.zip" dev="mmcblk0p4" ino=13 scontext=u:r:shell:s0 tcontext=u:object_r:cache_file:s0 tclass=file permissive=1




toradex_apalis6q:/ # 
toradex_apalis6q:/ # 
toradex_apalis6q:/ # 
toradex_apalis6q:/ # 
toradex_apalis6q:/ # echo "--update_package=/cache/update.zip" > /cache/recove "--update_package=/cache/update.zip" > /cache/recove                         <ry/command
type=1400 audit(120.727:14): avc: denied { write } for pid=261 comm="sh" name="recovery" dev="mmcblk0p4" ino=8193 scontext=u:r:shell:s0 tcontext=u:object_r:cache_recovery_file:s0 tclass=dir permissive=1
toradex_apalis6q:/ # type=1400 audit(120.727:15): avc: denied { add_name } for pid=261 comm="sh" name="command" scontext=u:r:shell:s0 tcontext=u:object_r:cache_recovery_file:s0 tclass=dir permissive=1
type=1400 audit(120.727:16): avc: denied { create } for pid=261 comm="sh" name="command" scontext=u:r:shell:s0 tcontext=u:object_r:cache_recovery_file:s0 tclass=file permissive=1
type=1400 audit(120.727:17): avc: denied { write open } for pid=261 comm="sh" path="/cache/recovery/command" dev="mmcblk0p4" ino=14 scontext=u:r:shell:s0 tcontext=u:object_r:cache_recovery_file:s0 tclass=file permissive=1

toradex_apalis6q:/ # reboot recovery
sysrq: SysRq : Emergency Remount R/O
EXT4-fs (mmcblk0p4): re-mounted. Opts: (null)
EXT4-fs (mmcblk0p10): re-mounted. Opts: (null)
Emergency Remount complete
imx2-wdt 20bc000.wdog: Device shutdown: Expect reboot!
ci_hdrc ci_hdrc.1: remove, state 1
usb usb1: USB disconnect, device number 1
usb 1-1: USB disconnect, device number 2
usb 1-1.3: USB disconnect, device number 3
ci_hdrc ci_hdrc.1: USB bus 1 deregistered
android_work: did not send uevent (0 0   (null))
reboot: Restarting system with command 'recovery'


U-Boot 2017.03-00001-g610928540e-dirty (Jan 03 2018 - 18:04:22 +0530)

CPU:   Freescale i.MX6Q rev1.5 at 792 MHz
Reset cause: WDOG
I2C:   ready
DRAM:  2 GiB
PMIC: device id: 0x10, revision id: 0x21
PMIC: programmed
MMC:   FSL_SDHC: 0, FSL_SDHC: 1, FSL_SDHC: 2
Unable to allocate framebuffer memory
In:    serial
Out:   serial
Err:   serial
Model: Toradex Apalis iMX6 Quad 2GB IT V1.1C, Serial# 05146387
flash target is MMC:0
Net:   using PHY at 7
FEC [PRIME]
Fastboot: Got Recovery key pressing or recovery commands!
setup env for recovery..
Hit any key to stop autoboot:  1  0 
boota mmc0 recovery 
CACHE: Misaligned operation at range [8ffb79a0, 8ffb7a20]
CACHE: Misaligned operation at range [8ffb79a0, 8ffb7a20]
kernel   @ 14008000 (9802376)
ramdisk  @ 15000000 (4072978)
fdt      @ 14f00000 (53981)
## Booting Android Image at 0x12000000 ...
Kernel load addr 0x14008000 size 9573 KiB
Kernel command line: console=ttymxc0,115200 init=/init video=mxcfb0:dev=ldb,fbpix=RGB32,bpp=32 video=mxcfb1:dev=hdmi,640x480M@60,if=RGB24,bpp=16 video=mxcfb2:off video=mxcfb3:off vmalloc=256M androidboot.console=ttymxc0 consoleblank=0 androidboot.hardware=freescale cma=448M androidboot.selinux=permissive androidboot.dm_verity=disabled buildvariant=user androidboot.serialno=1b2429d4ea997115 androidboot.storage_type=emmc
## Flattened Device Tree blob at 14f00000
   Booting using the fdt blob at 0x14f00000
   Loading Kernel Image ... OK
   Using Device Tree in place at 14f00000, end 14f102dc

Starting kernel ...

Booting Linux on physical CPU 0x0
Linux version 4.9.67-07229-gdc6c16ec0433-dirty (embadmin@ubuntu) (gcc version 4.9 20150123 (prerelease) (GCC) ) #16 SMP PREEMPT Tue Jan 2 14:56:07 IST 2018
CPU: ARMv7 Processor [412fc09a] revision 10 (ARMv7), cr=10c53c7d
CPU: PIPT / VIPT nonaliasing data cache, VIPT aliasing instruction cache
OF: fdt:Machine model: Aravinth :UJET-02-Jan Toradex Apalis iMX6Q/D Module on Ixora V1.1 Carrier Board
cma: Reserved 448 MiB at 0x22000000
Memory policy: Data cache writealloc
percpu: Embedded 15 pages/cpu @ee6b3000 s31040 r8192 d22208 u61440
Built 1 zonelists in Zone order, mobility grouping on.  Total pages: 522768
Kernel command line: console=ttymxc0,115200 init=/init video=mxcfb0:dev=ldb,fbpix=RGB32,bpp=32 video=mxcfb1:dev=hdmi,640x480M@60,if=RGB24,bpp=16 video=mxcfb2:off video=mxcfb3:off vmalloc=256M androidboot.console=ttymxc0 consoleblank=0 androidboot.hardware=freescale cma=448M androidboot.selinux=permissive androidboot.dm_verity=disabled buildvariant=user androidboot.serialno=1b2429d4ea997115 androidboot.storage_type=emmc
PID hash table entries: 4096 (order: 2, 16384 bytes)
Dentry cache hash table entries: 131072 (order: 7, 524288 bytes)
Inode-cache hash table entries: 65536 (order: 6, 262144 bytes)
Memory: 1594660K/2097152K available (13312K kernel code, 1128K rwdata, 4016K rodata, 1024K init, 606K bss, 43740K reserved, 458752K cma-reserved, 1318912K highmem)
Virtual kernel memory layout:
    vector  : 0xffff0000 - 0xffff1000   (   4 kB)
    fixmap  : 0xffc00000 - 0xfff00000   (3072 kB)
    vmalloc : 0xf0000000 - 0xff800000   ( 248 MB)
    lowmem  : 0xc0000000 - 0xef800000   ( 760 MB)
    pkmap   : 0xbfe00000 - 0xc0000000   (   2 MB)
    modules : 0xbf000000 - 0xbfe00000   (  14 MB)
      .text : 0xc0008000 - 0xc0e00000   (14304 kB)
      .init : 0xc1300000 - 0xc1400000   (1024 kB)
      .data : 0xc1400000 - 0xc151a218   (1129 kB)
       .bss : 0xc151a218 - 0xc15b1be0   ( 607 kB)
SLUB: HWalign=64, Order=0-3, MinObjects=0, CPUs=4, Nodes=1
Preemptible hierarchical RCU implementation.
	Build-time adjustment of leaf fanout to 32.
NR_IRQS:16 nr_irqs:16 16
L2C-310 errata 752271 769419 enabled
L2C-310 enabling early BRESP for Cortex-A9
L2C-310 full line of zeros enabled for Cortex-A9
L2C-310 ID prefetch enabled, offset 16 lines
L2C-310 dynamic clock gating enabled, standby mode enabled
L2C-310 cache controller enabled, 16 ways, 1024 kB
L2C-310: CACHE_ID 0x410000c7, AUX_CTRL 0x76470001
Switching to timer-based delay loop, resolution 333ns
sched_clock: 32 bits at 3000kHz, resolution 333ns, wraps every 715827882841ns
clocksource: mxc_timer1: mask: 0xffffffff max_cycles: 0xffffffff, max_idle_ns: 637086815595 ns
Console: colour dummy device 80x30
Calibrating delay loop (skipped), value calculated using timer frequency.. 6.00 BogoMIPS (lpj=30000)
pid_max: default: 32768 minimum: 301
Security Framework initialized
SELinux:  Initializing.
Mount-cache hash table entries: 2048 (order: 1, 8192 bytes)
Mountpoint-cache hash table entries: 2048 (order: 1, 8192 bytes)
CPU: Testing write buffer coherency: ok
CPU0: update cpu_capacity 1024
CPU0: thread -1, cpu 0, socket 0, mpidr 80000000
Setting up static identity map for 0x10100000 - 0x10100058
CPU1: update cpu_capacity 1024
CPU1: thread -1, cpu 1, socket 0, mpidr 80000001
CPU2: update cpu_capacity 1024
CPU2: thread -1, cpu 2, socket 0, mpidr 80000002
CPU3: update cpu_capacity 1024
CPU3: thread -1, cpu 3, socket 0, mpidr 80000003
Brought up 4 CPUs
SMP: Total of 4 processors activated (24.00 BogoMIPS).
CPU: All CPU(s) started in SVC mode.
CPU3: update max cpu_capacity 1024
devtmpfs: initialized
CPU2: update max cpu_capacity 1024
VFP support v0.3: implementor 41 architecture 3 part 30 variant 9 rev 4
clocksource: jiffies: mask: 0xffffffff max_cycles: 0xffffffff, max_idle_ns: 19112604462750000 ns
futex hash table entries: 1024 (order: 4, 65536 bytes)
pinctrl core: initialized pinctrl subsystem
NET: Registered protocol family 16
DMA: preallocated 256 KiB pool for atomic coherent allocations
cpuidle: using governor menu
CPU identified as i.MX6Q, silicon rev 1.5
hw-breakpoint: found 5 (+1 reserved) breakpoint and 1 watchpoint registers.
hw-breakpoint: maximum watchpoint size is 4 bytes.
imx6q-pinctrl 20e0000.iomuxc: initialized IMX pinctrl driver
imx-gpc 20dc000.gpc: no fsl,ldo-bypass found!
imx-gpc 20dc000.gpc: Registered imx-gpc
mxs-dma 110000.dma-apbh: initialized
usb_host_vbus: supplied by usb_host_vbus_hub
SCSI subsystem initialized
usbcore: registered new interface driver usbfs
usbcore: registered new interface driver hub
usbcore: registered new device driver usb
2000000.aips-bus:usbphy_nop1 supply vcc not found, using dummy regulator
2000000.aips-bus:usbphy_nop2 supply vcc not found, using dummy regulator
i2c i2c-1: IMX I2C adapter registered
i2c i2c-1: can't use DMA, using PIO instead.
stmpe-i2c 2-0041: stmpe811 detected, chip id: 0x811
i2c i2c-2: IMX I2C adapter registered
i2c i2c-2: can't use DMA, using PIO instead.
i2c i2c-3: IMX I2C adapter registered
i2c i2c-3: can't use DMA, using PIO instead.
Linux video capture interface: v2.00
pps_core: LinuxPPS API ver. 1 registered
pps_core: Software ver. 5.3.6 - Copyright 2005-2007 Rodolfo Giometti <giometti@linux.it>
PTP clock support registered
imx-ipuv3 2400000.ipu: IPU DMFC NORMAL mode: 1(0~1), 5B(4,5), 5F(6,7)
imx-ipuv3 2800000.ipu: IPU DMFC NORMAL mode: 1(0~1), 5B(4,5), 5F(6,7)
mxc_mipi_csi2 21dc000.mipi_csi: i.MX MIPI CSI2 driver probed ipu0 csi1
mxc_mipi_csi2 21dc000.mipi_csi: i.MX MIPI CSI2 dphy version is 0x3130302a
MIPI CSI2 driver module loaded
imx rpmsg driver is registered.
Advanced Linux Sound Architecture Driver Initialized.
Bluetooth: Core ver 2.22
NET: Registered protocol family 31
Bluetooth: HCI device and connection manager initialized
Bluetooth: HCI socket layer initialized
Bluetooth: L2CAP socket layer initialized
Bluetooth: SCO socket layer initialized
clocksource: Switched to clocksource mxc_timer1
VFS: Disk quotas dquot_6.6.0
VFS: Dquot-cache hash table entries: 1024 (order 0, 4096 bytes)
NET: Registered protocol family 2
TCP established hash table entries: 8192 (order: 3, 32768 bytes)
TCP bind hash table entries: 8192 (order: 4, 65536 bytes)
TCP: Hash tables configured (established 8192 bind 8192)
UDP hash table entries: 512 (order: 2, 16384 bytes)
UDP-Lite hash table entries: 512 (order: 2, 16384 bytes)
NET: Registered protocol family 1
RPC: Registered named UNIX socket transport module.
RPC: Registered udp transport module.
RPC: Registered tcp transport module.
RPC: Registered tcp NFSv4.1 backchannel transport module.
Trying to unpack rootfs image as initramfs...
Freeing initrd memory: 3980K
hw perfevents: enabled with armv7_cortex_a9 PMU driver, 7 counters available
Bus freq driver module loaded
audit: initializing netlink subsys (disabled)
audit: type=2000 audit(0.980:1): initialized
workingset: timestamp_bits=30 max_order=19 bucket_order=0
NFS: Registering the id_resolver key type
Key type id_resolver registered
Key type id_legacy registered
ntfs: driver 2.1.32 [Flags: R/W DEBUG].
jffs2: version 2.2. (NAND) © 2001-2006 Red Hat, Inc.
fuse init (API version 7.26)
bounce: pool size: 64 pages
io scheduler noop registered
io scheduler deadline registered
io scheduler cfq registered (default)
backlight supply power not found, using dummy regulator
20e0000.hdmi_video supply HDMI not found, using dummy regulator
mxc_sdc_fb fb@0: registered mxc display driver ldb
imx-ipuv3 2800000.ipu: IPU DMFC DP HIGH RESOLUTION: 1(0,1), 5B(2~5), 5F(6,7)
Console: switching to colour frame buffer device 128x48
mxc_hdmi 20e0000.hdmi_video: Detected HDMI controller 0x13:0xa:0xa0:0xc1
fbcvt: 640x480@60: CVT Name - .307M3
mxc_sdc_fb fb@1: registered mxc display driver hdmi
mxc_sdc_fb fb@2: Can't get fb option for mxcfb2!
mxc_sdc_fb fb@3: Can't get fb option for mxcfb3!
imx-sdma 20ec000.sdma: no iram assigned, using external mem
imx-sdma 20ec000.sdma: loaded firmware 3.3
pfuze100-regulator 2-0008: Full layer: 2, Metal layer: 1
pfuze100-regulator 2-0008: FAB: 0, FIN: 0
pfuze100-regulator 2-0008: pfuze100 found.
2020000.serial: ttymxc0 at MMIO 0x2020000 (irq = 29, base_baud = 5000000) is a IMX
console [ttymxc0] enabled
21e8000.serial: ttymxc1 at MMIO 0x21e8000 (irq = 78, base_baud = 5000000) is a IMX
21f0000.serial: ttymxc3 at MMIO 0x21f0000 (irq = 79, base_baud = 5000000) is a IMX
21f4000.serial: ttymxc4 at MMIO 0x21f4000 (irq = 80, base_baud = 5000000) is a IMX
imx sema4 driver is registered.
[drm] Initialized
[drm] Initialized vivante 1.0.0 20120216 on minor 0
brd: module loaded
loop: module loaded
zram: Added device: zram0
ahci-imx 2200000.sata: fsl,transmit-level-mV not specified, using 00000024
ahci-imx 2200000.sata: fsl,transmit-boost-mdB not specified, using 00000480
ahci-imx 2200000.sata: fsl,transmit-atten-16ths not specified, using 00002000
ahci-imx 2200000.sata: fsl,receive-eq-mdB not specified, using 05000000
ahci-imx 2200000.sata: SSS flag set, parallel bus scan disabled
ahci-imx 2200000.sata: AHCI 0001.0300 32 slots 1 ports 3 Gbps 0x1 impl platform mode
ahci-imx 2200000.sata: flags: ncq sntf stag pm led clo only pmp pio slum part ccc apst 
scsi host0: ahci-imx
ata1: SATA max UDMA/133 mmio [mem 0x02200000-0x02203fff] port 0x100 irq 87
spi_imx 2008000.ecspi: probed
libphy: Fixed MDIO Bus: probed
tun: Universal TUN/TAP device driver, 1.6
tun: (C) 1999-2004 Max Krasnyansky <maxk@qualcomm.com>
CAN device driver interface
2090000.flexcan supply xceiver not found, using dummy regulator
flexcan 2090000.flexcan: device registered (reg_base=f02f4000, irq=38)
2094000.flexcan supply xceiver not found, using dummy regulator
flexcan 2094000.flexcan: device registered (reg_base=f02fc000, irq=39)
2188000.ethernet supply phy not found, using dummy regulator
pps pps0: new PPS source ptp0
libphy: fec_enet_mii_bus: probed
fec 2188000.ethernet eth0: registered PHC device 0
PPP generic driver version 2.4.2
PPP BSD Compression module registered
PPP Deflate Compression module registered
PPP MPPE Compression module registered
NET: Registered protocol family 24
usbcore: registered new interface driver kaweth
pegasus: v0.9.3 (2013/04/25), Pegasus/Pegasus II USB Ethernet driver
usbcore: registered new interface driver pegasus
usbcore: registered new interface driver rtl8150
usbcore: registered new interface driver r8152
usbcore: registered new interface driver asix
usbcore: registered new interface driver ax88179_178a
usbcore: registered new interface driver cdc_ether
usbcore: registered new interface driver cdc_eem
usbcore: registered new interface driver net1080
usbcore: registered new interface driver cdc_subset
usbcore: registered new interface driver zaurus
usbcore: registered new interface driver cdc_ncm
ehci_hcd: USB 2.0 'Enhanced' Host Controller (EHCI) Driver
ehci-mxc: Freescale On-Chip EHCI Host driver
usbcore: registered new interface driver cdc_acm
cdc_acm: USB Abstract Control Model driver for USB modems and ISDN adapters
usbcore: registered new interface driver usb-storage
usbcore: registered new interface driver usbserial
usbcore: registered new interface driver usbserial_generic
usbserial: USB Serial support registered for generic
usbcore: registered new interface driver ftdi_sio
usbserial: USB Serial support registered for FTDI USB Serial Device
usbcore: registered new interface driver option
usbserial: USB Serial support registered for GSM modem (1-port)
usbcore: registered new interface driver usbtest
usbcore: registered new interface driver usb_ehset_test
2184800.usbmisc supply vbus-wakeup not found, using dummy regulator
ci_hdrc ci_hdrc.1: EHCI Host Controller
ci_hdrc ci_hdrc.1: new USB bus registered, assigned bus number 1
ci_hdrc ci_hdrc.1: USB 2.0 started, EHCI 1.00
usb usb1: New USB device found, idVendor=1d6b, idProduct=0002
usb usb1: New USB device strings: Mfr=3, Product=2, SerialNumber=1
usb usb1: Product: EHCI Host Controller
usb usb1: Manufacturer: Linux 4.9.67-07229-gdc6c16ec0433-dirty ehci_hcd
usb usb1: SerialNumber: ci_hdrc.1
hub 1-0:1.0: USB hub found
hub 1-0:1.0: 1 port detected
mousedev: PS/2 mouse device common for all mice
usbcore: registered new interface driver xpad
usbcore: registered new interface driver usb_acecad
usbcore: registered new interface driver aiptek
ata1: SATA link down (SStatus 0 SControl 300)
ahci-imx 2200000.sata: no device found, disabling link.
ahci-imx 2200000.sata: pass ahci_imx..hotplug=1 to enable hotplug
usbcore: registered new interface driver gtco
usbcore: registered new interface driver hanwang
usbcore: registered new interface driver kbtab
input: stmpe-ts as /devices/soc0/soc/2100000.aips-bus/21a4000.i2c/i2c-2/2-0041/stmpe-ts/input/input0
snvs_rtc 20cc000.snvs:snvs-rtc-lp: rtc core: registered 20cc000.snvs:snvs-r as rtc0
i2c /dev entries driver
IR NEC protocol handler initialized
IR RC5(x/sz) protocol handler initialized
IR RC6 protocol handler initialized
IR JVC protocol handler initialized
IR Sony protocol handler initialized
IR SANYO protocol handler initialized
IR Sharp protocol handler initialized
IR MCE Keyboard/mouse protocol handler initialized
IR XMP protocol handler initialized
mxc_v4l2_output v4l2_out: V4L2 device registered as video16
mxc_v4l2_output v4l2_out: V4L2 device registered as video17
mxc_v4l2_output v4l2_out: V4L2 device registered as video18
mxc_v4l2_output v4l2_out: V4L2 device registered as video19
ov564x_mipi 3-003c: found pwm2, period=0
usb 1-1: new high-speed USB device number 2 using ci_hdrc
ov5640_read_reg:write reg error:reg=300a
camera ov5640_mipi is not found
usbcore: registered new interface driver uvcvideo
USB Video Class driver (1.1.1)
imx2-wdt 20bc000.wdog: timeout 60 sec (nowayout=0)
device-mapper: uevent: version 1.0.3
device-mapper: ioctl: 4.35.0-ioctl (2016-06-23) initialised: dm-devel@redhat.com
Bluetooth: HCI UART driver ver 2.3
Bluetooth: HCI UART protocol H4 registered
Bluetooth: HCI UART protocol BCSP registered
Bluetooth: HCI UART protocol ATH3K registered
usbcore: registered new interface driver btusb
sdhci: Secure Digital Host Controller Interface driver
sdhci: Copyright(c) Pierre Ossman
sdhci-pltfm: SDHCI platform and OF driver helper
sdhci-esdhc-imx 2190000.usdhc: could not get ultra high speed state, work on normal mode
sdhci-esdhc-imx 2190000.usdhc: Got CD GPIO
mmc1: SDHCI controller on 2190000.usdhc [2190000.usdhc] using ADMA
sdhci-esdhc-imx 2198000.usdhc: could not get ultra high speed state, work on normal mode
usb 1-1: New USB device found, idVendor=0424, idProduct=2514
usb 1-1: New USB device strings: Mfr=0, Product=0, SerialNumber=0
hub 1-1:1.0: USB hub found
hub 1-1:1.0: 4 ports detected
mmc0: SDHCI controller on 2198000.usdhc [2198000.usdhc] using ADMA
mxc_vpu 2040000.vpu_fsl: VPU initialized
mxc_vdoa 21e4000.vdoa: i.MX Video Data Order Adapter(VDOA) driver probed
mxc_hdmi_cec soc:hdmi_cec@00120000: HDMI CEC initialized
Galcore version 6.2.2.96445
mmc0: new DDR MMC card at address 0001
mmcblk0: mmc0:0001 Q2J54A 3.59 GiB 
mmcblk0boot0: mmc0:0001 Q2J54A partition 1 16.0 MiB
mmcblk0boot1: mmc0:0001 Q2J54A partition 2 16.0 MiB
random: fast init done
Alternate GPT is invalid, using primary GPT.
 mmcblk0: p1 p2 p3 p4 p5 p6 p7 p8 p9 p10 p11
caam 2100000.caam: ERA source: CAAMVID.
caam 2100000.caam: AXI pipeline throttling enabled.
caam 2100000.caam: Instantiated RNG4 SH1
caam 2100000.caam: device ID = 0x0a16010000000000 (Era 4)
caam 2100000.caam: job rings = 2, qi = 0
caam algorithms registered in /proc/crypto
caam_jr 2101000.jr0: registering rng-caam
platform caam_sm: blkkey_ex: 4 keystore units available
platform caam_sm: 64-bit clear key:
platform caam_sm: [0000] 00 01 02 03 04 0f 06 07
platform caam_sm: 64-bit black key:
platform caam_sm: [0000] 4d 27 9e 39 36 a2 69 a7
platform caam_sm: [0008] 0f a4 63 0a 15 13 3f e5
platform caam_sm: 128-bit clear key:
platform caam_sm: [0000] 00 01 02 03 04 0f 06 07
platform caam_sm: [0008] 08 09 0a 0b 0c 0d 0e 0f
platform caam_sm: 128-bit black key:
platform caam_sm: [0000] b2 18 4b 75 57 0b 05 33
platform caam_sm: [0008] c3 2d ca db 0f 93 87 7c
platform caam_sm: 192-bit clear key:
platform caam_sm: [0000] 00 01 02 03 04 0f 06 07
platform caam_sm: [0008] 08 09 0a 0b 0c 0d 0e 0f
platform caam_sm: [0016] 10 11 12 13 14 15 16 17
platform caam_sm: 192-bit black key:
platform caam_sm: [0000] 93 db 72 c8 d6 cd 35 56
platform caam_sm: [0008] 58 5f 1e 2d 7c 38 f3 b4
platform caam_sm: [0016] 47 a5 0e 9f 20 38 05 d8
platform caam_sm: [0024] 68 48 9a dc 27 22 d8 da
platform caam_sm: 256-bit clear key:
platform caam_sm: [0000] 00 01 02 03 04 0f 06 07
platform caam_sm: [0008] 08 09 0a 0b 0c 0d 0e 0f
platform caam_sm: [0016] 10 11 12 13 14 15 16 17
platform caam_sm: [0024] 18 19 1a 1b 1c 1d 1e 1f
platform caam_sm: 256-bit black key:
platform caam_sm: [0000] ba fe b1 24 3f 15 c7 f3
platform caam_sm: [0008] 5d 80 b4 3b 19 85 a6 5a
platform caam_sm: [0016] d0 af b0 5a f3 a4 4e c1
platform caam_sm: [0024] 90 91 c4 6f e5 9b a8 94
platform caam_sm: 64-bit unwritten blob:
platform caam_sm: [0000] 00 00 00 00 00 00 00 00
platform caam_sm: [0008] 00 00 00 00 00 00 00 00
platform caam_sm: [0016] 00 00 00 00 00 00 00 00
platform caam_sm: [0024] 00 00 00 00 00 00 00 00
platform caam_sm: [0032] 00 00 00 00 00 00 00 00
platform caam_sm: [0040] 00 00 00 00 00 00 00 00
platform caam_sm: [0048] 00 00 00 00 00 00 00 00
platform caam_sm: [0056] 00 00 00 00 00 00 00 00
platform caam_sm: [0064] 00 00 00 00 00 00 00 00
platform caam_sm: [0072] 00 00 00 00 00 00 00 00
platform caam_sm: [0080] 00 00 00 00 00 00 00 00
platform caam_sm: [0088] 00 00 00 00 00 00 00 00
platform caam_sm: 128-bit unwritten blob:
platform caam_sm: [0000] 00 00 00 00 00 00 00 00
platform caam_sm: [0008] 00 00 00 00 00 00 00 00
platform caam_sm: [0016] 00 00 00 00 00 00 00 00
platform caam_sm: [0024] 00 00 00 00 00 00 00 00
platform caam_sm: [0032] 00 00 00 00 00 00 00 00
platform caam_sm: [0040] 00 00 00 00 00 00 00 00
platform caam_sm: [0048] 00 00 00 00 00 00 00 00
platform caam_sm: [0056] 00 00 00 00 00 00 00 00
platform caam_sm: [0064] 00 00 00 00 00 00 00 00
platform caam_sm: [0072] 00 00 00 00 00 00 00 00
platform caam_sm: [0080] 00 00 00 00 00 00 00 00
platform caam_sm: [0088] 00 00 00 00 00 00 00 00
platform caam_sm: 196-bit unwritten blob:
platform caam_sm: [0000] 00 00 00 00 00 00 00 00
platform caam_sm: [0008] 00 00 00 00 00 00 00 00
platform caam_sm: [0016] 00 00 00 00 00 00 00 00
platform caam_sm: [0024] 00 00 00 00 00 00 00 00
platform caam_sm: [0032] 00 00 00 00 00 00 00 00
platform caam_sm: [0040] 00 00 00 00 00 00 00 00
platform caam_sm: [0048] 00 00 00 00 00 00 00 00
platform caam_sm: [0056] 00 00 00 00 00 00 00 00
platform caam_sm: [0064] 00 00 00 00 00 00 00 00
platform caam_sm: [0072] 00 00 00 00 00 00 00 00
platform caam_sm: [0080] 00 00 00 00 00 00 00 00
platform caam_sm: [0088] 00 00 00 00 00 00 00 00
platform caam_sm: 256-bit unwritten blob:
platform caam_sm: [0000] 00 00 00 00 00 00 00 00
platform caam_sm: [0008] 00 00 00 00 00 00 00 00
platform caam_sm: [0016] 00 00 00 00 00 00 00 00
platform caam_sm: [0024] 00 00 00 00 00 00 00 00
platform caam_sm: [0032] 00 00 00 00 00 00 00 00
platform caam_sm: [0040] 00 00 00 00 00 00 00 00
platform caam_sm: [0048] 00 00 00 00 00 00 00 00
platform caam_sm: [0056] 00 00 00 00 00 00 00 00
platform caam_sm: [0064] 00 00 00 00 00 00 00 00
platform caam_sm: [0072] 00 00 00 00 00 00 00 00
platform caam_sm: [0080] 00 00 00 00 00 00 00 00
platform caam_sm: [0088] 00 00 00 00 00 00 00 00
platform caam_sm: 64-bit black key in blob:
platform caam_sm: [0000] cd f4 3b f8 e8 24 51 b3
platform caam_sm: [0008] ab 51 f0 cb 42 35 6a fa
platform caam_sm: [0016] 20 f7 e6 4b 88 31 53 d5
platform caam_sm: [0024] ef e9 0f 71 c4 df 6f ba
platform caam_sm: [0032] 97 ce 29 cf c9 00 50 14
platform caam_sm: [0040] 4c 24 9e 2e 5d 49 fa ba
platform caam_sm: [0048] e9 4b c4 5b 36 20 97 3c
platform caam_sm: [0056] 00 00 00 00 00 00 00 00
platform caam_sm: [0064] 00 00 00 00 00 00 00 00
platform caam_sm: [0072] 00 00 00 00 00 00 00 00
platform caam_sm: [0080] 00 00 00 00 00 00 00 00
platform caam_sm: [0088] 00 00 00 00 00 00 00 00
platform caam_sm: 128-bit black key in blob:
platform caam_sm: [0000] 7a ed ab b8 08 87 d1 a4
platform caam_sm: [0008] e9 8c 12 f1 85 a9 b8 d6
platform caam_sm: [0016] 4b 7d 63 4a 87 59 2e fc
platform caam_sm: [0024] 89 29 1b 43 48 dd 1a ff
platform caam_sm: [0032] fc 00 6f 67 11 ae a7 82
platform caam_sm: [0040] f1 fe 9b 4f 7f 97 9e 5e
platform caam_sm: [0048] d0 2c 12 cd 46 8b f8 dd
platform caam_sm: [0056] 3b bf 0d 46 ea dc cd 1c
platform caam_sm: [0064] 00 00 00 00 00 00 00 00
platform caam_sm: [0072] 00 00 00 00 00 00 00 00
platform caam_sm: [0080] 00 00 00 00 00 00 00 00
platform caam_sm: [0088] 00 00 00 00 00 00 00 00
platform caam_sm: 192-bit black key in blob:
platform caam_sm: [0000] 6a d1 fd 6e ec 1c c2 86
platform caam_sm: [0008] 2e 78 69 6d 8c b3 e1 5f
platform caam_sm: [0016] be 55 21 41 54 f0 38 5c
platform caam_sm: [0024] ad 28 f6 2a 40 02 2f 4e
platform caam_sm: [0032] a9 2f a2 48 6a 17 ff 43
platform caam_sm: [0040] bf 6e 46 33 74 0b 89 12
platform caam_sm: [0048] 6d c3 2f 52 9d 5a 33 1b
platform caam_sm: [0056] e2 58 66 50 ff b9 46 91
platform caam_sm: [0064] df b0 ca 04 47 2f 44 08
platform caam_sm: [0072] 00 00 00 00 00 00 00 00
platform caam_sm: [0080] 00 00 00 00 00 00 00 00
platform caam_sm: [0088] 00 00 00 00 00 00 00 00
platform caam_sm: 256-bit black key in blob:
platform caam_sm: [0000] 6d ea b4 bd e8 9a 27 94
platform caam_sm: [0008] 89 25 fa d4 ab f7 9a 8f
platform caam_sm: [0016] 13 d5 84 05 c4 9d 47 c9
platform caam_sm: [0024] 75 6b 70 29 09 e8 f1 2b
platform caam_sm: [0032] e4 10 eb 4d 27 7f a2 33
platform caam_sm: [0040] e1 2d d7 16 52 72 62 6f
platform caam_sm: [0048] bc 8b 3c d0 4a 3b 70 c5
platform caam_sm: [0056] 3e 25 ce 5e cb 88 54 14
platform caam_sm: [0064] fb 9d 75 79 62 8d c0 33
platform caam_sm: [0072] 57 35 2a 9c ca 3c ba 35
platform caam_sm: [0080] 00 00 00 00 00 00 00 00
platform caam_sm: [0088] 00 00 00 00 00 00 00 00
platform caam_sm: restored 64-bit black key:
platform caam_sm: [0000] 3d 55 3b a8 01 bb 90 3a
platform caam_sm: [0008] 87 5c 3c 19 ec 13 4e 8b
platform caam_sm: restored 128-bit black key:
platform caam_sm: [0000] b2 18 4b 75 57 0b 05 33
platform caam_sm: [0008] c3 2d ca db 0f 93 87 7c
platform caam_sm: restored 192-bit black key:
platform caam_sm: [0000] 93 db 72 c8 d6 cd 35 56
platform caam_sm: [0008] 58 5f 1e 2d 7c 38 f3 b4
platform caam_sm: [0016] 07 1c a6 eb 5d c2 3a e0
platform caam_sm: [0024] ea 2b 08 22 18 df f0 9f
platform caam_sm: restored 256-bit black key:
platform caam_sm: [0000] ba fe b1 24 3f 15 c7 f3
platform caam_sm: [0008] 5d 80 b4 3b 19 85 a6 5a
platform caam_sm: [0016] d0 af b0 5a f3 a4 4e c1
platform caam_sm: [0024] 90 91 c4 6f e5 9b a8 94
snvs-secvio 20cc000.caam-snvs: can't get snvs clock
snvs-secvio 20cc000.caam-snvs: violation handlers armed - non-secure state
hidraw: raw HID events driver (C) Jiri Kosina
usbcore: registered new interface driver usbhid
usbhid: USB HID core driver
ashmem: initialized
usbcore: registered new interface driver snd-usb-audio
sgtl5000 2-000a: sgtl5000 revision 0x11
fsl-ssi-dai 2028000.ssi: No cache defaults, reading back from HW
imx-sgtl5000 sound: sgtl5000 <-> 2028000.ssi mapping ok
imx-spdif sound-spdif: snd-soc-dummy-dai <-> 2004000.spdif mapping ok
imx-audio-hdmi sound-hdmi: hdmi-hifi.0 <-> soc:hdmi_audio@00120000 mapping ok
NET: Registered protocol family 26
u32 classifier
    Actions configured
Netfilter messages via NETLINK v0.30.
nf_conntrack version 0.5.0 (16384 buckets, 65536 max)
ctnetlink v0.93: registering with nfnetlink.
xt_time: kernel timezone is -0000
ip_tables: (C) 2000-2006 Netfilter Core Team
arp_tables: arp_tables: (C) 2002 David S. Miller
Initializing XFRM netlink socket
NET: Registered protocol family 10
mip6: Mobile IPv6
ip6_tables: (C) 2000-2006 Netfilter Core Team
sit: IPv6, IPv4 and MPLS over IPv4 tunneling driver
NET: Registered protocol family 17
NET: Registered protocol family 15
can: controller area network core (rev 20120528 abi 9)
NET: Registered protocol family 29
can: raw protocol (rev 20120528)
can: broadcast manager protocol (rev 20161123 t)
can: netlink gateway (rev 20130117) max_hops=1
Bluetooth: RFCOMM TTY layer initialized
Bluetooth: RFCOMM socket layer initialized
Bluetooth: RFCOMM ver 1.11
Bluetooth: BNEP (Ethernet Emulation) ver 1.3
Bluetooth: BNEP filters: protocol multicast
Bluetooth: BNEP socket layer initialized
Bluetooth: HIDP (Human Interface Emulation) ver 1.2
Bluetooth: HIDP socket layer initialized
8021q: 802.1Q VLAN Support v1.8
Key type dns_resolver registered
cpu cpu0: Registered imx6q-cpufreq
registered taskstats version 1
imx_thermal 2000000.aips-bus:tempmon: Industrial CPU temperature grade - max:105C critical:100C passive:95C
dhd_module_init in
input: gpio-keys as /devices/soc0/gpio-keys/input/input1
snvs_rtc 20cc000.snvs:snvs-rtc-lp: setting system clock to 1970-01-01 00:02:14 UTC (134)
usb_otg_vbus: disabling
ALSA device list:
  #0: imx6q-apalis-sgtl5000
  #1: imx-spdif
  #2: imx-hdmi-soc
Freeing unused kernel memory: 1024K
init: init first stage started!
SELinux:  Permission validate_trans in class security not defined in policy.
SELinux:  Class cap_userns not defined in policy.
SELinux:  Class cap2_userns not defined in policy.
SELinux: the above unknown classes and permissions will be denied
audit: type=1403 audit(134.650:2): policy loaded auid=4294967295 ses=4294967295
init: (Initializing SELinux non-enforcing took 0.13s.)
init: init second stage started!
init: Running restorecon...
init: waitpid failed: No child processes
init: property_set("ro.build.fingerprint", "Android/toradex_apalis6q/toradex_apalis6q:7.1.2/2.0.0-rfp-rc6-aravinth/20171228:user/release-keys") failed
init: (Loading properties from /default.prop took 0.02s.)
init: (Parsing /init.recovery.freescale.rc took 0.00s.)
init: (Parsing init.freescale.emmc.rc took 0.00s.)
init: (Parsing /init.rc took 0.01s.)
init: Starting service 'ueventd'...
init: Starting service 'healthd'...
ueventd: ueventd started!
audit: type=1400 audit(134.830:3): avc:  denied  { write } for  pid=218 comm="healthd" name="/" dev="tmpfs" ino=6800 scontext=u:r:healthd:s0 tcontext=u:object_r:device:s0 tclass=dir permissive=1
audit: type=1400 audit(134.840:4): avc:  denied  { mknod } for  pid=218 comm="healthd" capability=27  scontext=u:r:healthd:s0 tcontext=u:r:healthd:s0 tclass=capability permissive=1
audit: type=1400 audit(134.860:5): avc:  denied  { add_name } for  pid=218 comm="healthd" name="__kmsg__" scontext=u:r:healthd:s0 tcontext=u:object_r:device:s0 tclass=dir permissive=1
audit: type=1400 audit(134.870:6): avc:  denied  { create } for  pid=218 comm="healthd" name="__kmsg__" scontext=u:r:healthd:s0 tcontext=u:object_r:device:s0 tclass=chr_file permissive=1
audit: type=1400 audit(134.890:7): avc:  denied  { write } for  pid=218 comm="healthd" name="__kmsg__" dev="tmpfs" ino=7331 scontext=u:r:healthd:s0 tcontext=u:object_r:device:s0 tclass=chr_file permissive=1
audit: type=1400 audit(134.910:8): avc:  denied  { open } for  pid=218 comm="healthd" path="/dev/__kmsg__" dev="tmpfs" ino=7331 scontext=u:r:healthd:s0 tcontext=u:object_r:device:s0 tclass=chr_file permissive=1
audit: type=1400 audit(134.930:9): avc:  denied  { remove_name } for  pid=218 comm="healthd" name="__kmsg__" dev="tmpfs" ino=7331 scontext=u:r:healthd:s0 tcontext=u:object_r:device:s0 tclass=dir permissive=1
audit: type=1400 audit(134.950:10): avc:  denied  { unlink } for  pid=218 comm="healthd" name="__kmsg__" dev="tmpfs" ino=7331 scontext=u:r:healthd:s0 tcontext=u:object_r:device:s0 tclass=chr_file permissive=1
healthd: No battery devices found
ueventd: Coldboot took 0.46s.
usb 1-1.3: new high-speed USB device number 3 using ci_hdrc
usb 1-1.3: New USB device found, idVendor=8564, idProduct=1000
usb 1-1.3: New USB device strings: Mfr=1, Product=2, SerialNumber=3
usb 1-1.3: Product: Mass Storage Device
usb 1-1.3: Manufacturer: JetFlash
usb 1-1.3: SerialNumber: RNKRQHY1
usb-storage 1-1.3:1.0: USB Mass Storage device detected
scsi host1: usb-storage 1-1.3:1.0
file system registered
EXT4-fs (mmcblk0p4): Ignoring removed nomblk_io_submit option
EXT4-fs (mmcblk0p4): mounted filesystem with ordered data mode. Opts: nomblk_io_submit
audit: type=1400 audit(136.440:11): avc:  denied  { read write } for  pid=226 comm="recovery" name="card0" dev="tmpfs" ino=9230 scontext=u:r:recovery:s0 tcontext=u:object_r:device:s0 tclass=chr_file permissive=1
audit: type=1400 audit(136.460:12): avc:  denied  { open } for  pid=226 comm="recovery" path="/dev/dri/card0" dev="tmpfs" ino=9230 scontext=u:r:recovery:s0 tcontext=u:object_r:device:s0 tclass=chr_file permissive=1
audit: type=1400 audit(136.480:13): avc:  denied  { ioctl } for  pid=226 comm="recovery" path="/dev/dri/card0" dev="tmpfs" ino=9230 ioctlcmd=0x640c scontext=u:r:recovery:s0 tcontext=u:object_r:device:s0 tclass=chr_file permissive=1
scsi 1:0:0:0: Direct-Access     JetFlash Transcend 8GB    8.07 PQ: 0 ANSI: 4
sd 1:0:0:0: [sda] 15261696 512-byte logical blocks: (7.81 GB/7.28 GiB)
sd 1:0:0:0: [sda] Write Protect is off
sd 1:0:0:0: [sda] Write cache: disabled, read cache: enabled, doesn't support DPO or FUA
 sda: sda1
sd 1:0:0:0: [sda] Attached SCSI removable disk
audit: type=1400 audit(138.310:14): avc:  denied  { open } for  pid=226 comm="recovery" path="/dev/__properties__/u:object_r:safemode_prop:s0" dev="tmpfs" ino=11590 scontext=u:r:recovery:s0 tcontext=u:object_r:safemode_prop:s0 tclass=file permissive=1
audit: type=1400 audit(138.330:15): avc:  denied  { getattr } for  pid=226 comm="recovery" path="/dev/__properties__/u:object_r:safemode_prop:s0" dev="tmpfs" ino=11590 scontext=u:r:recovery:s0 tcontext=u:object_r:safemode_prop:s0 tclass=file permissive=1
audit: type=1400 audit(138.350:16): avc:  denied  { open } for  pid=226 comm="recovery" path="/dev/__properties__/u:object_r:mmc_prop:s0" dev="tmpfs" ino=11591 scontext=u:r:recovery:s0 tcontext=u:object_r:mmc_prop:s0 tclass=file permissive=1
audit: type=1400 audit(138.370:17): avc:  denied  { getattr } for  pid=226 comm="recovery" path="/dev/__properties__/u:object_r:mmc_prop:s0" dev="tmpfs" ino=11591 scontext=u:r:recovery:s0 tcontext=u:object_r:mmc_prop:s0 tclass=file permissive=1
audit: type=1400 audit(138.400:18): avc:  denied  { open } for  pid=226 comm="recovery" path="/dev/__properties__/u:object_r:logpersistd_logging_prop:s0" dev="tmpfs" ino=11592 scontext=u:r:recovery:s0 tcontext=u:object_r:logpersistd_logging_prop:s0 tclass=file permissive=1
audit: type=1400 audit(138.420:19): avc:  denied  { getattr } for  pid=226 comm="recovery" path="/dev/__properties__/u:object_r:logpersistd_logging_prop:s0" dev="tmpfs" ino=11592 scontext=u:r:recovery:s0 tcontext=u:object_r:logpersistd_logging_prop:s0 tclass=file permissive=1
audit: type=1400 audit(138.440:20): avc:  denied  { open } for  pid=226 comm="recovery" path="/dev/__properties__/u:object_r:device_logging_prop:s0" dev="tmpfs" ino=11593 scontext=u:r:recovery:s0 tcontext=u:object_r:device_logging_prop:s0 tclass=file permissive=1
random: crng init done
sysrq: SysRq : Emergency Remount R/O
Emergency Remount complete
ci_hdrc ci_hdrc.1: remove, state 1
usb usb1: USB disconnect, device number 1
usb 1-1: USB disconnect, device number 2
usb 1-1.3: USB disconnect, device number 3
ci_hdrc ci_hdrc.1: USB bus 1 deregistered
reboot: Restarting system with command ''


U-Boot 2017.03-00001-g610928540e-dirty (Jan 04 2018 - 10:50:44 +0530)

CPU:   Freescale i.MX6Q rev1.5 at 792 MHz
Reset cause: WDOG
I2C:   ready
DRAM:  2 GiB
PMIC: device id: 0x10, revision id: 0x21
PMIC: programmed
MMC:   FSL_SDHC: 0, FSL_SDHC: 1, FSL_SDHC: 2
Unable to allocate framebuffer memory
In:    serial
Out:   serial
Err:   serial
Model: Toradex Apalis iMX6 Quad 2GB IT V1.1C, Serial# 05146387
flash target is MMC:0
Net:   using PHY at 7
FEC [PRIME]
Fastboot: Normal
Hit any key to stop autoboot:  1  0 
boota mmc0 
CACHE: Misaligned operation at range [8ffb79a0, 8ffb7a20]
CACHE: Misaligned operation at range [8ffb79a0, 8ffb7a20]
kernel   @ 14008000 (9802376)
ramdisk  @ 15000000 (1628386)
fdt      @ 14f00000 (53981)
## Booting Android Image at 0x12000000 ...
Kernel load addr 0x14008000 size 9573 KiB
Kernel command line: console=ttymxc0,115200 init=/init video=mxcfb0:dev=ldb,fbpix=RGB32,bpp=32 video=mxcfb1:dev=hdmi,640x480M@60,if=RGB24,bpp=16 video=mxcfb2:off video=mxcfb3:off vmalloc=256M androidboot.console=ttymxc0 consoleblank=0 androidboot.hardware=freescale cma=448M androidboot.selinux=permissive androidboot.dm_verity=disabled buildvariant=user androidboot.serialno=1b2429d4ea997115 androidboot.storage_type=emmc
## Flattened Device Tree blob at 14f00000
   Booting using the fdt blob at 0x14f00000
   Loading Kernel Image ... OK
   Using Device Tree in place at 14f00000, end 14f102dc

Starting kernel ...

Booting Linux on physical CPU 0x0
Linux version 4.9.67-07229-gdc6c16ec0433-dirty (embadmin@ubuntu) (gcc version 4.9 20150123 (prerelease) (GCC) ) #17 SMP PREEMPT Thu Jan 4 11:40:16 IST 2018
CPU: ARMv7 Processor [412fc09a] revision 10 (ARMv7), cr=10c53c7d
CPU: PIPT / VIPT nonaliasing data cache, VIPT aliasing instruction cache
OF: fdt:Machine model: Aravinth :UJET-04-Jan Toradex Apalis iMX6Q/D Module on Ixora V1.1 Carrier Board
cma: Reserved 448 MiB at 0x22000000
Memory policy: Data cache writealloc
percpu: Embedded 15 pages/cpu @ee6b3000 s31040 r8192 d22208 u61440
Built 1 zonelists in Zone order, mobility grouping on.  Total pages: 522768
Kernel command line: console=ttymxc0,115200 init=/init video=mxcfb0:dev=ldb,fbpix=RGB32,bpp=32 video=mxcfb1:dev=hdmi,640x480M@60,if=RGB24,bpp=16 video=mxcfb2:off video=mxcfb3:off vmalloc=256M androidboot.console=ttymxc0 consoleblank=0 androidboot.hardware=freescale cma=448M androidboot.selinux=permissive androidboot.dm_verity=disabled buildvariant=user androidboot.serialno=1b2429d4ea997115 androidboot.storage_type=emmc
PID hash table entries: 4096 (order: 2, 16384 bytes)
Dentry cache hash table entries: 131072 (order: 7, 524288 bytes)
Inode-cache hash table entries: 65536 (order: 6, 262144 bytes)
Memory: 1597048K/2097152K available (13312K kernel code, 1128K rwdata, 4016K rodata, 1024K init, 606K bss, 41352K reserved, 458752K cma-reserved, 1318912K highmem)
Virtual kernel memory layout:
    vector  : 0xffff0000 - 0xffff1000   (   4 kB)
    fixmap  : 0xffc00000 - 0xfff00000   (3072 kB)
    vmalloc : 0xf0000000 - 0xff800000   ( 248 MB)
    lowmem  : 0xc0000000 - 0xef800000   ( 760 MB)
    pkmap   : 0xbfe00000 - 0xc0000000   (   2 MB)
    modules : 0xbf000000 - 0xbfe00000   (  14 MB)
      .text : 0xc0008000 - 0xc0e00000   (14304 kB)
      .init : 0xc1300000 - 0xc1400000   (1024 kB)
      .data : 0xc1400000 - 0xc151a218   (1129 kB)
       .bss : 0xc151a218 - 0xc15b1be0   ( 607 kB)
SLUB: HWalign=64, Order=0-3, MinObjects=0, CPUs=4, Nodes=1
Preemptible hierarchical RCU implementation.
	Build-time adjustment of leaf fanout to 32.
NR_IRQS:16 nr_irqs:16 16
L2C-310 errata 752271 769419 enabled
L2C-310 enabling early BRESP for Cortex-A9
L2C-310 full line of zeros enabled for Cortex-A9
L2C-310 ID prefetch enabled, offset 16 lines
L2C-310 dynamic clock gating enabled, standby mode enabled
L2C-310 cache controller enabled, 16 ways, 1024 kB
L2C-310: CACHE_ID 0x410000c7, AUX_CTRL 0x76470001
Switching to timer-based delay loop, resolution 333ns
sched_clock: 32 bits at 3000kHz, resolution 333ns, wraps every 715827882841ns
clocksource: mxc_timer1: mask: 0xffffffff max_cycles: 0xffffffff, max_idle_ns: 637086815595 ns
Console: colour dummy device 80x30
Calibrating delay loop (skipped), value calculated using timer frequency.. 6.00 BogoMIPS (lpj=30000)
pid_max: default: 32768 minimum: 301
Security Framework initialized
SELinux:  Initializing.
Mount-cache hash table entries: 2048 (order: 1, 8192 bytes)
Mountpoint-cache hash table entries: 2048 (order: 1, 8192 bytes)
CPU: Testing write buffer coherency: ok
CPU0: update cpu_capacity 1024
CPU0: thread -1, cpu 0, socket 0, mpidr 80000000
Setting up static identity map for 0x10100000 - 0x10100058
CPU1: update cpu_capacity 1024
CPU1: thread -1, cpu 1, socket 0, mpidr 80000001
CPU2: update cpu_capacity 1024
CPU2: thread -1, cpu 2, socket 0, mpidr 80000002
CPU3: update cpu_capacity 1024
CPU3: thread -1, cpu 3, socket 0, mpidr 80000003
Brought up 4 CPUs
SMP: Total of 4 processors activated (24.00 BogoMIPS).
CPU: All CPU(s) started in SVC mode.
CPU3: update max cpu_capacity 1024
devtmpfs: initialized
CPU2: update max cpu_capacity 1024
VFP support v0.3: implementor 41 architecture 3 part 30 variant 9 rev 4
clocksource: jiffies: mask: 0xffffffff max_cycles: 0xffffffff, max_idle_ns: 19112604462750000 ns
futex hash table entries: 1024 (order: 4, 65536 bytes)
pinctrl core: initialized pinctrl subsystem
NET: Registered protocol family 16
DMA: preallocated 256 KiB pool for atomic coherent allocations
cpuidle: using governor menu
CPU identified as i.MX6Q, silicon rev 1.5
hw-breakpoint: found 5 (+1 reserved) breakpoint and 1 watchpoint registers.
hw-breakpoint: maximum watchpoint size is 4 bytes.
imx6q-pinctrl 20e0000.iomuxc: initialized IMX pinctrl driver
imx-gpc 20dc000.gpc: no fsl,ldo-bypass found!
imx-gpc 20dc000.gpc: Registered imx-gpc
mxs-dma 110000.dma-apbh: initialized
usb_host_vbus: supplied by usb_host_vbus_hub
SCSI subsystem initialized
usbcore: registered new interface driver usbfs
usbcore: registered new interface driver hub
usbcore: registered new device driver usb
2000000.aips-bus:usbphy_nop1 supply vcc not found, using dummy regulator
2000000.aips-bus:usbphy_nop2 supply vcc not found, using dummy regulator
i2c i2c-1: IMX I2C adapter registered
i2c i2c-1: can't use DMA, using PIO instead.
stmpe-i2c 2-0041: stmpe811 detected, chip id: 0x811
i2c i2c-2: IMX I2C adapter registered
i2c i2c-2: can't use DMA, using PIO instead.
i2c i2c-3: IMX I2C adapter registered
i2c i2c-3: can't use DMA, using PIO instead.
Linux video capture interface: v2.00
pps_core: LinuxPPS API ver. 1 registered
pps_core: Software ver. 5.3.6 - Copyright 2005-2007 Rodolfo Giometti <giometti@linux.it>
PTP clock support registered
imx-ipuv3 2400000.ipu: IPU DMFC NORMAL mode: 1(0~1), 5B(4,5), 5F(6,7)
imx-ipuv3 2800000.ipu: IPU DMFC NORMAL mode: 1(0~1), 5B(4,5), 5F(6,7)
mxc_mipi_csi2 21dc000.mipi_csi: i.MX MIPI CSI2 driver probed ipu0 csi1
mxc_mipi_csi2 21dc000.mipi_csi: i.MX MIPI CSI2 dphy version is 0x3130302a
MIPI CSI2 driver module loaded
imx rpmsg driver is registered.
Advanced Linux Sound Architecture Driver Initialized.
Bluetooth: Core ver 2.22
NET: Registered protocol family 31
Bluetooth: HCI device and connection manager initialized
Bluetooth: HCI socket layer initialized
Bluetooth: L2CAP socket layer initialized
Bluetooth: SCO socket layer initialized
clocksource: Switched to clocksource mxc_timer1
VFS: Disk quotas dquot_6.6.0
VFS: Dquot-cache hash table entries: 1024 (order 0, 4096 bytes)
NET: Registered protocol family 2
TCP established hash table entries: 8192 (order: 3, 32768 bytes)
TCP bind hash table entries: 8192 (order: 4, 65536 bytes)
TCP: Hash tables configured (established 8192 bind 8192)
UDP hash table entries: 512 (order: 2, 16384 bytes)
UDP-Lite hash table entries: 512 (order: 2, 16384 bytes)
NET: Registered protocol family 1
RPC: Registered named UNIX socket transport module.
RPC: Registered udp transport module.
RPC: Registered tcp transport module.
RPC: Registered tcp NFSv4.1 backchannel transport module.
Trying to unpack rootfs image as initramfs...
Freeing initrd memory: 1592K
hw perfevents: enabled with armv7_cortex_a9 PMU driver, 7 counters available
Bus freq driver module loaded
audit: initializing netlink subsys (disabled)
audit: type=2000 audit(0.870:1): initialized
workingset: timestamp_bits=30 max_order=19 bucket_order=0
NFS: Registering the id_resolver key type
Key type id_resolver registered
Key type id_legacy registered
ntfs: driver 2.1.32 [Flags: R/W DEBUG].
jffs2: version 2.2. (NAND) © 2001-2006 Red Hat, Inc.
fuse init (API version 7.26)
bounce: pool size: 64 pages
io scheduler noop registered
io scheduler deadline registered
io scheduler cfq registered (default)
backlight supply power not found, using dummy regulator
20e0000.hdmi_video supply HDMI not found, using dummy regulator
mxc_sdc_fb fb@0: registered mxc display driver ldb
imx-ipuv3 2800000.ipu: IPU DMFC DP HIGH RESOLUTION: 1(0,1), 5B(2~5), 5F(6,7)
Console: switching to colour frame buffer device 128x48
mxc_hdmi 20e0000.hdmi_video: Detected HDMI controller 0x13:0xa:0xa0:0xc1
fbcvt: 640x480@60: CVT Name - .307M3
mxc_sdc_fb fb@1: registered mxc display driver hdmi
mxc_sdc_fb fb@2: Can't get fb option for mxcfb2!
mxc_sdc_fb fb@3: Can't get fb option for mxcfb3!
imx-sdma 20ec000.sdma: no iram assigned, using external mem
imx-sdma 20ec000.sdma: loaded firmware 3.3
pfuze100-regulator 2-0008: Full layer: 2, Metal layer: 1
pfuze100-regulator 2-0008: FAB: 0, FIN: 0
pfuze100-regulator 2-0008: pfuze100 found.
2020000.serial: ttymxc0 at MMIO 0x2020000 (irq = 29, base_baud = 5000000) is a IMX
console [ttymxc0] enabled
21e8000.serial: ttymxc1 at MMIO 0x21e8000 (irq = 78, base_baud = 5000000) is a IMX
21f0000.serial: ttymxc3 at MMIO 0x21f0000 (irq = 79, base_baud = 5000000) is a IMX
21f4000.serial: ttymxc4 at MMIO 0x21f4000 (irq = 80, base_baud = 5000000) is a IMX
imx sema4 driver is registered.
[drm] Initialized
[drm] Initialized vivante 1.0.0 20120216 on minor 0
brd: module loaded
loop: module loaded
zram: Added device: zram0
ahci-imx 2200000.sata: fsl,transmit-level-mV not specified, using 00000024
ahci-imx 2200000.sata: fsl,transmit-boost-mdB not specified, using 00000480
ahci-imx 2200000.sata: fsl,transmit-atten-16ths not specified, using 00002000
ahci-imx 2200000.sata: fsl,receive-eq-mdB not specified, using 05000000
ahci-imx 2200000.sata: SSS flag set, parallel bus scan disabled
ahci-imx 2200000.sata: AHCI 0001.0300 32 slots 1 ports 3 Gbps 0x1 impl platform mode
ahci-imx 2200000.sata: flags: ncq sntf stag pm led clo only pmp pio slum part ccc apst 
scsi host0: ahci-imx
ata1: SATA max UDMA/133 mmio [mem 0x02200000-0x02203fff] port 0x100 irq 87
spi_imx 2008000.ecspi: probed
libphy: Fixed MDIO Bus: probed
tun: Universal TUN/TAP device driver, 1.6
tun: (C) 1999-2004 Max Krasnyansky <maxk@qualcomm.com>
CAN device driver interface
2090000.flexcan supply xceiver not found, using dummy regulator
flexcan 2090000.flexcan: device registered (reg_base=f02f4000, irq=38)
2094000.flexcan supply xceiver not found, using dummy regulator
flexcan 2094000.flexcan: device registered (reg_base=f02fc000, irq=39)
2188000.ethernet supply phy not found, using dummy regulator
pps pps0: new PPS source ptp0
libphy: fec_enet_mii_bus: probed
fec 2188000.ethernet eth0: registered PHC device 0
PPP generic driver version 2.4.2
PPP BSD Compression module registered
PPP Deflate Compression module registered
PPP MPPE Compression module registered
NET: Registered protocol family 24
usbcore: registered new interface driver kaweth
pegasus: v0.9.3 (2013/04/25), Pegasus/Pegasus II USB Ethernet driver
usbcore: registered new interface driver pegasus
usbcore: registered new interface driver rtl8150
usbcore: registered new interface driver r8152
usbcore: registered new interface driver asix
usbcore: registered new interface driver ax88179_178a
usbcore: registered new interface driver cdc_ether
usbcore: registered new interface driver cdc_eem
usbcore: registered new interface driver net1080
usbcore: registered new interface driver cdc_subset
usbcore: registered new interface driver zaurus
usbcore: registered new interface driver cdc_ncm
ehci_hcd: USB 2.0 'Enhanced' Host Controller (EHCI) Driver
ehci-mxc: Freescale On-Chip EHCI Host driver
usbcore: registered new interface driver cdc_acm
cdc_acm: USB Abstract Control Model driver for USB modems and ISDN adapters
usbcore: registered new interface driver usb-storage
usbcore: registered new interface driver usbserial
usbcore: registered new interface driver usbserial_generic
usbserial: USB Serial support registered for generic
usbcore: registered new interface driver ftdi_sio
usbserial: USB Serial support registered for FTDI USB Serial Device
usbcore: registered new interface driver option
usbserial: USB Serial support registered for GSM modem (1-port)
usbcore: registered new interface driver usbtest
usbcore: registered new interface driver usb_ehset_test
2184800.usbmisc supply vbus-wakeup not found, using dummy regulator
ci_hdrc ci_hdrc.1: EHCI Host Controller
ci_hdrc ci_hdrc.1: new USB bus registered, assigned bus number 1
ci_hdrc ci_hdrc.1: USB 2.0 started, EHCI 1.00
usb usb1: New USB device found, idVendor=1d6b, idProduct=0002
usb usb1: New USB device strings: Mfr=3, Product=2, SerialNumber=1
usb usb1: Product: EHCI Host Controller
usb usb1: Manufacturer: Linux 4.9.67-07229-gdc6c16ec0433-dirty ehci_hcd
usb usb1: SerialNumber: ci_hdrc.1
hub 1-0:1.0: USB hub found
hub 1-0:1.0: 1 port detected
mousedev: PS/2 mouse device common for all mice
usbcore: registered new interface driver xpad
usbcore: registered new interface driver usb_acecad
usbcore: registered new interface driver aiptek
ata1: SATA link down (SStatus 0 SControl 300)
ahci-imx 2200000.sata: no device found, disabling link.
ahci-imx 2200000.sata: pass ahci_imx..hotplug=1 to enable hotplug
usbcore: registered new interface driver gtco
usbcore: registered new interface driver hanwang
usbcore: registered new interface driver kbtab
input: stmpe-ts as /devices/soc0/soc/2100000.aips-bus/21a4000.i2c/i2c-2/2-0041/stmpe-ts/input/input0
snvs_rtc 20cc000.snvs:snvs-rtc-lp: rtc core: registered 20cc000.snvs:snvs-r as rtc0
i2c /dev entries driver
IR NEC protocol handler initialized
IR RC5(x/sz) protocol handler initialized
IR RC6 protocol handler initialized
IR JVC protocol handler initialized
IR Sony protocol handler initialized
IR SANYO protocol handler initialized
IR Sharp protocol handler initialized
IR MCE Keyboard/mouse protocol handler initialized
IR XMP protocol handler initialized
mxc_v4l2_output v4l2_out: V4L2 device registered as video16
mxc_v4l2_output v4l2_out: V4L2 device registered as video17
mxc_v4l2_output v4l2_out: V4L2 device registered as video18
mxc_v4l2_output v4l2_out: V4L2 device registered as video19
ov564x_mipi 3-003c: found pwm2, period=0
usb 1-1: new high-speed USB device number 2 using ci_hdrc
ov5640_read_reg:write reg error:reg=300a
camera ov5640_mipi is not found
usbcore: registered new interface driver uvcvideo
USB Video Class driver (1.1.1)
imx2-wdt 20bc000.wdog: timeout 60 sec (nowayout=0)
device-mapper: uevent: version 1.0.3
device-mapper: ioctl: 4.35.0-ioctl (2016-06-23) initialised: dm-devel@redhat.com
Bluetooth: HCI UART driver ver 2.3
Bluetooth: HCI UART protocol H4 registered
Bluetooth: HCI UART protocol BCSP registered
Bluetooth: HCI UART protocol ATH3K registered
usbcore: registered new interface driver btusb
sdhci: Secure Digital Host Controller Interface driver
sdhci: Copyright(c) Pierre Ossman
sdhci-pltfm: SDHCI platform and OF driver helper
sdhci-esdhc-imx 2190000.usdhc: could not get ultra high speed state, work on normal mode
sdhci-esdhc-imx 2190000.usdhc: Got CD GPIO
mmc1: SDHCI controller on 2190000.usdhc [2190000.usdhc] using ADMA
sdhci-esdhc-imx 2198000.usdhc: could not get ultra high speed state, work on normal mode
usb 1-1: New USB device found, idVendor=0424, idProduct=2514
usb 1-1: New USB device strings: Mfr=0, Product=0, SerialNumber=0
hub 1-1:1.0: USB hub found
hub 1-1:1.0: 4 ports detected
mmc0: SDHCI controller on 2198000.usdhc [2198000.usdhc] using ADMA
mxc_vpu 2040000.vpu_fsl: VPU initialized
mxc_vdoa 21e4000.vdoa: i.MX Video Data Order Adapter(VDOA) driver probed
mxc_hdmi_cec soc:hdmi_cec@00120000: HDMI CEC initialized
Galcore version 6.2.2.96445
mmc0: new DDR MMC card at address 0001
mmcblk0: mmc0:0001 Q2J54A 3.59 GiB 
mmcblk0boot0: mmc0:0001 Q2J54A partition 1 16.0 MiB
mmcblk0boot1: mmc0:0001 Q2J54A partition 2 16.0 MiB
random: fast init done
Alternate GPT is invalid, using primary GPT.
 mmcblk0: p1 p2 p3 p4 p5 p6 p7 p8 p9 p10 p11
caam 2100000.caam: ERA source: CAAMVID.
caam 2100000.caam: AXI pipeline throttling enabled.
caam 2100000.caam: Instantiated RNG4 SH1
caam 2100000.caam: device ID = 0x0a16010000000000 (Era 4)
caam 2100000.caam: job rings = 2, qi = 0
caam algorithms registered in /proc/crypto
caam_jr 2101000.jr0: registering rng-caam
platform caam_sm: blkkey_ex: 4 keystore units available
platform caam_sm: 64-bit clear key:
platform caam_sm: [0000] 00 01 02 03 04 0f 06 07
platform caam_sm: 64-bit black key:
platform caam_sm: [0000] bc 32 9d ba 18 c6 c9 32
platform caam_sm: [0008] ad 8f 20 e6 66 ed 33 95
platform caam_sm: 128-bit clear key:
platform caam_sm: [0000] 00 01 02 03 04 0f 06 07
platform caam_sm: [0008] 08 09 0a 0b 0c 0d 0e 0f
platform caam_sm: 128-bit black key:
platform caam_sm: [0000] 38 09 cb 21 8a 14 fa 7f
platform caam_sm: [0008] 87 43 ca 88 31 c3 10 d6
platform caam_sm: 192-bit clear key:
platform caam_sm: [0000] 00 01 02 03 04 0f 06 07
platform caam_sm: [0008] 08 09 0a 0b 0c 0d 0e 0f
platform caam_sm: [0016] 10 11 12 13 14 15 16 17
platform caam_sm: 192-bit black key:
platform caam_sm: [0000] b3 b5 07 df 33 42 08 09
platform caam_sm: [0008] a2 4b 04 3c 99 38 7f 43
platform caam_sm: [0016] e9 91 68 3e 9e 50 5b 2e
platform caam_sm: [0024] 0c 31 30 da 6c 96 1d 71
platform caam_sm: 256-bit clear key:
platform caam_sm: [0000] 00 01 02 03 04 0f 06 07
platform caam_sm: [0008] 08 09 0a 0b 0c 0d 0e 0f
platform caam_sm: [0016] 10 11 12 13 14 15 16 17
platform caam_sm: [0024] 18 19 1a 1b 1c 1d 1e 1f
platform caam_sm: 256-bit black key:
platform caam_sm: [0000] 9e c8 e6 24 9a 6b eb b4
platform caam_sm: [0008] 40 89 e6 be df 78 d1 bc
platform caam_sm: [0016] 5e 8d 63 ce b7 07 f8 cc
platform caam_sm: [0024] fd ad 4c 9b ee 6a 02 16
platform caam_sm: 64-bit unwritten blob:
platform caam_sm: [0000] 00 00 00 00 00 00 00 00
platform caam_sm: [0008] 00 00 00 00 00 00 00 00
platform caam_sm: [0016] 00 00 00 00 00 00 00 00
platform caam_sm: [0024] 00 00 00 00 00 00 00 00
platform caam_sm: [0032] 00 00 00 00 00 00 00 00
platform caam_sm: [0040] 00 00 00 00 00 00 00 00
platform caam_sm: [0048] 00 00 00 00 00 00 00 00
platform caam_sm: [0056] 00 00 00 00 00 00 00 00
platform caam_sm: [0064] 00 00 00 00 00 00 00 00
platform caam_sm: [0072] 00 00 00 00 00 00 00 00
platform caam_sm: [0080] 00 00 00 00 00 00 00 00
platform caam_sm: [0088] 00 00 00 00 00 00 00 00
platform caam_sm: 128-bit unwritten blob:
platform caam_sm: [0000] 00 00 00 00 00 00 00 00
platform caam_sm: [0008] 00 00 00 00 00 00 00 00
platform caam_sm: [0016] 00 00 00 00 00 00 00 00
platform caam_sm: [0024] 00 00 00 00 00 00 00 00
platform caam_sm: [0032] 00 00 00 00 00 00 00 00
platform caam_sm: [0040] 00 00 00 00 00 00 00 00
platform caam_sm: [0048] 00 00 00 00 00 00 00 00
platform caam_sm: [0056] 00 00 00 00 00 00 00 00
platform caam_sm: [0064] 00 00 00 00 00 00 00 00
platform caam_sm: [0072] 00 00 00 00 00 00 00 00
platform caam_sm: [0080] 00 00 00 00 00 00 00 00
platform caam_sm: [0088] 00 00 00 00 00 00 00 00
platform caam_sm: 196-bit unwritten blob:
platform caam_sm: [0000] 00 00 00 00 00 00 00 00
platform caam_sm: [0008] 00 00 00 00 00 00 00 00
platform caam_sm: [0016] 00 00 00 00 00 00 00 00
platform caam_sm: [0024] 00 00 00 00 00 00 00 00
platform caam_sm: [0032] 00 00 00 00 00 00 00 00
platform caam_sm: [0040] 00 00 00 00 00 00 00 00
platform caam_sm: [0048] 00 00 00 00 00 00 00 00
platform caam_sm: [0056] 00 00 00 00 00 00 00 00
platform caam_sm: [0064] 00 00 00 00 00 00 00 00
platform caam_sm: [0072] 00 00 00 00 00 00 00 00
platform caam_sm: [0080] 00 00 00 00 00 00 00 00
platform caam_sm: [0088] 00 00 00 00 00 00 00 00
platform caam_sm: 256-bit unwritten blob:
platform caam_sm: [0000] 00 00 00 00 00 00 00 00
platform caam_sm: [0008] 00 00 00 00 00 00 00 00
platform caam_sm: [0016] 00 00 00 00 00 00 00 00
platform caam_sm: [0024] 00 00 00 00 00 00 00 00
platform caam_sm: [0032] 00 00 00 00 00 00 00 00
platform caam_sm: [0040] 00 00 00 00 00 00 00 00
platform caam_sm: [0048] 00 00 00 00 00 00 00 00
platform caam_sm: [0056] 00 00 00 00 00 00 00 00
platform caam_sm: [0064] 00 00 00 00 00 00 00 00
platform caam_sm: [0072] 00 00 00 00 00 00 00 00
platform caam_sm: [0080] 00 00 00 00 00 00 00 00
platform caam_sm: [0088] 00 00 00 00 00 00 00 00
platform caam_sm: 64-bit black key in blob:
platform caam_sm: [0000] d8 d1 59 c5 c8 71 ab fc
platform caam_sm: [0008] d4 70 52 e0 9a 04 b9 b7
platform caam_sm: [0016] fa bd 51 1b d8 88 87 f1
platform caam_sm: [0024] 62 54 6b 98 ef f9 aa b4
platform caam_sm: [0032] 93 ab 94 17 3d 43 a1 eb
platform caam_sm: [0040] a2 6a a8 1e df fe f0 55
platform caam_sm: [0048] 33 7e bc 7d 37 3c ac ac
platform caam_sm: [0056] 00 00 00 00 00 00 00 00
platform caam_sm: [0064] 00 00 00 00 00 00 00 00
platform caam_sm: [0072] 00 00 00 00 00 00 00 00
platform caam_sm: [0080] 00 00 00 00 00 00 00 00
platform caam_sm: [0088] 00 00 00 00 00 00 00 00
platform caam_sm: 128-bit black key in blob:
platform caam_sm: [0000] 29 db b5 c4 24 ee 1c 0c
platform caam_sm: [0008] c5 67 82 5b 0a 14 2f f4
platform caam_sm: [0016] e5 4c 2b c2 18 35 7e 2a
platform caam_sm: [0024] ba cb 90 ac c2 a9 f2 03
platform caam_sm: [0032] 4a 8e 67 4b dc 02 64 33
platform caam_sm: [0040] 6b d1 0e c6 d9 70 76 6d
platform caam_sm: [0048] c9 61 43 78 a9 14 23 4f
platform caam_sm: [0056] 90 f4 f4 f1 fd 6e b5 da
platform caam_sm: [0064] 00 00 00 00 00 00 00 00
platform caam_sm: [0072] 00 00 00 00 00 00 00 00
platform caam_sm: [0080] 00 00 00 00 00 00 00 00
platform caam_sm: [0088] 00 00 00 00 00 00 00 00
platform caam_sm: 192-bit black key in blob:
platform caam_sm: [0000] de 38 1f 44 4f 71 9c e3
platform caam_sm: [0008] 4a c4 18 4c f0 aa a0 ad
platform caam_sm: [0016] 9f 68 9b a1 31 dc 37 5c
platform caam_sm: [0024] 83 02 42 de 8b 65 bb 4b
platform caam_sm: [0032] 7e ac c7 64 c6 9b 34 9f
platform caam_sm: [0040] 42 db b8 e0 2c 2c cb c4
platform caam_sm: [0048] 2c ab 1a a3 8f 6f 8c 24
platform caam_sm: [0056] b1 4b 8d 7b e2 b4 e9 0f
platform caam_sm: [0064] a7 89 8d 2c 19 3d 73 48
platform caam_sm: [0072] 00 00 00 00 00 00 00 00
platform caam_sm: [0080] 00 00 00 00 00 00 00 00
platform caam_sm: [0088] 00 00 00 00 00 00 00 00
platform caam_sm: 256-bit black key in blob:
platform caam_sm: [0000] e8 a3 1f 84 cb c9 6c e9
platform caam_sm: [0008] e0 72 29 3f 5b d9 78 22
platform caam_sm: [0016] 21 50 5b f9 be af 11 9c
platform caam_sm: [0024] 51 96 3e 87 74 88 15 dd
platform caam_sm: [0032] b3 84 ee 4a 0c 15 bd 27
platform caam_sm: [0040] f4 2b 9d c6 8a aa 9a 94
platform caam_sm: [0048] 91 76 5b 06 49 b0 21 d7
platform caam_sm: [0056] 0e cd e1 07 fa 66 f0 a2
platform caam_sm: [0064] 5d c5 72 e1 36 86 15 0d
platform caam_sm: [0072] b0 dc e1 92 bc e3 34 81
platform caam_sm: [0080] 00 00 00 00 00 00 00 00
platform caam_sm: [0088] 00 00 00 00 00 00 00 00
platform caam_sm: restored 64-bit black key:
platform caam_sm: [0000] 12 86 c3 8d 48 08 ef b9
platform caam_sm: [0008] 86 46 41 2e 6c 27 52 fd
platform caam_sm: restored 128-bit black key:
platform caam_sm: [0000] 38 09 cb 21 8a 14 fa 7f
platform caam_sm: [0008] 87 43 ca 88 31 c3 10 d6
platform caam_sm: restored 192-bit black key:
platform caam_sm: [0000] b3 b5 07 df 33 42 08 09
platform caam_sm: [0008] a2 4b 04 3c 99 38 7f 43
platform caam_sm: [0016] ea 74 d3 82 4f c3 fc 2a
platform caam_sm: [0024] c7 c7 b1 20 39 11 12 c2
platform caam_sm: restored 256-bit black key:
platform caam_sm: [0000] 9e c8 e6 24 9a 6b eb b4
platform caam_sm: [0008] 40 89 e6 be df 78 d1 bc
platform caam_sm: [0016] 5e 8d 63 ce b7 07 f8 cc
platform caam_sm: [0024] fd ad 4c 9b ee 6a 02 16
snvs-secvio 20cc000.caam-snvs: can't get snvs clock
snvs-secvio 20cc000.caam-snvs: violation handlers armed - non-secure state
hidraw: raw HID events driver (C) Jiri Kosina
usbcore: registered new interface driver usbhid
usbhid: USB HID core driver
ashmem: initialized
usbcore: registered new interface driver snd-usb-audio
sgtl5000 2-000a: sgtl5000 revision 0x11
fsl-ssi-dai 2028000.ssi: No cache defaults, reading back from HW
imx-sgtl5000 sound: sgtl5000 <-> 2028000.ssi mapping ok
imx-spdif sound-spdif: snd-soc-dummy-dai <-> 2004000.spdif mapping ok
imx-audio-hdmi sound-hdmi: hdmi-hifi.0 <-> soc:hdmi_audio@00120000 mapping ok
NET: Registered protocol family 26
u32 classifier
    Actions configured
Netfilter messages via NETLINK v0.30.
nf_conntrack version 0.5.0 (16384 buckets, 65536 max)
ctnetlink v0.93: registering with nfnetlink.
xt_time: kernel timezone is -0000
ip_tables: (C) 2000-2006 Netfilter Core Team
arp_tables: arp_tables: (C) 2002 David S. Miller
Initializing XFRM netlink socket
NET: Registered protocol family 10
mip6: Mobile IPv6
ip6_tables: (C) 2000-2006 Netfilter Core Team
sit: IPv6, IPv4 and MPLS over IPv4 tunneling driver
NET: Registered protocol family 17
NET: Registered protocol family 15
can: controller area network core (rev 20120528 abi 9)
NET: Registered protocol family 29
can: raw protocol (rev 20120528)
can: broadcast manager protocol (rev 20161123 t)
can: netlink gateway (rev 20130117) max_hops=1
Bluetooth: RFCOMM TTY layer initialized
Bluetooth: RFCOMM socket layer initialized
Bluetooth: RFCOMM ver 1.11
Bluetooth: BNEP (Ethernet Emulation) ver 1.3
Bluetooth: BNEP filters: protocol multicast
Bluetooth: BNEP socket layer initialized
Bluetooth: HIDP (Human Interface Emulation) ver 1.2
Bluetooth: HIDP socket layer initialized
8021q: 802.1Q VLAN Support v1.8
Key type dns_resolver registered
cpu cpu0: Registered imx6q-cpufreq
registered taskstats version 1
imx_thermal 2000000.aips-bus:tempmon: Industrial CPU temperature grade - max:105C critical:100C passive:95C
dhd_module_init in
input: gpio-keys as /devices/soc0/gpio-keys/input/input1
snvs_rtc 20cc000.snvs:snvs-rtc-lp: setting system clock to 1970-01-01 00:04:07 UTC (247)
usb_otg_vbus: disabling
ALSA device list:
  #0: imx6q-apalis-sgtl5000
  #1: imx-spdif
  #2: imx-hdmi-soc
Freeing unused kernel memory: 1024K
init: init first stage started!
SELinux:  Permission validate_trans in class security not defined in policy.
SELinux:  Class cap_userns not defined in policy.
SELinux:  Class cap2_userns not defined in policy.
SELinux: the above unknown classes and permissions will be denied
audit: type=1403 audit(247.620:2): policy loaded auid=4294967295 ses=4294967295
init: (Initializing SELinux non-enforcing took 0.11s.)
init: init second stage started!
init: Running restorecon...
init: waitpid failed: No child processes
init: (Loading properties from /default.prop took 0.00s.)
init: (Parsing /init.environ.rc took 0.00s.)
init: (Parsing /init.usb.rc took 0.00s.)
init: (Parsing init.freescale.usb.rc took 0.00s.)
init: (Parsing init.freescale.i.MX6Q.rc took 0.00s.)
init: (Parsing init.freescale.emmc.rc took 0.00s.)
init: (Parsing /init.freescale.rc took 0.02s.)
ueventd: ueventd started!
ueventd: Coldboot took 0.43s.
Console: switching to colour dummy device 80x30
watchdogd: started (interval 10, margin 20)!
usb 1-1.3: new high-speed USB device number 3 using ci_hdrc
usb 1-1.3: New USB device found, idVendor=8564, idProduct=1000
usb 1-1.3: New USB device strings: Mfr=1, Product=2, SerialNumber=3
usb 1-1.3: Product: Mass Storage Device
usb 1-1.3: Manufacturer: JetFlash
usb 1-1.3: SerialNumber: RNKRQHY1
usb-storage 1-1.3:1.0: USB Mass Storage device detected
scsi host1: usb-storage 1-1.3:1.0
EXT4-fs (mmcblk0p3): mounted filesystem with ordered data mode. Opts: barrier=1
EXT4-fs (mmcblk0p10): Ignoring removed nomblk_io_submit option
EXT4-fs (mmcblk0p10): mounted filesystem with ordered data mode. Opts: nomblk_io_submit,noauto_da_alloc,errors=panic
EXT4-fs (mmcblk0p4): Ignoring removed nomblk_io_submit option
EXT4-fs (mmcblk0p4): mounted filesystem with ordered data mode. Opts: nomblk_io_submit
EXT4-fs (mmcblk0p5): mounted filesystem with ordered data mode. Opts: (null)
scsi 1:0:0:0: Direct-Access     JetFlash Transcend 8GB    8.07 PQ: 0 ANSI: 4
sd 1:0:0:0: [sda] 15261696 512-byte logical blocks: (7.81 GB/7.28 GiB)
sd 1:0:0:0: [sda] Write Protect is off
sd 1:0:0:0: [sda] Write cache: disabled, read cache: enabled, doesn't support DPO or FUA
 sda: sda1
sd 1:0:0:0: [sda] Attached SCSI removable disk
file system registered
using random self ethernet address
using random host ethernet address
zram0: detected capacity change from 0 to 314572800
logd.auditd: start
logd.klogd: 7682800334
Adding 307196k swap on /dev/block/zram0.  Priority:-1 extents:1 across:307196k SS
binder: 262:262 transaction failed 29189, size 0-0
logd.daemon: reinit
toradex_apalis6q:/ # healthd: No battery devices found
ERROR: v4l2 capture: slave not found! V4L2_CID_HUE
ERROR: v4l2 capture: slave not found! V4L2_CID_HUE
imx-hdmi-audio imx-hdmi-audio: HDMI Video is not ready!
imx-hdmi-audio imx-hdmi-audio: ASoC: can't open platform imx-hdmi-audio: -22
imx-hdmi-audio imx-hdmi-audio: HDMI Video is not ready!
imx-hdmi-audio imx-hdmi-audio: ASoC: can't open platform imx-hdmi-audio: -22

toradex_apalis6q:/ # init: Starting service 'bootanim'...
logcat | grep Acapability: warning: `main' uses 32-bit capabilities (legacy support in use)
ravinth
01-01 00:04:12.455   270   270 W audio_hw_primary: Aravinth: card 0, id imx6qapalissgtl ,driver imx6q-apalis-sg, name imx6q-apalis-sgtl5000
01-01 00:04:12.455   270   270 W audio_hw_primary: Aravinth: card 1, id imxspdif ,driver imx-spdif, name imx-spdif
01-01 00:04:12.466   270   270 W audio_hw_primary: Aravinth: card 2, id imxhdmisoc ,driver imx-hdmi-soc, name imx-hdmi-soc
applypatch (320): drop_caches: 3
init: Service 'flash_recovery' (pid 267) exited with status 0
init: write_file: Unable to open '/sys/devices/system/cpu/cpufreq/interactive/timer_rate': No such file or directory
init: write_file: Unable to open '/sys/devices/system/cpu/cpufreq/interactive/min_sample_time': No such file or directory
init: write_file: Unable to open '/sys/devices/system/cpu/cpufreq/interactive/go_hispeed_load': No such file or directory
random: crng init done
init: write_file: Unable to open '/proc/sys/vm/extra_free_kbytes': No such file or directory
init: write_file: Unable to write to '/config/usb_gadget/g1/UDC': No such device
acc_open
acc_release
Micrel KSZ9031 Gigabit PHY 2188000.ethernet-1:07: attached PHY driver [Micrel KSZ9031 Gigabit PHY] (mii_bus:phy_addr=2188000.ethernet-1:07, irq=120)
IPv6: ADDRCONF(NETDEV_UP): eth0: link is not ready
FAT-fs (sda1): Volume was not properly unmounted. Some data may be corrupt. Please run fsck.
init: Service 'bootanim' (pid 336) exited with status 0
init: Starting service 'exec 3 (/system/bin/bootstat)'...
init: Service 'exec 3 (/system/bin/bootstat)' (pid 958) exited with status 0
init: Starting service 'exec 4 (/system/bin/bootstat)'...
init: Service 'exec 4 (/system/bin/bootstat)' (pid 967) exited with status 0
init: Starting service 'exec 5 (/system/bin/bootstat)'...
init: Service 'exec 5 (/system/bin/bootstat)' (pid 969) exited with status 0
init: Starting service 'exec 6 (/system/bin/bootstat)'...
init: Service 'exec 6 (/system/bin/bootstat)' (pid 970) exited with status 0
^C
130|toradex_apalis6q:/ # 
130|toradex_apalis6q:/ # 
130|toradex_apalis6q:/ # 
130|toradex_apalis6q:/ # 
130|toradex_apalis6q:/ # cd /
toradex_apalis6q:/ # 
toradex_apalis6q:/ # 
toradex_apalis6q:/ # 
toradex_apalis6q:/ # 

U-Boot 2017.03-00001-g610928540e-dirty (Jan 04 2018 - 10:50:44 +0530)

CPU:   Freescale i.MX6Q rev1.5 at 792 MHz
Reset cause: POR
I2C:   ready
DRAM:  2 GiB
PMIC: device id: 0x10, revision id: 0x21
PMIC: programmed
MMC:   FSL_SDHC: 0, FSL_SDHC: 1, FSL_SDHC: 2
Unable to allocate framebuffer memory
In:    serial
Out:   serial
Err:   serial
Model: Toradex Apalis iMX6 Quad 2GB IT V1.1C, Serial# 05146387
flash target is MMC:0
Net:   using PHY at 7
FEC [PRIME]
Fastboot: Normal
Hit any key to stop autoboot:  1  0 
boota mmc0 
CACHE: Misaligned operation at range [8ffb79a0, 8ffb7a20]
CACHE: Misaligned operation at range [8ffb79a0, 8ffb7a20]
kernel   @ 14008000 (9802376)
ramdisk  @ 15000000 (1628386)
fdt      @ 14f00000 (53981)
## Booting Android Image at 0x12000000 ...
Kernel load addr 0x14008000 size 9573 KiB
Kernel command line: console=ttymxc0,115200 init=/init video=mxcfb0:dev=ldb,fbpix=RGB32,bpp=32 video=mxcfb1:dev=hdmi,640x480M@60,if=RGB24,bpp=16 video=mxcfb2:off video=mxcfb3:off vmalloc=256M androidboot.console=ttymxc0 consoleblank=0 androidboot.hardware=freescale cma=448M androidboot.selinux=permissive androidboot.dm_verity=disabled buildvariant=user androidboot.serialno=1b2429d4ea997115 androidboot.storage_type=emmc
## Flattened Device Tree blob at 14f00000
   Booting using the fdt blob at 0x14f00000
   Loading Kernel Image ... OK
   Using Device Tree in place at 14f00000, end 14f102dc

Starting kernel ...

Booting Linux on physical CPU 0x0
Linux version 4.9.67-07229-gdc6c16ec0433-dirty (embadmin@ubuntu) (gcc version 4.9 20150123 (prerelease) (GCC) ) #17 SMP PREEMPT Thu Jan 4 11:40:16 IST 2018
CPU: ARMv7 Processor [412fc09a] revision 10 (ARMv7), cr=10c53c7d
CPU: PIPT / VIPT nonaliasing data cache, VIPT aliasing instruction cache
OF: fdt:Machine model: Aravinth :UJET-04-Jan Toradex Apalis iMX6Q/D Module on Ixora V1.1 Carrier Board
cma: Reserved 448 MiB at 0x22000000
Memory policy: Data cache writealloc
percpu: Embedded 15 pages/cpu @ee6b3000 s31040 r8192 d22208 u61440
Built 1 zonelists in Zone order, mobility grouping on.  Total pages: 522768
Kernel command line: console=ttymxc0,115200 init=/init video=mxcfb0:dev=ldb,fbpix=RGB32,bpp=32 video=mxcfb1:dev=hdmi,640x480M@60,if=RGB24,bpp=16 video=mxcfb2:off video=mxcfb3:off vmalloc=256M androidboot.console=ttymxc0 consoleblank=0 androidboot.hardware=freescale cma=448M androidboot.selinux=permissive androidboot.dm_verity=disabled buildvariant=user androidboot.serialno=1b2429d4ea997115 androidboot.storage_type=emmc
PID hash table entries: 4096 (order: 2, 16384 bytes)
Dentry cache hash table entries: 131072 (order: 7, 524288 bytes)
Inode-cache hash table entries: 65536 (order: 6, 262144 bytes)
Memory: 1597048K/2097152K available (13312K kernel code, 1128K rwdata, 4016K rodata, 1024K init, 606K bss, 41352K reserved, 458752K cma-reserved, 1318912K highmem)
Virtual kernel memory layout:
    vector  : 0xffff0000 - 0xffff1000   (   4 kB)
    fixmap  : 0xffc00000 - 0xfff00000   (3072 kB)
    vmalloc : 0xf0000000 - 0xff800000   ( 248 MB)
    lowmem  : 0xc0000000 - 0xef800000   ( 760 MB)
    pkmap   : 0xbfe00000 - 0xc0000000   (   2 MB)
    modules : 0xbf000000 - 0xbfe00000   (  14 MB)
      .text : 0xc0008000 - 0xc0e00000   (14304 kB)
      .init : 0xc1300000 - 0xc1400000   (1024 kB)
      .data : 0xc1400000 - 0xc151a218   (1129 kB)
       .bss : 0xc151a218 - 0xc15b1be0   ( 607 kB)
SLUB: HWalign=64, Order=0-3, MinObjects=0, CPUs=4, Nodes=1
Preemptible hierarchical RCU implementation.
	Build-time adjustment of leaf fanout to 32.
NR_IRQS:16 nr_irqs:16 16
L2C-310 errata 752271 769419 enabled
L2C-310 enabling early BRESP for Cortex-A9
L2C-310 full line of zeros enabled for Cortex-A9
L2C-310 ID prefetch enabled, offset 16 lines
L2C-310 dynamic clock gating enabled, standby mode enabled
L2C-310 cache controller enabled, 16 ways, 1024 kB
L2C-310: CACHE_ID 0x410000c7, AUX_CTRL 0x76470001
Switching to timer-based delay loop, resolution 333ns
sched_clock: 32 bits at 3000kHz, resolution 333ns, wraps every 715827882841ns
clocksource: mxc_timer1: mask: 0xffffffff max_cycles: 0xffffffff, max_idle_ns: 637086815595 ns
Console: colour dummy device 80x30
Calibrating delay loop (skipped), value calculated using timer frequency.. 6.00 BogoMIPS (lpj=30000)
pid_max: default: 32768 minimum: 301
Security Framework initialized
SELinux:  Initializing.
Mount-cache hash table entries: 2048 (order: 1, 8192 bytes)
Mountpoint-cache hash table entries: 2048 (order: 1, 8192 bytes)
CPU: Testing write buffer coherency: ok
CPU0: update cpu_capacity 1024
CPU0: thread -1, cpu 0, socket 0, mpidr 80000000
Setting up static identity map for 0x10100000 - 0x10100058
CPU1: update cpu_capacity 1024
CPU1: thread -1, cpu 1, socket 0, mpidr 80000001
CPU2: update cpu_capacity 1024
CPU2: thread -1, cpu 2, socket 0, mpidr 80000002
CPU3: update cpu_capacity 1024
CPU3: thread -1, cpu 3, socket 0, mpidr 80000003
Brought up 4 CPUs
SMP: Total of 4 processors activated (24.00 BogoMIPS).
CPU: All CPU(s) started in SVC mode.
CPU3: update max cpu_capacity 1024
devtmpfs: initialized
CPU2: update max cpu_capacity 1024
VFP support v0.3: implementor 41 architecture 3 part 30 variant 9 rev 4
clocksource: jiffies: mask: 0xffffffff max_cycles: 0xffffffff, max_idle_ns: 19112604462750000 ns
futex hash table entries: 1024 (order: 4, 65536 bytes)
pinctrl core: initialized pinctrl subsystem
NET: Registered protocol family 16
DMA: preallocated 256 KiB pool for atomic coherent allocations
cpuidle: using governor menu
CPU identified as i.MX6Q, silicon rev 1.5
hw-breakpoint: found 5 (+1 reserved) breakpoint and 1 watchpoint registers.
hw-breakpoint: maximum watchpoint size is 4 bytes.
imx6q-pinctrl 20e0000.iomuxc: initialized IMX pinctrl driver
imx-gpc 20dc000.gpc: no fsl,ldo-bypass found!
imx-gpc 20dc000.gpc: Registered imx-gpc
mxs-dma 110000.dma-apbh: initialized
usb_host_vbus: supplied by usb_host_vbus_hub
SCSI subsystem initialized
usbcore: registered new interface driver usbfs
usbcore: registered new interface driver hub
usbcore: registered new device driver usb
2000000.aips-bus:usbphy_nop1 supply vcc not found, using dummy regulator
2000000.aips-bus:usbphy_nop2 supply vcc not found, using dummy regulator
