

U-Boot 2016.11+fslc+g80c3bd6 (Jan 02 2018 - 11:32:06 +0100)

CPU:   Freescale i.MX6Q rev1.5 at 792 MHz
Reset cause: POR
I2C:   ready
DRAM:  2 GiB
PMIC:  device id: 0x10, revision id: 0x21, programmed
MS('þFSL_SDHC: 0, FSL_SDHC: 1, FSL_SDHC: 2
auto-detected panel vga-rgb
Display: vga-rgb (640x480)
In:    serial
Out:   serial
Err:   serial
Model: Toradex Apalis iMX6 Quad 2GB IT V1.1C, Serial# 05139699
Net:   using PHY at 7
FEC [PRIME]
Hit any key to stop autoboot:  1  0 
Booting from internal eMMC chip...
reading imx6q-apalis-ixora-v1_1.dtb
48970 bytes read in 22 ms (2.1 MiB/s)
reading uImage
5943928 bytes read in 172 ms (33 MiB/s)
## Booting kernel from Legacy Image at 10800000 ...
   Image Name:   Linux-4.1.41-v2.7b1+g82f0f4f
   Image Type:   ARM Linux Kernel Image (uncompressed)
   Data Size:    5943864 Bytes = 5.7 MiB
   Load Address: 10008000
   Entry Point:  10008000
   Verifying Checksum ... OK
## Flattened Device Tree blob at 12000000
   Booting using the fdt blob at 0x12000000
   Loading Kernel Image ... OK
   Using Device Tree in place at 12000000, end 1200ef49

Starting kernel ...

[    0.000000] Booting Linux on physical CPU 0x0
[    0.000000] Initializing cgroup subsys cpu
[    0.000000] Initializing cgroup subsys cpuacct
[    0.000000] Linux version 4.1.41-v2.7b1+g82f0f4f (behlingc@mplan-ubuntu-1610-dev) (gcc version 5.3.0 (GCC) ) #1 SMP Wed Jan 31 17:39:36 CET 2018
[    0.000000] CPU: ARMv7 Processor [412fc09a] revision 10 (ARMv7), cr=10c5387d
[    0.000000] CPU: PIPT / VIPT nonaliasing data cache, VIPT aliasing instruction cache
[    0.000000] Machine model: Toradex Apalis iMX6Q/D Module on Ixora V1.1 Carrier Board
[    0.000000] Reserved memory: created CMA memory pool at 0x62000000, size 320 MiB
[    0.000000] Reserved memory: initialized node linux,cma, compatible id shared-dma-pool
[    0.000000] Memory policy: Data cache writealloc
[    0.000000] PERCPU: Embedded 12 pages/cpu @d0efd000 s16908 r8192 d24052 u49152
[    0.000000] Built 1 zonelists in Zone order, mobility grouping on.  Total pages: 521024
[    0.000000] Kernel command line: enable_wait_mode=off vmalloc=400M ip=off root=/dev/mmcblk0p2 rw,noatime rootfstype=ext4 rootwait fec_mac=00:14:2d:4e:6c:f3 consoleblank=0 no_console_suspend=1 console=tty1 console=ttymxc0,115200n8 mxc_hdmi.only_cea=1 video=mxcfb1:dev=hdmi,1920x1080M@60,if=RGB24 video=mxcfb0:dev=ldb,800x480M@60,if=RGB666 video=mxcfb2:off video=mxcfb3:off fbmem=32M
[    0.000000] PID hash table entries: 4096 (order: 2, 16384 bytes)
[    0.000000] Dentry cache hash table entries: 262144 (order: 8, 1048576 bytes)
[    0.000000] Inode-cache hash table entries: 131072 (order: 7, 524288 bytes)
[    0.000000] Memory: 1738972K/2097152K available (7679K kernel code, 330K rwdata, 2648K rodata, 372K init, 423K bss, 30500K reserved, 327680K cma-reserved, 425984K highmem)
[    0.000000] Virtual kernel memory layout:
[    0.000000]     vector  : 0xffff0000 - 0xffff1000   (   4 kB)
[    0.000000]     fixmap  : 0xffc00000 - 0xfff00000   (3072 kB)
[    0.000000]     vmalloc : 0xe6800000 - 0xff000000   ( 392 MB)
[    0.000000]     lowmem  : 0x80000000 - 0xe6000000   (1632 MB)
[    0.000000]     pkmap   : 0x7fe00000 - 0x80000000   (   2 MB)
[    0.000000]     modules : 0x7f000000 - 0x7fe00000   (  14 MB)
[    0.000000]       .text : 0x80008000 - 0x80a1e0a4   (10329 kB)
[    0.000000]       .init : 0x80a1f000 - 0x80a7c000   ( 372 kB)
[    0.000000]       .data : 0x80a7c000 - 0x80ace8c0   ( 331 kB)
[    0.000000]        .bss : 0x80ad1000 - 0x80b3ae1c   ( 424 kB)
[    0.000000] SLUB: HWalign=64, Order=0-3, MinObjects=0, CPUs=4, Nodes=1
[    0.000000] Hierarchical RCU implementation.
[    0.000000] NR_IRQS:16 nr_irqs:16 16
[    0.000000] L2C-310 erratum 769419 enabled
[    0.000000] L2C-310 enabling early BRESP for Cortex-A9
[    0.000000] L2C-310 full line of zeros enabled for Cortex-A9
[    0.000000] L2C-310 ID prefetch enabled, offset 16 lines
[    0.000000] L2C-310 dynamic clock gating enabled, standby mode enabled
[    0.000000] L2C-310 cache controller enabled, 16 ways, 1024 kB
[    0.000000] L2C-310: CACHE_ID 0x410000c7, AUX_CTRL 0x76470001
[    0.000000] mxc_clocksource_init 3000000
[    0.000000] Switching to timer-based delay loop, resolution 333ns
[    0.000006] sched_clock: 32 bits at 3000kHz, resolution 333ns, wraps every 715827882841ns
[    0.000024] clocksource mxc_timer1: mask: 0xffffffff max_cycles: 0xffffffff, max_idle_ns: 637086815595 ns
[    0.001242] Console: colour dummy device 80x30
[    0.001879] console [tty1] enabled
[    0.001908] Calibrating delay loop (skipped), value calculated using timer frequency.. 6.00 BogoMIPS (lpj=30000)
[    0.001947] pid_max: default: 32768 minimum: 301
[    0.002060] Mount-cache hash table entries: 4096 (order: 2, 16384 bytes)
[    0.002089] Mountpoint-cache hash table entries: 4096 (order: 2, 16384 bytes)
[    0.002672] Initializing cgroup subsys freezer
[    0.002710] Initializing cgroup subsys debug
[    0.002762] CPU: Testing write buffer coherency: ok
[    0.003034] Setting up static identity map for 0x10008280 - 0x100082d8
[    0.006319] Brought up 4 CPUs
[    0.006353] SMP: Total of 4 processors activated (24.00 BogoMIPS).
[    0.006376] CPU: All CPU(s) started in SVC mode.
[    0.006888] devtmpfs: initialized
[    0.019437] VFP support v0.3: implementor 41 architecture 3 part 30 variant 9 rev 4
[    0.019887] clocksource jiffies: mask: 0xffffffff max_cycles: 0xffffffff, max_idle_ns: 19112604462750000 ns
[    0.019947] futex hash table entries: 1024 (order: 4, 65536 bytes)
[    0.039844] pinctrl core: initialized pinctrl subsystem
[    0.041102] NET: Registered protocol family 16
[    0.049471] DMA: preallocated 256 KiB pool for atomic coherent allocations
[    0.079655] cpuidle: using governor ladder
[    0.109651] cpuidle: using governor menu
[    0.110041] CPU identified as i.MX6Q, silicon rev 1.5
[    0.134614] hw-breakpoint: found 5 (+1 reserved) breakpoint and 1 watchpoint registers.
[    0.134661] hw-breakpoint: maximum watchpoint size is 4 bytes.
[    0.135793] imx6q-pinctrl 20e0000.iomuxc: initialized IMX pinctrl driver
[    0.137784] imx-gpc 20dc000.gpc: no fsl,ldo-bypass found!
[    0.148000] mxs-dma 110000.dma-apbh: initialized
[    0.150507] usb_host_vbus: supplied by usb_host_vbus_hub
[    0.150872] vgaarb: loaded
[    0.151690] SCSI subsystem initialized
[    0.152189] usbcore: registered new interface driver usbfs
[    0.152285] usbcore: registered new interface driver hub
[    0.152387] usbcore: registered new device driver usb
[    0.152620] 2000000.aips-bus:usbphy_nop1 supply vcc not found, using dummy regulator
[    0.152797] 2000000.aips-bus:usbphy_nop2 supply vcc not found, using dummy regulator
[    0.153578] i2c-gpio i2c@0: using pins 80 (SDA) and 62 (SCL)
[    0.154457] i2c i2c-1: IMX I2C adapter registered
[    0.154493] i2c i2c-1: can't use DMA
[    0.156055] stmpe-i2c 2-0041: stmpe811 detected, chip id: 0x811
[    0.157973] i2c i2c-2: IMX I2C adapter registered
[    0.158012] i2c i2c-2: can't use DMA
[    0.158484] i2c i2c-3: IMX I2C adapter registered
[    0.158518] i2c i2c-3: can't use DMA
[    0.158680] Linux video capture interface: v2.00
[    0.158748] pps_core: LinuxPPS API ver. 1 registered
[    0.158773] pps_core: Software ver. 5.3.6 - Copyright 2005-2007 Rodolfo Giometti <giometti@linux.it>
[    0.158826] PTP clock support registered
[    0.179701] imx-ipuv3 2400000.ipu: IPU DMFC NORMAL mode: 1(0~1), 5B(4,5), 5F(6,7)
[    0.199698] imx-ipuv3 2800000.ipu: IPU DMFC NORMAL mode: 1(0~1), 5B(4,5), 5F(6,7)
[    0.200661] mxc_mipi_csi2 21dc000.mipi_csi: i.MX MIPI CSI2 driver probed ipu0 csi1
[    0.200709] mxc_mipi_csi2 21dc000.mipi_csi: i.MX MIPI CSI2 dphy version is 0x3130302a
[    0.200826] MIPI CSI2 driver module loaded
[    0.201116] Advanced Linux Sound Architecture Driver Initialized.
[    0.202366] Bluetooth: Core ver 2.20
[    0.202430] NET: Registered protocol family 31
[    0.202452] Bluetooth: HCI device and connection manager initialized
[    0.202481] Bluetooth: HCI socket layer initialized
[    0.202513] Bluetooth: L2CAP socket layer initialized
[    0.202556] Bluetooth: SCO socket layer initialized
[    0.203149] Switched to clocksource mxc_timer1
[    0.213953] NET: Registered protocol family 2
[    0.214738] TCP established hash table entries: 16384 (order: 4, 65536 bytes)
[    0.214911] TCP bind hash table entries: 16384 (order: 5, 131072 bytes)
[    0.215171] TCP: Hash tables configured (established 16384 bind 16384)
[    0.215265] UDP hash table entries: 1024 (order: 3, 32768 bytes)
[    0.215362] UDP-Lite hash table entries: 1024 (order: 3, 32768 bytes)
[    0.215630] NET: Registered protocol family 1
[    0.215957] RPC: Registered named UNIX socket transport module.
[    0.215988] RPC: Registered udp transport module.
[    0.216009] RPC: Registered tcp transport module.
[    0.216029] RPC: Registered tcp NFSv4.1 backchannel transport module.
[    0.216822] CPU PMU: Failed to parse /soc/pmu/interrupt-affinity[0]
[    0.216896] hw perfevents: enabled with armv7_cortex_a9 PMU driver, 7 counters available
[    0.217934] imx rpmsg driver is registered.
[    0.218973] Bus freq driver module loaded
[    0.225959] VFS: Disk quotas dquot_6.6.0
[    0.226154] VFS: Dquot-cache hash table entries: 1024 (order 0, 4096 bytes)
[    0.227223] squashfs: version 4.0 (2009/01/31) Phillip Lougher
[    0.228019] NFS: Registering the id_resolver key type
[    0.228076] Key type id_resolver registered
[    0.228101] Key type id_legacy registered
[    0.228142] nfs4filelayout_init: NFSv4 File Layout Driver Registering...
[    0.228683] ntfs: driver 2.1.32 [Flags: R/W].
[    0.229165] fuse init (API version 7.23)
[    0.233334] bounce: pool size: 64 pages
[    0.233378] io scheduler noop registered
[    0.233406] io scheduler deadline registered
[    0.233578] io scheduler cfq registered (default)
[    0.236315] backlight supply power not found, using dummy regulator
[    0.237933] MIPI DSI driver module loaded
[    0.239300] 20e0000.hdmi_video supply HDMI not found, using dummy regulator
[    0.240777] fbcvt: 800x480@60: CVT Name - .384M9
[    0.240825] mxc_sdc_fb fb@0: registered mxc display driver ldb
[    0.244937] mxc_sdc_fb fb@0: 800x480 h_sync,r,l: 72,24,96  v_sync,l,u: 7,3,10 pixclock=29500000 Hz
[    0.266844] mxc_hdmi 20e0000.hdmi_video: Detected HDMI controller 0x13:0xa:0xa0:0xc1
[    0.266902] fbcvt: 1920x1080@60: CVT Name - 2.073M9
[    0.267020] mxc_sdc_fb fb@1: registered mxc display driver hdmi
[    0.282278] mxc_sdc_fb fb@1: 1920x1080 h_sync,r,l: 44,88,148  v_sync,l,u: 5,4,36 pixclock=148500000 Hz
[    0.293234] imx-ipuv3 2400000.ipu: IPU DMFC DP HIGH RESOLUTION: 1(0,1), 5B(2~5), 5F(6,7)
[    0.296910] mxc_sdc_fb fb@2: mxcfb2 is turned off!
[    0.297003] mxc_sdc_fb fb@3: mxcfb3 is turned off!
[    0.298506] imx-sdma 20ec000.sdma: no iram assigned, using external mem
[    0.298929] imx-sdma 20ec000.sdma: no event needs to be remapped
[    0.299230] imx-sdma 20ec000.sdma: loaded firmware 3.3
[    0.301830] imx-sdma 20ec000.sdma: initialized
[    0.303540] pfuze100-regulator 2-0008: Full layer: 2, Metal layer: 1
[    0.304178] pfuze100-regulator 2-0008: FAB: 0, FIN: 0
[    0.304206] pfuze100-regulator 2-0008: pfuze100 found.
[    0.318734] 2020000.serial: ttymxc0 at MMIO 0x2020000 (irq = 26, base_baud = 5000000) is a IMX
[    1.225220] console [ttymxc0] enabled
[    1.229771] 21e8000.serial: ttymxc1 at MMIO 0x21e8000 (irq = 301, base_baud = 5000000) is a IMX
[    1.239040] 21f0000.serial: ttymxc3 at MMIO 0x21f0000 (irq = 302, base_baud = 5000000) is a IMX
[    1.248283] 21f4000.serial: ttymxc4 at MMIO 0x21f4000 (irq = 303, base_baud = 5000000) is a IMX
[    1.259036] [drm] Initialized drm 1.1.0 20060810
[    1.264155] [drm] Initialized vivante 1.0.0 20120216 on minor 0
[    1.278222] brd: module loaded
[    1.286414] loop: module loaded
[    1.290847] ahci-imx 2200000.sata: fsl,transmit-level-mV not specified, using 00000024
[    1.298852] ahci-imx 2200000.sata: fsl,transmit-boost-mdB not specified, using 00000480
[    1.306917] ahci-imx 2200000.sata: fsl,transmit-atten-16ths not specified, using 00002000
[    1.315146] ahci-imx 2200000.sata: fsl,receive-eq-mdB not specified, using 05000000
[    1.326327] ahci-imx 2200000.sata: SSS flag set, parallel bus scan disabled
[    1.333373] ahci-imx 2200000.sata: AHCI 0001.0300 32 slots 1 ports 3 Gbps 0x1 impl platform mode
[    1.342200] ahci-imx 2200000.sata: flags: ncq sntf stag pm led clo only pmp pio slum part ccc apst 
[    1.352705] scsi host0: ahci-imx
[    1.356291] ata1: SATA max UDMA/133 mmio [mem 0x02200000-0x02203fff] port 0x100 irq 313
[    1.367685] spi_imx 2008000.ecspi: probed
[    1.372641] vcan: Virtual CAN interface driver
[    1.377167] CAN device driver interface
[    1.381269] 2090000.flexcan supply xceiver not found, using dummy regulator
[    1.389070] flexcan 2090000.flexcan: device registered (reg_base=e6aa8000, irq=35)
[    1.396822] 2094000.flexcan supply xceiver not found, using dummy regulator
[    1.404526] flexcan 2094000.flexcan: device registered (reg_base=e6ab0000, irq=36)
[    1.413276] 2188000.ethernet supply phy not found, using dummy regulator
[    1.433574] pps pps0: new PPS source ptp0
[    1.438832] libphy: fec_enet_mii_bus: probed
[    1.444919] fec 2188000.ethernet eth0: registered PHC device 0
[    1.451043] PPP generic driver version 2.4.2
[    1.455595] ehci_hcd: USB 2.0 'Enhanced' Host Controller (EHCI) Driver
[    1.462155] ehci-pci: EHCI PCI platform driver
[    1.466713] ehci-mxc: Freescale On-Chip EHCI Host driver
[    1.472254] usbcore: registered new interface driver usb-storage
[    1.478442] usbcore: registered new interface driver usbserial
[    1.484362] usbcore: registered new interface driver usbserial_generic
[    1.490951] usbserial: USB Serial support registered for generic
[    1.497041] usbcore: registered new interface driver ftdi_sio
[    1.502853] usbserial: USB Serial support registered for FTDI USB Serial Device
[    1.510258] usbcore: registered new interface driver option
[    1.515900] usbserial: USB Serial support registered for GSM modem (1-port)
[    1.522926] usbcore: registered new interface driver pl2303
[    1.528571] usbserial: USB Serial support registered for pl2303
[    1.535893] 2184800.usbmisc supply vbus-wakeup not found, using dummy regulator
[    1.554977] ci_hdrc ci_hdrc.1: EHCI Host Controller
[    1.559913] ci_hdrc ci_hdrc.1: new USB bus registered, assigned bus number 1
[    1.583178] ci_hdrc ci_hdrc.1: USB 2.0 started, EHCI 1.00
[    1.589405] hub 1-0:1.0: USB hub found
[    1.593257] hub 1-0:1.0: 1 port detected
[    1.598179] mousedev: PS/2 mouse device common for all mice
[    1.604352] [PENMOUNT] Loading penmount_i2c V1.15.0
[    1.609399] [PENMOUNT] Probing for device ...
[    1.633064] [PENMOUNT] PM2204.D01.1.0.0
[    1.639814] [PENMOUNT] Supports 5 touch contacts
[    1.647334] [PENMOUNT] Supports WD mode
[    1.651190] [PENMOUNT] Supports WP mode
[    1.657928] [PENMOUNT] Use WP mode !
[    1.664402] [PENMOUNT] Sensitivity Level : 0 (max: 2)
[    1.672340] [PENMOUNT] irq already specified !!
[    1.677046] [PENMOUNT] Using IRQ 219
[    1.680880] input: PenMount I2C Touch Screen as /devices/soc0/soc/2100000.aips-bus/21a0000.i2c/i2c-1/1-0038/input/input0
[    1.692299] input: PenMount I2C Touch Key as /devices/soc0/soc/2100000.aips-bus/21a0000.i2c/i2c-1/1-0038/input/input1
[    1.706481] rtc-ds1307 1-0068: rtc core: registered m41t0 as rtc0
[    1.713192] ata1: SATA link down (SStatus 0 SControl 300)
[    1.713288] snvs_rtc 20cc000.snvs:snvs-rtc-lp: rtc core: registered 20cc000.snvs:snvs-r as rtc1
[    1.713423] i2c /dev entries driver
[    1.715169] mxc_v4l2_output v4l2_out: V4L2 device registered as video16
[    1.715325] mxc_v4l2_output v4l2_out: V4L2 device registered as video17
[    1.715487] mxc_v4l2_output v4l2_out: V4L2 device registered as video18
[    1.715641] mxc_v4l2_output v4l2_out: V4L2 device registered as video19
[    1.717765] imx2-wdt 20bc000.wdog: timeout 60 sec (nowayout=0)
[    1.717989] usbcore: registered new interface driver btusb
[    1.718187] sdhci: Secure Digital Host Controller Interface driver
[    1.718190] sdhci: Copyright(c) Pierre Ossman
[    1.718197] sdhci-pltfm: SDHCI platform and OF driver helper
[    1.719124] /soc/aips-bus@02100000/usdhc@02190000: voltage-ranges unspecified
[    1.719155] sdhci-esdhc-imx 2190000.usdhc: Got CD GPIO
[    1.720663] sdhci-esdhc-imx 2190000.usdhc: No vqmmc regulator found
[    1.763315] mmc1: SDHCI controller on 2190000.usdhc [2190000.usdhc] using ADMA
[    1.763933] /soc/aips-bus@02100000/usdhc@02198000: voltage-ranges unspecified
[    1.764363] sdhci-esdhc-imx 2198000.usdhc: No vqmmc regulator found
[    1.813187] mmc0: SDHCI controller on 2198000.usdhc [2198000.usdhc] using ADMA
[    1.814841] mxc_vpu 2040000.vpu_fsl: VPU initialized
[    1.815419] mxc_vdoa 21e4000.vdoa: i.MX Video Data Order Adapter(VDOA) driver probed
[    1.818136] caam 2100000.caam: Entropy delay = 3200
[    1.849410] ahci-imx 2200000.sata: no device found, disabling link.
[    1.855723] ahci-imx 2200000.sata: pass ahci_imx..hotplug=1 to enable hotplug
[    1.878925] caam 2100000.caam: Instantiated RNG4 SH0
[    1.923197] usb 1-1: new high-speed USB device number 2 using ci_hdrc
[    1.939688] caam 2100000.caam: Instantiated RNG4 SH1
[    1.944713] caam 2100000.caam: device ID = 0x0a16010000000000 (Era -524)
[    1.951447] caam 2100000.caam: job rings = 2, qi = 0
[    1.969806] mmc1: new high speed SDHC card at address 59b4
[    1.975763] mmcblk1: mmc1:59b4 USD   7.48 GiB 
[    1.981373]  mmcblk1: p1
[    2.038427] caam algorithms registered in /proc/crypto
[    2.047601] caam_jr 2101000.jr0: registering rng-caam
[    2.053708] snvs-secvio 20cc000.caam-snvs: can't get snvs clock
[    2.059741] snvs-secvio 20cc000.caam-snvs: violation handlers armed - non-secure state
[    2.067970] hidraw: raw HID events driver (C) Jiri Kosina
[    2.073650] usbcore: registered new interface driver usbhid
[    2.079265] usbhid: USB HID core driver
[    2.084334] hub 1-1:1.0: USB hub found
[    2.088286] hub 1-1:1.0: 4 ports detected
[    2.092391] mmc0: MAN_BKOPS_EN bit is not set
[    2.092410] stmpe-adc stmpe-adc: Initialized
[    2.103507] sgtl5000 2-000a: sgtl5000 revision 0x11
[    2.125666] mmc0: new DDR MMC card at address 0001
[    2.130878] mmcblk0: mmc0:0001 Q2J54A 3.59 GiB 
[    2.135548] fsl-asrc 2034000.asrc: driver registered
[    2.135657] mmcblk0boot0: mmc0:0001 Q2J54A partition 1 16.0 MiB
[    2.135773] mmcblk0boot1: mmc0:0001 Q2J54A partition 2 16.0 MiB
[    2.140659]  mmcblk0: p1 p2
[    2.295316] imx-sgtl5000 sound: sgtl5000 <-> 2028000.ssi mapping ok
[    2.304545] imx-spdif sound-spdif: snd-soc-dummy-dai <-> 2004000.spdif mapping ok
[    2.314928] imx-audio-hdmi sound-hdmi: hdmi-hifi <-> soc:hdmi_audio@00120000 mapping ok
[    2.323816] Netfilter messages via NETLINK v0.30.
[    2.328583] nfnl_acct: registering with nfnetlink.
[    2.333442] nf_conntrack version 0.5.0 (16384 buckets, 65536 max)
[    2.340047] nf_tables: (c) 2007-2009 Patrick McHardy <kaber@trash.net>
[    2.347033] ip_tables: (C) 2000-2006 Netfilter Core Team
[    2.352974] NET: Registered protocol family 10
[    2.358547] ip6_tables: (C) 2000-2006 Netfilter Core Team
[    2.364033] NET: Registered protocol family 17
[    2.368552] bridge: automatic filtering via arp/ip/ip6tables has been deprecated. Update your scripts to load br_netfilter if you need this.
[    2.381243] Bridge firewalling registered
[    2.385324] usb 1-1.3: new high-speed USB device number 3 using ci_hdrc
[    2.392011] can: controller area network core (rev 20120528 abi 9)
[    2.398333] NET: Registered protocol family 29
[    2.402852] can: raw protocol (rev 20120528)
[    2.407181] can: broadcast manager protocol (rev 20120528 t)
[    2.412875] can: netlink gateway (rev 20130117) max_hops=1
[    2.418717] Bluetooth: RFCOMM TTY layer initialized
[    2.423659] Bluetooth: RFCOMM socket layer initialized
[    2.428846] Bluetooth: RFCOMM ver 1.11
[    2.432633] Bluetooth: BNEP (Ethernet Emulation) ver 1.3
[    2.438000] Bluetooth: BNEP filters: protocol multicast
[    2.443290] Bluetooth: BNEP socket layer initialized
[    2.448285] Bluetooth: HIDP (Human Interface Emulation) ver 1.2
[    2.454251] Bluetooth: HIDP socket layer initialized
[    2.459303] 8021q: 802.1Q VLAN Support v1.8
[    2.463905] Key type dns_resolver registered
[    2.470190] Registering SWP/SWPB emulation handler
[    2.475828] registered taskstats version 1
[    2.480798] 1ffc000.pcie supply pcie-bus not found, using dummy regulator
[    2.900463] imx6q-pcie 1ffc000.pcie: phy link never came up
[    2.906112] imx6q-pcie 1ffc000.pcie: failed to initialize host
[    2.912070] imx6q-pcie: probe of 1ffc000.pcie failed with error -22
[    2.922352] rtc-ds1307 1-0068: setting system clock to 2018-02-07 17:28:07 UTC (1518024487)
[    2.940740] usb_otg_vbus: disabling
[    2.944642] ALSA device list:
[    2.947637]   #0: imx6q-apalis-sgtl5000
[    2.951492]   #1: imx-spdif
[    2.954331]   #2: imx-hdmi-soc
[    2.966753] EXT4-fs (mmcblk0p2): INFO: recovery required on readonly filesystem
[    2.974154] EXT4-fs (mmcblk0p2): write access will be enabled during recovery
[    3.318091] EXT4-fs (mmcblk0p2): recovery complete
[    3.324121] EXT4-fs (mmcblk0p2): mounted filesystem with ordered data mode. Opts: (null)
[    3.332337] VFS: Mounted root (ext4 filesystem) readonly on device 179:10.
[    3.340193] devtmpfs: mounted
[    3.343926] Freeing unused kernel memory: 372K (80a1f000 - 80a7c000)
[    3.484362] random: systemd urandom read with 24 bits of entropy available
[    3.499430] systemd[1]: systemd 229 running in system mode. (-PAM -AUDIT -SELINUX +IMA -APPARMOR +SMACK +SYSVINIT +UTMP -LIBCRYPTSETUP -GCRYPT -GNUTLS +ACL +XZ -LZ4 -SECCOMP +BLKID -ELFUTILS +KMOD -IDN)
[    3.518494] systemd[1]: Detected architecture arm.

Welcome to Boot to Qt for Embedded Linux 2.1.1 (krogoth)!

[    3.543704] systemd[1]: Set hostname to <b2qt-apalis-imx6>.
[    3.768917] systemd[1]: Listening on Journal Socket (/dev/log).
[  OK  ] Listening on Journal Socket (/dev/log).
[    3.803392] systemd[1]: Reached target Remote File Systems.
[  OK  ] Reached target Remote File Systems.
[    3.843503] systemd[1]: Listening on Journal Socket.
[  OK  ] Listening on Journal Socket.
[    3.873720] systemd[1]: Created slice User and Session Slice.
[  OK  ] Created slice User and Session Slice.
[    3.903507] systemd[1]: Started Dispatch Password Requests to Console Directory Watch.
[  OK  ] Started Dispatch Password Requests to Console Directory Watch.
[    3.933399] systemd[1]: Listening on udev Kernel Socket.
[  OK  ] Listening on udev Kernel Socket.
[    3.963910] systemd[1]: Created slice System Slice.
[  OK  ] Created slice System Slice.
[    3.997998] systemd[1]: Starting Create list of required static device nodes for the current kernel...
         Starting Create list of required st... nodes for the current kernel...
[    4.038202] systemd[1]: Starting Setup Virtual Console...
         Starting Setup Virtual Console...
[    4.063545] systemd[1]: Reached target Slices.
[  OK  ] Reached target Slices.
[    4.089796] systemd[1]: Starting Load Kernel Modules...
         Starting Load Kernel Modules...
[    4.114608] systemd[1]: Created slice system-serial\x2dgetty.slice.
[  OK  ] Created slice system-serial\x2dgetty.slice.
[    4.150667] systemd[1]: Starting File System Check on Root Device...
         Starting File System Check on Root Device...
[    4.174542] systemd[1]: Listening on Syslog Socket.
[    4.175053] RTL871X: module init start
[    4.175061] RTL871X: rtl8723bu v4.3.6.11_12942.20141204_BTCOEX20140507-4E40
[    4.175066] RTL871X: rtl8723bu BT-Coex version = BTCOEX20140507-4E40
[  OK  ] Listening on Syslog Socket.
[    4.218137] systemd[1]: Mounting Temporary Directory...
         Mounting Temporary Directory...[    4.225600] systemd[1]: Listening on Network Service Netlink Socket.

[  OK  ] Listening on N[    4.234635] systemd[1]: Reached target Swap.
etwork Service Netlink Socket.
[    4.242480] systemd[1]: Listening on /dev/initctl Compatibility Named Pipe.
[  OK  ] Reached targe[    4.252366] systemd[1]: Started Forward Password Requests to Wall Directory Watch.
t Swap.
[  OK  ] List[    4.262253] systemd[1]: Reached target Paths.
ening on /dev/initctl Compatibili[    4.269684] systemd[1]: Listening on udev Control Socket.
ty Named Pipe.
[  OK  ] Started Forward Password Requ[    4.280542] systemd[1]: Mounting Debug File System...
ests to Wall Directory Watch.
[  OK  ] Reached target Paths.
[  OK  ] Listening on udev Control Socket.
[    4.297198] systemd[1]: Starting Journal Service...
         Mounting Debug File System...
         Starting Journal Service...
[    4.311627] systemd[1]: Mounted Debug File System.
[  OK  ] Mounted Debug [    4.317067] systemd[1]: Mounted Temporary Directory.
File System.
[  OK  ] Mounted Temp[    4.326172] systemd[1]: Started Create list of required static device nodes for the current kernel.
orary Directory.
[  OK  ] Started Crea[    4.339693] systemd[1]: Started Setup Virtual Console.
te list of required sta...ce nodes for the current kernel.
[  OK  ] Started Setup Virtual Console.
[    4.389031] systemd[1]: Started File System Check on Root Device.
[  OK  ] Started File System Check on Root Device.
[    4.483869] systemd[1]: Starting Remount Root and Kernel File Systems...
         Starting Remount Root and Kernel File Systems...
[    4.513403] EXT4-fs (mmcblk0p2): re-mounted. Opts: (null)
[    4.521737] systemd[1]: Started Remount Root and Kernel File Systems.
[  OK  ] Started Remount Root and Kernel File Systems.
[    4.554234] systemd[1]: Started Journal Service.
[  OK  ] Started Journal Service.
[    4.598706] RTL871X: rtw_ndev_init(wlan0)
[    4.604030] RTL871X: rtw_ndev_init(wlan1)
         Starting Flush Journal t[    4.609435] usbcore: registered new interface driver rtl8723bu
o Persistent Storage...
[    4.617636] RTL871X: module init ret=0
         Starting Create Static Device Nodes in /dev...
Î         Starting udev Coldplug all Devices...
[  OK  ] Started Create Static Device Nodes in /dev.
[    4.762216] systemd-journald[203]: Received request to flush runtime journal from PID 1
         Starting udev Kernel Device Manager...
[  OK  ] Reached target Local File Systems (Pre).
         Mounting /var/volatile...
[  OK  ] Started Flush Journal to Persistent Storage.
[  OK  ] Mounted /var/volatile.
[  OK  ] Started udev Kernel Device Manager.
         Starting Load/Save Random Seed...
[  OK  ] Reached target Local File Systems.
         Starting Create Volatile Files and Directories...
[  OK  ] Started Load/Save Random Seed.
[  OK  ] Started Create Volatile Files and Directories.
         Starting Update UTMP about System Boot/Shutdown...
         Starting Network Time Synchronization...
[  OK  ] Started udev Coldplug all Devices.
[  OK  ] Started Update UTMP about System Boot/Shutdown.
[  OK  ] Started Network Time Synchronization.
[    5.597815] tty0tty null modem driver v1.2
[  OK  ] Started Load Kernel Modules.
[  OK  ] Found device /dev/ttymxc0.
[  OK  ] Found device /dev/ttymxc1.
[    5.923668] ov5647_read_reg(mipi):reg=300a ret=-5
[    5.928456] camera ov5647_mipi is not found
[  OK  ] Listening on Load/Save RF Kill Switch Status /dev/rfkill Watch.
[  OK  ] Reached target Sound Card.
         Mounting FUSE Control File System...
         Starting Apply Kernel Variables...
[    6.133584] ERROR: v4l2 capture: slave not found!
[    6.135434] ERROR: v4l2 capture: slave not found!
         Mounting Configuration File System...
[  OK  ] Reached target System Time Synchronized.
[  OK  ] Created slice system-systemd\x2dbacklight.slice.
         Starting Load/Save Screen Backlight...htness of backlight:backlight...
[  OK  ] Mounted Configuration File System.
[  OK  ] Mounted FUSE Control File System.
[  OK  ] Started Apply Kernel Variables.
[  OK  ] Started Load/Save Screen Backlight Brightness of backlight:backlight.
         Starting Load/Save RF Kill Switch Status...
[  OK  ] Reached target System Initialization.
[  OK  ] Listening on RPCbind Server Activation Socket.
[  OK  ] Started Daily Cleanup of Temporary Directories.
[  OK  ] Reached target Timers.
[  OK  ] Listening on dropbear.socket.
[  OK  ] Listening on D-Bus System Message Bus Socket.
[  OK  ] Reached target Sockets.
[  OK  ] Reached target Basic System.
[  OK  ] Started Serial Getty on ttymxc1.
         Starting Save/Restore Sound Card State...
[  OK  ] Started Serial Getty on ttymxc0.
[  OK  ] Reached target Login Prompts.
[  OK  ] Started B2Qt user application.
         Starting Login Service...
[  OK  ] Started D-Bus System Message Bus.
[    6.923205] usb 1-1.1: new high-speed USB device number 4 using ci_hdrc
         Starting D-BUS Session Message Bus....
         Starting Network Service...
[    7.063372] option 1-1.1:1.0: GSM modem (1-port) converter detected
[  OK  ] Started Kernel Logging Service.
[    7.077970] usb 1-1.1: GSM modem (1-port) converter now attached to ttyUSB0
[    7.087050] option 1-1.1:1.1: GSM modem (1-port) converter detected
[    7.099318] usb 1-1.1: GSM modem (1-port) converter now attached to ttyUSB1
[    7.108877] option 1-1.1:1.2: GSM modem (1-port) converter detected
[    7.118013] usb 1-1.1: GSM modem (1-port) converter now attached to ttyUSB2
[    7.127608] option 1-1.1:1.3: GSM modem (1-port) converter detected
[    7.136443] usb 1-1.1: GSM modem (1-port) converter now attached to ttyUSB3
[    7.145860] option 1-1.1:1.4: GSM modem (1-port) converter detected
[    7.153812] usb 1-1.1: GSM modem (1-port) converter now attached to ttyUSB4
[  OK  ] Started System Logging Service.
[  OK  ] Started Load/Save RF Kill Switch Status.
[  OK  ] Started Network Service.
[  OK  ] Started Save/Restore Sound Card State.
[  OK  ] Started D-BUS Session Message Bus..
[    7.360704] flexcan 2090000.flexcan can0: writing ctrl=0x01232084
[  OK  ] Reached target Network.
         Starting ADB Server Daemon...
         Starting Network Time Service...
[  OK  ] Started Login Service.
[  OK  ] Started Network Time Service.
[    7.544273] file system registered
[  OK  ] Started ADB Server Daemon.
[  OK  ] Reached target Multi-User System.
[    7.630656] read descriptors
[    7.633908] read strings
[    7.636623] g_ffs gadget: g_ffs ready
[  OK  ] Started Ujet Telemetry Service.
[  OK  ] Started Ujet HTTPD Service.
[  OK  ] Started Ujet Cloud Service.
         Starting Ujet Identify Service...
         Starting Update UTMP about System Runlevel Changes...
[  OK  ] Reached target Custom Target.
[  OK  ] Started Ujet Ble Service.
[  OK  ] Started Ujet Bluetooth Audio Service.
[  OK  ] Started Update UTMP about System Runlevel Changes.
[  OK  ] Stopped Bluetooth service.
[    8.706333] mxc_sdc_fb fb@0: 800x480 h_sync,r,l: 72,24,96  v_sync,l,u: 7,3,10 pixclock=29500000 Hz
[    8.852166] random: nonblocking pool is initialized

Boot to Qt for Embedded Linux 2.1.1 b2qt-apalis-imx6 ttymxc0

b2qt-apalis-imx6 login: 
Boot to Qt for Embedded Linux 2.1.1 b2qt-apalis-imx6 ttymxc0

b2qt-apalis-imx6 login: root[   14.647996] ci_hdrc ci_hdrc.0: Device No Response

root@b2qt-apalis-imx6:~# cd /
root@b2qt-apalis-imx6:/# root@b2qt-apalis-imx6:/home#
-sh: root@b2qt-apalis-imx6:/home#: No such file or directory
root@b2qt-apalis-imx6:/# 
root@b2qt-apalis-imx6:/# 
root@b2qt-apalis-imx6:/# 
root@b2qt-apalis-imx6:/# 
root@b2qt-apalis-imx6:/# 