

U-Boot 2016.11+fslc+g80c3bd6 (Jan 02 2018 - 11:32:06 +0100)

CPU:   Freescale i.MX6Q rev1.5 at 792 MHz
Reset cause: POR
I2C:   ready
DRAM:  2 GiB
PMIC:  device id: 0x10, revision id: 0x21, programmed
˜MC:   FSL_SDHC: 0, FSL_SDHC: 1, FSL_SDHC: 2
auto-detected panel vga-rgb
Display: vga-rgb (640x480)
In:    serial
Out:   serial
Err:   serial
Model: Toradex Apalis iMX6 Quad 2GB IT V1.1C, Serial# 05139699
Net:   using PHY at 7
FEC [PRIME]
Hit any key to stop autoboot:  1  0 
Booting from internal eMMC chip...
reading imx6q-apalis-ixora-v1_1.dtb
48970 bytes read in 22 ms (2.1 MiB/s)
reading uImage
5943928 bytes read in 172 ms (33 MiB/s)
## Booting kernel from Legacy Image at 11000000 ...
   Image Name:   Linux-4.1.41-v2.7b1+g82f0f4f
   Image Type:   ARM Linux Kernel Image (uncompressed)
   Data Size:    5943864 Bytes = 5.7 MiB
   Load Address: 10008000
   Entry Point:  10008000
   Verifying Checksum ... OK
## Flattened Device Tree blob at 12000000
   Booting using the fdt blob at 0x12000000
   Loading Kernel Image ... OK
   Using Device Tree in place at 12000000, end 1200ef49

Starting kernel ...

[    0.000000] Booting Linux on physical CPU 0x0
[    0.000000] Initializing cgroup subsys cpu
[    0.000000] Initializing cgroup subsys cpuacct
[    0.000000] Linux version 4.1.41-v2.7b1+g82f0f4f (behlingc@mplan-ubuntu-1610-dev) (gcc version 5.3.0 (GCC) ) #1 SMP Wed Jan 31 17:39:36 CET 2018
[    0.000000] CPU: ARMv7 Processor [412fc09a] revision 10 (ARMv7), cr=10c5387d
[    0.000000] CPU: PIPT / VIPT nonaliasing data cache, VIPT aliasing instruction cache
[    0.000000] Machine model: Toradex Apalis iMX6Q/D Module on Ixora V1.1 Carrier Board
[    0.000000] Reserved memory: created CMA memory pool at 0x62000000, size 320 MiB
[    0.000000] Reserved memory: initialized node linux,cma, compatible id shared-dma-pool
[    0.000000] Memory policy: Data cache writealloc
[    0.000000] PERCPU: Embedded 12 pages/cpu @d0efd000 s16908 r8192 d24052 u49152
[    0.000000] Built 1 zonelists in Zone order, mobility grouping on.  Total pages: 521024
[    0.000000] Kernel command line: enable_wait_mode=off vmalloc=400M ip=off root=/dev/mmcblk0p2 rw,noatime rootfstype=ext4 rootwait fec_mac=00:14:2d:4e:6c:f3 consoleblank=0 no_console_suspend=1 console=tty1 console=ttymxc0,115200n8 mxc_hdmi.only_cea=1 video=mxcfb1:dev=hdmi,1920x1080M@60,if=RGB24 video=mxcfb0:dev=ldb,800x480M@60,if=RGB666 video=mxcfb2:off video=mxcfb3:off fbmem=32M
[    0.000000] PID hash table entries: 4096 (order: 2, 16384 bytes)
[    0.000000] Dentry cache hash table entries: 262144 (order: 8, 1048576 bytes)
[    0.000000] Inode-cache hash table entries: 131072 (order: 7, 524288 bytes)
[    0.000000] Memory: 1738972K/2097152K available (7679K kernel code, 330K rwdata, 2648K rodata, 372K init, 423K bss, 30500K reserved, 327680K cma-reserved, 425984K highmem)
[    0.000000] Virtual kernel memory layout:
[    0.000000]     vector  : 0xffff0000 - 0xffff1000   (   4 kB)
[    0.000000]     fixmap  : 0xffc00000 - 0xfff00000   (3072 kB)
[    0.000000]     vmalloc : 0xe6800000 - 0xff000000   ( 392 MB)
[    0.000000]     lowmem  : 0x80000000 - 0xe6000000   (1632 MB)
[    0.000000]     pkmap   : 0x7fe00000 - 0x80000000   (   2 MB)
[    0.000000]     modules : 0x7f000000 - 0x7fe00000   (  14 MB)
[    0.000000]       .text : 0x80008000 - 0x80a1e0a4   (10329 kB)
[    0.000000]       .init : 0x80a1f000 - 0x80a7c000   ( 372 kB)
[    0.000000]       .data : 0x80a7c000 - 0x80ace8c0   ( 331 kB)
[    0.000000]        .bss : 0x80ad1000 - 0x80b3ae1c   ( 424 kB)
[    0.000000] SLUB: HWalign=64, Order=0-3, MinObjects=0, CPUs=4, Nodes=1
[    0.000000] Hierarchical RCU implementation.
[    0.000000] NR_IRQS:16 nr_irqs:16 16
[    0.000000] L2C-310 erratum 769419 enabled
[    0.000000] L2C-310 enabling early BRESP for Cortex-A9
[    0.000000] L2C-310 full line of zeros enabled for Cortex-A9
[    0.000000] L2C-310 ID prefetch enabled, offset 16 lines
[    0.000000] L2C-310 dynamic clock gating enabled, standby mode enabled
[    0.000000] L2C-310 cache controller enabled, 16 ways, 1024 kB
[    0.000000] L2C-310: CACHE_ID 0x410000c7, AUX_CTRL 0x76470001
[    0.000000] mxc_clocksource_init 3000000
[    0.000000] Switching to timer-based delay loop, resolution 333ns
[    0.000007] sched_clock: 32 bits at 3000kHz, resolution 333ns, wraps every 715827882841ns
[    0.000024] clocksource mxc_timer1: mask: 0xffffffff max_cycles: 0xffffffff, max_idle_ns: 637086815595 ns
[    0.001235] Console: colour dummy device 80x30
[    0.001875] console [tty1] enabled
[    0.001905] Calibrating delay loop (skipped), value calculated using timer frequency.. 6.00 BogoMIPS (lpj=30000)
[    0.001946] pid_max: default: 32768 minimum: 301
[    0.002064] Mount-cache hash table entries: 4096 (order: 2, 16384 bytes)
[    0.002094] Mountpoint-cache hash table entries: 4096 (order: 2, 16384 bytes)
[    0.002677] Initializing cgroup subsys freezer
[    0.002715] Initializing cgroup subsys debug
[    0.002765] CPU: Testing write buffer coherency: ok
[    0.003043] Setting up static identity map for 0x10008280 - 0x100082d8
[    0.006338] Brought up 4 CPUs
[    0.006373] SMP: Total of 4 processors activated (24.00 BogoMIPS).
[    0.006396] CPU: All CPU(s) started in SVC mode.
[    0.006905] devtmpfs: initialized
[    0.019478] VFP support v0.3: implementor 41 architecture 3 part 30 variant 9 rev 4
[    0.019919] clocksource jiffies: mask: 0xffffffff max_cycles: 0xffffffff, max_idle_ns: 19112604462750000 ns
[    0.019982] futex hash table entries: 1024 (order: 4, 65536 bytes)
[    0.039993] pinctrl core: initialized pinctrl subsystem
[    0.041251] NET: Registered protocol family 16
[    0.049653] DMA: preallocated 256 KiB pool for atomic coherent allocations
[    0.079651] cpuidle: using governor ladder
[    0.109647] cpuidle: using governor menu
[    0.110045] CPU identified as i.MX6Q, silicon rev 1.5
[    0.134640] hw-breakpoint: found 5 (+1 reserved) breakpoint and 1 watchpoint registers.
[    0.134687] hw-breakpoint: maximum watchpoint size is 4 bytes.
[    0.135814] imx6q-pinctrl 20e0000.iomuxc: initialized IMX pinctrl driver
[    0.137807] imx-gpc 20dc000.gpc: no fsl,ldo-bypass found!
[    0.147987] mxs-dma 110000.dma-apbh: initialized
[    0.150515] usb_host_vbus: supplied by usb_host_vbus_hub
[    0.150875] vgaarb: loaded
[    0.151696] SCSI subsystem initialized
[    0.152193] usbcore: registered new interface driver usbfs
[    0.152288] usbcore: registered new interface driver hub
[    0.152390] usbcore: registered new device driver usb
[    0.152624] 2000000.aips-bus:usbphy_nop1 supply vcc not found, using dummy regulator
[    0.152804] 2000000.aips-bus:usbphy_nop2 supply vcc not found, using dummy regulator
[    0.153587] i2c-gpio i2c@0: using pins 80 (SDA) and 62 (SCL)
[    0.154450] i2c i2c-1: IMX I2C adapter registered
[    0.154486] i2c i2c-1: can't use DMA
[    0.156035] stmpe-i2c 2-0041: stmpe811 detected, chip id: 0x811
[    0.157963] i2c i2c-2: IMX I2C adapter registered
[    0.158000] i2c i2c-2: can't use DMA
[    0.158474] i2c i2c-3: IMX I2C adapter registered
[    0.158507] i2c i2c-3: can't use DMA
[    0.158671] Linux video capture interface: v2.00
[    0.158747] pps_core: LinuxPPS API ver. 1 registered
[    0.158770] pps_core: Software ver. 5.3.6 - Copyright 2005-2007 Rodolfo Giometti <giometti@linux.it>
[    0.158824] PTP clock support registered
[    0.179697] imx-ipuv3 2400000.ipu: IPU DMFC NORMAL mode: 1(0~1), 5B(4,5), 5F(6,7)
[    0.199692] imx-ipuv3 2800000.ipu: IPU DMFC NORMAL mode: 1(0~1), 5B(4,5), 5F(6,7)
[    0.200629] mxc_mipi_csi2 21dc000.mipi_csi: i.MX MIPI CSI2 driver probed ipu0 csi1
[    0.200675] mxc_mipi_csi2 21dc000.mipi_csi: i.MX MIPI CSI2 dphy version is 0x3130302a
[    0.200788] MIPI CSI2 driver module loaded
[    0.201070] Advanced Linux Sound Architecture Driver Initialized.
[    0.202321] Bluetooth: Core ver 2.20
[    0.202388] NET: Registered protocol family 31
[    0.202409] Bluetooth: HCI device and connection manager initialized
[    0.202440] Bluetooth: HCI socket layer initialized
[    0.202471] Bluetooth: L2CAP socket layer initialized
[    0.202518] Bluetooth: SCO socket layer initialized
[    0.203112] Switched to clocksource mxc_timer1
[    0.213877] NET: Registered protocol family 2
[    0.214648] TCP established hash table entries: 16384 (order: 4, 65536 bytes)
[    0.214821] TCP bind hash table entries: 16384 (order: 5, 131072 bytes)
[    0.215080] TCP: Hash tables configured (established 16384 bind 16384)
[    0.215183] UDP hash table entries: 1024 (order: 3, 32768 bytes)
[    0.215278] UDP-Lite hash table entries: 1024 (order: 3, 32768 bytes)
[    0.215547] NET: Registered protocol family 1
[    0.215886] RPC: Registered named UNIX socket transport module.
[    0.215917] RPC: Registered udp transport module.
[    0.215939] RPC: Registered tcp transport module.
[    0.215959] RPC: Registered tcp NFSv4.1 backchannel transport module.
[    0.216757] CPU PMU: Failed to parse /soc/pmu/interrupt-affinity[0]
[    0.216829] hw perfevents: enabled with armv7_cortex_a9 PMU driver, 7 counters available
[    0.217865] imx rpmsg driver is registered.
[    0.218903] Bus freq driver module loaded
[    0.225911] VFS: Disk quotas dquot_6.6.0
[    0.226110] VFS: Dquot-cache hash table entries: 1024 (order 0, 4096 bytes)
[    0.227173] squashfs: version 4.0 (2009/01/31) Phillip Lougher
[    0.227966] NFS: Registering the id_resolver key type
[    0.228033] Key type id_resolver registered
[    0.228058] Key type id_legacy registered
[    0.228103] nfs4filelayout_init: NFSv4 File Layout Driver Registering...
[    0.228640] ntfs: driver 2.1.32 [Flags: R/W].
[    0.229127] fuse init (API version 7.23)
[    0.233296] bounce: pool size: 64 pages
[    0.233341] io scheduler noop registered
[    0.233368] io scheduler deadline registered
[    0.233537] io scheduler cfq registered (default)
[    0.236294] backlight supply power not found, using dummy regulator
[    0.237905] MIPI DSI driver module loaded
[    0.239278] 20e0000.hdmi_video supply HDMI not found, using dummy regulator
[    0.240769] fbcvt: 800x480@60: CVT Name - .384M9
[    0.240816] mxc_sdc_fb fb@0: registered mxc display driver ldb
[    0.244926] mxc_sdc_fb fb@0: 800x480 h_sync,r,l: 72,24,96  v_sync,l,u: 7,3,10 pixclock=29500000 Hz
[    0.266820] mxc_hdmi 20e0000.hdmi_video: Detected HDMI controller 0x13:0xa:0xa0:0xc1
[    0.266878] fbcvt: 1920x1080@60: CVT Name - 2.073M9
[    0.267000] mxc_sdc_fb fb@1: registered mxc display driver hdmi
[    0.282266] mxc_sdc_fb fb@1: 1920x1080 h_sync,r,l: 44,88,148  v_sync,l,u: 5,4,36 pixclock=148500000 Hz
[    0.293196] imx-ipuv3 2400000.ipu: IPU DMFC DP HIGH RESOLUTION: 1(0,1), 5B(2~5), 5F(6,7)
[    0.296881] mxc_sdc_fb fb@2: mxcfb2 is turned off!
[    0.296975] mxc_sdc_fb fb@3: mxcfb3 is turned off!
[    0.298471] imx-sdma 20ec000.sdma: no iram assigned, using external mem
[    0.298892] imx-sdma 20ec000.sdma: no event needs to be remapped
[    0.299193] imx-sdma 20ec000.sdma: loaded firmware 3.3
[    0.301788] imx-sdma 20ec000.sdma: initialized
[    0.303487] pfuze100-regulator 2-0008: Full layer: 2, Metal layer: 1
[    0.304118] pfuze100-regulator 2-0008: FAB: 0, FIN: 0
[    0.304146] pfuze100-regulator 2-0008: pfuze100 found.
[    0.318686] 2020000.serial: ttymxc0 at MMIO 0x2020000 (irq = 26, base_baud = 5000000) is a IMX
[    1.225169] console [ttymxc0] enabled
[    1.229719] 21e8000.serial: ttymxc1 at MMIO 0x21e8000 (irq = 301, base_baud = 5000000) is a IMX
[    1.238982] 21f0000.serial: ttymxc3 at MMIO 0x21f0000 (irq = 302, base_baud = 5000000) is a IMX
[    1.248220] 21f4000.serial: ttymxc4 at MMIO 0x21f4000 (irq = 303, base_baud = 5000000) is a IMX
[    1.258947] [drm] Initialized drm 1.1.0 20060810
[    1.264061] [drm] Initialized vivante 1.0.0 20120216 on minor 0
[    1.278136] brd: module loaded
[    1.286320] loop: module loaded
[    1.290744] ahci-imx 2200000.sata: fsl,transmit-level-mV not specified, using 00000024
[    1.298751] ahci-imx 2200000.sata: fsl,transmit-boost-mdB not specified, using 00000480
[    1.306817] ahci-imx 2200000.sata: fsl,transmit-atten-16ths not specified, using 00002000
[    1.315047] ahci-imx 2200000.sata: fsl,receive-eq-mdB not specified, using 05000000
[    1.326244] ahci-imx 2200000.sata: SSS flag set, parallel bus scan disabled
[    1.333300] ahci-imx 2200000.sata: AHCI 0001.0300 32 slots 1 ports 3 Gbps 0x1 impl platform mode
[    1.342127] ahci-imx 2200000.sata: flags: ncq sntf stag pm led clo only pmp pio slum part ccc apst 
[    1.352559] scsi host0: ahci-imx
[    1.356136] ata1: SATA max UDMA/133 mmio [mem 0x02200000-0x02203fff] port 0x100 irq 313
[    1.367526] spi_imx 2008000.ecspi: probed
[    1.372467] vcan: Virtual CAN interface driver
[    1.376997] CAN device driver interface
[    1.381104] 2090000.flexcan supply xceiver not found, using dummy regulator
[    1.388898] flexcan 2090000.flexcan: device registered (reg_base=e6aa8000, irq=35)
[    1.396651] 2094000.flexcan supply xceiver not found, using dummy regulator
[    1.404355] flexcan 2094000.flexcan: device registered (reg_base=e6ab0000, irq=36)
[    1.413073] 2188000.ethernet supply phy not found, using dummy regulator
[    1.433530] pps pps0: new PPS source ptp0
[    1.438779] libphy: fec_enet_mii_bus: probed
[    1.444831] fec 2188000.ethernet eth0: registered PHC device 0
[    1.450962] PPP generic driver version 2.4.2
[    1.455513] ehci_hcd: USB 2.0 'Enhanced' Host Controller (EHCI) Driver
[    1.462074] ehci-pci: EHCI PCI platform driver
[    1.466632] ehci-mxc: Freescale On-Chip EHCI Host driver
[    1.472170] usbcore: registered new interface driver usb-storage
[    1.478358] usbcore: registered new interface driver usbserial
[    1.484277] usbcore: registered new interface driver usbserial_generic
[    1.490867] usbserial: USB Serial support registered for generic
[    1.496955] usbcore: registered new interface driver ftdi_sio
[    1.502771] usbserial: USB Serial support registered for FTDI USB Serial Device
[    1.510179] usbcore: registered new interface driver option
[    1.515821] usbserial: USB Serial support registered for GSM modem (1-port)
[    1.522849] usbcore: registered new interface driver pl2303
[    1.528494] usbserial: USB Serial support registered for pl2303
[    1.535815] 2184800.usbmisc supply vbus-wakeup not found, using dummy regulator
[    1.554903] ci_hdrc ci_hdrc.1: EHCI Host Controller
[    1.559837] ci_hdrc ci_hdrc.1: new USB bus registered, assigned bus number 1
[    1.583143] ci_hdrc ci_hdrc.1: USB 2.0 started, EHCI 1.00
[    1.589361] hub 1-0:1.0: USB hub found
[    1.593217] hub 1-0:1.0: 1 port detected
[    1.598140] mousedev: PS/2 mouse device common for all mice
[    1.604313] [PENMOUNT] Loading penmount_i2c V1.15.0
[    1.609360] [PENMOUNT] Probing for device ...
[    1.633025] [PENMOUNT] PM2204.D01.1.0.0
[    1.639775] [PENMOUNT] Supports 5 touch contacts
[    1.647296] [PENMOUNT] Supports WD mode
[    1.651152] [PENMOUNT] Supports WP mode
[    1.657889] [PENMOUNT] Use WP mode !
[    1.664362] [PENMOUNT] Sensitivity Level : 0 (max: 2)
[    1.672301] [PENMOUNT] irq already specified !!
[    1.677008] [PENMOUNT] Using IRQ 219
[    1.680846] input: PenMount I2C Touch Screen as /devices/soc0/soc/2100000.aips-bus/21a0000.i2c/i2c-1/1-0038/input/input0
[    1.692267] input: PenMount I2C Touch Key as /devices/soc0/soc/2100000.aips-bus/21a0000.i2c/i2c-1/1-0038/input/input1
[    1.706459] rtc-ds1307 1-0068: rtc core: registered m41t0 as rtc0
[    1.713287] snvs_rtc 20cc000.snvs:snvs-rtc-lp: rtc core: registered 20cc000.snvs:snvs-r as rtc1
[    1.722164] i2c /dev entries driver
[    1.727479] mxc_v4l2_output v4l2_out: V4L2 device registered as video16
[    1.734302] mxc_v4l2_output v4l2_out: V4L2 device registered as video17
[    1.741106] mxc_v4l2_output v4l2_out: V4L2 device registered as video18
[    1.747927] mxc_v4l2_output v4l2_out: V4L2 device registered as video19
[    1.756712] imx2-wdt 20bc000.wdog: timeout 60 sec (nowayout=0)
[    1.762801] usbcore: registered new interface driver btusb
[    1.768536] sdhci: Secure Digital Host Controller Interface driver
[    1.774761] sdhci: Copyright(c) Pierre Ossman
[    1.779146] sdhci-pltfm: SDHCI platform and OF driver helper
[    1.785777] /soc/aips-bus@02100000/usdhc@02190000: voltage-ranges unspecified
[    1.792971] sdhci-esdhc-imx 2190000.usdhc: Got CD GPIO
[    1.799650] sdhci-esdhc-imx 2190000.usdhc: No vqmmc regulator found
[    1.843274] mmc1: SDHCI controller on 2190000.usdhc [2190000.usdhc] using ADMA
[    1.851189] /soc/aips-bus@02100000/usdhc@02198000: voltage-ranges unspecified
[    1.858802] sdhci-esdhc-imx 2198000.usdhc: No vqmmc regulator found
[    1.903138] mmc0: SDHCI controller on 2198000.usdhc [2198000.usdhc] using ADMA
[    1.913152] usb 1-1: new high-speed USB device number 2 using ci_hdrc
[    1.913160] ata1: SATA link up 3.0 Gbps (SStatus 123 SControl 300)
[    1.917925] ata1.00: ATA-9: TS16GMSA370, P1225CE, max UDMA/133
[    1.917932] ata1.00: 31277232 sectors, multi 1: LBA48 NCQ (depth 31/32)
[    1.921480] ata1.00: configured for UDMA/133
[    1.923888] scsi 0:0:0:0: Direct-Access     ATA      TS16GMSA370      5CE  PQ: 0 ANSI: 5
[    1.930854] sd 0:0:0:0: [sda] 31277232 512-byte logical blocks: (16.0 GB/14.9 GiB)
[    1.933211] sd 0:0:0:0: [sda] Write Protect is off
[    1.933219] mxc_vpu 2040000.vpu_fsl: VPU initialized
[    1.933330] sd 0:0:0:0: [sda] Write cache: enabled, read cache: enabled, doesn't support DPO or FUA
[    1.935908] mxc_vdoa 21e4000.vdoa: i.MX Video Data Order Adapter(VDOA) driver probed
[    1.938723] caam 2100000.caam: Entropy delay = 3200
[    1.950806] sd 0:0:0:0: [sda] Attached SCSI disk
[    1.978348] mmc0: MAN_BKOPS_EN bit is not set
[    1.997618] mmc0: new DDR MMC card at address 0001
[    1.998011] mmcblk0: mmc0:0001 Q2J54A 3.59 GiB 
[    1.998121] mmcblk0boot0: mmc0:0001 Q2J54A partition 1 16.0 MiB
[    1.998230] mmcblk0boot1: mmc0:0001 Q2J54A partition 2 16.0 MiB
[    1.999322]  mmcblk0: p1 p2
[    1.999512] caam 2100000.caam: Instantiated RNG4 SH0
[    2.060276] caam 2100000.caam: Instantiated RNG4 SH1
[    2.065300] caam 2100000.caam: device ID = 0x0a16010000000000 (Era -524)
[    2.072027] caam 2100000.caam: job rings = 2, qi = 0
[    2.138527] caam algorithms registered in /proc/crypto
[    2.147751] caam_jr 2101000.jr0: registering rng-caam
[    2.153780] snvs-secvio 20cc000.caam-snvs: can't get snvs clock
[    2.159782] snvs-secvio 20cc000.caam-snvs: violation handlers armed - non-secure state
[    2.168025] hidraw: raw HID events driver (C) Jiri Kosina
[    2.174175] usbcore: registered new interface driver usbhid
[    2.179799] usbhid: USB HID core driver
[    2.179989] hub 1-1:1.0: USB hub found
[    2.187533] hub 1-1:1.0: 4 ports detected
[    2.192850] stmpe-adc stmpe-adc: Initialized
[    2.200733] sgtl5000 2-000a: sgtl5000 revision 0x11
[    2.231768] fsl-asrc 2034000.asrc: driver registered
[    2.375658] imx-sgtl5000 sound: sgtl5000 <-> 2028000.ssi mapping ok
[    2.384634] imx-spdif sound-spdif: snd-soc-dummy-dai <-> 2004000.spdif mapping ok
[    2.395153] imx-audio-hdmi sound-hdmi: hdmi-hifi <-> soc:hdmi_audio@00120000 mapping ok
[    2.403906] Netfilter messages via NETLINK v0.30.
[    2.408661] nfnl_acct: registering with nfnetlink.
[    2.413517] nf_conntrack version 0.5.0 (16384 buckets, 65536 max)
[    2.420102] nf_tables: (c) 2007-2009 Patrick McHardy <kaber@trash.net>
[    2.427145] ip_tables: (C) 2000-2006 Netfilter Core Team
[    2.433093] NET: Registered protocol family 10
[    2.438597] ip6_tables: (C) 2000-2006 Netfilter Core Team
[    2.444087] NET: Registered protocol family 17
[    2.448603] bridge: automatic filtering via arp/ip/ip6tables has been deprecated. Update your scripts to load br_netfilter if you need this.
[    2.461356] Bridge firewalling registered
[    2.463148] usb 1-1.3: new high-speed USB device number 3 using ci_hdrc
[    2.472101] can: controller area network core (rev 20120528 abi 9)
[    2.478391] NET: Registered protocol family 29
[    2.482889] can: raw protocol (rev 20120528)
[    2.487225] can: broadcast manager protocol (rev 20120528 t)
[    2.492936] can: netlink gateway (rev 20130117) max_hops=1
[    2.498704] Bluetooth: RFCOMM TTY layer initialized
[    2.503643] Bluetooth: RFCOMM socket layer initialized
[    2.508842] Bluetooth: RFCOMM ver 1.11
[    2.512628] Bluetooth: BNEP (Ethernet Emulation) ver 1.3
[    2.517979] Bluetooth: BNEP filters: protocol multicast
[    2.523249] Bluetooth: BNEP socket layer initialized
[    2.528250] Bluetooth: HIDP (Human Interface Emulation) ver 1.2
[    2.534220] Bluetooth: HIDP socket layer initialized
[    2.539284] 8021q: 802.1Q VLAN Support v1.8
[    2.543898] Key type dns_resolver registered
[    2.550166] Registering SWP/SWPB emulation handler
[    2.555723] registered taskstats version 1
[    2.560761] 1ffc000.pcie supply pcie-bus not found, using dummy regulator
[    2.980204] imx6q-pcie 1ffc000.pcie: phy link never came up
[    2.985860] imx6q-pcie 1ffc000.pcie: failed to initialize host
[    2.991819] imx6q-pcie: probe of 1ffc000.pcie failed with error -22
[    3.002089] rtc-ds1307 1-0068: setting system clock to 2018-02-01 10:33:23 UTC (1517481203)
[    3.020496] usb_otg_vbus: disabling
[    3.024376] ALSA device list:
[    3.027375]   #0: imx6q-apalis-sgtl5000
[    3.031229]   #1: imx-spdif
[    3.034091]   #2: imx-hdmi-soc
[    3.048688] EXT4-fs (mmcblk0p2): INFO: recovery required on readonly filesystem
[    3.056078] EXT4-fs (mmcblk0p2): write access will be enabled during recovery
[    3.490106] EXT4-fs (mmcblk0p2): recovery complete
[    3.496027] EXT4-fs (mmcblk0p2): mounted filesystem with ordered data mode. Opts: (null)
[    3.504385] VFS: Mounted root (ext4 filesystem) readonly on device 179:2.
[    3.512192] devtmpfs: mounted
[    3.515746] Freeing unused kernel memory: 372K (80a1f000 - 80a7c000)
[    3.654133] random: systemd urandom read with 21 bits of entropy available
[    3.668918] systemd[1]: systemd 229 running in system mode. (-PAM -AUDIT -SELINUX +IMA -APPARMOR +SMACK +SYSVINIT +UTMP -LIBCRYPTSETUP -GCRYPT -GNUTLS +ACL +XZ -LZ4 -SECCOMP +BLKID -ELFUTILS +KMOD -IDN)
[    3.688169] systemd[1]: Detected architecture arm.

Welcome to Boot to Qt for Embedded Linux 2.1.1 (krogoth)!

[    3.714003] systemd[1]: Set hostname to <b2qt-apalis-imx6>.
[    3.967051] systemd[1]: Listening on Network Service Netlink Socket.
[  OK  ] Listening on Network Service Netlink Socket.
[    4.003723] systemd[1]: Created slice User and Session Slice.
[  OK  ] Created slice User and Session Slice.
[    4.033480] systemd[1]: Listening on udev Control Socket.
[  OK  ] Listening on udev Control Socket.
[    4.063721] systemd[1]: Started Forward Password Requests to Wall Directory Watch.
[  OK  ] Started Forward Password Requests to Wall Directory Watch.
[    4.093483] systemd[1]: Reached target Remote File Systems.
[  OK  ] Reached target Remote File Systems.
[    4.123585] systemd[1]: Listening on udev Kernel Socket.
[  OK  ] Listening on udev Kernel Socket.
[    4.153900] systemd[1]: Created slice System Slice.
[  OK  ] Created slice System Slice.
[    4.183474] systemd[1]: Reached target Slices.
[  OK  ] Reached target Slices.
[    4.232463] systemd[1]: Listening on /dev/initctl Compatibility Named Pipe.
[  OK  ] Listening on /dev/initctl Compatibility Named Pipe.
[    4.264115] systemd[1]: Created slice system-serial\x2dgetty.slice.
[  OK  ] Created slice system-serial\x2dgetty.slice.
[    4.303794] systemd[1]: Started Dispatch Password Requests to Console Directory Watch.
[  OK  ] Started Dispatch Password Requests to Console Directory Watch.
[    4.333439] systemd[1]: Reached target Paths.
[  OK  ] Reached target Paths.
[    4.363627] systemd[1]: Listening on Syslog Socket.
[  OK  ] Listening on Syslog Socket.
[    4.393714] systemd[1]: Listening on Journal Socket.
[  OK  ] Listening on Journal Socket.
[    4.427861] systemd[1]: Starting File System Check on Root Device...
         Starting File System Check on Root Device...
[    4.458214] systemd[1]: Mounting Temporary Directory...
         Mounting Temporary Directory...
[    4.470598] systemd[1]: Starting Create list of required static device nodes for the current kernel...
         Starting Create list of required st... nodes for the current ker[    4.485533] systemd[1]: Mounting Debug File System...
nel...
         Mounting Debug File Sys[    4.495220] systemd[1]: Starting Setup Virtual Console...
tem...
         Starting Setup Virtual Console...
[    4.508338] systemd[1]: Starting Load Kernel Modules...
         [    4.514900] systemd[1]: Listening on Journal Socket (/dev/log).
Starting Load Kernel Modules...
[  OK  ] Listening on[    4.524775] systemd[1]: Starting Journal Service...
 Journal Socket (/dev/log).
[    4.532513] systemd[1]: Reached target Swap.
         Starting Journal Service...
[  OK  ] Reached target Swap.
[    4.545169] systemd[1]: Mounted Debug File System.
[  OK  [    4.550727] systemd[1]: Mounted Temporary Directory.
] Mounted Debug File System.
[    4.558906] systemd[1]: Started Create list of required static device nodes for the current kernel.
[  OK  ] Mounted Temporary Directory.
[  OK  ] Started Create list of required sta...ce nodes for the current kernel.
[    4.587811] systemd[1]: Started Setup Virtual Console.
[  OK  ] Started Setup Virtual Console.
[    4.628530] systemd[1]: Started File System Check on Root Device.
[  OK  ] Started File System Check on Root Device.
[    4.649042] RTL871X: module init start
[    4.652845] RTL871X: rtl8723bu v4.3.6.11_12942.20141204_BTCOEX20140507-4E40
[    4.659904] RTL871X: rtl8723bu BT-Coex version = BTCOEX20140507-4E40
[    4.732956] systemd[1]: Starting Remount Root and Kernel File Systems...
         Starting Remount Root and Kernel File Systems...
[    4.757788] EXT4-fs (mmcblk0p2): re-mounted. Opts: (null)
[    4.767890] systemd[1]: Started Remount Root and Kernel File Systems.
[  OK  ] Started Remount Root and Kernel File Systems.
[    4.809906] systemd[1]: Starting Create Static Device Nodes in /dev...
         Starting Create Static Device Nodes in /dev...
[    4.840087] systemd[1]: Starting udev Coldplug all Devices...
         Starting udev Coldplug all Devices...
[    4.868613] systemd[1]: Started Journal Service.
[  OK  ] Started Journal Service.
[  OK  ] Started Create Static Device Nodes in /dev.
[    4.958708] RTL871X: rtw_ndev_init(wlan0)
[    4.963995] RTL871X: rtw_ndev_init(wlan1)
[    4.969113] usbcore: registered new interface driver rtl8723bu
[    4.975048] RTL871X: module init ret=0
[    5.004153] Galcore version 5.0.11.41671
         Starting udev Kernel Device Manager...
[  OK  ] Reached target Local File Systems (Pre).
         Mounting /var/volatile...
         Starting Flush Journal to Persistent Storage...
[  OK  ] Mounted /var/volatile.
[  OK  ] Started udev Kernel Device Manager.
[    5.255558] systemd-journald[200]: Received request to flush runtime journal from PID 1
         Starting Load/Save Random Seed...
[  OK  ] Reached target Local File Systems.
[  OK  ] Started Flush Journal to Persistent Storage.
[  OK  ] Started Load/Save Random Seed.
         Starting Create Volatile Files and Directories...
[  OK  ] Started udev Coldplug all Devices.
[  OK  ] Started Create Volatile Files and Directories.
         Starting Update UTMP about System Boot/Shutdown...
         Starting Network Time Synchronization...
[  OK  ] Created slice system-systemd\x2dbacklight.slice.
         Starting Load/Save Screen Backlight...htness of backlight:backlight...
[  OK  ] Found device /dev/ttymxc0.
[  OK  ] Started Update UTMP about System Boot/Shutdown.
[  OK  ] Started Network Time Synchronization.
[  OK  ] Started Load/Save Screen Backlight Brightness of backlight:backlight.
[    5.994274] tty0tty null modem driver v1.2
[  OK  ] Started Load Kernel Modules.
[  OK  ] Found device /dev/ttymxc1.
[    6.243677] ov5647_read_reg(mipi):reg=300a ret=-5
[    6.248445] camera ov5647_mipi is not found
[  OK  ] Listening on Load/Save RF Kill Switch Status /dev/rfkill Watch.
[  OK  ] Reached target Sound Card.
[    6.362793] ERROR: v4l2 capture: slave not found!
[    6.362820] ERROR: v4l2 capture: slave not found!
         Mounting Configuration File System...
         Starting Apply Kernel Variables...
         Mounting FUSE Control File System...
[  OK  ] Reached target System Time Synchronized.
[  OK  ] Mounted Configuration File System.
[  OK  ] Mounted FUSE Control File System.
[  OK  ] Started Apply Kernel Variables.
         Starting Load/Save RF Kill Switch Status...
[  OK  ] Reached target System Initialization.
[  OK  ] Listening on RPCbind Server Activation Socket.
[  OK  ] Started Daily Cleanup of Temporary Directories.
[  OK  ] Reached target Timers.
[  OK  ] Listening on D-Bus System Message Bus Socket.
[  OK  ] Listening on dropbear.socket.
[  OK  ] Reached target Sockets.
[  OK  ] Reached target Basic System.
         Starting Login Service...
[  OK  ] Started System Logging Service.
[  OK  ] Started Serial Getty on ttymxc0.
[  OK  ] Started Serial Getty on ttymxc1.
[  OK  ] Reached target Login Prompts.
[  OK  ] Started B2Qt user application.
         Starting Save/Restore Sound Card State...
[    6.923283] usb 1-1.1: new high-speed USB device number 4 using ci_hdrc
[  OK  ] Started D-Bus System Message Bus.
[    7.058772] option 1-1.1:1.0: GSM modem (1-port) converter detected
[    7.065577] usb 1-1.1: GSM modem (1-port) converter now attached to ttyUSB0
[    7.073217] option 1-1.1:1.1: GSM modem (1-port) converter detected
[    7.080050] usb 1-1.1: GSM modem (1-port) converter now attached to ttyUSB1
[    7.087819] option 1-1.1:1.2: GSM modem (1-port) converter detected
[    7.094670] usb 1-1.1: GSM modem (1-port) converter now attached to ttyUSB2
[    7.102316] option 1-1.1:1.3: GSM modem (1-port) converter detected
[    7.109254] usb 1-1.1: GSM modem (1-port) converter now attached to ttyUSB3
[    7.117043] option 1-1.1:1.4: GSM modem (1-port) converter detected
[    7.123942] usb 1-1.1: GSM modem (1-port) converter now attached to ttyUSB4
         Starting D-BUS Session Message Bus....
[  OK  ] Started Kernel Logging Service.
         Starting Network Service...
[  OK  ] Started Load/Save RF Kill Switch Status.
[  OK  ] Started Save/Restore Sound Card State.
[  OK  ] Started Network Service.
[  OK  ] Started D-BUS Session Message Bus..
[  OK  ] Reached target Network.
         Starting ADB Server Daemon...
         Starting Network Time Service...
[  OK  ] Started Login Service.
[    7.684195] flexcan 2090000.flexcan can0: writing ctrl=0x01232084
[    7.684382] file system registered
[  OK  ] Started Network Time Service.
[  OK  ] Started ADB Server Daemon.
[  OK  ] Reached target Multi-User System.
[  OK  ] Started Ujet Ble Service.
         Starting Ujet Identify Service...
[  OK  ] Started Ujet Cloud Service.
[  OK  ] Started Ujet Telemetry Service.
[    7.875458] read descriptors
[    7.878459] read strings
[    7.881154] g_ffs gadget: g_ffs ready
[  OK  ] Started Ujet Bluetooth Audio Service.
[  OK  ] Reached target Custom Target.
[  OK  ] Started Ujet HTTPD Service.
         Starting Update UTMP about System Runlevel Changes...
[  OK  ] Stopped Bluetooth service.
[  OK  ] Started Update UTMP about System Runlevel Changes.
[    8.731169] mxc_sdc_fb fb@0: 800x480 h_sync,r,l: 72,24,96  v_sync,l,u: 7,3,10 pixclock=29500000 Hz
[    9.165004] random: nonblocking pool is initialized

Boot to Qt for Embedded Linux 2.1.1 b2qt-apalis-imx6 ttymxc0

b2qt-apalis-imx6 login: 
Boot to Qt for Embedded Linux 2.1.1 b2qt-apalis-imx6 ttymxc0

b2qt-apalis-imx6 login: [   14.893737] ci_hdrc ci_hdrc.0: Device No Response

Boot to Qt for Embedded Linux 2.1.1 b2qt-apalis-imx6 ttymxc0

b2qt-apalis-imx6 login: root
root@b2qt-apalis-imx6:~# cd /
root@b2qt-apalis-imx6:/# df
Filesystem     1K-blocks    Used Available Use% Mounted on
/dev/root        1410896 1124396    209496  85% /
devtmpfs          869484       0    869484   0% /dev
tmpfs            1033512       4   1033508   1% /dev/shm
tmpfs            1033512    8712   1024800   1% /run
tmpfs            1033512       0   1033512   0% /sys/fs/cgroup
tmpfs            1033512       4   1033508   1% /tmp
tmpfs            1033512       4   1033508   1% /var/volatile
root@b2qt-apalis-imx6:/# 
root@b2qt-apalis-imx6:/# 
root@b2qt-apalis-imx6:/# 
root@b2qt-apalis-imx6:/# cd /dev/
root@b2qt-apalis-imx6:/dev# ls -l sda 
brw-rw---- 1 root disk 8, 0 Feb  1 10:33 sda
root@b2qt-apalis-imx6:/dev# mount sda /mnt/
mount: wrong fs type, bad option, bad superblock on /dev/sda,
       missing codepage or helper program, or other error

       In some cases useful info is found in syslog - try
       dmesg | tail or so.
root@b2qt-apalis-imx6:/dev# 
root@b2qt-apalis-imx6:/dev# 
root@b2qt-apalis-imx6:/dev# 
root@b2qt-apalis-imx6:/dev# 
root@b2qt-apalis-imx6:/dev# 
root@b2qt-apalis-imx6:/dev# cd    cd /
root@b2qt-apalis-imx6:/# fd
fdformat          fdisk             fdisk.util-linux  
root@b2qt-apalis-imx6:/# fd
fdformat          fdisk             fdisk.util-linux  
root@b2qt-apalis-imx6:/# fdisk /dev/sda

Welcome to fdisk (util-linux 2.27.1).
Changes will remain in memory only, until you decide to write them.
Be careful before using the write command.

Device does not contain a recognized partition table.
Created a new DOS disklabel with disk identifier 0xa5ae53d8.

Command (m for help): p
Disk /dev/sda: 14.9 GiB, 16013942784 bytes, 31277232 sectors
Units: sectors of 1 * 512 = 512 bytes
Sector size (logical/physical): 512 bytes / 512 bytes
I/O size (minimum/optimal): 512 bytes / 512 bytes
Disklabel type: dos
Disk identifier: 0xa5ae53d8

Command (m for help): m

Help:

  DOS (MBR)
   a   toggle a bootable flag
   b   edit nested BSD disklabel
   c   toggle the dos compatibility flag

  Generic
   d   delete a partition
   F   list free unpartitioned space
   l   list known partition types
   n   add a new partition
   p   print the partition table
   t   change a partition type
   v   verify the partition table
   i   print information about a partition

  Misc
   m   print this menu
   u   change display/entry units
   x   extra functionality (experts only)

  Script
   I   load disk layout from sfdisk script file
   O   dump disk layout to sfdisk script file

  Save & Exit
   w   write table to disk and exit
   q   quit without saving changes

  Create a new label
   g   create a new empty GPT partition table
   G   create a new empty SGI (IRIX) partition table
   o   create a new empty DOS partition table
   s   create a new empty Sun partition table


Command (m for help): n
Partition type
   p   primary (0 primary, 0 extended, 4 free)
   e   extended (container for logical partitions)
Select (default p): 

Using default response p.
Partition number (1-4, default 1): 
First sector (2048-31277231, default 2048): 
Last sector, +sectors or +size{K,M,G,T,P} (2048-31277231, default 31277231): 

Created a new partition 1 of type 'Linux' and of size 14.9 GiB.

Command (m for help): p
Disk /dev/sda: 14.9 GiB, 16013942784 bytes, 31277232 sectors
Units: sectors of 1 * 512 = 512 bytes
Sector size (logical/physical): 512 bytes / 512 bytes
I/O size (minimum/optimal): 512 bytes / 512 bytes
Disklabel type: dos
Disk identifier: 0xa5ae53d8

Device     Boot Start      End  Sectors  Size Id Type
/dev/sda1        2048 31277231 31275184 14.9G 83 Linux

Command (m for help): t^H^H^H^H
Selected partition 1
Partition type (type L to list all types): L

 0  Empty           24  NEC DOS         81  Minix / old Lin bf  Solaris        
 1  FAT12           27  Hidden NTFS Win 82  Linux swap / So c1  DRDOS/sec (FAT-
 2  XENIX root      39  Plan 9          83  Linux           c4  DRDOS/sec (FAT-
 3  XENIX usr       3c  PartitionMagic  84  OS/2 hidden or  c6  DRDOS/sec (FAT-
 4  FAT16 <32M      40  Venix 80286     85  Linux extended  c7  Syrinx         
 5  Extended        41  PPC PReP Boot   86  NTFS volume set da  Non-FS data    
 6  FAT16           42  SFS             87  NTFS volume set db  CP/M / CTOS / .
 7  HPFS/NTFS/exFAT 4d  QNX4.x          88  Linux plaintext de  Dell Utility   
 8  AIX             4e  QNX4.x 2nd part 8e  Linux LVM       df  BootIt         
 9  AIX bootable    4f  QNX4.x 3rd part 93  Amoeba          e1  DOS access     
 a  OS/2 Boot Manag 50  OnTrack DM      94  Amoeba BBT      e3  DOS R/O        
 b  W95 FAT32       51  OnTrack DM6 Aux 9f  BSD/OS          e4  SpeedStor      
 c  W95 FAT32 (LBA) 52  CP/M            a0  IBM Thinkpad hi ea  Rufus alignment
 e  W95 FAT16 (LBA) 53  OnTrack DM6 Aux a5  FreeBSD         eb  BeOS fs        
 f  W95 Ext'd (LBA) 54  OnTrackDM6      a6  OpenBSD         ee  GPT            
10  OPUS            55  EZ-Drive        a7  NeXTSTEP        ef  EFI (FAT-12/16/
11  Hidden FAT12    56  Golden Bow      a8  Darwin UFS      f0  Linux/PA-RISC b
12  Compaq diagnost 5c  Priam Edisk     a9  NetBSD          f1  SpeedStor      
14  Hidden FAT16 <3 61  SpeedStor       ab  Darwin boot     f4  SpeedStor      
16  Hidden FAT16    63  GNU HURD or Sys af  HFS / HFS+      f2  DOS secondary  
17  Hidden HPFS/NTF 64  Novell Netware  b7  BSDI fs         fb  VMware VMFS    
18  AST SmartSleep  65  Novell Netware  b8  BSDI swap       fc  VMware VMKCORE 
1b  Hidden W95 FAT3 70  DiskSecure Mult bb  Boot Wizard hid fd  Linux raid auto
1c  Hidden W95 FAT3 75  PC/IX           bc  Acronis FAT32 L fe  LANstep        
1e  Hidden W95 FAT1 80  Old Minix       be  Solaris boot    ff  BBT            
Partition type (type L to list all types): 6
Changed type of partition 'Linux' to 'FAT16'.

Command (m for help): p
Disk /dev/sda: 14.9 GiB, 16013942784 bytes, 31277232 sectors
Units: sectors of 1 * 512 = 512 bytes
Sector size (logical/physical): 512 bytes / 512 bytes
I/O size (minimum/optimal): 512 bytes / 512 bytes
Disklabel type: dos
Disk identifier: 0xa5ae53d8

Device     Boot Start      End  Sectors  Size Id Type
/dev/sda1        2048 31277231 31275184 14.9G  6 FAT16

Command (m for help): w
The partition table has been altered.
Calling ioctl() to re-read partit[  270.910982]  sda: sda1
ion table.
Syncing disks.

root@b2qt-apalis-imx6:/# [  270.922838]  sda: sda1

root@b2qt-apalis-imx6:/# 
root@b2qt-apalis-imx6:/# 
root@b2qt-apalis-imx6:/# mkfs.
mkfs.bfs               mkfs.ext2              mkfs.ext3              mkfs.ext4              mkfs.ext4dev           mkfs.minix             mkfs.minix.util-linux
root@b2qt-apalis-imx6:/# mkfs.v      df
Filesystem     1K-blocks    Used Available Use% Mounted on
/dev/root        1410896 1124396    209496  85% /
devtmpfs          869484       0    869484   0% /dev
tmpfs            1033512       4   1033508   1% /dev/shm
tmpfs            1033512    8716   1024796   1% /run
tmpfs            1033512       0   1033512   0% /sys/fs/cgroup
tmpfs            1033512       4   1033508   1% /tmp
tmpfs            1033512       4   1033508   1% /var/volatile
root@b2qt-apalis-imx6:/# mount /dev/sda
sda   sda1  
root@b2qt-apalis-imx6:/# mount /dev/sda1 /mnt/
mount: wrong fs type, bad option, bad superblock on /dev/sda1,
       missing codepage or helper program, or other error

       In some cases useful info is found in syslog - try
       dmesg | tail or so.
root@b2qt-apalis-imx6:/# mk
mk_cmds                mkfifo                 mkfs.ext2              mkfs.minix             mknod                  mktemp                 
mkdir                  mkfifo.coreutils       mkfs.ext3              mkfs.minix.util-linux  mknod.coreutils        mktemp.coreutils       
mkdir.coreutils        mkfs                   mkfs.ext4              mkinitrd               mkswap                 
mke2fs                 mkfs.bfs               mkfs.ext4dev           mklost+found           mkswap.util-linux      
root@b2qt-apalis-imx6:/# mk  
root@b2qt-apalis-imx6:/# 
root@b2qt-apalis-imx6:/# 
root@b2qt-apalis-imx6:/# 
root@b2qt-apalis-imx6:/# find . -name mkfs*
./sbin/mkfs.minix
./sbin/mkfs.ext4
./sbin/mkfs.ext3
./sbin/mkfs.ext4dev
./sbin/mkfs.ext2
./sbin/mkfs.minix.util-linux
./usr/sbin/mkfs.bfs
./usr/sbin/mkfs
./usr/lib/opkg/alternatives/mkfs.minix
root@b2qt-apalis-imx6:/# mk
mk_cmds                mkfifo                 mkfs.ext2              mkfs.minix             mknod                  mktemp                 
mkdir                  mkfifo.coreutils       mkfs.ext3              mkfs.minix.util-linux  mknod.coreutils        mktemp.coreutils       
mkdir.coreutils        mkfs                   mkfs.ext4              mkinitrd               mkswap                 
mke2fs                 mkfs.bfs               mkfs.ext4dev           mklost+found           mkswap.util-linux      
root@b2qt-apalis-imx6:/# mkfs.
mkfs.bfs               mkfs.ext2              mkfs.ext3              mkfs.ext4              mkfs.ext4dev           mkfs.minix             mkfs.minix.util-linux
root@b2qt-apalis-imx6:/# mkfs.f      cd /sbin/
root@b2qt-apalis-imx6:/sbin# ls -l mk
mke2fs                 mkfs.ext3              mkfs.ext4dev           mkfs.minix             mklost+found           mkswap.util-linux      
mkfs.ext2              mkfs.ext4              mkfs.fat               mkfs.minix.util-linux  mkswap                 
root@b2qt-apalis-imx6:/sbin# ls -l mkfs.fat 
-rw-rw-rw- 1 root root 26980 Oct  4 22:03 mkfs.fat
root@b2qt-apalis-imx6:/sbin# chmod 777 mkfds.fat
chmod: cannot access 'mkfds.fat': No such file or directory
root@b2qt-apalis-imx6:/sbin# chmod 777 mkfds.fatls -l mkfs.fat chmod 777 mkfds.fatd
root@b2qt-apalis-imx6:/sbin# cd /
root@b2qt-apalis-imx6:/# mkfs
mkfs                   mkfs.ext2              mkfs.ext4              mkfs.fat               mkfs.minix.util-linux  
mkfs.bfs               mkfs.ext3              mkfs.ext4dev           mkfs.minix             
root@b2qt-apalis-imx6:/# mkfs.fat /dev/sdb 1 a1
mkfs.fat 4.0 (2016-05-06)
root@b2qt-apalis-imx6:/# dmesg
[    0.000000] Booting Linux on physical CPU 0x0
[    0.000000] Initializing cgroup subsys cpu
[    0.000000] Initializing cgroup subsys cpuacct
[    0.000000] Linux version 4.1.41-v2.7b1+g82f0f4f (behlingc@mplan-ubuntu-1610-dev) (gcc version 5.3.0 (GCC) ) #1 SMP Wed Jan 31 17:39:36 CET 2018
[    0.000000] CPU: ARMv7 Processor [412fc09a] revision 10 (ARMv7), cr=10c5387d
[    0.000000] CPU: PIPT / VIPT nonaliasing data cache, VIPT aliasing instruction cache
[    0.000000] Machine model: Toradex Apalis iMX6Q/D Module on Ixora V1.1 Carrier Board
[    0.000000] Reserved memory: created CMA memory pool at 0x62000000, size 320 MiB
[    0.000000] Reserved memory: initialized node linux,cma, compatible id shared-dma-pool
[    0.000000] Memory policy: Data cache writealloc
[    0.000000] On node 0 totalpages: 524288
[    0.000000] free_area_init_node: node 0, pgdat 80acd740, node_mem_map d0f57000
[    0.000000]   Normal zone: 3264 pages used for memmap
[    0.000000]   Normal zone: 0 pages reserved
[    0.000000]   Normal zone: 417792 pages, LIFO batch:31
[    0.000000]   HighMem zone: 106496 pages, LIFO batch:31
[    0.000000] PERCPU: Embedded 12 pages/cpu @d0efd000 s16908 r8192 d24052 u49152
[    0.000000] pcpu-alloc: s16908 r8192 d24052 u49152 alloc=12*4096
[    0.000000] pcpu-alloc: [0] 0 [0] 1 [0] 2 [0] 3 
[    0.000000] Built 1 zonelists in Zone order, mobility grouping on.  Total pages: 521024
[    0.000000] Kernel command line: enable_wait_mode=off vmalloc=400M ip=off root=/dev/mmcblk0p2 rw,noatime rootfstype=ext4 rootwait fec_mac=00:14:2d:4e:6c:f3 consoleblank=0 no_console_suspend=1 console=tty1 console=ttymxc0,115200n8 mxc_hdmi.only_cea=1 video=mxcfb1:dev=hdmi,1920x1080M@60,if=RGB24 video=mxcfb0:dev=ldb,800x480M@60,if=RGB666 video=mxcfb2:off video=mxcfb3:off fbmem=32M
[    0.000000] PID hash table entries: 4096 (order: 2, 16384 bytes)
[    0.000000] Dentry cache hash table entries: 262144 (order: 8, 1048576 bytes)
[    0.000000] Inode-cache hash table entries: 131072 (order: 7, 524288 bytes)
[    0.000000] Memory: 1738972K/2097152K available (7679K kernel code, 330K rwdata, 2648K rodata, 372K init, 423K bss, 30500K reserved, 327680K cma-reserved, 425984K highmem)
[    0.000000] Virtual kernel memory layout:
                   vector  : 0xffff0000 - 0xffff1000   (   4 kB)
                   fixmap  : 0xffc00000 - 0xfff00000   (3072 kB)
                   vmalloc : 0xe6800000 - 0xff000000   ( 392 MB)
                   lowmem  : 0x80000000 - 0xe6000000   (1632 MB)
                   pkmap   : 0x7fe00000 - 0x80000000   (   2 MB)
                   modules : 0x7f000000 - 0x7fe00000   (  14 MB)
                     .text : 0x80008000 - 0x80a1e0a4   (10329 kB)
                     .init : 0x80a1f000 - 0x80a7c000   ( 372 kB)
                     .data : 0x80a7c000 - 0x80ace8c0   ( 331 kB)
                      .bss : 0x80ad1000 - 0x80b3ae1c   ( 424 kB)
[    0.000000] SLUB: HWalign=64, Order=0-3, MinObjects=0, CPUs=4, Nodes=1
[    0.000000] Hierarchical RCU implementation.
[    0.000000] NR_IRQS:16 nr_irqs:16 16
[    0.000000] L2C-310 erratum 769419 enabled
[    0.000000] L2C-310 enabling early BRESP for Cortex-A9
[    0.000000] L2C-310 full line of zeros enabled for Cortex-A9
[    0.000000] L2C-310 ID prefetch enabled, offset 16 lines
[    0.000000] L2C-310 dynamic clock gating enabled, standby mode enabled
[    0.000000] L2C-310 cache controller enabled, 16 ways, 1024 kB
[    0.000000] L2C-310: CACHE_ID 0x410000c7, AUX_CTRL 0x76470001
[    0.000000] mxc_clocksource_init 3000000
[    0.000000] Switching to timer-based delay loop, resolution 333ns
[    0.000007] sched_clock: 32 bits at 3000kHz, resolution 333ns, wraps every 715827882841ns
[    0.000024] clocksource mxc_timer1: mask: 0xffffffff max_cycles: 0xffffffff, max_idle_ns: 637086815595 ns
[    0.001235] Console: colour dummy device 80x30
[    0.001875] console [tty1] enabled
[    0.001905] Calibrating delay loop (skipped), value calculated using timer frequency.. 6.00 BogoMIPS (lpj=30000)
[    0.001946] pid_max: default: 32768 minimum: 301
[    0.002064] Mount-cache hash table entries: 4096 (order: 2, 16384 bytes)
[    0.002094] Mountpoint-cache hash table entries: 4096 (order: 2, 16384 bytes)
[    0.002677] Initializing cgroup subsys freezer
[    0.002715] Initializing cgroup subsys debug
[    0.002765] CPU: Testing write buffer coherency: ok
[    0.003043] Setting up static identity map for 0x10008280 - 0x100082d8
[    0.006338] Brought up 4 CPUs
[    0.006373] SMP: Total of 4 processors activated (24.00 BogoMIPS).
[    0.006396] CPU: All CPU(s) started in SVC mode.
[    0.006905] devtmpfs: initialized
[    0.019478] VFP support v0.3: implementor 41 architecture 3 part 30 variant 9 rev 4
[    0.019919] clocksource jiffies: mask: 0xffffffff max_cycles: 0xffffffff, max_idle_ns: 19112604462750000 ns
[    0.019982] futex hash table entries: 1024 (order: 4, 65536 bytes)
[    0.039993] pinctrl core: initialized pinctrl subsystem
[    0.040575] regulator-dummy: no parameters
[    0.041251] NET: Registered protocol family 16
[    0.049653] DMA: preallocated 256 KiB pool for atomic coherent allocations
[    0.079651] cpuidle: using governor ladder
[    0.109647] cpuidle: using governor menu
[    0.110045] CPU identified as i.MX6Q, silicon rev 1.5
[    0.121137] vdd1p1: 800 <--> 1375 mV at 1100 mV 
[    0.121534] vdd3p0: 2625 <--> 3400 mV at 3000 mV 
[    0.121947] vdd2p5: 2000 <--> 2750 mV at 2400 mV 
[    0.122352] vddarm: 725 <--> 1450 mV at 1150 mV 
[    0.122740] vddpu: 725 <--> 1450 mV at 1150 mV 
[    0.123137] vddsoc: 725 <--> 1450 mV at 1175 mV 
[    0.123655] mxs_phy 20c9000.usbphy: Looking up phy-3p0-supply from device tree
[    0.124041] mxs_phy 20ca000.usbphy: Looking up phy-3p0-supply from device tree
[    0.134640] hw-breakpoint: found 5 (+1 reserved) breakpoint and 1 watchpoint registers.
[    0.134687] hw-breakpoint: maximum watchpoint size is 4 bytes.
[    0.135814] imx6q-pinctrl 20e0000.iomuxc: initialized IMX pinctrl driver
[    0.137746] imx-gpc 20dc000.gpc: Looking up pu-supply from device tree
[    0.137807] imx-gpc 20dc000.gpc: no fsl,ldo-bypass found!
[    0.147987] mxs-dma 110000.dma-apbh: initialized
[    0.148900] 1P8V: 1800 mV 
[    0.148949] reg-fixed-voltage regulators:1p8v: 1P8V supplying 1800000uV
[    0.149143] 2P5V: 2500 mV 
[    0.149184] reg-fixed-voltage regulators:2p5v: 2P5V supplying 2500000uV
[    0.149393] 3P3V: 3300 mV 
[    0.149451] reg-fixed-voltage regulators:3p3v: 3P3V supplying 3300000uV
[    0.149786] usb_otg_vbus: 5000 mV 
[    0.149829] reg-fixed-voltage regulators:usb_otg_vbus: usb_otg_vbus supplying 5000000uV
[    0.150097] usb_host_vbus_hub: 5000 mV 
[    0.150142] reg-fixed-voltage regulators:usb_host_vbus_hub: usb_host_vbus_hub supplying 5000000uV
[    0.150423] usb_host_vbus: 5000 mV 
[    0.150473] reg-fixed-voltage regulators:usb_host_vbus: Looking up vin-supply from device tree
[    0.150515] usb_host_vbus: supplied by usb_host_vbus_hub
[    0.150585] reg-fixed-voltage regulators:usb_host_vbus: usb_host_vbus supplying 5000000uV
[    0.150875] vgaarb: loaded
[    0.151696] SCSI subsystem initialized
[    0.151911] libata version 3.00 loaded.
[    0.152193] usbcore: registered new interface driver usbfs
[    0.152288] usbcore: registered new interface driver hub
[    0.152390] usbcore: registered new device driver usb
[    0.152593] usb_phy_generic 2000000.aips-bus:usbphy_nop1: Looking up vcc-supply from device tree
[    0.152610] usb_phy_generic 2000000.aips-bus:usbphy_nop1: Looking up vcc-supply property in node /soc/aips-bus@02000000/usbphy_nop1 failed
[    0.152624] 2000000.aips-bus:usbphy_nop1 supply vcc not found, using dummy regulator
[    0.152779] usb_phy_generic 2000000.aips-bus:usbphy_nop2: Looking up vcc-supply from device tree
[    0.152794] usb_phy_generic 2000000.aips-bus:usbphy_nop2: Looking up vcc-supply property in node /soc/aips-bus@02000000/usbphy_nop2 failed
[    0.152804] 2000000.aips-bus:usbphy_nop2 supply vcc not found, using dummy regulator
[    0.153587] i2c-gpio i2c@0: using pins 80 (SDA) and 62 (SCL)
[    0.154450] i2c i2c-1: IMX I2C adapter registered
[    0.154486] i2c i2c-1: can't use DMA
[    0.155255] stmpe-i2c 2-0041: Looking up vcc-supply from device tree
[    0.155270] stmpe-i2c 2-0041: Looking up vcc-supply property in node /soc/aips-bus@02100000/i2c@021a4000/stmpe811@41 failed
[    0.155289] stmpe-i2c 2-0041: Looking up vio-supply from device tree
[    0.155302] stmpe-i2c 2-0041: Looking up vio-supply property in node /soc/aips-bus@02100000/i2c@021a4000/stmpe811@41 failed
[    0.156035] stmpe-i2c 2-0041: stmpe811 detected, chip id: 0x811
[    0.157963] i2c i2c-2: IMX I2C adapter registered
[    0.158000] i2c i2c-2: can't use DMA
[    0.158474] i2c i2c-3: IMX I2C adapter registered
[    0.158507] i2c i2c-3: can't use DMA
[    0.158671] Linux video capture interface: v2.00
[    0.158747] pps_core: LinuxPPS API ver. 1 registered
[    0.158770] pps_core: Software ver. 5.3.6 - Copyright 2005-2007 Rodolfo Giometti <giometti@linux.it>
[    0.158824] PTP clock support registered
[    0.179697] imx-ipuv3 2400000.ipu: IPU DMFC NORMAL mode: 1(0~1), 5B(4,5), 5F(6,7)
[    0.199692] imx-ipuv3 2800000.ipu: IPU DMFC NORMAL mode: 1(0~1), 5B(4,5), 5F(6,7)
[    0.200629] mxc_mipi_csi2 21dc000.mipi_csi: i.MX MIPI CSI2 driver probed ipu0 csi1
[    0.200675] mxc_mipi_csi2 21dc000.mipi_csi: i.MX MIPI CSI2 dphy version is 0x3130302a
[    0.200788] MIPI CSI2 driver module loaded
[    0.201070] Advanced Linux Sound Architecture Driver Initialized.
[    0.202321] Bluetooth: Core ver 2.20
[    0.202388] NET: Registered protocol family 31
[    0.202409] Bluetooth: HCI device andre connection manager initialized
[    0.202440] Bluetooth: HCI socket layer initialized
[    0.202471] Bluetooth: L2CAP socket layer initialized
[    0.202518] Bluetooth: SCO socket layer initialized
[    0.203112] Switched to clocksource mxc_timer1
[    0.213877] NET: Registered protocol family 2
[    0.214648] TCP established hash table entries: 16384 (order: 4, 65536 bytes)
[    0.214821] TCP bind hash table entries: 16384 (order: 5, 131072 bytes)
[    0.215080] TCP: Hash tables configured (established 16384 bind 16384)
[    0.215183] UDP hash table entries: 1024 (order: 3, 32768 bytes)
[    0.215278] UDP-Lite hash table entries: 1024 (order: 3, 32768 bytes)
[    0.215547] NET: Registered protocol family 1
[    0.215886] RPC: Registered named UNIX socket transport module.
[    0.215917] RPC: Registered udp transport module.
[    0.215939] RPC: Registered tcp transport module.
[    0.215959] RPC: Registered tcp NFSv4.1 backchannel transport module.
[    0.216000] PCI: CLS 0 bytes, default 64
[    0.216757] CPU PMU: Failed to parse /soc/pmu/interrupt-affinity[0]
[    0.216829] hw perfevents: enabled with armv7_cortex_a9 PMU driver, 7 counters available
[    0.217865] imx rpmsg driver is registered.
[    0.218903] Bus freq driver module loaded
[    0.225911] VFS: Disk quotas dquot_6.6.0
[    0.226110] VFS: Dquot-cache hash table entries: 1024 (order 0, 4096 bytes)
[    0.227173] squashfs: version 4.0 (2009/01/31) Phillip Lougher
[    0.227966] NFS: Registering the id_resolver key type
[    0.228033] Key type id_resolver registered
[    0.228058] Key type id_legacy registered
[    0.228103] nfs4filelayout_init: NFSv4 File Layout Driver Registering...
[    0.228640] ntfs: driver 2.1.32 [Flags: R/W].
[    0.229127] fuse init (API version 7.23)
[    0.233296] bounce: pool size: 64 pages
[    0.233341] io scheduler noop registered
[    0.233368] io scheduler deadline registered
[    0.233537] io scheduler cfq registered (default)
[    0.236255] pwm-backlight backlight: Looking up power-supply from device tree
[    0.236276] pwm-backlight backlight: Looking up power-supply property in node /backlight failed
[    0.236294] backlight supply power not found, using dummy regulator
[    0.237905] MIPI DSI driver module loaded
[    0.239245] mxc_hdmi 20e0000.hdmi_video: Looking up HDMI-supply from device tree
[    0.239265] mxc_hdmi 20e0000.hdmi_video: Looking up HDMI-supply property in node /soc/hdmi_video@020e0000 failed
[    0.239278] 20e0000.hdmi_video supply HDMI not found, using dummy regulator
[    0.240769] fbcvt: 800x480@60: CVT Name - .384M9
[    0.240816] mxc_sdc_fb fb@0: registered mxc display driver ldb
[    0.244926] mxc_sdc_fb fb@0: 800x480 h_sync,r,l: 72,24,96  v_sync,l,u: 7,3,10 pixclock=29500000 Hz
[    0.266820] mxc_hdmi 20e0000.hdmi_video: Detected HDMI controller 0x13:0xa:0xa0:0xc1
[    0.266878] fbcvt: 1920x1080@60: CVT Name - 2.073M9
[    0.267000] mxc_sdc_fb fb@1: registered mxc display driver hdmi
[    0.282266] mxc_sdc_fb fb@1: 1920x1080 h_sync,r,l: 44,88,148  v_sync,l,u: 5,4,36 pixclock=148500000 Hz
[    0.293196] mimx-ipuv3 2400000.ipu: IPU DMFC DP HIGH RESOLUTION: 1(0,1), 5B(2~5), 5F(6,7)
[    0.296881] mxc_sdc_fb fb@2: mxcfb2 is turned off!
[    0.296975] mxc_sdc_fb fb@3: mxcfb3 is turned off!
[    0.298471] imx-sdma 20ec000.sdma: no iram assigned, using external mem
[    0.298892] imx-sdma 20ec000.sdma: no event needs to be remapped
[    0.299193] imx-sdma 20ec000.sdma: loaded firmware 3.3
[    0.301788] imx-sdma 20ec000.sdma: initialized
[    0.303487] pfuze100-regulator 2-0008: Full layer: 2, Metal layer: 1
[    0.304118] pfuze100-regulator 2-0008: FAB: 0, FIN: 0
[    0.304146] pfuze100-regulator 2-0008: pfuze100 found.
[    0.305706] SW1AB: 300 <--> 1875 mV at 1375 mV 
[    0.307100] SW1C: 300 <--> 1875 mV at 1375 mV 
[    0.307868] SW2: at 1000 mV 
[    0.308664] SW3A: 400 <--> 1975 mV at 1500 mV 
[    0.309436] SW3B: at 1500 mV 
[    0.310225] SW4: at 1000 mV 
[    0.311034] SWBST: 5000 <--> 5150 mV at 5000 mV 
[    0.312279] VSNVS: 1000 <--> 3000 mV at 3000 mV 
[    0.312441] VREFDDR: override min_uV, 1 -> 750000
[    0.312451] VREFDDR: override max_uV, 2147483647 -> 750000
[    0.313064] VREFDDR: 750 mV 
[    0.313893] VGEN1: 800 <--> 1550 mV at 1500 mV 
[    0.314676] VGEN2: 800 <--> 1550 mV at 1500 mV 
[    0.315467] VGEN3: 1800 <--> 3300 mV at 3000 mV 
[    0.316247] VGEN4: 1800 <--> 3300 mV at 1800 mV 
[    0.317024] VGEN5: 1800 <--> 3300 mV at 2500 mV 
[    0.317813] VGEN6: 1800 <--> 3300 mV at 2800 mV 
[    0.318686] 2020000.serial: ttymxc0 at MMIO 0x2020000 (irq = 26, base_baud = 5000000) is a IMX
[    1.225169] console [ttymxc0] enabled
[    1.229719] 21e8000.serial: ttymxc1 at MMIO 0x21e8000 (irq = 301, base_baud = 5000000) is a IMX
[    1.238982] 21f0000.serial: ttymxc3 at MMIO 0x21f0000 (irq = 302, base_baud = 5000000) is a IMX
[    1.248220] 21f4000.serial: ttymxc4 at MMIO 0x21f4000 (irq = 303, base_baud = 5000000) is a IMX
[    1.258947] [drm] Initialized drm 1.1.0 20060810
[    1.264061] [drm] Initialized vivante 1.0.0 20120216 on minor 0
[    1.278136] brd: module loaded
[    1.286320] loop: module loaded
[    1.290744] ahci-imx 2200000.sata: fsl,transmit-level-mV not specified, using 00000024
[    1.298751] ahci-imx 2200000.sata: fsl,transmit-boost-mdB not specified, using 00000480
[    1.306817] ahci-imx 2200000.sata: fsl,transmit-atten-16ths not specified, using 00002000
[    1.315047] ahci-imx 2200000.sata: fsl,receive-eq-mdB not specified, using 05000000
[    1.322821] ahci-imx 2200000.sata: Looking up target-supply from device tree
[    1.322837] ahci-imx 2200000.sata: Looking up target-supply property in node /soc/sata@02200000 failed
[    1.326244] ahci-imx 2200000.sata: SSS flag set, parallel bus scan disabled
[    1.333300] ahci-imx 2200000.sata: AHCI 0001.0300 32 slots 1 ports 3 Gbps 0x1 impl platform mode
[    1.342127] ahci-imx 2200000.sata: flags: ncq sntf stag pm led clo only pmp pio slum part ccc apst 
[    1.352559] scsi host0: ahci-imx
[    1.356136] ata1: SATA max UDMA/133 mmio [mem 0x02200000-0x02203fff] port 0x100 irq 313
[    1.36752oo6] spi_imx 2008000.ecspi: probed
[    1.372467] vcan: Virtual CAN interface driver
[    1.376997] CAN device driver interface
[    1.381067] flexcan 2090000.flexcan: Looking up xceiver-supply from device tree
[    1.381083] flexcan 2090000.flexcan: Looking up xceiver-supply property in node /soc/aips-bus@02000000/flexcan@02090000 failed
[    1.381104] 2090000.flexcan supply xceiver not found, using dummy regulator
[    1.388898] flexcan 2090000.flexcan: device registered (reg_base=e6aa8000, irq=35)
[    1.396618] flexcan 2094000.flexcan: Looking up xceiver-supply from device tree
[    1.396636] flexcan 2094000.flexcan: Looking up xceiver-supply property in node /soc/aips-bus@02000000/flexcan@02094000 failed
[    1.396651] 2094000.flexcan supply xceiver not found, using dummy regulator
[    1.404355] flexcan 2094000.flexcan: device registered (reg_base=e6ab0000, irq=36)
[    1.413041] fec 2188000.ethernet: Looking up phy-supply from device tree
[    1.413058] fec 2188000.ethernet: Looking up phy-supply property in node /soc/aips-bus@02100000/ethernet@02188000 failed
[    1.413073] 2188000.ethernet supply phy not found, using dummy regulator
[    1.433530] pps pps0: new PPS source ptp0
[    1.438779] libphy: fec_enet_mii_bus: probed
[    1.444831] fec 2188000.ethernet eth0: registered PHC device 0
[    1.450962] PPP generic driver version 2.4.2
[    1.455513] ehci_hcd: USB 2.0 'Enhanced' Host Controller (EHCI) Driver
[    1.462074] ehci-pci: EHCI PCI platform driver
[    1.466632] ehci-mxc: Freescale On-Chip EHCI Host driver
[    1.472170] usbcore: registered new interface driver usb-storage
[    1.478358] usbcore: registered new interface driver usbserial
[    1.484277] usbcore: registered new interface driver usbserial_generic
[    1.490867] usbserial: USB Serial support registered for generic
[    1.496955] usbcore: registered new interface driver ftdi_sio
[    1.502771] usbserial: USB Serial support registered for FTDI USB Serial Device
[    1.510179] usbcore: registered new interface driver option
[    1.515821] usbserial: USB Serial support registered for GSM modem (1-port)
[    1.522849] usbcore: registered new interface driver pl2303
[    1.528494] usbserial: USB Serial support registered for pl2303
[    1.535775] usbmisc_imx 2184800.usbmisc: Looking up vbus-wakeup-supply from device tree
[    1.535793] usbmisc_imx 2184800.usbmisc: Looking up vbus-wakeup-supply property in node /soc/aips-bus@02100000/usbmisc@02184800 failed
[    1.535815] 2184800.usbmisc supply vbus-wakeup not found, using dummy regulator
[    1.544129] imx_usb 2184000.usb: Looking up vbus-supply from device tree
[    1.549523] imx_usb 2184200.usb: Looking up vbus-supply from device tree
[    1.554903] ci_hdrc ci_hdrc.1: EHCI Host Controller
[    1.559837] ci_hdrc ci_hdrc.1: new USB bus registered, assigned bus number 1
[    1.583143] ci_hdrc ci_hdrc.1: USB 2.0 started, EHCI 1.00
[    1.589361] hub 1-0:1.0: USB hub found
[    1.593217] hub 1-0:1.0: 1 port detected
[    1.598140] mousedev: PS/2 mouse device common for all mice
[    1.604313] [PENMOUNT] Loading penmount_i2c V1.15.0

m[    1.609360] [PENMOUNT] Probing for device ...
[    1.633025] [PENMOUNT] PM2204.D01.1.0.0
[    1.639775] [PENMOUNT] Supports 5 touch contacts
[    1.647296] [PENMOUNT] Supports WD mode
[    1.651152] [PENMOUNT] Supports WP mode
[    1.657889] [PENMOUNT] Use WP mode !
[    1.664362] [PENMOUNT] Sensitivity Level : 0 (max: 2)
[    1.672301] [PENMOUNT] irq already specified !!
[    1.677008] [PENMOUNT] Using IRQ 219
[    1.680846] input: PenMount I2C Touch Screen as /devices/soc0/soc/2100000.aips-bus/21a0000.i2c/i2c-1/1-0038/input/input0
[    1.692267] input: PenMount I2C Touch Key as /devices/soc0/soc/2100000.aips-bus/21a0000.i2c/i2c-1/1-0038/input/input1
[    1.706459] rtc-ds1307 1-0068: rtc core: registered m41t0 as rtc0
[    1.713287] snvs_rtc 20cc000.snvs:snvs-rtc-lp: rtc core: registered 20cc000.snvs:snvs-r as rtc1
[    1.722164] i2c /dev entries driver
[    1.727479] mxc_v4l2_output v4l2_out: V4L2 device registered as video16
[    1.734302] mxc_v4l2_output v4l2_out: V4L2 device registered as video17
[    1.741106] mxc_v4l2_output v4l2_out: V4L2 device registered as video18
[    1.747927] mxc_v4l2_output v4l2_out: V4L2 device registered as video19
[    1.756712] imx2-wdt 20bc000.wdog: timeout 60 sec (nowayout=0)
[    1.762801] usbcore: registered new interface driver btusb
[    1.768536] sdhci: Secure Digital Host Controller Interface driver
[    1.774761] sdhci: Copyright(c) Pierre Ossman
[    1.779146] sdhci-pltfm: SDHCI platform and OF driver helper
[    1.785777] /soc/aips-bus@02100000/usdhc@02190000: voltage-ranges unspecified
[    1.792971] sdhci-esdhc-imx 2190000.usdhc: Got CD GPIO
[    1.799493] sdhci-esdhc-imx 2190000.usdhc: Looking up vmmc-supply from device tree
[    1.799607] sdhci-esdhc-imx 2190000.usdhc: Looking up vqmmc-supply from device tree
[    1.799624] sdhci-esdhc-imx 2190000.usdhc: Looking up vqmmc-supply property in node /soc/aips-bus@02100000/usdhc@02190000 failed
[    1.799650] sdhci-esdhc-imx 2190000.usdhc: No vqmmc regulator found
[    1.843274] mmc1: SDHCI controller on 2190000.usdhc [2190000.usdhc] using ADMA
[    1.851189] /soc/aips-bus@02100000/usdhc@02198000: voltage-ranges unspecified
[    1.858659] sdhci-esdhc-imx 2198000.usdhc: Looking up vmmc-supply from device tree
[    1.858763] sdhci-esdhc-imx 2198000.usdhc: Looking up vqmmc-supply from device tree
[    1.858780] sdhci-esdhc-imx 2198000.usdhc: Looking up vqmmc-supply property in node /soc/aips-bus@02100000/usdhc@02198000 failed
[    1.858802] sdhci-esdhc-imx 2198000.usdhc: No vqmmc regulator found
[    1.903138] mmc0: SDHCI controller on 2198000.usdhc [2198000.usdhc] using ADMA
[    1.913152] usb 1-1: new high-speed USB device number 2 using ci_hdrc
[    1.913160] ata1: SATA link up 3.0 Gbps (SStatus 123 SControl 300)
[    1.917925] ata1.00: ATA-9: TS16GMSA370, P1225CE, max UDMA/133
[    1.917932] ata1.00: 31277232 sectors, multi 1: LBA48 NCQ (depth 31/32)
[    1.921480] ata1.00: configured for UDMA/133
[    1.923888] scsi 0:0:0:0: Direct-Access     ATA      TS16GMSA370      5CE  PQ: 0 ANSI: 5
[    1.930854] sd 0:0:0:0: [sda] 31277232 512-byte logical blocks: (16.0 GB/14.9 GiB)
[    1.933211] sd 0:0:0:0: [sda] Write Protect is off
[    1.933219] mxc_vpu 2040000.vpu_fsl: VPU initialized
[    1.933222] sd 0:0:0:0: [sda] Mode Sense: 00 3a 00 00
[    1.933330] sd 0:0:0:0: [sda] Write cache: enabled, read cache: enabled, doesn't support DPO or FUA
[    1.935908] mxc_vdoa 21e4000.vdoa: i.MX Video Data Order Adapter(VDOA) driver probed
[    1.938723] caam 2100000.caam: Entropy delay = 3200
[    1.950806] sd 0:0:0:0: [sda] Attached SCSI disk
[    1.978348] mmc0: MAN_BKOPS_EN bit is not set
[    1.997618] mmc0: new DDR MMC card at address 0001
[    1.998011] mmcblk0: mmc0:0001 Q2J54A 3.59 GiB 
[    1.998121] mmcblk0boot0: mmc0:0001 Q2J54A partition 1 16.0 MiB
[    1.998230] mmcblk0boot1: mmc0:0001 Q2J54A partition 2 16.0 MiB
[    1.999322]  mmcblk0: p1 p2
[    1.999512] caam 2100000.caam: Instantiated RNG4 SH0
[    2.060276] caam 2100000.caam: Instantiated RNG4 SH1
[    2.065300] caam 2100000.caam: device ID = 0x0a16010000000000 (Era -524)
[    2.072027] caam 2100000.caam: job rings = 2, qi = 0
[    2.138527] caam algorithms registered in /proc/crypto
[    2.147751] caam_jr 2101000.jr0: registering rng-caam
[    2.153780] snvs-secvio 20cc000.caam-snvs: can't get snvs clock
[    2.159782] snvs-secvio 20cc000.caam-snvs: violation handlers armed - non-secure state
[    2.168025] hidraw: raw HID events driver (C) Jiri Kosina
[    2.174175] usbcore: registered new interface driver usbhid
[    2.179799] usbhid: USB HID core driver
[    2.179989] hub 1-1:1.0: USB hub found
[    2.187533] hub 1-1:1.0: 4 ports detected
[    2.192850] stmpe-adc stmpe-adc: Initialized
[    2.199415] sgtl5000 2-000a: Looking up VDDD-supply from device tree
[    2.199554] sgtl5000 2-000a: Looking up VDDA-supply from device tree
[    2.199623] sgtl5000 2-000a: Looking up VDDIO-supply from device tree
[    2.199684] sgtl5000 2-000a: Looking up VDDD-supply from device tree
[    2.200733] sgtl5000 2-000a: sgtl5000 revision 0x11
[    2.231768] fsl-asrc 2034000.asrc: driver registered
[    2.375658] imx-sgtl5000 sound: sgtl5000 <-> 2028000.ssi mapping ok
[    2.384634] imx-spdif sound-spdif: snd-soc-dummy-dai <-> 2004000.spdif mapping ok
[    2.395153] imx-audio-hdmi sound-hdmi: hdmi-hifi <-> soc:hdmi_audio@00120000 mapping ok
[    2.403906] Netfilter messages via NETLINK v0.30.
[    2.408661] nfnl_acct: registering with nfnetlink.
[    2.413517] nf_conntrack version 0.5.0 (16384 buckets, 65536 max)
[    2.420102] nf_tables: (c) 2007-2009 Patrick McHardy <kaber@trash.net>
[    2.427145] ip_tables: (C) 2000-2006 Netfilter Core Team
[    2.433093] NET: Registered protocol family 10
[    2.438597] ip6_tables: (C) 2000-2006 Netfilter Core Team
[    2.444087] NET: Registered protocol family 17
[    2.448603] bridge: automatic filtering via arp/ip/ip6tables has been deprecated. Update your scripts to load br_netfilter if you need this.
[    2.461356] Bridge firewalling registered
[    2.463148] usb 1-1.3: new high-speed USB device number 3 using ci_hdrc
[    2.472101] can: controller area network core (rev 20120528 abi 9)
[    2.478391] NET: Registered protocol family 29
[    2.482889] can: raw protocol (rev 20120528)
[    2.487225] can: broadcast manager protocol (rev 20120528 t)
[    2.492936] can: netlink gateway (rev 20130117) max_hops=1
[    2.498704] Bluetooth: RFCOMM TTY layer initialized
[    2.503643] Bluetooth: RFCOMM socket layer initialized
[    2.508842] Bluetooth: RFCOMM ver 1.11
[    2.512628] Bluetooth: BNEP (Ethernet Emulation) ver 1.3
[    2.517979] Bluetooth: BNEP filters: protocol multicast
[    2.523249] Bluetooth: BNEP socket layer initialized
[    2.528250] Bluetooth: HIDP (Human Interface Emulation) ver 1.2
[    2.534220] Bluetooth: HIDP socket layer initialized
[    2.539284] 8021q: 802.1Q VLAN Support v1.8
[    2.543898] Key type dns_resolver registered
[    2.549610] cpu cpu0: Looking up arm-supply from device tree
[    2.549698] cpu cpu0: Looking up pu-supply from device tree
[    2.549753] cpu cpu0: Looking up soc-supply from device tree
[    2.549806] cpu cpu0: Looking up dc-supply from device tree
[    2.549821] cpu cpu0: Looking up dc-supply property in node /cpus/cpu@0 failed
[    2.550166] Registering SWP/SWPB emulation handler
[    2.555723] registered taskstats version 1
[    2.560719] imx6q-pcie 1ffc000.pcie: Looking up pcie-bus-supply from device tree
[    2.560737] imx6q-pcie 1ffc000.pcie: Looking up pcie-bus-supply property in node /soc/pcie@0x01000000 failed
[    2.560761] 1ffc000.pcie supply pcie-bus not found, using dummy regulator
[    2.980204] imx6q-pcie 1ffc000.pcie: phy link never came up
[    2.985860] imx6q-pcie 1ffc000.pcie: failed to initialize host
[    2.991819] imx6q-pcie: probe of 1ffc000.pcie failed with error -22
[    3.002089] rtc-ds1307 1-0068: setting system clock to 2018-02-01 10:33:23 UTC (1517481203)
[    3.020496] usb_otg_vbus: disabling
[    3.024376] ALSA device list:
[    3.027375]   #0: imx6q-apalis-sgtl5000
[    3.031229]   #1: imx-spdif
[    3.034091]   #2: imx-hdmi-soc
[    3.048688] EXT4-fs (mmcblk0p2): INFO: recovery required on readonly filesystem
[    3.056078] EXT4-fs (mmcblk0p2): write access will be enabled during recovery
[    3.490106] EXT4-fs (mmcblk0p2): recovery complete
[    3.496027] EXT4-fs (mmcblk0p2): mounted filesystem with ordered data mode. Opts: (null)
[    3.504385] VFS: Mounted root (ext4 filesystem) readonly on device 179:2.
[    3.512192] devtmpfs: mounted
[    3.515746] Freeing unused kernel memory: 372K (80a1f000 - 80a7c000)
[    3.654133] random: systemd urandom read with 21 bits of entropy available
[    3.668918] systemd[1]: systemd 229 running in system mode. (-PAM -AUDIT -SELINUX +IMA -APPARMOR +SMACK +SYSVINIT +UTMP -LIBCRYPTSETUP -GCRYPT -GNUTLS +ACL +XZ -LZ4 -SECCOMP +BLKID -ELFUTILS +KMOD -IDN)
[    3.688169] systemd[1]: Detected architecture arm.
[    3.714003] systemd[1]: Set hostname to <b2qt-apalis-imx6>.
[    3.967051] systemd[1]: Listening on Network Service Netlink Socket.
[    4.003723] systemd[1]: Created slice User and Session Slice.
[    4.033480] systemd[1]: Listening on udev Control Socket.
[    4.063721] systemd[1]: Started Forward Password Requests to Wall Directory Watch.
[    4.093483] systemd[1]: Reached target Remote File Systems.
[    4.123585] systemd[1]: Listening on udev Kernel Socket.
[    4.153900] systemd[1]: Created slice System Slice.
[    4.183474] systemd[1]: Reached target Slices.
[    4.232463] systemd[1]: Listening on /dev/initctl Compatibility Named Pipe.
[    4.264115] systemd[1]: Created slice system-serial\x2dgetty.slice.
[    4.303794] systemd[1]: Started Dispatch Password Requests to Console Directory Watch.
[    4.333439] systemd[1]: Reached target Paths.
[    4.363627] systemd[1]: Listening on Syslog Socket.
[    4.393714] systemd[1]: Listening on Journal Socket.
[    4.427861] systemd[1]: Starting File System Check on Root Device...
[    4.458214] systemd[1]: Mounting Temporary Directory...
[    4.470598] systemd[1]: Starting Create list of required static device nodes for the current kernel...
[    4.485533] systemd[1]: Mounting Debug File System...
[    4.495220] systemd[1]: Starting Setup Virtual Console...
[    4.508338] systemd[1]: Starting Load Kernel Modules...
[    4.514900] systemd[1]: Listening on Journal Socket (/dev/log).
[    4.524775] systemd[1]: Starting Journal Service...
[    4.532513] systemd[1]: Reached target Swap.
[    4.545169] systemd[1]: Mounted Debug File System.
[    4.550727] systemd[1]: Mounted Temporary Directory.
[    4.558906] systemd[1]: Started Create list of required static device nodes for the current kernel.
[    4.587811] systemd[1]: Started Setup Virtual Console.
[    4.628530] systemd[1]: Started File System Check on Root Device.
[    4.649042] RTL871X: module init start
[    4.652845] RTL871X: rtl8723bu v4.3.6.11_12942.20141204_BTCOEX20140507-4E40
[    4.659904] RTL871X: rtl8723bu BT-Coex version = BTCOEX20140507-4E40
[    4.732956] systemd[1]: Starting Remount Root and Kernel File Systems...
[    4.757788] EXT4-fs (mmcblk0p2): re-mounted. Opts: (null)
[    4.767890] systemd[1]: Started Remount Root and Kernel File Systems.
[    4.809906] systemd[1]: Starting Create Static Device Nodes^C
root@b2qt-apalis-imx6:/# dmesgreboot
[  OK  ] Stopped target Remote File Systems.
         Stopping Ujet Telemetry Service...
         Stopping Ujet Ble Service...
[  OK  ] Stopped target Custom Target.
         Stopping Ujet HTTPD Service...
[  OK  ] Closed Load/Save RF Kill Switch Status /dev/rfkill Watch.
         Stopping Ujet Cloud Service...
[  OK  ] Stopped target System Time Synchronized.
         Stopping Save/Restore Sound Card State...
         Stopping Ujet Bluetooth Audio Service...
[  OK  ] Stopped target Sound Card.
[  OK  ] Stopped target Timers.
[  OK  ] Stopped Daily Cleanup of Temporary Directories.
[  OK  ] Stopped Ujet Ble Service.
[  OK  ] Stopped Ujet Identify Service.
[  OK  ] Stopped Ujet Cloud Service.
[  OK  ] Stopped Ujet Telemetry Service.
[  OK  ] Stopped Ujet Bluetooth Audio Service.
[  OK  ] Stopped Ujet HTTPD Service.
[  OK  ] Stopped Save/Restore Sound Card State.
[  OK  ] Stopped target Multi-User System.
         Stopping D-BUS Session Message Bus....
                 Stopping Serial Getty on ttymxc1...
         Stopping ADB Server Daemon...
         Stopping Network Time Service...
         Stopping B2Qt user application...
[  OK  ] Stopped Login Service.
[  OK  ] Stopped System Logging Service.
[  967.927124] mxc_sdc_fb fb@0: 800x480 h_sync,r,l: 72,24,96  v_sync,l,u: 7,3,10 pixclock=29500000 Hz
[  OK  ] Stopped Serial Getty on ttymxc0.
[  OK  ] Stopped Serial Getty on ttymxc1.
[  OK  ] Stopped Kernel Logging Service.
[  OK  ] Stopped Network Time Service.
[  OK  ] Stopped D-BUS Session Message Bus..
[  OK  ] Stopped B2Qt user application.
[  OK  ] Removed slice system-serial\x2dgetty.slice.
[  OK  ] Unmounted /dev/usb-ffs/adb.
[  968.973384] ffs_data_put(): freeing
[  968.987995] unloading
[  OK  ] Stopped ADB Server Daemon.
[  OK  ] Stopped target Network.
         Stopping Network Service...
[  OK  ] Stopped Network Service.
         Stopping D-Bus System Message Bus...
[  OK  ] Stopped D-Bus System Message Bus.
[  OK  ] Stopped target Basic System.
[  OK  ] Stopped target Sockets.
[  OK  ] Closed Syslog Socket.
[  OK  ] Closed RPCbind Server Activation Socket.
[  OK  ] Closed dropbear.socket.
[  OK  ] Stopped target Slices.
[  OK  ] Removed slice User and Session Slice.
[  OK  ] Stopped target Paths.
[  OK  ] Stopped Dispatch Password Requests to Console Directory Watch.
[  OK  ] Stopped Forward Password Requests to Wall Directory Watch.
[  OK  ] Closed D-Bus System Message Bus Socket.
[  OK  ] Stopped target System Initialization.
         Stopping Network Time Synchronization...
[  OK  ] Stopped target Swap.
         Stopping Load/Save Random Seed...
[  OK  ] Stopped Apply Kernel Variables.
[  OK  ] Stopped Load Kernel Modules.
[  OK  ] Stopped Setup Virtual Console.
         Stopping Load/Save Screen Backlight...htness of backlight:backlight...
[  OK  ] Stopped Network Time Synchronization.
[  OK  ] Stopped Load/Save Random Seed.
[  OK  ] Stopped Load/Save Screen Backlight Brightness of backlight:backlight.
[  OK  ] Removed slice system-systemd\x2dbacklight.slice.
[  OK  ] Stopped Create Volatile Files and Directories.
[  OK  ] Stopped target Local File Systems.
         Unmounting /var/volatile...
         Unmounting Temporary Directory...
[  OK  ] Unmounted Temporary Directory.
[  OK  ] Unmounted /var/volatile.
[  OK  ] Stopped target Local File Systems (Pre).
[  OK  ] Stopped Remount Root and Kernel File Systems.
[  OK  ] Stopped Create Static Device Nodes in /dev.
[  OK  ] Reached target Shutdown.
[  OK  ] Reached target Unmount All Filesystems.
[  OK  ] Reached target Final Step.
         Starting Reboot...
[  970.329689] systemd-shutdown[1]: Sending SIGTERM to remaining processes...
[  970.352385] systemd-journald[200]: Received SIGTERM from PID 1 (systemd-shutdow).
[  970.394354] systemd-shutdown[1]: Sending SIGKILL to remaining processes...
[  970.414932] systemd-shutdown[1]: Hardware watchdog 'imx2+ watchdog', version 0
[  970.423084] systemd-shutdown[1]: Unmounting file systems.
[  970.429043] systemd-shutdown[1]: Remounting '/' read-only with options 'data=ordered'.
[  970.482245] EXT4-fs (mmcblk0p2): re-mounted. Opts: data=ordered
[  970.499611] systemd-shutdown[1]: Remounting '/' read-only with options 'data=ordered'.
[  970.510075] EXT4-fs (mmcblk0p2): re-mounted. Opts: data=ordered
[  970.516096] systemd-shutdown[1]: All filesystems unmounted.
[  970.521706] systemd-shutdown[1]: Deactivating swaps.
[  970.526863] systemd-shutdown[1]: All swaps deactivated.
[  970.532127] systemd-shutdown[1]: Detaching loop devices.
[  970.550415] systemd-shutdown[1]: All loop devices detached.
[  970.556686] systemd-shutdown[1]: Detaching DM devices.
[  970.562247] systemd-shutdown[1]: All DM devices detached.
[  970.570391] systemd-shutdown[1]: Rebooting.
[  973.134298] sd 0:0:0:0: [sda] Synchronizing SCSI cache
[  973.142720] imx2-wdt 20bc000.wdog: Device shutdown: Expect reboot!
[  973.149238] reboot: Restarting system


U-Boot 2016.11+fslc+g80c3bd6 (Jan 02 2018 - 11:32:06 +0100)

CPU:   Freescale i.MX6Q rev1.5 at 792 MHz
Reset cause: WDOG
I2C:   ready
DRAM:  2 GiB
PMIC:  device id: 0x10, revision id: 0x21, programmed
M“j:   FSL_SDHC: 0, FSL_SDHC: 1, FSL_SDHC: 2
auto-detected panel vga-rgb
Display: vga-rgb (640x480)
In:    serial
Out:   serial
Err:   serial
Model: Toradex Apalis iMX6 Quad 2GB IT V1.1C, Serial# 05139699
Net:   using PHY at 7
FEC [PRIME]
Hit any key to stop autoboot:  1  0 
Booting from internal eMMC chip...
reading imx6q-apalis-ixora-v1_1.dtb
48970 bytes read in 22 ms (2.1 MiB/s)
reading uImage
5943928 bytes read in 172 ms (33 MiB/s)
## Booting kernel from Legacy Image at 11000000 ...
   Image Name:   Linux-4.1.41-v2.7b1+g82f0f4f
   Image Type:   ARM Linux Kernel Image (uncompressed)
   Data Size:    5943864 Bytes = 5.7 MiB
   Load Address: 10008000
   Entry Point:  10008000
   Verifying Checksum ... OK
## Flattened Device Tree blob at 12000000
   Booting using the fdt blob at 0x12000000
   Loading Kernel Image ... OK
   Using Device Tree in place at 12000000, end 1200ef49

Starting kernel ...

[    0.000000] Booting Linux on physical CPU 0x0
[    0.000000] Initializing cgroup subsys cpu
[    0.000000] Initializing cgroup subsys cpuacct
[    0.000000] Linux version 4.1.41-v2.7b1+g82f0f4f (behlingc@mplan-ubuntu-1610-dev) (gcc version 5.3.0 (GCC) ) #1 SMP Wed Jan 31 17:39:36 CET 2018
[    0.000000] CPU: ARMv7 Processor [412fc09a] revision 10 (ARMv7), cr=10c5387d
[    0.000000] CPU: PIPT / VIPT nonaliasing data cache, VIPT aliasing instruction cache
[    0.000000] Machine model: Toradex Apalis iMX6Q/D Module on Ixora V1.1 Carrier Board
[    0.000000] Reserved memory: created CMA memory pool at 0x62000000, size 320 MiB
[    0.000000] Reserved memory: initialized node linux,cma, compatible id shared-dma-pool
[    0.000000] Memory policy: Data cache writealloc
[    0.000000] PERCPU: Embedded 12 pages/cpu @d0efd000 s16908 r8192 d24052 u49152
[    0.000000] Built 1 zonelists in Zone order, mobility grouping on.  Total pages: 521024
[    0.000000] Kernel command line: enable_wait_mode=off vmalloc=400M ip=off root=/dev/mmcblk0p2 rw,noatime rootfstype=ext4 rootwait fec_mac=00:14:2d:4e:6c:f3 consoleblank=0 no_console_suspend=1 console=tty1 console=ttymxc0,115200n8 mxc_hdmi.only_cea=1 video=mxcfb1:dev=hdmi,1920x1080M@60,if=RGB24 video=mxcfb0:dev=ldb,800x480M@60,if=RGB666 video=mxcfb2:off video=mxcfb3:off fbmem=32M
[    0.000000] PID hash table entries: 4096 (order: 2, 16384 bytes)
[    0.000000] Dentry cache hash table entries: 262144 (order: 8, 1048576 bytes)
[    0.000000] Inode-cache hash table entries: 131072 (order: 7, 524288 bytes)
[    0.000000] Memory: 1738972K/2097152K available (7679K kernel code, 330K rwdata, 2648K rodata, 372K init, 423K bss, 30500K reserved, 327680K cma-reserved, 425984K highmem)
[    0.000000] Virtual kernel memory layout:
[    0.000000]     vector  : 0xffff0000 - 0xffff1000   (   4 kB)
[    0.000000]     fixmap  : 0xffc00000 - 0xfff00000   (3072 kB)
[    0.000000]     vmalloc : 0xe6800000 - 0xff000000   ( 392 MB)
[    0.000000]     lowmem  : 0x80000000 - 0xe6000000   (1632 MB)
[    0.000000]     pkmap   : 0x7fe00000 - 0x80000000   (   2 MB)
[    0.000000]     modules : 0x7f000000 - 0x7fe00000   (  14 MB)
[    0.000000]       .text : 0x80008000 - 0x80a1e0a4   (10329 kB)
[    0.000000]       .init : 0x80a1f000 - 0x80a7c000   ( 372 kB)
[    0.000000]       .data : 0x80a7c000 - 0x80ace8c0   ( 331 kB)
[    0.000000]        .bss : 0x80ad1000 - 0x80b3ae1c   ( 424 kB)
[    0.000000] SLUB: HWalign=64, Order=0-3, MinObjects=0, CPUs=4, Nodes=1
[    0.000000] Hierarchical RCU implementation.
[    0.000000] NR_IRQS:16 nr_irqs:16 16
[    0.000000] L2C-310 erratum 769419 enabled
[    0.000000] L2C-310 enabling early BRESP for Cortex-A9
[    0.000000] L2C-310 full line of zeros enabled for Cortex-A9
[    0.000000] L2C-310 ID prefetch enabled, offset 16 lines
[    0.000000] L2C-310 dynamic clock gating enabled, standby mode enabled
[    0.000000] L2C-310 cache controller enabled, 16 ways, 1024 kB
[    0.000000] L2C-310: CACHE_ID 0x410000c7, AUX_CTRL 0x76470001
[    0.000000] mxc_clocksource_init 3000000
[    0.000000] Switching to timer-based delay loop, resolution 333ns
[    0.000008] sched_clock: 32 bits at 3000kHz, resolution 333ns, wraps every 715827882841ns
[    0.000024] clocksource mxc_timer1: mask: 0xffffffff max_cycles: 0xffffffff, max_idle_ns: 637086815595 ns
[    0.001238] Console: colour dummy device 80x30
[    0.001862] console [tty1] enabled
[    0.001891] Calibrating delay loop (skipped), value calculated using timer frequency.. 6.00 BogoMIPS (lpj=30000)
[    0.001933] pid_max: default: 32768 minimum: 301
[    0.002048] Mount-cache hash table entries: 4096 (order: 2, 16384 bytes)
[    0.002077] Mountpoint-cache hash table entries: 4096 (order: 2, 16384 bytes)
[    0.002664] Initializing cgroup subsys freezer
[    0.002704] Initializing cgroup subsys debug
[    0.002756] CPU: Testing write buffer coherency: ok
[    0.003030] Setting up static identity map for 0x10008280 - 0x100082d8
[    0.006291] Brought up 4 CPUs
[    0.006328] SMP: Total of 4 processors activated (24.00 BogoMIPS).
[    0.006352] CPU: All CPU(s) started in SVC mode.
[    0.006846] devtmpfs: initialized
[    0.019393] VFP support v0.3: implementor 41 architecture 3 part 30 variant 9 rev 4
[    0.019826] clocksource jiffies: mask: 0xffffffff max_cycles: 0xffffffff, max_idle_ns: 19112604462750000 ns
[    0.019887] futex hash table entries: 1024 (order: 4, 65536 bytes)
[    0.039354] pinctrl core: initialized pinctrl subsystem
[    0.040671] NET: Registered protocol family 16
[    0.049024] DMA: preallocated 256 KiB pool for atomic coherent allocations
[    0.079653] cpuidle: using governor ladder
[    0.109649] cpuidle: using governor menu
[    0.110041] CPU identified as i.MX6Q, silicon rev 1.5
[    0.134601] hw-breakpoint: found 5 (+1 reserved) breakpoint and 1 watchpoint registers.
[    0.134652] hw-breakpoint: maximum watchpoint size is 4 bytes.
[    0.135781] imx6q-pinctrl 20e0000.iomuxc: initialized IMX pinctrl driver
[    0.137770] imx-gpc 20dc000.gpc: no fsl,ldo-bypass found!
[    0.147956] mxs-dma 110000.dma-apbh: initialized
[    0.150480] usb_host_vbus: supplied by usb_host_vbus_hub
[    0.150838] vgaarb: loaded
[    0.151662] SCSI subsystem initialized
[    0.152173] usbcore: registered new interface driver usbfs
[    0.152266] usbcore: registered new interface driver hub
[    0.152371] usbcore: registered new device driver usb
[    0.152597] 2000000.aips-bus:usbphy_nop1 supply vcc not found, using dummy regulator
[    0.152776] 2000000.aips-bus:usbphy_nop2 supply vcc not found, using dummy regulator
[    0.153549] i2c-gpio i2c@0: using pins 80 (SDA) and 62 (SCL)
[    0.154431] i2c i2c-1: IMX I2C adapter registered
[    0.154465] i2c i2c-1: can't use DMA
[    0.156021] stmpe-i2c 2-0041: stmpe811 detected, chip id: 0x811
[    0.157944] i2c i2c-2: IMX I2C adapter registered
[    0.157982] i2c i2c-2: can't use DMA
[    0.158468] i2c i2c-3: IMX I2C adapter registered
[    0.158502] i2c i2c-3: can't use DMA
[    0.158666] Linux video capture interface: v2.00
[    0.158737] pps_core: LinuxPPS API ver. 1 registered
[    0.158759] pps_core: Software ver. 5.3.6 - Copyright 2005-2007 Rodolfo Giometti <giometti@linux.it>
[    0.158812] PTP clock support registered
[    0.179696] imx-ipuv3 2400000.ipu: IPU DMFC NORMAL mode: 1(0~1), 5B(4,5), 5F(6,7)
[    0.199692] imx-ipuv3 2800000.ipu: IPU DMFC NORMAL mode: 1(0~1), 5B(4,5), 5F(6,7)
[    0.200611] mxc_mipi_csi2 21dc000.mipi_csi: i.MX MIPI CSI2 driver probed ipu0 csi1
[    0.200656] mxc_mipi_csi2 21dc000.mipi_csi: i.MX MIPI CSI2 dphy version is 0x3130302a
[    0.200771] MIPI CSI2 driver module loaded
[    0.201057] Advanced Linux Sound Architecture Driver Initialized.
[    0.202304] Bluetooth: Core ver 2.20
[    0.202365] NET: Registered protocol family 31
[    0.202386] Bluetooth: HCI device and connection manager initialized
[    0.202418] Bluetooth: HCI socket layer initialized
[    0.202448] Bluetooth: L2CAP socket layer initialized
[    0.202494] Bluetooth: SCO socket layer initialized
[    0.203088] Switched to clocksource mxc_timer1
[    0.213894] NET: Registered protocol family 2
[    0.214668] TCP established hash table entries: 16384 (order: 4, 65536 bytes)
[    0.214839] TCP bind hash table entries: 16384 (order: 5, 131072 bytes)
[    0.215100] TCP: Hash tables configured (established 16384 bind 16384)
[    0.215197] UDP hash table entries: 1024 (order: 3, 32768 bytes)
[    0.215291] UDP-Lite hash table entries: 1024 (order: 3, 32768 bytes)
[    0.215563] NET: Registered protocol family 1
[    0.215897] RPC: Registered named UNIX socket transport module.
[    0.215929] RPC: Registered udp transport module.
[    0.215951] RPC: Registered tcp transport module.
[    0.215974] RPC: Registered tcp NFSv4.1 backchannel transport module.
[    0.216759] CPU PMU: Failed to parse /soc/pmu/interrupt-affinity[0]
[    0.216833] hw perfevents: enabled with armv7_cortex_a9 PMU driver, 7 counters available
[    0.217866] imx rpmsg driver is registered.
[    0.218926] Bus freq driver module loaded
[    0.225914] VFS: Disk quotas dquot_6.6.0
[    0.226112] VFS: Dquot-cache hash table entries: 1024 (order 0, 4096 bytes)
[    0.227168] squashfs: version 4.0 (2009/01/31) Phillip Lougher
[    0.227966] NFS: Registering the id_resolver key type
[    0.228025] Key type id_resolver registered
[    0.228049] Key type id_legacy registered
[    0.228092] nfs4filelayout_init: NFSv4 File Layout Driver Registering...
[    0.228637] ntfs: driver 2.1.32 [Flags: R/W].
[    0.229119] fuse init (API version 7.23)
[    0.233269] bounce: pool size: 64 pages
[    0.233314] io scheduler noop registered
[    0.233343] io scheduler deadline registered
[    0.233515] io scheduler cfq registered (default)
[    0.236260] backlight supply power not found, using dummy regulator
[    0.237871] MIPI DSI driver module loaded
[    0.239250] 20e0000.hdmi_video supply HDMI not found, using dummy regulator
[    0.240742] fbcvt: 800x480@60: CVT Name - .384M9
[    0.240790] mxc_sdc_fb fb@0: registered mxc display driver ldb
[    0.245087] mxc_sdc_fb fb@0: 800x480 h_sync,r,l: 72,24,96  v_sync,l,u: 7,3,10 pixclock=29500000 Hz
[    0.266826] mxc_hdmi 20e0000.hdmi_video: Detected HDMI controller 0x13:0xa:0xa0:0xc1
[    0.266886] fbcvt: 1920x1080@60: CVT Name - 2.073M9
[    0.267005] mxc_sdc_fb fb@1: registered mxc display driver hdmi
[    0.282235] mxc_sdc_fb fb@1: 1920x1080 h_sync,r,l: 44,88,148  v_sync,l,u: 5,4,36 pixclock=148500000 Hz
[    0.293171] imx-ipuv3 2400000.ipu: IPU DMFC DP HIGH RESOLUTION: 1(0,1), 5B(2~5), 5F(6,7)
[    0.296850] mxc_sdc_fb fb@2: mxcfb2 is turned off!
[    0.296946] mxc_sdc_fb fb@3: mxcfb3 is turned off!
[    0.298453] imx-sdma 20ec000.sdma: no iram assigned, using external mem
[    0.298874] imx-sdma 20ec000.sdma: no event needs to be remapped
[    0.299174] imx-sdma 20ec000.sdma: loaded firmware 3.3
[    0.301765] imx-sdma 20ec000.sdma: initialized
[    0.303465] pfuze100-regulator 2-0008: Full layer: 2, Metal layer: 1
[    0.304097] pfuze100-regulator 2-0008: FAB: 0, FIN: 0
[    0.304126] pfuze100-regulator 2-0008: pfuze100 found.
[    0.318642] 2020000.serial: ttymxc0 at MMIO 0x2020000 (irq = 26, base_baud = 5000000) is a IMX
[    1.225123] console [ttymxc0] enabled
[    1.229666] 21e8000.serial: ttymxc1 at MMIO 0x21e8000 (irq = 301, base_baud = 5000000) is a IMX
[    1.238926] 21f0000.serial: ttymxc3 at MMIO 0x21f0000 (irq = 302, base_baud = 5000000) is a IMX
[    1.248165] 21f4000.serial: ttymxc4 at MMIO 0x21f4000 (irq = 303, base_baud = 5000000) is a IMX
[    1.258904] [drm] Initialized drm 1.1.0 20060810
[    1.264021] [drm] Initialized vivante 1.0.0 20120216 on minor 0
[    1.278087] brd: module loaded
[    1.286226] loop: module loaded
[    1.290656] ahci-imx 2200000.sata: fsl,transmit-level-mV not specified, using 00000024
[    1.298661] ahci-imx 2200000.sata: fsl,transmit-boost-mdB not specified, using 00000480
[    1.306723] ahci-imx 2200000.sata: fsl,transmit-atten-16ths not specified, using 00002000
[    1.314955] ahci-imx 2200000.sata: fsl,receive-eq-mdB not specified, using 05000000
[    1.326131] ahci-imx 2200000.sata: SSS flag set, parallel bus scan disabled
[    1.333186] ahci-imx 2200000.sata: AHCI 0001.0300 32 slots 1 ports 3 Gbps 0x1 impl platform mode
[    1.342013] ahci-imx 2200000.sata: flags: ncq sntf stag pm led clo only pmp pio slum part ccc apst 
[    1.352523] scsi host0: ahci-imx
[    1.356100] ata1: SATA max UDMA/133 mmio [mem 0x02200000-0x02203fff] port 0x100 irq 313
[    1.367477] spi_imx 2008000.ecspi: probed
[    1.372429] vcan: Virtual CAN interface driver
[    1.376958] CAN device driver interface
[    1.381063] 2090000.flexcan supply xceiver not found, using dummy regulator
[    1.388858] flexcan 2090000.flexcan: device registered (reg_base=e6aa8000, irq=35)
[    1.396612] 2094000.flexcan supply xceiver not found, using dummy regulator
[    1.404312] flexcan 2094000.flexcan: device registered (reg_base=e6ab0000, irq=36)
[    1.413031] 2188000.ethernet supply phy not found, using dummy regulator
[    1.433504] pps pps0: new PPS source ptp0
[    1.438755] libphy: fec_enet_mii_bus: probed
[    1.444794] fec 2188000.ethernet eth0: registered PHC device 0
[    1.450913] PPP generic driver version 2.4.2
[    1.455467] ehci_hcd: USB 2.0 'Enhanced' Host Controller (EHCI) Driver
[    1.462027] ehci-pci: EHCI PCI platform driver
[    1.466583] ehci-mxc: Freescale On-Chip EHCI Host driver
[    1.472119] usbcore: registered new interface driver usb-storage
[    1.478303] usbcore: registered new interface driver usbserial
[    1.484222] usbcore: registered new interface driver usbserial_generic
[    1.490810] usbserial: USB Serial support registered for generic
[    1.496900] usbcore: registered new interface driver ftdi_sio
[    1.502715] usbserial: USB Serial support registered for FTDI USB Serial Device
[    1.510116] usbcore: registered new interface driver option
[    1.515762] usbserial: USB Serial support registered for GSM modem (1-port)
[    1.522787] usbcore: registered new interface driver pl2303
[    1.528432] usbserial: USB Serial support registered for pl2303
[    1.535752] 2184800.usbmisc supply vbus-wakeup not found, using dummy regulator
[    1.553820] ci_hdrc ci_hdrc.1: EHCI Host Controller
[    1.558757] ci_hdrc ci_hdrc.1: new USB bus registered, assigned bus number 1
[    1.583117] ci_hdrc ci_hdrc.1: USB 2.0 started, EHCI 1.00
[    1.589335] hub 1-0:1.0: USB hub found
[    1.593187] hub 1-0:1.0: 1 port detected
[    1.598120] mousedev: PS/2 mouse device common for all mice
[    1.604295] [PENMOUNT] Loading penmount_i2c V1.15.0
[    1.609339] [PENMOUNT] Probing for device ...
[    1.689284] [PENMOUNT] PM2204.D01.1.0.0
[    1.696038] [PENMOUNT] Supports 5 touch contacts
[    1.703552] [PENMOUNT] Supports WD mode
[    1.707408] [PENMOUNT] Supports WP mode
[    1.714134] [PENMOUNT] Use WP mode !
[    1.720595] [PENMOUNT] Sensitivity Level : 0 (max: 2)
[    1.728555] [PENMOUNT] irq already specified !!
[    1.733275] [PENMOUNT] Using IRQ 219
[    1.737124] input: PenMount I2C Touch Screen as /devices/soc0/soc/2100000.aips-bus/21a0000.i2c/i2c-1/1-0038/input/input0
[    1.748689] input: PenMount I2C Touch Key as /devices/soc0/soc/2100000.aips-bus/21a0000.i2c/i2c-1/1-0038/input/input1
[    1.763564] rtc-ds1307 1-0068: rtc core: registered m41t0 as rtc0
[    1.770338] snvs_rtc 20cc000.snvs:snvs-rtc-lp: rtc core: registered 20cc000.snvs:snvs-r as rtc1
[    1.779253] i2c /dev entries driver
[    1.784634] mxc_v4l2_output v4l2_out: V4L2 device registered as video16
[    1.791459] mxc_v4l2_output v4l2_out: V4L2 device registered as video17
[    1.798299] mxc_v4l2_output v4l2_out: V4L2 device registered as video18
[    1.805144] mxc_v4l2_output v4l2_out: V4L2 device registered as video19
[    1.814112] imx2-wdt 20bc000.wdog: timeout 60 sec (nowayout=0)
[    1.820229] usbcore: registered new interface driver btusb
[    1.825992] sdhci: Secure Digital Host Controller Interface driver
[    1.832205] sdhci: Copyright(c) Pierre Ossman
[    1.836612] sdhci-pltfm: SDHCI platform and OF driver helper
[    1.843305] /soc/aips-bus@02100000/usdhc@02190000: voltage-ranges unspecified
[    1.850525] sdhci-esdhc-imx 2190000.usdhc: Got CD GPIO
[    1.857241] sdhci-esdhc-imx 2190000.usdhc: No vqmmc regulator found
[    1.903240] mmc1: SDHCI controller on 2190000.usdhc [2190000.usdhc] using ADMA
[    1.911123] /soc/aips-bus@02100000/usdhc@02198000: voltage-ranges unspecified
[    1.913129] usb 1-1: new high-speed USB device number 2 using ci_hdrc
[    1.913138] ata1: SATA link up 3.0 Gbps (SStatus 123 SControl 300)
[    1.924870] ata1.00: ATA-9: TS16GMSA370, P1225CE, max UDMA/133
[    1.924877] ata1.00: 31277232 sectors, multi 1: LBA48 NCQ (depth 31/32)
[    1.943913] ata1.00: configured for UDMA/133
[    1.944035] sdhci-esdhc-imx 2198000.usdhc: No vqmmc regulator found
[    1.954896] scsi 0:0:0:0: Direct-Access     ATA      TS16GMSA370      5CE  PQ: 0 ANSI: 5
[    1.963885] sd 0:0:0:0: [sda] 31277232 512-byte logical blocks: (16.0 GB/14.9 GiB)
[    1.971787] sd 0:0:0:0: [sda] Write Protect is off
[    1.976746] sd 0:0:0:0: [sda] Write cache: enabled, read cache: enabled, doesn't support DPO or FUA
[    1.983121] mmc0: SDHCI controller on 2198000.usdhc [2198000.usdhc] using ADMA
[    1.984815] mxc_vpu 2040000.vpu_fsl: VPU initialized
[    1.985371] mxc_vdoa 21e4000.vdoa: i.MX Video Data Order Adapter(VDOA) driver probed
[    1.988095] caam 2100000.caam: Entropy delay = 3200
[    2.012090]  sda: sda1
[    2.015488] sd 0:0:0:0: [sda] Attached SCSI disk
[    2.048886] caam 2100000.caam: Instantiated RNG4 SH0
[    2.058382] mmc0: MAN_BKOPS_EN bit is not set
[    2.082107] mmc0: new DDR MMC card at address 0001
[    2.087324] mmcblk0: mmc0:0001 Q2J54A 3.59 GiB 
[    2.092006] mmcblk0boot0: mmc0:0001 Q2J54A partition 1 16.0 MiB
[    2.098089] mmcblk0boot1: mmc0:0001 Q2J54A partition 2 16.0 MiB
[    2.105128]  mmcblk0: p1 p2
[    2.109648] caam 2100000.caam: Instantiated RNG4 SH1
[    2.114670] caam 2100000.caam: device ID = 0x0a16010000000000 (Era -524)
[    2.121397] caam 2100000.caam: job rings = 2, qi = 0
[    2.154326] hub 1-1:1.0: USB hub found
[    2.158252] hub 1-1:1.0: 4 ports detected
[    2.189218] caam algorithms registered in /proc/crypto
[    2.198734] caam_jr 2101000.jr0: registering rng-caam
[    2.204860] snvs-secvio 20cc000.caam-snvs: can't get snvs clock
[    2.210874] snvs-secvio 20cc000.caam-snvs: violation handlers armed - non-secure state
[    2.219137] hidraw: raw HID events driver (C) Jiri Kosina
[    2.225103] usbcore: registered new interface driver usbhid
[    2.230720] usbhid: USB HID core driver
[    2.239950] stmpe-adc stmpe-adc: Initialized
[    2.247787] sgtl5000 2-000a: sgtl5000 revision 0x11
[    2.278575] fsl-asrc 2034000.asrc: driver registered
[    2.422881] imx-sgtl5000 sound: sgtl5000 <-> 2028000.ssi mapping ok
[    2.431798] imx-spdif sound-spdif: snd-soc-dummy-dai <-> 2004000.spdif mapping ok
[    2.442268] imx-audio-hdmi sound-hdmi: hdmi-hifi <-> soc:hdmi_audio@00120000 mapping ok
[    2.443127] usb 1-1.3: new high-speed USB device number 3 using ci_hdrc
[    2.457638] Netfilter messages via NETLINK v0.30.
[    2.462387] nfnl_acct: registering with nfnetlink.
[    2.467232] nf_conntrack version 0.5.0 (16384 buckets, 65536 max)
[    2.473857] nf_tables: (c) 2007-2009 Patrick McHardy <kaber@trash.net>
[    2.480822] ip_tables: (C) 2000-2006 Netfilter Core Team
[    2.486808] NET: Registered protocol family 10
[    2.492360] ip6_tables: (C) 2000-2006 Netfilter Core Team
[    2.497850] NET: Registered protocol family 17
[    2.502372] bridge: automatic filtering via arp/ip/ip6tables has been deprecated. Update your scripts to load br_netfilter if you need this.
[    2.515063] Bridge firewalling registered
[    2.519110] can: controller area network core (rev 20120528 abi 9)
[    2.525382] NET: Registered protocol family 29
[    2.529885] can: raw protocol (rev 20120528)
[    2.534204] can: broadcast manager protocol (rev 20120528 t)
[    2.539908] can: netlink gateway (rev 20130117) max_hops=1
[    2.545697] Bluetooth: RFCOMM TTY layer initialized
[    2.550614] Bluetooth: RFCOMM socket layer initialized
[    2.555828] Bluetooth: RFCOMM ver 1.11
[    2.559622] Bluetooth: BNEP (Ethernet Emulation) ver 1.3
[    2.564981] Bluetooth: BNEP filters: protocol multicast
[    2.570236] Bluetooth: BNEP socket layer initialized
[    2.575253] Bluetooth: HIDP (Human Interface Emulation) ver 1.2
[    2.581200] Bluetooth: HIDP socket layer initialized
[    2.586273] 8021q: 802.1Q VLAN Support v1.8
[    2.590853] Key type dns_resolver registered
[    2.597157] Registering SWP/SWPB emulation handler
[    2.602697] registered taskstats version 1
[    2.607718] 1ffc000.pcie supply pcie-bus not found, using dummy regulator
[    3.031397] imx6q-pcie 1ffc000.pcie: phy link never came up
[    3.037060] imx6q-pcie 1ffc000.pcie: failed to initialize host
[    3.043023] imx6q-pcie: probe of 1ffc000.pcie failed with error -22
[    3.053306] rtc-ds1307 1-0068: setting system clock to 2018-02-01 10:49:40 UTC (1517482180)
[    3.071657] usb_otg_vbus: disabling
[    3.075554] ALSA device list:
[    3.078549]   #0: imx6q-apalis-sgtl5000
[    3.082414]   #1: imx-spdif
[    3.085260]   #2: imx-hdmi-soc
[    3.104466] EXT4-fs (mmcblk0p2): mounted filesystem with ordered data mode. Opts: (null)
[    3.112638] VFS: Mounted root (ext4 filesystem) readonly on device 179:2.
[    3.119999] devtmpfs: mounted
[    3.123382] Freeing unused kernel memory: 372K (80a1f000 - 80a7c000)
[    3.269377] random: systemd urandom read with 93 bits of entropy available
[    3.284153] systemd[1]: systemd 229 running in system mode. (-PAM -AUDIT -SELINUX +IMA -APPARMOR +SMACK +SYSVINIT +UTMP -LIBCRYPTSETUP -GCRYPT -GNUTLS +ACL +XZ -LZ4 -SECCOMP +BLKID -ELFUTILS +KMOD -IDN)
[    3.303180] systemd[1]: Detected architecture arm.

Welcome to Boot to Qt for Embedded Linux 2.1.1 (krogoth)!

[    3.333651] systemd[1]: Set hostname to <b2qt-apalis-imx6>.
[    3.568227] systemd[1]: Listening on udev Control Socket.
[  OK  ] Listening on udev Control Socket.
[    3.593664] systemd[1]: Listening on Network Service Netlink Socket.
[  OK  ] Listening on Network Service Netlink Socket.
[    3.623485] systemd[1]: Started Dispatch Password Requests to Console Directory Watch.
[  OK  ] Started Dispatch Password Requests to Console Directory Watch.
[    3.653394] systemd[1]: Listening on /dev/initctl Compatibility Named Pipe.
[  OK  ] Listening on /dev/initctl Compatibility Named Pipe.
