

U-Boot 2016.11+fslc+g80c3bd6 (Jan 02 2018 - 11:32:06 +0100)

CPU:   Freescale i.MX6Q rev1.5 at 792 MHz
Reset cause: POR
I2C:   ready
DRAM:  2 GiB
PMIC:  device id: 0x10, revision id: 0x21, programmed
çMC:   FSL_SDHC: 0, FSL_SDHC: 1, FSL_SDHC: 2
auto-detected panel vga-rgb
Display: vga-rgb (640x480)
In:    serial
Out:   serial
Err:   serial
Model: Toradex Apalis iMX6 Quad 2GB IT V1.1C, Serial# 05139699
Net:   using PHY at 7
FEC [PRIME]
Hit any key to stop autoboot:  1  0 
Booting from internal eMMC chip...
reading imx6q-apalis-ixora-v1_1.dtb
48970 bytes read in 22 ms (2.1 MiB/s)
reading uImage
5943928 bytes read in 172 ms (33 MiB/s)
## Booting kernel from Legacy Image at 11000000 ...
   Image Name:   Linux-4.1.41-v2.7b1+g82f0f4f
   Image Type:   ARM Linux Kernel Image (uncompressed)
   Data Size:    5943864 Bytes = 5.7 MiB
   Load Address: 10008000
   Entry Point:  10008000
   Verifying Checksum ... OK
## Flattened Device Tree blob at 12000000
   Booting using the fdt blob at 0x12000000
   Loading Kernel Image ... OK
   Using Device Tree in place at 12000000, end 1200ef49

Starting kernel ...

[    0.000000] Booting Linux on physical CPU 0x0
[    0.000000] Initializing cgroup subsys cpu
[    0.000000] Initializing cgroup subsys cpuacct
[    0.000000] Linux version 4.1.41-v2.7b1+g82f0f4f (behlingc@mplan-ubuntu-1610-dev) (gcc version 5.3.0 (GCC) ) #1 SMP Wed Jan 31 17:39:36 CET 2018
[    0.000000] CPU: ARMv7 Processor [412fc09a] revision 10 (ARMv7), cr=10c5387d
[    0.000000] CPU: PIPT / VIPT nonaliasing data cache, VIPT aliasing instruction cache
[    0.000000] Machine model: Toradex Apalis iMX6Q/D Module on Ixora V1.1 Carrier Board
[    0.000000] Reserved memory: created CMA memory pool at 0x62000000, size 320 MiB
[    0.000000] Reserved memory: initialized node linux,cma, compatible id shared-dma-pool
[    0.000000] Memory policy: Data cache writealloc
[    0.000000] PERCPU: Embedded 12 pages/cpu @d0efd000 s16908 r8192 d24052 u49152
[    0.000000] Built 1 zonelists in Zone order, mobility grouping on.  Total pages: 521024
[    0.000000] Kernel command line: enable_wait_mode=off vmalloc=400M ip=off root=/dev/mmcblk0p2 rw,noatime rootfstype=ext4 rootwait fec_mac=00:14:2d:4e:6c:f3 consoleblank=0 no_console_suspend=1 console=tty1 console=ttymxc0,115200n8 mxc_hdmi.only_cea=1 video=mxcfb1:dev=hdmi,1920x1080M@60,if=RGB24 video=mxcfb0:dev=ldb,800x480M@60,if=RGB666 video=mxcfb2:off video=mxcfb3:off fbmem=32M
[    0.000000] PID hash table entries: 4096 (order: 2, 16384 bytes)
[    0.000000] Dentry cache hash table entries: 262144 (order: 8, 1048576 bytes)
[    0.000000] Inode-cache hash table entries: 131072 (order: 7, 524288 bytes)
[    0.000000] Memory: 1738972K/2097152K available (7679K kernel code, 330K rwdata, 2648K rodata, 372K init, 423K bss, 30500K reserved, 327680K cma-reserved, 425984K highmem)
[    0.000000] Virtual kernel memory layout:
[    0.000000]     vector  : 0xffff0000 - 0xffff1000   (   4 kB)
[    0.000000]     fixmap  : 0xffc00000 - 0xfff00000   (3072 kB)
[    0.000000]     vmalloc : 0xe6800000 - 0xff000000   ( 392 MB)
[    0.000000]     lowmem  : 0x80000000 - 0xe6000000   (1632 MB)
[    0.000000]     pkmap   : 0x7fe00000 - 0x80000000   (   2 MB)
[    0.000000]     modules : 0x7f000000 - 0x7fe00000   (  14 MB)
[    0.000000]       .text : 0x80008000 - 0x80a1e0a4   (10329 kB)
[    0.000000]       .init : 0x80a1f000 - 0x80a7c000   ( 372 kB)
[    0.000000]       .data : 0x80a7c000 - 0x80ace8c0   ( 331 kB)
[    0.000000]        .bss : 0x80ad1000 - 0x80b3ae1c   ( 424 kB)
[    0.000000] SLUB: HWalign=64, Order=0-3, MinObjects=0, CPUs=4, Nodes=1
[    0.000000] Hierarchical RCU implementation.
[    0.000000] NR_IRQS:16 nr_irqs:16 16
[    0.000000] L2C-310 erratum 769419 enabled
[    0.000000] L2C-310 enabling early BRESP for Cortex-A9
[    0.000000] L2C-310 full line of zeros enabled for Cortex-A9
[    0.000000] L2C-310 ID prefetch enabled, offset 16 lines
[    0.000000] L2C-310 dynamic clock gating enabled, standby mode enabled
[    0.000000] L2C-310 cache controller enabled, 16 ways, 1024 kB
[    0.000000] L2C-310: CACHE_ID 0x410000c7, AUX_CTRL 0x76470001
[    0.000000] mxc_clocksource_init 3000000
[    0.000000] Switching to timer-based delay loop, resolution 333ns
[    0.000006] sched_clock: 32 bits at 3000kHz, resolution 333ns, wraps every 715827882841ns
[    0.000025] clocksource mxc_timer1: mask: 0xffffffff max_cycles: 0xffffffff, max_idle_ns: 637086815595 ns
[    0.001232] Console: colour dummy device 80x30
[    0.001872] console [tty1] enabled
[    0.001902] Calibrating delay loop (skipped), value calculated using timer frequency.. 6.00 BogoMIPS (lpj=30000)
[    0.001942] pid_max: default: 32768 minimum: 301
[    0.002058] Mount-cache hash table entries: 4096 (order: 2, 16384 bytes)
[    0.002088] Mountpoint-cache hash table entries: 4096 (order: 2, 16384 bytes)
[    0.002670] Initializing cgroup subsys freezer
[    0.002709] Initializing cgroup subsys debug
[    0.002759] CPU: Testing write buffer coherency: ok
[    0.003034] Setting up static identity map for 0x10008280 - 0x100082d8
[    0.006318] Brought up 4 CPUs
[    0.006352] SMP: Total of 4 processors activated (24.00 BogoMIPS).
[    0.006375] CPU: All CPU(s) started in SVC mode.
[    0.006865] devtmpfs: initialized
[    0.019422] VFP support v0.3: implementor 41 architecture 3 part 30 variant 9 rev 4
[    0.019867] clocksource jiffies: mask: 0xffffffff max_cycles: 0xffffffff, max_idle_ns: 19112604462750000 ns
[    0.019925] futex hash table entries: 1024 (order: 4, 65536 bytes)
[    0.039823] pinctrl core: initialized pinctrl subsystem
[    0.041077] NET: Registered protocol family 16
[    0.049427] DMA: preallocated 256 KiB pool for atomic coherent allocations
[    0.079659] cpuidle: using governor ladder
[    0.109652] cpuidle: using governor menu
[    0.110047] CPU identified as i.MX6Q, silicon rev 1.5
[    0.134657] hw-breakpoint: found 5 (+1 reserved) breakpoint and 1 watchpoint registers.
[    0.134704] hw-breakpoint: maximum watchpoint size is 4 bytes.
[    0.135833] imx6q-pinctrl 20e0000.iomuxc: initialized IMX pinctrl driver
[    0.137826] imx-gpc 20dc000.gpc: no fsl,ldo-bypass found!
[    0.148009] mxs-dma 110000.dma-apbh: initialized
[    0.150519] usb_host_vbus: supplied by usb_host_vbus_hub
[    0.150869] vgaarb: loaded
[    0.151694] SCSI subsystem initialized
[    0.152217] usbcore: registered new interface driver usbfs
[    0.152311] usbcore: registered new interface driver hub
[    0.152415] usbcore: registered new device driver usb
[    0.152650] 2000000.aips-bus:usbphy_nop1 supply vcc not found, using dummy regulator
[    0.152831] 2000000.aips-bus:usbphy_nop2 supply vcc not found, using dummy regulator
[    0.153612] i2c-gpio i2c@0: using pins 80 (SDA) and 62 (SCL)
[    0.154482] i2c i2c-1: IMX I2C adapter registered
[    0.154520] i2c i2c-1: can't use DMA
[    0.156081] stmpe-i2c 2-0041: stmpe811 detected, chip id: 0x811
[    0.158016] i2c i2c-2: IMX I2C adapter registered
[    0.158051] i2c i2c-2: can't use DMA
[    0.158534] i2c i2c-3: IMX I2C adapter registered
[    0.158569] i2c i2c-3: can't use DMA
[    0.158732] Linux video capture interface: v2.00
[    0.158802] pps_core: LinuxPPS API ver. 1 registered
[    0.158825] pps_core: Software ver. 5.3.6 - Copyright 2005-2007 Rodolfo Giometti <giometti@linux.it>
[    0.158877] PTP clock support registered
[    0.179705] imx-ipuv3 2400000.ipu: IPU DMFC NORMAL mode: 1(0~1), 5B(4,5), 5F(6,7)
[    0.199695] imx-ipuv3 2800000.ipu: IPU DMFC NORMAL mode: 1(0~1), 5B(4,5), 5F(6,7)
[    0.200616] mxc_mipi_csi2 21dc000.mipi_csi: i.MX MIPI CSI2 driver probed ipu0 csi1
[    0.200662] mxc_mipi_csi2 21dc000.mipi_csi: i.MX MIPI CSI2 dphy version is 0x3130302a
[    0.200780] MIPI CSI2 driver module loaded
[    0.201071] Advanced Linux Sound Architecture Driver Initialized.
[    0.202320] Bluetooth: Core ver 2.20
[    0.202382] NET: Registered protocol family 31
[    0.202406] Bluetooth: HCI device and connection manager initialized
[    0.202440] Bluetooth: HCI socket layer initialized
[    0.202470] Bluetooth: L2CAP socket layer initialized
[    0.202514] Bluetooth: SCO socket layer initialized
[    0.203118] Switched to clocksource mxc_timer1
[    0.213921] NET: Registered protocol family 2
[    0.214699] TCP established hash table entries: 16384 (order: 4, 65536 bytes)
[    0.214871] TCP bind hash table entries: 16384 (order: 5, 131072 bytes)
[    0.215134] TCP: Hash tables configured (established 16384 bind 16384)
[    0.215237] UDP hash table entries: 1024 (order: 3, 32768 bytes)
[    0.215329] UDP-Lite hash table entries: 1024 (order: 3, 32768 bytes)
[    0.215596] NET: Registered protocol family 1
[    0.215932] RPC: Registered named UNIX socket transport module.
[    0.215962] RPC: Registered udp transport module.
[    0.215982] RPC: Registered tcp transport module.
[    0.216002] RPC: Registered tcp NFSv4.1 backchannel transport module.
[    0.216791] CPU PMU: Failed to parse /soc/pmu/interrupt-affinity[0]
[    0.216858] hw perfevents: enabled with armv7_cortex_a9 PMU driver, 7 counters available
[    0.217906] imx rpmsg driver is registered.
[    0.218952] Bus freq driver module loaded
[    0.225945] VFS: Disk quotas dquot_6.6.0
[    0.226140] VFS: Dquot-cache hash table entries: 1024 (order 0, 4096 bytes)
[    0.227201] squashfs: version 4.0 (2009/01/31) Phillip Lougher
[    0.228003] NFS: Registering the id_resolver key type
[    0.228063] Key type id_resolver registered
[    0.228086] Key type id_legacy registered
[    0.228129] nfs4filelayout_init: NFSv4 File Layout Driver Registering...
[    0.228672] ntfs: driver 2.1.32 [Flags: R/W].
[    0.229157] fuse init (API version 7.23)
[    0.233241] bounce: pool size: 64 pages
[    0.233282] io scheduler noop registered
[    0.233308] io scheduler deadline registered
[    0.233473] io scheduler cfq registered (default)
[    0.236237] backlight supply power not found, using dummy regulator
[    0.237852] MIPI DSI driver module loaded
[    0.239230] 20e0000.hdmi_video supply HDMI not found, using dummy regulator
[    0.240717] fbcvt: 800x480@60: CVT Name - .384M9
[    0.240764] mxc_sdc_fb fb@0: registered mxc display driver ldb
[    0.245133] mxc_sdc_fb fb@0: 800x480 h_sync,r,l: 72,24,96  v_sync,l,u: 7,3,10 pixclock=29500000 Hz
[    0.266876] mxc_hdmi 20e0000.hdmi_video: Detected HDMI controller 0x13:0xa:0xa0:0xc1
[    0.266935] fbcvt: 1920x1080@60: CVT Name - 2.073M9
[    0.267055] mxc_sdc_fb fb@1: registered mxc display driver hdmi
[    0.282350] mxc_sdc_fb fb@1: 1920x1080 h_sync,r,l: 44,88,148  v_sync,l,u: 5,4,36 pixclock=148500000 Hz
[    0.303195] imx-ipuv3 2400000.ipu: IPU DMFC DP HIGH RESOLUTION: 1(0,1), 5B(2~5), 5F(6,7)
[    0.306904] mxc_sdc_fb fb@2: mxcfb2 is turned off!
[    0.307001] mxc_sdc_fb fb@3: mxcfb3 is turned off!
[    0.308504] imx-sdma 20ec000.sdma: no iram assigned, using external mem
[    0.308925] imx-sdma 20ec000.sdma: no event needs to be remapped
[    0.309225] imx-sdma 20ec000.sdma: loaded firmware 3.3
[    0.311811] imx-sdma 20ec000.sdma: initialized
[    0.313566] pfuze100-regulator 2-0008: Full layer: 2, Metal layer: 1
[    0.314203] pfuze100-regulator 2-0008: FAB: 0, FIN: 0
[    0.314232] pfuze100-regulator 2-0008: pfuze100 found.
[    0.328740] 2020000.serial: ttymxc0 at MMIO 0x2020000 (irq = 26, base_baud = 5000000) is a IMX
[    1.235218] console [ttymxc0] enabled
[    1.239771] 21e8000.serial: ttymxc1 at MMIO 0x21e8000 (irq = 301, base_baud = 5000000) is a IMX
[    1.249031] 21f0000.serial: ttymxc3 at MMIO 0x21f0000 (irq = 302, base_baud = 5000000) is a IMX
[    1.258267] 21f4000.serial: ttymxc4 at MMIO 0x21f4000 (irq = 303, base_baud = 5000000) is a IMX
[    1.269007] [drm] Initialized drm 1.1.0 20060810
[    1.274119] [drm] Initialized vivante 1.0.0 20120216 on minor 0
[    1.288182] brd: module loaded
[    1.296375] loop: module loaded
[    1.300809] ahci-imx 2200000.sata: fsl,transmit-level-mV not specified, using 00000024
[    1.308813] ahci-imx 2200000.sata: fsl,transmit-boost-mdB not specified, using 00000480
[    1.316876] ahci-imx 2200000.sata: fsl,transmit-atten-16ths not specified, using 00002000
[    1.325105] ahci-imx 2200000.sata: fsl,receive-eq-mdB not specified, using 05000000
[    1.336287] ahci-imx 2200000.sata: SSS flag set, parallel bus scan disabled
[    1.343332] ahci-imx 2200000.sata: AHCI 0001.0300 32 slots 1 ports 3 Gbps 0x1 impl platform mode
[    1.352161] ahci-imx 2200000.sata: flags: ncq sntf stag pm led clo only pmp pio slum part ccc apst 
[    1.362663] scsi host0: ahci-imx
[    1.366249] ata1: SATA max UDMA/133 mmio [mem 0x02200000-0x02203fff] port 0x100 irq 313
[    1.377626] spi_imx 2008000.ecspi: probed
[    1.382571] vcan: Virtual CAN interface driver
[    1.387101] CAN device driver interface
[    1.391208] 2090000.flexcan supply xceiver not found, using dummy regulator
[    1.399002] flexcan 2090000.flexcan: device registered (reg_base=e6aa8000, irq=35)
[    1.406761] 2094000.flexcan supply xceiver not found, using dummy regulator
[    1.414464] flexcan 2094000.flexcan: device registered (reg_base=e6ab0000, irq=36)
[    1.423221] 2188000.ethernet supply phy not found, using dummy regulator
[    1.443540] pps pps0: new PPS source ptp0
[    1.448795] libphy: fec_enet_mii_bus: probed
[    1.454875] fec 2188000.ethernet eth0: registered PHC device 0
[    1.460997] PPP generic driver version 2.4.2
[    1.465548] ehci_hcd: USB 2.0 'Enhanced' Host Controller (EHCI) Driver
[    1.472107] ehci-pci: EHCI PCI platform driver
[    1.476661] ehci-mxc: Freescale On-Chip EHCI Host driver
[    1.482200] usbcore: registered new interface driver usb-storage
[    1.488388] usbcore: registered new interface driver usbserial
[    1.494305] usbcore: registered new interface driver usbserial_generic
[    1.500895] usbserial: USB Serial support registered for generic
[    1.506984] usbcore: registered new interface driver ftdi_sio
[    1.512799] usbserial: USB Serial support registered for FTDI USB Serial Device
[    1.520212] usbcore: registered new interface driver option
[    1.525855] usbserial: USB Serial support registered for GSM modem (1-port)
[    1.532883] usbcore: registered new interface driver pl2303
[    1.538529] usbserial: USB Serial support registered for pl2303
[    1.545840] 2184800.usbmisc supply vbus-wakeup not found, using dummy regulator
[    1.564991] ci_hdrc ci_hdrc.1: EHCI Host Controller
[    1.569925] ci_hdrc ci_hdrc.1: new USB bus registered, assigned bus number 1
[    1.593153] ci_hdrc ci_hdrc.1: USB 2.0 started, EHCI 1.00
[    1.599375] hub 1-0:1.0: USB hub found
[    1.603226] hub 1-0:1.0: 1 port detected
[    1.608158] mousedev: PS/2 mouse device common for all mice
[    1.614355] [PENMOUNT] Loading penmount_i2c V1.15.0
[    1.619396] [PENMOUNT] Probing for device ...
[    1.643077] [PENMOUNT] PM2204.D01.1.0.0
[    1.649826] [PENMOUNT] Supports 5 touch contacts
[    1.657348] [PENMOUNT] Supports WD mode
[    1.661204] [PENMOUNT] Supports WP mode
[    1.667941] [PENMOUNT] Use WP mode !
[    1.674420] [PENMOUNT] Sensitivity Level : 0 (max: 2)
[    1.682357] [PENMOUNT] irq already specified !!
[    1.687070] [PENMOUNT] Using IRQ 219
[    1.690898] input: PenMount I2C Touch Screen as /devices/soc0/soc/2100000.aips-bus/21a0000.i2c/i2c-1/1-0038/input/input0
[    1.702317] input: PenMount I2C Touch Key as /devices/soc0/soc/2100000.aips-bus/21a0000.i2c/i2c-1/1-0038/input/input1
[    1.716506] rtc-ds1307 1-0068: rtc core: registered m41t0 as rtc0
[    1.723158] ata1: SATA link down (SStatus 0 SControl 300)
[    1.723307] snvs_rtc 20cc000.snvs:snvs-rtc-lp: rtc core: registered 20cc000.snvs:snvs-r as rtc1
[    1.723445] i2c /dev entries driver
[    1.725183] mxc_v4l2_output v4l2_out: V4L2 device registered as video16
[    1.725342] mxc_v4l2_output v4l2_out: V4L2 device registered as video17
[    1.725505] mxc_v4l2_output v4l2_out: V4L2 device registered as video18
[    1.725665] mxc_v4l2_output v4l2_out: V4L2 device registered as video19
[    1.727775] imx2-wdt 20bc000.wdog: timeout 60 sec (nowayout=0)
[    1.727998] usbcore: registered new interface driver btusb
[    1.728195] sdhci: Secure Digital Host Controller Interface driver
[    1.728197] sdhci: Copyright(c) Pierre Ossman
[    1.728206] sdhci-pltfm: SDHCI platform and OF driver helper
[    1.729140] /soc/aips-bus@02100000/usdhc@02190000: voltage-ranges unspecified
[    1.729167] sdhci-esdhc-imx 2190000.usdhc: Got CD GPIO
[    1.730681] sdhci-esdhc-imx 2190000.usdhc: No vqmmc regulator found
[    1.773284] mmc1: SDHCI controller on 2190000.usdhc [2190000.usdhc] using ADMA
[    1.776986] /soc/aips-bus@02100000/usdhc@02198000: voltage-ranges unspecified
[    1.785555] sdhci-esdhc-imx 2198000.usdhc: No vqmmc regulator found
[    1.833139] mmc0: SDHCI controller on 2198000.usdhc [2198000.usdhc] using ADMA
[    1.834762] mxc_vpu 2040000.vpu_fsl: VPU initialized
[    1.835330] mxc_vdoa 21e4000.vdoa: i.MX Video Data Order Adapter(VDOA) driver probed
[    1.838065] caam 2100000.caam: Entropy delay = 3200
[    1.859335] ahci-imx 2200000.sata: no device found, disabling link.
[    1.865651] ahci-imx 2200000.sata: pass ahci_imx..hotplug=1 to enable hotplug
[    1.898855] caam 2100000.caam: Instantiated RNG4 SH0
[    1.921280] mmc1: new high speed SDHC card at address 0001
[    1.927231] mmcblk1: mmc1:0001 00000 7.44 GiB 
[    1.933176] usb 1-1: new high-speed USB device number 2 using ci_hdrc
[    1.939710]  mmcblk1: p1 p2
[    1.959899] caam 2100000.caam: Instantiated RNG4 SH1
[    1.964926] caam 2100000.caam: device ID = 0x0a16010000000000 (Era -524)
[    1.971653] caam 2100000.caam: job rings = 2, qi = 0
[    2.028356] mmc0: MAN_BKOPS_EN bit is not set
[    2.051974] mmc0: new DDR MMC card at address 0001
[    2.057652] mmcblk0: mmc0:0001 Q2J54A 3.59 GiB 
[    2.062404] mmcblk0boot0: mmc0:0001 Q2J54A partition 1 16.0 MiB
[    2.068645] mmcblk0boot1: mmc0:0001 Q2J54A partition 2 16.0 MiB
[    2.076049]  mmcblk0: p1 p2
[    2.081307] caam algorithms registered in /proc/crypto
[    2.090513] caam_jr 2101000.jr0: registering rng-caam
[    2.096598] hub 1-1:1.0: USB hub found
[    2.096664] snvs-secvio 20cc000.caam-snvs: can't get snvs clock
[    2.096717] snvs-secvio 20cc000.caam-snvs: violation handlers armed - non-secure state
[    2.096956] hidraw: raw HID events driver (C) Jiri Kosina
[    2.097173] usbcore: registered new interface driver usbhid
[    2.097175] usbhid: USB HID core driver
[    2.113265] stmpe-adc stmpe-adc: Initialized
[    2.116730] sgtl5000 2-000a: sgtl5000 revision 0x11
[    2.138677] hub 1-1:1.0: 4 ports detected
[    2.142535] fsl-asrc 2034000.asrc: driver registered
[    2.282692] imx-sgtl5000 sound: sgtl5000 <-> 2028000.ssi mapping ok
[    2.291657] imx-spdif sound-spdif: snd-soc-dummy-dai <-> 2004000.spdif mapping ok
[    2.302174] imx-audio-hdmi sound-hdmi: hdmi-hifi <-> soc:hdmi_audio@00120000 mapping ok
[    2.310968] Netfilter messages via NETLINK v0.30.
[    2.315738] nfnl_acct: registering with nfnetlink.
[    2.320565] nf_conntrack version 0.5.0 (16384 buckets, 65536 max)
[    2.327179] nf_tables: (c) 2007-2009 Patrick McHardy <kaber@trash.net>
[    2.334168] ip_tables: (C) 2000-2006 Netfilter Core Team
[    2.340125] NET: Registered protocol family 10
[    2.345766] ip6_tables: (C) 2000-2006 Netfilter Core Team
[    2.351218] NET: Registered protocol family 17
[    2.355764] bridge: automatic filtering via arp/ip/ip6tables has been deprecated. Update your scripts to load br_netfilter if you need this.
[    2.368476] Bridge firewalling registered
[    2.372544] can: controller area network core (rev 20120528 abi 9)
[    2.378825] NET: Registered protocol family 29
[    2.383342] can: raw protocol (rev 20120528)
[    2.387663] can: broadcast manager protocol (rev 20120528 t)
[    2.393376] can: netlink gateway (rev 20130117) max_hops=1
[    2.399136] Bluetooth: RFCOMM TTY layer initialized
[    2.404079] Bluetooth: RFCOMM socket layer initialized
[    2.409256] Bluetooth: RFCOMM ver 1.11
[    2.413042] Bluetooth: BNEP (Ethernet Emulation) ver 1.3
[    2.418392] Bluetooth: BNEP filters: protocol multicast
[    2.423153] usb 1-1.3: new high-speed USB device number 3 using ci_hdrc
[    2.430325] Bluetooth: BNEP socket layer initialized
[    2.435350] Bluetooth: HIDP (Human Interface Emulation) ver 1.2
[    2.441297] Bluetooth: HIDP socket layer initialized
[    2.446404] 8021q: 802.1Q VLAN Support v1.8
[    2.450968] Key type dns_resolver registered
[    2.457292] Registering SWP/SWPB emulation handler
[    2.462821] registered taskstats version 1
[    2.467839] 1ffc000.pcie supply pcie-bus not found, using dummy regulator
[    2.887373] imx6q-pcie 1ffc000.pcie: phy link never came up
[    2.893000] imx6q-pcie 1ffc000.pcie: failed to initialize host
[    2.898975] imx6q-pcie: probe of 1ffc000.pcie failed with error -22
[    2.909310] rtc-ds1307 1-0068: setting system clock to 2018-02-03 10:48:22 UTC (1517654902)
[    2.927856] usb_otg_vbus: disabling
[    2.931630] ALSA device list:
[    2.934706]   #0: imx6q-apalis-sgtl5000
[    2.938568]   #1: imx-spdif
[    2.941378]   #2: imx-hdmi-soc
[    2.954124] EXT4-fs (mmcblk0p2): INFO: recovery required on readonly filesystem
[    2.961475] EXT4-fs (mmcblk0p2): write access will be enabled during recovery
[    3.199698] EXT4-fs (mmcblk0p2): recovery complete
[    3.205391] EXT4-fs (mmcblk0p2): mounted filesystem with ordered data mode. Opts: (null)
[    3.213581] VFS: Mounted root (ext4 filesystem) readonly on device 179:10.
[    3.221172] devtmpfs: mounted
[    3.224533] Freeing unused kernel memory: 372K (80a1f000 - 80a7c000)
[    3.361338] random: systemd urandom read with 23 bits of entropy available
[    3.373304] systemd[1]: systemd 229 running in system mode. (-PAM -AUDIT -SELINUX +IMA -APPARMOR +SMACK +SYSVINIT +UTMP -LIBCRYPTSETUP -GCRYPT -GNUTLS +ACL +XZ -LZ4 -SECCOMP +BLKID -ELFUTILS +KMOD -IDN)
[    3.392332] systemd[1]: Detected architecture arm.

Welcome to Boot to Qt for Embedded Linux 2.1.1 (krogoth)!

[    3.433668] systemd[1]: Set hostname to <b2qt-apalis-imx6>.
[    3.657248] systemd[1]: Started Dispatch Password Requests to Console Directory Watch.
[  OK  ] Started Dispatch Password Requests to Console Directory Watch.
[    3.683744] systemd[1]: Created slice System Slice.
[  OK  ] Created slice System Slice.
[    3.703538] systemd[1]: Started Forward Password Requests to Wall Directory Watch.
[  OK  ] Started Forward Password Requests to Wall Directory Watch.
[    3.733600] systemd[1]: Created slice system-serial\x2dgetty.slice.
[  OK  ] Created slice system-serial\x2dgetty.slice.
[    3.763419] systemd[1]: Listening on udev Control Socket.
[  OK  ] Listening on udev Control Socket.
[    3.793383] systemd[1]: Listening on Syslog Socket.
[  OK  ] Listening on Syslog Socket.
[    3.823382] systemd[1]: Listening on /dev/initctl Compatibility Named Pipe.
[  OK  ] Listening on /dev/initctl Compatibility Named Pipe.
[    3.853469] systemd[1]: Reached target Paths.
[  OK  ] Reached target Paths.
[    3.883661] systemd[1]: Listening on Journal Socket (/dev/log).
[  OK  ] Listening on Journal Socket (/dev/log).
[    3.913688] systemd[1]: Listening on Journal Socket.
[  OK  ] Listening on Journal Socket.
[    3.948283] systemd[1]: Starting Create list of required static device nodes for the current kernel...
         Starting Create list of required st... nodes for the current kernel...
[    3.992036] systemd[1]: Starting Load Kernel Modules...
         Starting Load Kernel Modules...
[    4.017626] systemd[1]: Starting Setup Virtual Console...
         Starting Setup Virtual Console...
[    4.034896] systemd[1]: Starting File System Check on Root Device...
         Starting File System Check on Root Device...
[    4.072285] systemd[1]: Mounting Temporary Directory...
         Mounting Temporary Direc[    4.079024] systemd[1]: Created slice User and Session Slice.
tory...
[  OK  ] Created slic[    4.087668] systemd[1]: Reached target Slices.
e User and Session Slice.
[    4.096077] systemd[1]: Listening on udev Kernel Socket.
[  OK  ] Reached target Slices.
[  OK  ] Listening on udev Kernel Socket.[    4.108380] RTL871X: module init start

[    4.111718] systemd[1]: Starting Journal Service...
[    4.119636] RTL871X: rtl8723bu v4.3.6.11_12942.20141204_BTCOEX20140507-4E40
[    4.119639] RTL871X: rtl8723bu BT-Coex version = BTCOEX20140507-4E40
         Starting Journal Service...
[    4.138685] systemd[1]: Mounting Debug File System...
         Mounting Debug File Syst[    4.144995] systemd[1]: Listening on Network Service Netlink Socket.
em...
[  OK  ] Listening on N[    4.154225] systemd[1]: Reached target Remote File Systems.
etwork Service Netlink Socket.
[    4.163026] systemd[1]: Reached target Swap.
[  OK  ] Reached target Remote File Systems.
[  OK  ] Reached target Swap.[    4.176216] systemd[1]: Mounted Debug File System.

[  OK  ] Mounted Debug File System.
[    4.223477] systemd[1]: Mounted Temporary Directory.
[  OK  ] Mounted Temporary Directory.
[    4.244220] systemd[1]: Started Create list of required static device nodes for the current kernel.
[  OK  ] Started Create list of required sta...ce nodes for the current kernel.
[    4.274285] systemd[1]: Started Setup Virtual Console.
[  OK  ] Started Setup Virtual Console.
[    4.304945] systemd[1]: Started File System Check on Root Device.
[  OK  ] Started File System Check on Root Device.
[    4.334767] systemd[1]: Started Journal Service.
[  OK  ] Started Journal Service.
[    4.437582] RTL871X: rtw_ndev_init(wlan0)
[    4.442714] RTL871X: rtw_ndev_init(wlan1)
[    4.447953] usbcore: registered new interface driver rtl8723bu
[    4.453883] RTL871X: module init ret=0
         Starting Remount Root and Kernel File Systems...
[    4.490692] EXT4-fs (mmcblk0p2): re-mounted. Opts: (null)
[    4.491080] Galcore version 5.0.11.41671
[  OK  ] Started Remount Root and Kernel File Systems.
         Starting Flush Journal to Persistent Storage...
         Starting Create Static Device Nodes in /dev...
         Starting udev Coldplug all Devices...
[    4.679994] systemd-journald[200]: Received request to flush runtime journal from PID 1
[  OK  ] Started Flush Journal to Persistent Storage.
[  OK  ] Started Create Static Device Nodes in /dev.
         Starting udev Kernel Device Manager...
[  OK  ] Reached target Local File Systems (Pre).
         Mounting /var/volatile...
[  OK  ] Mounted /var/volatile.
[  OK  ] Started udev Kernel Device Manager.
[  OK  ] Reached target Local File Systems.
         Starting Create Volatile Files and Directories...
         Starting Load/Save Random Seed...
[  OK  ] Started Load/Save Random Seed.
[  OK  ] Started Create Volatile Files and Directories.
         Starting Update UTMP about System Boot/Shutdown...
         Starting Network Time Synchronization...
[    5.344751] tty0tty null modem driver v1.2
[  OK  ] Started Load Kernel Modules.
[  OK  ] Started Network Time Synchronization.
[  OK  ] Started Update UTMP about System Boot/Shutdown.
[  OK  ] Started udev Coldplug all Devices.
[  OK  ] Found device /dev/ttymxc0.
[  OK  ] Created slice system-systemd\x2dbacklight.slice.
         Starting Load/Save Screen Backlight...htness of backlight:backlight...
[  OK  ] Reached target System Time Synchronized.
         Starting Apply Kernel Variables...
         Mounting FUSE Control File System...
         Mounting Configuration File System...
[  OK  ] Mounted FUSE Control File System.
[  OK  ] Mounted Configuration File System.
[  OK  ] Started Load/Save Screen Backlight Brightness of backlight:backlight.
[  OK  ] Started Apply Kernel Variables.
[  OK  ] Found device /dev/ttymxc1.
[    5.946105] ov5647_read_reg(mipi):reg=300a ret=-5
[    5.950915] camera ov5647_mipi is not found
[    6.100360] ERROR: v4l2 capture: slave not found!
[    6.105359] ERROR: v4l2 capture: slave not found!
[  OK  ] Listening on Load/Save RF Kill Switch Status /dev/rfkill Watch.
[  OK  ] Reached target Sound Card.
[  OK  ] Reached target System Initialization.
[  OK  ] Listening on dropbear.socket.
[  OK  ] Listening on RPCbind Server Activation Socket.
[  OK  ] Listening on D-Bus System Message Bus Socket.
[  OK  ] Reached target Sockets.
[  OK  ] Reached target Basic System.
[  OK  ] Started Serial Getty on ttymxc0.
[  OK  ] Started Serial Getty on ttymxc1.
[  OK  ] Reached target Login Prompts.
[  OK  ] Started Kernel Logging Service.
[  OK  ] Started D-Bus System Message Bus.
         Starting Network Service...
         Starting Save/Restore Sound Card State...
         Starting D-BUS Session Message Bus....
[  OK  ] Started System Logging Service.
[  OK  ] Started B2Qt user application.
[  OK  ] Started Daily Cleanup of Temporary Directories.
[  OK  ] Reached target Timers.
         Starting Login Service...
[  OK  ] Started Network Service.
[    6.683211] usb 1-1.1: new high-speed USB device number 4 using ci_hdrc
[  OK  ] Started Save/Restore Sound Card State.
         Starting Load/Save RF Kill Switch Status...
[  OK  ] Reached target Network.
         Starting Network Time Service...
         Starting ADB Server Daemon...
[  OK  ] Started Load/Save RF Kill Swit[    6.819585] option 1-1.1:1.0: GSM modem (1-port) converter detected
ch Status.
[    6.833939] usb 1-1.1: GSM modem (1-port) converter now attached to ttyUSB0
[    6.843242] option 1-1.1:1.1: GSM modem (1-port) converter detected
[    6.852360] usb 1-1.1: GSM modem (1-port) converter now attached to ttyUSB1
[  OK  ] Started D-BUS Session Message [    6.861733] option 1-1.1:1.2: GSM modem (1-port) converter detected
Bus..
[    6.874213] usb 1-1.1: GSM modem (1-port) converter now attached to ttyUSB2
[    6.883372] option 1-1.1:1.3: GSM modem (1-port) converter detected
[  OK  [    6.891629] usb 1-1.1: GSM modem (1-port) converter now attached to ttyUSB3
] Started Network Time Service.
[    6.902158] file system registered
[    6.905343] option 1-1.1:1.4: GSM modem (1-port) converter detected
[    6.907850] usb 1-1.1: GSM modem (1-port) converter now attached to ttyUSB4
[  OK  ] Started ADB Server Daemon.
[  OK  ] Started Login Service.
[    7.030432] read descriptors
[    7.034691] read strings
[    7.037379] g_ffs gadget: g_ffs ready
[  OK  ] Reached target Multi-User System.
[  OK  ] Started Ujet HTTPD Service.
[  OK  ] Reached target Custom Target.
[  OK  ] Started Ujet Ble Service.
         Starting Update UTMP about System Runlevel Changes...
[  OK  ] Started Ujet Telemetry Service.
         Starting Ujet Identify Service...
[  OK  ] Started Ujet Bluetooth Audio Service.
[  OK  ] Started Ujet Cloud Service.
[    7.233751] flexcan 2090000.flexcan can0: writing ctrl=0x01232084
[  OK  ] Started Update UTMP about System Runlevel Changes.
[  OK  ] Stopped Bluetooth service.
[    8.308722] mxc_sdc_fb fb@0: 800x480 h_sync,r,l: 72,24,96  v_sync,l,u: 7,3,10 pixclock=29500000 Hz
[    8.503110] random: nonblocking pool is initialized

Boot to Qt for Embedded Linux 2.1.1 b2qt-apalis-imx6 ttymxc0

b2qt-apalis-imx6 login: roo[   14.053715] ci_hdrc ci_hdrc.0: Device No Response
t
root@b2qt-apalis-imx6:~# cd /
root@b2qt-apalis-imx6:/# ip -details link show can0
2: can0: <NOARP,UP,LOWER_UP,ECHO> mtu 16 qdisc pfifo_fast state UNKNOWN mode DEFAULT group default qlen 10
    link/can  promiscuity 0 
    can <TRIPLE-SAMPLING> state ERROR-WARNING (berr-counter tx 0 rx 135) restart-ms 0 
	  bitrate 1000000 sample-point 0.733 
	  tq 66 prop-seg 5 phase-seg1 5 phase-seg2 4 sjw 1
	  flexcan: tseg1 4..16 tseg2 2..8 sjw 1..4 brp 1..256 brp-inc 1
	  clock 30000000
root@b2qt-apalis-imx6:/# ip -details link show can0
2: can0: <NOARP,UP,LOWER_UP,ECHO> mtu 16 qdisc pfifo_fast state UNKNOWN mode DEFAULT group default qlen 10
    link/can  promiscuity 0 
    can <TRIPLE-SAMPLING> state ERROR-WARNING (berr-counter tx 0 rx 135) restart-ms 0 
	  bitrate 1000000 sample-point 0.733 
	  tq 66 prop-seg 5 phase-seg1 5 phase-seg2 4 sjw 1
	  flexcan: tseg1 4..16 tseg2 2..8 sjw 1..4 brp 1..256 brp-inc 1
	  clock 30000000
root@b2qt-apalis-imx6:/# can  dump can0&  
interface = can0, family = 29, type = 3, proto = 1



U-Boot 2016.11+fslc+g80c3bd6 (Jan 02 2018 - 11:32:06 +0100)

CPU:   Freescale i.MX6Q rev1.5 at 792 MHz
Reset cause: POR
I2C:   ready
DRAM:  2 GiB
PMIC:  device id: 0x10, revision id: 0x21, programmed
Mìj:   FSL_SDHC: 0, FSL_SDHC: 1, FSL_SDHC: 2
auto-detected panel vga-rgb
Display: vga-rgb (640x480)
In:    serial
Out:   serial
Err:   serial
Model: Toradex Apalis iMX6 Quad 2GB IT V1.1C, Serial# 05139699
Net:   using PHY at 7
FEC [PRIME]
Hit any key to stop autoboot:  1  0 
Booting from internal eMMC chip...
reading imx6q-apalis-ixora-v1_1.dtb
48970 bytes read in 22 ms (2.1 MiB/s)
reading uImage
5943928 bytes read in 172 ms (33 MiB/s)
## Booting kernel from Legacy Image at 11000000 ...
   Image Name:   Linux-4.1.41-v2.7b1+g82f0f4f
   Image Type:   ARM Linux Kernel Image (uncompressed)
   Data Size:    5943864 Bytes = 5.7 MiB
   Load Address: 10008000
   Entry Point:  10008000
   Verifying Checksum ... OK
## Flattened Device Tree blob at 12000000
   Booting using the fdt blob at 0x12000000
   Loading Kernel Image ... OK
   Using Device Tree in place at 12000000, end 1200ef49

Starting kernel ...

[    0.000000] Booting Linux on physical CPU 0x0
[    0.000000] Initializing cgroup subsys cpu
[    0.000000] Initializing cgroup subsys cpuacct
[    0.000000] Linux version 4.1.41-v2.7b1+g82f0f4f (behlingc@mplan-ubuntu-1610-dev) (gcc version 5.3.0 (GCC) ) #1 SMP Wed Jan 31 17:39:36 CET 2018
[    0.000000] CPU: ARMv7 Processor [412fc09a] revision 10 (ARMv7), cr=10c5387d
[    0.000000] CPU: PIPT / VIPT nonaliasing data cache, VIPT aliasing instruction cache
[    0.000000] Machine model: Toradex Apalis iMX6Q/D Module on Ixora V1.1 Carrier Board
[    0.000000] Reserved memory: created CMA memory pool at 0x62000000, size 320 MiB
[    0.000000] Reserved memory: initialized node linux,cma, compatible id shared-dma-pool
[    0.000000] Memory policy: Data cache writealloc
[    0.000000] PERCPU: Embedded 12 pages/cpu @d0efd000 s16908 r8192 d24052 u49152
[    0.000000] Built 1 zonelists in Zone order, mobility grouping on.  Total pages: 521024
[    0.000000] Kernel command line: enable_wait_mode=off vmalloc=400M ip=off root=/dev/mmcblk0p2 rw,noatime rootfstype=ext4 rootwait fec_mac=00:14:2d:4e:6c:f3 consoleblank=0 no_console_suspend=1 console=tty1 console=ttymxc0,115200n8 mxc_hdmi.only_cea=1 video=mxcfb1:dev=hdmi,1920x1080M@60,if=RGB24 video=mxcfb0:dev=ldb,800x480M@60,if=RGB666 video=mxcfb2:off video=mxcfb3:off fbmem=32M
[    0.000000] PID hash table entries: 4096 (order: 2, 16384 bytes)
[    0.000000] Dentry cache hash table entries: 262144 (order: 8, 1048576 bytes)
[    0.000000] Inode-cache hash table entries: 131072 (order: 7, 524288 bytes)
[    0.000000] Memory: 1738972K/2097152K available (7679K kernel code, 330K rwdata, 2648K rodata, 372K init, 423K bss, 30500K reserved, 327680K cma-reserved, 425984K highmem)
[    0.000000] Virtual kernel memory layout:
[    0.000000]     vector  : 0xffff0000 - 0xffff1000   (   4 kB)
[    0.000000]     fixmap  : 0xffc00000 - 0xfff00000   (3072 kB)
[    0.000000]     vmalloc : 0xe6800000 - 0xff000000   ( 392 MB)
[    0.000000]     lowmem  : 0x80000000 - 0xe6000000   (1632 MB)
[    0.000000]     pkmap   : 0x7fe00000 - 0x80000000   (   2 MB)
[    0.000000]     modules : 0x7f000000 - 0x7fe00000   (  14 MB)
[    0.000000]       .text : 0x80008000 - 0x80a1e0a4   (10329 kB)
[    0.000000]       .init : 0x80a1f000 - 0x80a7c000   ( 372 kB)
[    0.000000]       .data : 0x80a7c000 - 0x80ace8c0   ( 331 kB)
[    0.000000]        .bss : 0x80ad1000 - 0x80b3ae1c   ( 424 kB)
[    0.000000] SLUB: HWalign=64, Order=0-3, MinObjects=0, CPUs=4, Nodes=1
[    0.000000] Hierarchical RCU implementation.
[    0.000000] NR_IRQS:16 nr_irqs:16 16
[    0.000000] L2C-310 erratum 769419 enabled
[    0.000000] L2C-310 enabling early BRESP for Cortex-A9
[    0.000000] L2C-310 full line of zeros enabled for Cortex-A9
[    0.000000] L2C-310 ID prefetch enabled, offset 16 lines
[    0.000000] L2C-310 dynamic clock gating enabled, standby mode enabled
[    0.000000] L2C-310 cache controller enabled, 16 ways, 1024 kB
[    0.000000] L2C-310: CACHE_ID 0x410000c7, AUX_CTRL 0x76470001
[    0.000000] mxc_clocksource_init 3000000
[    0.000000] Switching to timer-based delay loop, resolution 333ns
[    0.000006] sched_clock: 32 bits at 3000kHz, resolution 333ns, wraps every 715827882841ns
[    0.000022] clocksource mxc_timer1: mask: 0xffffffff max_cycles: 0xffffffff, max_idle_ns: 637086815595 ns
[    0.001231] Console: colour dummy device 80x30
[    0.001854] console [tty1] enabled
[    0.001883] Calibrating delay loop (skipped), value calculated using timer frequency.. 6.00 BogoMIPS (lpj=30000)
[    0.001925] pid_max: default: 32768 minimum: 301
[    0.002040] Mount-cache hash table entries: 4096 (order: 2, 16384 bytes)
[    0.002068] Mountpoint-cache hash table entries: 4096 (order: 2, 16384 bytes)
[    0.002647] Initializing cgroup subsys freezer
[    0.002685] Initializing cgroup subsys debug
[    0.002736] CPU: Testing write buffer coherency: ok
[    0.003013] Setting up static identity map for 0x10008280 - 0x100082d8
[    0.006299] Brought up 4 CPUs
[    0.006336] SMP: Total of 4 processors activated (24.00 BogoMIPS).
[    0.006359] CPU: All CPU(s) started in SVC mode.
[    0.006848] devtmpfs: initialized
[    0.019399] VFP support v0.3: implementor 41 architecture 3 part 30 variant 9 rev 4
[    0.019843] clocksource jiffies: mask: 0xffffffff max_cycles: 0xffffffff, max_idle_ns: 19112604462750000 ns
[    0.019904] futex hash table entries: 1024 (order: 4, 65536 bytes)
[    0.039863] pinctrl core: initialized pinctrl subsystem
[    0.041145] NET: Registered protocol family 16
[    0.049499] DMA: preallocated 256 KiB pool for atomic coherent allocations
[    0.079658] cpuidle: using governor ladder
[    0.109653] cpuidle: using governor menu
[    0.110047] CPU identified as i.MX6Q, silicon rev 1.5
[    0.134629] hw-breakpoint: found 5 (+1 reserved) breakpoint and 1 watchpoint registers.
[    0.134677] hw-breakpoint: maximum watchpoint size is 4 bytes.
[    0.135804] imx6q-pinctrl 20e0000.iomuxc: initialized IMX pinctrl driver
[    0.137794] imx-gpc 20dc000.gpc: no fsl,ldo-bypass found!
[    0.147975] mxs-dma 110000.dma-apbh: initialized
[    0.150500] usb_host_vbus: supplied by usb_host_vbus_hub
[    0.150860] vgaarb: loaded
[    0.151693] SCSI subsystem initialized
[    0.152194] usbcore: registered new interface driver usbfs
[    0.152291] usbcore: registered new interface driver hub
[    0.152394] usbcore: registered new device driver usb
[    0.152628] 2000000.aips-bus:usbphy_nop1 supply vcc not found, using dummy regulator
[    0.152812] 2000000.aips-bus:usbphy_nop2 supply vcc not found, using dummy regulator
[    0.153583] i2c-gpio i2c@0: using pins 80 (SDA) and 62 (SCL)
[    0.154453] i2c i2c-1: IMX I2C adapter registered
[    0.154489] i2c i2c-1: can't use DMA
[    0.156045] stmpe-i2c 2-0041: stmpe811 detected, chip id: 0x811
[    0.157974] i2c i2c-2: IMX I2C adapter registered
[    0.158010] i2c i2c-2: can't use DMA
[    0.158481] i2c i2c-3: IMX I2C adapter registered
[    0.158515] i2c i2c-3: can't use DMA
[    0.158675] Linux video capture interface: v2.00
[    0.158747] pps_core: LinuxPPS API ver. 1 registered
[    0.158771] pps_core: Software ver. 5.3.6 - Copyright 2005-2007 Rodolfo Giometti <giometti@linux.it>
[    0.158825] PTP clock support registered
[    0.179701] imx-ipuv3 2400000.ipu: IPU DMFC NORMAL mode: 1(0~1), 5B(4,5), 5F(6,7)
[    0.199697] imx-ipuv3 2800000.ipu: IPU DMFC NORMAL mode: 1(0~1), 5B(4,5), 5F(6,7)
[    0.200625] mxc_mipi_csi2 21dc000.mipi_csi: i.MX MIPI CSI2 driver probed ipu0 csi1
[    0.200673] mxc_mipi_csi2 21dc000.mipi_csi: i.MX MIPI CSI2 dphy version is 0x3130302a
[    0.200786] MIPI CSI2 driver module loaded
[    0.201072] Advanced Linux Sound Architecture Driver Initialized.
[    0.202312] Bluetooth: Core ver 2.20
[    0.202373] NET: Registered protocol family 31
[    0.202395] Bluetooth: HCI device and connection manager initialized
[    0.202425] Bluetooth: HCI socket layer initialized
[    0.202456] Bluetooth: L2CAP socket layer initialized
[    0.202500] Bluetooth: SCO socket layer initialized
[    0.203091] Switched to clocksource mxc_timer1
[    0.213890] NET: Registered protocol family 2
[    0.214665] TCP established hash table entries: 16384 (order: 4, 65536 bytes)
[    0.214835] TCP bind hash table entries: 16384 (order: 5, 131072 bytes)
[    0.215096] TCP: Hash tables configured (established 16384 bind 16384)
[    0.215196] UDP hash table entries: 1024 (order: 3, 32768 bytes)
[    0.215290] UDP-Lite hash table entries: 1024 (order: 3, 32768 bytes)
[    0.215557] NET: Registered protocol family 1
[    0.215896] RPC: Registered named UNIX socket transport module.
[    0.215927] RPC: Registered udp transport module.
[    0.215949] RPC: Registered tcp transport module.
[    0.215968] RPC: Registered tcp NFSv4.1 backchannel transport module.
[    0.216760] CPU PMU: Failed to parse /soc/pmu/interrupt-affinity[0]
[    0.216834] hw perfevents: enabled with armv7_cortex_a9 PMU driver, 7 counters available
[    0.217868] imx rpmsg driver is registered.
[    0.218914] Bus freq driver module loaded
[    0.225931] VFS: Disk quotas dquot_6.6.0
[    0.226126] VFS: Dquot-cache hash table entries: 1024 (order 0, 4096 bytes)
[    0.227178] squashfs: version 4.0 (2009/01/31) Phillip Lougher
[    0.227973] NFS: Registering the id_resolver key type
[    0.228040] Key type id_resolver registered
[    0.228064] Key type id_legacy registered
[    0.228107] nfs4filelayout_init: NFSv4 File Layout Driver Registering...
[    0.228642] ntfs: driver 2.1.32 [Flags: R/W].
[    0.229126] fuse init (API version 7.23)
[    0.233319] bounce: pool size: 64 pages
[    0.233363] io scheduler noop registered
[    0.233389] io scheduler deadline registered
[    0.233553] io scheduler cfq registered (default)
[    0.236301] backlight supply power not found, using dummy regulator
[    0.237919] MIPI DSI driver module loaded
[    0.239288] 20e0000.hdmi_video supply HDMI not found, using dummy regulator
[    0.240777] fbcvt: 800x480@60: CVT Name - .384M9
[    0.240822] mxc_sdc_fb fb@0: registered mxc display driver ldb
[    0.244988] mxc_sdc_fb fb@0: 800x480 h_sync,r,l: 72,24,96  v_sync,l,u: 7,3,10 pixclock=29500000 Hz
[    0.266802] mxc_hdmi 20e0000.hdmi_video: Detected HDMI controller 0x13:0xa:0xa0:0xc1
[    0.266864] fbcvt: 1920x1080@60: CVT Name - 2.073M9
[    0.266987] mxc_sdc_fb fb@1: registered mxc display driver hdmi
[    0.282199] mxc_sdc_fb fb@1: 1920x1080 h_sync,r,l: 44,88,148  v_sync,l,u: 5,4,36 pixclock=148500000 Hz
[    0.293176] imx-ipuv3 2400000.ipu: IPU DMFC DP HIGH RESOLUTION: 1(0,1), 5B(2~5), 5F(6,7)
[    0.296847] mxc_sdc_fb fb@2: mxcfb2 is turned off!
[    0.296944] mxc_sdc_fb fb@3: mxcfb3 is turned off!
[    0.298451] imx-sdma 20ec000.sdma: no iram assigned, using external mem
[    0.298873] imx-sdma 20ec000.sdma: no event needs to be remapped
[    0.299175] imx-sdma 20ec000.sdma: loaded firmware 3.3
[    0.301785] imx-sdma 20ec000.sdma: initialized
[    0.303476] pfuze100-regulator 2-0008: Full layer: 2, Metal layer: 1
[    0.304093] pfuze100-regulator 2-0008: FAB: 0, FIN: 0
[    0.304123] pfuze100-regulator 2-0008: pfuze100 found.
[    0.318440] 2020000.serial: ttymxc0 at MMIO 0x2020000 (irq = 26, base_baud = 5000000) is a IMX
[    1.224902] console [ttymxc0] enabled
[    1.229459] 21e8000.serial: ttymxc1 at MMIO 0x21e8000 (irq = 301, base_baud = 5000000) is a IMX
[    1.238719] 21f0000.serial: ttymxc3 at MMIO 0x21f0000 (irq = 302, base_baud = 5000000) is a IMX
[    1.247962] 21f4000.serial: ttymxc4 at MMIO 0x21f4000 (irq = 303, base_baud = 5000000) is a IMX
[    1.258693] [drm] Initialized drm 1.1.0 20060810
[    1.263808] [drm] Initialized vivante 1.0.0 20120216 on minor 0
[    1.277871] brd: module loaded
[    1.286075] loop: module loaded
[    1.290497] ahci-imx 2200000.sata: fsl,transmit-level-mV not specified, using 00000024
[    1.298522] ahci-imx 2200000.sata: fsl,transmit-boost-mdB not specified, using 00000480
[    1.306587] ahci-imx 2200000.sata: fsl,transmit-atten-16ths not specified, using 00002000
[    1.314816] ahci-imx 2200000.sata: fsl,receive-eq-mdB not specified, using 05000000
[    1.325999] ahci-imx 2200000.sata: SSS flag set, parallel bus scan disabled
[    1.333020] ahci-imx 2200000.sata: AHCI 0001.0300 32 slots 1 ports 3 Gbps 0x1 impl platform mode
[    1.341878] ahci-imx 2200000.sata: flags: ncq sntf stag pm led clo only pmp pio slum part ccc apst 
[    1.352326] scsi host0: ahci-imx
[    1.355915] ata1: SATA max UDMA/133 mmio [mem 0x02200000-0x02203fff] port 0x100 irq 313
[    1.367300] spi_imx 2008000.ecspi: probed
[    1.372251] vcan: Virtual CAN interface driver
[    1.376780] CAN device driver interface
[    1.380885] 2090000.flexcan supply xceiver not found, using dummy regulator
[    1.388680] flexcan 2090000.flexcan: device registered (reg_base=e6aa8000, irq=35)
[    1.396434] 2094000.flexcan supply xceiver not found, using dummy regulator
[    1.404141] flexcan 2094000.flexcan: device registered (reg_base=e6ab0000, irq=36)
[    1.412883] 2188000.ethernet supply phy not found, using dummy regulator
[    1.433508] pps pps0: new PPS source ptp0
[    1.438769] libphy: fec_enet_mii_bus: probed
[    1.444845] fec 2188000.ethernet eth0: registered PHC device 0
[    1.450970] PPP generic driver version 2.4.2
[    1.455518] ehci_hcd: USB 2.0 'Enhanced' Host Controller (EHCI) Driver
[    1.462079] ehci-pci: EHCI PCI platform driver
[    1.466634] ehci-mxc: Freescale On-Chip EHCI Host driver
[    1.472172] usbcore: registered new interface driver usb-storage
[    1.478363] usbcore: registered new interface driver usbserial
[    1.484282] usbcore: registered new interface driver usbserial_generic
[    1.490869] usbserial: USB Serial support registered for generic
[    1.496962] usbcore: registered new interface driver ftdi_sio
[    1.502781] usbserial: USB Serial support registered for FTDI USB Serial Device
[    1.510198] usbcore: registered new interface driver option
[    1.515846] usbserial: USB Serial support registered for GSM modem (1-port)
[    1.522874] usbcore: registered new interface driver pl2303
[    1.528522] usbserial: USB Serial support registered for pl2303
[    1.535835] 2184800.usbmisc supply vbus-wakeup not found, using dummy regulator
[    1.554981] ci_hdrc ci_hdrc.1: EHCI Host Controller
[    1.559919] ci_hdrc ci_hdrc.1: new USB bus registered, assigned bus number 1
[    1.583129] ci_hdrc ci_hdrc.1: USB 2.0 started, EHCI 1.00
[    1.589347] hub 1-0:1.0: USB hub found
[    1.593203] hub 1-0:1.0: 1 port detected
[    1.598134] mousedev: PS/2 mouse device common for all mice
[    1.604325] [PENMOUNT] Loading penmount_i2c V1.15.0
[    1.609372] [PENMOUNT] Probing for device ...
[    1.633060] [PENMOUNT] PM2204.D01.1.0.0
[    1.639812] [PENMOUNT] Supports 5 touch contacts
[    1.647338] [PENMOUNT] Supports WD mode
[    1.651194] [PENMOUNT] Supports WP mode
[    1.657935] [PENMOUNT] Use WP mode !
[    1.664407] [PENMOUNT] Sensitivity Level : 0 (max: 2)
[    1.672346] [PENMOUNT] irq already specified !!
[    1.677055] [PENMOUNT] Using IRQ 219
[    1.680889] input: PenMount I2C Touch Screen as /devices/soc0/soc/2100000.aips-bus/21a0000.i2c/i2c-1/1-0038/input/input0
[    1.692302] input: PenMount I2C Touch Key as /devices/soc0/soc/2100000.aips-bus/21a0000.i2c/i2c-1/1-0038/input/input1
[    1.706494] rtc-ds1307 1-0068: rtc core: registered m41t0 as rtc0
[    1.713136] ata1: SATA link down (SStatus 0 SControl 300)
[    1.713297] snvs_rtc 20cc000.snvs:snvs-rtc-lp: rtc core: registered 20cc000.snvs:snvs-r as rtc1
[    1.713436] i2c /dev entries driver
[    1.715188] mxc_v4l2_output v4l2_out: V4L2 device registered as video16
[    1.715343] mxc_v4l2_output v4l2_out: V4L2 device registered as video17
[    1.715507] mxc_v4l2_output v4l2_out: V4L2 device registered as video18
[    1.715668] mxc_v4l2_output v4l2_out: V4L2 device registered as video19
[    1.717771] imx2-wdt 20bc000.wdog: timeout 60 sec (nowayout=0)
[    1.717997] usbcore: registered new interface driver btusb
[    1.718196] sdhci: Secure Digital Host Controller Interface driver
[    1.718198] sdhci: Copyright(c) Pierre Ossman
[    1.718208] sdhci-pltfm: SDHCI platform and OF driver helper
[    1.719133] /soc/aips-bus@02100000/usdhc@02190000: voltage-ranges unspecified
[    1.719164] sdhci-esdhc-imx 2190000.usdhc: Got CD GPIO
[    1.720671] sdhci-esdhc-imx 2190000.usdhc: No vqmmc regulator found
[    1.763257] mmc1: SDHCI controller on 2190000.usdhc [2190000.usdhc] using ADMA
[    1.766964] /soc/aips-bus@02100000/usdhc@02198000: voltage-ranges unspecified
[    1.775528] sdhci-esdhc-imx 2198000.usdhc: No vqmmc regulator found
[    1.823117] mmc0: SDHCI controller on 2198000.usdhc [2198000.usdhc] using ADMA
[    1.824726] mxc_vpu 2040000.vpu_fsl: VPU initialized
[    1.825295] mxc_vdoa 21e4000.vdoa: i.MX Video Data Order Adapter(VDOA) driver probed
[    1.828016] caam 2100000.caam: Entropy delay = 3200
[    1.849304] ahci-imx 2200000.sata: no device found, disabling link.
[    1.855619] ahci-imx 2200000.sata: pass ahci_imx..hotplug=1 to enable hotplug
[    1.888807] caam 2100000.caam: Instantiated RNG4 SH0
[    1.911254] mmc1: new high speed SDHC card at address 0001
[    1.917203] mmcblk1: mmc1:0001 00000 7.44 GiB 
[    1.923148] usb 1-1: new high-speed USB device number 2 using ci_hdrc
[    1.929681]  mmcblk1: p1 p2
[    1.949887] caam 2100000.caam: Instantiated RNG4 SH1
[    1.954915] caam 2100000.caam: device ID = 0x0a16010000000000 (Era -524)
[    1.961643] caam 2100000.caam: job rings = 2, qi = 0
[    2.018539] mmc0: MAN_BKOPS_EN bit is not set
[    2.038677] caam algorithms registered in /proc/crypto
[    2.042157] mmc0: new DDR MMC card at address 0001
[    2.048787] mmcblk0: mmc0:0001 Q2J54A 3.59 GiB 
[    2.053522] mmcblk0boot0: mmc0:0001 Q2J54A partition 1 16.0 MiB
[    2.054931] caam_jr 2101000.jr0: registering rng-caam
[    2.055839] snvs-secvio 20cc000.caam-snvs: can't get snvs clock
[    2.055890] snvs-secvio 20cc000.caam-snvs: violation handlers armed - non-secure state
[    2.056127] hidraw: raw HID events driver (C) Jiri Kosina
[    2.056340] usbcore: registered new interface driver usbhid
[    2.056343] usbhid: USB HID core driver
[    2.073256] stmpe-adc stmpe-adc: Initialized
[    2.076708] sgtl5000 2-000a: sgtl5000 revision 0x11
[    2.102516] fsl-asrc 2034000.asrc: driver registered
[    2.107760] mmcblk0boot1: mmc0:0001 Q2J54A partition 2 16.0 MiB
[    2.114716] hub 1-1:1.0: USB hub found
[    2.118674] hub 1-1:1.0: 4 ports detected
[    2.126776]  mmcblk0: p1 p2
[    2.242740] imx-sgtl5000 sound: sgtl5000 <-> 2028000.ssi mapping ok
[    2.251722] imx-spdif sound-spdif: snd-soc-dummy-dai <-> 2004000.spdif mapping ok
[    2.262272] imx-audio-hdmi sound-hdmi: hdmi-hifi <-> soc:hdmi_audio@00120000 mapping ok
[    2.271064] Netfilter messages via NETLINK v0.30.
[    2.275834] nfnl_acct: registering with nfnetlink.
[    2.280662] nf_conntrack version 0.5.0 (16384 buckets, 65536 max)
[    2.287267] nf_tables: (c) 2007-2009 Patrick McHardy <kaber@trash.net>
[    2.294259] ip_tables: (C) 2000-2006 Netfilter Core Team
[    2.300214] NET: Registered protocol family 10
[    2.305781] ip6_tables: (C) 2000-2006 Netfilter Core Team
[    2.311237] NET: Registered protocol family 17
[    2.315807] bridge: automatic filtering via arp/ip/ip6tables has been deprecated. Update your scripts to load br_netfilter if you need this.
[    2.328532] Bridge firewalling registered
[    2.332597] can: controller area network core (rev 20120528 abi 9)
[    2.338881] NET: Registered protocol family 29
[    2.343419] can: raw protocol (rev 20120528)
[    2.347729] can: broadcast manager protocol (rev 20120528 t)
[    2.353449] can: netlink gateway (rev 20130117) max_hops=1
[    2.359217] Bluetooth: RFCOMM TTY layer initialized
[    2.364180] Bluetooth: RFCOMM socket layer initialized
[    2.369377] Bluetooth: RFCOMM ver 1.11
[    2.373185] Bluetooth: BNEP (Ethernet Emulation) ver 1.3
[    2.378518] Bluetooth: BNEP filters: protocol multicast
[    2.383801] Bluetooth: BNEP socket layer initialized
[    2.388794] Bluetooth: HIDP (Human Interface Emulation) ver 1.2
[    2.394758] Bluetooth: HIDP socket layer initialized
[    2.399819] 8021q: 802.1Q VLAN Support v1.8
[    2.404406] Key type dns_resolver registered
[    2.410724] Registering SWP/SWPB emulation handler
[    2.416269] registered taskstats version 1
[    2.421243] 1ffc000.pcie supply pcie-bus not found, using dummy regulator
[    2.423162] usb 1-1.3: new high-speed USB device number 3 using ci_hdrc
[    2.847501] imx6q-pcie 1ffc000.pcie: phy link never came up
[    2.853150] imx6q-pcie 1ffc000.pcie: failed to initialize host
[    2.859104] imx6q-pcie: probe of 1ffc000.pcie failed with error -22
[    2.869372] rtc-ds1307 1-0068: setting system clock to 2018-02-03 10:54:29 UTC (1517655269)
[    2.887871] usb_otg_vbus: disabling
[    2.891644] ALSA device list:
[    2.894720]   #0: imx6q-apalis-sgtl5000
[    2.898580]   #1: imx-spdif
[    2.901392]   #2: imx-hdmi-soc
[    2.914172] EXT4-fs (mmcblk0p2): INFO: recovery required on readonly filesystem
[    2.921523] EXT4-fs (mmcblk0p2): write access will be enabled during recovery
[    3.166944] EXT4-fs (mmcblk0p2): recovery complete
[    3.172581] EXT4-fs (mmcblk0p2): mounted filesystem with ordered data mode. Opts: (null)
[    3.180840] VFS: Mounted root (ext4 filesystem) readonly on device 179:10.
[    3.188650] devtmpfs: mounted
[    3.191987] Freeing unused kernel memory: 372K (80a1f000 - 80a7c000)
[    3.331901] random: systemd urandom read with 21 bits of entropy available
[    3.343817] systemd[1]: systemd 229 running in system mode. (-PAM -AUDIT -SELINUX +IMA -APPARMOR +SMACK +SYSVINIT +UTMP -LIBCRYPTSETUP -GCRYPT -GNUTLS +ACL +XZ -LZ4 -SECCOMP +BLKID -ELFUTILS +KMOD -IDN)
[    3.362947] systemd[1]: Detected architecture arm.

Welcome to Boot to Qt for Embedded Linux 2.1.1 (krogoth)!

[    3.403643] systemd[1]: Set hostname to <b2qt-apalis-imx6>.
[    3.632094] systemd[1]: Started Dispatch Password Requests to Console Directory Watch.
[  OK  ] Started Dispatch Password Requests to Console Directory Watch.
[    3.663447] systemd[1]: Listening on Journal Socket (/dev/log).
[  OK  ] Listening on Journal Socket (/dev/log).
[    3.683291] systemd[1]: Reached target Remote File Systems.
[  OK  ] Reached target Remote File Systems.
[    3.703398] systemd[1]: Listening on udev Control Socket.
[  OK  ] Listening on udev Control Socket.
[    3.723621] systemd[1]: Created slice User and Session Slice.
[  OK  ] Created slice User and Session Slice.
[    3.743921] systemd[1]: Listening on Network Service Netlink Socket.
[  OK  ] Listening on Network Service Netlink Socket.
[    3.773904] systemd[1]: Created slice System Slice.
[  OK  ] Created slice System Slice.
[    3.793505] systemd[1]: Reached target Slices.
[  OK  ] Reached target Slices.
[    3.813742] systemd[1]: Started Forward Password Requests to Wall Directory Watch.
[  OK  ] Started Forward Password Requests to Wall Directory Watch.
[    3.843450] systemd[1]: Reached target Paths.
[  OK  ] Reached target Paths.
[    3.863579] systemd[1]: Listening on Syslog Socket.
[  OK  ] Listening on Syslog Socket.
[    3.883692] systemd[1]: Listening on Journal Socket.
[  OK  ] Listening on Journal Socket.
[    3.907373] systemd[1]: Starting Setup Virtual Console...
         Starting Setup Virtual Console...
[    3.937625] systemd[1]: Mounting Temporary Directory...
         Mounting Temporary Directory...
[    3.956160] systemd[1]: Starting Create list of required static device nodes for the current kernel...
         Starting Create list of required st... nodes for the current kernel...
[    3.985510] systemd[1]: Starting File System Check on Root Device...
         Starting File System Check on Root Device...
[    4.013638] systemd[1]: Listening on /dev/initctl Compatibility Named Pipe.
[  OK  [    4.021569] systemd[1]: Reached target Swap.
] Listening on /dev/initctl Compatibility Named Pipe.
[  OK  ] Reached target Swap.
[    4.034766] systemd[1]: Starting Journal Service...
         Starting Journal Service...
[    4.046092] systemd[1]: Starting Load Kernel Modules...
         Starting Load Kernel Modules...[    4.054543] systemd[1]: Mounting Debug File System...

         Mounting Debug File System...
[    4.061237] systemd[1]: Created slice system-serial\x2dgetty.slice.
[  OK  ] Created slice [    4.071163] systemd[1]: Listening on udev Kernel Socket.
system-serial\x2dgetty.slice.
[  OK  ] Listening on[    4.083791] systemd[1]: Mounted Debug File System.
 udev Kernel Socket.
[    4.089492] systemd[1]: Mounted Temporary Directory.
[  OK  ] Mounted Debug[    4.097375] systemd[1]: Started Setup Virtual Console.
 File System.
[  OK  [    4.105858] systemd[1]: Started Create list of required static device nodes for the current kernel.
] Mounted Temporary Directory.
[  OK  ] Started Setup Virtual Console.
[  OK  ] Started Create list of required sta...ce nodes for the current kernel.
[    4.149032] RTL871X: module init start
[    4.152249] systemd[1]: Started File System Check on Root Device.
[    4.159014] RTL871X: rtl8723bu v4.3.6.11_12942.20141204_BTCOEX20140507-4E40
[    4.159019] RTL871X: rtl8723bu BT-Coex version = BTCOEX20140507-4E40
[  OK  ] Started File System Check on Root Device.
[    4.256192] systemd[1]: Started Journal Service.
[  OK  ] Started Journal Service.
         Starting Remount Root and Kernel File Systems...
[    4.310124] EXT4-fs (mmcblk0p2): re-mounted. Opts: (null)
[  OK  ] Started Remount Root and Kernel File Systems.
         Starting udev Coldplug all Devices...
         Starting Create Static Device Nodes in /dev...
         Starting Flush Journal to Persistent Storage...
[    4.441136] RTL871X: rtw_ndev_init(wlan0)
[    4.446868] RTL871X: rtw_ndev_init(wlan1)
[    4.453455] usbcore: registered new interface driver rtl8723bu
[    4.459400] RTL871X: module init ret=0
[    4.478315] Galcore version 5.0.11.41671
[  OK  ] Started Create Static Device Nodes in /dev.
[    4.538049] systemd-journald[199]: Received request to flush runtime journal from PID 1
[  OK  ] Started Flush Journal to Persistent Storage.
         Starting udev Kernel Device Manager...
[  OK  ] Reached target Local File Systems (Pre).
         Mounting /var/volatile...
[  OK  ] Mounted /var/volatile.
[  OK  ] Started udev Kernel Device Manager.
[  OK  ] Reached target Local File Systems.
         Starting Create Volatile Files and Directories...
         Starting Load/Save Random Seed...
[  OK  ] Started Create Volatile Files and Directories.
[  OK  ] Started Load/Save Random Seed.
         Starting Network Time Synchronization...
         Starting Update UTMP about System Boot/Shutdown...
[  OK  ] Created slice system-systemd\x2dbacklight.slice.
         Starting Load/Save Screen Backlight...htness of backlight:backlight...
[  OK  ] Started udev Coldplug all Devices.
[  OK  ] Started Network Time Synchronization.
[    5.370161] tty0tty null modem driver v1.2
[  OK  ] Started Load Kernel Modules.
[  OK  ] Started Load/Save Screen Backlight Brightness of backlight:backlight.
[  OK  ] Found device /dev/ttymxc0.
[  OK  ] Started Update UTMP about System Boot/Shutdown.
[  OK  ] Found device /dev/ttymxc1.
[    5.773617] ov5647_read_reg(mipi):reg=300a ret=-5
[    5.778396] camera ov5647_mipi is not found
[    5.885721] ERROR: v4l2 capture: slave not found!
[    5.889822] ERROR: v4l2 capture: slave not found!
[  OK  ] Listening on Load/Save RF Kill Switch Status /dev/rfkill Watch.
[  OK  ] Reached target Sound Card.
         Starting Apply Kernel Variables...
         Mounting FUSE Control File System...
         Mounting Configuration File System...
[  OK  ] Reached target System Time Synchronized.
[  OK  ] Mounted Configuration File System.
[  OK  ] Mounted FUSE Control File System.
[  OK  ] Started Apply Kernel Variables.
         Starting Load/Save RF Kill Switch Status...
[  OK  ] Reached target System Initialization.
[  OK  ] Listening on RPCbind Server Activation Socket.
[  OK  ] Listening on D-Bus System Message Bus Socket.
[  OK  ] Listening on dropbear.socket.
[  OK  ] Reached target Sockets.
[  OK  ] Started Daily Cleanup of Temporary Directories.
[  OK  ] Reached target Timers.
[  OK  ] Reached target Basic System.
[  OK  ] Started System Logging Service.
[  OK  ] Started B2Qt user application.
[  OK  ] Started D-Bus System Message Bus.
[    6.693159] usb 1-1.1: new high-speed USB device number 4 using ci_hdrc
         Starting Network Service...
         Starting D-BUS Session Message Bus....
[  OK  ] [    6.836454] option 1-1.1:1.0: GSM modem (1-port) converter detected
Started Serial Getty on ttymxc0.[    6.846401] usb 1-1.1: GSM modem (1-port) converter now attached to ttyUSB0

[    6.855248] option 1-1.1:1.1: GSM modem (1-port) converter detected
[    6.863305] usb 1-1.1: GSM modem (1-port) converter now attached to ttyUSB1
[    6.871943] option 1-1.1:1.2: GSM modem (1-port) converter detected
[    6.882739] usb 1-1.1: GSM modem (1-port) converter now attached to ttyUSB2
[    6.893407] option 1-1.1:1.3: GSM modem (1-port) converter detected
[  OK  ] Started Kernel Logging Service.
[    6.905020] usb 1-1.1: GSM modem (1-port) converter now attached to ttyUSB3
[    6.913733] option 1-1.1:1.4: GSM modem (1-port) converter detected
         Starting Login Service..[    6.922102] usb 1-1.1: GSM modem (1-port) converter now attached to ttyUSB4
.
         Starting Save/Restore Sound Card State...
[  OK  ] Started Serial Getty on ttymxc1.
[  OK  ] Reached target Login Prompts.
[  OK  ] Started Load/Save RF Kill Switch Status.
[  OK  ] Started Network Service.
[  OK  ] Started D-BUS Session Message Bus..
[  OK  ] Started Save/Restore Sound Card State.
[    7.096607] flexcan 2090000.flexcan can0: writing ctrl=0x01232084
[  OK  ] Reached target Network.
         Starting ADB Server Daemon...
         Starting Network Time Service...
[  OK  ] Started Login Service.
[    7.260749] file system registered
[  OK  ] Started Network Time Service.
[  OK  ] Started ADB Server Daemon.
[  OK  ] Reached target Multi-User System.
[  OK  ] Started Ujet Telemetry Service.
[    7.368702] read descriptors
[    7.371645] read strings
[    7.374785] g_ffs gadget: g_ffs ready
         Starting Ujet Identify Service...
[  OK  ] Started Ujet Cloud Service.
[  OK  ] Started Ujet HTTPD Service.
[  OK  ] Started Ujet Bluetooth Audio Service.
[  OK  ] Started Ujet Ble Service.
         Starting Update UTMP about System Runlevel Changes...
[  OK  ] Reached target Custom Target.
[  OK  ] Started Update UTMP about System Runlevel Changes.
[  OK  ] Stopped Bluetooth service.
[    8.171539] mxc_sdc_fb fb@0: 800x480 h_sync,r,l: 72,24,96  v_sync,l,u: 7,3,10 pixclock=29500000 Hz
[    8.560083] random: nonblocking pool is initialized

Boot to Qt for Embedded Linux 2.1.1 b2qt-apalis-imx6 ttymxc0

b2qt-apalis-imx6 login: [   14.386660] ci_hdrc ci_hdrc.0: Device No Response

Boot to Qt for Embedded Linux 2.1.1 b2qt-apalis-imx6 ttymxc0

b2qt-apalis-imx6 login: root
root@b2qt-apalis-imx6:~# cd /
root@b2qt-apalis-imx6:/# candump ca          ifconfg oig   ig
can0      Link encap:UNSPEC  HWaddr 00-00-00-00-00-00-00-00-00-00-00-00-00-00-00-00  
          UP RUNNING NOARP  MTU:16  Metric:1
          RX packets:1 errors:0 dropped:0 overruns:0 frame:0
          TX packets:0 errors:0 dropped:0 overruns:0 carrier:0
          collisions:0 txqueuelen:10 
          RX bytes:8 (8.0 B)  TX bytes:0 (0.0 B)
          Interrupt:35 

lo        Link encap:Local Loopback  
          inet addr:127.0.0.1  Mask:255.0.0.0
          inet6 addr: ::1%1996277456/128 Scope:Host
          UP LOOPBACK RUNNING  MTU:65536  Metric:1
          RX packets:0 errors:0 dropped:0 overruns:0 frame:0
          TX packets:0 errors:0 dropped:0 overruns:0 carrier:0
          collisions:0 txqueuelen:0 
          RX bytes:0 (0.0 B)  TX bytes:0 (0.0 B)

root@b2qt-apalis-imx6:/# candump can0
interface = can0, family = 29, type = 3, proto = 1


U-Boot 2016.11+fslc+g80c3bd6 (Jan 02 2018 - 11:32:06 +0100)

CPU:   Freescale i.MX6Q rev1.5 at 792 MHz
Reset cause: POR
I2C:   ready
DRAM:  2 GiB
PMIC:  device id: 0x10, revision id: 0x21, programmed
MS('˛FSL_SDHC: 0, FSL_SDHC: 1, FSL_SDHC: 2
auto-detected panel vga-rgb
Display: vga-rgb (640x480)
In:    serial
Out:   serial
Err:   serial
Model: Toradex Apalis iMX6 Quad 2GB IT V1.1C, Serial# 05139699
Net:   using PHY at 7
FEC [PRIME]
Hit any key to stop autoboot:  1  0 
Booting from internal eMMC chip...
reading imx6q-apalis-ixora-v1_1.dtb
48970 bytes read in 22 ms (2.1 MiB/s)
reading uImage
5943928 bytes read in 172 ms (33 MiB/s)
## Booting kernel from Legacy Image at 11000000 ...
   Image Name:   Linux-4.1.41-v2.7b1+g82f0f4f
   Image Type:   ARM Linux Kernel Image (uncompressed)
   Data Size:    5943864 Bytes = 5.7 MiB
   Load Address: 10008000
   Entry Point:  10008000
   Verifying Checksum ... OK
## Flattened Device Tree blob at 12000000
   Booting using the fdt blob at 0x12000000
   Loading Kernel Image ... OK
   Using Device Tree in place at 12000000, end 1200ef49

Starting kernel ...

[    0.000000] Booting Linux on physical CPU 0x0
[    0.000000] Initializing cgroup subsys cpu
[    0.000000] Initializing cgroup subsys cpuacct
[    0.000000] Linux version 4.1.41-v2.7b1+g82f0f4f (behlingc@mplan-ubuntu-1610-dev) (gcc version 5.3.0 (GCC) ) #1 SMP Wed Jan 31 17:39:36 CET 2018
[    0.000000] CPU: ARMv7 Processor [412fc09a] revision 10 (ARMv7), cr=10c5387d
[    0.000000] CPU: PIPT / VIPT nonaliasing data cache, VIPT aliasing instruction cache
[    0.000000] Machine model: Toradex Apalis iMX6Q/D Module on Ixora V1.1 Carrier Board
[    0.000000] Reserved memory: created CMA memory pool at 0x62000000, size 320 MiB
[    0.000000] Reserved memory: initialized node linux,cma, compatible id shared-dma-pool
[    0.000000] Memory policy: Data cache writealloc
[    0.000000] PERCPU: Embedded 12 pages/cpu @d0efd000 s16908 r8192 d24052 u49152
[    0.000000] Built 1 zonelists in Zone order, mobility grouping on.  Total pages: 521024
[    0.000000] Kernel command line: enable_wait_mode=off vmalloc=400M ip=off root=/dev/mmcblk0p2 rw,noatime rootfstype=ext4 rootwait fec_mac=00:14:2d:4e:6c:f3 consoleblank=0 no_console_suspend=1 console=tty1 console=ttymxc0,115200n8 mxc_hdmi.only_cea=1 video=mxcfb1:dev=hdmi,1920x1080M@60,if=RGB24 video=mxcfb0:dev=ldb,800x480M@60,if=RGB666 video=mxcfb2:off video=mxcfb3:off fbmem=32M
[    0.000000] PID hash table entries: 4096 (order: 2, 16384 bytes)
[    0.000000] Dentry cache hash table entries: 262144 (order: 8, 1048576 bytes)
[    0.000000] Inode-cache hash table entries: 131072 (order: 7, 524288 bytes)
[    0.000000] Memory: 1738972K/2097152K available (7679K kernel code, 330K rwdata, 2648K rodata, 372K init, 423K bss, 30500K reserved, 327680K cma-reserved, 425984K highmem)
[    0.000000] Virtual kernel memory layout:
[    0.000000]     vector  : 0xffff0000 - 0xffff1000   (   4 kB)
[    0.000000]     fixmap  : 0xffc00000 - 0xfff00000   (3072 kB)
[    0.000000]     vmalloc : 0xe6800000 - 0xff000000   ( 392 MB)
[    0.000000]     lowmem  : 0x80000000 - 0xe6000000   (1632 MB)
[    0.000000]     pkmap   : 0x7fe00000 - 0x80000000   (   2 MB)
[    0.000000]     modules : 0x7f000000 - 0x7fe00000   (  14 MB)
[    0.000000]       .text : 0x80008000 - 0x80a1e0a4   (10329 kB)
[    0.000000]       .init : 0x80a1f000 - 0x80a7c000   ( 372 kB)
[    0.000000]       .data : 0x80a7c000 - 0x80ace8c0   ( 331 kB)
[    0.000000]        .bss : 0x80ad1000 - 0x80b3ae1c   ( 424 kB)
[    0.000000] SLUB: HWalign=64, Order=0-3, MinObjects=0, CPUs=4, Nodes=1
[    0.000000] Hierarchical RCU implementation.
[    0.000000] NR_IRQS:16 nr_irqs:16 16
[    0.000000] L2C-310 erratum 769419 enabled
[    0.000000] L2C-310 enabling early BRESP for Cortex-A9
[    0.000000] L2C-310 full line of zeros enabled for Cortex-A9
[    0.000000] L2C-310 ID prefetch enabled, offset 16 lines
[    0.000000] L2C-310 dynamic clock gating enabled, standby mode enabled
[    0.000000] L2C-310 cache controller enabled, 16 ways, 1024 kB
[    0.000000] L2C-310: CACHE_ID 0x410000c7, AUX_CTRL 0x76470001
[    0.000000] mxc_clocksource_init 3000000
[    0.000000] Switching to timer-based delay loop, resolution 333ns
[    0.000006] sched_clock: 32 bits at 3000kHz, resolution 333ns, wraps every 715827882841ns
[    0.000022] clocksource mxc_timer1: mask: 0xffffffff max_cycles: 0xffffffff, max_idle_ns: 637086815595 ns
[    0.001232] Console: colour dummy device 80x30
[    0.001869] console [tty1] enabled
[    0.001898] Calibrating delay loop (skipped), value calculated using timer frequency.. 6.00 BogoMIPS (lpj=30000)
[    0.001940] pid_max: default: 32768 minimum: 301
[    0.002054] Mount-cache hash table entries: 4096 (order: 2, 16384 bytes)
[    0.002083] Mountpoint-cache hash table entries: 4096 (order: 2, 16384 bytes)
[    0.002664] Initializing cgroup subsys freezer
[    0.002703] Initializing cgroup subsys debug
[    0.002754] CPU: Testing write buffer coherency: ok
[    0.003034] Setting up static identity map for 0x10008280 - 0x100082d8
[    0.006311] Brought up 4 CPUs
[    0.006347] SMP: Total of 4 processors activated (24.00 BogoMIPS).
[    0.006371] CPU: All CPU(s) started in SVC mode.
[    0.006859] devtmpfs: initialized
[    0.019407] VFP support v0.3: implementor 41 architecture 3 part 30 variant 9 rev 4
[    0.019848] clocksource jiffies: mask: 0xffffffff max_cycles: 0xffffffff, max_idle_ns: 19112604462750000 ns
[    0.019911] futex hash table entries: 1024 (order: 4, 65536 bytes)
[    0.039784] pinctrl core: initialized pinctrl subsystem
[    0.041050] NET: Registered protocol family 16
[    0.049413] DMA: preallocated 256 KiB pool for atomic coherent allocations
[    0.079649] cpuidle: using governor ladder
[    0.109648] cpuidle: using governor menu
[    0.110045] CPU identified as i.MX6Q, silicon rev 1.5
[    0.134603] hw-breakpoint: found 5 (+1 reserved) breakpoint and 1 watchpoint registers.
[    0.134650] hw-breakpoint: maximum watchpoint size is 4 bytes.
[    0.135767] imx6q-pinctrl 20e0000.iomuxc: initialized IMX pinctrl driver
[    0.137759] imx-gpc 20dc000.gpc: no fsl,ldo-bypass found!
[    0.147964] mxs-dma 110000.dma-apbh: initialized
[    0.150471] usb_host_vbus: supplied by usb_host_vbus_hub
[    0.150832] vgaarb: loaded
[    0.151680] SCSI subsystem initialized
[    0.152182] usbcore: registered new interface driver usbfs
[    0.152273] usbcore: registered new interface driver hub
[    0.152377] usbcore: registered new device driver usb
[    0.152608] 2000000.aips-bus:usbphy_nop1 supply vcc not found, using dummy regulator
[    0.152791] 2000000.aips-bus:usbphy_nop2 supply vcc not found, using dummy regulator
[    0.153569] i2c-gpio i2c@0: using pins 80 (SDA) and 62 (SCL)
[    0.154443] i2c i2c-1: IMX I2C adapter registered
[    0.154478] i2c i2c-1: can't use DMA
[    0.156041] stmpe-i2c 2-0041: stmpe811 detected, chip id: 0x811
[    0.157974] i2c i2c-2: IMX I2C adapter registered
[    0.158014] i2c i2c-2: can't use DMA
[    0.158501] i2c i2c-3: IMX I2C adapter registered
[    0.158538] i2c i2c-3: can't use DMA
[    0.158700] Linux video capture interface: v2.00
[    0.158773] pps_core: LinuxPPS API ver. 1 registered
[    0.158795] pps_core: Software ver. 5.3.6 - Copyright 2005-2007 Rodolfo Giometti <giometti@linux.it>
[    0.158849] PTP clock support registered
[    0.179700] imx-ipuv3 2400000.ipu: IPU DMFC NORMAL mode: 1(0~1), 5B(4,5), 5F(6,7)
[    0.199695] imx-ipuv3 2800000.ipu: IPU DMFC NORMAL mode: 1(0~1), 5B(4,5), 5F(6,7)
[    0.200634] mxc_mipi_csi2 21dc000.mipi_csi: i.MX MIPI CSI2 driver probed ipu0 csi1
[    0.200682] mxc_mipi_csi2 21dc000.mipi_csi: i.MX MIPI CSI2 dphy version is 0x3130302a
[    0.200798] MIPI CSI2 driver module loaded
[    0.201090] Advanced Linux Sound Architecture Driver Initialized.
[    0.202349] Bluetooth: Core ver 2.20
[    0.202414] NET: Registered protocol family 31
[    0.202438] Bluetooth: HCI device and connection manager initialized
[    0.202468] Bluetooth: HCI socket layer initialized
[    0.202500] Bluetooth: L2CAP socket layer initialized
[    0.202545] Bluetooth: SCO socket layer initialized
[    0.203145] Switched to clocksource mxc_timer1
[    0.214012] NET: Registered protocol family 2
[    0.214795] TCP established hash table entries: 16384 (order: 4, 65536 bytes)
[    0.214971] TCP bind hash table entries: 16384 (order: 5, 131072 bytes)
[    0.215230] TCP: Hash tables configured (established 16384 bind 16384)
[    0.215333] UDP hash table entries: 1024 (order: 3, 32768 bytes)
[    0.215427] UDP-Lite hash table entries: 1024 (order: 3, 32768 bytes)
[    0.215698] NET: Registered protocol family 1
[    0.216039] RPC: Registered named UNIX socket transport module.
[    0.216070] RPC: Registered udp transport module.
[    0.216090] RPC: Registered tcp transport module.
[    0.216110] RPC: Registered tcp NFSv4.1 backchannel transport module.
[    0.216917] CPU PMU: Failed to parse /soc/pmu/interrupt-affinity[0]
[    0.216990] hw perfevents: enabled with armv7_cortex_a9 PMU driver, 7 counters available
[    0.218044] imx rpmsg driver is registered.
[    0.219085] Bus freq driver module loaded
[    0.226088] VFS: Disk quotas dquot_6.6.0
[    0.226282] VFS: Dquot-cache hash table entries: 1024 (order 0, 4096 bytes)
[    0.227337] squashfs: version 4.0 (2009/01/31) Phillip Lougher
[    0.228137] NFS: Registering the id_resolver key type
[    0.228203] Key type id_resolver registered
[    0.228225] Key type id_legacy registered
[    0.228267] nfs4filelayout_init: NFSv4 File Layout Driver Registering...
[    0.228802] ntfs: driver 2.1.32 [Flags: R/W].
[    0.229287] fuse init (API version 7.23)
[    0.233474] bounce: pool size: 64 pages
[    0.233516] io scheduler noop registered
[    0.233545] io scheduler deadline registered
[    0.233717] io scheduler cfq registered (default)
[    0.236455] backlight supply power not found, using dummy regulator
[    0.238078] MIPI DSI driver module loaded
[    0.239440] 20e0000.hdmi_video supply HDMI not found, using dummy regulator
[    0.240915] fbcvt: 800x480@60: CVT Name - .384M9
[    0.240962] mxc_sdc_fb fb@0: registered mxc display driver ldb
[    0.244944] mxc_sdc_fb fb@0: 800x480 h_sync,r,l: 72,24,96  v_sync,l,u: 7,3,10 pixclock=29500000 Hz
[    0.266851] mxc_hdmi 20e0000.hdmi_video: Detected HDMI controller 0x13:0xa:0xa0:0xc1
[    0.266913] fbcvt: 1920x1080@60: CVT Name - 2.073M9
[    0.267030] mxc_sdc_fb fb@1: registered mxc display driver hdmi
[    0.282278] mxc_sdc_fb fb@1: 1920x1080 h_sync,r,l: 44,88,148  v_sync,l,u: 5,4,36 pixclock=148500000 Hz
[    0.293226] imx-ipuv3 2400000.ipu: IPU DMFC DP HIGH RESOLUTION: 1(0,1), 5B(2~5), 5F(6,7)
[    0.296896] mxc_sdc_fb fb@2: mxcfb2 is turned off!
[    0.296986] mxc_sdc_fb fb@3: mxcfb3 is turned off!
[    0.298484] imx-sdma 20ec000.sdma: no iram assigned, using external mem
[    0.298910] imx-sdma 20ec000.sdma: no event needs to be remapped
[    0.299213] imx-sdma 20ec000.sdma: loaded firmware 3.3
[    0.301810] imx-sdma 20ec000.sdma: initialized
[    0.303496] pfuze100-regulator 2-0008: Full layer: 2, Metal layer: 1
[    0.304112] pfuze100-regulator 2-0008: FAB: 0, FIN: 0
[    0.304140] pfuze100-regulator 2-0008: pfuze100 found.
[    0.318323] 2020000.serial: ttymxc0 at MMIO 0x2020000 (irq = 26, base_baud = 5000000) is a IMX
[    1.224825] console [ttymxc0] enabled
[    1.229380] 21e8000.serial: ttymxc1 at MMIO 0x21e8000 (irq = 301, base_baud = 5000000) is a IMX
[    1.238645] 21f0000.serial: ttymxc3 at MMIO 0x21f0000 (irq = 302, base_baud = 5000000) is a IMX
[    1.247886] 21f4000.serial: ttymxc4 at MMIO 0x21f4000 (irq = 303, base_baud = 5000000) is a IMX
[    1.258625] [drm] Initialized drm 1.1.0 20060810
[    1.263742] [drm] Initialized vivante 1.0.0 20120216 on minor 0
[    1.277807] brd: module loaded
[    1.286010] loop: module loaded
[    1.290445] ahci-imx 2200000.sata: fsl,transmit-level-mV not specified, using 00000024
[    1.298447] ahci-imx 2200000.sata: fsl,transmit-boost-mdB not specified, using 00000480
[    1.306511] ahci-imx 2200000.sata: fsl,transmit-atten-16ths not specified, using 00002000
[    1.314740] ahci-imx 2200000.sata: fsl,receive-eq-mdB not specified, using 05000000
[    1.325918] ahci-imx 2200000.sata: SSS flag set, parallel bus scan disabled
[    1.332938] ahci-imx 2200000.sata: AHCI 0001.0300 32 slots 1 ports 3 Gbps 0x1 impl platform mode
[    1.341794] ahci-imx 2200000.sata: flags: ncq sntf stag pm led clo only pmp pio slum part ccc apst 
[    1.352311] scsi host0: ahci-imx
[    1.355891] ata1: SATA max UDMA/133 mmio [mem 0x02200000-0x02203fff] port 0x100 irq 313
[    1.367252] spi_imx 2008000.ecspi: probed
[    1.372194] vcan: Virtual CAN interface driver
[    1.376724] CAN device driver interface
[    1.380828] 2090000.flexcan supply xceiver not found, using dummy regulator
[    1.388614] flexcan 2090000.flexcan: device registered (reg_base=e6aa8000, irq=35)
[    1.396365] 2094000.flexcan supply xceiver not found, using dummy regulator
[    1.404060] flexcan 2094000.flexcan: device registered (reg_base=e6ab0000, irq=36)
[    1.412807] 2188000.ethernet supply phy not found, using dummy regulator
[    1.433563] pps pps0: new PPS source ptp0
[    1.438811] libphy: fec_enet_mii_bus: probed
[    1.444900] fec 2188000.ethernet eth0: registered PHC device 0
[    1.451022] PPP generic driver version 2.4.2
[    1.455574] ehci_hcd: USB 2.0 'Enhanced' Host Controller (EHCI) Driver
[    1.462133] ehci-pci: EHCI PCI platform driver
[    1.466689] ehci-mxc: Freescale On-Chip EHCI Host driver
[    1.472228] usbcore: registered new interface driver usb-storage
[    1.478415] usbcore: registered new interface driver usbserial
[    1.484336] usbcore: registered new interface driver usbserial_generic
[    1.490924] usbserial: USB Serial support registered for generic
[    1.497016] usbcore: registered new interface driver ftdi_sio
[    1.502828] usbserial: USB Serial support registered for FTDI USB Serial Device
[    1.510238] usbcore: registered new interface driver option
[    1.515884] usbserial: USB Serial support registered for GSM modem (1-port)
[    1.522909] usbcore: registered new interface driver pl2303
[    1.528553] usbserial: USB Serial support registered for pl2303
[    1.535867] 2184800.usbmisc supply vbus-wakeup not found, using dummy regulator
[    1.554982] ci_hdrc ci_hdrc.1: EHCI Host Controller
[    1.559920] ci_hdrc ci_hdrc.1: new USB bus registered, assigned bus number 1
[    1.583180] ci_hdrc ci_hdrc.1: USB 2.0 started, EHCI 1.00
[    1.589403] hub 1-0:1.0: USB hub found
[    1.593244] hub 1-0:1.0: 1 port detected
[    1.598171] mousedev: PS/2 mouse device common for all mice
[    1.604354] [PENMOUNT] Loading penmount_i2c V1.15.0
[    1.609393] [PENMOUNT] Probing for device ...
[    1.633063] [PENMOUNT] PM2204.D01.1.0.0
[    1.639816] [PENMOUNT] Supports 5 touch contacts
[    1.647338] [PENMOUNT] Supports WD mode
[    1.651195] [PENMOUNT] Supports WP mode
[    1.657934] [PENMOUNT] Use WP mode !
[    1.664396] [PENMOUNT] Sensitivity Level : 0 (max: 2)
[    1.672334] [PENMOUNT] irq already specified !!
[    1.677048] [PENMOUNT] Using IRQ 219
[    1.680876] input: PenMount I2C Touch Screen as /devices/soc0/soc/2100000.aips-bus/21a0000.i2c/i2c-1/1-0038/input/input0
[    1.692283] input: PenMount I2C Touch Key as /devices/soc0/soc/2100000.aips-bus/21a0000.i2c/i2c-1/1-0038/input/input1
[    1.703188] ata1: SATA link down (SStatus 0 SControl 300)
[    1.706495] rtc-ds1307 1-0068: rtc core: registered m41t0 as rtc0
[    1.707172] snvs_rtc 20cc000.snvs:snvs-rtc-lp: rtc core: registered 20cc000.snvs:snvs-r as rtc1
[    1.707308] i2c /dev entries driver
[    1.709060] mxc_v4l2_output v4l2_out: V4L2 device registered as video16
[    1.709216] mxc_v4l2_output v4l2_out: V4L2 device registered as video17
[    1.709382] mxc_v4l2_output v4l2_out: V4L2 device registered as video18
[    1.709542] mxc_v4l2_output v4l2_out: V4L2 device registered as video19
[    1.711661] imx2-wdt 20bc000.wdog: timeout 60 sec (nowayout=0)
[    1.711888] usbcore: registered new interface driver btusb
[    1.712086] sdhci: Secure Digital Host Controller Interface driver
[    1.712088] sdhci: Copyright(c) Pierre Ossman
[    1.712096] sdhci-pltfm: SDHCI platform and OF driver helper
[    1.713030] /soc/aips-bus@02100000/usdhc@02190000: voltage-ranges unspecified
[    1.713061] sdhci-esdhc-imx 2190000.usdhc: Got CD GPIO
[    1.714608] sdhci-esdhc-imx 2190000.usdhc: No vqmmc regulator found
[    1.753310] mmc1: SDHCI controller on 2190000.usdhc [2190000.usdhc] using ADMA
[    1.757003] /soc/aips-bus@02100000/usdhc@02198000: voltage-ranges unspecified
[    1.765578] sdhci-esdhc-imx 2198000.usdhc: No vqmmc regulator found
[    1.820539] ahci-imx 2200000.sata: no device found, disabling link.
[    1.823187] mmc0: SDHCI controller on 2198000.usdhc [2198000.usdhc] using ADMA
[    1.824837] mxc_vpu 2040000.vpu_fsl: VPU initialized
[    1.825393] mxc_vdoa 21e4000.vdoa: i.MX Video Data Order Adapter(VDOA) driver probed
[    1.828109] caam 2100000.caam: Entropy delay = 3200
[    1.851804] ahci-imx 2200000.sata: pass ahci_imx..hotplug=1 to enable hotplug
[    1.857458] mmc1: new high speed SDHC card at address 0001
[    1.857863] mmcblk1: mmc1:0001 00000 7.44 GiB 
[    1.870662]  mmcblk1: p1 p2
[    1.888898] caam 2100000.caam: Instantiated RNG4 SH0
[    1.949663] caam 2100000.caam: Instantiated RNG4 SH1
[    1.954674] caam 2100000.caam: device ID = 0x0a16010000000000 (Era -524)
[    1.958388] mmc0: MAN_BKOPS_EN bit is not set
[    1.965789] caam 2100000.caam: job rings = 2, qi = 0
[    1.977696] mmc0: new DDR MMC card at address 0001
[    1.982897] mmcblk0: mmc0:0001 Q2J54A 3.59 GiB 
[    1.987600] mmcblk0boot0: mmc0:0001 Q2J54A partition 1 16.0 MiB
[    1.993680] mmcblk0boot1: mmc0:0001 Q2J54A partition 2 16.0 MiB
[    2.000608]  mmcblk0: p1 p2
[    2.023184] usb 1-1: new high-speed USB device number 2 using ci_hdrc
[    2.058686] caam algorithms registered in /proc/crypto
[    2.067979] caam_jr 2101000.jr0: registering rng-caam
[    2.074000] snvs-secvio 20cc000.caam-snvs: can't get snvs clock
[    2.079999] snvs-secvio 20cc000.caam-snvs: violation handlers armed - non-secure state
[    2.088231] hidraw: raw HID events driver (C) Jiri Kosina
[    2.093892] usbcore: registered new interface driver usbhid
[    2.099488] usbhid: USB HID core driver
[    2.108760] stmpe-adc stmpe-adc: Initialized
[    2.116569] sgtl5000 2-000a: sgtl5000 revision 0x11
[    2.147247] fsl-asrc 2034000.asrc: driver registered
[    2.174329] hub 1-1:1.0: USB hub found
[    2.178287] hub 1-1:1.0: 4 ports detected
[    2.292135] imx-sgtl5000 sound: sgtl5000 <-> 2028000.ssi mapping ok
[    2.301112] imx-spdif sound-spdif: snd-soc-dummy-dai <-> 2004000.spdif mapping ok
[    2.311694] imx-audio-hdmi sound-hdmi: hdmi-hifi <-> soc:hdmi_audio@00120000 mapping ok
[    2.320487] Netfilter messages via NETLINK v0.30.
[    2.325262] nfnl_acct: registering with nfnetlink.
[    2.330095] nf_conntrack version 0.5.0 (16384 buckets, 65536 max)
[    2.336723] nf_tables: (c) 2007-2009 Patrick McHardy <kaber@trash.net>
[    2.343733] ip_tables: (C) 2000-2006 Netfilter Core Team
[    2.349666] NET: Registered protocol family 10
[    2.355222] ip6_tables: (C) 2000-2006 Netfilter Core Team
[    2.360671] NET: Registered protocol family 17
[    2.365213] bridge: automatic filtering via arp/ip/ip6tables has been deprecated. Update your scripts to load br_netfilter if you need this.
[    2.377903] Bridge firewalling registered
[    2.381951] can: controller area network core (rev 20120528 abi 9)
[    2.388224] NET: Registered protocol family 29
[    2.392738] can: raw protocol (rev 20120528)
[    2.397058] can: broadcast manager protocol (rev 20120528 t)
[    2.402765] can: netlink gateway (rev 20130117) max_hops=1
[    2.408543] Bluetooth: RFCOMM TTY layer initialized
[    2.413488] Bluetooth: RFCOMM socket layer initialized
[    2.418663] Bluetooth: RFCOMM ver 1.11
[    2.422459] Bluetooth: BNEP (Ethernet Emulation) ver 1.3
[    2.427809] Bluetooth: BNEP filters: protocol multicast
[    2.433061] Bluetooth: BNEP socket layer initialized
[    2.438068] Bluetooth: HIDP (Human Interface Emulation) ver 1.2
[    2.444033] Bluetooth: HIDP socket layer initialized
[    2.449085] 8021q: 802.1Q VLAN Support v1.8
[    2.453677] Key type dns_resolver registered
[    2.459968] Registering SWP/SWPB emulation handler
[    2.465508] registered taskstats version 1
[    2.470491] 1ffc000.pcie supply pcie-bus not found, using dummy regulator
[    2.473186] usb 1-1.3: new high-speed USB device number 3 using ci_hdrc
[    2.896997] imx6q-pcie 1ffc000.pcie: phy link never came up
[    2.902623] imx6q-pcie 1ffc000.pcie: failed to initialize host
[    2.908591] imx6q-pcie: probe of 1ffc000.pcie failed with error -22
[    2.918925] rtc-ds1307 1-0068: setting system clock to 2018-02-03 11:56:19 UTC (1517658979)
[    2.937376] usb_otg_vbus: disabling
[    2.941147] ALSA device list:
[    2.944196]   #0: imx6q-apalis-sgtl5000
[    2.948055]   #1: imx-spdif
[    2.950865]   #2: imx-hdmi-soc
[    2.965631] EXT4-fs (mmcblk0p2): INFO: recovery required on readonly filesystem
[    2.972986] EXT4-fs (mmcblk0p2): write access will be enabled during recovery
[    3.222162] EXT4-fs (mmcblk0p2): recovery complete
[    3.227839] EXT4-fs (mmcblk0p2): mounted filesystem with ordered data mode. Opts: (null)
[    3.236138] VFS: Mounted root (ext4 filesystem) readonly on device 179:10.
[    3.243777] devtmpfs: mounted
[    3.247110] Freeing unused kernel memory: 372K (80a1f000 - 80a7c000)
[    3.388532] random: systemd urandom read with 21 bits of entropy available
[    3.400313] systemd[1]: systemd 229 running in system mode. (-PAM -AUDIT -SELINUX +IMA -APPARMOR +SMACK +SYSVINIT +UTMP -LIBCRYPTSETUP -GCRYPT -GNUTLS +ACL +XZ -LZ4 -SECCOMP +BLKID -ELFUTILS +KMOD -IDN)
[    3.419472] systemd[1]: Detected architecture arm.

Welcome to Boot to Qt for Embedded Linux 2.1.1 (krogoth)!

[    3.453992] systemd[1]: Set hostname to <b2qt-apalis-imx6>.
[    3.704367] systemd[1]: Listening on udev Control Socket.
[  OK  ] Listening on udev Control Socket.
[    3.733601] systemd[1]: Started Dispatch Password Requests to Console Directory Watch.
[  OK  ] Started Dispatch Password Requests to Console Directory Watch.
[    3.773438] systemd[1]: Listening on /dev/initctl Compatibility Named Pipe.
[  OK  ] Listening on /dev/initctl Compatibility Named Pipe.
[    3.803626] systemd[1]: Listening on Journal Socket (/dev/log).
[  OK  ] Listening on Journal Socket (/dev/log).
[    3.852533] systemd[1]: Reached target Remote File Systems.
[  OK  ] Reached target Remote File Systems.
[    3.883669] systemd[1]: Listening on Syslog Socket.
[  OK  ] Listening on Syslog Socket.
[    3.904256] systemd[1]: Created slice System Slice.
[  OK  ] Created slice System Slice.
[    3.934095] systemd[1]: Created slice system-serial\x2dgetty.slice.
[  OK  ] Created slice system-serial\x2dgetty.slice.
[    3.963690] systemd[1]: Listening on udev Kernel Socket.
[  OK  ] Listening on udev Kernel Socket.
[    3.993477] systemd[1]: Reached target Swap.
[  OK  ] Reached target Swap.
[    4.013880] systemd[1]: Started Forward Password Requests to Wall Directory Watch.
[  OK  ] Started Forward Password Requests to Wall Directory Watch.
[    4.043466] systemd[1]: Reached target Paths.
[  OK  ] Reached target Paths.
[    4.063719] systemd[1]: Listening on Journal Socket.
[  OK  ] Listening on Journal Socket.
[    4.097692] systemd[1]: Starting Load Kernel Modules...
         Starting Load Kernel Modules...
[    4.128991] systemd[1]: Starting Journal Service...
         Starting Journal Service...
[    4.159287] systemd[1]: Starting File System Check on Root Device...
         Starting File System Check on Root Device...
[    4.191701] systemd[1]: Mounting Temporary Directory...
         Mounting Temporary Directory...[    4.205760] RTL871X: module init start

[    4.209688] RTL871X: rtl8723bu v4.3.6.11_12942.20141204_BTCOEX20140507-4E40
[    4.216823] RTL871X: rtl8723bu BT-Coex version = BTCOEX20140507-4E40
[    4.220315] systemd[1]: Starting Create list of required static device nodes for the current kernel...
         Starting Create list of required st... nodes for the current ker[    4.236758] systemd[1]: Mounting Debug File System...
nel...
         Mounting Debug File Sys[    4.245635] systemd[1]: Created slice User and Session Slice.
tem...
[    4.254242] systemd[1]: Reached target Slices.
[  OK  ] Created slice[    4.259831] systemd[1]: Listening on Network Service Netlink Socket.
 User and Session Slice.
[  OK  ] Reached target Slic[    4.272038] systemd[1]: Starting Setup Virtual Console...
es.
[  OK  ] Listening on Network Service Netlink Socket.
         Starting Setup Vi[    4.285358] systemd[1]: Mounted Debug File System.
rtual Console...
[    4.293065] systemd[1]: Mounted Temporary Directory.
[  OK  ] Mounted Debug[    4.301508] systemd[1]: Started Create list of required static device nodes for the current kernel.
 File System.
[  OK  ] Mounted Temporary Directory.
[  OK  ] Started Create list of required sta...ce nodes for the current kernel.
[    4.333913] systemd[1]: Started Setup Virtual Console.
[  OK  ] Started Setup Virtual Console.
[    4.360551] systemd[1]: Started File System Check on Root Device.
[  OK  ] Started File System Check on Root Device.
[    4.386560] systemd[1]: Started Journal Service.
[  OK  ] Started Journal Service.
         Starting Remount Root and Kernel File Systems...
[    4.552231] EXT4-fs (mmcblk0p2): re-mounted. Opts: (null)
[  OK  ] Started Remount Root and Kernel File Systems.
         Starting Flush Journal to Persistent Storage...
[    4.631687] RTL871X: rtw_ndev_init(wlan0)
[    4.637915] RTL871X: rtw_ndev_init(wlan1)
[    4.645147] usbcore: registered new interface driver rtl8723bu
[    4.651063] RTL871X: module init ret=0
         Starting udev Coldplug all Devices...
[    4.674648] Galcore version 5.0.11.41671
         Starting Create Static Device Nodes in /dev...
[    4.713071] systemd-journald[190]: Received request to flush runtime journal from PID 1
[  OK  ] Started Create Static Device Nodes in /dev.
[  OK  ] Started Flush Journal to Persistent Storage.
[  OK  ] Reached target Local File Systems (Pre).
         Mounting /var/volatile...
         Starting udev Kernel Device Manager...
[  OK  ] Mounted /var/volatile.
[  OK  ] Reached target Local File Systems.
         Starting Create Volatile Files and Directories...
         Starting Load/Save Random Seed...
[  OK  ] Started udev Kernel Device Manager.
[  OK  ] Started Load/Save Random Seed.
[  OK  ] Started Create Volatile Files and Directories.
         Starting Network Time Synchronization...
         Starting Update UTMP about System Boot/Shutdown...
[  OK  ] Started Update UTMP about System Boot/Shutdown.
[  OK  ] Started Network Time Synchronization.
[  OK  ] Reached target System Time Synchronized.
[  OK  ] Started udev Coldplug all Devices.
[  OK  ] Created slice system-systemd\x2dbacklight.slice.
         Starting Load/Save Screen Backlight...htness of backlight:backlight...
[    5.558415] tty0tty null modem driver v1.2
[  OK  ] Started Load Kernel Modules.
[  OK  ] Started Load/Save Screen Backlight Brightness of backlight:backlight.
[  OK  ] Found device /dev/ttymxc0.
[  OK  ] Found device /dev/ttymxc1.
[    5.931007] ov5647_read_reg(mipi):reg=300a ret=-5
[    5.935830] camera ov5647_mipi is not found
[  OK  ] Reached target Sound Card.
         Mounting Configuration File System...
         Starting Apply Kernel Variables...
         Mounting FUSE Control File System...
[  OK  ] Started Apply Kernel Variables.
[  OK  ] Mounted Configuration File System.
[  OK  ] Mounted FUSE Control File System.
[    6.127437] ERROR: v4l2 capture: slave not found!
[    6.127580] ERROR: v4l2 capture: slave not found!
[  OK  ] Listening on Load/Save RF Kill Switch Status /dev/rfkill Watch.
[  OK  ] Reached target System Initialization.
[  OK  ] Listening on dropbear.socket.
[  OK  ] Started Daily Cleanup of Temporary Directories.
[  OK  ] Reached target Timers.
[  OK  ] Listening on D-Bus System Message Bus Socket.
[  OK  ] Listening on RPCbind Server Activation Socket.
[  OK  ] Reached target Sockets.
[  OK  ] Reached target Basic System.
         Starting Save/Restore Sound Card State...
[  OK  ] Started System Logging Service.
[  OK  ] Started D-Bus System Message Bus.
[  OK  ] Started Kernel Logging Service.
         Starting D-BUS Session Message Bus....
[  OK  ] Started Serial Getty on ttymxc1.
[  OK  ] Started Serial Getty on ttymxc0.
[  OK  ] Reached target Login Prompts.
         Starting Login Service...
[  OK  ] Started B2Qt user application.
[    6.673240] usb 1-1.1: new high-speed USB device number 4 using ci_hdrc
         Starting Network Service...
[  OK  ] Started Save/Restore Sound Card State.
[  OK  ] Started D-BUS Session Message Bus..
[  OK  ] Started Network Service.
[  OK  ] Started Login Service.
[    6.799515] option 1-1.1:1.0: GSM modem (1-port) converter detected
[    6.807314] usb 1-1.1: GSM modem (1-port) converter now attached to ttyUSB0
[    6.815344] option 1-1.1:1.1: GSM modem (1-port) converter detected
[    6.822438] usb 1-1.1: GSM modem (1-port) converter now attached to ttyUSB1
[    6.830346] option 1-1.1:1.2: GSM modem (1-port) converter detected
[    6.837430] usb 1-1.1: GSM modem (1-port) converter now attached to ttyUSB2
[    6.845293] option 1-1.1:1.3: GSM modem (1-port) converter detected
[    6.852122] usb 1-1.1: GSM modem (1-port) converter now attached to ttyUSB3
[    6.860045] option 1-1.1:1.4: GSM modem (1-port) converter detected
[    6.867041] usb 1-1.1: GSM modem (1-port) converter now attached to ttyUSB4
[  OK  ] Reached target Network.
         Starting Network Time Service...
         Starting ADB Server Daemon...
         Starting Load/Save RF Kill Switch Status...
[  OK  ] Started Load/Save RF Kill Switch Status.
[    6.997587] file system registered
[  OK  ] Started Network Time Service.
[  OK  ] Started ADB Server Daemon.
[  OK  ] Reached target Multi-User System.
[  OK  ] Started Ujet Telemetry Service.
[  OK  ] Started Ujet Ble Service.
[    7.117026] read descriptors
[    7.120323] read strings
[    7.124553] g_ffs gadget: g_ffs ready
         Starting Update UTMP about System Runlevel Changes...
[  OK  ] Reached target Custom Target.
[  OK  ] Started Ujet HTTPD Service.
[  OK  ] Started Ujet Cloud Service.
[  OK  ] Started Ujet Bluetooth Audio Service.
         Starting Ujet Identify Service...
[  OK  ] Started Update UTMP about System Runlevel Changes.
[  OK  ] Stopped Bluetooth service.
[    7.413035] flexcan 2090000.flexcan can0: writing ctrl=0x01232084
[    8.355774] mxc_sdc_fb fb@0: 800x480 h_sync,r,l: 72,24,96  v_sync,l,u: 7,3,10 pixclock=29500000 Hz
[    8.607727] random: nonblocking pool is initialized

Boot to Qt for Embedded Linux 2.1.1 b2qt-apalis-imx6 ttymxc0

b2qt-apalis-imx6 login: [   14.140732] ci_hdrc ci_hdrc.0: Device No Response
root
root@b2qt-apalis-imx6:~# cd /
root@b2qt-apalis-imx6:/# 
root@b2qt-apalis-imx6:/# 
root@b2qt-apalis-imx6:/# 
root@b2qt-apalis-imx6:/# 
root@b2qt-apalis-imx6:/# ip link set can0 up type can bitrate 500000
RTNETLINK answers: Device or resource busy
root@b2qt-apalis-imx6:/# ip linx       ifconfig can0 down
root@b2qt-apalis-imx6:/# ifconfig can0 downp link set can0 up type can bitrate 500000
[   59.462885] flexcan 2090000.flexcan can0: writing ctrl=0x032920d5
[   59.469282] IPv6: ADDRCONF(NETDEV_CHANGE): can0: link becomes ready
root@b2qt-apalis-imx6:/# ip -details link show can0
2: can0: <NOARP,UP,LOWER_UP,ECHO> mtu 16 qdisc pfifo_fast state UNKNOWN mode DEFAULT group default qlen 10
    link/can  promiscuity 0 
    can <TRIPLE-SAMPLING> state ERROR-ACTIVE (berr-counter tx 0 rx 0) restart-ms 0 
	  bitrate 500000 sample-point 0.866 
	  tq 133 prop-seg 6 phase-seg1 6 phase-seg2 2 sjw 1
	  flexcan: tseg1 4..16 tseg2 2..8 sjw 1..4 brp 1..256 brp-inc 1
	  clock 30000000
root@b2qt-apalis-imx6:/# can   ifconfig
can0      Link encap:UNSPEC  HWaddr 00-00-00-00-00-00-00-00-00-00-00-00-00-00-00-00  
          UP RUNNING NOARP  MTU:16  Metric:1
          RX packets:1 errors:0 dropped:0 overruns:0 frame:0
          TX packets:0 errors:0 dropped:1 overruns:0 carrier:1
          collisions:0 txqueuelen:10 
          RX bytes:8 (8.0 B)  TX bytes:0 (0.0 B)
          Interrupt:35 

lo        Link encap:Local Loopback  
          inet addr:127.0.0.1  Mask:255.0.0.0
          inet6 addr: ::1%1995740880/128 Scope:Host
          UP LOOPBACK RUNNING  MTU:65536  Metric:1
          RX packets:0 errors:0 dropped:0 overruns:0 frame:0
          TX packets:0 errors:0 dropped:0 overruns:0 carrier:0
          collisions:0 txqueuelen:0 
          RX bytes:0 (0.0 B)  TX bytes:0 (0.0 B)

root@b2qt-apalis-imx6:/# candump can0
interface = can0, family = 29, type = 3, proto = 1

^C
root@b2qt-apalis-imx6:/# candump can0ifconfig
can0      Link encap:UNSPEC  HWaddr 00-00-00-00-00-00-00-00-00-00-00-00-00-00-00-00  
          UP RUNNING NOARP  MTU:16  Metric:1
          RX packets:2 errors:0 dropped:0 overruns:0 frame:0
          TX packets:0 errors:0 dropped:1 overruns:0 carrier:1
          collisions:0 txqueuelen:10 
          RX bytes:16 (16.0 B)  TX bytes:0 (0.0 B)
          Interrupt:35 

lo        Link encap:Local Loopback  
          inet addr:127.0.0.1  Mask:255.0.0.0
          inet6 addr: ::1%1996220112/128 Scope:Host
          UP LOOPBACK RUNNING  MTU:65536  Metric:1
          RX packets:0 errors:0 dropped:0 overruns:0 frame:0
          TX packets:0 errors:0 dropped:0 overruns:0 carrier:0
          collisions:0 txqueuelen:0 
          RX bytes:0 (0.0 B)  TX bytes:0 (0.0 B)

root@b2qt-apalis-imx6:/# ifconfig
can0      Link encap:UNSPEC  HWaddr 00-00-00-00-00-00-00-00-00-00-00-00-00-00-00-00  
          UP RUNNING NOARP  MTU:16  Metric:1
          RX packets:2 errors:0 dropped:0 overruns:0 frame:0
          TX packets:0 errors:0 dropped:1 overruns:0 carrier:1
          collisions:0 txqueuelen:10 
          RX bytes:16 (16.0 B)  TX bytes:0 (0.0 B)
          Interrupt:35 

lo        Link encap:Local Loopback  
          inet addr:127.0.0.1  Mask:255.0.0.0
          inet6 addr: ::1%1995785936/128 Scope:Host
          UP LOOPBACK RUNNING  MTU:65536  Metric:1
          RX packets:0 errors:0 dropped:0 overruns:0 frame:0
          TX packets:0 errors:0 dropped:0 overruns:0 carrier:0
          collisions:0 txqueuelen:0 
          RX bytes:0 (0.0 B)  TX bytes:0 (0.0 B)

root@b2qt-apalis-imx6:/# 
root@b2qt-apalis-imx6:/# 
root@b2qt-apalis-imx6:/# 
root@b2qt-apalis-imx6:/# cat /proc/net/
anycast6             dev_snmp6/           igmp                 ip_tables_matches    netlink              ptype                sco                  tcp6
arp                  fib_trie             igmp6                ip_tables_names      netstat              raw                  snmp                 udp
bnep                 fib_triestat         ip6_flowlabel        ip_tables_targets    nf_conntrack         raw6                 snmp6                udp6
can/                 hci                  ip6_tables_matches   ipv6_route           nf_conntrack_expect  rfcomm               sockstat             udplite
can-bcm/             hidp                 ip6_tables_names     l2cap                nfsfs/               route                sockstat6            udplite6
connector            icmp                 ip6_tables_targets   mcfilter             packet               rpc/                 softnet_stat         unix
