

U-Boot 2016.11+fslc+g80c3bd6 (Jan 02 2018 - 11:32:06 +0100)

CPU:   Freescale i.MX6Q rev1.5 at 792 MHz
Reset cause: POR
I2C:   ready
DRAM:  2 GiB
PMIC:  device id: 0x10, revision id: 0x21, programmed
MS('þFSL_SDHC: 0, FSL_SDHC: 1, FSL_SDHC: 2
auto-detected panel vga-rgb
Display: vga-rgb (640x480)
In:    serial
Out:   serial
Err:   serial
Model: Toradex Apalis iMX6 Quad 2GB IT V1.1C, Serial# 05139699
Net:   using PHY at 7
FEC [PRIME]
Hit any key to stop autoboot:  1  0 
Booting from internal eMMC chip...
reading imx6q-apalis-ixora-v1_1.dtb
48970 bytes read in 22 ms (2.1 MiB/s)
reading uImage
5943928 bytes read in 172 ms (33 MiB/s)
## Booting kernel from Legacy Image at 10800000 ...
   Image Name:   Linux-4.1.41-v2.7b1+g82f0f4f
   Image Type:   ARM Linux Kernel Image (uncompressed)
   Data Size:    5943864 Bytes = 5.7 MiB
   Load Address: 10008000
   Entry Point:  10008000
   Verifying Checksum ... OK
## Flattened Device Tree blob at 12000000
   Booting using the fdt blob at 0x12000000
   Loading Kernel Image ... OK
   Using Device Tree in place at 12000000, end 1200ef49

Starting kernel ...

[    0.000000] Booting Linux on physical CPU 0x0
[    0.000000] Initializing cgroup subsys cpu
[    0.000000] Initializing cgroup subsys cpuacct
[    0.000000] Linux version 4.1.41-v2.7b1+g82f0f4f (behlingc@mplan-ubuntu-1610-dev) (gcc version 5.3.0 (GCC) ) #1 SMP Wed Jan 31 17:39:36 CET 2018
[    0.000000] CPU: ARMv7 Processor [412fc09a] revision 10 (ARMv7), cr=10c5387d
[    0.000000] CPU: PIPT / VIPT nonaliasing data cache, VIPT aliasing instruction cache
[    0.000000] Machine model: Toradex Apalis iMX6Q/D Module on Ixora V1.1 Carrier Board
[    0.000000] Reserved memory: created CMA memory pool at 0x62000000, size 320 MiB
[    0.000000] Reserved memory: initialized node linux,cma, compatible id shared-dma-pool
[    0.000000] Memory policy: Data cache writealloc
[    0.000000] PERCPU: Embedded 12 pages/cpu @d0efd000 s16908 r8192 d24052 u49152
[    0.000000] Built 1 zonelists in Zone order, mobility grouping on.  Total pages: 521024
[    0.000000] Kernel command line: enable_wait_mode=off vmalloc=400M ip=off root=/dev/mmcblk0p2 rw,noatime rootfstype=ext4 rootwait fec_mac=00:14:2d:4e:6c:f3 consoleblank=0 no_console_suspend=1 console=tty1 console=ttymxc0,115200n8 mxc_hdmi.only_cea=1 video=mxcfb1:dev=hdmi,1920x1080M@60,if=RGB24 video=mxcfb0:dev=ldb,800x480M@60,if=RGB666 video=mxcfb2:off video=mxcfb3:off fbmem=32M
[    0.000000] PID hash table entries: 4096 (order: 2, 16384 bytes)
[    0.000000] Dentry cache hash table entries: 262144 (order: 8, 1048576 bytes)
[    0.000000] Inode-cache hash table entries: 131072 (order: 7, 524288 bytes)
[    0.000000] Memory: 1738972K/2097152K available (7679K kernel code, 330K rwdata, 2648K rodata, 372K init, 423K bss, 30500K reserved, 327680K cma-reserved, 425984K highmem)
[    0.000000] Virtual kernel memory layout:
[    0.000000]     vector  : 0xffff0000 - 0xffff1000   (   4 kB)
[    0.000000]     fixmap  : 0xffc00000 - 0xfff00000   (3072 kB)
[    0.000000]     vmalloc : 0xe6800000 - 0xff000000   ( 392 MB)
[    0.000000]     lowmem  : 0x80000000 - 0xe6000000   (1632 MB)
[    0.000000]     pkmap   : 0x7fe00000 - 0x80000000   (   2 MB)
[    0.000000]     modules : 0x7f000000 - 0x7fe00000   (  14 MB)
[    0.000000]       .text : 0x80008000 - 0x80a1e0a4   (10329 kB)
[    0.000000]       .init : 0x80a1f000 - 0x80a7c000   ( 372 kB)
[    0.000000]       .data : 0x80a7c000 - 0x80ace8c0   ( 331 kB)
[    0.000000]        .bss : 0x80ad1000 - 0x80b3ae1c   ( 424 kB)
[    0.000000] SLUB: HWalign=64, Order=0-3, MinObjects=0, CPUs=4, Nodes=1
[    0.000000] Hierarchical RCU implementation.
[    0.000000] NR_IRQS:16 nr_irqs:16 16
[    0.000000] L2C-310 erratum 769419 enabled
[    0.000000] L2C-310 enabling early BRESP for Cortex-A9
[    0.000000] L2C-310 full line of zeros enabled for Cortex-A9
[    0.000000] L2C-310 ID prefetch enabled, offset 16 lines
[    0.000000] L2C-310 dynamic clock gating enabled, standby mode enabled
[    0.000000] L2C-310 cache controller enabled, 16 ways, 1024 kB
[    0.000000] L2C-310: CACHE_ID 0x410000c7, AUX_CTRL 0x76470001
[    0.000000] mxc_clocksource_init 3000000
[    0.000000] Switching to timer-based delay loop, resolution 333ns
[    0.000006] sched_clock: 32 bits at 3000kHz, resolution 333ns, wraps every 715827882841ns
[    0.000022] clocksource mxc_timer1: mask: 0xffffffff max_cycles: 0xffffffff, max_idle_ns: 637086815595 ns
[    0.001232] Console: colour dummy device 80x30
[    0.001855] console [tty1] enabled
[    0.001884] Calibrating delay loop (skipped), value calculated using timer frequency.. 6.00 BogoMIPS (lpj=30000)
[    0.001925] pid_max: default: 32768 minimum: 301
[    0.002040] Mount-cache hash table entries: 4096 (order: 2, 16384 bytes)
[    0.002070] Mountpoint-cache hash table entries: 4096 (order: 2, 16384 bytes)
[    0.002646] Initializing cgroup subsys freezer
[    0.002686] Initializing cgroup subsys debug
[    0.002736] CPU: Testing write buffer coherency: ok
[    0.003010] Setting up static identity map for 0x10008280 - 0x100082d8
[    0.006311] Brought up 4 CPUs
[    0.006345] SMP: Total of 4 processors activated (24.00 BogoMIPS).
[    0.006367] CPU: All CPU(s) started in SVC mode.
[    0.006857] devtmpfs: initialized
[    0.019392] VFP support v0.3: implementor 41 architecture 3 part 30 variant 9 rev 4
[    0.019840] clocksource jiffies: mask: 0xffffffff max_cycles: 0xffffffff, max_idle_ns: 19112604462750000 ns
[    0.019899] futex hash table entries: 1024 (order: 4, 65536 bytes)
[    0.039788] pinctrl core: initialized pinctrl subsystem
[    0.041060] NET: Registered protocol family 16
[    0.049297] DMA: preallocated 256 KiB pool for atomic coherent allocations
[    0.079655] cpuidle: using governor ladder
[    0.109651] cpuidle: using governor menu
[    0.110047] CPU identified as i.MX6Q, silicon rev 1.5
[    0.134645] hw-breakpoint: found 5 (+1 reserved) breakpoint and 1 watchpoint registers.
[    0.134693] hw-breakpoint: maximum watchpoint size is 4 bytes.
[    0.135827] imx6q-pinctrl 20e0000.iomuxc: initialized IMX pinctrl driver
[    0.137831] imx-gpc 20dc000.gpc: no fsl,ldo-bypass found!
[    0.148040] mxs-dma 110000.dma-apbh: initialized
[    0.150577] usb_host_vbus: supplied by usb_host_vbus_hub
[    0.150939] vgaarb: loaded
[    0.151766] SCSI subsystem initialized
[    0.152262] usbcore: registered new interface driver usbfs
[    0.152353] usbcore: registered new interface driver hub
[    0.152452] usbcore: registered new device driver usb
[    0.152679] 2000000.aips-bus:usbphy_nop1 supply vcc not found, using dummy regulator
[    0.152856] 2000000.aips-bus:usbphy_nop2 supply vcc not found, using dummy regulator
[    0.153630] i2c-gpio i2c@0: using pins 80 (SDA) and 62 (SCL)
[    0.154495] i2c i2c-1: IMX I2C adapter registered
[    0.154533] i2c i2c-1: can't use DMA
[    0.156097] stmpe-i2c 2-0041: stmpe811 detected, chip id: 0x811
[    0.158031] i2c i2c-2: IMX I2C adapter registered
[    0.158071] i2c i2c-2: can't use DMA
[    0.158557] i2c i2c-3: IMX I2C adapter registered
[    0.158589] i2c i2c-3: can't use DMA
[    0.158759] Linux video capture interface: v2.00
[    0.158831] pps_core: LinuxPPS API ver. 1 registered
[    0.158853] pps_core: Software ver. 5.3.6 - Copyright 2005-2007 Rodolfo Giometti <giometti@linux.it>
[    0.158906] PTP clock support registered
[    0.179700] imx-ipuv3 2400000.ipu: IPU DMFC NORMAL mode: 1(0~1), 5B(4,5), 5F(6,7)
[    0.199696] imx-ipuv3 2800000.ipu: IPU DMFC NORMAL mode: 1(0~1), 5B(4,5), 5F(6,7)
[    0.200626] mxc_mipi_csi2 21dc000.mipi_csi: i.MX MIPI CSI2 driver probed ipu0 csi1
[    0.200674] mxc_mipi_csi2 21dc000.mipi_csi: i.MX MIPI CSI2 dphy version is 0x3130302a
[    0.200789] MIPI CSI2 driver module loaded
[    0.201075] Advanced Linux Sound Architecture Driver Initialized.
[    0.202324] Bluetooth: Core ver 2.20
[    0.202386] NET: Registered protocol family 31
[    0.202408] Bluetooth: HCI device and connection manager initialized
[    0.202437] Bluetooth: HCI socket layer initialized
[    0.202468] Bluetooth: L2CAP socket layer initialized
[    0.202512] Bluetooth: SCO socket layer initialized
[    0.203111] Switched to clocksource mxc_timer1
[    0.213945] NET: Registered protocol family 2
[    0.214729] TCP established hash table entries: 16384 (order: 4, 65536 bytes)
[    0.214902] TCP bind hash table entries: 16384 (order: 5, 131072 bytes)
[    0.215162] TCP: Hash tables configured (established 16384 bind 16384)
[    0.215264] UDP hash table entries: 1024 (order: 3, 32768 bytes)
[    0.215359] UDP-Lite hash table entries: 1024 (order: 3, 32768 bytes)
[    0.215633] NET: Registered protocol family 1
[    0.215974] RPC: Registered named UNIX socket transport module.
[    0.216005] RPC: Registered udp transport module.
[    0.216027] RPC: Registered tcp transport module.
[    0.216046] RPC: Registered tcp NFSv4.1 backchannel transport module.
[    0.216841] CPU PMU: Failed to parse /soc/pmu/interrupt-affinity[0]
[    0.216913] hw perfevents: enabled with armv7_cortex_a9 PMU driver, 7 counters available
[    0.217935] imx rpmsg driver is registered.
[    0.218985] Bus freq driver module loaded
[    0.225975] VFS: Disk quotas dquot_6.6.0
[    0.226168] VFS: Dquot-cache hash table entries: 1024 (order 0, 4096 bytes)
[    0.227230] squashfs: version 4.0 (2009/01/31) Phillip Lougher
[    0.228030] NFS: Registering the id_resolver key type
[    0.228085] Key type id_resolver registered
[    0.228110] Key type id_legacy registered
[    0.228152] nfs4filelayout_init: NFSv4 File Layout Driver Registering...
[    0.228687] ntfs: driver 2.1.32 [Flags: R/W].
[    0.229171] fuse init (API version 7.23)
[    0.233348] bounce: pool size: 64 pages
[    0.233392] io scheduler noop registered
[    0.233420] io scheduler deadline registered
[    0.233594] io scheduler cfq registered (default)
[    0.236340] backlight supply power not found, using dummy regulator
[    0.237949] MIPI DSI driver module loaded
[    0.239317] 20e0000.hdmi_video supply HDMI not found, using dummy regulator
[    0.240791] fbcvt: 800x480@60: CVT Name - .384M9
[    0.240840] mxc_sdc_fb fb@0: registered mxc display driver ldb
[    0.244907] mxc_sdc_fb fb@0: 800x480 h_sync,r,l: 72,24,96  v_sync,l,u: 7,3,10 pixclock=29500000 Hz
[    0.266768] mxc_hdmi 20e0000.hdmi_video: Detected HDMI controller 0x13:0xa:0xa0:0xc1
[    0.266824] fbcvt: 1920x1080@60: CVT Name - 2.073M9
[    0.266940] mxc_sdc_fb fb@1: registered mxc display driver hdmi
[    0.282112] mxc_sdc_fb fb@1: 1920x1080 h_sync,r,l: 44,88,148  v_sync,l,u: 5,4,36 pixclock=148500000 Hz
[    0.293190] imx-ipuv3 2400000.ipu: IPU DMFC DP HIGH RESOLUTION: 1(0,1), 5B(2~5), 5F(6,7)
[    0.296862] mxc_sdc_fb fb@2: mxcfb2 is turned off!
[    0.296960] mxc_sdc_fb fb@3: mxcfb3 is turned off!
[    0.298473] imx-sdma 20ec000.sdma: no iram assigned, using external mem
[    0.298893] imx-sdma 20ec000.sdma: no event needs to be remapped
[    0.299197] imx-sdma 20ec000.sdma: loaded firmware 3.3
[    0.301799] imx-sdma 20ec000.sdma: initialized
[    0.303493] pfuze100-regulator 2-0008: Full layer: 2, Metal layer: 1
[    0.304125] pfuze100-regulator 2-0008: FAB: 0, FIN: 0
[    0.304154] pfuze100-regulator 2-0008: pfuze100 found.
[    0.318703] 2020000.serial: ttymxc0 at MMIO 0x2020000 (irq = 26, base_baud = 5000000) is a IMX
[    1.225177] console [ttymxc0] enabled
[    1.229730] 21e8000.serial: ttymxc1 at MMIO 0x21e8000 (irq = 301, base_baud = 5000000) is a IMX
[    1.238999] 21f0000.serial: ttymxc3 at MMIO 0x21f0000 (irq = 302, base_baud = 5000000) is a IMX
[    1.248238] 21f4000.serial: ttymxc4 at MMIO 0x21f4000 (irq = 303, base_baud = 5000000) is a IMX
[    1.258990] [drm] Initialized drm 1.1.0 20060810
[    1.264104] [drm] Initialized vivante 1.0.0 20120216 on minor 0
[    1.278184] brd: module loaded
[    1.286385] loop: module loaded
[    1.290827] ahci-imx 2200000.sata: fsl,transmit-level-mV not specified, using 00000024
[    1.298840] ahci-imx 2200000.sata: fsl,transmit-boost-mdB not specified, using 00000480
[    1.306905] ahci-imx 2200000.sata: fsl,transmit-atten-16ths not specified, using 00002000
[    1.315135] ahci-imx 2200000.sata: fsl,receive-eq-mdB not specified, using 05000000
[    1.326287] ahci-imx 2200000.sata: SSS flag set, parallel bus scan disabled
[    1.333339] ahci-imx 2200000.sata: AHCI 0001.0300 32 slots 1 ports 3 Gbps 0x1 impl platform mode
[    1.342164] ahci-imx 2200000.sata: flags: ncq sntf stag pm led clo only pmp pio slum part ccc apst 
[    1.352679] scsi host0: ahci-imx
[    1.356263] ata1: SATA max UDMA/133 mmio [mem 0x02200000-0x02203fff] port 0x100 irq 313
[    1.367670] spi_imx 2008000.ecspi: probed
[    1.372622] vcan: Virtual CAN interface driver
[    1.377154] CAN device driver interface
[    1.381259] 2090000.flexcan supply xceiver not found, using dummy regulator
[    1.389058] flexcan 2090000.flexcan: device registered (reg_base=e6aa8000, irq=35)
[    1.396812] 2094000.flexcan supply xceiver not found, using dummy regulator
[    1.404508] flexcan 2094000.flexcan: device registered (reg_base=e6ab0000, irq=36)
[    1.413264] 2188000.ethernet supply phy not found, using dummy regulator
[    1.433531] pps pps0: new PPS source ptp0
[    1.438789] libphy: fec_enet_mii_bus: probed
[    1.444878] fec 2188000.ethernet eth0: registered PHC device 0
[    1.451001] PPP generic driver version 2.4.2
[    1.455550] ehci_hcd: USB 2.0 'Enhanced' Host Controller (EHCI) Driver
[    1.462110] ehci-pci: EHCI PCI platform driver
[    1.466664] ehci-mxc: Freescale On-Chip EHCI Host driver
[    1.472204] usbcore: registered new interface driver usb-storage
[    1.478388] usbcore: registered new interface driver usbserial
[    1.484308] usbcore: registered new interface driver usbserial_generic
[    1.490896] usbserial: USB Serial support registered for generic
[    1.496986] usbcore: registered new interface driver ftdi_sio
[    1.502799] usbserial: USB Serial support registered for FTDI USB Serial Device
[    1.510211] usbcore: registered new interface driver option
[    1.515855] usbserial: USB Serial support registered for GSM modem (1-port)
[    1.522884] usbcore: registered new interface driver pl2303
[    1.528530] usbserial: USB Serial support registered for pl2303
[    1.535845] 2184800.usbmisc supply vbus-wakeup not found, using dummy regulator
[    1.555011] ci_hdrc ci_hdrc.1: EHCI Host Controller
[    1.559948] ci_hdrc ci_hdrc.1: new USB bus registered, assigned bus number 1
[    1.583151] ci_hdrc ci_hdrc.1: USB 2.0 started, EHCI 1.00
[    1.589361] hub 1-0:1.0: USB hub found
[    1.593207] hub 1-0:1.0: 1 port detected
[    1.598134] mousedev: PS/2 mouse device common for all mice
[    1.604304] [PENMOUNT] Loading penmount_i2c V1.15.0
[    1.609349] [PENMOUNT] Probing for device ...
[    1.633007] [PENMOUNT] PM2204.D01.1.0.0
[    1.639757] [PENMOUNT] Supports 5 touch contacts
[    1.647278] [PENMOUNT] Supports WD mode
[    1.651135] [PENMOUNT] Supports WP mode
[    1.657874] [PENMOUNT] Use WP mode !
[    1.664346] [PENMOUNT] Sensitivity Level : 0 (max: 2)
[    1.672282] [PENMOUNT] irq already specified !!
[    1.676991] [PENMOUNT] Using IRQ 219
[    1.680818] input: PenMount I2C Touch Screen as /devices/soc0/soc/2100000.aips-bus/21a0000.i2c/i2c-1/1-0038/input/input0
[    1.692240] input: PenMount I2C Touch Key as /devices/soc0/soc/2100000.aips-bus/21a0000.i2c/i2c-1/1-0038/input/input1
[    1.706446] rtc-ds1307 1-0068: rtc core: registered m41t0 as rtc0
[    1.713156] ata1: SATA link down (SStatus 0 SControl 300)
[    1.713281] snvs_rtc 20cc000.snvs:snvs-rtc-lp: rtc core: registered 20cc000.snvs:snvs-r as rtc1
[    1.713419] i2c /dev entries driver
[    1.715174] mxc_v4l2_output v4l2_out: V4L2 device registered as video16
[    1.715330] mxc_v4l2_output v4l2_out: V4L2 device registered as video17
[    1.715494] mxc_v4l2_output v4l2_out: V4L2 device registered as video18
[    1.715656] mxc_v4l2_output v4l2_out: V4L2 device registered as video19
[    1.717783] imx2-wdt 20bc000.wdog: timeout 60 sec (nowayout=0)
[    1.718010] usbcore: registered new interface driver btusb
[    1.718206] sdhci: Secure Digital Host Controller Interface driver
[    1.718208] sdhci: Copyright(c) Pierre Ossman
[    1.718216] sdhci-pltfm: SDHCI platform and OF driver helper
[    1.719141] /soc/aips-bus@02100000/usdhc@02190000: voltage-ranges unspecified
[    1.719173] sdhci-esdhc-imx 2190000.usdhc: Got CD GPIO
[    1.720680] sdhci-esdhc-imx 2190000.usdhc: No vqmmc regulator found
[    1.763278] mmc1: SDHCI controller on 2190000.usdhc [2190000.usdhc] using ADMA
[    1.766980] /soc/aips-bus@02100000/usdhc@02198000: voltage-ranges unspecified
[    1.775550] sdhci-esdhc-imx 2198000.usdhc: No vqmmc regulator found
[    1.823134] mmc0: SDHCI controller on 2198000.usdhc [2198000.usdhc] using ADMA
[    1.824757] mxc_vpu 2040000.vpu_fsl: VPU initialized
[    1.825326] mxc_vdoa 21e4000.vdoa: i.MX Video Data Order Adapter(VDOA) driver probed
[    1.828056] caam 2100000.caam: Entropy delay = 3200
[    1.849336] ahci-imx 2200000.sata: no device found, disabling link.
[    1.855649] ahci-imx 2200000.sata: pass ahci_imx..hotplug=1 to enable hotplug
[    1.888845] caam 2100000.caam: Instantiated RNG4 SH0
[    1.911270] mmc1: new high speed SDHC card at address 0001
[    1.917223] mmcblk1: mmc1:0001 00000 7.44 GiB 
[    1.923170] usb 1-1: new high-speed USB device number 2 using ci_hdrc
[    1.929703]  mmcblk1: p1 p2
[    1.949871] caam 2100000.caam: Instantiated RNG4 SH1
[    1.954901] caam 2100000.caam: device ID = 0x0a16010000000000 (Era -524)
[    1.961628] caam 2100000.caam: job rings = 2, qi = 0
[    2.018364] mmc0: MAN_BKOPS_EN bit is not set
[    2.042043] mmc0: new DDR MMC card at address 0001
[    2.047221] mmcblk0: mmc0:0001 Q2J54A 3.59 GiB 
[    2.051905] mmcblk0boot0: mmc0:0001 Q2J54A partition 1 16.0 MiB
[    2.057981] mmcblk0boot1: mmc0:0001 Q2J54A partition 2 16.0 MiB
[    2.065073]  mmcblk0: p1 p2
[    2.072085] caam algorithms registered in /proc/crypto
[    2.078624] hub 1-1:1.0: USB hub found
[    2.082567] hub 1-1:1.0: 4 ports detected
[    2.090486] caam_jr 2101000.jr0: registering rng-caam
[    2.096531] snvs-secvio 20cc000.caam-snvs: can't get snvs clock
[    2.102549] snvs-secvio 20cc000.caam-snvs: violation handlers armed - non-secure state
[    2.110807] hidraw: raw HID events driver (C) Jiri Kosina
[    2.116503] usbcore: registered new interface driver usbhid
[    2.122112] usbhid: USB HID core driver
[    2.131297] stmpe-adc stmpe-adc: Initialized
[    2.139161] sgtl5000 2-000a: sgtl5000 revision 0x11
[    2.170058] fsl-asrc 2034000.asrc: driver registered
[    2.314414] imx-sgtl5000 sound: sgtl5000 <-> 2028000.ssi mapping ok
[    2.323519] imx-spdif sound-spdif: snd-soc-dummy-dai <-> 2004000.spdif mapping ok
[    2.334036] imx-audio-hdmi sound-hdmi: hdmi-hifi <-> soc:hdmi_audio@00120000 mapping ok
[    2.342803] Netfilter messages via NETLINK v0.30.
[    2.347585] nfnl_acct: registering with nfnetlink.
[    2.352414] nf_conntrack version 0.5.0 (16384 buckets, 65536 max)
[    2.359031] nf_tables: (c) 2007-2009 Patrick McHardy <kaber@trash.net>
[    2.365648] usb 1-1.2: new low-speed USB device number 3 using ci_hdrc
[    2.372634] ip_tables: (C) 2000-2006 Netfilter Core Team
[    2.378681] NET: Registered protocol family 10
[    2.384254] ip6_tables: (C) 2000-2006 Netfilter Core Team
[    2.389714] NET: Registered protocol family 17
[    2.394330] bridge: automatic filtering via arp/ip/ip6tables has been deprecated. Update your scripts to load br_netfilter if you need this.
[    2.407043] Bridge firewalling registered
[    2.411090] can: controller area network core (rev 20120528 abi 9)
[    2.417365] NET: Registered protocol family 29
[    2.421875] can: raw protocol (rev 20120528)
[    2.426198] can: broadcast manager protocol (rev 20120528 t)
[    2.431893] can: netlink gateway (rev 20130117) max_hops=1
[    2.437704] Bluetooth: RFCOMM TTY layer initialized
[    2.442622] Bluetooth: RFCOMM socket layer initialized
[    2.447824] Bluetooth: RFCOMM ver 1.11
[    2.451626] Bluetooth: BNEP (Ethernet Emulation) ver 1.3
[    2.456976] Bluetooth: BNEP filters: protocol multicast
[    2.462229] Bluetooth: BNEP socket layer initialized
[    2.467275] Bluetooth: HIDP (Human Interface Emulation) ver 1.2
[    2.473289] Bluetooth: HIDP socket layer initialized
[    2.478368] 8021q: 802.1Q VLAN Support v1.8
[    2.482941] Key type dns_resolver registered
[    2.489289] Registering SWP/SWPB emulation handler
[    2.494821] registered taskstats version 1
[    2.499804] 1ffc000.pcie supply pcie-bus not found, using dummy regulator
[    2.919733] imx6q-pcie 1ffc000.pcie: phy link never came up
[    2.925397] imx6q-pcie 1ffc000.pcie: failed to initialize host
[    2.931389] imx6q-pcie: probe of 1ffc000.pcie failed with error -22
[    2.942151] rtc-ds1307 1-0068: setting system clock to 2018-02-04 10:36:45 UTC (1517740605)
[    2.951965] input: PixArt Dell MS116 USB Optical Mouse as /devices/soc0/soc/2100000.aips-bus/2184200.usb/ci_hdrc.1/usb1/1-1/1-1.2/1-1.2:1.0/0003:413C:301A.0001/input/input2
[    2.960892] usb_otg_vbus: disabling
[    2.961133] ALSA device list:
[    2.961141]   #0: imx6q-apalis-sgtl5000
[    2.961144]   #1: imx-spdif
[    2.961147]   #2: imx-hdmi-soc
[    2.984376] hid-generic 0003:413C:301A.0001: input,hidraw0: USB HID v1.11 Mouse [PixArt Dell MS116 USB Optical Mouse] on usb-ci_hdrc.1-1.2/input0
[    3.008928] EXT4-fs (mmcblk0p2): INFO: recovery required on readonly filesystem
[    3.016341] EXT4-fs (mmcblk0p2): write access will be enabled during recovery
[    3.083155] usb 1-1.3: new high-speed USB device number 4 using ci_hdrc
[    3.203540] EXT4-fs (mmcblk0p2): recovery complete
[    3.208866] EXT4-fs (mmcblk0p2): mounted filesystem with ordered data mode. Opts: (null)
[    3.217075] VFS: Mounted root (ext4 filesystem) readonly on device 179:10.
[    3.224988] devtmpfs: mounted
[    3.228777] Freeing unused kernel memory: 372K (80a1f000 - 80a7c000)
[    3.365941] random: systemd urandom read with 24 bits of entropy available
[    3.377599] systemd[1]: systemd 229 running in system mode. (-PAM -AUDIT -SELINUX +IMA -APPARMOR +SMACK +SYSVINIT +UTMP -LIBCRYPTSETUP -GCRYPT -GNUTLS +ACL +XZ -LZ4 -SECCOMP +BLKID -ELFUTILS +KMOD -IDN)
[    3.396646] systemd[1]: Detected architecture arm.

Welcome to Boot to Qt for Embedded Linux 2.1.1 (krogoth)!

[    3.423658] systemd[1]: Set hostname to <b2qt-apalis-imx6>.
[    3.646211] systemd[1]: Reached target Remote File Systems.
[  OK  ] Reached target Remote File Systems.
[    3.683544] systemd[1]: Started Forward Password Requests to Wall Directory Watch.
[  OK  ] Started Forward Password Requests to Wall Directory Watch.
[    3.728003] systemd[1]: Listening on Syslog Socket.
[  OK  ] Listening on Syslog Socket.
[    3.753563] systemd[1]: Listening on Network Service Netlink Socket.
[  OK  ] Listening on Network Service Netlink Socket.
[    3.773453] systemd[1]: Listening on /dev/initctl Compatibility Named Pipe.
[  OK  ] Listening on /dev/initctl Compatibility Named Pipe.
[    3.803636] systemd[1]: Created slice User and Session Slice.
[  OK  ] Created slice User and Session Slice.
[    3.833455] systemd[1]: Listening on Journal Socket.
[  OK  ] Listening on Journal Socket.
[    3.863740] systemd[1]: Listening on udev Control Socket.
[  OK  ] Listening on udev Control Socket.
[    3.893618] systemd[1]: Listening on Journal Socket (/dev/log).
[  OK  ] Listening on Journal Socket (/dev/log).
[    3.923547] systemd[1]: Listening on udev Kernel Socket.
[  OK  ] Listening on udev Kernel Socket.
[    3.943437] systemd[1]: Reached target Swap.
[  OK  ] Reached target Swap.
[    3.973905] systemd[1]: Created slice System Slice.
[  OK  ] Created slice System Slice.
[    4.007972] systemd[1]: Mounting Debug File System...
         Mounting Debug File System...
[    4.037644] systemd[1]: Starting Setup Virtual Console...
         Starting Setup Virtual Console...
[    4.067893] systemd[1]: Starting Journal Service...
         Starting Journal Service...
[    4.093599] systemd[1]: Reached target Slices.
[  OK  ] Reached target Slices.
[    4.117607] systemd[1]: Starting File System Check on Root Device...
         Starting File System Check on Root Device...
[    4.147599] systemd[1]: Mounting Temporary Directory...
         [    4.154011] systemd[1]: Started Dispatch Password Requests to Console Directory Watch.
Mounting Temporary Directory...
[    4.162540] systemd[1]: Reached target Paths.
[  OK  ] Started Dispatch Password Requests to Console[    4.172934] systemd[1]: Starting Create list of required static device nodes for the current kernel...
 Directory Watch.
[  OK  ] Reached target Paths.
         Starting Create list of re[    4.190512] systemd[1]: Starting Load Kernel Modules...
quired st... nodes for the curren[    4.199332] systemd[1]: Created slice system-serial\x2dgetty.slice.
t kernel...
         Starting Load Kernel Modules...
[  OK  ] Created slice system-s[    4.213754] systemd[1]: Mounted Debug File System.
erial\x2dgetty.slice.
[    4.221154] systemd[1]: Mounted Temporary Directory.
[  OK  ] Mounted Debug[    4.229868] systemd[1]: Started Setup Virtual Console.
 File System.
[  OK  [    4.237671] systemd[1]: Started Create list of required static device nodes for the current kernel.
] Mounted Temporary Directory.
[  OK  ] Started Setup Virtual Console.
[  OK  ] Started Create list of required sta...ce nodes for the current kernel.
[    4.295809] systemd[1]: Started Journal Service.
[  OK  ] Started Journal Service.
[    4.304478] RTL871X: module init start
[    4.308383] RTL871X: rtl8723bu v4.3.6.11_12942.20141204_BTCOEX20140507-4E40
[    4.315415] RTL871X: rtl8723bu BT-Coex version = BTCOEX20140507-4E40
[  OK  ] Started File System Check on Root Device.
         Starting Remount Root and Kernel File Systems...
[    4.419694] EXT4-fs (mmcblk0p2): re-mounted. Opts: (null)
[  OK  ] Started Remount Root and Kernel File Systems.
         Starting Flush Journal to Persistent Storage...
         Starting Create Static Device Nodes in /dev...
         Starting udev Coldplug all Devices...
[  OK  ] Started Create Static Device Nodes in /dev.
[    4.602523] systemd-journald[195]: Received request to flush runtime journal from PID 1
[  OK  ] Reached target Local File Systems (Pre).
[    4.620031] RTL871X: rtw_ndev_init(wlan0)
[    4.626466] RTL871X: rtw_ndev_init(wlan1)
         Mounting /var/volatile..[    4.632289] usbcore: registered new interface driver rtl8723bu
.
[    4.639649] RTL871X: module init ret=0
         Starting udev Kernel Device Manager...
[    4.668542] Galcore version 5.0.11.41671
[  OK  ] Mounted /var/volatile.
[  OK  ] Started Flush Journal to Persistent Storage.
[  OK  ] Started udev Kernel Device Manager.
[  OK  ] Reached target Local File Systems.
         Starting Create Volatile Files and Directories...
         Starting Load/Save Random Seed...
[  OK  ] Started Load/Save Random Seed.
[  OK  ] Started Create Volatile Files and Directories.
         Starting Update UTMP about System Boot/Shutdown...
         Starting Network Time Synchronization...
[  OK  ] Started udev Coldplug all Devices.
[  OK  ] Started Network Time Synchronization.
[  OK  ] Found device /dev/ttymxc0.
[  OK  ] Started Update UTMP about System Boot/Shutdown.
[    5.584871] tty0tty null modem driver v1.2
[  OK  ] Created slice system-systemd\x2dbacklight.slice.
         Starting Load/Save Screen Backlight...htness of backlight:backlight...
[  OK  ] Reached target System Time Synchronized.
[  OK  ] Started Load Kernel Modules.
[  OK  ] Started Load/Save Screen Backlight Brightness of backlight:backlight.
[    5.863604] ov5647_read_reg(mipi):reg=300a ret=-5
[    5.868421] camera ov5647_mipi is not found
[  OK  [    6.007403] ERROR: v4l2 capture: slave not found!
] Found device /dev/ttymxc1.
[    6.009847] ERROR: v4l2 capture: slave not found!
[  OK  ] Listening on Load/Save RF Kill Switch Status /dev/rfkill Watch.
[  OK  ] Reached target Sound Card.
         Starting Apply Kernel Variables...
         Mounting FUSE Control File System...
         Mounting Configuration File System...
[  OK  ] Mounted Configuration File System.
[  OK  ] Mounted FUSE Control File System.
[  OK  ] Started Apply Kernel Variables.
         Starting Load/Save RF Kill Switch Status...
[  OK  ] Reached target System Initialization.
[  OK  ] Listening on dropbear.socket.
[  OK  ] Listening on D-Bus System Message Bus Socket.
[  OK  ] Listening on RPCbind Server Activation Socket.
[  OK  ] Reached target Sockets.
[  OK  ] Reached target Basic System.
[  OK  ] Started System Logging Service.
[  OK  ] Started Serial Getty on ttymxc0.
         Starting Login Service...
[  OK  ] Started Kernel Logging Service.
[  OK  ] Started Serial Getty on ttymxc1.
[  OK  ] Reached target Login Prompts.
[  OK  ] Started D-Bus System Message Bus.
         Starting Network Service...
         Starting Save/Restore Sound Card State...
[  OK  ] Started Daily Cleanup of Temporary Directories.
[  OK  ] Reached target Timers.
         Starting D-BUS Session Message Bus....
[  OK  ] Started B2Qt user application.
[  OK  ] Started Load/Save RF Kill Switch Status.
[  OK  ] Started Network Service.
[  OK  ] Started Save/Restore Sound Card State.
[  OK  ] Started D-BUS Session Message Bus..
[  OK  ] Reached target Network.
         Starting ADB Server Daemon...
[    6.923820] usb 1-1.1: new high-speed USB device number 5 using ci_hdrc
         Starting Network Time Service...
[  OK  ] Started Login Service.
[    6.979311] file system registered
[  OK  ] Started Network Time Service.
[  OK  ] Started ADB Server Daemon.
[  OK  ] Reached target Multi-User System.
[    7.060801] option 1-1.1:1.0: GSM modem (1-port) converter detected
[    7.067997] usb 1-1.1: GSM modem (1-port) converter now attached to ttyUSB0
[    7.076375] option 1-1.1:1.1: GSM modem (1-port) converter detected
[    7.085615] usb 1-1.1: GSM modem (1-port) converter now attached to ttyUSB1
[  OK  ] Started Ujet H[    7.094061] option 1-1.1:1.2: GSM modem (1-port) converter detected
TTPD Service.
[    7.103834] usb 1-1.1: GSM modem (1-port) converter now attached to ttyUSB2
[    7.112448] option 1-1.1:1.3: GSM modem (1-port) converter detected
[    7.120784] usb 1-1.1: GSM modem (1-port) converter now attached to ttyUSB3
[    7.129494] option 1-1.1:1.4: GSM modem (1-port) converter detected
[    7.136991] usb 1-1.1: GSM modem (1-port) converter now attached to ttyUSB4
[  OK  ] Started Ujet Bluetooth Audio Service.
         Starting Update UTMP about System Runlevel Changes...
[    7.190670] read descriptors
[    7.193684] read strings
[    7.196363] g_ffs gadget: g_ffs ready
[  OK  ] Started Ujet Cloud Service.
         Starting Ujet Identify Service...
[  OK  ] Started Ujet Telemetry Service.
[  OK  ] Reached target Custom Target.
[  OK  ] Started Ujet Ble Service.
[  OK  ] Started Update UTMP about System Runlevel Changes.
[  OK  ] Stopped Bluetooth service.
[    7.716367] flexcan 2090000.flexcan can0: writing ctrl=0x01232084
[    8.571099] mxc_sdc_fb fb@0: 800x480 h_sync,r,l: 72,24,96  v_sync,l,u: 7,3,10 pixclock=29500000 Hz
[    8.669371] random: nonblocking pool is initialized

Boot to Qt for Embedded Linux 2.1.1 b2qt-apalis-imx6 ttymxc0

b2qt-apalis-imx6 login: [   14.208990] ci_hdrc ci_hdrc.0: Device No Response

Boot to Qt for Embedded Linux 2.1.1 b2qt-apalis-imx6 ttymxc0

b2qt-apalis-imx6 login: root
root@b2qt-apalis-imx6:~# cd /
root@b2qt-apalis-imx6:/# 
root@b2qt-apalis-imx6:/# 
root@b2qt-apalis-imx6:/# reboot
         Stopping Save/Restore Sound Card State...
         Stopping Ujet HTTPD Service...
[  OK  ] Closed Load/Save RF Kill Switch Status /dev/rfkill Watch.
[  OK  ] Stopped target Custom Target.
[  OK  ] Stopped target Sound Card.
[  OK  ] Stopped target Timers.
[  OK  ] Stopped Daily Cleanup of Temporary Directories.
         Stopping Ujet Telemetry Service...
[  OK  ] Stopped target System Time Synchronized.
         Stopping Ujet Ble Service...
[  OK  ] Stopped target Remote File Systems.
         Stopping Ujet Cloud Service...
         Stopping Ujet Bluetooth Audio Service...
[  OK  ] Stopped Ujet HTTPD Service.
[  OK  ] Stopped Ujet Bluetooth Audio Service.
[  OK  ] Stopped Ujet Cloud Service.
[  OK  ] Stopped Ujet Identify Service.
[  OK  ] Stopped Ujet Telemetry Service.
[  OK  ] Stopped Ujet Ble Service.
[  OK  ] Stopped Save/Restore Sound Card State.
[  OK  ] Stopped target Multi-User System.
         Stopping ADB Server Daemon...
         Stopping Login Service...
         Stopping B2Qt user application...
         Stopping Network Time Service...
         Stopping Kernel Logging Service...
         Stoppiî[  OK  ] Stopped System Logging Service.
[  OK  ] Stopped Serial Getty on ttymxc0.
[  175.449817] mxc_sdc_fb fb@0: 800x480 h_sync,r,l: 72,24,96  v_sync,l,u: 7,3,10 pixclock=29500000 Hz
[  OK  ] Stopped Login Service.
[  OK  ] Stopped Kernel Logging Service.
[  OK  ] Stopped Serial Getty on ttymxc1.
[  OK  ] Stopped Network Time Service.
[  OK  ] Stopped D-BUS Session Message Bus..
[  OK  ] Removed slice system-serial\x2dgetty.slice.
[  OK  ] Stopped B2Qt user application.
[  OK  ] Unmounted /dev/usb-ffs/adb.
[  176.513322] ffs_data_put(): freeing
[  176.527252] unloading
[  OK  ] Stopped ADB Server Daemon.
[  OK  ] Stopped target Network.
         Stopping Network Service...
[  OK  ] Stopped Network Service.
         Stopping D-Bus System Message Bus...
[  OK  ] Stopped D-Bus System Message Bus.
[  OK  ] Stopped target Basic System.
[  OK  ] Stopped target Paths.
[  OK  ] Stopped Dispatch Password Requests to Console Directory Watch.
[  OK  ] Stopped Forward Password Requests to Wall Directory Watch.
[  OK  ] Stopped target Slices.
[  OK  ] Removed slice User and Session Slice.
[  OK  ] Stopped target Sockets.
[  OK  ] Closed Syslog Socket.
[  OK  ] Closed RPCbind Server Activation Socket.
[  OK  ] Closed dropbear.socket.
[  OK  ] Closed D-Bus System Message Bus Socket.
[  OK  ] Stopped target System Initialization.
         Stopping Network Time Synchronization...
[  OK  ] Stopped Setup Virtual Console.
[  OK  ] Stopped target Swap.
         Stopping Update UTMP about System Boot/Shutdown...
[  OK  ] Stopped Apply Kernel Variables.
[  OK  ] Stopped Load Kernel Modules.
         Stopping Load/Save Screen Backlight...htness of backlight:backlight...
         Stopping Load/Save Random Seed...
[  OK  ] Stopped Network Time Synchronization.
[  OK  ] Stopped Load/Save Screen Backlight Brightness of backlight:backlight.
[  OK  ] Stopped Load/Save Random Seed.
[  OK  ] Stopped Update UTMP about System Boot/Shutdown.
[  OK  ] Removed slice system-systemd\x2dbacklight.slice.
[  OK  ] Stopped Create Volatile Files and Directories.
[  OK  ] Stopped target Local File Systems.
         Unmounting /var/volatile...
         Unmounting Temporary Directory...
[  OK  ] Unmounted /var/volatile.
[  OK  ] Unmounted Temporary Directory.
[  OK  ] Reached target Unmount All Filesystems.
[  OK  ] Stopped target Local File Systems (Pre).
[  OK  ] Stopped Create Static Device Nodes in /dev.
[  OK  ] Stopped Remount Root and Kernel File Systems.
[  OK  ] Reached target Shutdown.
[  OK  ] Reached target Final Step.
         Starting Reboot...
[  177.971482] systemd-shutdown[1]: Sending SIGTERM to remaining processes...
[  177.993878] systemd-journald[195]: Received SIGTERM from PID 1 (systemd-shutdow).
[  178.033718] systemd-shutdown[1]: Sending SIGKILL to remaining processes...
[  178.053735] systemd-shutdown[1]: Hardware watchdog 'imx2+ watchdog', version 0
[  178.061826] systemd-shutdown[1]: Unmounting file systems.
[  178.067781] systemd-shutdown[1]: Remounting '/' read-only with options 'data=ordered'.
[  178.118008] EXT4-fs (mmcblk0p2): re-mounted. Opts: data=ordered
[  178.129172] systemd-shutdown[1]: Remounting '/' read-only with options 'data=ordered'.
[  178.137239] EXT4-fs (mmcblk0p2): re-mounted. Opts: data=ordered
[  178.143234] systemd-shutdown[1]: All filesystems unmounted.
[  178.148841] systemd-shutdown[1]: Deactivating swaps.
[  178.153986] systemd-shutdown[1]: All swaps deactivated.
[  178.159251] systemd-shutdown[1]: Detaching loop devices.
[  178.177380] systemd-shutdown[1]: All loop devices detached.
[  178.182995] systemd-shutdown[1]: Detaching DM devices.
[  178.190445] systemd-shutdown[1]: All DM devices detached.
[  178.201940] systemd-shutdown[1]: Rebooting.
[  180.774306] imx2-wdt 20bc000.wdog: Device shutdown: Expect reboot!
[  180.780838] reboot: Restarting system


U-Boot 2016.11+fslc+g80c3bd6 (Jan 02 2018 - 11:32:06 +0100)

CPU:   Freescale i.MX6Q rev1.5 at 792 MHz
Reset cause: WDOG
I2C:   ready
DRAM:  2 GiB
PMIC:  device id: 0x10, revision id: 0x21, programmed
MS('þFSL_SDHC: 0, FSL_SDHC: 1, FSL_SDHC: 2
auto-detected panel vga-rgb
Display: vga-rgb (640x480)
In:    serial
Out:   serial
Err:   serial
Model: Toradex Apalis iMX6 Quad 2GB IT V1.1C, Serial# 05139699
Net:   using PHY at 7
FEC [PRIME]
Hit any key to stop autoboot:  1  0 
Booting from internal eMMC chip...
reading imx6q-apalis-ixora-v1_1.dtb
48970 bytes read in 22 ms (2.1 MiB/s)
reading uImage
5943928 bytes read in 172 ms (33 MiB/s)
## Booting kernel from Legacy Image at 10800000 ...
   Image Name:   Linux-4.1.41-v2.7b1+g82f0f4f
   Image Type:   ARM Linux Kernel Image (uncompressed)
   Data Size:    5943864 Bytes = 5.7 MiB
   Load Address: 10008000
   Entry Point:  10008000
   Verifying Checksum ... OK
## Flattened Device Tree blob at 12000000
   Booting using the fdt blob at 0x12000000
   Loading Kernel Image ... OK
   Using Device Tree in place at 12000000, end 1200ef49

Starting kernel ...

[    0.000000] Booting Linux on physical CPU 0x0
[    0.000000] Initializing cgroup subsys cpu
[    0.000000] Initializing cgroup subsys cpuacct
[    0.000000] Linux version 4.1.41-v2.7b1+g82f0f4f (behlingc@mplan-ubuntu-1610-dev) (gcc version 5.3.0 (GCC) ) #1 SMP Wed Jan 31 17:39:36 CET 2018
[    0.000000] CPU: ARMv7 Processor [412fc09a] revision 10 (ARMv7), cr=10c5387d
[    0.000000] CPU: PIPT / VIPT nonaliasing data cache, VIPT aliasing instruction cache
[    0.000000] Machine model: Toradex Apalis iMX6Q/D Module on Ixora V1.1 Carrier Board
[    0.000000] Reserved memory: created CMA memory pool at 0x62000000, size 320 MiB
[    0.000000] Reserved memory: initialized node linux,cma, compatible id shared-dma-pool
[    0.000000] Memory policy: Data cache writealloc
[    0.000000] PERCPU: Embedded 12 pages/cpu @d0efd000 s16908 r8192 d24052 u49152
[    0.000000] Built 1 zonelists in Zone order, mobility grouping on.  Total pages: 521024
[    0.000000] Kernel command line: enable_wait_mode=off vmalloc=400M ip=off root=/dev/mmcblk0p2 rw,noatime rootfstype=ext4 rootwait fec_mac=00:14:2d:4e:6c:f3 consoleblank=0 no_console_suspend=1 console=tty1 console=ttymxc0,115200n8 mxc_hdmi.only_cea=1 video=mxcfb1:dev=hdmi,1920x1080M@60,if=RGB24 video=mxcfb0:dev=ldb,800x480M@60,if=RGB666 video=mxcfb2:off video=mxcfb3:off fbmem=32M
[    0.000000] PID hash table entries: 4096 (order: 2, 16384 bytes)
[    0.000000] Dentry cache hash table entries: 262144 (order: 8, 1048576 bytes)
[    0.000000] Inode-cache hash table entries: 131072 (order: 7, 524288 bytes)
[    0.000000] Memory: 1738972K/2097152K available (7679K kernel code, 330K rwdata, 2648K rodata, 372K init, 423K bss, 30500K reserved, 327680K cma-reserved, 425984K highmem)
[    0.000000] Virtual kernel memory layout:
[    0.000000]     vector  : 0xffff0000 - 0xffff1000   (   4 kB)
[    0.000000]     fixmap  : 0xffc00000 - 0xfff00000   (3072 kB)
[    0.000000]     vmalloc : 0xe6800000 - 0xff000000   ( 392 MB)
[    0.000000]     lowmem  : 0x80000000 - 0xe6000000   (1632 MB)
[    0.000000]     pkmap   : 0x7fe00000 - 0x80000000   (   2 MB)
[    0.000000]     modules : 0x7f000000 - 0x7fe00000   (  14 MB)
[    0.000000]       .text : 0x80008000 - 0x80a1e0a4   (10329 kB)
[    0.000000]       .init : 0x80a1f000 - 0x80a7c000   ( 372 kB)
[    0.000000]       .data : 0x80a7c000 - 0x80ace8c0   ( 331 kB)
[    0.000000]        .bss : 0x80ad1000 - 0x80b3ae1c   ( 424 kB)
[    0.000000] SLUB: HWalign=64, Order=0-3, MinObjects=0, CPUs=4, Nodes=1
[    0.000000] Hierarchical RCU implementation.
[    0.000000] NR_IRQS:16 nr_irqs:16 16
[    0.000000] L2C-310 erratum 769419 enabled
[    0.000000] L2C-310 enabling early BRESP for Cortex-A9
[    0.000000] L2C-310 full line of zeros enabled for Cortex-A9
[    0.000000] L2C-310 ID prefetch enabled, offset 16 lines
[    0.000000] L2C-310 dynamic clock gating enabled, standby mode enabled
[    0.000000] L2C-310 cache controller enabled, 16 ways, 1024 kB
[    0.000000] L2C-310: CACHE_ID 0x410000c7, AUX_CTRL 0x76470001
[    0.000000] mxc_clocksource_init 3000000
[    0.000000] Switching to timer-based delay loop, resolution 333ns
[    0.000006] sched_clock: 32 bits at 3000kHz, resolution 333ns, wraps every 715827882841ns
[    0.000024] clocksource mxc_timer1: mask: 0xffffffff max_cycles: 0xffffffff, max_idle_ns: 637086815595 ns
[    0.001232] Console: colour dummy device 80x30
[    0.001871] console [tty1] enabled
[    0.001900] Calibrating delay loop (skipped), value calculated using timer frequency.. 6.00 BogoMIPS (lpj=30000)
[    0.001940] pid_max: default: 32768 minimum: 301
[    0.002052] Mount-cache hash table entries: 4096 (order: 2, 16384 bytes)
[    0.002081] Mountpoint-cache hash table entries: 4096 (order: 2, 16384 bytes)
[    0.002669] Initializing cgroup subsys freezer
[    0.002710] Initializing cgroup subsys debug
[    0.002761] CPU: Testing write buffer coherency: ok
[    0.003033] Setting up static identity map for 0x10008280 - 0x100082d8
[    0.006345] Brought up 4 CPUs
[    0.006378] SMP: Total of 4 processors activated (24.00 BogoMIPS).
[    0.006404] CPU: All CPU(s) started in SVC mode.
[    0.006895] devtmpfs: initialized
[    0.019447] VFP support v0.3: implementor 41 architecture 3 part 30 variant 9 rev 4
[    0.019896] clocksource jiffies: mask: 0xffffffff max_cycles: 0xffffffff, max_idle_ns: 19112604462750000 ns
[    0.019955] futex hash table entries: 1024 (order: 4, 65536 bytes)
[    0.039780] pinctrl core: initialized pinctrl subsystem
[    0.041039] NET: Registered protocol family 16
[    0.049388] DMA: preallocated 256 KiB pool for atomic coherent allocations
[    0.079656] cpuidle: using governor ladder
[    0.109649] cpuidle: using governor menu
[    0.110045] CPU identified as i.MX6Q, silicon rev 1.5
[    0.134683] hw-breakpoint: found 5 (+1 reserved) breakpoint and 1 watchpoint registers.
[    0.134729] hw-breakpoint: maximum watchpoint size is 4 bytes.
[    0.135848] imx6q-pinctrl 20e0000.iomuxc: initialized IMX pinctrl driver
[    0.137846] imx-gpc 20dc000.gpc: no fsl,ldo-bypass found!
[    0.148020] mxs-dma 110000.dma-apbh: initialized
[    0.150520] usb_host_vbus: supplied by usb_host_vbus_hub
[    0.150878] vgaarb: loaded
[    0.151699] SCSI subsystem initialized
[    0.152200] usbcore: registered new interface driver usbfs
[    0.152292] usbcore: registered new interface driver hub
[    0.152397] usbcore: registered new device driver usb
[    0.152634] 2000000.aips-bus:usbphy_nop1 supply vcc not found, using dummy regulator
[    0.152812] 2000000.aips-bus:usbphy_nop2 supply vcc not found, using dummy regulator
[    0.153588] i2c-gpio i2c@0: using pins 80 (SDA) and 62 (SCL)
[    0.154457] i2c i2c-1: IMX I2C adapter registered
[    0.154494] i2c i2c-1: can't use DMA
[    0.156048] stmpe-i2c 2-0041: stmpe811 detected, chip id: 0x811
[    0.157981] i2c i2c-2: IMX I2C adapter registered
[    0.158019] i2c i2c-2: can't use DMA
[    0.158491] i2c i2c-3: IMX I2C adapter registered
[    0.158524] i2c i2c-3: can't use DMA
[    0.158691] Linux video capture interface: v2.00
[    0.158765] pps_core: LinuxPPS API ver. 1 registered
[    0.158788] pps_core: Software ver. 5.3.6 - Copyright 2005-2007 Rodolfo Giometti <giometti@linux.it>
[    0.158841] PTP clock support registered
[    0.179699] imx-ipuv3 2400000.ipu: IPU DMFC NORMAL mode: 1(0~1), 5B(4,5), 5F(6,7)
[    0.199692] imx-ipuv3 2800000.ipu: IPU DMFC NORMAL mode: 1(0~1), 5B(4,5), 5F(6,7)
[    0.200618] mxc_mipi_csi2 21dc000.mipi_csi: i.MX MIPI CSI2 driver probed ipu0 csi1
[    0.200668] mxc_mipi_csi2 21dc000.mipi_csi: i.MX MIPI CSI2 dphy version is 0x3130302a
[    0.200784] MIPI CSI2 driver module loaded
[    0.201075] Advanced Linux Sound Architecture Driver Initialized.
[    0.202316] Bluetooth: Core ver 2.20
[    0.202377] NET: Registered protocol family 31
[    0.202399] Bluetooth: HCI device and connection manager initialized
[    0.202428] Bluetooth: HCI socket layer initialized
[    0.202459] Bluetooth: L2CAP socket layer initialized
[    0.202504] Bluetooth: SCO socket layer initialized
[    0.203100] Switched to clocksource mxc_timer1
[    0.213929] NET: Registered protocol family 2
[    0.214707] TCP established hash table entries: 16384 (order: 4, 65536 bytes)
[    0.214877] TCP bind hash table entries: 16384 (order: 5, 131072 bytes)
[    0.215136] TCP: Hash tables configured (established 16384 bind 16384)
[    0.215230] UDP hash table entries: 1024 (order: 3, 32768 bytes)
[    0.215330] UDP-Lite hash table entries: 1024 (order: 3, 32768 bytes)
[    0.215598] NET: Registered protocol family 1
[    0.215926] RPC: Registered named UNIX socket transport module.
[    0.215957] RPC: Registered udp transport module.
[    0.215978] RPC: Registered tcp transport module.
[    0.215997] RPC: Registered tcp NFSv4.1 backchannel transport module.
[    0.216776] CPU PMU: Failed to parse /soc/pmu/interrupt-affinity[0]
[    0.216848] hw perfevents: enabled with armv7_cortex_a9 PMU driver, 7 counters available
[    0.217879] imx rpmsg driver is registered.
[    0.218914] Bus freq driver module loaded
[    0.225903] VFS: Disk quotas dquot_6.6.0
[    0.226096] VFS: Dquot-cache hash table entries: 1024 (order 0, 4096 bytes)
[    0.227157] squashfs: version 4.0 (2009/01/31) Phillip Lougher
[    0.227952] NFS: Registering the id_resolver key type
[    0.228006] Key type id_resolver registered
[    0.228030] Key type id_legacy registered
[    0.228074] nfs4filelayout_init: NFSv4 File Layout Driver Registering...
[    0.228614] ntfs: driver 2.1.32 [Flags: R/W].
[    0.229099] fuse init (API version 7.23)
[    0.233235] bounce: pool size: 64 pages
[    0.233276] io scheduler noop registered
[    0.233303] io scheduler deadline registered
[    0.233469] io scheduler cfq registered (default)
[    0.236228] backlight supply power not found, using dummy regulator
[    0.237850] MIPI DSI driver module loaded
[    0.239210] 20e0000.hdmi_video supply HDMI not found, using dummy regulator
[    0.240689] fbcvt: 800x480@60: CVT Name - .384M9
[    0.240735] mxc_sdc_fb fb@0: registered mxc display driver ldb
[    0.244894] mxc_sdc_fb fb@0: 800x480 h_sync,r,l: 72,24,96  v_sync,l,u: 7,3,10 pixclock=29500000 Hz
[    0.266820] mxc_hdmi 20e0000.hdmi_video: Detected HDMI controller 0x13:0xa:0xa0:0xc1
[    0.266878] fbcvt: 1920x1080@60: CVT Name - 2.073M9
[    0.266996] mxc_sdc_fb fb@1: registered mxc display driver hdmi
[    0.282247] mxc_sdc_fb fb@1: 1920x1080 h_sync,r,l: 44,88,148  v_sync,l,u: 5,4,36 pixclock=148500000 Hz
[    0.293182] imx-ipuv3 2400000.ipu: IPU DMFC DP HIGH RESOLUTION: 1(0,1), 5B(2~5), 5F(6,7)
[    0.296868] mxc_sdc_fb fb@2: mxcfb2 is turned off!
[    0.296959] mxc_sdc_fb fb@3: mxcfb3 is turned off!
[    0.298462] imx-sdma 20ec000.sdma: no iram assigned, using external mem
[    0.298883] imx-sdma 20ec000.sdma: no event needs to be remapped
[    0.299183] imx-sdma 20ec000.sdma: loaded firmware 3.3
[    0.301785] imx-sdma 20ec000.sdma: initialized
[    0.303487] pfuze100-regulator 2-0008: Full layer: 2, Metal layer: 1
[    0.304120] pfuze100-regulator 2-0008: FAB: 0, FIN: 0
[    0.304149] pfuze100-regulator 2-0008: pfuze100 found.
[    0.318680] 2020000.serial: ttymxc0 at MMIO 0x2020000 (irq = 26, base_baud = 5000000) is a IMX
[    1.225164] console [ttymxc0] enabled
[    1.229710] 21e8000.serial: ttymxc1 at MMIO 0x21e8000 (irq = 301, base_baud = 5000000) is a IMX
[    1.238975] 21f0000.serial: ttymxc3 at MMIO 0x21f0000 (irq = 302, base_baud = 5000000) is a IMX
[    1.248212] 21f4000.serial: ttymxc4 at MMIO 0x21f4000 (irq = 303, base_baud = 5000000) is a IMX
[    1.258953] [drm] Initialized drm 1.1.0 20060810
[    1.264070] [drm] Initialized vivante 1.0.0 20120216 on minor 0
[    1.278137] brd: module loaded
[    1.286323] loop: module loaded
[    1.290756] ahci-imx 2200000.sata: fsl,transmit-level-mV not specified, using 00000024
[    1.298759] ahci-imx 2200000.sata: fsl,transmit-boost-mdB not specified, using 00000480
[    1.306823] ahci-imx 2200000.sata: fsl,transmit-atten-16ths not specified, using 00002000
[    1.315054] ahci-imx 2200000.sata: fsl,receive-eq-mdB not specified, using 05000000
[    1.326241] ahci-imx 2200000.sata: SSS flag set, parallel bus scan disabled
[    1.333292] ahci-imx 2200000.sata: AHCI 0001.0300 32 slots 1 ports 3 Gbps 0x1 impl platform mode
[    1.342120] ahci-imx 2200000.sata: flags: ncq sntf stag pm led clo only pmp pio slum part ccc apst 
[    1.352605] scsi host0: ahci-imx
[    1.356183] ata1: SATA max UDMA/133 mmio [mem 0x02200000-0x02203fff] port 0x100 irq 313
[    1.367562] spi_imx 2008000.ecspi: probed
[    1.372515] vcan: Virtual CAN interface driver
[    1.377045] CAN device driver interface
[    1.381150] 2090000.flexcan supply xceiver not found, using dummy regulator
[    1.388954] flexcan 2090000.flexcan: device registered (reg_base=e6aa8000, irq=35)
[    1.396709] 2094000.flexcan supply xceiver not found, using dummy regulator
[    1.404413] flexcan 2094000.flexcan: device registered (reg_base=e6ab0000, irq=36)
[    1.413162] 2188000.ethernet supply phy not found, using dummy regulator
[    1.433524] pps pps0: new PPS source ptp0
[    1.438776] libphy: fec_enet_mii_bus: probed
[    1.444861] fec 2188000.ethernet eth0: registered PHC device 0
[    1.450985] PPP generic driver version 2.4.2
[    1.455536] ehci_hcd: USB 2.0 'Enhanced' Host Controller (EHCI) Driver
[    1.462098] ehci-pci: EHCI PCI platform driver
[    1.466655] ehci-mxc: Freescale On-Chip EHCI Host driver
[    1.472191] usbcore: registered new interface driver usb-storage
[    1.478383] usbcore: registered new interface driver usbserial
[    1.484301] usbcore: registered new interface driver usbserial_generic
[    1.490889] usbserial: USB Serial support registered for generic
[    1.496978] usbcore: registered new interface driver ftdi_sio
[    1.502789] usbserial: USB Serial support registered for FTDI USB Serial Device
[    1.510204] usbcore: registered new interface driver option
[    1.515848] usbserial: USB Serial support registered for GSM modem (1-port)
[    1.522874] usbcore: registered new interface driver pl2303
[    1.528520] usbserial: USB Serial support registered for pl2303
[    1.535835] 2184800.usbmisc supply vbus-wakeup not found, using dummy regulator
[    1.554982] ci_hdrc ci_hdrc.1: EHCI Host Controller
[    1.559919] ci_hdrc ci_hdrc.1: new USB bus registered, assigned bus number 1
[    1.583138] ci_hdrc ci_hdrc.1: USB 2.0 started, EHCI 1.00
[    1.589356] hub 1-0:1.0: USB hub found
[    1.593202] hub 1-0:1.0: 1 port detected
[    1.598129] mousedev: PS/2 mouse device common for all mice
[    1.604298] [PENMOUNT] Loading penmount_i2c V1.15.0
[    1.609346] [PENMOUNT] Probing for device ...
[    1.633002] [PENMOUNT] PM2204.D01.1.0.0
[    1.639750] [PENMOUNT] Supports 5 touch contacts
[    1.647270] [PENMOUNT] Supports WD mode
[    1.651125] [PENMOUNT] Supports WP mode
[    1.657862] [PENMOUNT] Use WP mode !
[    1.664335] [PENMOUNT] Sensitivity Level : 0 (max: 2)
[    1.672278] [PENMOUNT] irq already specified !!
[    1.676986] [PENMOUNT] Using IRQ 219
[    1.680815] input: PenMount I2C Touch Screen as /devices/soc0/soc/2100000.aips-bus/21a0000.i2c/i2c-1/1-0038/input/input0
[    1.692233] input: PenMount I2C Touch Key as /devices/soc0/soc/2100000.aips-bus/21a0000.i2c/i2c-1/1-0038/input/input1
[    1.706430] rtc-ds1307 1-0068: rtc core: registered m41t0 as rtc0
[    1.713147] ata1: SATA link down (SStatus 0 SControl 300)
[    1.713180] snvs_rtc 20cc000.snvs:snvs-rtc-lp: rtc core: registered 20cc000.snvs:snvs-r as rtc1
[    1.713315] i2c /dev entries driver
[    1.715064] mxc_v4l2_output v4l2_out: V4L2 device registered as video16
[    1.715226] mxc_v4l2_output v4l2_out: V4L2 device registered as video17
[    1.715392] mxc_v4l2_output v4l2_out: V4L2 device registered as video18
[    1.715552] mxc_v4l2_output v4l2_out: V4L2 device registered as video19
[    1.717651] imx2-wdt 20bc000.wdog: timeout 60 sec (nowayout=0)
[    1.717878] usbcore: registered new interface driver btusb
[    1.718072] sdhci: Secure Digital Host Controller Interface driver
[    1.718075] sdhci: Copyright(c) Pierre Ossman
[    1.718082] sdhci-pltfm: SDHCI platform and OF driver helper
[    1.719009] /soc/aips-bus@02100000/usdhc@02190000: voltage-ranges unspecified
[    1.719040] sdhci-esdhc-imx 2190000.usdhc: Got CD GPIO
[    1.720548] sdhci-esdhc-imx 2190000.usdhc: No vqmmc regulator found
[    1.763268] mmc1: SDHCI controller on 2190000.usdhc [2190000.usdhc] using ADMA
[    1.766970] /soc/aips-bus@02100000/usdhc@02198000: voltage-ranges unspecified
[    1.775529] sdhci-esdhc-imx 2198000.usdhc: No vqmmc regulator found
[    1.824398] ahci-imx 2200000.sata: no device found, disabling link.
[    1.826215] mmc0: SDHCI controller on 2198000.usdhc [2198000.usdhc] using ADMA
[    1.828679] mmc1: new high speed SDHC card at address 0001
[    1.828695] mxc_vpu 2040000.vpu_fsl: VPU initialized
[    1.829081] mmcblk1: mmc1:0001 00000 7.44 GiB 
[    1.829283] mxc_vdoa 21e4000.vdoa: i.MX Video Data Order Adapter(VDOA) driver probed
[    1.830725]  mmcblk1: p1 p2
[    1.832108] caam 2100000.caam: Entropy delay = 3200
[    1.832140] caam 2100000.caam: Instantiated RNG4 SH0
[    1.873451] ahci-imx 2200000.sata: pass ahci_imx..hotplug=1 to enable hotplug
[    1.892904] caam 2100000.caam: Instantiated RNG4 SH1
[    1.897926] caam 2100000.caam: device ID = 0x0a16010000000000 (Era -524)
[    1.898361] mmc0: MAN_BKOPS_EN bit is not set
[    1.909043] caam 2100000.caam: job rings = 2, qi = 0
[    1.917714] mmc0: new DDR MMC card at address 0001
[    1.922913] mmcblk0: mmc0:0001 Q2J54A 3.59 GiB 
[    1.927627] mmcblk0boot0: mmc0:0001 Q2J54A partition 1 16.0 MiB
[    1.933730] mmcblk0boot1: mmc0:0001 Q2J54A partition 2 16.0 MiB
[    1.940687]  mmcblk0: p1 p2
[    1.973143] usb 1-1: new high-speed USB device number 2 using ci_hdrc
[    1.984662] caam algorithms registered in /proc/crypto
[    1.993813] caam_jr 2101000.jr0: registering rng-caam
[    1.999815] snvs-secvio 20cc000.caam-snvs: can't get snvs clock
[    2.005841] snvs-secvio 20cc000.caam-snvs: violation handlers armed - non-secure state
[    2.014050] hidraw: raw HID events driver (C) Jiri Kosina
[    2.019692] usbcore: registered new interface driver usbhid
[    2.025303] usbhid: USB HID core driver
[    2.034541] stmpe-adc stmpe-adc: Initialized
[    2.042322] sgtl5000 2-000a: sgtl5000 revision 0x11
[    2.072968] fsl-asrc 2034000.asrc: driver registered
[    2.124334] hub 1-1:1.0: USB hub found
[    2.128289] hub 1-1:1.0: 4 ports detected
[    2.217315] imx-sgtl5000 sound: sgtl5000 <-> 2028000.ssi mapping ok
[    2.226319] imx-spdif sound-spdif: snd-soc-dummy-dai <-> 2004000.spdif mapping ok
[    2.237076] imx-audio-hdmi sound-hdmi: hdmi-hifi <-> soc:hdmi_audio@00120000 mapping ok
[    2.245846] Netfilter messages via NETLINK v0.30.
[    2.250599] nfnl_acct: registering with nfnetlink.
[    2.255456] nf_conntrack version 0.5.0 (16384 buckets, 65536 max)
[    2.262077] nf_tables: (c) 2007-2009 Patrick McHardy <kaber@trash.net>
[    2.269081] ip_tables: (C) 2000-2006 Netfilter Core Team
[    2.275051] NET: Registered protocol family 10
[    2.280499] ip6_tables: (C) 2000-2006 Netfilter Core Team
[    2.285986] NET: Registered protocol family 17
[    2.290571] bridge: automatic filtering via arp/ip/ip6tables has been deprecated. Update your scripts to load br_netfilter if you need this.
[    2.303282] Bridge firewalling registered
[    2.307330] can: controller area network core (rev 20120528 abi 9)
[    2.313608] NET: Registered protocol family 29
[    2.318105] can: raw protocol (rev 20120528)
[    2.322405] can: broadcast manager protocol (rev 20120528 t)
[    2.328120] can: netlink gateway (rev 20130117) max_hops=1
[    2.333918] Bluetooth: RFCOMM TTY layer initialized
[    2.338834] Bluetooth: RFCOMM socket layer initialized
[    2.344065] Bluetooth: RFCOMM ver 1.11
[    2.347855] Bluetooth: BNEP (Ethernet Emulation) ver 1.3
[    2.353205] Bluetooth: BNEP filters: protocol multicast
[    2.358457] Bluetooth: BNEP socket layer initialized
[    2.363464] Bluetooth: HIDP (Human Interface Emulation) ver 1.2
[    2.369411] Bluetooth: HIDP socket layer initialized
[    2.374479] 8021q: 802.1Q VLAN Support v1.8
[    2.379065] Key type dns_resolver registered
[    2.385391] Registering SWP/SWPB emulation handler
[    2.390887] registered taskstats version 1
[    2.395898] 1ffc000.pcie supply pcie-bus not found, using dummy regulator
[    2.815521] imx6q-pcie 1ffc000.pcie: phy link never came up
[    2.821175] imx6q-pcie 1ffc000.pcie: failed to initialize host
[    2.821187] usb 1-1.2: new low-speed USB device number 3 using ci_hdrc
[    2.833827] imx6q-pcie: probe of 1ffc000.pcie failed with error -22
[    2.844120] rtc-ds1307 1-0068: setting system clock to 2018-02-04 10:39:49 UTC (1517740789)
[    2.862659] usb_otg_vbus: disabling
[    2.866518] ALSA device list:
[    2.869544]   #0: imx6q-apalis-sgtl5000
[    2.873424]   #1: imx-spdif
[    2.876238]   #2: imx-hdmi-soc
[    2.895298] EXT4-fs (mmcblk0p2): mounted filesystem with ordered data mode. Opts: (null)
[    2.903508] VFS: Mounted root (ext4 filesystem) readonly on device 179:10.
[    2.910817] devtmpfs: mounted
[    2.914216] Freeing unused kernel memory: 372K (80a1f000 - 80a7c000)
[    2.952114] input: PixArt Dell MS116 USB Optical Mouse as /devices/soc0/soc/2100000.aips-bus/2184200.usb/ci_hdrc.1/usb1/1-1/1-1.2/1-1.2:1.0/0003:413C:301A.0001/input/input2
[    2.968326] hid-generic 0003:413C:301A.0001: input,hidraw0: USB HID v1.11 Mouse [PixArt Dell MS116 USB Optical Mouse] on usb-ci_hdrc.1-1.2/input0
[    3.073216] usb 1-1.3: new high-speed USB device number 4 using ci_hdrc
[    3.082372] random: systemd urandom read with 18 bits of entropy available
[    3.094287] systemd[1]: systemd 229 running in system mode. (-PAM -AUDIT -SELINUX +IMA -APPARMOR +SMACK +SYSVINIT +UTMP -LIBCRYPTSETUP -GCRYPT -GNUTLS +ACL +XZ -LZ4 -SECCOMP +BLKID -ELFUTILS +KMOD -IDN)
[    3.113479] systemd[1]: Detected architecture arm.

Welcome to Boot to Qt for Embedded Linux 2.1.1 (krogoth)!

[    3.153657] systemd[1]: Set hostname to <b2qt-apalis-imx6>.
[    3.377054] systemd[1]: Listening on udev Kernel Socket.
[  OK  ] Listening on udev Kernel Socket.
[    3.413544] systemd[1]: Listening on Journal Socket.
[  OK  ] Listening on Journal Socket.
[    3.433331] systemd[1]: Reached target Remote File Systems.
[  OK  ] Reached target Remote File Systems.
[    3.453450] systemd[1]: Started Forward Password Requests to Wall Directory Watch.
[  OK  ] Started Forward Password Requests to Wall Directory Watch.
[    3.483649] systemd[1]: Created slice System Slice.
[  OK  ] Created slice System Slice.
[    3.515173] systemd[1]: Mounting Temporary Directory...
         Mounting Temporary Directory...
[    3.543570] systemd[1]: Reached target Swap.
[  OK  ] Reached target Swap.
[    3.563742] systemd[1]: Listening on /dev/initctl Compatibility Named Pipe.
[  OK  ] Listening on /dev/initctl Compatibility Named Pipe.
[    3.593874] systemd[1]: Started Dispatch Password Requests to Console Directory Watch.
[  OK  ] Started Dispatch Password Requests to Console Directory Watch.
[    3.637311] systemd[1]: Starting Load Kernel Modules...
         Starting Load Kernel Modules...
[    3.668340] systemd[1]: Starting Setup Virtual Console...
         Starting Setup Virtual Console...
[    3.693895] systemd[1]: Reached target Paths.
[  OK  ] Reached target Paths.
[    3.710202] RTL871X: module init start
[    3.714048] RTL871X: rtl8723bu v4.3.6.11_12942.20141204_BTCOEX20140507-4E40
[    3.721034] RTL871X: rtl8723bu BT-Coex version = BTCOEX20140507-4E40
[    3.736172] systemd[1]: Starting Create list of required static device nodes for the current kernel...
         Starting Create list of required st... nodes for the current kernel...
[    3.765389] systemd[1]: Mounting Debug File System...
         Mounting Debug File System...
[    3.783746] systemd[1]: Created slice system-serial\x2dgetty.slice.
[  OK  ] Created slice system-serial\x2dgetty.slice.
[    3.813880] systemd[1]: Listening on Network Service Netlink Socket.
[  OK  ] Listening on Network Service Netlink Socket.
[    3.843435] systemd[1]: Listening on Syslog Socket.
[  OK  ] Listening on Syslog Socket.
[    3.865466] systemd[1]: Starting File System Check on Root Device...
         Starting File System Check on Root Device...
[    3.893696] systemd[1]: Listening on udev Control Socket.
[  OK  ] Listening on udev Control Socket.
[    3.909334] systemd[1]: Created slice User and Session Slice.
[  OK  [    3.915937] systemd[1]: Reached target Slices.
] Created slice User and Session [    3.922356] systemd[1]: Listening on Journal Socket (/dev/log).
Slice.
[  OK  ] Reached target Slices.
[  OK  ] Listening on Journal Sock[    3.937538] systemd[1]: Starting Journal Service...
et (/dev/log).
         Starting Journal Service...
[    3.955086] systemd[1]: Mounted Debug File System.
[  OK  ] [    3.960873] systemd[1]: Mounted Temporary Directory.
Mounted Debug File System.
[  OK  ] Mounted Temp[    3.969963] systemd[1]: Started Setup Virtual Console.
orary Directory.
[  OK  ] Started Setu[    3.979371] systemd[1]: Started Create list of required static device nodes for the current kernel.
p Virtual Console.
[  OK  ] Started Create list of required sta...ce nodes for the current kernel.
[    4.022583] systemd[1]: Started File System Check on Root Device.
[  OK  ] Started File System Check on Root Device.
[    4.088655] RTL871X: rtw_ndev_init(wlan0)
[    4.093917] RTL871X: rtw_ndev_init(wlan1)
[    4.099022] usbcore: registered new interface driver rtl8723bu
[    4.104976] RTL871X: module init ret=0
[    4.129522] Galcore version 5.0.11.41671
[    4.134876] systemd[1]: Starting Remount Root and Kernel File Systems...
         Starting Remount Root and Kernel File Systems...
[    4.166974] systemd[1]: Started Journal Service.
[  OK  ] Started Journal Service.
[    4.181001] EXT4-fs (mmcblk0p2): re-mounted. Opts: (null)
[  OK  ] Started Remount Root and Kernel File Systems.
         Starting udev Coldplug all Devices...
         Starting Create Static Device Nodes in /dev...
         Starting Flush Journal to Persistent Storage...
[  OK  ] Started Create Static Device Nodes in /dev.
[  OK  ] Reached target Local File Systems (Pre).
         Mounting /var/volatile...
         Starting udev Kernel Device Manager...
[  OK  ] Mounted /var/volatile.
[  OK  ] Started udev Kernel Device Manager.
[    4.612813] systemd-journald[203]: Received request to flush runtime journal from PID 1
[  OK  ] Started Flush Journal to Persistent Storage.
[  OK  ] Reached target Local File Systems.
         Starting Create Volatile Files and Directories...
         Starting Load/Save Random Seed...
[  OK  ] Started Load/Save Random Seed.
[  OK  ] Started Create Volatile Files and Directories.
[    4.968718] tty0tty null modem driver v1.2
[  OK  ] Started Load Kernel Modules.
         Starting Apply Kernel Variables...
         Mounting FUSE Control File System...
         Mounting Configuration File System...
         Starting Update UTMP about System Boot/Shutdown...
         Starting Network Time Synchronization...
[  OK  ] Mounted Configuration File System.
[  OK  ] Mounted FUSE Control File System.
[  OK  ] Started udev Coldplug all Devices.
[  OK  ] Started Apply Kernel Variables.
[  OK  ] Started Network Time Synchronization.
[  OK  ] Found device /dev/ttymxc0.
[  OK  ] Started Update UTMP about System Boot/Shutdown.
[    5.563412] ov5647_read_reg(mipi):reg=300a ret=-5
[    5.568240] camera ov5647_mipi is not found
[  OK  ] Found device /dev/ttymxc1.
[    5.710187] ERROR: v4l2 capture: slave not found!
[    5.713578] ERROR: v4l2 capture: slave not found!
[  OK  ] Listening on Load/Save RF Kill Switch Status /dev/rfkill Watch.
[  OK  ] Reached target Sound Card.
[  OK  ] Reached target System Time Synchronized.
[  OK  ] Created slice system-systemd\x2dbacklight.slice.
         Starting Load/Save Screen Backlight...htness of backlight:backlight...
         Starting Load/Save RF Kill Switch Status...
[  OK  ] Started Load/Save RF Kill Switch Status.
[  OK  ] Started Load/Save Screen Backlight Brightness of backlight:backlight.
[  OK  ] Reached target System Initialization.
[  OK  ] Listening on dropbear.socket.
[  OK  ] Listening on D-Bus System Message Bus Socket.
[  OK  ] Started Daily Cleanup of Temporary Directories.
[  OK  ] Reached target Timers.
[  OK  ] Listening on RPCbind Server Activation Socket.
[  OK  ] Reached target Sockets.
[  OK  ] Reached target Basic System.
         Starting Login Service...
[  OK  ] Started System Logging Service.
[  OK  ] Started B2Qt user application.
[  OK  ] Started Serial Getty on ttymxc1.
[  OK  ] Started D-Bus System Message Bus.
         Starting Network Service...
[  OK  ] Started Serial Getty on ttymxc0.
[  OK  ] Reached target Login Prompts.
         Starting Save/Restore Sound Card State...
[  OK  ] Started Kernel Logging Service.
         Starting D-BUS Session Message Bus....
[  OK  ] Started Login Service.
[  OK  ] Started Network Service.
[  OK  ] Reached target Network.
         Starting ADB Server Daemon...
         Starting Network Time Service...
[  OK  ] Started D-BUS Session Message Bus..
[  OK  ] Started Networ[    6.795158] file system registered
k Time Service.
[    6.854519] flexcan 2090000.flexcan can0: writing ctrl=0x01232084
[  OK  ] Started ADB Server Daemon.
[  OK  ] Reached target Multi-User System.
[  OK  ] Started Ujet Cloud Service.
[    6.923960] usb 1-1.1: new high-speed USB device number 5 using ci_hdrc
[  OK  ] Started Ujet Ble Service.
         Starting Ujet Identify Service...
[    6.961245] read descriptors
[  OK  ] Reached target[    6.965924] read strings
 Custom Target.
[    6.971212] g_ffs gadget: g_ffs ready
         Starting Update UTMP about System Runlevel Changes...
[  OK  ] Started Ujet Bluetooth Audio Service.
[  OK  ] Started Ujet HTTPD Service.
[  OK  ] Started Ujet Telemetry Service.
[    7.060627] option 1-1.1:1.0: GSM modem (1-port) converter detected
[    7.084101] usb 1-1.1: GSM modem (1-port) converter now attached to ttyUSB0
[    7.092079] option 1-1.1:1.1: GSM modem (1-port) converter detected
[    7.114280] usb 1-1.1: GSM modem (1-port) converter now attached to ttyUSB1
[    7.122177] option 1-1.1:1.2: GSM modem (1-port) converter detected
[    7.141598] usb 1-1.1: GSM modem (1-port) converter now attached to ttyUSB2
[    7.149540] option 1-1.1:1.3: GSM modem (1-port) converter detected
[    7.156830] usb 1-1.1: GSM modem (1-port) converter now attached to ttyUSB3
[  OK  ] Started Update[    7.165097] option 1-1.1:1.4: GSM modem (1-port) converter detected
 UTMP about System Runlevel Chang[    7.174427] usb 1-1.1: GSM modem (1-port) converter now attached to ttyUSB4
es.
[  OK  ] Stopped Bluetooth service.
[  OK  ] Started Save/Restore Sound Card State.
[    7.913200] mxc_sdc_fb fb@0: 800x480 h_sync,r,l: 72,24,96  v_sync,l,u: 7,3,10 pixclock=29500000 Hz
[    8.683514] random: nonblocking pool is initialized

Boot to Qt for Embedded Linux 2.1.1 b2qt-apalis-imx6 ttymxc0

b2qt-apalis-imx6 login: [   13.983618] ci_hdrc ci_hdrc.0: Device No Response


U-Boot 2016.11+fslc+g80c3bd6 (Jan 02 2018 - 11:32:06 +0100)

CPU:   Freescale i.MX6Q rev1.5 at 792 MHz
Reset cause: POR
I2C:   ready
DRAM:  2 GiB
PMIC:  device id: 0x10, revision id: 0x21, programmed
MC:   FSL_SDHC: 0, FSL_SDHC: 1, FSL_SDHC: 2
auto-detected panel vga-rgb
Display: vga-rgb (640x480)
In:    serial
Out:   serial
Err:   serial
Model: Toradex Apalis iMX6 Quad 2GB IT V1.1C, Serial# 05139699
Net:   using PHY at 7
FEC [PRIME]
Hit any key to stop autoboot:  1  0 
Booting from internal eMMC chip...
reading imx6q-apalis-ixora-v1_1.dtb
48970 bytes read in 22 ms (2.1 MiB/s)
reading uImage
5943928 bytes read in 172 ms (33 MiB/s)
## Booting kernel from Legacy Image at 10800000 ...
   Image Name:   Linux-4.1.41-v2.7b1+g82f0f4f
   Image Type:   ARM Linux Kernel Image (uncompressed)
   Data Size:    5943864 Bytes = 5.7 MiB
   Load Address: 10008000
   Entry Point:  10008000
   Verifying Checksum ... OK
## Flattened Device Tree blob at 12000000
   Booting using the fdt blob at 0x12000000
   Loading Kernel Image ... OK
   Using Device Tree in place at 12000000, end 1200ef49

Starting kernel ...

[    0.000000] Booting Linux on physical CPU 0x0
[    0.000000] Initializing cgroup subsys cpu
[    0.000000] Initializing cgroup subsys cpuacct
[    0.000000] Linux version 4.1.41-v2.7b1+g82f0f4f (behlingc@mplan-ubuntu-1610-dev) (gcc version 5.3.0 (GCC) ) #1 SMP Wed Jan 31 17:39:36 CET 2018
[    0.000000] CPU: ARMv7 Processor [412fc09a] revision 10 (ARMv7), cr=10c5387d
[    0.000000] CPU: PIPT / VIPT nonaliasing data cache, VIPT aliasing instruction cache
[    0.000000] Machine model: Toradex Apalis iMX6Q/D Module on Ixora V1.1 Carrier Board
[    0.000000] Reserved memory: created CMA memory pool at 0x62000000, size 320 MiB
[    0.000000] Reserved memory: initialized node linux,cma, compatible id shared-dma-pool
[    0.000000] Memory policy: Data cache writealloc
[    0.000000] PERCPU: Embedded 12 pages/cpu @d0efd000 s16908 r8192 d24052 u49152
[    0.000000] Built 1 zonelists in Zone order, mobility grouping on.  Total pages: 521024
[    0.000000] Kernel command line: enable_wait_mode=off vmalloc=400M ip=off root=/dev/mmcblk0p2 rw,noatime rootfstype=ext4 rootwait fec_mac=00:14:2d:4e:6c:f3 consoleblank=0 no_console_suspend=1 console=tty1 console=ttymxc0,115200n8 mxc_hdmi.only_cea=1 video=mxcfb1:dev=hdmi,1920x1080M@60,if=RGB24 video=mxcfb0:dev=ldb,800x480M@60,if=RGB666 video=mxcfb2:off video=mxcfb3:off fbmem=32M
[    0.000000] PID hash table entries: 4096 (order: 2, 16384 bytes)
[    0.000000] Dentry cache hash table entries: 262144 (order: 8, 1048576 bytes)
[    0.000000] Inode-cache hash table entries: 131072 (order: 7, 524288 bytes)
[    0.000000] Memory: 1738972K/2097152K available (7679K kernel code, 330K rwdata, 2648K rodata, 372K init, 423K bss, 30500K reserved, 327680K cma-reserved, 425984K highmem)
[    0.000000] Virtual kernel memory layout:
[    0.000000]     vector  : 0xffff0000 - 0xffff1000   (   4 kB)
[    0.000000]     fixmap  : 0xffc00000 - 0xfff00000   (3072 kB)
[    0.000000]     vmalloc : 0xe6800000 - 0xff000000   ( 392 MB)
[    0.000000]     lowmem  : 0x80000000 - 0xe6000000   (1632 MB)
[    0.000000]     pkmap   : 0x7fe00000 - 0x80000000   (   2 MB)
[    0.000000]     modules : 0x7f000000 - 0x7fe00000   (  14 MB)
[    0.000000]       .text : 0x80008000 - 0x80a1e0a4   (10329 kB)
[    0.000000]       .init : 0x80a1f000 - 0x80a7c000   ( 372 kB)
[    0.000000]       .data : 0x80a7c000 - 0x80ace8c0   ( 331 kB)
[    0.000000]        .bss : 0x80ad1000 - 0x80b3ae1c   ( 424 kB)
[    0.000000] SLUB: HWalign=64, Order=0-3, MinObjects=0, CPUs=4, Nodes=1
[    0.000000] Hierarchical RCU implementation.
[    0.000000] NR_IRQS:16 nr_irqs:16 16
[    0.000000] L2C-310 erratum 769419 enabled
[    0.000000] L2C-310 enabling early BRESP for Cortex-A9
[    0.000000] L2C-310 full line of zeros enabled for Cortex-A9
[    0.000000] L2C-310 ID prefetch enabled, offset 16 lines
[    0.000000] L2C-310 dynamic clock gating enabled, standby mode enabled
[    0.000000] L2C-310 cache controller enabled, 16 ways, 1024 kB
[    0.000000] L2C-310: CACHE_ID 0x410000c7, AUX_CTRL 0x76470001
[    0.000000] mxc_clocksource_init 3000000
[    0.000000] Switching to timer-based delay loop, resolution 333ns
[    0.000006] sched_clock: 32 bits at 3000kHz, resolution 333ns, wraps every 715827882841ns
[    0.000023] clocksource mxc_timer1: mask: 0xffffffff max_cycles: 0xffffffff, max_idle_ns: 637086815595 ns
[    0.001239] Console: colour dummy device 80x30
[    0.001880] console [tty1] enabled
[    0.001909] Calibrating delay loop (skipped), value calculated using timer frequency.. 6.00 BogoMIPS (lpj=30000)
[    0.001950] pid_max: default: 32768 minimum: 301
[    0.002062] Mount-cache hash table entries: 4096 (order: 2, 16384 bytes)
[    0.002092] Mountpoint-cache hash table entries: 4096 (order: 2, 16384 bytes)
[    0.002684] Initializing cgroup subsys freezer
[    0.002722] Initializing cgroup subsys debug
[    0.002773] CPU: Testing write buffer coherency: ok
[    0.003049] Setting up static identity map for 0x10008280 - 0x100082d8
[    0.006316] Brought up 4 CPUs
[    0.006351] SMP: Total of 4 processors activated (24.00 BogoMIPS).
[    0.006375] CPU: All CPU(s) started in SVC mode.
[    0.006879] devtmpfs: initialized
[    0.019419] VFP support v0.3: implementor 41 architecture 3 part 30 variant 9 rev 4
[    0.019859] clocksource jiffies: mask: 0xffffffff max_cycles: 0xffffffff, max_idle_ns: 19112604462750000 ns
[    0.019919] futex hash table entries: 1024 (order: 4, 65536 bytes)
[    0.039906] pinctrl core: initialized pinctrl subsystem
[    0.041178] NET: Registered protocol family 16
[    0.049564] DMA: preallocated 256 KiB pool for atomic coherent allocations
[    0.079654] cpuidle: using governor ladder
[    0.109651] cpuidle: using governor menu
[    0.110044] CPU identified as i.MX6Q, silicon rev 1.5
[    0.134596] hw-breakpoint: found 5 (+1 reserved) breakpoint and 1 watchpoint registers.
[    0.134645] hw-breakpoint: maximum watchpoint size is 4 bytes.
[    0.135765] imx6q-pinctrl 20e0000.iomuxc: initialized IMX pinctrl driver
[    0.137770] imx-gpc 20dc000.gpc: no fsl,ldo-bypass found!
[    0.148001] mxs-dma 110000.dma-apbh: initialized
[    0.150530] usb_host_vbus: supplied by usb_host_vbus_hub
[    0.150888] vgaarb: loaded
[    0.151712] SCSI subsystem initialized
[    0.152213] usbcore: registered new interface driver usbfs
[    0.152306] usbcore: registered new interface driver hub
[    0.152407] usbcore: registered new device driver usb
[    0.152643] 2000000.aips-bus:usbphy_nop1 supply vcc not found, using dummy regulator
[    0.152823] 2000000.aips-bus:usbphy_nop2 supply vcc not found, using dummy regulator
[    0.153601] i2c-gpio i2c@0: using pins 80 (SDA) and 62 (SCL)
[    0.154472] i2c i2c-1: IMX I2C adapter registered
[    0.154508] i2c i2c-1: can't use DMA
[    0.156072] stmpe-i2c 2-0041: stmpe811 detected, chip id: 0x811
[    0.158010] i2c i2c-2: IMX I2C adapter registered
[    0.158049] i2c i2c-2: can't use DMA
[    0.158521] i2c i2c-3: IMX I2C adapter registered
[    0.158560] i2c i2c-3: can't use DMA
[    0.158723] Linux video capture interface: v2.00
[    0.158793] pps_core: LinuxPPS API ver. 1 registered
[    0.158815] pps_core: Software ver. 5.3.6 - Copyright 2005-2007 Rodolfo Giometti <giometti@linux.it>
[    0.158869] PTP clock support registered
[    0.179702] imx-ipuv3 2400000.ipu: IPU DMFC NORMAL mode: 1(0~1), 5B(4,5), 5F(6,7)
[    0.199695] imx-ipuv3 2800000.ipu: IPU DMFC NORMAL mode: 1(0~1), 5B(4,5), 5F(6,7)
[    0.200626] mxc_mipi_csi2 21dc000.mipi_csi: i.MX MIPI CSI2 driver probed ipu0 csi1
[    0.200673] mxc_mipi_csi2 21dc000.mipi_csi: i.MX MIPI CSI2 dphy version is 0x3130302a
[    0.200787] MIPI CSI2 driver module loaded
[    0.201079] Advanced Linux Sound Architecture Driver Initialized.
[    0.202320] Bluetooth: Core ver 2.20
[    0.202382] NET: Registered protocol family 31
[    0.202405] Bluetooth: HCI device and connection manager initialized
[    0.202434] Bluetooth: HCI socket layer initialized
[    0.202467] Bluetooth: L2CAP socket layer initialized
[    0.202512] Bluetooth: SCO socket layer initialized
[    0.203109] Switched to clocksource mxc_timer1
[    0.213916] NET: Registered protocol family 2
[    0.214698] TCP established hash table entries: 16384 (order: 4, 65536 bytes)
[    0.214872] TCP bind hash table entries: 16384 (order: 5, 131072 bytes)
[    0.215134] TCP: Hash tables configured (established 16384 bind 16384)
[    0.215231] UDP hash table entries: 1024 (order: 3, 32768 bytes)
[    0.215327] UDP-Lite hash table entries: 1024 (order: 3, 32768 bytes)
[    0.215602] NET: Registered protocol family 1
[    0.215937] RPC: Registered named UNIX socket transport module.
[    0.215970] RPC: Registered udp transport module.
[    0.215991] RPC: Registered tcp transport module.
[    0.216010] RPC: Registered tcp NFSv4.1 backchannel transport module.
[    0.216808] CPU PMU: Failed to parse /soc/pmu/interrupt-affinity[0]
[    0.216876] hw perfevents: enabled with armv7_cortex_a9 PMU driver, 7 counters available
[    0.217909] imx rpmsg driver is registered.
[    0.218955] Bus freq driver module loaded
[    0.225932] VFS: Disk quotas dquot_6.6.0
[    0.226123] VFS: Dquot-cache hash table entries: 1024 (order 0, 4096 bytes)
[    0.227183] squashfs: version 4.0 (2009/01/31) Phillip Lougher
[    0.227972] NFS: Registering the id_resolver key type
[    0.228027] Key type id_resolver registered
[    0.228049] Key type id_legacy registered
[    0.228090] nfs4filelayout_init: NFSv4 File Layout Driver Registering...
[    0.228602] ntfs: driver 2.1.32 [Flags: R/W].
[    0.229093] fuse init (API version 7.23)
[    0.233301] bounce: pool size: 64 pages
[    0.233341] io scheduler noop registered
[    0.233369] io scheduler deadline registered
[    0.233547] io scheduler cfq registered (default)
[    0.236303] backlight supply power not found, using dummy regulator
[    0.237924] MIPI DSI driver module loaded
[    0.239306] 20e0000.hdmi_video supply HDMI not found, using dummy regulator
[    0.240776] fbcvt: 800x480@60: CVT Name - .384M9
[    0.240823] mxc_sdc_fb fb@0: registered mxc display driver ldb
[    0.245120] mxc_sdc_fb fb@0: 800x480 h_sync,r,l: 72,24,96  v_sync,l,u: 7,3,10 pixclock=29500000 Hz
[    0.266863] mxc_hdmi 20e0000.hdmi_video: Detected HDMI controller 0x13:0xa:0xa0:0xc1
[    0.266921] fbcvt: 1920x1080@60: CVT Name - 2.073M9
[    0.267042] mxc_sdc_fb fb@1: registered mxc display driver hdmi
[    0.282295] mxc_sdc_fb fb@1: 1920x1080 h_sync,r,l: 44,88,148  v_sync,l,u: 5,4,36 pixclock=148500000 Hz
[    0.293194] imx-ipuv3 2400000.ipu: IPU DMFC DP HIGH RESOLUTION: 1(0,1), 5B(2~5), 5F(6,7)
[    0.296872] mxc_sdc_fb fb@2: mxcfb2 is turned off!
[    0.296968] mxc_sdc_fb fb@3: mxcfb3 is turned off!
[    0.298476] imx-sdma 20ec000.sdma: no iram assigned, using external mem
[    0.298894] imx-sdma 20ec000.sdma: no event needs to be remapped
[    0.299198] imx-sdma 20ec000.sdma: loaded firmware 3.3
[    0.301789] imx-sdma 20ec000.sdma: initialized
[    0.303489] pfuze100-regulator 2-0008: Full layer: 2, Metal layer: 1
[    0.304124] pfuze100-regulator 2-0008: FAB: 0, FIN: 0
[    0.304154] pfuze100-regulator 2-0008: pfuze100 found.
[    0.318664] 2020000.serial: ttymxc0 at MMIO 0x2020000 (irq = 26, base_baud = 5000000) is a IMX
[    1.225149] console [ttymxc0] enabled
[    1.229690] 21e8000.serial: ttymxc1 at MMIO 0x21e8000 (irq = 301, base_baud = 5000000) is a IMX
[    1.238949] 21f0000.serial: ttymxc3 at MMIO 0x21f0000 (irq = 302, base_baud = 5000000) is a IMX
[    1.248193] 21f4000.serial: ttymxc4 at MMIO 0x21f4000 (irq = 303, base_baud = 5000000) is a IMX
[    1.258930] [drm] Initialized drm 1.1.0 20060810
[    1.264047] [drm] Initialized vivante 1.0.0 20120216 on minor 0
[    1.278113] brd: module loaded
[    1.286315] loop: module loaded
[    1.290735] ahci-imx 2200000.sata: fsl,transmit-level-mV not specified, using 00000024
[    1.298739] ahci-imx 2200000.sata: fsl,transmit-boost-mdB not specified, using 00000480
[    1.306804] ahci-imx 2200000.sata: fsl,transmit-atten-16ths not specified, using 00002000
[    1.315035] ahci-imx 2200000.sata: fsl,receive-eq-mdB not specified, using 05000000
[    1.326233] ahci-imx 2200000.sata: SSS flag set, parallel bus scan disabled
[    1.333289] ahci-imx 2200000.sata: AHCI 0001.0300 32 slots 1 ports 3 Gbps 0x1 impl platform mode
[    1.342115] ahci-imx 2200000.sata: flags: ncq sntf stag pm led clo only pmp pio slum part ccc apst 
[    1.352630] scsi host0: ahci-imx
[    1.356209] ata1: SATA max UDMA/133 mmio [mem 0x02200000-0x02203fff] port 0x100 irq 313
[    1.367602] spi_imx 2008000.ecspi: probed
[    1.372552] vcan: Virtual CAN interface driver
[    1.377078] CAN device driver interface
[    1.381181] 2090000.flexcan supply xceiver not found, using dummy regulator
[    1.388969] flexcan 2090000.flexcan: device registered (reg_base=e6aa8000, irq=35)
[    1.396723] 2094000.flexcan supply xceiver not found, using dummy regulator
[    1.404421] flexcan 2094000.flexcan: device registered (reg_base=e6ab0000, irq=36)
[    1.413183] 2188000.ethernet supply phy not found, using dummy regulator
[    1.433525] pps pps0: new PPS source ptp0
[    1.438782] libphy: fec_enet_mii_bus: probed
[    1.444839] fec 2188000.ethernet eth0: registered PHC device 0
[    1.450960] PPP generic driver version 2.4.2
[    1.455512] ehci_hcd: USB 2.0 'Enhanced' Host Controller (EHCI) Driver
[    1.462074] ehci-pci: EHCI PCI platform driver
[    1.466630] ehci-mxc: Freescale On-Chip EHCI Host driver
[    1.472167] usbcore: registered new interface driver usb-storage
[    1.478353] usbcore: registered new interface driver usbserial
[    1.484273] usbcore: registered new interface driver usbserial_generic
[    1.490863] usbserial: USB Serial support registered for generic
[    1.496953] usbcore: registered new interface driver ftdi_sio
[    1.502767] usbserial: USB Serial support registered for FTDI USB Serial Device
[    1.510170] usbcore: registered new interface driver option
[    1.515813] usbserial: USB Serial support registered for GSM modem (1-port)
[    1.522839] usbcore: registered new interface driver pl2303
[    1.528485] usbserial: USB Serial support registered for pl2303
[    1.535809] 2184800.usbmisc supply vbus-wakeup not found, using dummy regulator
[    1.554895] ci_hdrc ci_hdrc.1: EHCI Host Controller
[    1.559831] ci_hdrc ci_hdrc.1: new USB bus registered, assigned bus number 1
[    1.583138] ci_hdrc ci_hdrc.1: USB 2.0 started, EHCI 1.00
[    1.589369] hub 1-0:1.0: USB hub found
[    1.593216] hub 1-0:1.0: 1 port detected
[    1.598138] mousedev: PS/2 mouse device common for all mice
[    1.604314] [PENMOUNT] Loading penmount_i2c V1.15.0
[    1.609354] [PENMOUNT] Probing for device ...
[    1.633022] [PENMOUNT] PM2204.D01.1.0.0
[    1.639774] [PENMOUNT] Supports 5 touch contacts
[    1.647295] [PENMOUNT] Supports WD mode
[    1.651151] [PENMOUNT] Supports WP mode
[    1.657884] [PENMOUNT] Use WP mode !
[    1.664359] [PENMOUNT] Sensitivity Level : 0 (max: 2)
[    1.672302] [PENMOUNT] irq already specified !!
[    1.677010] [PENMOUNT] Using IRQ 219
[    1.680839] input: PenMount I2C Touch Screen as /devices/soc0/soc/2100000.aips-bus/21a0000.i2c/i2c-1/1-0038/input/input0
[    1.692257] input: PenMount I2C Touch Key as /devices/soc0/soc/2100000.aips-bus/21a0000.i2c/i2c-1/1-0038/input/input1
[    1.706449] rtc-ds1307 1-0068: rtc core: registered m41t0 as rtc0
[    1.713155] ata1: SATA link down (SStatus 0 SControl 300)
[    1.713264] snvs_rtc 20cc000.snvs:snvs-rtc-lp: rtc core: registered 20cc000.snvs:snvs-r as rtc1
[    1.713403] i2c /dev entries driver
[    1.715158] mxc_v4l2_output v4l2_out: V4L2 device registered as video16
[    1.715316] mxc_v4l2_output v4l2_out: V4L2 device registered as video17
[    1.715479] mxc_v4l2_output v4l2_out: V4L2 device registered as video18
[    1.715634] mxc_v4l2_output v4l2_out: V4L2 device registered as video19
[    1.717757] imx2-wdt 20bc000.wdog: timeout 60 sec (nowayout=0)
[    1.717984] usbcore: registered new interface driver btusb
[    1.718180] sdhci: Secure Digital Host Controller Interface driver
[    1.718183] sdhci: Copyright(c) Pierre Ossman
[    1.718190] sdhci-pltfm: SDHCI platform and OF driver helper
[    1.719122] /soc/aips-bus@02100000/usdhc@02190000: voltage-ranges unspecified
[    1.719152] sdhci-esdhc-imx 2190000.usdhc: Got CD GPIO
[    1.720665] sdhci-esdhc-imx 2190000.usdhc: No vqmmc regulator found
[    1.763271] mmc1: SDHCI controller on 2190000.usdhc [2190000.usdhc] using ADMA
[    1.763897] /soc/aips-bus@02100000/usdhc@02198000: voltage-ranges unspecified
[    1.764328] sdhci-esdhc-imx 2198000.usdhc: No vqmmc regulator found
[    1.813143] mmc0: SDHCI controller on 2198000.usdhc [2198000.usdhc] using ADMA
[    1.814793] mxc_vpu 2040000.vpu_fsl: VPU initialized
[    1.815374] mxc_vdoa 21e4000.vdoa: i.MX Video Data Order Adapter(VDOA) driver probed
[    1.818085] caam 2100000.caam: Entropy delay = 3200
[    1.849358] ahci-imx 2200000.sata: no device found, disabling link.
[    1.855673] ahci-imx 2200000.sata: pass ahci_imx..hotplug=1 to enable hotplug
[    1.878873] caam 2100000.caam: Instantiated RNG4 SH0
[    1.906943] mmc1: new high speed SDHC card at address 0001
[    1.912880] mmcblk1: mmc1:0001 00000 7.44 GiB 
[    1.919274]  mmcblk1: p1 p2
[    1.923713] usb 1-1: new high-speed USB device number 2 using ci_hdrc
[    1.939639] caam 2100000.caam: Instantiated RNG4 SH1
[    1.944670] caam 2100000.caam: device ID = 0x0a16010000000000 (Era -524)
[    1.953433] caam 2100000.caam: job rings = 2, qi = 0
[    2.018361] mmc0: MAN_BKOPS_EN bit is not set
[    2.042571] mmc0: new DDR MMC card at address 0001
[    2.047786] mmcblk0: mmc0:0001 Q2J54A 3.59 GiB 
[    2.052458] mmcblk0boot0: mmc0:0001 Q2J54A partition 1 16.0 MiB
[    2.058540] mmcblk0boot1: mmc0:0001 Q2J54A partition 2 16.0 MiB
[    2.066159]  mmcblk0: p1 p2
[    2.072934] caam algorithms registered in /proc/crypto
[    2.082159] caam_jr 2101000.jr0: registering rng-caam
[    2.088209] snvs-secvio 20cc000.caam-snvs: can't get snvs clock
[    2.094279] snvs-secvio 20cc000.caam-snvs: violation handlers armed - non-secure state
[    2.102474] hidraw: raw HID events driver (C) Jiri Kosina
[    2.108247] usbcore: registered new interface driver usbhid
[    2.113894] usbhid: USB HID core driver
[    2.118515] hub 1-1:1.0: USB hub found
[    2.122457] hub 1-1:1.0: 4 ports detected
[    2.126612] stmpe-adc stmpe-adc: Initialized
[    2.134696] sgtl5000 2-000a: sgtl5000 revision 0x11
[    2.165453] fsl-asrc 2034000.asrc: driver registered
[    2.309514] imx-sgtl5000 sound: sgtl5000 <-> 2028000.ssi mapping ok
[    2.318503] imx-spdif sound-spdif: snd-soc-dummy-dai <-> 2004000.spdif mapping ok
[    2.329188] imx-audio-hdmi sound-hdmi: hdmi-hifi <-> soc:hdmi_audio@00120000 mapping ok
[    2.337939] Netfilter messages via NETLINK v0.30.
[    2.342689] nfnl_acct: registering with nfnetlink.
[    2.347583] nf_conntrack version 0.5.0 (16384 buckets, 65536 max)
[    2.354275] nf_tables: (c) 2007-2009 Patrick McHardy <kaber@trash.net>
[    2.361230] ip_tables: (C) 2000-2006 Netfilter Core Team
[    2.367204] NET: Registered protocol family 10
[    2.372770] ip6_tables: (C) 2000-2006 Netfilter Core Team
[    2.378259] NET: Registered protocol family 17
[    2.382778] bridge: automatic filtering via arp/ip/ip6tables has been deprecated. Update your scripts to load br_netfilter if you need this.
[    2.395468] Bridge firewalling registered
[    2.399515] can: controller area network core (rev 20120528 abi 9)
[    2.405790] NET: Registered protocol family 29
[    2.410287] can: raw protocol (rev 20120528)
[    2.414625] usb 1-1.2: new low-speed USB device number 3 using ci_hdrc
[    2.421221] can: broadcast manager protocol (rev 20120528 t)
[    2.426972] can: netlink gateway (rev 20130117) max_hops=1
[    2.432756] Bluetooth: RFCOMM TTY layer initialized
[    2.437726] Bluetooth: RFCOMM socket layer initialized
[    2.442914] Bluetooth: RFCOMM ver 1.11
[    2.446752] Bluetooth: BNEP (Ethernet Emulation) ver 1.3
[    2.452094] Bluetooth: BNEP filters: protocol multicast
[    2.457407] Bluetooth: BNEP socket layer initialized
[    2.462411] Bluetooth: HIDP (Human Interface Emulation) ver 1.2
[    2.468388] Bluetooth: HIDP socket layer initialized
[    2.473460] 8021q: 802.1Q VLAN Support v1.8
[    2.478034] Key type dns_resolver registered
[    2.484355] Registering SWP/SWPB emulation handler
[    2.489870] registered taskstats version 1
[    2.494884] 1ffc000.pcie supply pcie-bus not found, using dummy regulator
[    2.914511] imx6q-pcie 1ffc000.pcie: phy link never came up
[    2.920162] imx6q-pcie 1ffc000.pcie: failed to initialize host
[    2.926154] imx6q-pcie: probe of 1ffc000.pcie failed with error -22
[    2.936392] rtc-ds1307 1-0068: setting system clock to 2018-02-04 10:41:15 UTC (1517740875)
[    2.953380] input: PixArt Dell MS116 USB Optical Mouse as /devices/soc0/soc/2100000.aips-bus/2184200.usb/ci_hdrc.1/usb1/1-1/1-1.2/1-1.2:1.0/0003:413C:301A.0001/input/input2
[    2.955216] usb_otg_vbus: disabling
[    2.955461] ALSA device list:
[    2.955465]   #0: imx6q-apalis-sgtl5000
[    2.955468]   #1: imx-spdif
[    2.955471]   #2: imx-hdmi-soc
[    2.985646] hid-generic 0003:413C:301A.0001: input,hidraw0: USB HID v1.11 Mouse [PixArt Dell MS116 USB Optical Mouse] on usb-ci_hdrc.1-1.2/input0
[    3.010060] EXT4-fs (mmcblk0p2): INFO: recovery required on readonly filesystem
[    3.017477] EXT4-fs (mmcblk0p2): write access will be enabled during recovery
[    3.083156] usb 1-1.3: new high-speed USB device number 4 using ci_hdrc
[    3.234381] EXT4-fs (mmcblk0p2): recovery complete
[    3.239774] EXT4-fs (mmcblk0p2): mounted filesystem with ordered data mode. Opts: (null)
[    3.247969] VFS: Mounted root (ext4 filesystem) readonly on device 179:10.
[    3.255579] devtmpfs: mounted
[    3.258911] Freeing unused kernel memory: 372K (80a1f000 - 80a7c000)
[    3.388883] random: systemd urandom read with 23 bits of entropy available
[    3.398457] systemd[1]: systemd 229 running in system mode. (-PAM -AUDIT -SELINUX +IMA -APPARMOR +SMACK +SYSVINIT +UTMP -LIBCRYPTSETUP -GCRYPT -GNUTLS +ACL +XZ -LZ4 -SECCOMP +BLKID -ELFUTILS +KMOD -IDN)
[    3.417117] systemd[1]: Detected architecture arm.

Welcome to Boot to Qt for Embedded Linux 2.1.1 (krogoth)!

[    3.443662] systemd[1]: Set hostname to <b2qt-apalis-imx6>.
[    3.672978] systemd[1]: Listening on udev Control Socket.
[  OK  ] Listening on udev Control Socket.
[    3.711334] systemd[1]: Listening on Network Service Netlink Socket.
[  OK  ] Listening on Network Service Netlink Socket.
[    3.733290] systemd[1]: Reached target Remote File Systems.
[  OK  ] Reached target Remote File Systems.
[    3.763506] systemd[1]: Started Forward Password Requests to Wall Directory Watch.
[  OK  ] Started Forward Password Requests to Wall Directory Watch.
[    3.794097] systemd[1]: Created slice User and Session Slice.
[  OK  ] Created slice User and Session Slice.
[    3.823773] systemd[1]: Started Dispatch Password Requests to Console Directory Watch.
[  OK  ] Started Dispatch Password Requests to Console Directory Watch.
[    3.853428] systemd[1]: Reached target Paths.
[  OK  ] Reached target Paths.
[    3.883781] systemd[1]: Listening on Journal Socket.
[  OK  ] Listening on Journal Socket.
[    3.913519] systemd[1]: Reached target Swap.
[  OK  ] Reached target Swap.
[    3.943908] systemd[1]: Created slice System Slice.
[  OK  ] Created slice System Slice.
[    3.973476] systemd[1]: Reached target Slices.
[  OK  ] Reached target Slices.
[    4.015040] systemd[1]: Mounting Temporary Directory...
         Mounting Temporary Directory...
[    4.049995] systemd[1]: Starting Load Kernel Modules...
         Starting Load Kernel Modules...
[    4.078903] systemd[1]: Starting Create list of required static device nodes for the current kernel...
         Starting Create list of required st... nodes for the current kernel...
[    4.102348] systemd[1]: Mounting Debug File System...
         Mounting Debug File System...
[    4.123621] systemd[1]: Listening on udev Kernel Socket.
[  OK  ] Listening on udev Kernel Socket.
[    4.141260] RTL871X: module init start
[    4.145116] RTL871X: rtl8723bu v4.3.6.11_12942.20141204_BTCOEX20140507-4E40
[    4.152103] RTL871X: rtl8723bu BT-Coex version = BTCOEX20140507-4E40
[    4.173869] systemd[1]: Created slice system-serial\x2dgetty.slice.
[  OK  ] Created slice system-serial\x2dgetty.slice.
[    4.205813] systemd[1]: Starting File System Check on Root Device...
         Starting File System Check on Root Device...
[    4.233594] systemd[1]: Listening on /dev/initctl Compatibility Named Pipe.
[  OK  ] Listening on /dev/initctl Comp[    4.243744] systemd[1]: Starting Setup Virtual Console...
atibility Named Pipe.
[    4.250977] systemd[1]: Listening on Syslog Socket.
         Starting Setup Virtual C[    4.257868] systemd[1]: Listening on Journal Socket (/dev/log).
onsole...
[  OK  ] Listening on Syslog Socket.
[    4.270121] systemd[1]: Starting Journal Service...
32m  OK  ] Listening on Journal Socket (/dev/log).
         [    4.282013] systemd[1]: Mounted Debug File System.
Starting Journal Service...
[    4.287641] systemd[1]: Mounted Temporary Directory.
[  OK  ] Mounted Debug[    4.296304] systemd[1]: Started Create list of required static device nodes for the current kernel.
 File System.
[  OK  [    4.308088] systemd[1]: Started Setup Virtual Console.
] Mounted Temporary Directory.
[  OK  ] Started Create list of required sta...ce nodes for the current kernel.
[  OK  ] Started Setup Virtual Console.
[    4.346031] systemd[1]: Started File System Check on Root Device.
[  OK  ] Started File System Check on Root Device.
[    4.450818] systemd[1]: Started Journal Service.
[  OK  ] Started Journal Service.
[    4.470780] RTL871X: rtw_ndev_init(wlan0)
[    4.475965] RTL871X: rtw_ndev_init(wlan1)
[    4.481025] usbcore: registered new interface driver rtl8723bu
[    4.486964] RTL871X: module init ret=0
[    4.505751] Galcore version 5.0.11.41671
         Starting Remount Root and Kernel File Systems...
[    4.533941] EXT4-fs (mmcblk0p2): re-mounted. Opts: (null)
[  OK  ] Started Remount Root and Kernel File Systems.
         Starting Flush Journal to Persistent Storage...
         Starting Create Static Device Nodes in /dev...
         Starting udev Coldplug all Devices...
[    4.717075] systemd-journald[203]: Received request to flush runtime journal from PID 1
[  OK  ] Started Flush Journal to Persistent Storage.
[  OK  ] Started Create Static Device Nodes in /dev.
         Starting udev Kernel Device Manager...
[  OK  ] Reached target Local File Systems (Pre).
         Mounting /var/volatile...
[  OK  ] Mounted /var/volatile.
[  OK  ] Started udev Kernel Device Manager.
         Starting Load/Save Random Seed...
[  OK  ] Reached target Local File Systems.
         Starting Create Volatile Files and Directories...
[  OK  ] Started Load/Save Random Seed.
[    5.305491] tty0tty null modem driver v1.2
[  OK  ] Started Create Volatile Files and Directories.
[  OK  ] Started Load Kernel Modules.
         Mounting Configuration File System...
         Mounting FUSE Control File System...
         Starting Apply Kernel Variables...
         Starting Network Time Synchronization...
         Starting Update UTMP about System Boot/Shutdown...
[  OK  ] Mounted Configuration File System.
[  OK  ] Mounted FUSE Control File System.
[  OK  ] Started Network Time Synchronization.
[  OK  ] Started udev Coldplug all Devices.
[  OK  ] Started Apply Kernel Variables.
[  OK  ] Found device /dev/ttymxc0.
[  OK  ] Started Update UTMP about System Boot/Shutdown.
[  OK  ] Found device /dev/ttymxc1.
[    5.963484] ov5647_read_reg(mipi):reg=300a ret=-5
[    5.968252] camera ov5647_mipi is not found
[  OK  ] Listening on Load/Save RF Kill Switch Status /dev/rfkill Watch.
[  OK  ] Reached target Sound Card.
[  OK  ] Created slice system-systemd\x2dbacklight.slice.
[    6.145124] ERROR: v4l2 capture: slave not found!
[    6.147171] ERROR: v4l2 capture: slave not found!
         Starting Load/Save Screen Backlight...htness of backlight:backlight...
[  OK  ] Reached target System Time Synchronized.
[  OK  ] Started Load/Save Screen Backlight Brightness of backlight:backlight.
         Starting Load/Save RF Kill Switch Status...
[  OK  ] Reached target System Initialization.
[  OK  ] Listening on dropbear.socket.
[  OK  ] Listening on RPCbind Server Activation Socket.
[  OK  ] Started Daily Cleanup of Temporary Directories.
[  OK  ] Reached target Timers.
[  OK  ] Listening on D-Bus System Message Bus Socket.
[  OK  ] Reached target Sockets.
[  OK  ] Reached target Basic System.
[  OK  ] Started Kernel Logging Service.
         Starting Save/Restore Sound Card State...
[  OK  ] Started B2Qt user application.
[  OK  ] Started System Logging Service.
[  OK  ] Started Serial Getty on ttymxc0.
[  OK  ] Started D-Bus System Message Bus.
         Starting D-BUS Session Message Bus....
         Starting Network Service...
         Starting Login Service...
[  OK  ] Started Serial Getty on ttymxc1.
[  OK  ] Reached target Login Prompts.
[  OK  ] Started Load/Save RF Kill Switch Status.
[  OK  ] Started Network Service.
[  OK  ] Started Save/Restore Sound Card State.
[  OK  ] Started D-BUS Session Message Bus..
[  OK  ] Reached target Network.
         Starting ADB Server Daemon...
[    7.107814] flexcan 2090000.flexcan can0: writing ctrl=0x01232084
         Starting Network Time Service...
[  OK  ] Started Login Service.
[    7.166360] file system registered
[  OK  ] Started Network Time Service.
[    7.203504] usb 1-1.1: new high-speed USB device number 5 using ci_hdrc
[  OK  ] Started ADB Server Daemon.
[  OK  ] Reached target Multi-User System.
[  OK  ] Started Ujet HTTPD Service.
         Starting Ujet Identify Service...
[  OK  ] Reached target Custom Target.
[  OK  ] Started Ujet Bluetooth Audio Service.
[  OK  ] Started Ujet Telemetry Service[    7.342865] option 1-1.1:1.0: GSM modem (1-port) converter detected
.
[    7.353792] usb 1-1.1: GSM modem (1-port) converter now attached to ttyUSB0
[    7.362298] option 1-1.1:1.1: GSM modem (1-port) converter detected
[    7.372923] usb 1-1.1: GSM modem (1-port) converter now attached to ttyUSB1
[    7.375294] read descriptors
[    7.375310] read strings
[    7.375405] g_ffs gadget: g_ffs ready
[    7.389932] option 1-1.1:1.2: GSM modem (1-port) converter detected
[    7.397110] usb 1-1.1: GSM modem (1-port) converter now attached to ttyUSB2
[    7.412643] option 1-1.1:1.3: GSM modem (1-port) converter detected
[    7.420595] usb 1-1.1: GSM modem (1-port) converter now attached to ttyUSB3
[  OK  ] [    7.428857] option 1-1.1:1.4: GSM modem (1-port) converter detected
Started Ujet Cloud Service.
[    7.439425] usb 1-1.1: GSM modem (1-port) converter now attached to ttyUSB4
         Starting Update UTMP about System Runlevel Changes...
[  OK  ] Started Ujet Ble Service.
[  OK  ] Started Update UTMP about System Runlevel Changes.
[  OK  ] Stopped Bluetooth service.
[    8.195440] mxc_sdc_fb fb@0: 800x480 h_sync,r,l: 72,24,96  v_sync,l,u: 7,3,10 pixclock=29500000 Hz
[    8.702680] random: nonblocking pool is initialized

Boot to Qt for Embedded Linux 2.1.1 b2qt-apalis-imx6 ttymxc0

b2qt-apalis-imx6 login: [   14.392248] ci_hdrc ci_hdrc.0: Device No Response

Boot to Qt for Embedded Linux 2.1.1 b2qt-apalis-imx6 ttymxc0

b2qt-apalis-imx6 login: root
root@b2qt-apalis-imx6:~# cd /
root@b2qt-apalis-imx6:/# candump can0
interface = can0, family = 29, type = 3, proto = 1
<0x145> [8] ff 02 df 00 00 00 00 00 
<0x146> [8] a1 00 01 00 58 05 b5 03 
<0x147> [8] 00 df 00 d9 00 00 00 00 
<0x100> [8] 00 00 00 00 00 00 00 30 
<0x101> [8] 00 00 00 00 43 00 00 00 
<0x102> [8] 00 38 00 00 00 00 00 00 
<0x140> [3] 00 00 0b 
<0x150> [8] 01 01 00 00 00 00 00 00 
<0x515> [8] 01 00 00 00 00 00 00 00 
<0x620> [2] 0f 00 
