
arch=arm
baudrate=115200
board=apalis_imx6
board_name=apalis_imx6
board_rev=011c
boot_a_script=load ${devtype} ${devnum}:${distro_bootpart} ${scriptaddr} ${prefix}${script}; source ${scriptaddr}
boot_extlinux=sysboot ${devtype} ${devnum}:${distro_bootpart} any ${scriptaddr} ${prefix}extlinux/extlinux.conf
boot_file=uImage
boot_net_usb_start=usb start
boot_prefixes=/ /boot/
boot_script_dhcp=boot.scr.uimg
boot_scripts=boot.scr.uimg boot.scr
boot_targets=mmc1 mmc2 usb0 dhcp 
bootcmd=run emmcboot
bootcmd_dhcp=if dhcp ${scriptaddr} ${boot_script_dhcp}; then source ${scriptaddr}; fi;
bootcmd_mmc1=setenv devnum 1; run mmc_boot
bootcmd_mmc2=setenv devnum 2; run mmc_boot
bootcmd_usb0=setenv devnum 0; run usb_boot
bootdelay=1
bootm_size=0x20000000
console=ttymxc0
cpu=armv7
defargs=vmalloc=400M user_debug=30
dfu_alt_info=u-boot.imx raw 0x2 0x3ff mmcpart 0;boot part 0 1;rootfs part 0 2;uImage fat 0 1;imx6q-colibri-eval-v3.dtb fat 0 1;imx6q-colibri-cam-eval-v3.dtb fat 0 1
distro_bootcmd=for target in ${boot_targets}; do run bootcmd_${target}; done
emmcargs=ip=off root=/dev/mmcblk0p2 ro rootfstype=ext4 rootwait
emmcboot=run setup; setenv bootargs ${defargs} ${emmcargs} ${setupargs} ${vidargs}; echo Booting from internal eMMC chip...; run emmcdtbload; load mmc 0:1 ${kernel_addr_r} ${boot_file} && run fdt_fixup && bootm ${kernel_addr_r} ${dtbparam}
emmcdtbload=setenv dtbparam; load mmc 0:1 ${fdt_addr_r} ${fdt_file} && setenv dtbparam " - ${fdt_addr_r}" && true
ethact=FEC
ethaddr=00:14:2d:4e:6c:f3
ethprime=FEC
fdt_addr_r=0x12000000
fdt_file=imx6q-apalis-eval.dtb
fdt_fixup=;
fdt_high=0xffffffff
initrd_high=0xffffffff
ipaddr=192.168.10.2
kernel_addr_r=0x11000000
loadaddr=0x12000000
mmc_boot=if mmc dev ${devnum}; then setenv devtype mmc; run scan_dev_for_boot_part; fi
netmask=255.255.255.0
nfsargs=ip=:::::eth0:on root=/dev/nfs rw
nfsboot=run setup; setenv bootargs ${defargs} ${nfsargs} ${setupargs} ${vidargs}; echo Booting via DHCP/TFTP/NFS...; run nfsdtbload; dhcp ${kernel_addr_r} && run fdt_fixup && bootm ${kernel_addr_r} ${dtbparam}
nfsdtbload=setenv dtbparam; tftp ${fdt_addr_r} ${fdt_file} && setenv dtbparam " - ${fdt_addr_r}" && true
pxefile_addr_r=0x17100000
ramdisk_addr_r=0x12100000
sata_boot=if sata dev ${devnum}; then setenv devtype sata; run scan_dev_for_boot_part; fi
scan_dev_for_boot=echo Scanning ${devtype} ${devnum}:${distro_bootpart}...; for prefix in ${boot_prefixes}; do run scan_dev_for_extlinux; run scan_dev_for_scripts; done;
scan_dev_for_boot_part=part list ${devtype} ${devnum} -bootable devplist; env exists devplist || setenv devplist 1; for distro_bootpart in ${devplist}; do if fstype ${devtype} ${devnum}:${distro_bootpart} bootfstype; then run scan_dev_for_boot; fi; done
scan_dev_for_extlinux=if test -e ${devtype} ${devnum}:${distro_bootpart} ${prefix}extlinux/extlinux.conf; then echo Found ${prefix}extlinux/extlinux.conf; run boot_extlinux; echo SCRIPT FAILED: continuing...; fi
scan_dev_for_scripts=for script in ${boot_scripts}; do if test -e ${devtype} ${devnum}:${distro_bootpart} ${prefix}${script}; then echo Found U-Boot script ${prefix}${script}; run boot_a_script; echo SCRIPT FAILED: continuing...; fi; done
scriptaddr=0x17000000
sdargs=ip=off root=/dev/mmcblk1p2 ro rootfstype=ext4 rootwait
sdboot=run setup; setenv bootargs ${defargs} ${sdargs} ${setupargs} ${vidargs}; echo Booting from SD card; run sddtbload; load mmc 1:1 ${kernel_addr_r} ${boot_file} && run fdt_fixup && bootm ${kernel_addr_r} ${dtbparam}
sddtbload=setenv dtbparam; load mmc 1:1 ${fdt_addr_r} ${fdt_file} && setenv dtbparam " - ${fdt_addr_r}" && true
serial#=05139699
serverip=192.168.10.1
setethupdate=if env exists ethaddr; then; else setenv ethaddr 00:14:2d:00:00:00; fi; tftpboot ${loadaddr} flash_eth.img && source ${loadaddr}
setsdupdate=setenv interface mmc; setenv drive 1; mmc rescan; load ${interface} ${drive}:1 ${loadaddr} flash_blk.img || setenv drive 2; mmc rescan; load ${interface} ${drive}:1 ${loadaddr} flash_blk.img && source ${loadaddr}
setup=setenv setupargs fec_mac=${ethaddr} consoleblank=0 no_console_suspend=1 console=tty1 console=${console},${baudrate}n8
setupdate=run setsdupdate || run setusbupdate || run setethupdate
setusbupdate=usb start && setenv interface usb; setenv drive 0; load ${interface} ${drive}:1 ${loadaddr} flash_blk.img && source ${loadaddr}
soc=mx6
splashpos=m,m
usb_boot=usb start; if usb dev ${devnum}; then setenv devtype usb; run scan_dev_for_boot_part; fi
vendor=toradex
ver=U-Boot 2016.11+fslc+g80c3bd6 (Jan 02 2018 - 11:32:06 +0100)
vidargs=mxc_hdmi.only_cea=1 video=mxcfb1:dev=hdmi,1920x1080M@60,if=RGB24 video=mxcfb0:dev=ldb,800x480M@60,if=RGB666 video=mxcfb2:off video=mxcfb3:off fbmem=32M

Environment size: 4823/8188 bytes
Apalis iMX6 # editenv emmc
  emmcargs emmcboot emmcdtbload
Apalis iMX6 # editenv emmcdtbload 
edit: setenv dtbparam; load mmc 0:1 ${fdt_addr_r} ${fdt_file} && setenv dtbparam " - ${fdt_addr_r}" && true:1 ${fdt_addr_r} ${fdt_file} && setenv dtbparam " - ${fdt_addr_r}" && true 1:1 ${fdt_addr_r} ${fdt_file} && setenv dtbparam " - ${fdt_addr_r}" && true
Apalis iMX6 # saveenv
Saving Environment to MMC...
Writing to MMC(0)... done
Apalis iMX6 # editenv emmcargs 
edit: ip=off root=/dev/mmcblk0p2 ro rootfstype=ext4 rootwait
Apalis iMX6 # editenv emmcboot 
edit: run setup; setenv bootargs ${defargs} ${emmcargs} ${setupargs} ${vidargs}; echo Booting from internal eMMC chip...; run emmcdtbload; load mmc 0:1 ${kernel_addr_r} ${boot_file} && run fdt_fixup && bootm ${kernel_addr_r} ${dtbparam}                                                                                                                                                                                                                                      editenv emmcboot Apalis iMX6 # 
Apalis iMX6 # 
Apalis iMX6 # 
Apalis iMX6 # editenv emmcboot 
edit: run setup; setenv bootargs ${defargs} ${emmcargs} ${setupargs} ${vidargs}; echo Booting from internal eMMC chip...; run emmcdtbload; load mmc 0:1 ${kernel_addr_r} ${boot_file} && run fdt_fixup && bootm ${kernel_addr_r} ${dtbparam}run setup; setenv bootargs ${defargs} ${emmcargs} ${setupargs} ${vidargs}; echo Booting from internal eMMC chip...; run emmcdtbload; load mmc 0:1 ${:1 ${kernel_addr_r} ${boot_file} && run fdt_fixup && bootm ${kernel_addr_r} ${dtbparam} 1:1 ${kernel_addr_r} ${boot_file} && run fdt_fixup && bootm ${kernel_addr_r} ${dtbparam}
Apalis iMX6 # 
Apalis iMX6 # 
Apalis iMX6 # 
Apalis iMX6 # 
Apalis iMX6 # saveenv
Saving Environment to MMC...
Writing to MMC(0)... done
Apalis iMX6 # saveenv       run setup; setenv bootargs ${defargs} ${emmcargs} ${setupargs} ${vidargs}; echo Booting from internal eMMC chip...; run emmcdtbload; load mmc 1:1 ${kernel_addr_r} ${boot_file} && run fdt_fixup && bootm ${kernel_addr_r} ${dtbparam}                                                                                                                                                                                                                                      editenv emmcboot                  editenv emmcboot <INTERRUPT>
Apalis iMX6 # editenv emmcboot 
edit: run setup; setenv bootargs ${defargs} ${emmcargs} ${setupargs} ${vidargs}; echo Booting from internal eMMC chip...; run emmcdtbload; load mmc 1:1 ${kernel_addr_r} ${boot_file} && run fdt_fixup && bootm ${kernel_addr_r} ${dtbparam}
Apalis iMX6 # saveenv
Saving Environment to MMC...
Writing to MMC(0)... done
Apalis iMX6 # editenv fdt_file 
edit: imx6q-apalis-eval.dtb.dtb .dtb .dtb .dtb .dtb .dtb .dtb .dtb .dtb .dtb .dtb .dtb .dtb .dtb .dtb .dtb .dtb i.dtbm.dtbx.dtb6.dtbq.dtb-.dtba.dtbp.dtba.dtbl.dtbi.dtbs.dtb-.dtbi.dtbx.dtbo.dtbr.dtba.dtb-.dtbv.dtb1.dtb_.dtb1.dtb_.dtbt.dtb..dtbd.dtbt.dtbb.dtbdtb tb b  
Apalis iMX6 # saveenv
Saving Environment to MMC...
Writing to MMC(0)... done
Apalis iMX6 # editenv boot
  boot_a_script boot_extlinux boot_file boot_net_usb_start boot_prefixes
  boot_script_dhcp boot_scripts boot_targets bootcmd bootcmd_dhcp
  bootcmd_mmc1 bootcmd_mmc2 bootcmd_usb0 bootdelay bootm_size
Apalis iMX6 # editenv boot_
  boot_a_script boot_extlinux boot_file boot_net_usb_start boot_prefixes
  boot_script_dhcp boot_scripts boot_targets
Apalis iMX6 # editenv boot_file 
edit: uImage_t
Apalis iMX6 # saveenv
Saving Environment to MMC...
Writing to MMC(0)... done
Apalis iMX6 # boot
Booting from internal eMMC chip...
reading imx6q-apalis-ixora-v1_1_t.dtb
** Unable to read file imx6q-apalis-ixora-v1_1_t.dtb **
reading uImage_t
** Unable to read file uImage_t **
Apalis iMX6 # vfat    fat
  fatinfo fatload fatls fatsize fatwrite
Apalis iMX6 # fatls mmc 1:1
            system volume information/
            aravinth/
            enai_noki_paayum_thota_single-4/
            lost.dir/
            ota/
            bin/
 11493376   boot-imx6q.img 
   351232   u-boot-imx6q.imx 
            apalis-imx6_lxde-image_2.7b4/
   371336   u-boot.imx 
     9212   lcd.ko 
   768000   lcd1.bin 
  1152000   lcd3.bin 
  1152000   lcd2.bin 
  2764800   720p1.bin 
    10854   init.rc 
            android/
    32408   atmel_mxt_ts.ko 
    14444   fusion_f0710a.ko 
            hdmi/
            ujet-rec/
  7269352   uimage 
            apalis-imx6_lxde-image-tezi_2.8b1.64/
    54277   imx6q-apalis-ixora-v1.1.dtb 
  7294192   uimage_w_log 
 334465326   update.zip 

15 file(s), 11 dir(s)

Apalis iMX6 # 

U-Boot 2016.11+fslc+g80c3bd6 (Jan 02 2018 - 11:32:06 +0100)

CPU:   Freescale i.MX6Q rev1.5 at 792 MHz
Reset cause: POR
I2C:   ready
DRAM:  2 GiB
PMIC:  device id: 0x10, revision id: 0x21, programmed
M“j:   FSL_SDHC: 0, FSL_SDHC: 1, FSL_SDHC: 2
auto-detected panel vga-rgb
Display: vga-rgb (640x480)
In:    serial
Out:   serial
Err:   serial
Model: Toradex Apalis iMX6 Quad 2GB IT V1.1C, Serial# 05139699
Net:   using PHY at 7
FEC [PRIME]
Hit any key to stop autoboot:  1  0 
Booting from internal eMMC chip...
reading imx6q-apalis-ixora-v1_1_t.dtb
49719 bytes read in 33 ms (1.4 MiB/s)
reading uImage_t
5943464 bytes read in 542 ms (10.5 MiB/s)
## Booting kernel from Legacy Image at 11000000 ...
   Image Name:   Linux-4.1.41-v2.7b1+g82f0f4f012a
   Image Type:   ARM Linux Kernel Image (uncompressed)
   Data Size:    5943400 Bytes = 5.7 MiB
   Load Address: 10008000
   Entry Point:  10008000
   Verifying Checksum ... OK
## Flattened Device Tree blob at 12000000
   Booting using the fdt blob at 0x12000000
   Loading Kernel Image ... OK
   Using Device Tree in place at 12000000, end 1200f236

Starting kernel ...

[    0.000000] Booting Linux on physical CPU 0x0
[    0.000000] Initializing cgroup subsys cpu
[    0.000000] Initializing cgroup subsys cpuacct
[    0.000000] Linux version 4.1.41-v2.7b1+g82f0f4f012a6 (embadmin@ubuntu) (gcc version 5.3.0 (GCC) ) #1 SMP Thu Dec 7 18:01:54 IST 2017
[    0.000000] CPU: ARMv7 Processor [412fc09a] revision 10 (ARMv7), cr=10c5387d
[    0.000000] CPU: PIPT / VIPT nonaliasing data cache, VIPT aliasing instruction cache
[    0.000000] Machine model: Toradex Apalis iMX6Q/D Module on Ixora V1.1 Carrier Board
[    0.000000] Reserved memory: created CMA memory pool at 0x62000000, size 320 MiB
[    0.000000] Reserved memory: initialized node linux,cma, compatible id shared-dma-pool
[    0.000000] Memory policy: Data cache writealloc
[    0.000000] PERCPU: Embedded 12 pages/cpu @d0efc000 s16908 r8192 d24052 u49152
[    0.000000] Built 1 zonelists in Zone order, mobility grouping on.  Total pages: 521024
[    0.000000] Kernel command line: vmalloc=400M user_debug=30 ip=off root=/dev/mmcblk0p2 ro rootfstype=ext4 rootwait fec_mac=00:14:2d:4e:6c:f3 consoleblank=0 no_console_suspend=1 console=tty1 console=ttymxc0,115200n8 mxc_hdmi.only_cea=1 video=mxcfb1:dev=hdmi,1920x1080M@60,if=RGB24 video=mxcfb0:dev=ldb,800x480M@60,if=RGB666 video=mxcfb2:off video=mxcfb3:off fbmem=32M
[    0.000000] PID hash table entries: 4096 (order: 2, 16384 bytes)
[    0.000000] Dentry cache hash table entries: 262144 (order: 8, 1048576 bytes)
[    0.000000] Inode-cache hash table entries: 131072 (order: 7, 524288 bytes)
[    0.000000] Memory: 1738952K/2097152K available (7679K kernel code, 330K rwdata, 2660K rodata, 376K init, 422K bss, 30520K reserved, 327680K cma-reserved, 425984K highmem)
[    0.000000] Virtual kernel memory layout:
[    0.000000]     vector  : 0xffff0000 - 0xffff1000   (   4 kB)
[    0.000000]     fixmap  : 0xffc00000 - 0xfff00000   (3072 kB)
[    0.000000]     vmalloc : 0xe6800000 - 0xff000000   ( 392 MB)
[    0.000000]     lowmem  : 0x80000000 - 0xe6000000   (1632 MB)
[    0.000000]     pkmap   : 0x7fe00000 - 0x80000000   (   2 MB)
[    0.000000]     modules : 0x7f000000 - 0x7fe00000   (  14 MB)
[    0.000000]       .text : 0x80008000 - 0x80a210a4   (10341 kB)
[    0.000000]       .init : 0x80a22000 - 0x80a80000   ( 376 kB)
[    0.000000]       .data : 0x80a80000 - 0x80ad28c0   ( 331 kB)
[    0.000000]        .bss : 0x80ad5000 - 0x80b3eb1c   ( 423 kB)
[    0.000000] SLUB: HWalign=64, Order=0-3, MinObjects=0, CPUs=4, Nodes=1
[    0.000000] Hierarchical RCU implementation.
[    0.000000] NR_IRQS:16 nr_irqs:16 16
[    0.000000] L2C-310 erratum 769419 enabled
[    0.000000] L2C-310 enabling early BRESP for Cortex-A9
[    0.000000] L2C-310 full line of zeros enabled for Cortex-A9
[    0.000000] L2C-310 ID prefetch enabled, offset 16 lines
[    0.000000] L2C-310 dynamic clock gating enabled, standby mode enabled
[    0.000000] L2C-310 cache controller enabled, 16 ways, 1024 kB
[    0.000000] L2C-310: CACHE_ID 0x410000c7, AUX_CTRL 0x76470001
[    0.000000] mxc_clocksource_init 3000000
[    0.000000] Switching to timer-based delay loop, resolution 333ns
[    0.000008] sched_clock: 32 bits at 3000kHz, resolution 333ns, wraps every 715827882841ns
[    0.000024] clocksource mxc_timer1: mask: 0xffffffff max_cycles: 0xffffffff, max_idle_ns: 637086815595 ns
[    0.001254] Console: colour dummy device 80x30
[    0.001874] console [tty1] enabled
[    0.001904] Calibrating delay loop (skipped), value calculated using timer frequency.. 6.00 BogoMIPS (lpj=30000)
[    0.001946] pid_max: default: 32768 minimum: 301
[    0.002056] Mount-cache hash table entries: 4096 (order: 2, 16384 bytes)
[    0.002086] Mountpoint-cache hash table entries: 4096 (order: 2, 16384 bytes)
[    0.002674] Initializing cgroup subsys freezer
[    0.002711] Initializing cgroup subsys debug
[    0.002761] CPU: Testing write buffer coherency: ok
[    0.003042] Setting up static identity map for 0x10008280 - 0x100082d8
[    0.006343] Brought up 4 CPUs
[    0.006379] SMP: Total of 4 processors activated (24.00 BogoMIPS).
[    0.006402] CPU: All CPU(s) started in SVC mode.
[    0.006891] devtmpfs: initialized
[    0.019782] VFP support v0.3: implementor 41 architecture 3 part 30 variant 9 rev 4
[    0.020193] clocksource jiffies: mask: 0xffffffff max_cycles: 0xffffffff, max_idle_ns: 19112604462750000 ns
[    0.020252] futex hash table entries: 1024 (order: 4, 65536 bytes)
[    0.040232] pinctrl core: initialized pinctrl subsystem
[    0.041490] NET: Registered protocol family 16
[    0.049867] DMA: preallocated 256 KiB pool for atomic coherent allocations
[    0.079655] cpuidle: using governor ladder
[    0.109647] cpuidle: using governor menu
[    0.110027] CPU identified as i.MX6Q, silicon rev 1.5
[    0.134790] hw-breakpoint: found 5 (+1 reserved) breakpoint and 1 watchpoint registers.
[    0.134837] hw-breakpoint: maximum watchpoint size is 4 bytes.
[    0.136010] imx6q-pinctrl 20e0000.iomuxc: initialized IMX pinctrl driver
[    0.138001] imx-gpc 20dc000.gpc: no fsl,ldo-bypass found!
[    0.148200] mxs-dma 110000.dma-apbh: initialized
[    0.150736] usb_host_vbus: supplied by usb_host_vbus_hub
[    0.151076] vgaarb: loaded
[    0.151897] SCSI subsystem initialized
[    0.152394] usbcore: registered new interface driver usbfs
[    0.152480] usbcore: registered new interface driver hub
[    0.152589] usbcore: registered new device driver usb
[    0.152827] 2000000.aips-bus:usbphy_nop1 supply vcc not found, using dummy regulator
[    0.153009] 2000000.aips-bus:usbphy_nop2 supply vcc not found, using dummy regulator
[    0.153793] i2c-gpio i2c@0: using pins 80 (SDA) and 62 (SCL)
[    0.154661] i2c i2c-1: IMX I2C adapter registered
[    0.154696] i2c i2c-1: can't use DMA
[    0.156250] stmpe-i2c 2-0041: stmpe811 detected, chip id: 0x811
[    0.158183] i2c i2c-2: IMX I2C adapter registered
[    0.158217] i2c i2c-2: can't use DMA
[    0.158902] i2c i2c-3: IMX I2C adapter registered
[    0.158938] i2c i2c-3: can't use DMA
[    0.159105] Linux video capture interface: v2.00
[    0.159176] pps_core: LinuxPPS API ver. 1 registered
[    0.159201] pps_core: Software ver. 5.3.6 - Copyright 2005-2007 Rodolfo Giometti <giometti@linux.it>
[    0.159252] PTP clock support registered
[    0.179702] imx-ipuv3 2400000.ipu: IPU DMFC NORMAL mode: 1(0~1), 5B(4,5), 5F(6,7)
[    0.199690] imx-ipuv3 2800000.ipu: IPU DMFC NORMAL mode: 1(0~1), 5B(4,5), 5F(6,7)
[    0.200670] mxc_mipi_csi2 21dc000.mipi_csi: i.MX MIPI CSI2 driver probed ipu0 csi1
[    0.200715] mxc_mipi_csi2 21dc000.mipi_csi: i.MX MIPI CSI2 dphy version is 0x3130302a
[    0.200827] MIPI CSI2 driver module loaded
[    0.201108] Advanced Linux Sound Architecture Driver Initialized.
[    0.202354] Bluetooth: Core ver 2.20
[    0.202420] NET: Registered protocol family 31
[    0.202447] Bluetooth: HCI device and connection manager initialized
[    0.202479] Bluetooth: HCI socket layer initialized
[    0.202508] Bluetooth: L2CAP socket layer initialized
[    0.202553] Bluetooth: SCO socket layer initialized
[    0.203142] Switched to clocksource mxc_timer1
[    0.213972] NET: Registered protocol family 2
[    0.214736] TCP established hash table entries: 16384 (order: 4, 65536 bytes)
[    0.214910] TCP bind hash table entries: 16384 (order: 5, 131072 bytes)
[    0.215174] TCP: Hash tables configured (established 16384 bind 16384)
[    0.215274] UDP hash table entries: 1024 (order: 3, 32768 bytes)
[    0.215368] UDP-Lite hash table entries: 1024 (order: 3, 32768 bytes)
[    0.215636] NET: Registered protocol family 1
[    0.215988] RPC: Registered named UNIX socket transport module.
[    0.216017] RPC: Registered udp transport module.
[    0.216038] RPC: Registered tcp transport module.
[    0.216062] RPC: Registered tcp NFSv4.1 backchannel transport module.
[    0.216847] CPU PMU: Failed to parse /soc/pmu/interrupt-affinity[0]
[    0.216919] hw perfevents: enabled with armv7_cortex_a9 PMU driver, 7 counters available
[    0.217974] imx rpmsg driver is registered.
[    0.219030] Bus freq driver module loaded
[    0.226044] VFS: Disk quotas dquot_6.6.0
[    0.226239] VFS: Dquot-cache hash table entries: 1024 (order 0, 4096 bytes)
[    0.227302] squashfs: version 4.0 (2009/01/31) Phillip Lougher
[    0.228096] NFS: Registering the id_resolver key type
[    0.228192] Key type id_resolver registered
[    0.228217] Key type id_legacy registered
[    0.228262] nfs4filelayout_init: NFSv4 File Layout Driver Registering...
[    0.228819] ntfs: driver 2.1.32 [Flags: R/W].
[    0.229288] fuse init (API version 7.23)
[    0.233476] bounce: pool size: 64 pages
[    0.233521] io scheduler noop registered
[    0.233550] io scheduler deadline registered
[    0.233735] io scheduler cfq registered (default)
[    0.236497] backlight supply power not found, using dummy regulator
[    0.238106] MIPI DSI driver module loaded
[    0.239482] 20e0000.hdmi_video supply HDMI not found, using dummy regulator
[    0.240969] fbcvt: 800x480@60: CVT Name - .384M9
[    0.241012] mxc_sdc_fb fb@0: registered mxc display driver ldb
[    0.245469] mxc_sdc_fb fb@0: 800x480 h_sync,r,l: 72,24,96  v_sync,l,u: 7,3,10 pixclock=29500000 Hz
[    0.266959] mxc_hdmi 20e0000.hdmi_video: Detected HDMI controller 0x13:0xa:0xa0:0xc1
[    0.267017] fbcvt: 1920x1080@60: CVT Name - 2.073M9
[    0.267134] mxc_sdc_fb fb@1: registered mxc display driver hdmi
[    0.282385] mxc_sdc_fb fb@1: 1920x1080 h_sync,r,l: 44,88,148  v_sync,l,u: 5,4,36 pixclock=148500000 Hz
[    0.303224] imx-ipuv3 2400000.ipu: IPU DMFC DP HIGH RESOLUTION: 1(0,1), 5B(2~5), 5F(6,7)
[    0.306937] mxc_sdc_fb fb@2: mxcfb2 is turned off!
[    0.307033] mxc_sdc_fb fb@3: mxcfb3 is turned off!
[    0.308529] imx-sdma 20ec000.sdma: no iram assigned, using external mem
[    0.308951] imx-sdma 20ec000.sdma: no event needs to be remapped
[    0.309256] imx-sdma 20ec000.sdma: loaded firmware 3.3
[    0.311875] imx-sdma 20ec000.sdma: initialized
[    0.313601] pfuze100-regulator 2-0008: Full layer: 2, Metal layer: 1
[    0.314239] pfuze100-regulator 2-0008: FAB: 0, FIN: 0
[    0.314267] pfuze100-regulator 2-0008: pfuze100 found.
[    0.328750] 2020000.serial: ttymxc0 at MMIO 0x2020000 (irq = 26, base_baud = 5000000) is a IMX
[    1.233007] console [ttymxc0] enabled
[    1.237618] 21e8000.serial: ttymxc1 at MMIO 0x21e8000 (irq = 301, base_baud = 5000000) is a IMX
[    1.246878] 21f0000.serial: ttymxc3 at MMIO 0x21f0000 (irq = 302, base_baud = 5000000) is a IMX
[    1.256124] 21f4000.serial: ttymxc4 at MMIO 0x21f4000 (irq = 303, base_baud = 5000000) is a IMX
[    1.266862] [drm] Initialized drm 1.1.0 20060810
[    1.271951] [drm] Initialized vivante 1.0.0 20120216 on minor 0
[    1.286027] brd: module loaded
[    1.294169] loop: module loaded
[    1.298630] ahci-imx 2200000.sata: fsl,transmit-level-mV not specified, using 00000024
[    1.306627] ahci-imx 2200000.sata: fsl,transmit-boost-mdB not specified, using 00000480
[    1.314687] ahci-imx 2200000.sata: fsl,transmit-atten-16ths not specified, using 00002000
[    1.322899] ahci-imx 2200000.sata: fsl,receive-eq-mdB not specified, using 05000000
[    1.333820] ahci-imx 2200000.sata: SSS flag set, parallel bus scan disabled
[    1.340841] ahci-imx 2200000.sata: AHCI 0001.0300 32 slots 1 ports 3 Gbps 0x1 impl platform mode
[    1.349702] ahci-imx 2200000.sata: flags: ncq sntf stag pm led clo only pmp pio slum part ccc apst 
[    1.360221] scsi host0: ahci-imx
[    1.363805] ata1: SATA max UDMA/133 mmio [mem 0x02200000-0x02203fff] port 0x100 irq 313
[    1.375270] spi_imx 2008000.ecspi: probed
[    1.380222] vcan: Virtual CAN interface driver
[    1.384738] CAN device driver interface
[    1.388842] 2090000.flexcan supply xceiver not found, using dummy regulator
[    1.396634] flexcan 2090000.flexcan: device registered (reg_base=e6aa8000, irq=35)
[    1.404386] 2094000.flexcan supply xceiver not found, using dummy regulator
[    1.412079] flexcan 2094000.flexcan: device registered (reg_base=e6ab0000, irq=36)
[    1.420850] 2188000.ethernet supply phy not found, using dummy regulator
[    1.443551] pps pps0: new PPS source ptp0
[    1.448809] libphy: fec_enet_mii_bus: probed
[    1.454909] fec 2188000.ethernet eth0: registered PHC device 0
[    1.461031] PPP generic driver version 2.4.2
[    1.465559] ehci_hcd: USB 2.0 'Enhanced' Host Controller (EHCI) Driver
[    1.472118] ehci-pci: EHCI PCI platform driver
[    1.476670] ehci-mxc: Freescale On-Chip EHCI Host driver
[    1.482196] usbcore: registered new interface driver usb-storage
[    1.488376] usbcore: registered new interface driver usbserial
[    1.494291] usbcore: registered new interface driver usbserial_generic
[    1.500880] usbserial: USB Serial support registered for generic
[    1.506968] usbcore: registered new interface driver ftdi_sio
[    1.512771] usbserial: USB Serial support registered for FTDI USB Serial Device
[    1.520177] usbcore: registered new interface driver option
[    1.525821] usbserial: USB Serial support registered for GSM modem (1-port)
[    1.532846] usbcore: registered new interface driver pl2303
[    1.538492] usbserial: USB Serial support registered for pl2303
[    1.545822] 2184800.usbmisc supply vbus-wakeup not found, using dummy regulator
[    1.564986] ci_hdrc ci_hdrc.1: EHCI Host Controller
[    1.569922] ci_hdrc ci_hdrc.1: new USB bus registered, assigned bus number 1
[    1.593184] ci_hdrc ci_hdrc.1: USB 2.0 started, EHCI 1.00
[    1.599399] hub 1-0:1.0: USB hub found
[    1.603243] hub 1-0:1.0: 1 port detected
[    1.608174] mousedev: PS/2 mouse device common for all mice
[    1.614341] [PENMOUNT] Loading penmount_i2c V1.15.0
[    1.619381] [PENMOUNT] Probing for device ...
[    1.643059] [PENMOUNT] PM2204.D01.1.0.0
[    1.649808] [PENMOUNT] Supports 5 touch contacts
[    1.657329] [PENMOUNT] Supports WD mode
[    1.661184] [PENMOUNT] Supports WP mode
[    1.667926] [PENMOUNT] Use WP mode !
[    1.674396] [PENMOUNT] Sensitivity Level : 0 (max: 2)
[    1.682335] [PENMOUNT] irq already specified !!
[    1.687050] [PENMOUNT] Using IRQ 219
[    1.690875] input: PenMount I2C Touch Screen as /devices/soc0/soc/2100000.aips-bus/21a0000.i2c/i2c-1/1-0038/input/input0
[    1.702285] input: PenMount I2C Touch Key as /devices/soc0/soc/2100000.aips-bus/21a0000.i2c/i2c-1/1-0038/input/input1
[    1.713188] ata1: SATA link down (SStatus 0 SControl 300)
[    1.716523] rtc-ds1307 1-0068: rtc core: registered m41t0 as rtc0
[    1.717203] snvs_rtc 20cc000.snvs:snvs-rtc-lp: rtc core: registered 20cc000.snvs:snvs-r as rtc1
[    1.717344] i2c /dev entries driver
[    1.719092] mxc_v4l2_output v4l2_out: V4L2 device registered as video16
[    1.719264] mxc_v4l2_output v4l2_out: V4L2 device registered as video17
[    1.719419] mxc_v4l2_output v4l2_out: V4L2 device registered as video18
[    1.719572] mxc_v4l2_output v4l2_out: V4L2 device registered as video19
[    1.721731] imx2-wdt 20bc000.wdog: timeout 60 sec (nowayout=0)
[    1.721963] usbcore: registered new interface driver btusb
[    1.722157] sdhci: Secure Digital Host Controller Interface driver
[    1.722160] sdhci: Copyright(c) Pierre Ossman
[    1.722167] sdhci-pltfm: SDHCI platform and OF driver helper
[    1.723083] /soc/aips-bus@02100000/usdhc@02190000: voltage-ranges unspecified
[    1.723112] sdhci-esdhc-imx 2190000.usdhc: Got CD GPIO
[    1.723667] sdhci-esdhc-imx 2190000.usdhc: No vqmmc regulator found
[    1.763314] mmc1: SDHCI controller on 2190000.usdhc [2190000.usdhc] using ADMA
[    1.767004] /soc/aips-bus@02100000/usdhc@02198000: voltage-ranges unspecified
[    1.775559] sdhci-esdhc-imx 2198000.usdhc: No vqmmc regulator found
[    1.814301] mmc1: new SDHC card at address 0001
[    1.814664] mmcblk1: mmc1:0001 00000 7.44 GiB 
[    1.816454]  mmcblk1: p1 p2
[    1.833184] mmc0: SDHCI controller on 2198000.usdhc [2198000.usdhc] using ADMA
[    1.835784] mxc_vpu 2040000.vpu_fsl: VPU initialized
[    1.838388] mxc_vdoa 21e4000.vdoa: i.MX Video Data Order Adapter(VDOA) driver probed
[    1.841068] caam 2100000.caam: Entropy delay = 3200
[    1.841098] caam 2100000.caam: Instantiated RNG4 SH0
[    1.872308] ahci-imx 2200000.sata: no device found, disabling link.
[    1.878621] ahci-imx 2200000.sata: pass ahci_imx..hotplug=1 to enable hotplug
[    1.901864] caam 2100000.caam: Instantiated RNG4 SH1
[    1.906901] caam 2100000.caam: device ID = 0x0a16010000000000 (Era -524)
[    1.915653] caam 2100000.caam: job rings = 2, qi = 0
[    1.923184] usb 1-1: new high-speed USB device number 2 using ci_hdrc
[    1.968415] mmc0: MAN_BKOPS_EN bit is not set
[    1.992039] mmc0: new DDR MMC card at address 0001
[    1.997348] mmcblk0: mmc0:0001 Q2J54A 3.59 GiB 
[    1.998184] caam algorithms registered in /proc/crypto
[    2.003980] caam_jr 2101000.jr0: registering rng-caam
[    2.004864] snvs-secvio 20cc000.caam-snvs: can't get snvs clock
[    2.004917] snvs-secvio 20cc000.caam-snvs: violation handlers armed - non-secure state
[    2.005152] hidraw: raw HID events driver (C) Jiri Kosina
[    2.005382] usbcore: registered new interface driver usbhid
[    2.005385] usbhid: USB HID core driver
[    2.010842] stmpe-adc stmpe-adc: Initialized
[    2.014341] sgtl5000 2-000a: sgtl5000 revision 0x11
[    2.040761] fsl-asrc 2034000.asrc: driver registered
[    2.055333] mmcblk0boot0: mmc0:0001 Q2J54A partition 1 16.0 MiB
[    2.061401] mmcblk0boot1: mmc0:0001 Q2J54A partition 2 16.0 MiB
[    2.074327] hub 1-1:1.0: USB hub found
[    2.078286] hub 1-1:1.0: 4 ports detected
[    2.085285]  mmcblk0: p1 p2
[    2.181693] imx-sgtl5000 sound: sgtl5000 <-> 2028000.ssi mapping ok
[    2.190810] imx-spdif sound-spdif: snd-soc-dummy-dai <-> 2004000.spdif mapping ok
[    2.201338] imx-audio-hdmi sound-hdmi: hdmi-hifi <-> soc:hdmi_audio@00120000 mapping ok
[    2.210087] Netfilter messages via NETLINK v0.30.
[    2.214871] nfnl_acct: registering with nfnetlink.
[    2.219708] nf_conntrack version 0.5.0 (16384 buckets, 65536 max)
[    2.226329] nf_tables: (c) 2007-2009 Patrick McHardy <kaber@trash.net>
[    2.233334] ip_tables: (C) 2000-2006 Netfilter Core Team
[    2.239291] NET: Registered protocol family 10
[    2.244865] ip6_tables: (C) 2000-2006 Netfilter Core Team
[    2.250314] NET: Registered protocol family 17
[    2.254861] bridge: automatic filtering via arp/ip/ip6tables has been deprecated. Update your scripts to load br_netfilter if you need this.
[    2.267552] Bridge firewalling registered
[    2.271597] can: controller area network core (rev 20120528 abi 9)
[    2.277874] NET: Registered protocol family 29
[    2.282371] can: raw protocol (rev 20120528)
[    2.286776] can: broadcast manager protocol (rev 20120528 t)
[    2.292521] can: netlink gateway (rev 20130117) max_hops=1
[    2.298346] Bluetooth: RFCOMM TTY layer initialized
[    2.303287] Bluetooth: RFCOMM socket layer initialized
[    2.308476] Bluetooth: RFCOMM ver 1.11
[    2.312261] Bluetooth: BNEP (Ethernet Emulation) ver 1.3
[    2.317629] Bluetooth: BNEP filters: protocol multicast
[    2.322919] Bluetooth: BNEP socket layer initialized
[    2.327962] Bluetooth: HIDP (Human Interface Emulation) ver 1.2
[    2.333964] Bluetooth: HIDP socket layer initialized
[    2.339029] 8021q: 802.1Q VLAN Support v1.8
[    2.343613] Key type dns_resolver registered
[    2.349893] Registering SWP/SWPB emulation handler
[    2.355419] registered taskstats version 1
[    2.360387] 1ffc000.pcie supply pcie-bus not found, using dummy regulator
[    2.780692] imx6q-pcie 1ffc000.pcie: phy link never came up
[    2.786360] imx6q-pcie 1ffc000.pcie: failed to initialize host
[    2.786388] usb 1-1.3: new high-speed USB device number 3 using ci_hdrc
[    2.799008] imx6q-pcie: probe of 1ffc000.pcie failed with error -22
[    2.809531] rtc-ds1307 1-0068: setting system clock to 2018-01-31 17:04:37 UTC (1517418277)
[    2.829926] usb_otg_vbus: disabling
[    2.833729] ALSA device list:
[    2.836724]   #0: imx6q-apalis-sgtl5000
[    2.840579]   #1: imx-spdif
[    2.843417]   #2: imx-hdmi-soc
[    2.856061] EXT4-fs (mmcblk0p2): INFO: recovery required on readonly filesystem
[    2.863457] EXT4-fs (mmcblk0p2): write access will be enabled during recovery
[    3.112298] EXT4-fs (mmcblk0p2): recovery complete
[    3.117722] EXT4-fs (mmcblk0p2): mounted filesystem with ordered data mode. Opts: (null)
[    3.125902] VFS: Mounted root (ext4 filesystem) readonly on device 179:10.
[    3.133508] devtmpfs: mounted
[    3.136834] Freeing unused kernel memory: 376K (80a22000 - 80a80000)
[    3.269129] random: systemd urandom read with 75 bits of entropy available
[    3.288307] systemd[1]: systemd 229 running in system mode. (-PAM -AUDIT -SELINUX +IMA -APPARMOR +SMACK +SYSVINIT +UTMP -LIBCRYPTSETUP -GCRYPT -GNUTLS +ACL +XZ -LZ4 -SECCOMP +BLKID -ELFUTILS +KMOD -IDN)
[    3.307137] systemd[1]: Detected architecture arm.

Welcome to Boot to Qt for Embedded Linux 2.1.1 (krogoth)!

[    3.333724] systemd[1]: Set hostname to <b2qt-apalis-imx6>.
[    3.608775] systemd[1]: Listening on Network Service Netlink Socket.
[  OK  ] Listening on Network Service Netlink Socket.
[    3.633527] systemd[1]: Listening on Journal Socket (/dev/log).
[  OK  ] Listening on Journal Socket (/dev/log).
[    3.653626] systemd[1]: Listening on udev Control Socket.
[  OK  ] Listening on udev Control Socket.
[    3.673474] systemd[1]: Listening on Syslog Socket.
[  OK  ] Listening on Syslog Socket.
[    3.708514] systemd[1]: Started Dispatch Password Requests to Console Directory Watch.
[  OK  ] Started Dispatch Password Requests to Console Directory Watch.
[    3.743442] systemd[1]: Listening on udev Kernel Socket.
[  OK  ] Listening on udev Kernel Socket.
[    3.763471] systemd[1]: Started Forward Password Requests to Wall Directory Watch.
[  OK  ] Started Forward Password Requests to Wall Directory Watch.
[    3.793301] systemd[1]: Reached target Swap.
[  OK  ] Reached target Swap.
[    3.823414] systemd[1]: Listening on /dev/initctl Compatibility Named Pipe.
[  OK  ] Listening on /dev/initctl Compatibility Named Pipe.
[    3.853346] systemd[1]: Reached target Remote File Systems.
[  OK  ] Reached target Remote File Systems.
[    3.884145] systemd[1]: Created slice System Slice.
[  OK  ] Created slice System Slice.
[    3.914068] systemd[1]: Created slice system-serial\x2dgetty.slice.
[  OK  ] Created slice system-serial\x2dgetty.slice.
[    3.943806] systemd[1]: Listening on Journal Socket.
[  OK  ] Listening on Journal Socket.
[    3.977131] systemd[1]: Mounting Debug File System...
         Mounting Debug File System...
[    4.008471] systemd[1]: Starting File System Check on Root Device...
         Starting File System Check on Root Device...
[    4.038789] systemd[1]: Starting Journal Service...
         Starting Journal Service...
[    4.051396] systemd[1]: Starting Load Kernel Modules...
         Starting Load Kernel Modules...[    4.060150] systemd[1]: Starting Setup Virtual Console...

         Starting Setup Virtual Console...
[    4.072159] systemd[1]: Mounting Temporary Directory...
         [    4.077975] systemd[1]: Reached target Paths.
Mounting Temporary Directory...
[    4.083964] systemd[1]: Created slice User and Session Slice.
[  OK  ] Reached targe[    4.091935] systemd[1]: Reached target Slices.
t Paths.
[  OK  ] Created slice User and Session Slice.
[  OK  ] Reached [    4.105650] systemd[1]: Mounted Debug File System.
target Slices.
[    4.112630] systemd[1]: Mounted Temporary Directory.
[  OK  ] Mounted Debug[    4.119889] systemd[1]: systemd-modules-load.service: Main process exited, code=exited, status=1/FAILURE
 File System.
[  OK  [    4.132270] systemd[1]: Failed to start Load Kernel Modules.
] Mounted Temporary Directory.
[    4.139959] systemd[1]: systemd-modules-load.service: Unit entered failed state.
[FAILED] Failed to s[    4.150068] systemd[1]: systemd-modules-load.service: Failed with result 'exit-code'.
tart Load Kernel Modules.
See 's[    4.162663] random: nonblocking pool is initialized
ystemctl status systemd-modules-l[    4.168630] systemd[1]: Started Setup Virtual Console.
oad.service' for details.
[  OK  ] Started Setup Virtual Console.
[    4.243591] systemd[1]: Started File System Check on Root Device.
[  OK  ] Started File System Check on Root Device.
[    4.310583] systemd[1]: Started Journal Service.
[  OK  ] Started Journal Service.
         Starting Remount Root and Kernel File Systems...
[    4.359960] EXT4-fs (mmcblk0p2): re-mounted. Opts: (null)
         Starting Apply Kernel Variables...
         Mounting FUSE Control File System...
[  OK  ] Mounted FUSE Control File System.
[  OK  ] Started Remount Root and Kernel File Systems.
[  OK  ] Started Apply Kernel Variables.
         Starting udev Coldplug all Devices...
         Starting Create Static Device Nodes in /dev...
         Starting Flush Journal to Persistent Storage...
[  OK  ] Started Create Static Device Nodes in /dev.
[    4.702094] systemd-journald[195]: Received request to flush runtime journal from PID 1
[  OK  ] Started Flush Journal to Persistent Storage.
[  OK  ] Reached target Local File Systems (Pre).
         Mounting /var/volatile...
         Starting udev Kernel Device Manager...
[  OK  ] Mounted /var/volatile.
[  OK  ] Started udev Kernel Device Manager.
[  OK  ] Reached target Local File Systems.
         Starting Create Volatile Files and Directories...
         Starting Load/Save Random Seed...
[  OK  ] Started udev Coldplug all Devices.
[  OK  ] Started Create Volatile Files and Directories.
[  OK  ] Started Load/Save Random Seed.
[  OK  ] Found device /dev/ttymxc0.
[  OK  ] Found device /dev/ttymxc1.
[  OK  ] Listening on Load/Save RF Kill Switch Status /dev/rfkill Watch.
[  OK  ] Reached target Sound Card.
[  OK  ] Created slice system-systemd\x2dbacklight.slice.
         Starting Load/Save Screen Backlight...htness of backlight:backlight...
         Starting Network Time Synchronization...
         Starting Update UTMP about System Boot/Shutdown...
[  OK  ] Started Network Time Synchronization.
[  OK  ] Started Load/Save Screen Backlight Brightness of backlight:backlight.
[  OK  ] Started Update UTMP about System Boot/Shutdown.
[  OK  ] Reached target System Time Synchronized.
[  OK  ] Reached target System Initialization.
[  OK  ] Listening on RPCbind Server Activation Socket.
[  OK  ] Listening on D-Bus System Message Bus Socket.
[  OK  ] Listening on dropbear.socket.
[  OK  ] Reached target Sockets.
[  OK  ] Reached target Basic System.
[  OK  ] Started D-Bus System Message Bus.
         Starting D-BUS Session Message Bus....
         Starting Network Service...
[  OK  ] Started Serial Getty on ttymxc1.
[  OK  ] Started Kernel Logging Service.
[  OK  ] Started B2Qt user application.
         Starting Login Service...
[  OK  ] Started Serial Getty on ttymxc0.
[  OK  ] Reached target Login Prompts.
[  OK  ] Started System Logging Service.
         Starting Save/Restore Sound Card State...
[  OK  ] Started Daily Cleanup of Temporary Directories.
[  OK  ] Reached target Timers.
[  OK  ] Started Network Service.
[  OK  ] Started Save/Restore Sound Card State.
[  OK  ] Started D-BUS Session Message Bus..
[  OK  ] Reached target Network.
         Starting ADB Server Daemon...
         Starting Network Time Service...
[  OK  ] Started Login Service.
[  OK  ] Started ADB Server Daemon.
[  OK  ] Started Network Time Service.
[  OK  ] Reached target Multi-User System.
[  OK  ] Started Ujet HTTPD Service.
         Starting Ujet Identify Service...
[  OK  ] Started Ujet Ble Service.
[  OK  ] Started Ujet Telemetry Service.
[  OK  ] Started Ujet Cloud Service.
[    6.683263] usb 1-1.1: new high-speed USB device number 4 using ci_hdrc
[  OK  ] Started Ujet Bluetooth Audio Service.
[  OK  ] Reached target Custom Target.
         Starting Update UTMP about System Runlevel Changes...
[  OK  ] Started Update UTMP about System Runlevel Changes.
[    6.818830] option 1-1.1:1.0: GSM modem (1-port) converter detected
[    6.826797] usb 1-1.1: GSM modem (1-port) converter now attached to ttyUSB0
[    6.835431] option 1-1.1:1.1: GSM modem (1-port) converter detected
[    6.842618] usb 1-1.1: GSM modem (1-port) converter now attached to ttyUSB1
[    6.851728] option 1-1.1:1.2: GSM modem (1-port) converter detected
[    6.859734] usb 1-1.1: GSM modem (1-port) converter now attached to ttyUSB2
[    6.868783] option 1-1.1:1.3: GSM modem (1-port) converter detected
[    6.877179] usb 1-1.1: GSM modem (1-port) converter now attached to ttyUSB3
[    6.886858] option 1-1.1:1.4: GSM modem (1-port) converter detected
[    6.895160] usb 1-1.1: GSM modem (1-port) converter now attached to ttyUSB4
[  OK  ] Stopped Bluetooth service.
[    8.052615] mxc_sdc_fb fb@0: 800x480 h_sync,r,l: 72,24,96  v_sync,l,u: 7,3,10 pixclock=29500000 Hz

Boot to Qt for Embedded Linux 2.1.1 b2qt-apalis-imx6 ttymxc0

b2qt-apalis-imx6 login: root
root@b2qt-apalis-imx6:~# 
root@b2qt-apalis-imx6:~# 
root@b2qt-apalis-imx6:~# 
root@b2qt-apalis-imx6:~# 
root@b2qt-apalis-imx6:~# 
root@b2qt-apalis-imx6:~# reboot
         Stopping Ujet Ble Service...
[  OK  ] Stopped target System Time Synchronized.
         Stopping Ujet Telemetry Service...
         Stopping Ujet Bluetooth Audio Service...
[  OK  ] Stopped target Sound Card.
[  OK  ] Stopped target Custom Target.
         Stopping Save/Restore Sound Card State...
[  OK  ] Stopped target Timers.
         Stopping Ujet Cloud Service...
         Stopping Ujet HTTPD Service...
[  OK  ] Closed Load/Save RF Kill Switch Status /dev/rfkill Watch.
[  OK  ] Stopped target Remote File Systems.
[  OK  ] Stopped Daily Cleanup of Temporary Directories.
[  OK  ] Stopped Ujet HTTPD Service.
[  OK  ] Stopped Ujet Identify Service.
[  OK  ] Stopped Ujet Ble Service.
[  OK  ] Stopped Ujet Telemetry Service.
[  OK  ] Stopped Ujet Cloud Service.
[  OK  ] Stopped Ujet Bluetooth Audio Service.
[  OK  ] Stopped Save/Restore Sound Card State.
[  OK  ] Stopped target Multi-User System.
         Stopping Network Time Service...
         Stopping D-BUS Session Message Bus....
         Stopping System Logç         Stopping Serial Getty on ttymxc0...
         Stopping Login Service...
         Stopping ADB Server Daemon...
[  OK  ] Stopped Serial Getty on ttymxc1.
[  OK  ] Stopped Kernel Logging Service.
[  OK  ] Stopped Login Service.
[  OK  ] Stopped Serial Getty on ttymxc0.
[  OK  ] Stopped System Logging Service.
[  OK  ] Stopped Network Time Service.
[  OK  ] Stopped D-BUS Session Message Bus..
[  OK  ] Removed slice system-serial\x2dgetty.slice.
[  OK  ] Stopped ADB Server Daemon.
[  OK  ] Stopped target Network.
         Stopping Network Service...
[  OK  ] Stopped Network Service.
         Stopping D-Bus System Message Bus...
[  OK  ] Stopped D-Bus System Message Bus.
[  OK  ] Stopped target Basic System.
[  OK  ] Stopped target Slices.
[  OK  ] Removed slice User and Session Slice.
[  OK  ] Stopped target Sockets.
[  OK  ] Closed RPCbind Server Activation Socket.
[  OK  ] Closed dropbear.socket.
[  OK  ] Closed Syslog Socket.
[  OK  ] Stopped target Paths.
[  OK  ] Stopped Dispatch Password Requests to Console Directory Watch.
[  OK  ] Stopped Forward Password Requests to Wall Directory Watch.
[  OK  ] Closed D-Bus System Message Bus Socket.
[  OK  ] Stopped target System Initialization.
[  OK  ] Stopped Apply Kernel Variables.
         Stopping Load/Save Random Seed...
         Stopping Load/Save Screen Backlight...htness of backlight:backlight...
[  OK  ] Stopped target Swap.
         Stopping Network Time Synchronization...
         Stopping Update UTMP about System Boot/Shutdown...
[  OK  ] Stopped Setup Virtual Console.
[  OK  ] Stopped Network Time Synchronization.
[  OK  ] Stopped Load/Save Random Seed.
[  OK  ] Stopped Load/Save Screen Backlight Brightness of backlight:backlight.
[  OK  ] Stopped Update UTMP about System Boot/Shutdown.
[  OK  ] Removed slice system-systemd\x2dbacklight.slice.
[  OK  ] Stopped Create Volatile Files and Directories.
[  OK  ] Stopped target Local File Systems.
         Unmounting /var/volatile...
         Unmounting Temporary Directory...
[  OK  ] Unmounted /var/volatile.
[  OK  ] Unmounted Temporary Directory.
[  OK  ] Reached target Unmount All Filesystems.
[  OK  ] Stopped target Local File Systems (Pre).
[  OK  ] Stopped Remount Root and Kernel File Systems.
[  OK  ] Stopped Create Static Device Nodes in /dev.
[  OK  ] Reached target Shutdown.
[  OK  ] Reached target Final Step.
         Starting Reboot...
[   39.611486] systemd-shutdown[1]: Sending SIGTERM to remaining processes...
[   39.632459] systemd-journald[195]: Received SIGTERM from PID 1 (systemd-shutdow).
[   39.673728] systemd-shutdown[1]: Sending SIGKILL to remaining processes...
[   39.692656] systemd-shutdown[1]: Hardware watchdog 'imx2+ watchdog', version 0
[   39.700844] systemd-shutdown[1]: Unmounting file systems.
[   39.706794] systemd-shutdown[1]: Remounting '/' read-only with options 'data=ordered'.
[   39.770424] EXT4-fs (mmcblk0p2): re-mounted. Opts: data=ordered
[   39.782889] systemd-shutdown[1]: Remounting '/' read-only with options 'data=ordered'.
[   39.791019] EXT4-fs (mmcblk0p2): re-mounted. Opts: data=ordered
[   39.797026] systemd-shutdown[1]: All filesystems unmounted.
[   39.802645] systemd-shutdown[1]: Deactivating swaps.
[   39.807805] systemd-shutdown[1]: All swaps deactivated.
[   39.813068] systemd-shutdown[1]: Detaching loop devices.
[   39.823817] systemd-shutdown[1]: All loop devices detached.
[   39.829430] systemd-shutdown[1]: Detaching DM devices.
[   39.835059] systemd-shutdown[1]: All DM devices detached.
[   39.846145] systemd-shutdown[1]: Rebooting.
[   42.424323] imx2-wdt 20bc000.wdog: Device shutdown: Expect reboot!
[   42.430791] reboot: Restarting system


U-Boot 2016.11+fslc+g80c3bd6 (Jan 02 2018 - 11:32:06 +0100)

CPU:   Freescale i.MX6Q rev1.5 at 792 MHz
Reset cause: WDOG
I2C:   ready
DRAM:  2 GiB
PMIC:  device id: 0x10, revision id: 0x21, programmed
M“j:   FSL_SDHC: 0, FSL_SDHC: 1, FSL_SDHC: 2
auto-detected panel vga-rgb
Display: vga-rgb (640x480)
In:    serial
Out:   serial
Err:   serial
Model: Toradex Apalis iMX6 Quad 2GB IT V1.1C, Serial# 05139699
Net:   using PHY at 7
FEC [PRIME]
Hit any key to stop autoboot:  1  0 
Apalis iMX6 # en  v defautl    lt -f -a
## Resetting to default environment
Apalis iMX6 # 
## Resetting to default environment
Apalis iMX6 # s env save
Saving Environment to MMC...
Writing to MMC(0)... done
Apalis iMX6 # saveenv
Saving Environment to MMC...
Writing to MMC(0)... done
Apalis iMX6 # pri
arch=arm
baudrate=115200
board=apalis_imx6
board_name=apalis_imx6
boot_a_script=load ${devtype} ${devnum}:${distro_bootpart} ${scriptaddr} ${prefix}${script}; source ${scriptaddr}
boot_extlinux=sysboot ${devtype} ${devnum}:${distro_bootpart} any ${scriptaddr} ${prefix}extlinux/extlinux.conf
boot_file=uImage
boot_net_usb_start=usb start
boot_prefixes=/ /boot/
boot_script_dhcp=boot.scr.uimg
boot_scripts=boot.scr.uimg boot.scr
boot_targets=mmc1 mmc2 usb0 dhcp 
bootcmd=run emmcboot ; echo ; echo emmcboot failed ; run distro_bootcmd ; usb start ;setenv stdout serial,vga ; setenv stdin serial,usbkbd
bootcmd_dhcp=if dhcp ${scriptaddr} ${boot_script_dhcp}; then source ${scriptaddr}; fi;
bootcmd_mmc1=setenv devnum 1; run mmc_boot
bootcmd_mmc2=setenv devnum 2; run mmc_boot
bootcmd_usb0=setenv devnum 0; run usb_boot
bootdelay=1
bootm_size=0x20000000
console=ttymxc0
cpu=armv7
defargs=enable_wait_mode=off vmalloc=400M
distro_bootcmd=for target in ${boot_targets}; do run bootcmd_${target}; done
emmcargs=ip=off root=/dev/mmcblk0p2 rw,noatime rootfstype=ext4 rootwait
emmcboot=run setup; setenv bootargs ${defargs} ${emmcargs} ${setupargs} ${vidargs}; echo Booting from internal eMMC chip...; run emmcdtbload; load mmc 0:1 ${kernel_addr_r} ${boot_file} && run fdt_fixup && bootm ${kernel_addr_r} ${dtbparam}
emmcdtbload=setenv dtbparam; load mmc 0:1 ${fdt_addr_r} ${fdt_file} && setenv dtbparam " - ${fdt_addr_r}" && true
ethprime=FEC
fdt_addr_r=0x12000000
fdt_file=imx6q-apalis-eval.dtb
fdt_fixup=;
fdt_high=0xffffffff
initrd_high=0xffffffff
ipaddr=192.168.10.2
kernel_addr_r=0x11000000
loadaddr=0x12000000
mmc_boot=if mmc dev ${devnum}; then setenv devtype mmc; run scan_dev_for_boot_part; fi
netmask=255.255.255.0
nfsargs=ip=:::::eth0:on root=/dev/nfs rw
nfsboot=run setup; setenv bootargs ${defargs} ${nfsargs} ${setupargs} ${vidargs}; echo Booting via DHCP/TFTP/NFS...; run nfsdtbload; dhcp ${kernel_addr_r} && run fdt_fixup && bootm ${kernel_addr_r} ${dtbparam}
nfsdtbload=setenv dtbparam; tftp ${fdt_addr_r} ${fdt_file} && setenv dtbparam " - ${fdt_addr_r}" && true
pxefile_addr_r=0x17100000
ramdisk_addr_r=0x12100000
sata_boot=if sata dev ${devnum}; then setenv devtype sata; run scan_dev_for_boot_part; fi
scan_dev_for_boot=echo Scanning ${devtype} ${devnum}:${distro_bootpart}...; for prefix in ${boot_prefixes}; do run scan_dev_for_extlinux; run scan_dev_for_scripts; done;
scan_dev_for_boot_part=part list ${devtype} ${devnum} -bootable devplist; env exists devplist || setenv devplist 1; for distro_bootpart in ${devplist}; do if fstype ${devtype} ${devnum}:${distro_bootpart} bootfstype; then run scan_dev_for_boot; fi; done
scan_dev_for_extlinux=if test -e ${devtype} ${devnum}:${distro_bootpart} ${prefix}extlinux/extlinux.conf; then echo Found ${prefix}extlinux/extlinux.conf; run boot_extlinux; echo SCRIPT FAILED: continuing...; fi
scan_dev_for_scripts=for script in ${boot_scripts}; do if test -e ${devtype} ${devnum}:${distro_bootpart} ${prefix}${script}; then echo Found U-Boot script ${prefix}${script}; run boot_a_script; echo SCRIPT FAILED: continuing...; fi; done
scriptaddr=0x17000000
sdargs=ip=off root=/dev/mmcblk1p2 rw,noatime rootfstype=ext4 rootwait
sdboot=run setup; setenv bootargs ${defargs} ${sdargs} ${setupargs} ${vidargs}; echo Booting from SD card; run sddtbload; load mmc 1:1 ${kernel_addr_r} ${boot_file} && run fdt_fixup && bootm ${kernel_addr_r} ${dtbparam}
sddtbload=setenv dtbparam; load mmc 1:1 ${fdt_addr_r} ${fdt_file} && setenv dtbparam " - ${fdt_addr_r}" && true
serverip=192.168.10.1
setethupdate=if env exists ethaddr; then; else setenv ethaddr 00:14:2d:00:00:00; fi; tftpboot ${loadaddr} flash_eth.img && source ${loadaddr}
setsdupdate=setenv interface mmc; setenv drive 1; mmc rescan; load ${interface} ${drive}:1 ${loadaddr} flash_blk.img || setenv drive 2; mmc rescan; load ${interface} ${drive}:1 ${loadaddr} flash_blk.img && source ${loadaddr}
setup=setenv setupargs fec_mac=${ethaddr} consoleblank=0 no_console_suspend=1 console=tty1 console=${console},${baudrate}n8
setupdate=run setsdupdate || run setusbupdate || run setethupdate
setusbupdate=usb start && setenv interface usb; setenv drive 0; load ${interface} ${drive}:1 ${loadaddr} flash_blk.img && source ${loadaddr}
soc=mx6
splashpos=m,m
usb_boot=usb start; if usb dev ${devnum}; then setenv devtype usb; run scan_dev_for_boot_part; fi
vendor=toradex
vidargs=mxc_hdmi.only_cea=1 video=mxcfb0:dev=hdmi,1920x1080M@60,if=RGB24 video=mxcfb1:off video=mxcfb2:off video=mxcfb3:off fbmem=32M

Environment size: 4628/8188 bytes
Apalis iMX6 # editenv fdt_file                  fat
  fatinfo fatload fatls fatsize fatwrite
Apalis iMX6 # fatls mmc 0:1
  5943928   uimage 
      710   flash_blk.img 
      444   flash_eth.img 
      307   flash_mmc.img 
            apalis_imx6/
    49405   imx6q-apalis-eval.dtb 
    49276   imx6q-apalis_v1_0-eval.dtb 
    49064   imx6q-apalis-ixora.dtb 
    48935   imx6q-apalis_v1_0-ixora.dtb 
    48970   imx6q-apalis-ixora-v1_1.dtb 

9 file(s), 1 dir(s)

Apalis iMX6 # fatls mmc 0:1             editenv fdt_file 
edit: imx6q-apalis-eval.dtb                     
Apalis iMX6 # edi           <INTERRUPT>
Apalis iMX6 # editenv fdt_fi
  fdt_file fdt_fixup
Apalis iMX6 # editenv fdt_file 
edit: imx6q-apalis-ixora-v1_1.dtb
Apalis iMX6 # saveenv
Saving Environment to MMC...
Writing to MMC(0)... done
Apalis iMX6 # pri
arch=arm
baudrate=115200
board=apalis_imx6
board_name=apalis_imx6
boot_a_script=load ${devtype} ${devnum}:${distro_bootpart} ${scriptaddr} ${prefix}${script}; source ${scriptaddr}
boot_extlinux=sysboot ${devtype} ${devnum}:${distro_bootpart} any ${scriptaddr} ${prefix}extlinux/extlinux.conf
boot_file=uImage
boot_net_usb_start=usb start
boot_prefixes=/ /boot/
boot_script_dhcp=boot.scr.uimg
boot_scripts=boot.scr.uimg boot.scr
boot_targets=mmc1 mmc2 usb0 dhcp 
bootcmd=run emmcboot ; echo ; echo emmcboot failed ; run distro_bootcmd ; usb start ;setenv stdout serial,vga ; setenv stdin serial,usbkbd
bootcmd_dhcp=if dhcp ${scriptaddr} ${boot_script_dhcp}; then source ${scriptaddr}; fi;
bootcmd_mmc1=setenv devnum 1; run mmc_boot
bootcmd_mmc2=setenv devnum 2; run mmc_boot
bootcmd_usb0=setenv devnum 0; run usb_boot
bootdelay=1
bootm_size=0x20000000
console=ttymxc0
cpu=armv7
defargs=enable_wait_mode=off vmalloc=400M
distro_bootcmd=for target in ${boot_targets}; do run bootcmd_${target}; done
emmcargs=ip=off root=/dev/mmcblk0p2 rw,noatime rootfstype=ext4 rootwait
emmcboot=run setup; setenv bootargs ${defargs} ${emmcargs} ${setupargs} ${vidargs}; echo Booting from internal eMMC chip...; run emmcdtbload; load mmc 0:1 ${kernel_addr_r} ${boot_file} && run fdt_fixup && bootm ${kernel_addr_r} ${dtbparam}
emmcdtbload=setenv dtbparam; load mmc 0:1 ${fdt_addr_r} ${fdt_file} && setenv dtbparam " - ${fdt_addr_r}" && true
ethprime=FEC
fdt_addr_r=0x12000000
fdt_file=imx6q-apalis-ixora-v1_1.dtb
fdt_fixup=;
fdt_high=0xffffffff
initrd_high=0xffffffff
ipaddr=192.168.10.2
kernel_addr_r=0x11000000
loadaddr=0x12000000
mmc_boot=if mmc dev ${devnum}; then setenv devtype mmc; run scan_dev_for_boot_part; fi
netmask=255.255.255.0
nfsargs=ip=:::::eth0:on root=/dev/nfs rw
nfsboot=run setup; setenv bootargs ${defargs} ${nfsargs} ${setupargs} ${vidargs}; echo Booting via DHCP/TFTP/NFS...; run nfsdtbload; dhcp ${kernel_addr_r} && run fdt_fixup && bootm ${kernel_addr_r} ${dtbparam}
nfsdtbload=setenv dtbparam; tftp ${fdt_addr_r} ${fdt_file} && setenv dtbparam " - ${fdt_addr_r}" && true
pxefile_addr_r=0x17100000
ramdisk_addr_r=0x12100000
sata_boot=if sata dev ${devnum}; then setenv devtype sata; run scan_dev_for_boot_part; fi
scan_dev_for_boot=echo Scanning ${devtype} ${devnum}:${distro_bootpart}...; for prefix in ${boot_prefixes}; do run scan_dev_for_extlinux; run scan_dev_for_scripts; done;
scan_dev_for_boot_part=part list ${devtype} ${devnum} -bootable devplist; env exists devplist || setenv devplist 1; for distro_bootpart in ${devplist}; do if fstype ${devtype} ${devnum}:${distro_bootpart} bootfstype; then run scan_dev_for_boot; fi; done
scan_dev_for_extlinux=if test -e ${devtype} ${devnum}:${distro_bootpart} ${prefix}extlinux/extlinux.conf; then echo Found ${prefix}extlinux/extlinux.conf; run boot_extlinux; echo SCRIPT FAILED: continuing...; fi
scan_dev_for_scripts=for script in ${boot_scripts}; do if test -e ${devtype} ${devnum}:${distro_bootpart} ${prefix}${script}; then echo Found U-Boot script ${prefix}${script}; run boot_a_script; echo SCRIPT FAILED: continuing...; fi; done
scriptaddr=0x17000000
sdargs=ip=off root=/dev/mmcblk1p2 rw,noatime rootfstype=ext4 rootwait
sdboot=run setup; setenv bootargs ${defargs} ${sdargs} ${setupargs} ${vidargs}; echo Booting from SD card; run sddtbload; load mmc 1:1 ${kernel_addr_r} ${boot_file} && run fdt_fixup && bootm ${kernel_addr_r} ${dtbparam}
sddtbload=setenv dtbparam; load mmc 1:1 ${fdt_addr_r} ${fdt_file} && setenv dtbparam " - ${fdt_addr_r}" && true
serverip=192.168.10.1
setethupdate=if env exists ethaddr; then; else setenv ethaddr 00:14:2d:00:00:00; fi; tftpboot ${loadaddr} flash_eth.img && source ${loadaddr}
setsdupdate=setenv interface mmc; setenv drive 1; mmc rescan; load ${interface} ${drive}:1 ${loadaddr} flash_blk.img || setenv drive 2; mmc rescan; load ${interface} ${drive}:1 ${loadaddr} flash_blk.img && source ${loadaddr}
setup=setenv setupargs fec_mac=${ethaddr} consoleblank=0 no_console_suspend=1 console=tty1 console=${console},${baudrate}n8
setupdate=run setsdupdate || run setusbupdate || run setethupdate
setusbupdate=usb start && setenv interface usb; setenv drive 0; load ${interface} ${drive}:1 ${loadaddr} flash_blk.img && source ${loadaddr}
soc=mx6
splashpos=m,m
usb_boot=usb start; if usb dev ${devnum}; then setenv devtype usb; run scan_dev_for_boot_part; fi
vendor=toradex
vidargs=mxc_hdmi.only_cea=1 video=mxcfb0:dev=hdmi,1920x1080M@60,if=RGB24 video=mxcfb1:off video=mxcfb2:off video=mxcfb3:off fbmem=32M

Environment size: 4642/8188 bytes
Apalis iMX6 # boot
Booting from internal eMMC chip...
reading imx6q-apalis-ixora-v1_1.dtb
** Unable to read file imx6q-apalis-ixora-v1_1.dtb **
reading uImage
5943928 bytes read in 172 ms (33 MiB/s)
## Booting kernel from Legacy Image at 11000000 ...
   Image Name:   Linux-4.1.41-v2.7b1+g82f0f4f
   Image Type:   ARM Linux Kernel Image (uncompressed)
   Data Size:    5943864 Bytes = 5.7 MiB
   Load Address: 10008000
   Entry Point:  10008000
   Verifying Checksum ... OK
   Loading Kernel Image ... OK

Starting kernel ...



U-Boot 2016.11+fslc+g80c3bd6 (Jan 02 2018 - 11:32:06 +0100)

CPU:   Freescale i.MX6Q rev1.5 at 792 MHz
Reset cause: POR
I2C:   ready
DRAM:  2 GiB
PMIC:  device id: 0x10, revision id: 0x21, programmed
™MC:   FSL_SDHC: 0, FSL_SDHC: 1, FSL_SDHC: 2
auto-detected panel vga-rgb
Display: vga-rgb (640x480)
In:    serial
Out:   serial
Err:   serial
Model: Toradex Apalis iMX6 Quad 2GB IT V1.1C, Serial# 05139699
Net:   using PHY at 7
FEC [PRIME]
Hit any key to stop autoboot:  1  0
Apalis iMX6 # 
Apalis iMX6 # 
Apalis iMX6 # 
Apalis iMX6 # 
Apalis iMX6 # pri
arch=arm
baudrate=115200
board=apalis_imx6
board_name=apalis_imx6
board_rev=011c
boot_a_script=load ${devtype} ${devnum}:${distro_bootpart} ${scriptaddr} ${prefix}${script}; source ${scriptaddr}
boot_extlinux=sysboot ${devtype} ${devnum}:${distro_bootpart} any ${scriptaddr} ${prefix}extlinux/extlinux.conf
boot_file=uImage
boot_net_usb_start=usb start
boot_prefixes=/ /boot/
boot_script_dhcp=boot.scr.uimg
boot_scripts=boot.scr.uimg boot.scr
boot_targets=mmc1 mmc2 usb0 dhcp 
bootcmd=run emmcboot ; echo ; echo emmcboot failed ; run distro_bootcmd ; usb start ;setenv stdout serial,vga ; setenv stdin serial,usbkbd
bootcmd_dhcp=if dhcp ${scriptaddr} ${boot_script_dhcp}; then source ${scriptaddr}; fi;
bootcmd_mmc1=setenv devnum 1; run mmc_boot
bootcmd_mmc2=setenv devnum 2; run mmc_boot
bootcmd_usb0=setenv devnum 0; run usb_boot
bootdelay=1
bootm_size=0x20000000
console=ttymxc0
cpu=armv7
defargs=enable_wait_mode=off vmalloc=400M
distro_bootcmd=for target in ${boot_targets}; do run bootcmd_${target}; done
emmcargs=ip=off root=/dev/mmcblk0p2 rw,noatime rootfstype=ext4 rootwait
emmcboot=run setup; setenv bootargs ${defargs} ${emmcargs} ${setupargs} ${vidargs}; echo Booting from internal eMMC chip...; run emmcdtbload; load mmc 0:1 ${kernel_addr_r} ${boot_file} && run fdt_fixup && bootm ${kernel_addr_r} ${dtbparam}
emmcdtbload=setenv dtbparam; load mmc 0:1 ${fdt_addr_r} ${fdt_file} && setenv dtbparam " - ${fdt_addr_r}" && true
ethact=FEC
ethaddr=00:14:2d:4e:6c:f3
ethprime=FEC
fdt_addr_r=0x12000000
fdt_file=imx6q-apalis-ixora-v1_1.dtb
fdt_fixup=;
fdt_high=0xffffffff
initrd_high=0xffffffff
ipaddr=192.168.10.2
kernel_addr_r=0x11000000
loadaddr=0x12000000
mmc_boot=if mmc dev ${devnum}; then setenv devtype mmc; run scan_dev_for_boot_part; fi
netmask=255.255.255.0
nfsargs=ip=:::::eth0:on root=/dev/nfs rw
nfsboot=run setup; setenv bootargs ${defargs} ${nfsargs} ${setupargs} ${vidargs}; echo Booting via DHCP/TFTP/NFS...; run nfsdtbload; dhcp ${kernel_addr_r} && run fdt_fixup && bootm ${kernel_addr_r} ${dtbparam}
nfsdtbload=setenv dtbparam; tftp ${fdt_addr_r} ${fdt_file} && setenv dtbparam " - ${fdt_addr_r}" && true
pxefile_addr_r=0x17100000
ramdisk_addr_r=0x12100000
sata_boot=if sata dev ${devnum}; then setenv devtype sata; run scan_dev_for_boot_part; fi
scan_dev_for_boot=echo Scanning ${devtype} ${devnum}:${distro_bootpart}...; for prefix in ${boot_prefixes}; do run scan_dev_for_extlinux; run scan_dev_for_scripts; done;
scan_dev_for_boot_part=part list ${devtype} ${devnum} -bootable devplist; env exists devplist || setenv devplist 1; for distro_bootpart in ${devplist}; do if fstype ${devtype} ${devnum}:${distro_bootpart} bootfstype; then run scan_dev_for_boot; fi; done
scan_dev_for_extlinux=if test -e ${devtype} ${devnum}:${distro_bootpart} ${prefix}extlinux/extlinux.conf; then echo Found ${prefix}extlinux/extlinux.conf; run boot_extlinux; echo SCRIPT FAILED: continuing...; fi
scan_dev_for_scripts=for script in ${boot_scripts}; do if test -e ${devtype} ${devnum}:${distro_bootpart} ${prefix}${script}; then echo Found U-Boot script ${prefix}${script}; run boot_a_script; echo SCRIPT FAILED: continuing...; fi; done
scriptaddr=0x17000000
sdargs=ip=off root=/dev/mmcblk1p2 rw,noatime rootfstype=ext4 rootwait
sdboot=run setup; setenv bootargs ${defargs} ${sdargs} ${setupargs} ${vidargs}; echo Booting from SD card; run sddtbload; load mmc 1:1 ${kernel_addr_r} ${boot_file} && run fdt_fixup && bootm ${kernel_addr_r} ${dtbparam}
sddtbload=setenv dtbparam; load mmc 1:1 ${fdt_addr_r} ${fdt_file} && setenv dtbparam " - ${fdt_addr_r}" && true
serial#=05139699
serverip=192.168.10.1
setethupdate=if env exists ethaddr; then; else setenv ethaddr 00:14:2d:00:00:00; fi; tftpboot ${loadaddr} flash_eth.img && source ${loadaddr}
setsdupdate=setenv interface mmc; setenv drive 1; mmc rescan; load ${interface} ${drive}:1 ${loadaddr} flash_blk.img || setenv drive 2; mmc rescan; load ${interface} ${drive}:1 ${loadaddr} flash_blk.img && source ${loadaddr}
setup=setenv setupargs fec_mac=${ethaddr} consoleblank=0 no_console_suspend=1 console=tty1 console=${console},${baudrate}n8
setupdate=run setsdupdate || run setusbupdate || run setethupdate
setusbupdate=usb start && setenv interface usb; setenv drive 0; load ${interface} ${drive}:1 ${loadaddr} flash_blk.img && source ${loadaddr}
soc=mx6
splashpos=m,m
usb_boot=usb start; if usb dev ${devnum}; then setenv devtype usb; run scan_dev_for_boot_part; fi
vendor=toradex
ver=U-Boot 2016.11+fslc+g80c3bd6 (Jan 02 2018 - 11:32:06 +0100)
vidargs=mxc_hdmi.only_cea=1 video=mxcfb0:dev=hdmi,1920x1080M@60,if=RGB24 video=mxcfb1:off video=mxcfb2:off video=mxcfb3:off fbmem=32M

Environment size: 4785/8188 bytes
Apalis iMX6 # editenv fdt_fi
  fdt_file fdt_fixup
Apalis iMX6 # editenv fdt_file 
edit: imx6q-apalis-ixora-v1_1.dtb_.dtbt.dtb
Apalis iMX6 # saveenv
Saving Environment to MMC...
Writing to MMC(0)... done
Apalis iMX6 # editenv emmcdtbload 
edit: setenv dtbparam; load mmc 0:1 ${fdt_addr_r} ${fdt_file} && setenv dtbparam " - ${fdt_addr_r}" && true:1 ${fdt_addr_r} ${fdt_file} && setenv dtbparam " - ${fdt_addr_r}" && true 1:1 ${fdt_addr_r} ${fdt_file} && setenv dtbparam " - ${fdt_addr_r}" && true
Apalis iMX6 # saveenv
Saving Environment to MMC...
Writing to MMC(0)... done
Apalis iMX6 # boot
Booting from internal eMMC chip...
reading imx6q-apalis-ixora-v1_1_t.dtb
** Unable to read file imx6q-apalis-ixora-v1_1_t.dtb **
reading uImage
5943928 bytes read in 172 ms (33 MiB/s)
## Booting kernel from Legacy Image at 11000000 ...
   Image Name:   Linux-4.1.41-v2.7b1+g82f0f4f
   Image Type:   ARM Linux Kernel Image (uncompressed)
   Data Size:    5943864 Bytes = 5.7 MiB
   Load Address: 10008000
   Entry Point:  10008000
   Verifying Checksum ... OK
   Loading Kernel Image ... OK

Starting kernel ...



U-Boot 2016.11+fslc+g80c3bd6 (Jan 02 2018 - 11:32:06 +0100)

CPU:   Freescale i.MX6Q rev1.5 at 792 MHz
Reset cause: POR
I2C:   ready
DRAM:  2 GiB
PMIC:  device id: 0x10, revision id: 0x21, programmed
M“j:   FSL_SDHC: 0, FSL_SDHC: 1, FSL_SDHC: 2
auto-detected panel vga-rgb
Display: vga-rgb (640x480)
In:    serial
Out:   serial
Err:   serial
Model: Toradex Apalis iMX6 Quad 2GB IT V1.1C, Serial# 05139699
Net:   using PHY at 7
FEC [PRIME]
Hit any key to stop autoboot:  1  0
Apalis iMX6 # 
Apalis iMX6 # 
Apalis iMX6 # 
Apalis iMX6 # e env default -f -a
## Resetting to default environment
Apalis iMX6 # env save
Saving Environment to MMC...
Writing to MMC(0)... done
Apalis iMX6 # saveenv
Saving Environment to MMC...
Writing to MMC(0)... done
Apalis iMX6 # res
resetting ...


U-Boot 2016.11+fslc+g80c3bd6 (Jan 02 2018 - 11:32:06 +0100)

CPU:   Freescale i.MX6Q rev1.5 at 792 MHz
Reset cause: WDOG
I2C:   ready
DRAM:  2 GiB
PMIC:  device id: 0x10, revision id: 0x21, programmed
M“j:   FSL_SDHC: 0, FSL_SDHC: 1, FSL_SDHC: 2
auto-detected panel vga-rgb
Display: vga-rgb (640x480)
In:    serial
Out:   serial
Err:   serial
Model: Toradex Apalis iMX6 Quad 2GB IT V1.1C, Serial# 05139699
Net:   using PHY at 7
FEC [PRIME]
Hit any key to stop autoboot:  1  0 
Booting from internal eMMC chip...
reading imx6q-apalis-eval.dtb
49405 bytes read in 18 ms (2.6 MiB/s)
reading uImage
5943928 bytes read in 172 ms (33 MiB/s)
## Booting kernel from Legacy Image at 11000000 ...
   Image Name:   Linux-4.1.41-v2.7b1+g82f0f4f
   Image Type:   ARM Linux Kernel Image (uncompressed)
   Data Size:    5943864 Bytes = 5.7 MiB
   Load Address: 10008000
   Entry Point:  10008000
   Verifying Checksum ... OK
## Flattened Device Tree blob at 12000000
   Booting using the fdt blob at 0x12000000
   Loading Kernel Image ... OK
   Using Device Tree in place at 12000000, end 1200f0fc

Starting kernel ...

[    0.000000] Booting Linux on physical CPU 0x0
[    0.000000] Initializing cgroup subsys cpu
[    0.000000] Initializing cgroup subsys cpuacct
[    0.000000] Linux version 4.1.41-v2.7b1+g82f0f4f (behlingc@mplan-ubuntu-1610-dev) (gcc version 5.3.0 (GCC) ) #1 SMP Wed Jan 31 17:39:36 CET 2018
[    0.000000] CPU: ARMv7 Processor [412fc09a] revision 10 (ARMv7), cr=10c5387d
[    0.000000] CPU: PIPT / VIPT nonaliasing data cache, VIPT aliasing instruction cache
[    0.000000] Machine model: Toradex Apalis iMX6Q/D Module on Apalis Evaluation Board
[    0.000000] Reserved memory: created CMA memory pool at 0x62000000, size 320 MiB
[    0.000000] Reserved memory: initialized node linux,cma, compatible id shared-dma-pool
[    0.000000] Memory policy: Data cache writealloc
[    0.000000] PERCPU: Embedded 12 pages/cpu @d0efc000 s16908 r8192 d24052 u49152
[    0.000000] Built 1 zonelists in Zone order, mobility grouping on.  Total pages: 521024
[    0.000000] Kernel command line: enable_wait_mode=off vmalloc=400M ip=off root=/dev/mmcblk0p2 rw,noatime rootfstype=ext4 rootwait fec_mac=00:14:2d:4e:6c:f3 consoleblank=0 no_console_suspend=1 console=tty1 console=ttymxc0,115200n8 mxc_hdmi.only_cea=1 video=mxcfb0:dev=hdmi,1920x1080M@60,if=RGB24 video=mxcfb1:off video=mxcfb2:off video=mxcfb3:off fbmem=32M
[    0.000000] PID hash table entries: 4096 (order: 2, 16384 bytes)
[    0.000000] Dentry cache hash table entries: 262144 (order: 8, 1048576 bytes)
[    0.000000] Inode-cache hash table entries: 131072 (order: 7, 524288 bytes)
[    0.000000] Memory: 1738968K/2097152K available (7679K kernel code, 330K rwdata, 2648K rodata, 372K init, 423K bss, 30504K reserved, 327680K cma-reserved, 425984K highmem)
[    0.000000] Virtual kernel memory layout:
[    0.000000]     vector  : 0xffff0000 - 0xffff1000   (   4 kB)
[    0.000000]     fixmap  : 0xffc00000 - 0xfff00000   (3072 kB)
[    0.000000]     vmalloc : 0xe6800000 - 0xff000000   ( 392 MB)
[    0.000000]     lowmem  : 0x80000000 - 0xe6000000   (1632 MB)
[    0.000000]     pkmap   : 0x7fe00000 - 0x80000000   (   2 MB)
[    0.000000]     modules : 0x7f000000 - 0x7fe00000   (  14 MB)
[    0.000000]       .text : 0x80008000 - 0x80a1e0a4   (10329 kB)
[    0.000000]       .init : 0x80a1f000 - 0x80a7c000   ( 372 kB)
[    0.000000]       .data : 0x80a7c000 - 0x80ace8c0   ( 331 kB)
[    0.000000]        .bss : 0x80ad1000 - 0x80b3ae1c   ( 424 kB)
[    0.000000] SLUB: HWalign=64, Order=0-3, MinObjects=0, CPUs=4, Nodes=1
[    0.000000] Hierarchical RCU implementation.
[    0.000000] NR_IRQS:16 nr_irqs:16 16
[    0.000000] L2C-310 erratum 769419 enabled
[    0.000000] L2C-310 enabling early BRESP for Cortex-A9
[    0.000000] L2C-310 full line of zeros enabled for Cortex-A9
[    0.000000] L2C-310 ID prefetch enabled, offset 16 lines
[    0.000000] L2C-310 dynamic clock gating enabled, standby mode enabled
[    0.000000] L2C-310 cache controller enabled, 16 ways, 1024 kB
[    0.000000] L2C-310: CACHE_ID 0x410000c7, AUX_CTRL 0x76470001
[    0.000000] mxc_clocksource_init 3000000
[    0.000000] Switching to timer-based delay loop, resolution 333ns
[    0.000006] sched_clock: 32 bits at 3000kHz, resolution 333ns, wraps every 715827882841ns
[    0.000022] clocksource mxc_timer1: mask: 0xffffffff max_cycles: 0xffffffff, max_idle_ns: 637086815595 ns
[    0.001242] Console: colour dummy device 80x30
[    0.001862] console [tty1] enabled
[    0.001891] Calibrating delay loop (skipped), value calculated using timer frequency.. 6.00 BogoMIPS (lpj=30000)
[    0.001932] pid_max: default: 32768 minimum: 301
[    0.002046] Mount-cache hash table entries: 4096 (order: 2, 16384 bytes)
[    0.002075] Mountpoint-cache hash table entries: 4096 (order: 2, 16384 bytes)
[    0.002661] Initializing cgroup subsys freezer
[    0.002701] Initializing cgroup subsys debug
[    0.002752] CPU: Testing write buffer coherency: ok
[    0.003023] Setting up static identity map for 0x10008280 - 0x100082d8
[    0.006316] Brought up 4 CPUs
[    0.006350] SMP: Total of 4 processors activated (24.00 BogoMIPS).
[    0.006373] CPU: All CPU(s) started in SVC mode.
[    0.006889] devtmpfs: initialized
[    0.019602] VFP support v0.3: implementor 41 architecture 3 part 30 variant 9 rev 4
[    0.020031] clocksource jiffies: mask: 0xffffffff max_cycles: 0xffffffff, max_idle_ns: 19112604462750000 ns
[    0.020088] futex hash table entries: 1024 (order: 4, 65536 bytes)
[    0.040020] pinctrl core: initialized pinctrl subsystem
[    0.041292] NET: Registered protocol family 16
[    0.049693] DMA: preallocated 256 KiB pool for atomic coherent allocations
[    0.079649] cpuidle: using governor ladder
[    0.109644] cpuidle: using governor menu
[    0.110037] CPU identified as i.MX6Q, silicon rev 1.5
[    0.135167] hw-breakpoint: found 5 (+1 reserved) breakpoint and 1 watchpoint registers.
[    0.135214] hw-breakpoint: maximum watchpoint size is 4 bytes.
[    0.136285] imx6q-pinctrl 20e0000.iomuxc: initialized IMX pinctrl driver
[    0.138297] imx-gpc 20dc000.gpc: no fsl,ldo-bypass found!
[    0.148586] mxs-dma 110000.dma-apbh: initialized
[    0.151107] usb_host_vbus: supplied by usb_host_vbus_hub
[    0.151471] vgaarb: loaded
[    0.152291] SCSI subsystem initialized
[    0.152801] usbcore: registered new interface driver usbfs
[    0.152890] usbcore: registered new interface driver hub
[    0.152998] usbcore: registered new device driver usb
[    0.153239] 2000000.aips-bus:usbphy_nop1 supply vcc not found, using dummy regulator
[    0.153423] 2000000.aips-bus:usbphy_nop2 supply vcc not found, using dummy regulator
[    0.154223] i2c-gpio i2c@0: using pins 80 (SDA) and 62 (SCL)
[    0.155187] i2c i2c-1: IMX I2C adapter registered
[    0.155225] i2c i2c-1: can't use DMA
[    0.156796] stmpe-i2c 2-0041: stmpe811 detected, chip id: 0x811
[    0.158727] i2c i2c-2: IMX I2C adapter registered
[    0.158765] i2c i2c-2: can't use DMA
[    0.159456] i2c i2c-3: IMX I2C adapter registered
[    0.159491] i2c i2c-3: can't use DMA
[    0.159692] Linux video capture interface: v2.00
[    0.159767] pps_core: LinuxPPS API ver. 1 registered
[    0.159792] pps_core: Software ver. 5.3.6 - Copyright 2005-2007 Rodolfo Giometti <giometti@linux.it>
[    0.159846] PTP clock support registered
[    0.179695] imx-ipuv3 2400000.ipu: IPU DMFC NORMAL mode: 1(0~1), 5B(4,5), 5F(6,7)
[    0.199687] imx-ipuv3 2800000.ipu: IPU DMFC NORMAL mode: 1(0~1), 5B(4,5), 5F(6,7)
[    0.200641] mxc_mipi_csi2 21dc000.mipi_csi: i.MX MIPI CSI2 driver probed ipu0 csi1
[    0.200691] mxc_mipi_csi2 21dc000.mipi_csi: i.MX MIPI CSI2 dphy version is 0x3130302a
[    0.200804] MIPI CSI2 driver module loaded
[    0.201100] Advanced Linux Sound Architecture Driver Initialized.
[    0.202355] Bluetooth: Core ver 2.20
[    0.202419] NET: Registered protocol family 31
[    0.202441] Bluetooth: HCI device and connection manager initialized
[    0.202472] Bluetooth: HCI socket layer initialized
[    0.202500] Bluetooth: L2CAP socket layer initialized
[    0.202542] Bluetooth: SCO socket layer initialized
[    0.203138] Switched to clocksource mxc_timer1
[    0.213973] NET: Registered protocol family 2
[    0.214749] TCP established hash table entries: 16384 (order: 4, 65536 bytes)
[    0.214925] TCP bind hash table entries: 16384 (order: 5, 131072 bytes)
[    0.215186] TCP: Hash tables configured (established 16384 bind 16384)
[    0.215288] UDP hash table entries: 1024 (order: 3, 32768 bytes)
[    0.215381] UDP-Lite hash table entries: 1024 (order: 3, 32768 bytes)
[    0.215649] NET: Registered protocol family 1
[    0.215990] RPC: Registered named UNIX socket transport module.
[    0.216021] RPC: Registered udp transport module.
[    0.216041] RPC: Registered tcp transport module.
[    0.216060] RPC: Registered tcp NFSv4.1 backchannel transport module.
[    0.216858] CPU PMU: Failed to parse /soc/pmu/interrupt-affinity[0]
[    0.216932] hw perfevents: enabled with armv7_cortex_a9 PMU driver, 7 counters available
[    0.217998] imx rpmsg driver is registered.
[    0.219056] Bus freq driver module loaded
[    0.226088] VFS: Disk quotas dquot_6.6.0
[    0.226280] VFS: Dquot-cache hash table entries: 1024 (order 0, 4096 bytes)
[    0.227340] squashfs: version 4.0 (2009/01/31) Phillip Lougher
[    0.228136] NFS: Registering the id_resolver key type
[    0.228192] Key type id_resolver registered
[    0.228215] Key type id_legacy registered
[    0.228258] nfs4filelayout_init: NFSv4 File Layout Driver Registering...
[    0.228791] ntfs: driver 2.1.32 [Flags: R/W].
[    0.229251] fuse init (API version 7.23)
[    0.233423] bounce: pool size: 64 pages
[    0.233463] io scheduler noop registered
[    0.233493] io scheduler deadline registered
[    0.233674] io scheduler cfq registered (default)
[    0.236499] backlight supply power not found, using dummy regulator
[    0.238128] MIPI DSI driver module loaded
[    0.239523] 20e0000.hdmi_video supply HDMI not found, using dummy regulator
[    0.241561] mxc_hdmi 20e0000.hdmi_video: Detected HDMI controller 0x13:0xa:0xa0:0xc1
[    0.241622] fbcvt: 1920x1080@60: CVT Name - 2.073M9
[    0.241761] mxc_sdc_fb fb@0: registered mxc display driver hdmi
[    0.257459] mxc_sdc_fb fb@0: 1920x1080 h_sync,r,l: 44,88,148  v_sync,l,u: 5,4,36 pixclock=148500000 Hz
[    0.273222] imx-ipuv3 2400000.ipu: IPU DMFC DP HIGH RESOLUTION: 1(0,1), 5B(2~5), 5F(6,7)
[    0.277054] mxc_sdc_fb fb@1: mxcfb1 is turned off!
[    0.277150] mxc_sdc_fb fb@2: mxcfb2 is turned off!
[    0.277233] mxc_sdc_fb fb@3: mxcfb3 is turned off!
[    0.278778] imx-sdma 20ec000.sdma: no iram assigned, using external mem
[    0.279137] imx-sdma 20ec000.sdma: no event needs to be remapped
[    0.279404] imx-sdma 20ec000.sdma: loaded firmware 3.3
[    0.282008] imx-sdma 20ec000.sdma: initialized
[    0.283751] pfuze100-regulator 2-0008: Full layer: 2, Metal layer: 1
[    0.284368] pfuze100-regulator 2-0008: FAB: 0, FIN: 0
[    0.284397] pfuze100-regulator 2-0008: pfuze100 found.
[    0.298618] 2020000.serial: ttymxc0 at MMIO 0x2020000 (irq = 27, base_baud = 5000000) is a IMX
[    1.188218] console [ttymxc0] enabled
[    1.192777] 21e8000.serial: ttymxc1 at MMIO 0x21e8000 (irq = 303, base_baud = 5000000) is a IMX
[    1.202061] 21f0000.serial: ttymxc3 at MMIO 0x21f0000 (irq = 304, base_baud = 5000000) is a IMX
[    1.211313] 21f4000.serial: ttymxc4 at MMIO 0x21f4000 (irq = 305, base_baud = 5000000) is a IMX
[    1.222089] [drm] Initialized drm 1.1.0 20060810
[    1.227205] [drm] Initialized vivante 1.0.0 20120216 on minor 0
[    1.241236] brd: module loaded
[    1.249389] loop: module loaded
[    1.253930] ahci-imx 2200000.sata: fsl,transmit-level-mV not specified, using 00000024
[    1.261896] ahci-imx 2200000.sata: fsl,transmit-boost-mdB not specified, using 00000480
[    1.269965] ahci-imx 2200000.sata: fsl,transmit-atten-16ths not specified, using 00002000
[    1.278195] ahci-imx 2200000.sata: fsl,receive-eq-mdB not specified, using 05000000
[    1.289347] ahci-imx 2200000.sata: SSS flag set, parallel bus scan disabled
[    1.296401] ahci-imx 2200000.sata: AHCI 0001.0300 32 slots 1 ports 3 Gbps 0x1 impl platform mode
[    1.305243] ahci-imx 2200000.sata: flags: ncq sntf stag pm led clo only pmp pio slum part ccc apst 
[    1.315718] scsi host0: ahci-imx
[    1.319281] ata1: SATA max UDMA/133 mmio [mem 0x02200000-0x02203fff] port 0x100 irq 315
[    1.330701] spi_imx 2008000.ecspi: probed
[    1.335623] spi_imx 200c000.ecspi: probed
[    1.340579] vcan: Virtual CAN interface driver
[    1.345097] CAN device driver interface
[    1.349201] 2090000.flexcan supply xceiver not found, using dummy regulator
[    1.356987] flexcan 2090000.flexcan: device registered (reg_base=e6ab0000, irq=36)
[    1.364750] 2094000.flexcan supply xceiver not found, using dummy regulator
[    1.372428] flexcan 2094000.flexcan: device registered (reg_base=e6ab8000, irq=37)
[    1.381192] 2188000.ethernet supply phy not found, using dummy regulator
[    1.403550] pps pps0: new PPS source ptp0
[    1.408875] libphy: fec_enet_mii_bus: probed
[    1.414963] fec 2188000.ethernet eth0: registered PHC device 0
[    1.421105] PPP generic driver version 2.4.2
[    1.425625] ehci_hcd: USB 2.0 'Enhanced' Host Controller (EHCI) Driver
[    1.432186] ehci-pci: EHCI PCI platform driver
[    1.436740] ehci-mxc: Freescale On-Chip EHCI Host driver
[    1.442275] usbcore: registered new interface driver usb-storage
[    1.448448] usbcore: registered new interface driver usbserial
[    1.454364] usbcore: registered new interface driver usbserial_generic
[    1.460953] usbserial: USB Serial support registered for generic
[    1.467040] usbcore: registered new interface driver ftdi_sio
[    1.472855] usbserial: USB Serial support registered for FTDI USB Serial Device
[    1.480255] usbcore: registered new interface driver option
[    1.485897] usbserial: USB Serial support registered for GSM modem (1-port)
[    1.492925] usbcore: registered new interface driver pl2303
[    1.498570] usbserial: USB Serial support registered for pl2303
[    1.505929] 2184800.usbmisc supply vbus-wakeup not found, using dummy regulator
[    1.525016] ci_hdrc ci_hdrc.1: EHCI Host Controller
[    1.529950] ci_hdrc ci_hdrc.1: new USB bus registered, assigned bus number 1
[    1.553167] ci_hdrc ci_hdrc.1: USB 2.0 started, EHCI 1.00
[    1.559408] hub 1-0:1.0: USB hub found
[    1.563260] hub 1-0:1.0: 1 port detected
[    1.568213] mousedev: PS/2 mouse device common for all mice
[    1.574413] [PENMOUNT] Loading penmount_i2c V1.15.0
[    1.582584] rtc-ds1307 1-0068: rtc core: registered m41t0 as rtc0
[    1.589378] snvs_rtc 20cc000.snvs:snvs-rtc-lp: rtc core: registered 20cc000.snvs:snvs-r as rtc1
[    1.598275] i2c /dev entries driver
[    1.603580] mxc_v4l2_output v4l2_out: V4L2 device registered as video16
[    1.610387] mxc_v4l2_output v4l2_out: V4L2 device registered as video17
[    1.619194] imx2-wdt 20bc000.wdog: timeout 60 sec (nowayout=0)
[    1.625307] usbcore: registered new interface driver btusb
[    1.631021] sdhci: Secure Digital Host Controller Interface driver
[    1.637246] sdhci: Copyright(c) Pierre Ossman
[    1.641631] sdhci-pltfm: SDHCI platform and OF driver helper
[    1.648407] /soc/aips-bus@02100000/usdhc@02190000: voltage-ranges unspecified
[    1.655625] sdhci-esdhc-imx 2190000.usdhc: Got CD GPIO
[    1.662250] sdhci-esdhc-imx 2190000.usdhc: No vqmmc regulator found
[    1.673180] ata1: SATA link down (SStatus 0 SControl 300)
[    1.678649] ahci-imx 2200000.sata: no device found, disabling link.
[    1.684968] ahci-imx 2200000.sata: pass ahci_imx..hotplug=1 to enable hotplug
[    1.713303] mmc1: SDHCI controller on 2190000.usdhc [2190000.usdhc] using ADMA
[    1.724125] /soc/aips-bus@02100000/usdhc@02194000: voltage-ranges unspecified
[    1.736410] sdhci-esdhc-imx 2194000.usdhc: Got CD GPIO
[    1.746047] sdhci-esdhc-imx 2194000.usdhc: No vqmmc regulator found
[    1.803303] mmc2: SDHCI controller on 2194000.usdhc [2194000.usdhc] using ADMA
[    1.811225] /soc/aips-bus@02100000/usdhc@02198000: voltage-ranges unspecified
[    1.817360] mmc1: new high speed SDHC card at address 0001
[    1.817740] mmcblk1: mmc1:0001 00000 7.44 GiB 
[    1.819626]  mmcblk1: p1 p2
[    1.831795] sdhci-esdhc-imx 2198000.usdhc: No vqmmc regulator found
[    1.883172] usb 1-1: new high-speed USB device number 2 using ci_hdrc
[    1.883179] mmc0: SDHCI controller on 2198000.usdhc [2198000.usdhc] using ADMA
[    1.884866] mxc_vpu 2040000.vpu_fsl: VPU initialized
[    1.885461] mxc_vdoa 21e4000.vdoa: i.MX Video Data Order Adapter(VDOA) driver probed
[    1.891576] caam 2100000.caam: Entropy delay = 3200
[    1.952368] caam 2100000.caam: Instantiated RNG4 SH0
[    1.958386] mmc0: MAN_BKOPS_EN bit is not set
[    1.982020] mmc0: new DDR MMC card at address 0001
[    1.987296] mmcblk0: mmc0:0001 Q2J54A 3.59 GiB 
[    1.991991] mmcblk0boot0: mmc0:0001 Q2J54A partition 1 16.0 MiB
[    1.998077] mmcblk0boot1: mmc0:0001 Q2J54A partition 2 16.0 MiB
[    2.013150] caam 2100000.caam: Instantiated RNG4 SH1
[    2.018180] caam 2100000.caam: device ID = 0x0a16010000000000 (Era -524)
[    2.018239]  mmcblk0: p1 p2
[    2.027741] caam 2100000.caam: job rings = 2, qi = 0
[    2.064258] hub 1-1:1.0: USB hub found
[    2.068220] hub 1-1:1.0: 4 ports detected
[    2.118341] caam algorithms registered in /proc/crypto
[    2.127512] caam_jr 2101000.jr0: registering rng-caam
[    2.133547] snvs-secvio 20cc000.caam-snvs: can't get snvs clock
[    2.139556] snvs-secvio 20cc000.caam-snvs: violation handlers armed - non-secure state
[    2.147785] hidraw: raw HID events driver (C) Jiri Kosina
[    2.153448] usbcore: registered new interface driver usbhid
[    2.159044] usbhid: USB HID core driver
[    2.168192] stmpe-adc stmpe-adc: Initialized
[    2.176184] sgtl5000 2-000a: sgtl5000 revision 0x11
[    2.207173] fsl-asrc 2034000.asrc: driver registered
[    2.352438] imx-sgtl5000 sound: sgtl5000 <-> 2028000.ssi mapping ok
[    2.353176] usb 1-1.3: new high-speed USB device number 3 using ci_hdrc
[    2.368097] imx-spdif sound-spdif: snd-soc-dummy-dai <-> 2004000.spdif mapping ok
[    2.378630] imx-audio-hdmi sound-hdmi: hdmi-hifi <-> soc:hdmi_audio@00120000 mapping ok
[    2.387561] Netfilter messages via NETLINK v0.30.
[    2.392318] nfnl_acct: registering with nfnetlink.
[    2.397180] nf_conntrack version 0.5.0 (16384 buckets, 65536 max)
[    2.403844] nf_tables: (c) 2007-2009 Patrick McHardy <kaber@trash.net>
[    2.410787] ip_tables: (C) 2000-2006 Netfilter Core Team
[    2.416791] NET: Registered protocol family 10
[    2.422344] ip6_tables: (C) 2000-2006 Netfilter Core Team
[    2.427830] NET: Registered protocol family 17
[    2.432346] bridge: automatic filtering via arp/ip/ip6tables has been deprecated. Update your scripts to load br_netfilter if you need this.
[    2.445083] Bridge firewalling registered
[    2.449159] can: controller area network core (rev 20120528 abi 9)
[    2.455459] NET: Registered protocol family 29
[    2.459957] can: raw protocol (rev 20120528)
[    2.464278] can: broadcast manager protocol (rev 20120528 t)
[    2.469975] can: netlink gateway (rev 20130117) max_hops=1
[    2.475800] Bluetooth: RFCOMM TTY layer initialized
[    2.480751] Bluetooth: RFCOMM socket layer initialized
[    2.486005] Bluetooth: RFCOMM ver 1.11
[    2.489825] Bluetooth: BNEP (Ethernet Emulation) ver 1.3
[    2.495186] Bluetooth: BNEP filters: protocol multicast
[    2.500492] Bluetooth: BNEP socket layer initialized
[    2.505543] Bluetooth: HIDP (Human Interface Emulation) ver 1.2
[    2.511507] Bluetooth: HIDP socket layer initialized
[    2.516600] 8021q: 802.1Q VLAN Support v1.8
[    2.521216] Key type dns_resolver registered
[    2.527550] Registering SWP/SWPB emulation handler
[    2.533092] registered taskstats version 1
[    2.538212] 1ffc000.pcie supply pcie-bus not found, using dummy regulator
[    2.880431] imx6q-pcie 1ffc000.pcie: phy link never came up
[    2.886076] imx6q-pcie 1ffc000.pcie: failed to initialize host
[    2.892034] imx6q-pcie: probe of 1ffc000.pcie failed with error -22
[    2.902336] rtc-ds1307 1-0068: setting system clock to 2018-01-31 17:09:38 UTC (1517418578)
[    2.920711] usb_otg_vbus: disabling
[    2.924568] ALSA device list:
[    2.927566]   #0: imx6q-apalis-sgtl5000
[    2.931419]   #1: imx-spdif
[    2.934271]   #2: imx-hdmi-soc
[    2.952940] EXT4-fs (mmcblk0p2): mounted filesystem with ordered data mode. Opts: (null)
[    2.961207] VFS: Mounted root (ext4 filesystem) readonly on device 179:10.
[    2.968622] devtmpfs: mounted
[    2.971960] Freeing unused kernel memory: 372K (80a1f000 - 80a7c000)
[    3.102005] random: systemd urandom read with 14 bits of entropy available
[    3.111647] systemd[1]: systemd 229 running in system mode. (-PAM -AUDIT -SELINUX +IMA -APPARMOR +SMACK +SYSVINIT +UTMP -LIBCRYPTSETUP -GCRYPT -GNUTLS +ACL +XZ -LZ4 -SECCOMP +BLKID -ELFUTILS +KMOD -IDN)
[    3.130355] systemd[1]: Detected architecture arm.

Welcome to Boot to Qt for Embedded Linux 2.1.1 (krogoth)!

[    3.173676] systemd[1]: Set hostname to <b2qt-apalis-imx6>.
[    3.401452] systemd[1]: Reached target Remote File Systems.
[  OK  ] Reached target Remote File Systems.
[    3.423363] systemd[1]: Reached target Swap.
[  OK  ] Reached target Swap.
[    3.453488] systemd[1]: Listening on /dev/initctl Compatibility Named Pipe.
[  OK  ] Listening on /dev/initctl Compatibility Named Pipe.
[    3.483445] systemd[1]: Listening on udev Control Socket.
[  OK  ] Listening on udev Control Socket.
[    3.513793] systemd[1]: Listening on Journal Socket.
[  OK  ] Listening on Journal Socket.
[    3.563093] systemd[1]: Created slice User and Session Slice.
[  OK  ] Created slice User and Session Slice.
[    3.583866] systemd[1]: Started Dispatch Password Requests to Console Directory Watch.
[  OK  ] Started Dispatch Password Requests to Console Directory Watch.
[    3.623988] systemd[1]: Created slice System Slice.
[  OK  ] Created slice System Slice.
[    3.658343] systemd[1]: Starting Setup Virtual Console...
         Starting Setup Virtual Console...
[    3.698276] systemd[1]: Starting File System Check on Root Device...
         Starting File System Check on Root Device...
[    3.714887] systemd[1]: Mounting Debug File System...
         Mounting Debug File System...
[    3.734075] systemd[1]: Created slice system-serial\x2dgetty.slice.
[  OK  ] Created slice system-serial\x2dgetty.slice.
[    3.743868] systemd[1]: Starting Create list of required static device nodes for the current kernel...
         [    3.756064] systemd[1]: Listening on Syslog Socket.
Starting Create list of required [    3.761803] systemd[1]: Listening on Journal Socket (/dev/log).
st... nodes for the current kernel...
[  OK  ] Listen[    3.773958] systemd[1]: Starting Journal Service...
ing on Syslog Socket.
[  [    3.781202] systemd[1]: Reached target Slices.
OK  ] Listening on Journal So[    3.789176] systemd[1]: Listening on Network Service Netlink Socket.
cket (/dev/log).
         Starti[    3.798103] systemd[1]: Started Forward Password Requests to Wall Directory Watch.
ng Journal Service...
[  [    3.808303] systemd[1]: Reached target Paths.
OK  ] Reached target Slices.[    3.815652] systemd[1]: Listening on udev Kernel Socket.

[  OK  ] Listening on Network Service Netlink Socket.[    3.827369] systemd[1]: Mounting Temporary Directory...

[  OK  ] Started Forward Password Requests to Wall Directory Watch.
[  OK  ] Reached target Paths.
[  OK  ] Listening on ude[    3.845570] systemd[1]: Starting Load Kernel Modules...
v Kernel Socket.
         Mounting Temporary Directory...
     [    3.858968] systemd[1]: Mounted Debug File System.
    Starting Load Kernel Modules.[    3.864536] systemd[1]: Mounted Temporary Directory.
..
[  OK  ] Mounted D[    3.873344] systemd[1]: Started Setup Virtual Console.
ebug File System.
[  OK  [    3.881717] systemd[1]: Started Create list of required static device nodes for the current kernel.
] Mounted Temporary Directory.
[  OK  ] Started Setup Virtual Console.
[  OK  ] Started Create list of required sta...ce nodes for the current kernel.
[    3.922422] RTL871X: module init start
[    3.926252] RTL871X: rtl8723bu v4.3.6.11_12942.20141204_BTCOEX20140507-4E40
[    3.933268] RTL871X: rtl8723bu BT-Coex version = BTCOEX20140507-4E40
[    3.954299] systemd[1]: Started File System Check on Root Device.
[  OK  ] Started File System Check on Root Device.
[    4.000522] systemd[1]: Started Journal Service.
[  OK  ] Started Journal Service.
         Starting Remount Root and Kernel File Systems...
[    4.248730] RTL871X: rtw_ndev_init(wlan0)
[    4.254150] RTL871X: rtw_ndev_init(wlan1)
[    4.259220] usbcore: registered new interface driver rtl8723bu
[    4.265144] RTL871X: module init ret=0
[    4.444812] EXT4-fs (mmcblk0p2): re-mounted. Opts: (null)
[  OK  ] Started Remount Root and Kernel File Systems.
[    4.471293] Galcore version 5.0.11.41671
         Starting udev Coldplug all Devices...
         Starting Flush Journal to Persistent Storage...
         Starting Create Static Device Nodes in /dev...
[    4.588734] systemd-journald[201]: Received request to flush runtime journal from PID 1
[  OK  ] Started Flush Journal to Persistent Storage.
[  OK  ] Started Create Static Device Nodes in /dev.
         Starting udev Kernel Device Manager...
[  OK  ] Reached target Local File Systems (Pre).
         Mounting /var/volatile...
[  OK  ] Mounted /var/volatile.
[  OK  ] Started udev Kernel Device Manager.
[  OK  ] Reached target Local File Systems.
         Starting Create Volatile Files and Directories...
         Starting Load/Save Random Seed...
[  OK  ] Started Load/Save Random Seed.
[  OK  ] Started Create Volatile Files and Directories.
[  OK  ] Started udev Coldplug all Devices.
         Starting Network Time Synchronization...
         Starting Update UTMP about System Boot/Shutdown...
[  OK  ] Found device /[    5.335276] tty0tty null modem driver v1.2
dev/ttymxc0.
[  OK  ] Started Load Kernel Modules.
[  OK  ] Started Network Time Synchronization.
[  OK  ] Started Update UTMP about System Boot/Shutdown.
[  OK  ] Found device /dev/ttymxc1.
[    5.856510] ERROR: v4l2 capture: slave not found!
[    5.857959] ERROR: v4l2 capture: slave not found!
[    5.866280] ERROR: v4l2 capture: slave not found!
[  OK  ] Listening on Load/Save RF Kill Switch Status /dev/rfkill Watch.
[  OK  ] Reached target Sound Card.
[  OK  ] Reached target System Time Synchronized.
         Mounting FUSE Control File System...
         Mounting Configuration File System...
         Starting Apply Kernel Variables...
[  OK  ] Created slice system-systemd\x2dbacklight.slice.
         Starting Load/Save Screen Backlight...htness of backlight:backlight...
[  OK  ] Mounted Configuration File System.
[  OK  ] Mounted FUSE Control File System.
[  OK  ] Started Apply Kernel Variables.
[  OK  ] Started Load/Save Screen Backlight Brightness of backlight:backlight.
         Starting Load/Save RF Kill Switch Status...
[  OK  ] Reached target System Initialization.
[  OK  ] Listening on D-Bus System Message Bus Socket.
[  OK  ] Started Daily Cleanup of Temporary Directories.
[  OK  ] Reached target Timers.
[  OK  ] Listening on RPCbind Server Activation Socket.
[  OK  ] Listening on dropbear.socket.
[  OK  ] Reached target Sockets.
[  OK  ] Reached target Basic System.
[  OK  ] Started System Logging Service.
[  OK  ] Started Serial Getty on ttymxc0.
[  OK  ] Started Serial Getty on ttymxc1.
[  OK  ] Reached target Login Prompts.
         Starting Save/Restore Sound Card State...
[  OK  ] Started Kernel Logging Service.
[  OK  ] Started B2Qt user application.
[  OK  ] Started D-Bus System Message Bus.
         Starting D-BUS Session Message Bus....
         Starting Network Service...
         Starting Login Service...
[  OK  ] Started Load/Save RF Kill Switch Status.
[  OK  ] Started Save/Restore Sound Card State.
[  OK  ] Started Login Service.
[  OK  ] Started Network Service.
[  OK  ] Reached target Network.
         Starting Network Time Service...
         Starting ADB Server Daemon...
[  OK  ] Started D-BUS Session Message Bus..
[  OK  ] Started Network Time Service.
[    7.101208] file system registered
[  OK  ] Started ADB Se[    7.153218] usb 1-1.1: new high-speed USB device number 4 using ci_hdrc
rver Daemon.
[  OK  ] Reached target Multi-User System.
[  OK  ] Reached target Custom Target.
[    7.202293] read descriptors
[    7.205406] read strings
[    7.208470] g_ffs gadget: g_ffs ready
         Starting Update UTMP about System Runlevel Changes...
         Starting Ujet Identify Service...
[    7.250387] flexcan 2090000.flexcan can0: writing ctrl=0x01232084
[  OK  ] Started Ujet Telemetry Service.
[    7.288619] option 1-1.1:1.0: GSM modem (1-port) converter detected
[    7.297355] usb 1-1.1: GSM modem (1-port) converter now attached to ttyUSB0
[  OK  ] Started Ujet B[    7.305433] option 1-1.1:1.1: GSM modem (1-port) converter detected
le Service.
[    7.324894] usb 1-1.1: GSM modem (1-port) converter now attached to ttyUSB1
[    7.332677] option 1-1.1:1.2: GSM modem (1-port) converter detected
[    7.339484] usb 1-1.1: GSM modem (1-port) converter now attached to ttyUSB2
[    7.347374] option 1-1.1:1.3: GSM modem (1-port) converter detected
[    7.354485] usb 1-1.1: GSM modem (1-port) converter now attached to ttyUSB3
[    7.362500] option 1-1.1:1.4: GSM modem (1-port) converter detected
[    7.369545] usb 1-1.1: GSM modem (1-port) converter now attached to ttyUSB4
[  OK  ] Started Ujet Bluetooth Audio Service.
[  OK  ] Started Ujet HTTPD Service.
[  OK  ] Started Ujet Cloud Service.
[  OK  ] Stopped Bluetooth service.
[  OK  ] Started Update UTMP about System Runlevel Changes.
[    8.451515] mxc_sdc_fb fb@0: 1920x1080 h_sync,r,l: 44,88,148  v_sync,l,u: 5,4,36 pixclock=148500000 Hz
[    9.254566] random: nonblocking pool is initialized

Boot to Qt for Embedded Linux 2.1.1 b2qt-apalis-imx6 ttymxc0

b2qt-apalis-imx6 login: 
Boot to Qt for Embedded Linux 2.1.1 b2qt-apalis-imx6 ttymxc0

b2qt-apalis-imx6 login: 
Boot to Qt for Embedded Linux 2.1.1 b2qt-apalis-imx6 ttymxc0

b2qt-apalis-imx6 login: 
Boot to Qt for Embedded Linux 2.1.1 b2qt-apalis-imx6 ttymxc0

b2qt-apalis-imx6 login: 
Boot to Qt for Embedded Linux 2.1.1 b2qt-apalis-imx6 ttymxc0

b2qt-apalis-imx6 login: root[   14.224943] ci_hdrc ci_hdrc.0: Device No Response

root@b2qt-apalis-imx6:~# 
root@b2qt-apalis-imx6:~# 
root@b2qt-apalis-imx6:~# 
root@b2qt-apalis-imx6:~# cd /
root@b2qt-apalis-imx6:/# reboot
[  OK  ] Stopped target Remote File Systems.
[  OK  ] Closed Load/Save RF Kill Switch Status /dev/rfkill Watch.
         Stopping Ujet HTTPD Service...
[  OK  ] Stopped target Sound Card.
         Stopping Ujet Ble Service...
[  OK  ] Stopped target Custom Target.
         Stopping Ujet Telemetry Service...
         Stopping Save/Restore Sound Card State...
         Stopping Ujet Bluetooth Audio Service...
[  OK  ] Stopped target Timers.
         Stopping Ujet Cloud Service...
[  OK  ] Stopped target System Time Synchronized.
[  OK  ] Stopped Daily Cleanup of Temporary Directories.
[  OK  ] Stopped Ujet Identify Service.
[  OK  ] Stopped Ujet Telemetry Service.
[  OK  ] Stopped Ujet Ble Service.
[  OK  ] Stopped Ujet Bluetooth Audio Service.
[  OK  ] Stopped Ujet HTTPD Service.
[  OK  ] Stopped Ujet Cloud Service.
[  OK  ] Stopped Save/Restore Sound Card State.
[  OK  ] Stopped target Multi-User System.
         Stopping Kernel Logging Service...
                  Stopping ADB Server Daemon...
         Stopping Network Time Service...
         Stopping B2Qt user application...
[   19.063914] mxc_sdc_fb fb@0: 1920x1080 h_sync,r,l: 44,88,148  v_sync,l,u: 5,4,36 pixclock=148500000 Hz
[  OK  ] Stopped System Logging Service.
[  OK  ] Stopped Serial Getty on ttymxc0.
[  OK  ] Stopped Serial Getty on ttymxc1.
[  OK  ] Stopped Kernel Logging Service.
[  OK  ] Stopped B2Qt user application.
[  OK  ] Stopped Login Service.
[  OK  ] Stopped Network Time Service.
[  OK  ] Stopped D-BUS Session Message Bus..
[  OK  ] Removed slice system-serial\x2dgetty.slice.
[  OK  ] Unmounted /dev/usb-ffs/adb.
[   20.123317] ffs_data_put(): freeing
[   20.137534] unloading
[  OK  ] Stopped ADB Server Daemon.
[  OK  ] Stopped target Network.
         Stopping Network Service...
[  OK  ] Stopped Network Service.
         Stopping D-Bus System Message Bus...
[  OK  ] Stopped D-Bus System Message Bus.
[  OK  ] Stopped target Basic System.
[  OK  ] Stopped target Slices.
[  OK  ] Removed slice User and Session Slice.
[  OK  ] Stopped target Paths.
[  OK  ] Stopped Forward Password Requests to Wall Directory Watch.
[  OK  ] Stopped Dispatch Password Requests to Console Directory Watch.
[  OK  ] Stopped target Sockets.
[  OK  ] Closed Syslog Socket.
[  OK  ] Closed RPCbind Server Activation Socket.
[  OK  ] Closed dropbear.socket.
[  OK  ] Closed D-Bus System Message Bus Socket.
[  OK  ] Stopped target System Initialization.
[  OK  ] Stopped Setup Virtual Console.
         Stopping Load/Save Screen Backlight...htness of backlight:backlight...
[  OK  ] Stopped Apply Kernel Variables.
[  OK  ] Stopped Load Kernel Modules.
         Stopping Update UTMP about System Boot/Shutdown...
[  OK  ] Stopped target Swap.
         Stopping Network Time Synchronization...
         Stopping Load/Save Random Seed...
[  OK  ] Stopped Network Time Synchronization.
[  OK  ] Stopped Load/Save Screen Backlight Brightness of backlight:backlight.
[  OK  ] Stopped Load/Save Random Seed.
[  OK  ] Stopped Update UTMP about System Boot/Shutdown.
[  OK  ] Removed slice system-systemd\x2dbacklight.slice.
[  OK  ] Stopped Create Volatile Files and Directories.
[  OK  ] Stopped target Local File Systems.
         Unmounting /var/volatile...
         Unmounting Temporary Directory...
[  OK  ] Unmounted /var/volatile.
[  OK  ] Unmounted Temporary Directory.
[  OK  ] Reached target Unmount All Filesystems.
[  OK  ] Stopped target Local File Systems (Pre).
[  OK  ] Stopped Create Static Device Nodes in /dev.
[  OK  ] Stopped Remount Root and Kernel File Systems.
[  OK  ] Reached target Shutdown.
[  OK  ] Reached target Final Step.
         Starting Reboot...
[   21.597721] systemd-shutdown[1]: Sending SIGTERM to remaining processes...
[   21.619803] systemd-journald[201]: Received SIGTERM from PID 1 (systemd-shutdow).
[   21.653695] systemd-shutdown[1]: Sending SIGKILL to remaining processes...
[   21.673710] systemd-shutdown[1]: Hardware watchdog 'imx2+ watchdog', version 0
[   21.681807] systemd-shutdown[1]: Unmounting file systems.
[   21.687767] systemd-shutdown[1]: Remounting '/' read-only with options 'data=ordered'.
[   21.753544] EXT4-fs (mmcblk0p2): re-mounted. Opts: data=ordered
[   21.764781] systemd-shutdown[1]: Remounting '/' read-only with options 'data=ordered'.
[   21.772837] EXT4-fs (mmcblk0p2): re-mounted. Opts: data=ordered
[   21.778822] systemd-shutdown[1]: All filesystems unmounted.
[   21.784462] systemd-shutdown[1]: Deactivating swaps.
[   21.789600] systemd-shutdown[1]: All swaps deactivated.
[   21.794881] systemd-shutdown[1]: Detaching loop devices.
