
Boot to Qt for Embedded Linux 2.1.1 b2qt-apalis-imx6 ttymxc0

b2qt-apalis-imx6 login: 
Boot to Qt for Embedded Linux 2.1.1 b2qt-apalis-imx6 ttymxc0

b2qt-apalis-imx6 login: 
Boot to Qt for Embedded Linux 2.1.1 b2qt-apalis-imx6 ttymxc0

b2qt-apalis-imx6 login: 
Boot to Qt for Embedded Linux 2.1.1 b2qt-apalis-imx6 ttymxc0

b2qt-apalis-imx6 login: 
Boot to Qt for Embedded Linux 2.1.1 b2qt-apalis-imx6 ttymxc0

b2qt-apalis-imx6 login: root
root@b2qt-apalis-imx6:~# reboot
[  OK  ] Stopped target Custom Target.
[  OK  ] Closed Load/Save RF Kill Switch Status /dev/rfkill Watch.
         Stopping Save/Restore Sound Card State...
         Stopping Ujet HTTPD Service...
[  OK  ] Stopped target Sound Card.
[  OK  ] Stopped target Timers.
[  OK  ] Stopped Daily Cleanup of Temporary Directories.
[  OK  ] Stopped target Remote File Systems.
         Stopping Ujet Bluetooth Audio Service...
         Stopping Ujet Telemetry Service...
         Stopping Ujet Ble Service...
         Stopping Ujet Cloud Service...
[  OK  ] Stopped target System Time Synchronized.
[  OK  ] Stopped Ujet Ble Service.
[  OK  ] Stopped Ujet Bluetooth Audio Service.
[  OK  ] Stopped Ujet Telemetry Service.
[  OK  ] Stopped Ujet Identify Service.
[  OK  ] Stopped Ujet HTTPD Service.
[  OK  ] Stopped Ujet Cloud Service.
[  OK  ] Stopped Save/Restore Sound Card State.
[  OK  ] Stopped target Multi-User System.
         Stopping Login Service...
         Stopping D-BUS Session Messaç         Stopping Kernel Logging Service...
         Stopping System Logging Service...
         Stopping B2Qt user application...
         Stopping Network Time Service...
[   40.750673] mxc_sdc_fb fb@0: 800x480 h_sync,r,l: 72,24,96  v_sync,l,u: 7,3,10 pixclock=29500000 Hz
[  OK  ] Stopped Serial Getty on ttymxc0.
[  OK  ] Stopped Login Service.
[  OK  ] Stopped Serial Getty on ttymxc1.
[  OK  ] Stopped System Logging Service.
[  OK  ] Stopped Kernel Logging Service.
[  OK  ] Stopped Network Time Service.
[  OK  ] Stopped D-BUS Session Message Bus..
[  OK  ] Stopped B2Qt user application.
[  OK  ] Removed slice system-serial\x2dgetty.slice.
[  OK  ] Unmounted /dev/usb-ffs/adb.
[   41.773306] ffs_data_put(): freeing
[   41.787408] unloading
[  OK  ] Stopped ADB Server Daemon.
[  OK  ] Stopped target Network.
         Stopping Network Service...
[  OK  ] Stopped Network Service.
         Stopping D-Bus System Message Bus...
[  OK  ] Stopped D-Bus System Message Bus.
[  OK  ] Stopped target Basic System.
[  OK  ] Stopped target Sockets.
[  OK  ] Closed dropbear.socket.
[  OK  ] Closed RPCbind Server Activation Socket.
[  OK  ] Closed Syslog Socket.
[  OK  ] Stopped target Slices.
[  OK  ] Removed slice User and Session Slice.
[  OK  ] Stopped target Paths.
[  OK  ] Stopped Dispatch Password Requests to Console Directory Watch.
[  OK  ] Stopped Forward Password Requests to Wall Directory Watch.
[  OK  ] Closed D-Bus System Message Bus Socket.
[  OK  ] Stopped target System Initialization.
         Stopping Network Time Synchronization...
[  OK  ] Stopped Setup Virtual Console.
         Stopping Update UTMP about System Boot/Shutdown...
         Stopping Load/Save Screen Backlight...htness of backlight:backlight...
[  OK  ] Stopped Apply Kernel Variables.
[  OK  ] Stopped Load Kernel Modules.
[  OK  ] Stopped target Swap.
         Stopping Load/Save Random Seed...
[  OK  ] Stopped Network Time Synchronization.
[  OK  ] Stopped Load/Save Screen Backlight Brightness of backlight:backlight.
[  OK  ] Stopped Load/Save Random Seed.
[  OK  ] Stopped Update UTMP about System Boot/Shutdown.
[  OK  ] Removed slice system-systemd\x2dbacklight.slice.
[  OK  ] Stopped Create Volatile Files and Directories.
[  OK  ] Stopped target Local File Systems.
         Unmounting /var/volatile...
         Unmounting Temporary Directory...
[  OK  ] Unmounted /var/volatile.
[  OK  ] Unmounted Temporary Directory.
[  OK  ] Reached target Unmount All Filesystems.
[  OK  ] Stopped target Local File Systems (Pre).
[  OK  ] Stopped Remount Root and Kernel File Systems.
[  OK  ] Stopped Create Static Device Nodes in /dev.
[  OK  ] Reached target Shutdown.
[  OK  ] Reached target Final Step.
         Starting Reboot...
[   43.257789] systemd-shutdown[1]: Sending SIGTERM to remaining processes...
[   43.280061] systemd-journald[194]: Received SIGTERM from PID 1 (systemd-shutdow).
[   43.313678] systemd-shutdown[1]: Sending SIGKILL to remaining processes...
[   43.333960] systemd-shutdown[1]: Hardware watchdog 'imx2+ watchdog', version 0
[   43.342048] systemd-shutdown[1]: Unmounting file systems.
[   43.348129] systemd-shutdown[1]: Remounting '/' read-only with options 'data=ordered'.
[   43.452114] EXT4-fs (mmcblk0p2): re-mounted. Opts: data=ordered
[   43.466854] systemd-shutdown[1]: Remounting '/' read-only with options 'data=ordered'.
[   43.474971] EXT4-fs (mmcblk0p2): re-mounted. Opts: data=ordered
[   43.480942] systemd-shutdown[1]: All filesystems unmounted.
[   43.486577] systemd-shutdown[1]: Deactivating swaps.
[   43.491715] systemd-shutdown[1]: All swaps deactivated.
[   43.497008] systemd-shutdown[1]: Detaching loop devices.
[   43.507686] systemd-shutdown[1]: All loop devices detached.
[   43.513430] systemd-shutdown[1]: Detaching DM devices.
[   43.518954] systemd-shutdown[1]: All DM devices detached.
[   43.530303] systemd-shutdown[1]: Rebooting.
[   46.104269] imx2-wdt 20bc000.wdog: Device shutdown: Expect reboot!
[   46.110727] reboot: Restarting system


U-Boot 2016.11+fslc+g80c3bd6 (Jan 02 2018 - 11:32:06 +0100)

CPU:   Freescale i.MX6Q rev1.5 at 792 MHz
Reset cause: WDOG
I2C:   ready
DRAM:  2 GiB
PMIC:  device id: 0x10, revision id: 0x21, programmed
k5:   FSL_SDHC: 0, FSL_SDHC: 1, FSL_SDHC: 2
auto-detected panel vga-rgb
Display: vga-rgb (640x480)
In:    serial
Out:   serial
Err:   serial
Model: Toradex Apalis iMX6 Quad 2GB IT V1.1C, Serial# 05139699
Net:   using PHY at 7
FEC [PRIME]
Hit any key to stop autoboot:  1  0 
Booting from internal eMMC chip...
reading imx6q-apalis-eval.dtb
49405 bytes read in 18 ms (2.6 MiB/s)
reading uImage
5943928 bytes read in 172 ms (33 MiB/s)
## Booting kernel from Legacy Image at 11000000 ...
   Image Name:   Linux-4.1.41-v2.7b1+g82f0f4f
   Image Type:   ARM Linux Kernel Image (uncompressed)
   Data Size:    5943864 Bytes = 5.7 MiB
   Load Address: 10008000
   Entry Point:  10008000
   Verifying Checksum ... OK
## Flattened Device Tree blob at 12000000
   Booting using the fdt blob at 0x12000000
   Loading Kernel Image ... OK
   Using Device Tree in place at 12000000, end 1200f0fc

Starting kernel ...

[    0.000000] Booting Linux on physical CPU 0x0
[    0.000000] Initializing cgroup subsys cpu
[    0.000000] Initializing cgroup subsys cpuacct
[    0.000000] Linux version 4.1.41-v2.7b1+g82f0f4f (behlingc@mplan-ubuntu-1610-dev) (gcc version 5.3.0 (GCC) ) #1 SMP Wed Jan 31 17:39:36 CET 2018
[    0.000000] CPU: ARMv7 Processor [412fc09a] revision 10 (ARMv7), cr=10c5387d
[    0.000000] CPU: PIPT / VIPT nonaliasing data cache, VIPT aliasing instruction cache
[    0.000000] Machine model: Toradex Apalis iMX6Q/D Module on Apalis Evaluation Board
[    0.000000] Reserved memory: created CMA memory pool at 0x62000000, size 320 MiB
[    0.000000] Reserved memory: initialized node linux,cma, compatible id shared-dma-pool
[    0.000000] Memory policy: Data cache writealloc
[    0.000000] PERCPU: Embedded 12 pages/cpu @d0efc000 s16908 r8192 d24052 u49152
[    0.000000] Built 1 zonelists in Zone order, mobility grouping on.  Total pages: 521024
[    0.000000] Kernel command line: vmalloc=400M user_debug=30 ip=off root=/dev/mmcblk0p2 ro rootfstype=ext4 rootwait fec_mac=00:14:2d:4e:6c:f3 consoleblank=0 no_console_suspend=1 console=tty1 console=ttymxc0,115200n8 mxc_hdmi.only_cea=1 video=mxcfb1:dev=hdmi,1920x1080M@60,if=RGB24 video=mxcfb0:dev=ldb,800x480M@60,if=RGB666 video=mxcfb2:off video=mxcfb3:off fbmem=32M
[    0.000000] PID hash table entries: 4096 (order: 2, 16384 bytes)
[    0.000000] Dentry cache hash table entries: 262144 (order: 8, 1048576 bytes)
[    0.000000] Inode-cache hash table entries: 131072 (order: 7, 524288 bytes)
[    0.000000] Memory: 1738968K/2097152K available (7679K kernel code, 330K rwdata, 2648K rodata, 372K init, 423K bss, 30504K reserved, 327680K cma-reserved, 425984K highmem)
[    0.000000] Virtual kernel memory layout:
[    0.000000]     vector  : 0xffff0000 - 0xffff1000   (   4 kB)
[    0.000000]     fixmap  : 0xffc00000 - 0xfff00000   (3072 kB)
[    0.000000]     vmalloc : 0xe6800000 - 0xff000000   ( 392 MB)
[    0.000000]     lowmem  : 0x80000000 - 0xe6000000   (1632 MB)
[    0.000000]     pkmap   : 0x7fe00000 - 0x80000000   (   2 MB)
[    0.000000]     modules : 0x7f000000 - 0x7fe00000   (  14 MB)
[    0.000000]       .text : 0x80008000 - 0x80a1e0a4   (10329 kB)
[    0.000000]       .init : 0x80a1f000 - 0x80a7c000   ( 372 kB)
[    0.000000]       .data : 0x80a7c000 - 0x80ace8c0   ( 331 kB)
[    0.000000]        .bss : 0x80ad1000 - 0x80b3ae1c   ( 424 kB)
[    0.000000] SLUB: HWalign=64, Order=0-3, MinObjects=0, CPUs=4, Nodes=1
[    0.000000] Hierarchical RCU implementation.
[    0.000000] NR_IRQS:16 nr_irqs:16 16
[    0.000000] L2C-310 erratum 769419 enabled
[    0.000000] L2C-310 enabling early BRESP for Cortex-A9
[    0.000000] L2C-310 full line of zeros enabled for Cortex-A9
[    0.000000] L2C-310 ID prefetch enabled, offset 16 lines
[    0.000000] L2C-310 dynamic clock gating enabled, standby mode enabled
[    0.000000] L2C-310 cache controller enabled, 16 ways, 1024 kB
[    0.000000] L2C-310: CACHE_ID 0x410000c7, AUX_CTRL 0x76470001
[    0.000000] mxc_clocksource_init 3000000
[    0.000000] Switching to timer-based delay loop, resolution 333ns
[    0.000006] sched_clock: 32 bits at 3000kHz, resolution 333ns, wraps every 715827882841ns
[    0.000023] clocksource mxc_timer1: mask: 0xffffffff max_cycles: 0xffffffff, max_idle_ns: 637086815595 ns
[    0.001248] Console: colour dummy device 80x30
[    0.001871] console [tty1] enabled
[    0.001899] Calibrating delay loop (skipped), value calculated using timer frequency.. 6.00 BogoMIPS (lpj=30000)
[    0.001941] pid_max: default: 32768 minimum: 301
[    0.002054] Mount-cache hash table entries: 4096 (order: 2, 16384 bytes)
[    0.002084] Mountpoint-cache hash table entries: 4096 (order: 2, 16384 bytes)
[    0.002670] Initializing cgroup subsys freezer
[    0.002710] Initializing cgroup subsys debug
[    0.002764] CPU: Testing write buffer coherency: ok
[    0.003037] Setting up static identity map for 0x10008280 - 0x100082d8
[    0.006330] Brought up 4 CPUs
[    0.006367] SMP: Total of 4 processors activated (24.00 BogoMIPS).
[    0.006391] CPU: All CPU(s) started in SVC mode.
[    0.006882] devtmpfs: initialized
[    0.019544] VFP support v0.3: implementor 41 architecture 3 part 30 variant 9 rev 4
[    0.019979] clocksource jiffies: mask: 0xffffffff max_cycles: 0xffffffff, max_idle_ns: 19112604462750000 ns
[    0.020039] futex hash table entries: 1024 (order: 4, 65536 bytes)
[    0.040115] pinctrl core: initialized pinctrl subsystem
[    0.041397] NET: Registered protocol family 16
[    0.049659] DMA: preallocated 256 KiB pool for atomic coherent allocations
[    0.079652] cpuidle: using governor ladder
[    0.109648] cpuidle: using governor menu
[    0.110029] CPU identified as i.MX6Q, silicon rev 1.5
[    0.135236] hw-breakpoint: found 5 (+1 reserved) breakpoint and 1 watchpoint registers.
[    0.135284] hw-breakpoint: maximum watchpoint size is 4 bytes.
[    0.136399] imx6q-pinctrl 20e0000.iomuxc: initialized IMX pinctrl driver
[    0.138398] imx-gpc 20dc000.gpc: no fsl,ldo-bypass found!
[    0.148661] mxs-dma 110000.dma-apbh: initialized
[    0.151195] usb_host_vbus: supplied by usb_host_vbus_hub
[    0.151551] vgaarb: loaded
[    0.152367] SCSI subsystem initialized
[    0.152875] usbcore: registered new interface driver usbfs
[    0.152960] usbcore: registered new interface driver hub
[    0.153070] usbcore: registered new device driver usb
[    0.153305] 2000000.aips-bus:usbphy_nop1 supply vcc not found, using dummy regulator
[    0.153485] 2000000.aips-bus:usbphy_nop2 supply vcc not found, using dummy regulator
[    0.154270] i2c-gpio i2c@0: using pins 80 (SDA) and 62 (SCL)
[    0.155243] i2c i2c-1: IMX I2C adapter registered
[    0.155282] i2c i2c-1: can't use DMA
[    0.156860] stmpe-i2c 2-0041: stmpe811 detected, chip id: 0x811
[    0.158785] i2c i2c-2: IMX I2C adapter registered
[    0.158821] i2c i2c-2: can't use DMA
[    0.159509] i2c i2c-3: IMX I2C adapter registered
[    0.159546] i2c i2c-3: can't use DMA
[    0.159741] Linux video capture interface: v2.00
[    0.159815] pps_core: LinuxPPS API ver. 1 registered
[    0.159839] pps_core: Software ver. 5.3.6 - Copyright 2005-2007 Rodolfo Giometti <giometti@linux.it>
[    0.159892] PTP clock support registered
[    0.179698] imx-ipuv3 2400000.ipu: IPU DMFC NORMAL mode: 1(0~1), 5B(4,5), 5F(6,7)
[    0.199691] imx-ipuv3 2800000.ipu: IPU DMFC NORMAL mode: 1(0~1), 5B(4,5), 5F(6,7)
[    0.200637] mxc_mipi_csi2 21dc000.mipi_csi: i.MX MIPI CSI2 driver probed ipu0 csi1
[    0.200684] mxc_mipi_csi2 21dc000.mipi_csi: i.MX MIPI CSI2 dphy version is 0x3130302a
[    0.200804] MIPI CSI2 driver module loaded
[    0.201097] Advanced Linux Sound Architecture Driver Initialized.
[    0.202347] Bluetooth: Core ver 2.20
[    0.202410] NET: Registered protocol family 31
[    0.202433] Bluetooth: HCI device and connection manager initialized
[    0.202462] Bluetooth: HCI socket layer initialized
[    0.202490] Bluetooth: L2CAP socket layer initialized
[    0.202533] Bluetooth: SCO socket layer initialized
[    0.203115] Switched to clocksource mxc_timer1
[    0.213887] NET: Registered protocol family 2
[    0.214659] TCP established hash table entries: 16384 (order: 4, 65536 bytes)
[    0.214832] TCP bind hash table entries: 16384 (order: 5, 131072 bytes)
[    0.215093] TCP: Hash tables configured (established 16384 bind 16384)
[    0.215195] UDP hash table entries: 1024 (order: 3, 32768 bytes)
[    0.215289] UDP-Lite hash table entries: 1024 (order: 3, 32768 bytes)
[    0.215561] NET: Registered protocol family 1
[    0.215898] RPC: Registered named UNIX socket transport module.
[    0.215928] RPC: Registered udp transport module.
[    0.215948] RPC: Registered tcp transport module.
[    0.215968] RPC: Registered tcp NFSv4.1 backchannel transport module.
[    0.216749] CPU PMU: Failed to parse /soc/pmu/interrupt-affinity[0]
[    0.216818] hw perfevents: enabled with armv7_cortex_a9 PMU driver, 7 counters available
[    0.217891] imx rpmsg driver is registered.
[    0.218952] Bus freq driver module loaded
[    0.226002] VFS: Disk quotas dquot_6.6.0
[    0.226194] VFS: Dquot-cache hash table entries: 1024 (order 0, 4096 bytes)
[    0.227253] squashfs: version 4.0 (2009/01/31) Phillip Lougher
[    0.228045] NFS: Registering the id_resolver key type
[    0.228102] Key type id_resolver registered
[    0.228127] Key type id_legacy registered
[    0.228170] nfs4filelayout_init: NFSv4 File Layout Driver Registering...
[    0.228688] ntfs: driver 2.1.32 [Flags: R/W].
[    0.229149] fuse init (API version 7.23)
[    0.233310] bounce: pool size: 64 pages
[    0.233354] io scheduler noop registered
[    0.233381] io scheduler deadline registered
[    0.233567] io scheduler cfq registered (default)
[    0.236376] backlight supply power not found, using dummy regulator
[    0.238010] MIPI DSI driver module loaded
[    0.239409] 20e0000.hdmi_video supply HDMI not found, using dummy regulator
[    0.241351] fbcvt: 800x480@60: CVT Name - .384M9
[    0.241399] mxc_sdc_fb fb@0: registered mxc display driver ldb
[    0.245508] mxc_sdc_fb fb@0: 800x480 h_sync,r,l: 72,24,96  v_sync,l,u: 7,3,10 pixclock=29500000 Hz
[    0.266833] mxc_hdmi 20e0000.hdmi_video: Detected HDMI controller 0x13:0xa:0xa0:0xc1
[    0.266892] fbcvt: 1920x1080@60: CVT Name - 2.073M9
[    0.267014] mxc_sdc_fb fb@1: registered mxc display driver hdmi
[    0.282263] mxc_sdc_fb fb@1: 1920x1080 h_sync,r,l: 44,88,148  v_sync,l,u: 5,4,36 pixclock=148500000 Hz
[    0.293198] imx-ipuv3 2400000.ipu: IPU DMFC DP HIGH RESOLUTION: 1(0,1), 5B(2~5), 5F(6,7)
[    0.296877] mxc_sdc_fb fb@2: mxcfb2 is turned off!
[    0.296971] mxc_sdc_fb fb@3: mxcfb3 is turned off!
[    0.298517] imx-sdma 20ec000.sdma: no iram assigned, using external mem
[    0.298943] imx-sdma 20ec000.sdma: no event needs to be remapped
[    0.299245] imx-sdma 20ec000.sdma: loaded firmware 3.3
[    0.301865] imx-sdma 20ec000.sdma: initialized
[    0.303586] pfuze100-regulator 2-0008: Full layer: 2, Metal layer: 1
[    0.304218] pfuze100-regulator 2-0008: FAB: 0, FIN: 0
[    0.304246] pfuze100-regulator 2-0008: pfuze100 found.
[    0.318756] 2020000.serial: ttymxc0 at MMIO 0x2020000 (irq = 27, base_baud = 5000000) is a IMX
[    1.223858] console [ttymxc0] enabled
[    1.228424] 21e8000.serial: ttymxc1 at MMIO 0x21e8000 (irq = 303, base_baud = 5000000) is a IMX
[    1.237690] 21f0000.serial: ttymxc3 at MMIO 0x21f0000 (irq = 304, base_baud = 5000000) is a IMX
[    1.246932] 21f4000.serial: ttymxc4 at MMIO 0x21f4000 (irq = 305, base_baud = 5000000) is a IMX
[    1.257725] [drm] Initialized drm 1.1.0 20060810
[    1.262818] [drm] Initialized vivante 1.0.0 20120216 on minor 0
[    1.276911] brd: module loaded
[    1.285059] loop: module loaded
[    1.289524] ahci-imx 2200000.sata: fsl,transmit-level-mV not specified, using 00000024
[    1.297527] ahci-imx 2200000.sata: fsl,transmit-boost-mdB not specified, using 00000480
[    1.305589] ahci-imx 2200000.sata: fsl,transmit-atten-16ths not specified, using 00002000
[    1.313817] ahci-imx 2200000.sata: fsl,receive-eq-mdB not specified, using 05000000
[    1.324989] ahci-imx 2200000.sata: SSS flag set, parallel bus scan disabled
[    1.332009] ahci-imx 2200000.sata: AHCI 0001.0300 32 slots 1 ports 3 Gbps 0x1 impl platform mode
[    1.340867] ahci-imx 2200000.sata: flags: ncq sntf stag pm led clo only pmp pio slum part ccc apst 
[    1.351397] scsi host0: ahci-imx
[    1.354988] ata1: SATA max UDMA/133 mmio [mem 0x02200000-0x02203fff] port 0x100 irq 315
[    1.366454] spi_imx 2008000.ecspi: probed
[    1.371345] spi_imx 200c000.ecspi: probed
[    1.376345] vcan: Virtual CAN interface driver
[    1.380824] CAN device driver interface
[    1.384945] 2090000.flexcan supply xceiver not found, using dummy regulator
[    1.392708] flexcan 2090000.flexcan: device registered (reg_base=e6ab0000, irq=36)
[    1.400472] 2094000.flexcan supply xceiver not found, using dummy regulator
[    1.408180] flexcan 2094000.flexcan: device registered (reg_base=e6ab8000, irq=37)
[    1.416945] 2188000.ethernet supply phy not found, using dummy regulator
[    1.443558] pps pps0: new PPS source ptp0
[    1.448830] libphy: fec_enet_mii_bus: probed
[    1.454855] fec 2188000.ethernet eth0: registered PHC device 0
[    1.460987] PPP generic driver version 2.4.2
[    1.465507] ehci_hcd: USB 2.0 'Enhanced' Host Controller (EHCI) Driver
[    1.472067] ehci-pci: EHCI PCI platform driver
[    1.476625] ehci-mxc: Freescale On-Chip EHCI Host driver
[    1.482156] usbcore: registered new interface driver usb-storage
[    1.488328] usbcore: registered new interface driver usbserial
[    1.494245] usbcore: registered new interface driver usbserial_generic
[    1.500831] usbserial: USB Serial support registered for generic
[    1.506930] usbcore: registered new interface driver ftdi_sio
[    1.512733] usbserial: USB Serial support registered for FTDI USB Serial Device
[    1.520130] usbcore: registered new interface driver option
[    1.525778] usbserial: USB Serial support registered for GSM modem (1-port)
[    1.532807] usbcore: registered new interface driver pl2303
[    1.538455] usbserial: USB Serial support registered for pl2303
[    1.545824] 2184800.usbmisc supply vbus-wakeup not found, using dummy regulator
[    1.563909] ci_hdrc ci_hdrc.1: EHCI Host Controller
[    1.568845] ci_hdrc ci_hdrc.1: new USB bus registered, assigned bus number 1
[    1.593166] ci_hdrc ci_hdrc.1: USB 2.0 started, EHCI 1.00
[    1.599401] hub 1-0:1.0: USB hub found
[    1.603247] hub 1-0:1.0: 1 port detected
[    1.608192] mousedev: PS/2 mouse device common for all mice
[    1.614384] [PENMOUNT] Loading penmount_i2c V1.15.0
[    1.622569] rtc-ds1307 1-0068: rtc core: registered m41t0 as rtc0
[    1.629319] snvs_rtc 20cc000.snvs:snvs-rtc-lp: rtc core: registered 20cc000.snvs:snvs-r as rtc1
[    1.638233] i2c /dev entries driver
[    1.643534] mxc_v4l2_output v4l2_out: V4L2 device registered as video16
[    1.650338] mxc_v4l2_output v4l2_out: V4L2 device registered as video17
[    1.657173] mxc_v4l2_output v4l2_out: V4L2 device registered as video18
[    1.663985] mxc_v4l2_output v4l2_out: V4L2 device registered as video19
[    1.672771] imx2-wdt 20bc000.wdog: timeout 60 sec (nowayout=0)
[    1.678917] usbcore: registered new interface driver btusb
[    1.684654] sdhci: Secure Digital Host Controller Interface driver
[    1.690861] sdhci: Copyright(c) Pierre Ossman
[    1.695285] sdhci-pltfm: SDHCI platform and OF driver helper
[    1.702042] /soc/aips-bus@02100000/usdhc@02190000: voltage-ranges unspecified
[    1.709257] sdhci-esdhc-imx 2190000.usdhc: Got CD GPIO
[    1.714471] ata1: SATA link down (SStatus 0 SControl 300)
[    1.719928] ahci-imx 2200000.sata: no device found, disabling link.
[    1.726245] ahci-imx 2200000.sata: pass ahci_imx..hotplug=1 to enable hotplug
[    1.733727] sdhci-esdhc-imx 2190000.usdhc: No vqmmc regulator found
[    1.783266] mmc1: SDHCI controller on 2190000.usdhc [2190000.usdhc] using ADMA
[    1.790968] /soc/aips-bus@02100000/usdhc@02194000: voltage-ranges unspecified
[    1.798183] sdhci-esdhc-imx 2194000.usdhc: Got CD GPIO
[    1.804822] sdhci-esdhc-imx 2194000.usdhc: No vqmmc regulator found
[    1.837252] mmc1: new high speed SDHC card at address 0001
[    1.843150] mmcblk1: mmc1:0001 00000 7.44 GiB 
[    1.849209]  mmcblk1: p1 p2
[    1.853278] mmc2: SDHCI controller on 2194000.usdhc [2194000.usdhc] using ADMA
[    1.861231] /soc/aips-bus@02100000/usdhc@02198000: voltage-ranges unspecified
[    1.868894] sdhci-esdhc-imx 2198000.usdhc: No vqmmc regulator found
[    1.913141] mmc0: SDHCI controller on 2198000.usdhc [2198000.usdhc] using ADMA
[    1.922053] mxc_vpu 2040000.vpu_fsl: VPU initialized
[    1.925171] usb 1-1: new high-speed USB device number 2 using ci_hdrc
[    1.934149] mxc_vdoa 21e4000.vdoa: i.MX Video Data Order Adapter(VDOA) driver probed
[    1.944009] caam 2100000.caam: Entropy delay = 3200
[    1.988370] mmc0: MAN_BKOPS_EN bit is not set
[    2.009714] caam 2100000.caam: Instantiated RNG4 SH0
[    2.012041] mmc0: new DDR MMC card at address 0001
[    2.012418] mmcblk0: mmc0:0001 Q2J54A 3.59 GiB 
[    2.012550] mmcblk0boot0: mmc0:0001 Q2J54A partition 1 16.0 MiB
[    2.012668] mmcblk0boot1: mmc0:0001 Q2J54A partition 2 16.0 MiB
[    2.015605]  mmcblk0: p1 p2
[    2.070477] caam 2100000.caam: Instantiated RNG4 SH1
[    2.075488] caam 2100000.caam: device ID = 0x0a16010000000000 (Era -524)
[    2.082214] caam 2100000.caam: job rings = 2, qi = 0
[    2.084249] hub 1-1:1.0: USB hub found
[    2.084333] hub 1-1:1.0: 4 ports detected
[    2.159131] caam algorithms registered in /proc/crypto
[    2.168472] caam_jr 2101000.jr0: registering rng-caam
[    2.174505] snvs-secvio 20cc000.caam-snvs: can't get snvs clock
[    2.180504] snvs-secvio 20cc000.caam-snvs: violation handlers armed - non-secure state
[    2.189133] hidraw: raw HID events driver (C) Jiri Kosina
[    2.194834] usbcore: registered new interface driver usbhid
[    2.200433] usbhid: USB HID core driver
[    2.209648] stmpe-adc stmpe-adc: Initialized
[    2.217494] sgtl5000 2-000a: sgtl5000 revision 0x11
[    2.248364] fsl-asrc 2034000.asrc: driver registered
[    2.363143] usb 1-1.3: new high-speed USB device number 3 using ci_hdrc
[    2.392863] imx-sgtl5000 sound: sgtl5000 <-> 2028000.ssi mapping ok
[    2.401953] imx-spdif sound-spdif: snd-soc-dummy-dai <-> 2004000.spdif mapping ok
[    2.412612] imx-audio-hdmi sound-hdmi: hdmi-hifi <-> soc:hdmi_audio@00120000 mapping ok
[    2.421410] Netfilter messages via NETLINK v0.30.
[    2.426186] nfnl_acct: registering with nfnetlink.
[    2.431027] nf_conntrack version 0.5.0 (16384 buckets, 65536 max)
[    2.437657] nf_tables: (c) 2007-2009 Patrick McHardy <kaber@trash.net>
[    2.444669] ip_tables: (C) 2000-2006 Netfilter Core Team
[    2.450621] NET: Registered protocol family 10
[    2.456177] ip6_tables: (C) 2000-2006 Netfilter Core Team
[    2.461626] NET: Registered protocol family 17
[    2.466221] bridge: automatic filtering via arp/ip/ip6tables has been deprecated. Update your scripts to load br_netfilter if you need this.
[    2.478950] Bridge firewalling registered
[    2.482999] can: controller area network core (rev 20120528 abi 9)
[    2.489282] NET: Registered protocol family 29
[    2.493835] can: raw protocol (rev 20120528)
[    2.498179] can: broadcast manager protocol (rev 20120528 t)
[    2.503933] can: netlink gateway (rev 20130117) max_hops=1
[    2.509788] Bluetooth: RFCOMM TTY layer initialized
[    2.514769] Bluetooth: RFCOMM socket layer initialized
[    2.519983] Bluetooth: RFCOMM ver 1.11
[    2.523810] Bluetooth: BNEP (Ethernet Emulation) ver 1.3
[    2.529147] Bluetooth: BNEP filters: protocol multicast
[    2.534419] Bluetooth: BNEP socket layer initialized
[    2.539413] Bluetooth: HIDP (Human Interface Emulation) ver 1.2
[    2.545378] Bluetooth: HIDP socket layer initialized
[    2.550438] 8021q: 802.1Q VLAN Support v1.8
[    2.555059] Key type dns_resolver registered
[    2.561340] Registering SWP/SWPB emulation handler
[    2.566883] registered taskstats version 1
[    2.571948] 1ffc000.pcie supply pcie-bus not found, using dummy regulator
[    2.912558] imx6q-pcie 1ffc000.pcie: phy link never came up
[    2.918223] imx6q-pcie 1ffc000.pcie: failed to initialize host
[    2.924199] imx6q-pcie: probe of 1ffc000.pcie failed with error -22
[    2.934437] rtc-ds1307 1-0068: setting system clock to 2018-01-31 13:47:36 UTC (1517406456)
[    2.952845] usb_otg_vbus: disabling
[    2.956777] ALSA device list:
[    2.959774]   #0: imx6q-apalis-sgtl5000
[    2.963663]   #1: imx-spdif
[    2.966478]   #2: imx-hdmi-soc
[    2.985096] EXT4-fs (mmcblk0p2): mounted filesystem with ordered data mode. Opts: (null)
[    2.993326] VFS: Mounted root (ext4 filesystem) readonly on device 179:10.
[    3.000698] devtmpfs: mounted
[    3.004079] Freeing unused kernel memory: 372K (80a1f000 - 80a7c000)
[    3.140184] random: systemd urandom read with 14 bits of entropy available
[    3.151861] systemd[1]: systemd 229 running in system mode. (-PAM -AUDIT -SELINUX +IMA -APPARMOR +SMACK +SYSVINIT +UTMP -LIBCRYPTSETUP -GCRYPT -GNUTLS +ACL +XZ -LZ4 -SECCOMP +BLKID -ELFUTILS +KMOD -IDN)
[    3.170961] systemd[1]: Detected architecture arm.

Welcome to Boot to Qt for Embedded Linux 2.1.1 (krogoth)!

[    3.213656] systemd[1]: Set hostname to <b2qt-apalis-imx6>.
[    3.442507] systemd[1]: Listening on Journal Socket (/dev/log).
[  OK  ] Listening on Journal Socket (/dev/log).
[    3.463633] systemd[1]: Listening on Network Service Netlink Socket.
[  OK  ] Listening on Network Service Netlink Socket.
[    3.483734] systemd[1]: Created slice System Slice.
[  OK  ] Created slice System Slice.
[    3.503553] systemd[1]: Created slice User and Session Slice.
[  OK  ] Created slice User and Session Slice.
[    3.523279] systemd[1]: Reached target Slices.
[  OK  ] Reached target Slices.
[    3.543366] systemd[1]: Listening on udev Kernel Socket.
[  OK  ] Listening on udev Kernel Socket.
[    3.563535] systemd[1]: Listening on Syslog Socket.
[  OK  ] Listening on Syslog Socket.
[    3.583719] systemd[1]: Listening on Journal Socket.
[  OK  ] Listening on Journal Socket.
[    3.607479] systemd[1]: Mounting Debug File System...
         Mounting Debug File System...
[    3.637943] systemd[1]: Mounting Temporary Directory...
         Mounting Temporary Directory...
[    3.651053] systemd[1]: Started Forward Password Requests to Wall Directory Watch.
[  OK  ] Started Forward Password Requests to Wall Directory Watch.
[    3.698324] systemd[1]: Starting Journal Service...
         Starting Journal Service...
[    3.724364] systemd[1]: Created slice system-serial\x2dgetty.slice.
[  OK  ] Created slice system-serial\x2dgetty.slice.
[    3.756063] systemd[1]: Starting File System Check on Root Device...
         Starting File System Check on Root Device...
[    3.783564] systemd[1]: Listening on udev Control Socket.
[  OK  ] Listening on u[    3.789417] systemd[1]: Listening on /dev/initctl Compatibility Named Pipe.
dev Control Socket.
[  OK  ] Listening on /dev/initctl Compatibility Named Pipe.
[    3.806947] systemd[1]: Starting Load Kernel Modules...
         [    3.813372] systemd[1]: Reached target Remote File Systems.
Starting Load Kernel Modules...
[    3.821050] systemd[1]: Started Dispatch Password Requests to Console Directory Watch.
[  OK  ] Reached targe[    3.830975] systemd[1]: Reached target Paths.
t Remote File Systems.
[  OK  ] Started Dispatch Pass[    3.842286] systemd[1]: Starting Setup Virtual Console...
word Requests to Console Directory Watch.
[  OK  ] Reached target Paths.
         Starting Setup Virtual Console...
[    3.861158] systemd[1]: Starting Create list of required static device nodes for the current kernel...
         [    3.872758] systemd[1]: Reached target Swap.
Starting Create list of required st... nodes for the current kernel...
[  OK  ] Reached target Swap.
[    3.887417] systemd[1]: Mounted Debug File System.
[  OK  ] Mounted Debug [    3.894136] systemd[1]: Mounted Temporary Directory.
File System.
[    3.902304] systemd[1]: Started Journal Service.
[  OK  ] Mounted Temporary Directory.
[  OK  ] Started Journal Service.
[  OK  ] Started Setup Virtual Console.
[  OK  ] Started Create list of required sta...ce nodes for the current kernel.
[    3.945698] RTL871X: module init start
[    3.949495] RTL871X: rtl8723bu v4.3.6.11_12942.20141204_BTCOEX20140507-4E40
[    3.956551] RTL871X: rtl8723bu BT-Coex version = BTCOEX20140507-4E40
[  OK  ] Started File System Check on Root Device.
         Starting Remount Root and Kernel File Systems...
[    4.101515] EXT4-fs (mmcblk0p2): re-mounted. Opts: (null)
[  OK  ] Started Remount Root and Kernel File Systems.
         Starting udev Coldplug all Devices...
         Starting Create Static Device Nodes in /dev...
         Starting Flush Journal to Persistent Storage...
[  OK  ] Started Create Static Device Nodes in /dev.
[    4.264595] RTL871X: rtw_ndev_init(wlan0)
[    4.269781] RTL871X: rtw_ndev_init(wlan1)
[    4.280728] usbcore: registered new interface driver rtl8723bu
[    4.286757] RTL871X: module init ret=0
[    4.312188] Galcore version 5.0.11.41671
[    4.339930] systemd-journald[196]: Received request to flush runtime journal from PID 1
[  OK  ] Started Flush Journal to Persistent Storage.
[  OK  ] Reached target Local File Systems (Pre).
         Mounting /var/volatile...
         Starting udev Kernel Device Manager...
[  OK  ] Mounted /var/volatile.
         Starting Load/Save Random Seed...
[  OK  ] Reached target Local File Systems.
         Starting Create Volatile Files and Directories...
[  OK  ] Started udev Kernel Device Manager.
[  OK  ] Started Load/Save Random Seed.
[  OK  ] Started udev Coldplug all Devices.
[  OK  ] Started Create Volatile Files and Directories.
         Starting Network Time Synchronization...
         Starting Update UTMP about System Boot/Shutdown...
[  OK  ] Started Network Time Synchronization.
[  OK  ] Reached target System Time Synchronized.
[  OK  ] Created slice system-systemd\x2dbacklight.slice.
         Starting Load/Save Screen Backlight...htness of backlight:backlight...
[  OK  ] Found device /dev/ttymxc0.
[  OK  ] Started Load/Save Screen Backlight Brightness of backlight:backlight.
[    5.245823] tty0tty null modem driver v1.2
[  OK  ] Started Load Kernel Modules.
[  OK  ] Started Update UTMP about System Boot/Shutdown.
[  OK  ] Found device /dev/ttymxc1.
[    5.715060] ERROR: v4l2 capture: slave not found!
[    5.715083] ERROR: v4l2 capture: slave not found!
[    5.715087] ERROR: v4l2 capture: slave not found!
[  OK  ] Listening on Load/Save RF Kill Switch Status /dev/rfkill Watch.
[  OK  ] Reached target Sound Card.
         Starting Apply Kernel Variables...
         Mounting FUSE Control File System...
         Mounting Configuration File System...
[  OK  ] Mounted Configuration File System.
[  OK  ] Mounted FUSE Control File System.
[  OK  ] Started Apply Kernel Variables.
         Starting Load/Save RF Kill Switch Status...
[  OK  ] Reached target System Initialization.
[  OK  ] Listening on dropbear.socket.
[  OK  ] Started Daily Cleanup of Temporary Directories.
[  OK  ] Reached target Timers.
[  OK  ] Listening on RPCbind Server Activation Socket.
[  OK  ] Listening on D-Bus System Message Bus Socket.
[  OK  ] Reached target Sockets.
[  OK  ] Reached target Basic System.
[  OK  ] Started Serial Getty on ttymxc1.
[  OK  ] Started B2Qt user application.
[  OK  ] Started Kernel Logging Service.
[  OK  ] Started System Logging Service.
         Starting Save/Restore Sound Card State...
         Starting Login Service...
[  OK  ] Started Serial Getty on ttymxc0.
[  OK  ] Reached target Login Prompts.
[  OK  ] Started D-Bus System Message Bus.
         Starting D-BUS Session Message Bus....
         Starting Network Service...
[  OK  ] Started Load/Save RF Kill Switch Status.
[  OK  ] Started Save/Restore Sound Card State.
[  OK  ] Started Network Service.
[  OK  ] Started D-BUS Session Message Bus..
[  OK  ] Reached target Network.
         Starting Network Time Service...
         Starting ADB Server Daemon...
[  OK  ] Started Login Service.
[  OK  ] Started Networ[    6.949401] file system registered
k Time Service.
[    6.957160] flexcan 2090000.flexcan can0: writing ctrl=0x01232084
[  OK  ] Started ADB Server Daemon.
[  OK  ] Reached target Multi-User System.
[  OK  ] Started Ujet Ble Service.
[  OK  ] Reached target Custom Target.
[    7.057809] read descriptors
[    7.062110] read strings
[    7.065884] g_ffs gadget: g_ffs ready
[  OK  ] Started Ujet Telemetry Service.
         Starting Update UTMP about System Runlevel Changes...
[  OK  ] Started Ujet HTTPD Service.
         Starting Ujet Identify Service...
[  OK  ] Started Ujet Cloud Service.
[  OK  ] Started Ujet Bluetooth Audio Service.
[  OK  ] Started Update UTMP about System Runlevel Changes.
[  OK  ] Stopped Bluetooth service.
[    7.682406] mxc_sdc_fb fb@0: 800x480 h_sync,r,l: 72,24,96  v_sync,l,u: 7,3,10 pixclock=29500000 Hz
[    7.703199] usb 1-1.1: new high-speed USB device number 4 using ci_hdrc
[    7.823545] option 1-1.1:1.0: GSM modem (1-port) converter detected
[    7.830972] usb 1-1.1: GSM modem (1-port) convert3] option 1-1.1:1.4: GSM modem (1-port) converter detected
[    7.891790] usb 1-1.1: GSM modem (1-port) converter now attached to ttyUSB4
hed to ttyUSB4
hed to ttyUSB4
hed to ttyUSB4
hed to ttyUSB4
hed to ttyUSB4
hed to ttyUSB4
hed to ttyUSB4
hed to ttyUSB4
hed to ttyUSB4
hed to ttyUSB4
hed to ttyUSB4
hed to ttyUSB4
hed to ttyUSB4
hed to ttyUSB4
hed to ttyUSB4
hed to ttyUSB4
hed to ttyUSB4
hed to ttyUSB4
hed to ttyUSB4
hed to ttyUSB4
hed to ttyUSB4
hed to ttyUSB4
hed to ttyUSB4
hed to ttyUSB4
hed to ttyUSB4
hed to ttyUSB4
hed to ttyUSB4
hed to ttyUSB4
hed to ttyUSB4
hed to ttyUSB4
hed to ttyUSB4
hed to ttyUSB4
hed to ttyUSB4
hed to ttyUSB4
hed to ttyUSB4
hed to ttyUSB4
hed to ttyUSB4
hed to ttyUSB4
hed to ttyUSB4
hed to ttyUSB4
hed to ttyUSB4
hed to ttyUSB4
hed to ttyUSB4
hed to ttyUSB4
hed to ttyUSB4
hed to ttyUSB4
hed to ttyUSB4
hed to ttyUSB4
hed to ttyUSB4
hed to ttyUSB4
hed to ttyUSB4
hed to ttyUSB4
hed to ttyUSB4
hed to ttyUSB4
hed to ttyUSB4
hed to ttyUSB4
hed to ttyUSB4
hed to ttyUSB4
hed to ttyUSB4
hed to ttyUSB4
hed to ttyUSB4
hed to ttyUSB4
hed to ttyUSB4
hed to ttyUSB4
hed to ttyUSB4
hed to ttyUSB4
hed to ttyUSB4
hed to ttyUSB4
hed to ttyUSB4
hed to ttyUSB4
hed to ttyUSB4
hed to ttyUSB4
hed to ttyUSB4
hed to ttyUSB4
hed to ttyUSB4
hed to ttyUSB4
hed to ttyUSB4
hed to ttyUSB4
hed to ttyUSB4
hed to ttyUSB4
hed to ttyUSB4
hed to ttyUSB4
hed to ttyUSB4
hed to ttyUSB4
hed to ttyUSB4
hed to ttyUSB4
hed to ttyUSB4
hed to ttyUSB4
hed to ttyUSB4
hed to ttyUSB4
hed to ttyUSB4
hed to ttyUSB4
hed to ttyUSB4
hed to ttyUSB4
hed to ttyUSB4
hed to ttyUSB4
hed to ttyUSB4
hed to ttyUSB4
hed to ttyUSB4
hed to ttyUSB4
hed to ttyUSB4
[    8.055444] g_ffs gadget: high-speed config #1: FunctionFS
[    8.740706] random: nonblocking pool is initialized

Boot to Qt for Embedded Linux 2.1.1 b2qt-apalis-imx6 ttymxc0

b2qt-apalis-imx6 login: 
Boot to Qt for Embedded Linux 2.1.1 b2qt-apalis-imx6 ttymxc0

b2qt-apalis-imx6 login: dmesg |         root
root@b2qt-apalis-imx6:~# dmesg | grep -ir penm
[    1.614384] [PENMOUNT] Loading penmount_i2c V1.15.0
root@b2qt-apalis-imx6:~# cat /proc/interrupts 
           CPU0       CPU1       CPU2       CPU3       
 16:       7814       3129       3576       5060       GIC  29 Edge      twd
 17:      84532          0          0          0       GPC  55 Level     i.MX Timer Tick
 19:          0          0          0          0       GPC  20 Level     snvs-secvio
 23:          0          0          0          0       GPC 115 Level     20e0000.hdmi_video
 24:          0          0          0          0       GPC  52 Level     2004000.spdif
 25:          0          0          0          0       GPC  31 Level     2008000.ecspi
 26:          0          0          0          0       GPC  32 Level     200c000.ecspi
 27:        554          0          0          0       GPC  26 Level     2020000.serial
 28:          0          0          0          0       GPC  46 Level     2028000.ssi
 29:          0          0          0          0       GPC  50 Level     2034000.asrc
 30:          0          0          0          0       GPC   3 Edge      VPU_JPG_IRQ
 31:         10          0          0          0       GPC  12 Level     VPU_CODEC_IRQ
 36:          0          0          0          0       GPC 110 Level     can0
152:          0          0          0          0  gpio-mxc  10 Level     stmpe
162:          0          0          0          0  gpio-mxc  20 Edge      2190000.usdhc cd
224:          0          0          0          0  gpio-mxc  14 Edge      2194000.usdhc cd
276:          0          0          0          0       GPC  80 Level     20bc000.wdog
279:          0          0          0          0       GPC  49 Level     imx_thermal
284:          0          0          0          0       GPC  19 Level     rtc alarm
289:         77          0          0          0       GPC   2 Level     sdma
290:         81          0          0          0       GPC  43 Level     2184000.usb
291:       2321          0          0          0       GPC  40 Level     2184200.usb
292:         14          0          0          0       GPC 118 Level     2188000.ethernet
293:          0          0          0          0       GPC 119 Level     2188000.ethernet
294:        260          0          0          0       GPC  22 Level     mmc1
295:          0          0          0          0       GPC  23 Level     mmc2
296:       6713          0          0          0       GPC  24 Level     mmc0
297:         50          0          0          0       GPC  36 Level     21a0000.i2c
298:        505          0          0          0       GPC  37 Level     21a4000.i2c
299:          0          0          0          0       GPC  38 Level     21a8000.i2c
302:          0          0          0          0       GPC  18 Level     vdoa
303:          0          0          0          0       GPC  27 Level     21e8000.serial
304:          0          0          0          0       GPC  29 Level     21f0000.serial
305:          0          0          0          0       GPC  30 Level     21f4000.serial
306:          1          0          0          0       GPC   6 Level     2400000.ipu
307:          0          0          0          0       GPC   5 Level     2400000.ipu
308:          0          0          0          0       GPC 107 Level     mmdc_1
309:          0          0          0          0       GPC 112 Level     mmdc_1
310:          0          0          0          0       GPC 113 Level     mmdc_1
311:          0          0          0          0       GPC 114 Level     mmdc_1
312:         60          0          0          0       GPC   9 Level   
314:          1          0          0          0       GPC  11 Level     galcore interrupt service for 2D
315:          0          0          0          0       GPC  39 Level     2200000.sata
316:         31          0          0          0       GPC   8 Level     2800000.ipu
317:          0          0          0          0       GPC   7 Level     2800000.ipu
320:          0          0          0          0     stmpe   5 Edge      stmpe-adc
321:          0          0          0          0     stmpe   6 Edge      stmpe-adc
322:          2          0          0          0       GIC 137 Level     2101000.jr0
323:          0          0          0          0       GIC 138 Level     2102000.jr1
IPI0:          0          0          0          0  CPU wakeup interrupts
IPI1:          0       6783      22413      23282  Timer broadcast interrupts
IPI2:       2827       2943       1776       1656  Rescheduling interrupts
IPI3:         33         23         37         37  Function call interrupts
IPI4:          3          4          2         13  Single function call interrupts
IPI5:          0          0          0          0  CPU stop interrupts
IPI6:          1          0          0          0  IRQ work interrupts
IPI7:          0          0          0          0  completion interrupts
Err:          0
root@b2qt-apalis-imx6:~# 
root@b2qt-apalis-imx6:~# 
root@b2qt-apalis-imx6:~# cd /
root@b2qt-apalis-imx6:/# [   91.947042] g_ffs gadget: high-speed config #1: FunctionFS
[   93.021946] g_ffs gadget: high-speed config #1: FunctionFS
[   93.463210] usb 1-1.2: new low-speed USB device number 5 using ci_hdrc
[   93.608361] input: PixArt Dell MS116 USB Optical Mouse as /devices/soc0/soc/2100000.aips-bus/2184200.usb/ci_hdrc.1/usb1/1-1/1-1.2/1-1.2:1.0/0003:413C:301A.0001/input/input0
[   93.625318] hid-generic 0003:413C:301A.0001: input,hidraw0: USB HID v1.11 Mouse [PixArt Dell MS116 USB Optical Mouse] on usb-ci_hdrc.1-1.2/input0
[   98.808633] g_ffs gadget: high-speed config #1: FunctionFS

root@b2qt-apalis-imx6:/# 
root@b2qt-apalis-imx6:/# 
root@b2qt-apalis-imx6:/# 
root@b2qt-apalis-imx6:/# [  267.908872] g_ffs gadget: high-speed config #1: FunctionFS

root@b2qt-apalis-imx6:/# 
root@b2qt-apalis-imx6:/# 
root@b2qt-apalis-imx6:/# 
root@b2qt-apalis-imx6:/# cd /usr/bin/
root@b2qt-apalis-imx6:/usr/bin# chmod +x h
hciattach           hcitool             hex2hcd             hostid              htop                hunzip              
hciconfig           head                hexdump             hostid.coreutils    hu                  hzip                
hcidump             head.coreutils      hexdump.util-linux  hostnamectl         hunspell            
root@b2qt-apalis-imx6:/usr/bin# chmod +x hu
hu        hunspell  hunzip    
root@b2qt-apalis-imx6:/usr/bin# chmod +x hu
root@b2qt-apalis-imx6:/usr/bin# chmod +x hu  HU 
root@b2qt-apalis-imx6:/usr/bin# chmod +x HU    bc
bccmd                  bcu                    bcu-simulator-console  bcu.ini                
root@b2qt-apalis-imx6:/usr/bin# chmod +x bcu
root@b2qt-apalis-imx6:/usr/bin# chmod +x bcuHU hu
root@b2qt-apalis-imx6:/usr/bin# cat run
run_hu.sh         runcon            runcon.coreutils  runscript         
root@b2qt-apalis-imx6:/usr/bin# cat run_hu.sh 
#!/bin/bash

export $(dbus-launch)
pon
/usr/bin/bcu &
/usr/bin/hu

root@b2qt-apalis-imx6:/usr/bin# ls -l bt
bt-audio-ui  btattach     btmgmt       btmon        
root@b2qt-apalis-imx6:/usr/bin# ls -l bt 2qt \ 
lrwxrwxrwx 1 root root 18 Jan  1  1970 b2qt -> /usr/bin/run_hu.sh
root@b2qt-apalis-imx6:/usr/bin# reboot
         Stopping Ujet Bluetooth Audio Service...
[  OK  ] Stopped target Custom Target.
         Stopping Ujet Cloud Service...
         Stopping Ujet Telemetry Service...
[  OK  ] Closed Load/Save RF Kill Switch Status /dev/rfkill Watch.
[  OK  ] Stopped target Timers.
[  OK  ] Stopped Daily Cleanup of Temporary Directories.
         Stopping Save/Restore Sound Card State...
[  OK  ] Stopped target Sound Card.
[  OK  ] Stopped target System Time Synchronized.
         Stopping Ujet Ble Service...
         Stopping Ujet HTTPD Service...
[  OK  ] Stopped target Remote File Systems.
[  OK  ] Stopped Ujet Ble Service.
[  OK  ] Stopped Ujet Telemetry Service.
[  OK  ] Stopped Ujet HTTPD Service.
[  OK  ] Stopped Ujet Identify Service.
[  OK  ] Stopped Ujet Cloud Service.
[  OK  ] Stopped Ujet Bluetooth Audio Service.
[  OK  ] Stopped Save/Restore Sound Card State.
[  OK  ] Stopped target Multi-User System.
         Stopping Network Time Service...
         Stopping System Logging Service...
         Stopping Kernel Loggingð         Stopping Serial Getty on ttymxc1...
         Stopping ADB Server Daemon...
[  600.014175] mxc_sdc_fb fb@0: 800x480 h_sync,r,l: 72,24,96  v_sync,l,u: 7,3,10 pixclock=29500000 Hz
[  OK  ] Stopped Serial Getty on ttymxc1.
[  OK  ] Stopped Kernel Logging Service.
[  OK  ] Stopped System Logging Service.
[  OK  ] Stopped Login Service.
[  OK  ] Stopped Serial Getty on ttymxc0.
[  OK  ] Stopped Network Time Service.
[  OK  ] Stopped D-BUS Session Message Bus..
[  OK  ] Stopped B2Qt user application.
[  OK  ] Removed slice system-serial\x2dgetty.slice.
[  OK  ] Unmounted /dev/usb-ffs/adb.
[  601.073310] ffs_data_put(): freeing
[  601.087615] unloading
[  OK  ] Stopped ADB Server Daemon.
[  OK  ] Stopped target Network.
         Stopping Network Service...
[  OK  ] Stopped Network Service.
         Stopping D-Bus System Message Bus...
[  OK  ] Stopped D-Bus System Message Bus.
[  OK  ] Stopped target Basic System.
[  OK  ] Stopped target Sockets.
[  OK  ] Closed Syslog Socket.
[  OK  ] Closed RPCbind Server Activation Socket.
[  OK  ] Closed dropbear.socket.
[  OK  ] Stopped target Slices.
[  OK  ] Removed slice User and Session Slice.
[  OK  ] Stopped target Paths.
[  OK  ] Stopped Forward Password Requests to Wall Directory Watch.
[  OK  ] Stopped Dispatch Password Requests to Console Directory Watch.
[  OK  ] Closed D-Bus System Message Bus Socket.
[  OK  ] Stopped target System Initialization.
         Stopping Load/Save Screen Backlight...htness of backlight:backlight...
[  OK  ] Stopped target Swap.
         Stopping Network Time Synchronization...
         Stopping Update UTMP about System Boot/Shutdown...
         Stopping Load/Save Random Seed...
[  OK  ] Stopped Setup Virtual Console.
[  OK  ] Stopped Apply Kernel Variables.
[  OK  ] Stopped Load Kernel Modules.
[  OK  ] Stopped Network Time Synchronization.
[  OK  ] Stopped Load/Save Screen Backlight Brightness of backlight:backlight.
[  OK  ] Stopped Load/Save Random Seed.
[  OK  ] Stopped Update UTMP about System Boot/Shutdown.
[  OK  ] Removed slice system-systemd\x2dbacklight.slice.
[  OK  ] Stopped Create Volatile Files and Directories.
[  OK  ] Stopped target Local File Systems.
         Unmounting Temporary Directory...
         Unmounting /var/volatile...
[  OK  ] Unmounted Temporary Directory.
[  OK  ] Unmounted /var/volatile.
[  OK  ] Stopped target Local File Systems (Pre).
[  OK  ] Stopped Create Static Device Nodes in /dev.
[  OK  ] Stopped Remount Root and Kernel File Systems.
[  OK  ] Reached target Shutdown.
[  OK  ] Reached target Unmount All Filesystems.
[  OK  ] Reached target Final Step.
         Starting Reboot...
[  602.559127] systemd-shutdown[1]: Sending SIGTERM to remaining processes...
[  602.581381] systemd-journald[196]: Received SIGTERM from PID 1 (systemd-shutdow).
[  602.633689] systemd-shutdown[1]: Sending SIGKILL to remaining processes...
[  602.653782] systemd-shutdown[1]: Hardware watchdog 'imx2+ watchdog', version 0
[  602.661863] systemd-shutdown[1]: Unmounting file systems.
[  602.667827] systemd-shutdown[1]: Remounting '/' read-only with options 'data=ordered'.
[  602.764039] EXT4-fs (mmcblk0p2): re-mounted. Opts: data=ordered
[  602.776159] systemd-shutdown[1]: Remounting '/' read-only with options 'data=ordered'.
[  602.784262] EXT4-fs (mmcblk0p2): re-mounted. Opts: data=ordered
[  602.790233] systemd-shutdown[1]: All filesystems unmounted.
[  602.795860] systemd-shutdown[1]: Deactivating swaps.
[  602.800985] systemd-shutdown[1]: All swaps deactivated.
[  602.806282] systemd-shutdown[1]: Detaching loop devices.
[  602.816909] systemd-shutdown[1]: All loop devices detached.
[  602.822533] systemd-shutdown[1]: Detaching DM devices.
[  602.828339] systemd-shutdown[1]: All DM devices detached.
[  602.839407] systemd-shutdown[1]: Rebooting.
[  605.414286] imx2-wdt 20bc000.wdog: Device shutdown: Expect reboot!
[  605.420743] reboot: Restarting system


U-Boot 2016.11+fslc+g80c3bd6 (Jan 02 2018 - 11:32:06 +0100)

CPU:   Freescale i.MX6Q rev1.5 at 792 MHz
Reset cause: WDOG
I2C:   ready
DRAM:  2 GiB
PMIC:  device id: 0x10, revision id: 0x21, programmed
M“j:   FSL_SDHC: 0, FSL_SDHC: 1, FSL_SDHC: 2
auto-detected panel vga-rgb
Display: vga-rgb (640x480)
In:    serial
Out:   serial
Err:   serial
Model: Toradex Apalis iMX6 Quad 2GB IT V1.1C, Serial# 05139699
Net:   using PHY at 7
FEC [PRIME]
Hit any key to stop autoboot:  1  0 
Booting from internal eMMC chip...
reading imx6q-apalis-eval.dtb
49405 bytes read in 18 ms (2.6 MiB/s)
reading uImage
5943928 bytes read in 172 ms (33 MiB/s)
## Booting kernel from Legacy Image at 11000000 ...
   Image Name:   Linux-4.1.41-v2.7b1+g82f0f4f
   Image Type:   ARM Linux Kernel Image (uncompressed)
   Data Size:    5943864 Bytes = 5.7 MiB
   Load Address: 10008000
   Entry Point:  10008000
   Verifying Checksum ... OK
## Flattened Device Tree blob at 12000000
   Booting using the fdt blob at 0x12000000
   Loading Kernel Image ... OK
   Using Device Tree in place at 12000000, end 1200f0fc

Starting kernel ...

[    0.000000] Booting Linux on physical CPU 0x0
[    0.000000] Initializing cgroup subsys cpu
[    0.000000] Initializing cgroup subsys cpuacct
[    0.000000] Linux version 4.1.41-v2.7b1+g82f0f4f (behlingc@mplan-ubuntu-1610-dev) (gcc version 5.3.0 (GCC) ) #1 SMP Wed Jan 31 17:39:36 CET 2018
[    0.000000] CPU: ARMv7 Processor [412fc09a] revision 10 (ARMv7), cr=10c5387d
[    0.000000] CPU: PIPT / VIPT nonaliasing data cache, VIPT aliasing instruction cache
[    0.000000] Machine model: Toradex Apalis iMX6Q/D Module on Apalis Evaluation Board
[    0.000000] Reserved memory: created CMA memory pool at 0x62000000, size 320 MiB
[    0.000000] Reserved memory: initialized node linux,cma, compatible id shared-dma-pool
[    0.000000] Memory policy: Data cache writealloc
[    0.000000] PERCPU: Embedded 12 pages/cpu @d0efc000 s16908 r8192 d24052 u49152
[    0.000000] Built 1 zonelists in Zone order, mobility grouping on.  Total pages: 521024
[    0.000000] Kernel command line: vmalloc=400M user_debug=30 ip=off root=/dev/mmcblk0p2 ro rootfstype=ext4 rootwait fec_mac=00:14:2d:4e:6c:f3 consoleblank=0 no_console_suspend=1 console=tty1 console=ttymxc0,115200n8 mxc_hdmi.only_cea=1 video=mxcfb1:dev=hdmi,1920x1080M@60,if=RGB24 video=mxcfb0:dev=ldb,800x480M@60,if=RGB666 video=mxcfb2:off video=mxcfb3:off fbmem=32M
[    0.000000] PID hash table entries: 4096 (order: 2, 16384 bytes)
[    0.000000] Dentry cache hash table entries: 262144 (order: 8, 1048576 bytes)
[    0.000000] Inode-cache hash table entries: 131072 (order: 7, 524288 bytes)
[    0.000000] Memory: 1738968K/2097152K available (7679K kernel code, 330K rwdata, 2648K rodata, 372K init, 423K bss, 30504K reserved, 327680K cma-reserved, 425984K highmem)
[    0.000000] Virtual kernel memory layout:
[    0.000000]     vector  : 0xffff0000 - 0xffff1000   (   4 kB)
[    0.000000]     fixmap  : 0xffc00000 - 0xfff00000   (3072 kB)
[    0.000000]     vmalloc : 0xe6800000 - 0xff000000   ( 392 MB)
[    0.000000]     lowmem  : 0x80000000 - 0xe6000000   (1632 MB)
[    0.000000]     pkmap   : 0x7fe00000 - 0x80000000   (   2 MB)
[    0.000000]     modules : 0x7f000000 - 0x7fe00000   (  14 MB)
[    0.000000]       .text : 0x80008000 - 0x80a1e0a4   (10329 kB)
[    0.000000]       .init : 0x80a1f000 - 0x80a7c000   ( 372 kB)
[    0.000000]       .data : 0x80a7c000 - 0x80ace8c0   ( 331 kB)
[    0.000000]        .bss : 0x80ad1000 - 0x80b3ae1c   ( 424 kB)
[    0.000000] SLUB: HWalign=64, Order=0-3, MinObjects=0, CPUs=4, Nodes=1
[    0.000000] Hierarchical RCU implementation.
[    0.000000] NR_IRQS:16 nr_irqs:16 16
[    0.000000] L2C-310 erratum 769419 enabled
[    0.000000] L2C-310 enabling early BRESP for Cortex-A9
[    0.000000] L2C-310 full line of zeros enabled for Cortex-A9
[    0.000000] L2C-310 ID prefetch enabled, offset 16 lines
[    0.000000] L2C-310 dynamic clock gating enabled, standby mode enabled
[    0.000000] L2C-310 cache controller enabled, 16 ways, 1024 kB
[    0.000000] L2C-310: CACHE_ID 0x410000c7, AUX_CTRL 0x76470001
[    0.000000] mxc_clocksource_init 3000000
[    0.000000] Switching to timer-based delay loop, resolution 333ns
[    0.000008] sched_clock: 32 bits at 3000kHz, resolution 333ns, wraps every 715827882841ns
[    0.000024] clocksource mxc_timer1: mask: 0xffffffff max_cycles: 0xffffffff, max_idle_ns: 637086815595 ns
[    0.001245] Console: colour dummy device 80x30
[    0.001871] console [tty1] enabled
[    0.001902] Calibrating delay loop (skipped), value calculated using timer frequency.. 6.00 BogoMIPS (lpj=30000)
[    0.001942] pid_max: default: 32768 minimum: 301
[    0.002058] Mount-cache hash table entries: 4096 (order: 2, 16384 bytes)
[    0.002087] Mountpoint-cache hash table entries: 4096 (order: 2, 16384 bytes)
[    0.002666] Initializing cgroup subsys freezer
[    0.002705] Initializing cgroup subsys debug
[    0.002755] CPU: Testing write buffer coherency: ok
[    0.003027] Setting up static identity map for 0x10008280 - 0x100082d8
[    0.006311] Brought up 4 CPUs
[    0.006348] SMP: Total of 4 processors activated (24.00 BogoMIPS).
[    0.006370] CPU: All CPU(s) started in SVC mode.
[    0.006878] devtmpfs: initialized
[    0.019559] VFP support v0.3: implementor 41 architecture 3 part 30 variant 9 rev 4
[    0.019990] clocksource jiffies: mask: 0xffffffff max_cycles: 0xffffffff, max_idle_ns: 19112604462750000 ns
[    0.020049] futex hash table entries: 1024 (order: 4, 65536 bytes)
[    0.039719] pinctrl core: initialized pinctrl subsystem
[    0.040971] NET: Registered protocol family 16
[    0.049314] DMA: preallocated 256 KiB pool for atomic coherent allocations
[    0.079649] cpuidle: using governor ladder
[    0.109645] cpuidle: using governor menu
[    0.110022] CPU identified as i.MX6Q, silicon rev 1.5
[    0.135195] hw-breakpoint: found 5 (+1 reserved) breakpoint and 1 watchpoint registers.
[    0.135243] hw-breakpoint: maximum watchpoint size is 4 bytes.
[    0.136360] imx6q-pinctrl 20e0000.iomuxc: initialized IMX pinctrl driver
[    0.138367] imx-gpc 20dc000.gpc: no fsl,ldo-bypass found!
[    0.148652] mxs-dma 110000.dma-apbh: initialized
[    0.151150] usb_host_vbus: supplied by usb_host_vbus_hub
[    0.151515] vgaarb: loaded
[    0.152332] SCSI subsystem initialized
[    0.152849] usbcore: registered new interface driver usbfs
[    0.152935] usbcore: registered new interface driver hub
[    0.153042] usbcore: registered new device driver usb
[    0.153285] 2000000.aips-bus:usbphy_nop1 supply vcc not found, using dummy regulator
[    0.153467] 2000000.aips-bus:usbphy_nop2 supply vcc not found, using dummy regulator
[    0.154265] i2c-gpio i2c@0: using pins 80 (SDA) and 62 (SCL)
[    0.155237] i2c i2c-1: IMX I2C adapter registered
[    0.155275] i2c i2c-1: can't use DMA
[    0.156851] stmpe-i2c 2-0041: stmpe811 detected, chip id: 0x811
[    0.158773] i2c i2c-2: IMX I2C adapter registered
[    0.158810] i2c i2c-2: can't use DMA
[    0.159492] i2c i2c-3: IMX I2C adapter registered
[    0.159527] i2c i2c-3: can't use DMA
[    0.159725] Linux video capture interface: v2.00
[    0.159798] pps_core: LinuxPPS API ver. 1 registered
[    0.159822] pps_core: Software ver. 5.3.6 - Copyright 2005-2007 Rodolfo Giometti <giometti@linux.it>
[    0.159876] PTP clock support registered
[    0.179697] imx-ipuv3 2400000.ipu: IPU DMFC NORMAL mode: 1(0~1), 5B(4,5), 5F(6,7)
[    0.199690] imx-ipuv3 2800000.ipu: IPU DMFC NORMAL mode: 1(0~1), 5B(4,5), 5F(6,7)
[    0.200613] mxc_mipi_csi2 21dc000.mipi_csi: i.MX MIPI CSI2 driver probed ipu0 csi1
[    0.200659] mxc_mipi_csi2 21dc000.mipi_csi: i.MX MIPI CSI2 dphy version is 0x3130302a
[    0.200775] MIPI CSI2 driver module loaded
[    0.201063] Advanced Linux Sound Architecture Driver Initialized.
[    0.202309] Bluetooth: Core ver 2.20
[    0.202374] NET: Registered protocol family 31
[    0.202396] Bluetooth: HCI device and connection manager initialized
[    0.202428] Bluetooth: HCI socket layer initialized
[    0.202453] Bluetooth: L2CAP socket layer initialized
[    0.202497] Bluetooth: SCO socket layer initialized
[    0.203069] Switched to clocksource mxc_timer1
[    0.213933] NET: Registered protocol family 2
[    0.214707] TCP established hash table entries: 16384 (order: 4, 65536 bytes)
[    0.214877] TCP bind hash table entries: 16384 (order: 5, 131072 bytes)
[    0.215137] TCP: Hash tables configured (established 16384 bind 16384)
[    0.215240] UDP hash table entries: 1024 (order: 3, 32768 bytes)
[    0.215339] UDP-Lite hash table entries: 1024 (order: 3, 32768 bytes)
[    0.215613] NET: Registered protocol family 1
[    0.215950] RPC: Registered named UNIX socket transport module.
[    0.215981] RPC: Registered udp transport module.
[    0.216003] RPC: Registered tcp transport module.
[    0.216022] RPC: Registered tcp NFSv4.1 backchannel transport module.
[    0.216798] CPU PMU: Failed to parse /soc/pmu/interrupt-affinity[0]
[    0.216868] hw perfevents: enabled with armv7_cortex_a9 PMU driver, 7 counters available
[    0.217936] imx rpmsg driver is registered.
[    0.218997] Bus freq driver module loaded
[    0.226027] VFS: Disk quotas dquot_6.6.0
[    0.226225] VFS: Dquot-cache hash table entries: 1024 (order 0, 4096 bytes)
[    0.227278] squashfs: version 4.0 (2009/01/31) Phillip Lougher
[    0.228070] NFS: Registering the id_resolver key type
[    0.228126] Key type id_resolver registered
[    0.228150] Key type id_legacy registered
[    0.228195] nfs4filelayout_init: NFSv4 File Layout Driver Registering...
[    0.228711] ntfs: driver 2.1.32 [Flags: R/W].
[    0.229176] fuse init (API version 7.23)
[    0.233345] bounce: pool size: 64 pages
[    0.233389] io scheduler noop registered
[    0.233418] io scheduler deadline registered
[    0.233597] io scheduler cfq registered (default)
[    0.236411] backlight supply power not found, using dummy regulator
[    0.238035] MIPI DSI driver module loaded
[    0.239434] 20e0000.hdmi_video supply HDMI not found, using dummy regulator
[    0.241373] fbcvt: 800x480@60: CVT Name - .384M9
[    0.241418] mxc_sdc_fb fb@0: registered mxc display driver ldb
[    0.245720] mxc_sdc_fb fb@0: 800x480 h_sync,r,l: 72,24,96  v_sync,l,u: 7,3,10 pixclock=29500000 Hz
[    0.266869] mxc_hdmi 20e0000.hdmi_video: Detected HDMI controller 0x13:0xa:0xa0:0xc1
[    0.266925] fbcvt: 1920x1080@60: CVT Name - 2.073M9
[    0.267047] mxc_sdc_fb fb@1: registered mxc display driver hdmi
[    0.282246] mxc_sdc_fb fb@1: 1920x1080 h_sync,r,l: 44,88,148  v_sync,l,u: 5,4,36 pixclock=148500000 Hz
[    0.293151] imx-ipuv3 2400000.ipu: IPU DMFC DP HIGH RESOLUTION: 1(0,1), 5B(2~5), 5F(6,7)
[    0.296824] mxc_sdc_fb fb@2: mxcfb2 is turned off!
[    0.296918] mxc_sdc_fb fb@3: mxcfb3 is turned off!
[    0.298449] imx-sdma 20ec000.sdma: no iram assigned, using external mem
[    0.298875] imx-sdma 20ec000.sdma: no event needs to be remapped
[    0.299176] imx-sdma 20ec000.sdma: loaded firmware 3.3
[    0.301809] imx-sdma 20ec000.sdma: initialized
[    0.303520] pfuze100-regulator 2-0008: Full layer: 2, Metal layer: 1
[    0.304140] pfuze100-regulator 2-0008: FAB: 0, FIN: 0
[    0.304168] pfuze100-regulator 2-0008: pfuze100 found.
[    0.318444] 2020000.serial: ttymxc0 at MMIO 0x2020000 (irq = 27, base_baud = 5000000) is a IMX
[    1.223555] console [ttymxc0] enabled
[    1.228118] 21e8000.serial: ttymxc1 at MMIO 0x21e8000 (irq = 303, base_baud = 5000000) is a IMX
[    1.237388] 21f0000.serial: ttymxc3 at MMIO 0x21f0000 (irq = 304, base_baud = 5000000) is a IMX
[    1.246636] 21f4000.serial: ttymxc4 at MMIO 0x21f4000 (irq = 305, base_baud = 5000000) is a IMX
[    1.257422] [drm] Initialized drm 1.1.0 20060810
[    1.262519] [drm] Initialized vivante 1.0.0 20120216 on minor 0
[    1.276628] brd: module loaded
[    1.284814] loop: module loaded
[    1.289280] ahci-imx 2200000.sata: fsl,transmit-level-mV not specified, using 00000024
[    1.297297] ahci-imx 2200000.sata: fsl,transmit-boost-mdB not specified, using 00000480
[    1.305360] ahci-imx 2200000.sata: fsl,transmit-atten-16ths not specified, using 00002000
[    1.313592] ahci-imx 2200000.sata: fsl,receive-eq-mdB not specified, using 05000000
[    1.324771] ahci-imx 2200000.sata: SSS flag set, parallel bus scan disabled
[    1.331790] ahci-imx 2200000.sata: AHCI 0001.0300 32 slots 1 ports 3 Gbps 0x1 impl platform mode
[    1.340647] ahci-imx 2200000.sata: flags: ncq sntf stag pm led clo only pmp pio slum part ccc apst 
[    1.351094] scsi host0: ahci-imx
[    1.354680] ata1: SATA max UDMA/133 mmio [mem 0x02200000-0x02203fff] port 0x100 irq 315
[    1.366141] spi_imx 2008000.ecspi: probed
[    1.371019] spi_imx 200c000.ecspi: probed
[    1.376010] vcan: Virtual CAN interface driver
[    1.380489] CAN device driver interface
[    1.384617] 2090000.flexcan supply xceiver not found, using dummy regulator
[    1.392382] flexcan 2090000.flexcan: device registered (reg_base=e6ab0000, irq=36)
[    1.400142] 2094000.flexcan supply xceiver not found, using dummy regulator
[    1.407841] flexcan 2094000.flexcan: device registered (reg_base=e6ab8000, irq=37)
[    1.416599] 2188000.ethernet supply phy not found, using dummy regulator
[    1.443518] pps pps0: new PPS source ptp0
[    1.448801] libphy: fec_enet_mii_bus: probed
[    1.454842] fec 2188000.ethernet eth0: registered PHC device 0
[    1.460980] PPP generic driver version 2.4.2
[    1.465505] ehci_hcd: USB 2.0 'Enhanced' Host Controller (EHCI) Driver
[    1.472066] ehci-pci: EHCI PCI platform driver
[    1.476621] ehci-mxc: Freescale On-Chip EHCI Host driver
[    1.482153] usbcore: registered new interface driver usb-storage
[    1.488332] usbcore: registered new interface driver usbserial
[    1.494247] usbcore: registered new interface driver usbserial_generic
[    1.500831] usbserial: USB Serial support registered for generic
[    1.506936] usbcore: registered new interface driver ftdi_sio
[    1.512740] usbserial: USB Serial support registered for FTDI USB Serial Device
[    1.520137] usbcore: registered new interface driver option
[    1.525788] usbserial: USB Serial support registered for GSM modem (1-port)
[    1.532817] usbcore: registered new interface driver pl2303
[    1.538466] usbserial: USB Serial support registered for pl2303
[    1.545842] 2184800.usbmisc supply vbus-wakeup not found, using dummy regulator
[    1.563925] ci_hdrc ci_hdrc.1: EHCI Host Controller
[    1.568858] ci_hdrc ci_hdrc.1: new USB bus registered, assigned bus number 1
[    1.593099] ci_hdrc ci_hdrc.1: USB 2.0 started, EHCI 1.00
[    1.599333] hub 1-0:1.0: USB hub found
[    1.603184] hub 1-0:1.0: 1 port detected
[    1.608134] mousedev: PS/2 mouse device common for all mice
[    1.614332] [PENMOUNT] Loading penmount_i2c V1.15.0
[    1.622411] rtc-ds1307 1-0068: rtc core: registered m41t0 as rtc0
[    1.629194] snvs_rtc 20cc000.snvs:snvs-rtc-lp: rtc core: registered 20cc000.snvs:snvs-r as rtc1
[    1.638086] i2c /dev entries driver
[    1.643390] mxc_v4l2_output v4l2_out: V4L2 device registered as video16
[    1.650199] mxc_v4l2_output v4l2_out: V4L2 device registered as video17
[    1.657012] mxc_v4l2_output v4l2_out: V4L2 device registered as video18
[    1.663827] mxc_v4l2_output v4l2_out: V4L2 device registered as video19
[    1.672613] imx2-wdt 20bc000.wdog: timeout 60 sec (nowayout=0)
[    1.678734] usbcore: registered new interface driver btusb
[    1.684467] sdhci: Secure Digital Host Controller Interface driver
[    1.690673] sdhci: Copyright(c) Pierre Ossman
[    1.695077] sdhci-pltfm: SDHCI platform and OF driver helper
[    1.701831] /soc/aips-bus@02100000/usdhc@02190000: voltage-ranges unspecified
[    1.703193] ata1: SATA link down (SStatus 0 SControl 300)
[    1.703235] ahci-imx 2200000.sata: no device found, disabling link.
[    1.703241] ahci-imx 2200000.sata: pass ahci_imx..hotplug=1 to enable hotplug
[    1.727929] sdhci-esdhc-imx 2190000.usdhc: Got CD GPIO
[    1.734622] sdhci-esdhc-imx 2190000.usdhc: No vqmmc regulator found
[    1.783235] mmc1: SDHCI controller on 2190000.usdhc [2190000.usdhc] using ADMA
[    1.795009] /soc/aips-bus@02100000/usdhc@02194000: voltage-ranges unspecified
[    1.802217] sdhci-esdhc-imx 2194000.usdhc: Got CD GPIO
[    1.810097] sdhci-esdhc-imx 2194000.usdhc: No vqmmc regulator found
[    1.858548] mmc1: new high speed SDHC card at address 0001
[    1.863226] mmc2: SDHCI controller on 2194000.usdhc [2194000.usdhc] using ADMA
[    1.863843] /soc/aips-bus@02100000/usdhc@02198000: voltage-ranges unspecified
[    1.864276] sdhci-esdhc-imx 2198000.usdhc: No vqmmc regulator found
[    1.885319] mmcblk1: mmc1:0001 00000 7.44 GiB 
[    1.891328]  mmcblk1: p1 p2
[    1.903099] mmc0: SDHCI controller on 2198000.usdhc [2198000.usdhc] using ADMA
[    1.916123] mxc_vpu 2040000.vpu_fsl: VPU initialized
[    1.921725] mxc_vdoa 21e4000.vdoa: i.MX Video Data Order Adapter(VDOA) driver probed
[    1.943111] usb 1-1: new high-speed USB device number 2 using ci_hdrc
[    1.943815] caam 2100000.caam: Entropy delay = 3200
[    1.998321] mmc0: MAN_BKOPS_EN bit is not set
[    2.004603] caam 2100000.caam: Instantiated RNG4 SH0
[    2.026917] mmc0: new DDR MMC card at address 0001
[    2.032114] mmcblk0: mmc0:0001 Q2J54A 3.59 GiB 
[    2.036832] mmcblk0boot0: mmc0:0001 Q2J54A partition 1 16.0 MiB
[    2.042911] mmcblk0boot1: mmc0:0001 Q2J54A partition 2 16.0 MiB
[    2.049951]  mmcblk0: p1 p2
[    2.065369] caam 2100000.caam: Instantiated RNG4 SH1
[    2.070373] caam 2100000.caam: device ID = 0x0a16010000000000 (Era -524)
[    2.077120] caam 2100000.caam: job rings = 2, qi = 0
[    2.114277] hub 1-1:1.0: USB hub found
[    2.118228] hub 1-1:1.0: 4 ports detected
[    2.168041] caam algorithms registered in /proc/crypto
[    2.177182] caam_jr 2101000.jr0: registering rng-caam
[    2.183215] snvs-secvio 20cc000.caam-snvs: can't get snvs clock
[    2.189224] snvs-secvio 20cc000.caam-snvs: violation handlers armed - non-secure state
[    2.197440] hidraw: raw HID events driver (C) Jiri Kosina
[    2.203106] usbcore: registered new interface driver usbhid
[    2.208703] usbhid: USB HID core driver
[    2.217862] stmpe-adc stmpe-adc: Initialized
[    2.226004] sgtl5000 2-000a: sgtl5000 revision 0x11
[    2.256848] fsl-asrc 2034000.asrc: driver registered
[    2.402329] imx-sgtl5000 sound: sgtl5000 <-> 2028000.ssi mapping ok
[    2.403100] usb 1-1.2: new low-speed USB device number 3 using ci_hdrc
[    2.417903] imx-spdif sound-spdif: snd-soc-dummy-dai <-> 2004000.spdif mapping ok
[    2.428451] imx-audio-hdmi sound-hdmi: hdmi-hifi <-> soc:hdmi_audio@00120000 mapping ok
[    2.437355] Netfilter messages via NETLINK v0.30.
[    2.442110] nfnl_acct: registering with nfnetlink.
[    2.446998] nf_conntrack version 0.5.0 (16384 buckets, 65536 max)
[    2.453622] nf_tables: (c) 2007-2009 Patrick McHardy <kaber@trash.net>
[    2.460580] ip_tables: (C) 2000-2006 Netfilter Core Team
[    2.466564] NET: Registered protocol family 10
[    2.472133] ip6_tables: (C) 2000-2006 Netfilter Core Team
[    2.477620] NET: Registered protocol family 17
[    2.482133] bridge: automatic filtering via arp/ip/ip6tables has been deprecated. Update your scripts to load br_netfilter if you need this.
[    2.494867] Bridge firewalling registered
[    2.498943] can: controller area network core (rev 20120528 abi 9)
[    2.505246] NET: Registered protocol family 29
[    2.509745] can: raw protocol (rev 20120528)
[    2.514068] can: broadcast manager protocol (rev 20120528 t)
[    2.519764] can: netlink gateway (rev 20130117) max_hops=1
[    2.525574] Bluetooth: RFCOMM TTY layer initialized
[    2.530545] Bluetooth: RFCOMM socket layer initialized
[    2.535783] Bluetooth: RFCOMM ver 1.11
[    2.539610] Bluetooth: BNEP (Ethernet Emulation) ver 1.3
[    2.544972] Bluetooth: BNEP filters: protocol multicast
[    2.550264] Bluetooth: BNEP socket layer initialized
[    2.555311] Bluetooth: HIDP (Human Interface Emulation) ver 1.2
[    2.559693] input: PixArt Dell MS116 USB Optical Mouse as /devices/soc0/soc/2100000.aips-bus/2184200.usb/ci_hdrc.1/usb1/1-1/1-1.2/1-1.2:1.0/0003:413C:301A.0001/input/input0
[    2.560186] hid-generic 0003:413C:301A.0001: input,hidraw0: USB HID v1.11 Mouse [PixArt Dell MS116 USB Optical Mouse] on usb-ci_hdrc.1-1.2/input0
[    2.589813] Bluetooth: HIDP socket layer initialized
[    2.594886] 8021q: 802.1Q VLAN Support v1.8
[    2.599474] Key type dns_resolver registered
[    2.605821] Registering SWP/SWPB emulation handler
[    2.611375] registered taskstats version 1
[    2.616502] 1ffc000.pcie supply pcie-bus not found, using dummy regulator
[    2.653122] usb 1-1.3: new high-speed USB device number 4 using ci_hdrc
[    2.959011] imx6q-pcie 1ffc000.pcie: phy link never came up
[    2.964690] imx6q-pcie 1ffc000.pcie: failed to initialize host
[    2.970670] imx6q-pcie: probe of 1ffc000.pcie failed with error -22
[    2.981088] rtc-ds1307 1-0068: setting system clock to 2018-01-31 13:57:45 UTC (1517407065)
[    2.999498] usb_otg_vbus: disabling
[    3.003355] ALSA device list:
[    3.006354]   #0: imx6q-apalis-sgtl5000
[    3.010208]   #1: imx-spdif
[    3.013023]   #2: imx-hdmi-soc
[    3.032342] EXT4-fs (mmcblk0p2): mounted filesystem with ordered data mode. Opts: (null)
[    3.040619] VFS: Mounted root (ext4 filesystem) readonly on device 179:10.
[    3.048038] devtmpfs: mounted
[    3.051383] Freeing unused kernel memory: 372K (80a1f000 - 80a7c000)
[    3.181320] random: systemd urandom read with 15 bits of entropy available
[    3.190845] systemd[1]: systemd 229 running in system mode. (-PAM -AUDIT -SELINUX +IMA -APPARMOR +SMACK +SYSVINIT +UTMP -LIBCRYPTSETUP -GCRYPT -GNUTLS +ACL +XZ -LZ4 -SECCOMP +BLKID -ELFUTILS +KMOD -IDN)
[    3.209507] systemd[1]: Detected architecture arm.

Welcome to Boot to Qt for Embedded Linux 2.1.1 (krogoth)!

[    3.243632] systemd[1]: Set hostname to <b2qt-apalis-imx6>.
[    3.468255] systemd[1]: Listening on Journal Socket (/dev/log).
[  OK  ] Listening on Journal Socket (/dev/log).
[    3.503412] systemd[1]: Listening on Syslog Socket.
[  OK  ] Listening on Syslog Socket.
[    3.538122] systemd[1]: Listening on Network Service Netlink Socket.
[  OK  ] Listening on Network Service Netlink Socket.
[    3.563267] systemd[1]: Reached target Swap.
[  OK  ] Reached target Swap.
[    3.593640] systemd[1]: Created slice User and Session Slice.
[  OK  ] Created slice User and Session Slice.
[    3.623434] systemd[1]: Listening on Journal Socket.
[  OK  ] Listening on Journal Socket.
[    3.653444] systemd[1]: Reached target Remote File Systems.
[  OK  ] Reached target Remote File Systems.
[    3.683624] systemd[1]: Listening on udev Control Socket.
[  OK  ] Listening on udev Control Socket.
[    3.713500] systemd[1]: Listening on udev Kernel Socket.
[  OK  ] Listening on udev Kernel Socket.
[    3.743753] systemd[1]: Started Forward Password Requests to Wall Directory Watch.
[  OK  ] Started Forward Password Requests to Wall Directory Watch.
[    3.773873] systemd[1]: Created slice System Slice.
[  OK  ] Created slice System Slice.
[    3.817624] systemd[1]: Starting Load Kernel Modules...
         Starting Load Kernel Modules...
[    3.849012] systemd[1]: Mounting Temporary Directory...
         Mounting Temporary Directory...
[    3.873630] systemd[1]: Reached target Slices.
[  OK  ] Reached target Slices.
[    3.895328] systemd[1]: Created slice system-serial\x2dgetty.slice.
[  OK  ] Created slice system-serial\x2dgetty.slice.
[    3.908675] RTL871X: module init start
[    3.912487] RTL871X: rtl8723bu v4.3.6.11_12942.20141204_BTCOEX20140507-4E40
[    3.919555] RTL871X: rtl8723bu BT-Coex version = BTCOEX20140507-4E40
[    3.945534] systemd[1]: Mounting Debug File System...
         Mounting Debug File System...
[    3.965501] systemd[1]: Starting Setup Virtual Console...
         Starting Setup Virtual Console...
[    3.995595] systemd[1]: Starting Journal Service...
         Starting Journal Service...
[    4.016198] systemd[1]: Starting Create list of required static device nodes for the current kernel...
         Starting Create list of required st... nodes for the current kernel...
[    4.048761] systemd[1]: Starting File System Check on Root Device...
         Starting File System Check on Root Device...
[    4.073622] systemd[1]: Listening on /dev/initctl Compatibility Named Pipe.
[  OK  ] Listening on /[    4.082775] systemd[1]: Started Dispatch Password Requests to Console Directory Watch.
dev/initctl Compatibility Named P[    4.093418] systemd[1]: Reached target Paths.
ipe.
[  OK  ] Started Dispatch Password Requests to Console Directory Watch.
[  OK  ] Reached target Paths.
[    4.111035] systemd[1]: Mounted Debug File System.
[  OK  ] Mounted Debug [    4.117167] systemd[1]: Mounted Temporary Directory.
File System.
[  OK  ] Mounted Temporary Directory.
[    4.130028] systemd[1]: Started Setup Virtual Console.
[  OK  ] Started Setup [    4.137808] systemd[1]: Started Create list of required static device nodes for the current kernel.
Virtual Console.
[  OK  ] Started Create list of required sta...ce nodes for the current kernel.
[    4.180870] systemd[1]: Started Journal Service.
[  OK  ] Started Journal Service.
[  OK  ] Started File System Check on Root Device.
[    4.280162] RTL871X: rtw_ndev_init(wlan0)
[    4.285353] RTL871X: rtw_ndev_init(wlan1)
[    4.290469] usbcore: registered new interface driver rtl8723bu
[    4.296443] RTL871X: module init ret=0
[    4.321925] Galcore version 5.0.11.41671
         Starting Remount Root and Kernel File Systems...
[    4.360740] EXT4-fs (mmcblk0p2): re-mounted. Opts: (null)
[  OK  ] Started Remount Root and Kernel File Systems.
         Starting Flush Journal to Persistent Storage...
         Starting udev Coldplug all Devices...
         Starting Create Static Device Nodes in /dev...
[    4.513330] systemd-journald[201]: Received request to flush runtime journal from PID 1
[  OK  ] Started Flush Journal to Persistent Storage.
[  OK  ] Started Create Static Device Nodes in /dev.
         Starting udev Kernel Device Manager...
[  OK  ] Reached target Local File Systems (Pre).
         Mounting /var/volatile...
[  OK  ] Mounted /var/volatile.
[  OK  ] Started udev Kernel Device Manager.
         Starting Load/Save Random Seed...
[  OK  ] Reached target Local File Systems.
         Starting Create Volatile Files and Directories...
[  OK  ] Started Load/Save Random Seed.
[  OK  ] Started Create Volatile Files and Directories.
         Starting Update UTMP about System Boot/Shutdown...
         Starting Network Time Synchronization...
[    5.186186] tty0tty null modem driver v1.2
[  OK  ] Started Load Kernel Modules.
[  OK  ] Started Network Time Synchronization.
[  OK  ] Started Update UTMP about System Boot/Shutdown.
[  OK  ] Started udev Coldplug all Devices.
[  OK  ] Found device /dev/ttymxc0.
[  OK  ] Created slice system-systemd\x2dbacklight.slice.
         Starting Load/Save Screen Backlight...htness of backlight:backlight...
[  OK  ] Reached target System Time Synchronized.
         Starting Apply Kernel Variables...
         Mounting FUSE Control File System...
         Mounting Configuration File System...
[  OK  ] Started Apply Kernel Variables.
[  OK  ] Mounted FUSE Control File System.
[  OK  ] Mounted Configuration File System.
[  OK  ] Started Load/Save Screen Backlight Brightness of backlight:backlight.
[  OK  ] Found device /dev/ttymxc1.
[    5.899583] ERROR: v4l2 capture: slave not found!
[    5.903746] ERROR: v4l2 capture: slave not found!
[    5.907158] ERROR: v4l2 capture: slave not found!
[  OK  ] Listening on Load/Save RF Kill Switch Status /dev/rfkill Watch.
[  OK  ] Reached target Sound Card.
[  OK  ] Reached target System Initialization.
[  OK  ] Listening on D-Bus System Message Bus Socket.
[  OK  ] Listening on dropbear.socket.
[  OK  ] Listening on RPCbind Server Activation Socket.
[  OK  ] Reached target Sockets.
[  OK  ] Started Daily Cleanup of Temporary Directories.
[  OK  ] Reached target Timers.
[  OK  ] Reached target Basic System.
[  OK  ] Started D-Bus System Message Bus.
[  OK  ] Started Serial Getty on ttymxc0.
[  OK  ] Started System Logging Service.
         Starting D-BUS Session Message Bus....
[  OK  ] Started Serial Getty on ttymxc1.
[  OK  ] Reached target Login Prompts.
         Starting Save/Restore Sound Card State...
[  OK  ] Started Kernel Logging Service.
[  OK  ] Started B2Qt user application.
         Starting Login Service...
         Starting Network Service...
[  OK  ] Started D-BUS Session Message Bus..
[  OK  ] Started Save/Restore Sound Card State.
         Starting Load/Save RF Kill Switch Status...
[  OK  ] Started Network Service.
[  OK  ] Started Load/Save RF Kill Switch Status.
[  OK  ] Started Login Service.
[  OK  ] Reached target Network.
         Starting Network Time Service...
         Starting ADB Server Daemon...
[  OK  ] Started Network Time Service.
[    6.805417] file system registered
[  OK  ] Started ADB Server Daemon.
[  OK  ] Reached target Multi-User System.
ó[    6.917255] read strings
[  OK  [    6.920033] g_ffs gadget: g_ffs ready
] Started Ujet Telemetry Service.
[    6.933236] usb 1-1.1: new high-speed USB device number 5 using ci_hdrc
[  OK  ] Started Ujet Cloud Service.
[  OK  ] Started Ujet Bluetooth Audio Service.
         Starting Ujet Identify Service...
[  OK  ] Started Ujet Ble Service.
[  OK  ] Started Ujet HTTPD Service.
         Starting Update UTMP about System Runlevel Changes...
[  OK  ] Reached target Custom Target.
[    7.079787] option 1-1.1:1.0: GSM modem (1-port) converter detected
[    7.086667] usb 1-1.1: GSM modem (1-port) converter now attached to ttyUSB0
[    7.099385] option 1-1.1:1.1: GSM modem (1-port) converter detected
[    7.108535] usb 1-1.1: GSM modem (1-port) converter now attached to ttyUSB1
[    7.119127] option 1-1.1:1.2: GSM modem (1-port) converter detected
[    7.128371] usb 1-1.1: GSM modem (1-port) converter now attached to ttyUSB2
[    7.138874] option 1-1.1:1.3: GSM modem (1-port) converter detected
[    7.148284] usb 1-1.1: GSM modem (1-port) converter now attached to ttyUSB3
[    7.156165] option 1-1.1:1.4: GSM modem (1-port) converter detected
[    7.163385] usb 1-1.1: GSM modem (1-port) converter now attached to ttyUSB4
[  OK  ] Stopped Bluetooth service.
[  OK  ] Started Update UTMP about System Runlevel Changes.
[    7.425548] flexcan 2090000.flexcan can0: writing ctrl=0x01232084
[    7.891639] g_ffs gadget: high-speed config #1: FunctionFS
[    8.261480] mxc_sdc_fb fb@0: 800x480 h_sync,r,l: 72,24,96  v_sync,l,u: 7,3,10 pixclock=29500000 Hz
[    9.000722] random: nonblocking pool is initialized

Boot to Qt for Embedded Linux 2.1.1 b2qt-apalis-imx6 ttymxc0

b2qt-apalis-imx6 login: root
root@b2qt-apalis-imx6:~# dmesg | grep PEN
[    1.614332] [PENMOUNT] Loading penmount_i2c V1.15.0
root@b2qt-apalis-imx6:~# 
root@b2qt-apalis-imx6:~# cat /proc/interrupts 
           CPU0       CPU1       CPU2       CPU3       
 16:       9747       4932       6653       5348       GIC  29 Edge      twd
 17:      90374          0          0          0       GPC  55 Level     i.MX Timer Tick
 19:          0          0          0          0       GPC  20 Level     snvs-secvio
 23:          0          0          0          0       GPC 115 Level     20e0000.hdmi_video
 24:          0          0          0          0       GPC  52 Level     2004000.spdif
 25:          0          0          0          0       GPC  31 Level     2008000.ecspi
 26:          0          0          0          0       GPC  32 Level     200c000.ecspi
 27:        460          0          0          0       GPC  26 Level     2020000.serial
 28:          0          0          0          0       GPC  46 Level     2028000.ssi
 29:          0          0          0          0       GPC  50 Level     2034000.asrc
 30:          0          0          0          0       GPC   3 Edge      VPU_JPG_IRQ
 31:        247          0          0          0       GPC  12 Level     VPU_CODEC_IRQ
 36:          1          0          0          0       GPC 110 Level     can0
152:          0          0          0          0  gpio-mxc  10 Level     stmpe
162:          0          0          0          0  gpio-mxc  20 Edge      2190000.usdhc cd
224:          0          0          0          0  gpio-mxc  14 Edge      2194000.usdhc cd
276:          0          0          0          0       GPC  80 Level     20bc000.wdog
279:          0          0          0          0       GPC  49 Level     imx_thermal
284:          0          0          0          0       GPC  19 Level     rtc alarm
289:         77          0          0          0       GPC   2 Level     sdma
290:         82          0          0          0       GPC  43 Level     2184000.usb
291:       2619          0          0          0       GPC  40 Level     2184200.usb
292:         14          0          0          0       GPC 118 Level     2188000.ethernet
293:          0          0          0          0       GPC 119 Level     2188000.ethernet
294:        260          0          0          0       GPC  22 Level     mmc1
295:          0          0          0          0       GPC  23 Level     mmc2
296:      10365          0          0          0       GPC  24 Level     mmc0
297:         50          0          0          0       GPC  36 Level     21a0000.i2c
298:        505          0          0          0       GPC  37 Level     21a4000.i2c
299:          0          0          0          0       GPC  38 Level     21a8000.i2c
302:          0          0          0          0       GPC  18 Level     vdoa
303:          0          0          0          0       GPC  27 Level     21e8000.serial
304:          0          0          0          0       GPC  29 Level     21f0000.serial
305:          0          0          0          0       GPC  30 Level     21f4000.serial
306:          1          0          0          0       GPC   6 Level     2400000.ipu
307:          0          0          0          0       GPC   5 Level     2400000.ipu
308:          0          0          0          0       GPC 107 Level     mmdc_1
309:          0          0          0          0       GPC 112 Level     mmdc_1
310:          0          0          0          0       GPC 113 Level     mmdc_1
311:          0          0          0          0       GPC 114 Level     mmdc_1
312:       1416          0          0          0       GPC   9 Level   
314:          1          0          0          0       GPC  11 Level     galcore interrupt service for 2D
315:          0          0          0          0       GPC  39 Level     2200000.sata
316:       1015          0          0          0       GPC   8 Level     2800000.ipu
317:          0          0          0          0       GPC   7 Level     2800000.ipu
320:          0          0          0          0     stmpe   5 Edge      stmpe-adc
321:          0          0          0          0     stmpe   6 Edge      stmpe-adc
322:          2          0          0          0       GIC 137 Level     2101000.jr0
323:          0          0          0          0       GIC 138 Level     2102000.jr1
IPI0:          0          0          0          0  CPU wakeup interrupts
IPI1:          0      17485      28336      26555  Timer broadcast interrupts
IPI2:       2979       4484       2446       2358  Rescheduling interrupts
IPI3:         27         33         53         52  Function call interrupts
IPI4:          5          6          4          1  Single function call interrupts
IPI5:          0          0          0          0  CPU stop interrupts
IPI6:          0          0          0          0  IRQ work interrupts
IPI7:          0          0          0          0  completion interrupts
Err:          0
root@b2qt-apalis-imx6:~# 
root@b2qt-apalis-imx6:~# 
root@b2qt-apalis-imx6:~# 
root@b2qt-apalis-imx6:~# 
root@b2qt-apalis-imx6:~# 
root@b2qt-apalis-imx6:~# cd /
root@b2qt-apalis-imx6:/# dmesg
[    0.000000] Booting Linux on physical CPU 0x0
[    0.000000] Initializing cgroup subsys cpu
[    0.000000] Initializing cgroup subsys cpuacct
[    0.000000] Linux version 4.1.41-v2.7b1+g82f0f4f (behlingc@mplan-ubuntu-1610-dev) (gcc version 5.3.0 (GCC) ) #1 SMP Wed Jan 31 17:39:36 CET 2018
[    0.000000] CPU: ARMv7 Processor [412fc09a] revision 10 (ARMv7), cr=10c5387d
[    0.000000] CPU: PIPT / VIPT nonaliasing data cache, VIPT aliasing instruction cache
[    0.000000] Machine model: Toradex Apalis iMX6Q/D Module on Apalis Evaluation Board
[    0.000000] Reserved memory: created CMA memory pool at 0x62000000, size 320 MiB
[    0.000000] Reserved memory: initialized node linux,cma, compatible id shared-dma-pool
[    0.000000] Memory policy: Data cache writealloc
[    0.000000] On node 0 totalpages: 524288
[    0.000000] free_area_init_node: node 0, pgdat 80acd740, node_mem_map d0f57000
[    0.000000]   Normal zone: 3264 pages used for memmap
[    0.000000]   Normal zone: 0 pages reserved
[    0.000000]   Normal zone: 417792 pages, LIFO batch:31
[    0.000000]   HighMem zone: 106496 pages, LIFO batch:31
[    0.000000] PERCPU: Embedded 12 pages/cpu @d0efc000 s16908 r8192 d24052 u49152
[    0.000000] pcpu-alloc: s16908 r8192 d24052 u49152 alloc=12*4096
[    0.000000] pcpu-alloc: [0] 0 [0] 1 [0] 2 [0] 3 
[    0.000000] Built 1 zonelists in Zone order, mobility grouping on.  Total pages: 521024
[    0.000000] Kernel command line: vmalloc=400M user_debug=30 ip=off root=/dev/mmcblk0p2 ro rootfstype=ext4 rootwait fec_mac=00:14:2d:4e:6c:f3 consoleblank=0 no_console_suspend=1 console=tty1 console=ttymxc0,115200n8 mxc_hdmi.only_cea=1 video=mxcfb1:dev=hdmi,1920x1080M@60,if=RGB24 video=mxcfb0:dev=ldb,800x480M@60,if=RGB666 video=mxcfb2:off video=mxcfb3:off fbmem=32M
[    0.000000] PID hash table entries: 4096 (order: 2, 16384 bytes)
[    0.000000] Dentry cache hash table entries: 262144 (order: 8, 1048576 bytes)
[    0.000000] Inode-cache hash table entries: 131072 (order: 7, 524288 bytes)
[    0.000000] Memory: 1738968K/2097152K available (7679K kernel code, 330K rwdata, 2648K rodata, 372K init, 423K bss, 30504K reserved, 327680K cma-reserved, 425984K highmem)
[    0.000000] Virtual kernel memory layout:
                   vector  : 0xffff0000 - 0xffff1000   (   4 kB)
                   fixmap  : 0xffc00000 - 0xfff00000   (3072 kB)
                   vmalloc : 0xe6800000 - 0xff000000   ( 392 MB)
                   lowmem  : 0x80000000 - 0xe6000000   (1632 MB)
                   pkmap   : 0x7fe00000 - 0x80000000   (   2 MB)
                   modules : 0x7f000000 - 0x7fe00000   (  14 MB)
                     .text : 0x80008000 - 0x80a1e0a4   (10329 kB)
                     .init : 0x80a1f000 - 0x80a7c000   ( 372 kB)
                     .data : 0x80a7c000 - 0x80ace8c0   ( 331 kB)
                      .bss : 0x80ad1000 - 0x80b3ae1c   ( 424 kB)
[    0.000000] SLUB: HWalign=64, Order=0-3, MinObjects=0, CPUs=4, Nodes=1
[    0.000000] Hierarchical RCU implementation.
[    0.000000] NR_IRQS:16 nr_irqs:16 16
[    0.000000] L2C-310 erratum 769419 enabled
[    0.000000] L2C-310 enabling early BRESP for Cortex-A9
[    0.000000] L2C-310 full line of zeros enabled for Cortex-A9
[    0.000000] L2C-310 ID prefetch enabled, offset 16 lines
[    0.000000] L2C-310 dynamic clock gating enabled, standby mode enabled
[    0.000000] L2C-310 cache controller enabled, 16 ways, 1024 kB
[    0.000000] L2C-310: CACHE_ID 0x410000c7, AUX_CTRL 0x76470001
[    0.000000] mxc_clocksource_init 3000000
[    0.000000] Switching to timer-based delay loop, resolution 333ns
[    0.000008] sched_clock: 32 bits at 3000kHz, resolution 333ns, wraps every 715827882841ns
[    0.000024] clocksource mxc_timer1: mask: 0xffffffff max_cycles: 0xffffffff, max_idle_ns: 637086815595 ns
[    0.001245] Console: colour dummy device 80x30
[    0.001871] console [tty1] enabled
[    0.001902] Calibrating delay loop (skipped), value calculated using timer frequency.. 6.00 BogoMIPS (lpj=30000)
[    0.001942] pid_max: default: 32768 minimum: 301
[    0.002058] Mount-cache hash table entries: 4096 (order: 2, 16384 bytes)
[    0.002087] Mountpoint-cache hash table entries: 4096 (order: 2, 16384 bytes)
[    0.002666] Initializing cgroup subsys freezer
[    0.002705] Initializing cgroup subsys debug
[    0.002755] CPU: Testing write buffer coherency: ok
[    0.003027] Setting up static identity map for 0x10008280 - 0x100082d8
[    0.006311] Brought up 4 CPUs
[    0.006348] SMP: Total of 4 processors activated (24.00 BogoMIPS).
[    0.006370] CPU: All CPU(s) started in SVC mode.
[    0.006878] devtmpfs: initialized
[    0.019559] VFP support v0.3: implementor 41 architecture 3 part 30 variant 9 rev 4
[    0.019990] clocksource jiffies: mask: 0xffffffff max_cycles: 0xffffffff, max_idle_ns: 19112604462750000 ns
[    0.020049] futex hash table entries: 1024 (order: 4, 65536 bytes)
[    0.039719] pinctrl core: initialized pinctrl subsystem
[    0.040276] regulator-dummy: no parameters
[    0.040971] NET: Registered protocol family 16
[    0.049314] DMA: preallocated 256 KiB pool for atomic coherent allocations
[    0.079649] cpuidle: using governor ladder
[    0.109645] cpuidle: using governor menu
[    0.110022] CPU identified as i.MX6Q, silicon rev 1.5
[    0.121353] vdd1p1: 800 <--> 1375 mV at 1100 mV 
[    0.121755] vdd3p0: 2625 <--> 3400 mV at 3000 mV 
[    0.122181] vdd2p5: 2000 <--> 2750 mV at 2400 mV 
[    0.122571] vddarm: 725 <--> 1450 mV at 1150 mV 
[    0.122971] vddpu: 725 <--> 1450 mV at 1150 mV 
[    0.123364] vddsoc: 725 <--> 1450 mV at 1175 mV 
[    0.123876] mxs_phy 20c9000.usbphy: Looking up phy-3p0-supply from device tree
[    0.124266] mxs_phy 20ca000.usbphy: Looking up phy-3p0-supply from device tree
[    0.135195] hw-breakpoint: found 5 (+1 reserved) breakpoint and 1 watchpoint registers.
[    0.135243] hw-breakpoint: maximum watchpoint size is 4 bytes.
[    0.136360] imx6q-pinctrl 20e0000.iomuxc: initialized IMX pinctrl driver
[    0.138306] imx-gpc 20dc000.gpc: Looking up pu-supply from device tree
[    0.138367] imx-gpc 20dc000.gpc: no fsl,ldo-bypass found!
[    0.148652] mxs-dma 110000.dma-apbh: initialized
[    0.149556] 1P8V: 1800 mV 
[    0.149605] reg-fixed-voltage regulators:1p8v: 1P8V supplying 1800000uV
[    0.149850] 2P5V: 2500 mV 
[    0.149893] reg-fixed-voltage regulators:2p5v: 2P5V supplying 2500000uV
[    0.150086] 3P3V: 3300 mV 
[    0.150144] reg-fixed-voltage regulators:3p3v: 3P3V supplying 3300000uV
[    0.150455] usb_otg_vbus: 5000 mV 
[    0.150502] reg-fixed-voltage regulators:usb_otg_vbus: usb_otg_vbus supplying 5000000uV
[    0.150747] usb_host_vbus_hub: 5000 mV 
[    0.150789] reg-fixed-voltage regulators:usb_host_vbus_hub: usb_host_vbus_hub supplying 5000000uV
[    0.151053] usb_host_vbus: 5000 mV 
[    0.151108] reg-fixed-voltage regulators:usb_host_vbus: Looking up vin-supply from device tree
[    0.151150] usb_host_vbus: supplied by usb_host_vbus_hub
[    0.151221] reg-fixed-voltage regulators:usb_host_vbus: usb_host_vbus supplying 5000000uV
[    0.151515] vgaarb: loaded
[    0.152332] SCSI subsystem initialized
[    0.152553] libata version 3.00 loaded.
[    0.152849] usbcore: registered new interface driver usbfs
[    0.152935] usbcore: registered new interface driver hub
[    0.153042] usbcore: registered new device driver usb
[    0.153251] usb_phy_generic 2000000.aips-bus:usbphy_nop1: Looking up vcc-supply from device tree
[    0.153267] usb_phy_generic 2000000.aips-bus:usbphy_nop1: Looking up vcc-supply property in node /soc/aips-bus@02000000/usbphy_nop1 failed
[    0.153285] 2000000.aips-bus:usbphy_nop1 supply vcc not found, using dummy regulator
[    0.153440] usb_phy_generic 2000000.aips-bus:usbphy_nop2: Looking up vcc-supply from device tree
[    0.153456] usb_phy_generic 2000000.aips-bus:usbphy_nop2: Looking up vcc-supply property in node /soc/aips-bus@02000000/usbphy_nop2 failed
[    0.153467] 2000000.aips-bus:usbphy_nop2 supply vcc not found, using dummy regulator
[    0.154265] i2c-gpio i2c@0: using pins 80 (SDA) and 62 (SCL)
[    0.155237] i2c i2c-1: IMX I2C adapter registered
[    0.155275] i2c i2c-1: can't use DMA
[    0.156071] stmpe-i2c 2-0041: Looking up vcc-supply from device tree
[    0.156090] stmpe-i2c 2-0041: Looking up vcc-supply property in node /soc/aips-bus@02100000/i2c@021a4000/stmpe811@41 failed
[    0.156107] stmpe-i2c 2-0041: Looking up vio-supply from device tree
[    0.156119] stmpe-i2c 2-0041: Looking up vio-supply property in node /soc/aips-bus@02100000/i2c@021a4000/stmpe811@41 failed
[    0.156851] stmpe-i2c 2-0041: stmpe811 detected, chip id: 0x811
[    0.158773] i2c i2c-2: IMX I2C adapter registered
[    0.158810] i2c i2c-2: can't use DMA
[    0.159492] i2c i2c-3: IMX I2C adapter registered
[    0.159527] i2c i2c-3: can't use DMA
[    0.159725] Linux video capture interface: v2.00
[    0.159798] pps_core: LinuxPPS API ver. 1 registered
[    0.159822] pps_core: Software ver. 5.3.6 - Copyright 2005-2007 Rodolfo Giometti <giometti@linux.it>
[    0.159876] PTP clock support registered
[    0.179697] imx-ipuv3 2400000.ipu: IPU DMFC NORMAL mode: 1(0~1), 5B(4,5), 5F(6,7)
[    0.199690] imx-ipuv3 2800000.ipu: IPU DMFC NORMAL mode: 1(0~1), 5B(4,5), 5F(6,7)
[    0.200613] mxc_mipi_csi2 21dc000.mipi_csi: i.MX MIPI CSI2 driver probed ipu0 csi1
[    0.200659] mxc_mipi_csi2 21dc000.mipi_csi: i.MX MIPI CSI2 dphy version is 0x3130302a
[    0.200775] MIPI CSI2 driver module loaded
[    0.201063] Advanced Linux Sound Architecture Driver Initialized.
[    0.202309] Bluetooth: Core ver 2.20
[    0.202374] NET: Registered protocol family 31
[    0.202396] Bluetooth: HCI device and connection manager initialized
[    0.202428] Bluetooth: HCI socket layer initialized
[    0.202453] Bluetooth: L2CAP socket layer initialized
[    0.202497] Bluetooth: SCO socket layer initialized
[    0.203069] Switched to clocksource mxc_timer1
[    0.213933] NET: Registered protocol family 2
[    0.214707] TCP established hash table entries: 16384 (order: 4, 65536 bytes)
[    0.214877] TCP bind hash table entries: 16384 (order: 5, 131072 bytes)
[    0.215137] TCP: Hash tables configured (established 16384 bind 16384)
[    0.215240] UDP hash table entries: 1024 (order: 3, 32768 bytes)
[    0.215339] UDP-Lite hash table entries: 1024 (order: 3, 32768 bytes)
[    0.215613] NET: Registered protocol family 1
[    0.215950] RPC: Registered named UNIX socket transport module.
[    0.215981] RPC: Registered udp transport module.
[    0.216003] RPC: Registered tcp transport module.
[    0.216022] RPC: Registered tcp NFSv4.1 backchannel transport module.
[    0.216061] PCI: CLS 0 bytes, default 64
[    0.216798] CPU PMU: Failed to parse /soc/pmu/interrupt-affinity[0]
[    0.216868] hw perfevents: enabled with armv7_cortex_a9 PMU driver, 7 counters available
[    0.217936] imx rpmsg driver is registered.
[    0.218997] Bus freq driver module loaded
[    0.226027] VFS: Disk quotas dquot_6.6.0
[    0.226225] VFS: Dquot-cache hash table entries: 1024 (order 0, 4096 bytes)
[    0.227278] squashfs: version 4.0 (2009/01/31) Phillip Lougher
[    0.228070] NFS: Registering the id_resolver key type
[    0.228126] Key type id_resolver registered
[    0.228150] Key type id_legacy registered
[    0.228195] nfs4filelayout_init: NFSv4 File Layout Driver Registering...
[    0.228711] ntfs: driver 2.1.32 [Flags: R/W].
[    0.229176] fuse init (API version 7.23)
[    0.233345] bounce: pool size: 64 pages
[    0.233389] io scheduler noop registered
[    0.233418] io scheduler deadline registered
[    0.233597] io scheduler cfq registered (default)
[    0.236374] pwm-backlight backlight: Looking up power-supply from device tree
[    0.236393] pwm-backlight backlight: Looking up power-supply property in node /backlight failed
[    0.236411] backlight supply power not found, using dummy regulator
[    0.238035] MIPI DSI driver module loaded
[    0.239402] mxc_hdmi 20e0000.hdmi_video: Looking up HDMI-supply from device tree
[    0.239421] mxc_hdmi 20e0000.hdmi_video: Looking up HDMI-supply property in node /soc/hdmi_video@020e0000 failed
[    0.239434] 20e0000.hdmi_video supply HDMI not found, using dummy regulator
[    0.241373] fbcvt: 800x480@60: CVT Name - .384M9
[    0.241418] mxc_sdc_fb fb@0: registered mxc display driver ldb
[    0.245720] mxc_sdc_fb fb@0: 800x480 h_sync,r,l: 72,24,96  v_sync,l,u: 7,3,10 pixclock=29500000 Hz
[    0.266869] mxc_hdmi 20e0000.hdmi_video: Detected HDMI controller 0x13:0xa:0xa0:0xc1
[    0.266925] fbcvt: 1920x1080@60: CVT Name - 2.073M9
[    0.267047] mxc_sdc_fb fb@1: registered mxc display driver hdmi
[    0.282246] mxc_sdc_fb fb@1: 1920x1080 h_sync,r,l: 44,88,148  v_sync,l,u: 5,4,36 pixclock=148500000 Hz
[    0.293151] imx-ipuv3 2400000.ipu: IPU DMFC DP HIGH RESOLUTION: 1(0,1), 5B(2~5), 5F(6,7)
[    0.296824] mxc_sdc_fb fb@2: mxcfb2 is turned off!
[    0.296918] mxc_sdc_fb fb@3: mxcfb3 is turned off!
[    0.298449] imx-sdma 20ec000.sdma: no iram assigned, using external mem
[    0.298875] imx-sdma 20ec000.sdma: no event needs to be remapped
[    0.299176] imx-sdma 20ec000.sdma: loaded firmware 3.3
[    0.301809] imx-sdma 20ec000.sdma: initialized
[    0.303520] pfuze100-regulator 2-0008: Full layer: 2, Metal layer: 1
[    0.304140] pfuze100-regulator 2-0008: FAB: 0, FIN: 0
[    0.304168] pfuze100-regulator 2-0008: pfuze100 found.
[    0.305695] SW1AB: 300 <--> 1875 mV at 1375 mV 
[    0.307055] SW1C: 300 <--> 1875 mV at 1375 mV 
[    0.307813] SW2: at 1000 mV 
[    0.308563] SW3A: 400 <--> 1975 mV at 1500 mV 
[    0.309301] SW3B: at 1500 mV 
[    0.310063] SW4: at 1000 mV 
[    0.310843] SWBST: 5000 <--> 5150 mV at 5000 mV 
[    0.312049] VSNVS: 1000 <--> 3000 mV at 3000 mV 
[    0.312211] VREFDDR: override min_uV, 1 -> 750000
[    0.312222] VREFDDR: override max_uV, 2147483647 -> 750000
[    0.312817] VREFDDR: 750 mV 
[    0.313622] VGEN1: 800 <--> 1550 mV at 1500 mV 
[    0.314406] VGEN2: 800 <--> 1550 mV at 1500 mV 
[    0.315206] VGEN3: 1800 <--> 3300 mV at 3000 mV 
[    0.315994] VGEN4: 1800 <--> 3300 mV at 1800 mV 
[    0.316780] VGEN5: 1800 <--> 3300 mV at 2500 mV 
[    0.317571] VGEN6: 1800 <--> 3300 mV at 2800 mV 
[    0.318444] 2020000.serial: ttymxc0 at MMIO 0x2020000 (irq = 27, base_baud = 5000000) is a IMX
[    1.223555] console [ttymxc0] enabled
[    1.228118] 21e8000.serial: ttymxc1 at MMIO 0x21e8000 (irq = 303, base_baud = 5000000) is a IMX
[    1.237388] 21f0000.serial: ttymxc3 at MMIO 0x21f0000 (irq = 304, base_baud = 5000000) is a IMX
[    1.246636] 21f4000.serial: ttymxc4 at MMIO 0x21f4000 (irq = 305, base_baud = 5000000) is a IMX
[    1.257422] [drm] Initialized drm 1.1.0 20060810
[    1.262519] [drm] Initialized vivante 1.0.0 20120216 on minor 0
[    1.276628] brd: module loaded
[    1.284814] loop: module loaded
[    1.289280] ahci-imx 2200000.sata: fsl,transmit-level-mV not specified, using 00000024
[    1.297297] ahci-imx 2200000.sata: fsl,transmit-boost-mdB not specified, using 00000480
