

U-Boot 2017.03-00002-gebf9dc2527 (Jan 29 2018 - 17:39:17 +0530)

CPU:   Freescale i.MX6Q rev1.5 at 792 MHz
Reset cause: POR
I2C:   ready
DRAM:  2 GiB
PMIC: device id: 0x10, revision id: 0x21
PMIC: programmed
MMC:   FSL_SDHC: 0, FSL_SDHC: 1, FSL_SDHC: 2
Unable to allocate framebuffer memory
In:    serial
Out:   serial
Err:   serial
Model: Toradex Apalis iMX6 Quad 2GB IT V1.1C, Serial# 05146387
flash target is MMC:0
Net:   using PHY at 7
FEC [PRIME]
Fastboot: Normal
Hit any key to stop autoboot:  1  0 
boota mmc0 
CACHE: Misaligned operation at range [8ffb79a0, 8ffb7a20]
CACHE: Misaligned operation at range [8ffb79a0, 8ffb7a20]
kernel   @ 14008000 (9921584)
ramdisk  @ 15000000 (1628986)
fdt      @ 14f00000 (53857)
## Booting Android Image at 0x12000000 ...
Kernel load addr 0x14008000 size 9690 KiB
Kernel command line: console=ttymxc0,115200 init=/init video=mxcfb0:dev=ldb,fbpix=RGB32,bpp=32 video=mxcfb1:dev=hdmi,640x480M@60,if=RGB24,bpp=16 video=mxcfb2:off video=mxcfb3:off vmalloc=256M androidboot.console=ttymxc0 consoleblank=0 androidboot.hardware=freescale cma=448M androidboot.selinux=permissive androidboot.dm_verity=disabled buildvariant=user androidboot.serialno=1b2429d4ea997115 androidboot.storage_type=emmc
## Flattened Device Tree blob at 14f00000
   Booting using the fdt blob at 0x14f00000
   Loading Kernel Image ... OK
   Using Device Tree in place at 14f00000, end 14f10260

Starting kernel ...

Booting Linux on physical CPU 0x0
Linux version 4.9.67-07229-gdc6c16ec0433-dirty (embadmin@ubuntu) (gcc version 4.9 20150123 (prerelease) (GCC) ) #67 SMP PREEMPT Thu Feb 15 15:25:35 IST 2018
CPU: ARMv7 Processor [412fc09a] revision 10 (ARMv7), cr=10c53c7d
CPU: PIPT / VIPT nonaliasing data cache, VIPT aliasing instruction cache
OF: fdt:Machine model: Aravinth : Toradex Apalis iMX6Q/D Module on Ixora V1.1 Carrier Board
cma: Reserved 448 MiB at 0x22000000
Memory policy: Data cache writealloc
percpu: Embedded 15 pages/cpu @ee6b3000 s31040 r8192 d22208 u61440
Built 1 zonelists in Zone order, mobility grouping on.  Total pages: 522768
Kernel command line: console=ttymxc0,115200 init=/init video=mxcfb0:dev=ldb,fbpix=RGB32,bpp=32 video=mxcfb1:dev=hdmi,640x480M@60,if=RGB24,bpp=16 video=mxcfb2:off video=mxcfb3:off vmalloc=256M androidboot.console=ttymxc0 consoleblank=0 androidboot.hardware=freescale cma=448M androidboot.selinux=permissive androidboot.dm_verity=disabled buildvariant=user androidboot.serialno=1b2429d4ea997115 androidboot.storage_type=emmc
PID hash table entries: 4096 (order: 2, 16384 bytes)
Dentry cache hash table entries: 131072 (order: 7, 524288 bytes)
Inode-cache hash table entries: 65536 (order: 6, 262144 bytes)
Memory: 1597024K/2097152K available (13312K kernel code, 1154K rwdata, 4044K rodata, 1024K init, 604K bss, 41376K reserved, 458752K cma-reserved, 1318912K highmem)
Virtual kernel memory layout:
    vector  : 0xffff0000 - 0xffff1000   (   4 kB)
    fixmap  : 0xffc00000 - 0xfff00000   (3072 kB)
    vmalloc : 0xf0000000 - 0xff800000   ( 248 MB)
    lowmem  : 0xc0000000 - 0xef800000   ( 760 MB)
    pkmap   : 0xbfe00000 - 0xc0000000   (   2 MB)
    modules : 0xbf000000 - 0xbfe00000   (  14 MB)
      .text : 0xc0008000 - 0xc0e00000   (14304 kB)
      .init : 0xc1300000 - 0xc1400000   (1024 kB)
      .data : 0xc1400000 - 0xc1520b98   (1155 kB)
       .bss : 0xc1520b98 - 0xc15b7c28   ( 605 kB)
SLUB: HWalign=64, Order=0-3, MinObjects=0, CPUs=4, Nodes=1
Preemptible hierarchical RCU implementation.
	Build-time adjustment of leaf fanout to 32.
NR_IRQS:16 nr_irqs:16 16
L2C-310 errata 752271 769419 enabled
L2C-310 enabling early BRESP for Cortex-A9
L2C-310 full line of zeros enabled for Cortex-A9
L2C-310 ID prefetch enabled, offset 16 lines
L2C-310 dynamic clock gating enabled, standby mode enabled
L2C-310 cache controller enabled, 16 ways, 1024 kB
L2C-310: CACHE_ID 0x410000c7, AUX_CTRL 0x76470001
Switching to timer-based delay loop, resolution 333ns
sched_clock: 32 bits at 3000kHz, resolution 333ns, wraps every 715827882841ns
clocksource: mxc_timer1: mask: 0xffffffff max_cycles: 0xffffffff, max_idle_ns: 637086815595 ns
Console: colour dummy device 80x30
Calibrating delay loop (skipped), value calculated using timer frequency.. 6.00 BogoMIPS (lpj=30000)
pid_max: default: 32768 minimum: 301
Security Framework initialized
SELinux:  Initializing.
Mount-cache hash table entries: 2048 (order: 1, 8192 bytes)
Mountpoint-cache hash table entries: 2048 (order: 1, 8192 bytes)
CPU: Testing write buffer coherency: ok
CPU0: update cpu_capacity 1024
CPU0: thread -1, cpu 0, socket 0, mpidr 80000000
Setting up static identity map for 0x10100000 - 0x10100058
CPU1: update cpu_capacity 1024
CPU1: thread -1, cpu 1, socket 0, mpidr 80000001
CPU2: update cpu_capacity 1024
CPU2: thread -1, cpu 2, socket 0, mpidr 80000002
CPU3: update cpu_capacity 1024
CPU3: thread -1, cpu 3, socket 0, mpidr 80000003
Brought up 4 CPUs
SMP: Total of 4 processors activated (24.00 BogoMIPS).
CPU: All CPU(s) started in SVC mode.
CPU3: update max cpu_capacity 1024
devtmpfs: initialized
CPU2: update max cpu_capacity 1024
VFP support v0.3: implementor 41 architecture 3 part 30 variant 9 rev 4
clocksource: jiffies: mask: 0xffffffff max_cycles: 0xffffffff, max_idle_ns: 19112604462750000 ns
futex hash table entries: 1024 (order: 4, 65536 bytes)
pinctrl core: initialized pinctrl subsystem
NET: Registered protocol family 16
DMA: preallocated 256 KiB pool for atomic coherent allocations
cpuidle: using governor menu
CPU identified as i.MX6Q, silicon rev 1.5
hw-breakpoint: found 5 (+1 reserved) breakpoint and 1 watchpoint registers.
hw-breakpoint: maximum watchpoint size is 4 bytes.
imx6q-pinctrl 20e0000.iomuxc: initialized IMX pinctrl driver
imx-gpc 20dc000.gpc: no fsl,ldo-bypass found!
imx-gpc 20dc000.gpc: Registered imx-gpc
mxs-dma 110000.dma-apbh: initialized
usb_host_vbus: supplied by usb_host_vbus_hub
SCSI subsystem initialized
usbcore: registered new interface driver usbfs
usbcore: registered new interface driver hub
usbcore: registered new device driver usb
2000000.aips-bus:usbphy_nop1 supply vcc not found, using dummy regulator
2000000.aips-bus:usbphy_nop2 supply vcc not found, using dummy regulator
i2c i2c-1: IMX I2C adapter registered
i2c i2c-1: can't use DMA, using PIO instead.
stmpe-i2c 2-0041: stmpe811 detected, chip id: 0x811
i2c i2c-2: IMX I2C adapter registered
i2c i2c-2: can't use DMA, using PIO instead.
i2c i2c-3: IMX I2C adapter registered
i2c i2c-3: can't use DMA, using PIO instead.
Aravinth: i2c_adap_sw_edid_init 
Linux video capture interface: v2.00
pps_core: LinuxPPS API ver. 1 registered
pps_core: Software ver. 5.3.6 - Copyright 2005-2007 Rodolfo Giometti <giometti@linux.it>
PTP clock support registered
imx-ipuv3 2400000.ipu: IPU DMFC NORMAL mode: 1(0~1), 5B(4,5), 5F(6,7)
imx-ipuv3 2800000.ipu: IPU DMFC NORMAL mode: 1(0~1), 5B(4,5), 5F(6,7)
mxc_mipi_csi2 21dc000.mipi_csi: i.MX MIPI CSI2 driver probed ipu0 csi1
mxc_mipi_csi2 21dc000.mipi_csi: i.MX MIPI CSI2 dphy version is 0x3130302a
MIPI CSI2 driver module loaded
imx rpmsg driver is registered.
Advanced Linux Sound Architecture Driver Initialized.
Bluetooth: Core ver 2.22
NET: Registered protocol family 31
Bluetooth: HCI device and connection manager initialized
Bluetooth: HCI socket layer initialized
Bluetooth: L2CAP socket layer initialized
Bluetooth: SCO socket layer initialized
clocksource: Switched to clocksource mxc_timer1
VFS: Disk quotas dquot_6.6.0
VFS: Dquot-cache hash table entries: 1024 (order 0, 4096 bytes)
NET: Registered protocol family 2
TCP established hash table entries: 8192 (order: 3, 32768 bytes)
TCP bind hash table entries: 8192 (order: 4, 65536 bytes)
TCP: Hash tables configured (established 8192 bind 8192)
UDP hash table entries: 512 (order: 2, 16384 bytes)
UDP-Lite hash table entries: 512 (order: 2, 16384 bytes)
NET: Registered protocol family 1
RPC: Registered named UNIX socket transport module.
RPC: Registered udp transport module.
RPC: Registered tcp transport module.
RPC: Registered tcp NFSv4.1 backchannel transport module.
Trying to unpack rootfs image as initramfs...
Freeing initrd memory: 1592K
hw perfevents: enabled with armv7_cortex_a9 PMU driver, 7 counters available
Bus freq driver module loaded
audit: initializing netlink subsys (disabled)
audit: type=2000 audit(0.870:1): initialized
workingset: timestamp_bits=30 max_order=19 bucket_order=0
NFS: Registering the id_resolver key type
Key type id_resolver registered
Key type id_legacy registered
ntfs: driver 2.1.32 [Flags: R/W DEBUG].
jffs2: version 2.2. (NAND) Â© 2001-2006 Red Hat, Inc.
fuse init (API version 7.26)
NET: Registered protocol family 38
bounce: pool size: 64 pages
io scheduler noop registered
io scheduler deadline registered
io scheduler cfq registered (default)
backlight supply power not found, using dummy regulator
Aravinth: mxc_hdmi_probe 
Aravinth:fb_add_videomode 
Aravinth: fb_videomode_to_var 
Aravinth: fb_videomode_to_var var->xres=800 yres=600 xres_virtual=800 >yres_virtual=608 pixclock=18181 
Aravinth: fb_videomode_to_var Done
Aravinth:fb_add_videomode 
Aravinth:fb_mode_is_equal 
Aravinth: fb_videomode_to_var 
Aravinth: fb_videomode_to_var var->xres=1024 yres=768 xres_virtual=1024 >yres_virtual=768 pixclock=15384 
Aravinth: fb_videomode_to_var Done
Aravinth:fb_add_videomode 
Aravinth:fb_mode_is_equal 
Aravinth:fb_mode_is_equal 
Aravinth: fb_videomode_to_var 
Aravinth: fb_videomode_to_var var->xres=1280 yres=800 xres_virtual=1280 >yres_virtual=800 pixclock=14507 
Aravinth: fb_videomode_to_var Done
Aravinth:fb_add_videomode 
Aravinth:fb_mode_is_equal 
Aravinth:fb_mode_is_equal 
Aravinth:fb_mode_is_equal 
Aravinth: fb_videomode_to_var 
Aravinth: fb_videomode_to_var var->xres=1920 yres=1080 xres_virtual=1920 >yres_virtual=1088 pixclock=7220 
Aravinth: fb_videomode_to_var Done
Aravinth:fb_find_mode 
modedb fb_find_mode: Trying default video mode
Aravinth:fb_try_mode 
modedb fb_try_mode: Trying mode noname 1024x768-32@60
Aravinth:fb_var_to_videomode 
mxc_sdc_fb fb@0: registered mxc display driver ldb
Aravinth:fb_var_to_videomode 
Aravinth:fb_add_videomode 
Aravinth:fb_mode_is_equal 
Aravinth:fb_mode_is_equal 
Aravinth:fb_mode_is_equal 
Aravinth:fb_match_mode 
Aravinth:fb_var_to_videomode 
Aravinth:fb_mode_is_equal 
Aravinth:fb_mode_is_equal 
Aravinth:fb_mode_is_equal 
imx-ipuv3 2800000.ipu: IPU DMFC DP HIGH RESOLUTION: 1(0,1), 5B(2~5), 5F(6,7)
Aravinth:fb_var_to_videomode 
Aravinth:fb_add_videomode 
Aravinth:fb_mode_is_equal 
Aravinth:fb_mode_is_equal 
Aravinth:fb_mode_is_equal 
Aravinth:fb_var_to_videomode 
Aravinth:fb_add_videomode 
Aravinth:fb_mode_is_equal 
Aravinth:fb_mode_is_equal 
Aravinth:fb_mode_is_equal 
Aravinth:fb_match_mode 
Aravinth:fb_var_to_videomode 
Aravinth:fb_mode_is_equal 
Aravinth:fb_mode_is_equal 
Aravinth:fb_mode_is_equal 
Aravinth:fb_match_mode 
Aravinth:fb_var_to_videomode 
Aravinth:fb_mode_is_equal 
Aravinth:fb_mode_is_equal 
Aravinth:fb_mode_is_equal 
Aravinth: fb_videomode_to_var 
Aravinth: fb_videomode_to_var var->xres=1024 yres=768 xres_virtual=1024 >yres_virtual=768 pixclock=15384 
Aravinth: fb_videomode_to_var Done
Console: switching to colour frame buffer device 128x48
Aravinth: fb_videomode_to_var 
Aravinth: fb_videomode_to_var var->xres=1024 yres=768 xres_virtual=1024 >yres_virtual=768 pixclock=15384 
Aravinth: fb_videomode_to_var Done
Aravinth:fb_var_to_videomode 
Aravinth:fb_add_videomode 
Aravinth:fb_var_to_videomode 
Aravinth:fb_add_videomode 
Aravinth:fb_mode_is_equal 
Aravinth:fb_var_to_videomode 
Aravinth:fb_add_videomode 
Aravinth:fb_mode_is_equal 
mxc_sdc_fb fb@1: NO mxc display driver found!
mxc_sdc_fb fb@2: Can't get fb option for mxcfb2!
mxc_sdc_fb fb@3: Can't get fb option for mxcfb3!
imx-sdma 20ec000.sdma: no iram assigned, using external mem
imx-sdma 20ec000.sdma: loaded firmware 3.3
pfuze100-regulator 2-0008: Full layer: 2, Metal layer: 1
pfuze100-regulator 2-0008: FAB: 0, FIN: 0
pfuze100-regulator 2-0008: pfuze100 found.
2020000.serial: ttymxc0 at MMIO 0x2020000 (irq = 29, base_baud = 5000000) is a IMX
console [ttymxc0] enabled
21e8000.serial: ttymxc1 at MMIO 0x21e8000 (irq = 78, base_baud = 5000000) is a IMX
21f0000.serial: ttymxc3 at MMIO 0x21f0000 (irq = 79, base_baud = 5000000) is a IMX
21f4000.serial: ttymxc4 at MMIO 0x21f4000 (irq = 80, base_baud = 5000000) is a IMX
imx sema4 driver is registered.
[drm] Initialized
[drm] Initialized vivante 1.0.0 20120216 on minor 0
brd: module loaded
loop: module loaded
zram: Added device: zram0
ahci-imx 2200000.sata: fsl,transmit-level-mV not specified, using 00000024
ahci-imx 2200000.sata: fsl,transmit-boost-mdB not specified, using 00000480
ahci-imx 2200000.sata: fsl,transmit-atten-16ths not specified, using 00002000
ahci-imx 2200000.sata: fsl,receive-eq-mdB not specified, using 05000000
ahci-imx 2200000.sata: SSS flag set, parallel bus scan disabled
ahci-imx 2200000.sata: AHCI 0001.0300 32 slots 1 ports 3 Gbps 0x1 impl platform mode
ahci-imx 2200000.sata: flags: ncq sntf stag pm led clo only pmp pio slum part ccc apst 
scsi host0: ahci-imx
ata1: SATA max UDMA/133 mmio [mem 0x02200000-0x02203fff] port 0x100 irq 87
spi_imx 2008000.ecspi: probed
libphy: Fixed MDIO Bus: probed
tun: Universal TUN/TAP device driver, 1.6
tun: (C) 1999-2004 Max Krasnyansky <maxk@qualcomm.com>
CAN device driver interface
2090000.flexcan supply xceiver not found, using dummy regulator
flexcan 2090000.flexcan: device registered (reg_base=f02f4000, irq=38)
2094000.flexcan supply xceiver not found, using dummy regulator
flexcan 2094000.flexcan: device registered (reg_base=f02fc000, irq=39)
2188000.ethernet supply phy not found, using dummy regulator
pps pps0: new PPS source ptp0
libphy: fec_enet_mii_bus: probed
fec 2188000.ethernet eth0: registered PHC device 0
PPP generic driver version 2.4.2
PPP BSD Compression module registered
PPP Deflate Compression module registered
PPP MPPE Compression module registered
NET: Registered protocol family 24
usbcore: registered new interface driver rtl8xxxu
usbcore: registered new interface driver kaweth
pegasus: v0.9.3 (2013/04/25), Pegasus/Pegasus II USB Ethernet driver
usbcore: registered new interface driver pegasus
usbcore: registered new interface driver rtl8150
usbcore: registered new interface driver r8152
usbcore: registered new interface driver asix
usbcore: registered new interface driver ax88179_178a
usbcore: registered new interface driver cdc_ether
usbcore: registered new interface driver cdc_eem
usbcore: registered new interface driver net1080
usbcore: registered new interface driver cdc_subset
usbcore: registered new interface driver zaurus
usbcore: registered new interface driver cdc_ncm
ehci_hcd: USB 2.0 'Enhanced' Host Controller (EHCI) Driver
ehci-mxc: Freescale On-Chip EHCI Host driver
ohci_hcd: USB 1.1 'Open' Host Controller (OHCI) Driver
usbcore: registered new interface driver cdc_acm
cdc_acm: USB Abstract Control Model driver for USB modems and ISDN adapters
usbcore: registered new interface driver cdc_wdm
usbcore: registered new interface driver usb-storage
usbcore: registered new interface driver usbserial
usbcore: registered new interface driver usbserial_generic
usbserial: USB Serial support registered for generic
usbcore: registered new interface driver ftdi_sio
usbserial: USB Serial support registered for FTDI USB Serial Device
usbcore: registered new interface driver option
usbserial: USB Serial support registered for GSM modem (1-port)
usbcore: registered new interface driver usbtest
usbcore: registered new interface driver usb_ehset_test
2184800.usbmisc supply vbus-wakeup not found, using dummy regulator
ci_hdrc ci_hdrc.1: EHCI Host Controller
ci_hdrc ci_hdrc.1: new USB bus registered, assigned bus number 1
ci_hdrc ci_hdrc.1: USB 2.0 started, EHCI 1.00
usb usb1: New USB device found, idVendor=1d6b, idProduct=0002
usb usb1: New USB device strings: Mfr=3, Product=2, SerialNumber=1
usb usb1: Product: EHCI Host Controller
usb usb1: Manufacturer: Linux 4.9.67-07229-gdc6c16ec0433-dirty ehci_hcd
ata1: SATA link down (SStatus 0 SControl 300)
ahci-imx 2200000.sata: no device found, disabling link.
ahci-imx 2200000.sata: pass ahci_imx..hotplug=1 to enable hotplug
usb usb1: SerialNumber: ci_hdrc.1
hub 1-0:1.0: USB hub found
hub 1-0:1.0: 1 port detected
mousedev: PS/2 mouse device common for all mice
usbcore: registered new interface driver xpad
usbcore: registered new interface driver usb_acecad
usbcore: registered new interface driver aiptek
usbcore: registered new interface driver gtco
usbcore: registered new interface driver hanwang
usbcore: registered new interface driver kbtab
input: stmpe-ts as /devices/soc0/soc/2100000.aips-bus/21a4000.i2c/i2c-2/2-0041/stmpe-ts/input/input0
snvs_rtc 20cc000.snvs:snvs-rtc-lp: rtc core: registered 20cc000.snvs:snvs-r as rtc0
i2c /dev entries driver
IR NEC protocol handler initialized
IR RC5(x/sz) protocol handler initialized
IR RC6 protocol handler initialized
IR JVC protocol handler initialized
IR Sony protocol handler initialized
IR SANYO protocol handler initialized
IR Sharp protocol handler initialized
IR MCE Keyboard/mouse protocol handler initialized
IR XMP protocol handler initialized
mxc_v4l2_output v4l2_out: V4L2 device registered as video16
mxc_v4l2_output v4l2_out: V4L2 device registered as video17
ov564x_mipi 3-003c: found pwm2, period=0
usb 1-1: new high-speed USB device number 2 using ci_hdrc
ov5640_read_reg:write reg error:reg=300a
camera ov5640_mipi is not found
usbcore: registered new interface driver uvcvideo
USB Video Class driver (1.1.1)
imx2-wdt 20bc000.wdog: timeout 60 sec (nowayout=0)
device-mapper: uevent: version 1.0.3
device-mapper: ioctl: 4.35.0-ioctl (2016-06-23) initialised: dm-devel@redhat.com
Bluetooth: HCI UART driver ver 2.3
Bluetooth: HCI UART protocol H4 registered
Bluetooth: HCI UART protocol BCSP registered
Bluetooth: HCI UART protocol ATH3K registered
usbcore: registered new interface driver btusb
sdhci: Secure Digital Host Controller Interface driver
sdhci: Copyright(c) Pierre Ossman
sdhci-pltfm: SDHCI platform and OF driver helper
sdhci-esdhc-imx 2190000.usdhc: could not get ultra high speed state, work on normal mode
sdhci-esdhc-imx 2190000.usdhc: Got CD GPIO
mmc1: SDHCI controller on 2190000.usdhc [2190000.usdhc] using ADMA
sdhci-esdhc-imx 2198000.usdhc: could not get ultra high speed state, work on normal mode
usb 1-1: New USB device found, idVendor=0424, idProduct=2514
usb 1-1: New USB device strings: Mfr=0, Product=0, SerialNumber=0
hub 1-1:1.0: USB hub found
hub 1-1:1.0: 4 ports detected
mmc0: SDHCI controller on 2198000.usdhc [2198000.usdhc] using ADMA
mxc_vpu 2040000.vpu_fsl: VPU initialized
mxc_vdoa 21e4000.vdoa: i.MX Video Data Order Adapter(VDOA) driver probed
mxc_hdmi_cec soc:hdmi_cec@00120000: HDMI CEC initialized
Galcore version 6.2.2.96445
mmc0: new DDR MMC card at address 0001
mmcblk0: mmc0:0001 Q2J54A 3.59 GiB 
mmcblk0boot0: mmc0:0001 Q2J54A partition 1 16.0 MiB
mmcblk0boot1: mmc0:0001 Q2J54A partition 2 16.0 MiB
random: fast init done
Alternate GPT is invalid, using primary GPT.
 mmcblk0: p1 p2 p3 p4 p5 p6 p7 p8 p9 p10 p11
usb 1-1.2: new low-speed USB device number 3 using ci_hdrc
usb 1-1.2: New USB device found, idVendor=413c, idProduct=301a
usb 1-1.2: New USB device strings: Mfr=1, Product=2, SerialNumber=0
usb 1-1.2: Product: Dell MS116 USB Optical Mouse
usb 1-1.2: Manufacturer: PixArt
caam 2100000.caam: ERA source: CAAMVID.
caam 2100000.caam: AXI pipeline throttling enabled.
caam 2100000.caam: Instantiated RNG4 SH1
caam 2100000.caam: device ID = 0x0a16010000000000 (Era 4)
caam 2100000.caam: job rings = 2, qi = 0
caam algorithms registered in /proc/crypto
caam_jr 2101000.jr0: registering rng-caam
platform caam_sm: blkkey_ex: 4 keystore units available
platform caam_sm: 64-bit clear key:
platform caam_sm: [0000] 00 01 02 03 04 0f 06 07
platform caam_sm: 64-bit black key:
platform caam_sm: [0000] 69 52 d8 6f ef ed 07 09
platform caam_sm: [0008] 00 f5 cb 8e 28 f9 f9 cf
platform caam_sm: 128-bit clear key:
platform caam_sm: [0000] 00 01 02 03 04 0f 06 07
platform caam_sm: [0008] 08 09 0a 0b 0c 0d 0e 0f
platform caam_sm: 128-bit black key:
platform caam_sm: [0000] 38 a0 a0 40 da fb 86 a4
platform caam_sm: [0008] 34 c6 3f 90 fc c2 72 b7
platform caam_sm: 192-bit clear key:
platform caam_sm: [0000] 00 01 02 03 04 0f 06 07
platform caam_sm: [0008] 08 09 0a 0b 0c 0d 0e 0f
platform caam_sm: [0016] 10 11 12 13 14 15 16 17
platform caam_sm: 192-bit black key:
platform caam_sm: [0000] 4a ef 19 26 e2 96 36 43
platform caam_sm: [0008] 63 9a d2 7e 77 ed 12 52
platform caam_sm: [0016] ec b6 e5 bc 90 4e db 9d
platform caam_sm: [0024] 5a 52 c8 3b b9 85 61 43
platform caam_sm: 256-bit clear key:
platform caam_sm: [0000] 00 01 02 03 04 0f 06 07
platform caam_sm: [0008] 08 09 0a 0b 0c 0d 0e 0f
platform caam_sm: [0016] 10 11 12 13 14 15 16 17
platform caam_sm: [0024] 18 19 1a 1b 1c 1d 1e 1f
platform caam_sm: 256-bit black key:
platform caam_sm: [0000] 1f 22 06 e1 25 0a 34 7a
platform caam_sm: [0008] 06 c0 ce a6 2a b1 10 ef
platform caam_sm: [0016] e1 b5 b4 65 be 96 e3 9e
platform caam_sm: [0024] 9c 97 96 58 da 3d ef 69
platform caam_sm: 64-bit unwritten blob:
platform caam_sm: [0000] 00 00 00 00 00 00 00 00
platform caam_sm: [0008] 00 00 00 00 00 00 00 00
platform caam_sm: [0016] 00 00 00 00 00 00 00 00
platform caam_sm: [0024] 00 00 00 00 00 00 00 00
platform caam_sm: [0032] 00 00 00 00 00 00 00 00
platform caam_sm: [0040] 00 00 00 00 00 00 00 00
platform caam_sm: [0048] 00 00 00 00 00 00 00 00
platform caam_sm: [0056] 00 00 00 00 00 00 00 00
platform caam_sm: [0064] 00 00 00 00 00 00 00 00
platform caam_sm: [0072] 00 00 00 00 00 00 00 00
platform caam_sm: [0080] 00 00 00 00 00 00 00 00
platform caam_sm: [0088] 00 00 00 00 00 00 00 00
platform caam_sm: 128-bit unwritten blob:
platform caam_sm: [0000] 00 00 00 00 00 00 00 00
platform caam_sm: [0008] 00 00 00 00 00 00 00 00
platform caam_sm: [0016] 00 00 00 00 00 00 00 00
platform caam_sm: [0024] 00 00 00 00 00 00 00 00
platform caam_sm: [0032] 00 00 00 00 00 00 00 00
platform caam_sm: [0040] 00 00 00 00 00 00 00 00
platform caam_sm: [0048] 00 00 00 00 00 00 00 00
platform caam_sm: [0056] 00 00 00 00 00 00 00 00
platform caam_sm: [0064] 00 00 00 00 00 00 00 00
platform caam_sm: [0072] 00 00 00 00 00 00 00 00
platform caam_sm: [0080] 00 00 00 00 00 00 00 00
platform caam_sm: [0088] 00 00 00 00 00 00 00 00
platform caam_sm: 196-bit unwritten blob:
platform caam_sm: [0000] 00 00 00 00 00 00 00 00
platform caam_sm: [0008] 00 00 00 00 00 00 00 00
platform caam_sm: [0016] 00 00 00 00 00 00 00 00
platform caam_sm: [0024] 00 00 00 00 00 00 00 00
platform caam_sm: [0032] 00 00 00 00 00 00 00 00
platform caam_sm: [0040] 00 00 00 00 00 00 00 00
platform caam_sm: [0048] 00 00 00 00 00 00 00 00
platform caam_sm: [0056] 00 00 00 00 00 00 00 00
platform caam_sm: [0064] 00 00 00 00 00 00 00 00
platform caam_sm: [0072] 00 00 00 00 00 00 00 00
platform caam_sm: [0080] 00 00 00 00 00 00 00 00
platform caam_sm: [0088] 00 00 00 00 00 00 00 00
platform caam_sm: 256-bit unwritten blob:
platform caam_sm: [0000] 00 00 00 00 00 00 00 00
platform caam_sm: [0008] 00 00 00 00 00 00 00 00
platform caam_sm: [0016] 00 00 00 00 00 00 00 00
platform caam_sm: [0024] 00 00 00 00 00 00 00 00
platform caam_sm: [0032] 00 00 00 00 00 00 00 00
platform caam_sm: [0040] 00 00 00 00 00 00 00 00
platform caam_sm: [0048] 00 00 00 00 00 00 00 00
platform caam_sm: [0056] 00 00 00 00 00 00 00 00
platform caam_sm: [0064] 00 00 00 00 00 00 00 00
platform caam_sm: [0072] 00 00 00 00 00 00 00 00
platform caam_sm: [0080] 00 00 00 00 00 00 00 00
platform caam_sm: [0088] 00 00 00 00 00 00 00 00
platform caam_sm: 64-bit black key in blob:
platform caam_sm: [0000] bf e8 9b a8 8e 0e 94 66
platform caam_sm: [0008] f4 7d b5 cb 12 de 10 e0
platform caam_sm: [0016] 1f a2 b6 98 1c 29 cb fe
platform caam_sm: [0024] 41 b6 17 b7 3a 21 44 a1
platform caam_sm: [0032] 5b 54 e1 0a 2a b5 5b 6d
platform caam_sm: [0040] a9 4e 46 00 71 3a de 3a
platform caam_sm: [0048] 3b 25 70 39 ce 1d 60 1a
platform caam_sm: [0056] 00 00 00 00 00 00 00 00
platform caam_sm: [0064] 00 00 00 00 00 00 00 00
platform caam_sm: [0072] 00 00 00 00 00 00 00 00
platform caam_sm: [0080] 00 00 00 00 00 00 00 00
platform caam_sm: [0088] 00 00 00 00 00 00 00 00
platform caam_sm: 128-bit black key in blob:
platform caam_sm: [0000] 4b 77 3a d6 c4 97 35 b0
platform caam_sm: [0008] 23 ef 49 9a 67 a8 18 2e
platform caam_sm: [0016] 6f 2b d8 97 20 b5 1e 0c
platform caam_sm: [0024] e9 12 46 f9 92 29 07 af
platform caam_sm: [0032] ea 3e be 31 51 fd 1f 6f
platform caam_sm: [0040] 0c c0 cb f8 57 9a a0 09
platform caam_sm: [0048] 9b d2 91 38 f3 43 7f e7
platform caam_sm: [0056] 46 f7 d7 87 e4 be fc 57
platform caam_sm: [0064] 00 00 00 00 00 00 00 00
platform caam_sm: [0072] 00 00 00 00 00 00 00 00
platform caam_sm: [0080] 00 00 00 00 00 00 00 00
platform caam_sm: [0088] 00 00 00 00 00 00 00 00
platform caam_sm: 192-bit black key in blob:
platform caam_sm: [0000] 4a 9c d9 8c 7b bd 29 93
platform caam_sm: [0008] e2 1b f8 b2 5a 3c f1 90
platform caam_sm: [0016] 87 0b 35 9e 07 c7 8a 95
platform caam_sm: [0024] c8 74 79 5a 8f 37 ab c4
platform caam_sm: [0032] e6 34 85 90 06 f3 1a 13
platform caam_sm: [0040] 0c ee 92 56 33 b6 06 22
platform caam_sm: [0048] ac 8d 15 2b c4 1a 00 21
platform caam_sm: [0056] 02 b6 33 b0 64 91 bd 2a
platform caam_sm: [0064] df 18 02 fd fa 3b 5d cd
platform caam_sm: [0072] 00 00 00 00 00 00 00 00
platform caam_sm: [0080] 00 00 00 00 00 00 00 00
platform caam_sm: [0088] 00 00 00 00 00 00 00 00
platform caam_sm: 256-bit black key in blob:
platform caam_sm: [0000] 11 f1 b6 ca ca ca 1a e5
platform caam_sm: [0008] 82 5e 6f 0c 97 7f e7 03
platform caam_sm: [0016] 3a 2c 26 f5 bb da 10 e6
platform caam_sm: [0024] 82 c8 16 29 27 eb 63 15
platform caam_sm: [0032] ad 05 cd 88 4d 97 56 87
platform caam_sm: [0040] 43 17 2a c4 25 f3 01 05
platform caam_sm: [0048] d7 6a d5 8e 92 86 4d 5c
platform caam_sm: [0056] 9f 19 7b 60 b1 2e 10 cc
platform caam_sm: [0064] 73 7a ec ac 19 21 b1 9a
platform caam_sm: [0072] 8c 03 10 43 c6 3d 09 5c
platform caam_sm: [0080] 00 00 00 00 00 00 00 00
platform caam_sm: [0088] 00 00 00 00 00 00 00 00
platform caam_sm: restored 64-bit black key:
platform caam_sm: [0000] 0a 83 48 56 97 6a 04 a1
platform caam_sm: [0008] 56 7f 67 df c3 8e 1b fd
platform caam_sm: restored 128-bit black key:
platform caam_sm: [0000] 38 a0 a0 40 da fb 86 a4
platform caam_sm: [0008] 34 c6 3f 90 fc c2 72 b7
platform caam_sm: restored 192-bit black key:
platform caam_sm: [0000] 4a ef 19 26 e2 96 36 43
platform caam_sm: [0008] 63 9a d2 7e 77 ed 12 52
platform caam_sm: [0016] 42 c1 10 0e e6 78 1c 68
platform caam_sm: [0024] 0a ac 56 a0 f2 ab af 27
platform caam_sm: restored 256-bit black key:
platform caam_sm: [0000] 1f 22 06 e1 25 0a 34 7a
platform caam_sm: [0008] 06 c0 ce a6 2a b1 10 ef
platform caam_sm: [0016] e1 b5 b4 65 be 96 e3 9e
platform caam_sm: [0024] 9c 97 96 58 da 3d ef 69
snvs-secvio 20cc000.caam-snvs: can't get snvs clock
snvs-secvio 20cc000.caam-snvs: violation handlers armed - non-secure state
hidraw: raw HID events driver (C) Jiri Kosina
input: PixArt Dell MS116 USB Optical Mouse as /devices/soc0/soc/2100000.aips-bus/2184200.usb/ci_hdrc.1/usb1/1-1/1-1.2/1-1.2:1.0/0003:413C:301A.0001/input/input1
hid-generic 0003:413C:301A.0001: input,hidraw0: USB HID v1.11 Mouse [PixArt Dell MS116 USB Optical Mouse] on usb-ci_hdrc.1-1.2/input0
usbcore: registered new interface driver usbhid
usbhid: USB HID core driver
ashmem: initialized
usbcore: registered new interface driver snd-usb-audio
sgtl5000 2-000a: sgtl5000 revision 0x11
fsl-ssi-dai 2028000.ssi: No cache defaults, reading back from HW
fsl-hdmi-dai soc:hdmi_audio@00120000: failed to probe. Load HDMI-video first.
fsl-hdmi-dai: probe of soc:hdmi_audio@00120000 failed with error -12
imx-sgtl5000 sound: sgtl5000 <-> 2028000.ssi mapping ok
imx-spdif sound-spdif: snd-soc-dummy-dai <-> 2004000.spdif mapping ok
imx-audio-hdmi sound-hdmi: initialize HDMI-audio failed. load HDMI-video first!
NET: Registered protocol family 26
u32 classifier
    Actions configured
Netfilter messages via NETLINK v0.30.
nf_conntrack version 0.5.0 (16384 buckets, 65536 max)
ctnetlink v0.93: registering with nfnetlink.
xt_time: kernel timezone is -0000
ip_tables: (C) 2000-2006 Netfilter Core Team
arp_tables: arp_tables: (C) 2002 David S. Miller
Initializing XFRM netlink socket
NET: Registered protocol family 10
mip6: Mobile IPv6
ip6_tables: (C) 2000-2006 Netfilter Core Team
sit: IPv6, IPv4 and MPLS over IPv4 tunneling driver
NET: Registered protocol family 17
NET: Registered protocol family 15
bridge: filtering via arp/ip/ip6tables is no longer available by default. Update your scripts to load br_netfilter if you need this.
can: controller area network core (rev 20120528 abi 9)
NET: Registered protocol family 29
can: raw protocol (rev 20120528)
can: broadcast manager protocol (rev 20161123 t)
can: netlink gateway (rev 20130117) max_hops=1
Bluetooth: RFCOMM TTY layer initialized
Bluetooth: RFCOMM socket layer initialized
Bluetooth: RFCOMM ver 1.11
Bluetooth: BNEP (Ethernet Emulation) ver 1.3
Bluetooth: BNEP filters: protocol multicast
Bluetooth: BNEP socket layer initialized
Bluetooth: HIDP (Human Interface Emulation) ver 1.2
Bluetooth: HIDP socket layer initialized
8021q: 802.1Q VLAN Support v1.8
Key type dns_resolver registered
cpu cpu0: Registered imx6q-cpufreq
registered taskstats version 1
imx_thermal 2000000.aips-bus:tempmon: Industrial CPU temperature grade - max:105C critical:100C passive:95C
dhd_module_init in
input: gpio-keys as /devices/soc0/gpio-keys/input/input2
snvs_rtc 20cc000.snvs:snvs-rtc-lp: setting system clock to 1970-01-01 00:00:02 UTC (2)
usb_otg_vbus: disabling
ALSA device list:
  #0: imx6q-apalis-sgtl5000
  #1: imx-spdif
Freeing unused kernel memory: 1024K
init: init first stage started!
SELinux:  Permission validate_trans in class security not defined in policy.
SELinux:  Class cap_userns not defined in policy.
SELinux:  Class cap2_userns not defined in policy.
SELinux: the above unknown classes and permissions will be denied
audit: type=1403 audit(5.273:2): policy loaded auid=4294967295 ses=4294967295
init: (Initializing SELinux non-enforcing took 0.11s.)
init: init second stage started!
init: Running restorecon...
init: waitpid failed: No child processes
init: (Loading properties from /default.prop took 0.00s.)
init: (Parsing /init.environ.rc took 0.00s.)
init: (Parsing /init.usb.rc took 0.00s.)
init: (Parsing init.freescale.usb.rc took 0.00s.)
init: (Parsing init.freescale.i.MX6Q.rc took 0.00s.)
init: (Parsing init.freescale.emmc.rc took 0.00s.)
init: (Parsing /init.freescale.rc took 0.02s.)
ueventd: ueventd started!
ueventd: Coldboot took 0.43s.
Console: switching to colour dummy device 80x30
watchdogd: started (interval 10, margin 20)!
EXT4-fs (mmcblk0p3): mounted filesystem with ordered data mode. Opts: barrier=1
EXT4-fs (mmcblk0p10): Ignoring removed nomblk_io_submit option
EXT4-fs (mmcblk0p10): mounted filesystem with ordered data mode. Opts: nomblk_io_submit,noauto_da_alloc,errors=panic
EXT4-fs (mmcblk0p4): Ignoring removed nomblk_io_submit option
EXT4-fs (mmcblk0p4): mounted filesystem with ordered data mode. Opts: nomblk_io_submit
EXT4-fs (mmcblk0p5): mounted filesystem with ordered data mode. Opts: (null)
file system registered
using random self ethernet address
using random host ethernet address
zram0: detected capacity change from 0 to 314572800
logd.auditd: start
logd.klogd: 7557151000
Adding 307196k swap on /dev/block/zram0.  Priority:-1 extents:1 across:307196k SS
binder: 255:255 transaction failed 29189, size 0-0
logd.daemon: reinit
type=1400 audit(8.053:3): avc: denied { entrypoint } for pid=262 comm="init" path="/system/bin/can-config.sh" dev="mmcblk0p3" ino=254 scontext=u:r:obd:s0 tcontext=u:object_r:system_file:s0 tclass=file permissive=1
toradex_apalis6q:/ # type=1400 audit(8.083:4): avc: denied { read execute } for pid=262 comm="can-config.sh" path="/system/bin/sh" dev="mmcblk0p3" ino=441 scontext=u:r:obd:s0 tcontext=u:object_r:shell_exec:s0 tclass=file permissive=1
type=1400 audit(8.083:5): avc: denied { getattr } for pid=262 comm="can-config.sh" path="/system/bin/sh" dev="mmcblk0p3" ino=441 scontext=u:r:obd:s0 tcontext=u:object_r:shell_exec:s0 tclass=file permissive=1
type=1400 audit(8.083:6): avc: denied { getattr } for pid=262 comm="can-config.sh" path="/vendor" dev="rootfs" ino=6500 scontext=u:r:obd:s0 tcontext=u:object_r:rootfs:s0 tclass=lnk_file permissive=1
type=1400 audit(8.123:7): avc: denied { execute_no_trans } for pid=277 comm="can-config.sh" path="/system/bin/ip" dev="mmcblk0p3" ino=333 scontext=u:r:obd:s0 tcontext=u:object_r:system_file:s0 tclass=file permissive=1
type=1400 audit(8.183:8): avc: denied { create } for pid=263 comm="obd" scontext=u:r:obd:s0 tcontext=u:r:obd:s0 tclass=socket permissive=1
type=1400 audit(8.183:9): avc: denied { ioctl } for pid=263 comm="obd" path="socket:[11562]" dev="sockfs" ino=11562 ioctlcmd=0x8933 scontext=u:r:obd:s0 tcontext=u:r:obd:s0 tclass=socket permissive=1
IPv6: ADDRCONF(NETDEV_CHANGE): can0: link becomes ready
healthd: No battery devices found
ERROR: v4l2 capture: slave not found! V4L2_CID_HUE
ERROR: v4l2 capture: slave not found! V4L2_CID_HUE
init: Starting service 'bootanim'...
capability: warning: `main' uses 32-bit capabilities (legacy support in use)

toradex_apalis6q:/ # init: write_file: Unable to open '/sys/devices/system/cpu/cpufreq/interactive/timer_rate': No such file or directory
init: write_file: Unable to open '/sys/devices/system/cpu/cpufreq/interactive/min_sample_time': No such file or directory
init: write_file: Unable to open '/sys/devices/system/cpu/cpufreq/interactive/go_hispeed_load': No such file or directory
random: crng init done
init: write_file: Unable to open '/proc/sys/vm/extra_free_kbytes': No such file or directory

toradex_apalis6q:/ # 
toradex_apalis6q:/ # 
toradex_apalis6q:/ # acc_open
acc_release

toradex_apalis6q:/ # 
toradex_apalis6q:/ # Micrel KSZ9031 Gigabit PHY 2188000.ethernet-1:07: attached PHY driver [Micrel KSZ9031 Gigabit PHY] (mii_bus:phy_addr=2188000.ethernet-1:07, irq=120)
IPv6: ADDRCONF(NETDEV_UP): eth0: link is not ready

toradex_apalis6q:/ # 
toradex_apalis6q:/ # 
toradex_apalis6q:/ # 
type=1400 audit(34.633:34): avc: denied { write } for pid=263 comm="obd" path="socket:[11562]" dev="sockfs" ino=11562 scontext=u:r:obd:s0 tcontext=u:r:obd:s0 tclass=socket permissive=1
toradex_apalis6q:/ # i2
i2cdetect  i2cdump    i2cget     i2cset
toradex_apalis6q:/ # i2c                                                       detoradex_apalis6q:/ # i2cdetect                                                  -y 2
     0  1  2  3  4  5  6  7  8  9type=1400 audit(40.893:35): avc: denied { read write } for pid=1008 comm="i2cdetect" name="i2c-2" dev="tmpfs" ino=9706 scontext=u:r:shell:s0 tcontext=u:object_r:i2c_device:s0 tclass=chr_file permissive=1
  a  b  c  d  e  f
00:          -- -- -- -- -- UU -- UU -- -- -- -- -- 
10: -- -- -- -- -- -- type=1400 audit(40.903:36): avc: denied { open } for pid=1008 comm="i2cdetect" path="/dev/i2c-2" dev="tmpfs" ino=9706 scontext=u:r:shell:s0 tcontext=u:object_r:i2c_device:s0 tclass=chr_file permissive=1
-- -- -- -- -- -- type=1400 audit(40.903:37): avc: denied { ioctl } for pid=1008 comm="i2cdetect" path="/dev/i2c-2" dev="tmpfs" ino=9706 ioctlcmd=0x705 scontext=u:r:shell:s0 tcontext=u:object_r:i2c_device:s0 tclass=chr_file permissive=1
-- -- -- -- 
20: -- -- -- -- -- -- -- -- -- -- -- -- -- -- -- -- 
30: -- -- -- -- -- -- -- -- -- -- -- -- -- -- -- -- 
40: -- UU -- -- -- -- -- -- -- -- -- -- -- -- -- -- 
50: -- -- -- -- -- -- -- -- -- -- -- -- -- -- -- -- 
60: -- -- -- -- -- -- -- -- -- -- -- -- -- -- -- -- 
70: -- -- -- -- -- -- -- --                         
toradex_apalis6q:/ # type=1400 audit(41.343:38): avc: denied { write } for pid=263 comm="obd" path="socket:[11562]" dev="sockfs" ino=11562 scontext=u:r:obd:s0 tcontext=u:r:obd:s0 tclass=socket permissive=1
init: Service 'bootanim' (pid 353) exited with status 0
init: Starting service 'exec 3 (/system/bin/bootstat)'...
init: Service 'exec 3 (/system/bin/bootstat)' (pid 1018) exited with status 0
init: Starting service 'exec 4 (/system/bin/bootstat)'...
init: Service 'exec 4 (/system/bin/bootstat)' (pid 1028) exited with status 0
init: Starting service 'exec 5 (/system/bin/bootstat)'...
init: Service 'exec 5 (/system/bin/bootstat)' (pid 1030) exited with status 0
init: Starting service 'exec 6 (/system/bin/bootstat)'...
init: Service 'exec 6 (/system/bin/bootstat)' (pid 1031) exited with status 0

toradex_apalis6q:/ # 
toradex_apalis6q:/ # 
toradex_apalis6q:/ # type=1400 audit(44.653:39): avc: denied { write } for pid=263 comm="obd" path="socket:[11562]" dev="sockfs" ino=11562 scontext=u:r:obd:s0 tcontext=u:r:obd:s0 tclass=socket permissive=1
toradex_apalis6q:/ # i2cdetect -y 2                                            
     0  1  2  3  4  5  6  7  8  9type=1400 audit(45.413:40): avc: denied { read write } for pid=1186 comm="i2cdetect" name="i2c-2" dev="tmpfs" ino=9706 scontext=u:r:shell:s0 tcontext=u:object_r:i2c_device:s0 tclass=chr_file permissive=1
  a  b  c  d  e  f
00:          -- -- type=1400 audit(45.413:41): avc: denied { open } for pid=1186 comm="i2cdetect" path="/dev/i2c-2" dev="tmpfs" ino=9706 scontext=u:r:shell:s0 tcontext=u:object_r:i2c_device:s0 tclass=chr_file permissive=1
-- -- type=1400 audit(45.413:42): avc: denied { ioctl } for pid=1186 comm="i2cdetect" path="/dev/i2c-2" dev="tmpfs" ino=9706 ioctlcmd=0x705 scontext=u:r:shell:s0 tcontext=u:object_r:i2c_device:s0 tclass=chr_file permissive=1
-- UU -- UU -- -- -- -- -- 
10: -- -- -- -- -- -- -- -- -- -- -- -- -- -- -- -- 
20: -- -- -- -- -- -- -- -- -- -- -- -- -- -- -- -- 
30: -- -- -- -- -- -- -- -- -- -- -- -- -- -- -- -- 
40: -- UU -- -- -- -- -- -- -- -- -- -- -- -- -- -- 
50: -- -- -- -- -- -- -- -- -- -- -- -- -- -- -- -- 
60: -- -- -- -- -- -- -- -- -- -- -- -- -- -- -- -- 
70: -- -- -- -- -- -- -- --                         
toradex_apalis6q:/ # 
toradex_apalis6q:/ # 
toradex_apalis6q:/ # toradex_apalis6q:/ # i2cdetect -y 2                                            
     0  1  2  3  4  5  6  7  8  9  a  b  c  d  e  f
00:          -- -- -- -- -- UU -- UU -- -- -- -- -- 
10: -- -- -- -- -- -- -- -- -- -- -- -- -- -- -- -- 
20: -- -- -- -- -- -- -- -- -- -- -- -- -- -- -- -- 
30: -- -- -- -- -- -- -- -- -- -- -- -- -- -- -- -- 
40: -- UU -- -- -- -- -- -- -- -- -- -- -- -- -- -- 
50: -- -- -- -- -- -- -- -- -- -- -- -- -- -- -- -- 
60: -- -- -- -- -- -- -- -- -- -- -- -- -- -- -- -- 
70: -- -- -- -- -- -- -- --                         
toradex_apalis6q:/ # type=1400 audit(51.273:43): avc: denied { write } for pid=1326 comm="Thread-2" name="vcan" dev="tmpfs" ino=10366 scontext=u:r:untrusted_app:s0:c512,c768 tcontext=u:object_r:socket_device:s0 tclass=sock_file permissive=1
type=1400 audit(51.273:44): avc: denied { connectto } for pid=1326 comm="Thread-2" path="/dev/socket/vcan" scontext=u:r:untrusted_app:s0:c512,c768 tcontext=u:r:obd:s0 tclass=unix_stream_socket permissive=1

toradex_apalis6q:/ # 
toradex_apalis6q:/ # toradex_apalis6q:/ # i2cdetect -y 2                                            
     0  1  2  3  4  5  6  7  8  9  a  b  c  d  e  f
00:          -- -- -- -- -- UU -- UU -- -- -- -- -- 
10: -- -- -- -- -- -- -- -- -- -- -- -- -- -- -- -- 
20: -- -- -- -- -- -- -- -- -- -- -- -- -- -- -- -- 
30: -- -- -- -- -- -- -- -- -- -- -- -- -- -- -- -- 
40: -- UU -- -- -- -- -- -- -- -- -- -- -- -- -- -- 
50: -- -- -- -- -- -- -- -- -- -- -- -- -- -- -- -- 
60: -- -- -- -- -- -- -- -- -- -- -- -- -- -- -- -- 
70: -- -- -- -- -- -- -- --                         
toradex_apalis6q:/ # 
toradex_apalis6q:/ # 
toradex_apalis6q:/ # toradex_apalis6q:/ # i2cdetect -y 2                                            
     0  1  2  3  4  5  6  7  8  9  a  b  c  d  e  f
00:          -- -- -- -- -- UU -- UU -- -- -- -- -- 
10: -- -- -- -- -- -- -- -- -- -- -- -- -- -- -- -- 
20: -- -- -- -- -- -- -- -- -- -- -- -- -- -- -- -- 
30: -- -- -- -- -- -- -- -- -- -- -- -- -- -- -- -- 
40: -- UU -- -- -- -- -- -- -- -- -- -- -- -- -- -- 
50: -- -- -- -- -- -- -- -- -- -- -- -- -- -- -- -- 
60: -- -- -- -- -- -- -- -- -- -- -- -- -- -- -- -- 
70: -- -- -- -- -- -- -- --                         
toradex_apalis6q:/ # toradex_apalis6q:/ # i2cdetect -y 2                                            
     0  1  2  3  4  5  6  7  8  9  a  b  c  d  e  f
00:          -- -- -- -- -- UU -- UU -- -- -- -- -- 
10: -- -- -- -- -- -- -- -- -- -- -- -- -- -- -- -- 
20: -- -- -- -- -- -- -- -- -- -- -- -- -- -- -- -- 
30: -- -- -- -- -- -- -- -- -- -- -- -- -- -- -- -- 
40: -- UU -- -- -- -- -- -- -- -- -- -- -- -- -- -- 
50: -- -- -- -- -- -- -- -- -- -- -- -- -- -- -- -- 
60: -- -- -- -- -- -- -- -- -- -- -- -- -- -- -- -- 
70: -- -- -- -- -- -- -- --                         
toradex_apalis6q:/ # toradex_apalis6q:/ # i2cdetect -y 2                                            
     0  1  2  3  4  5  6  7  8  9  a  b  c  d  e  f
00:          -- -- -- -- -- UU -- UU -- -- -- -- -- 
10: -- -- -- -- -- -- -- -- -- -- -- -- -- -- -- -- 
20: -- -- -- -- -- -- -- -- -- -- -- -- -- -- -- -- 
30: -- -- -- -- -- -- -- -- -- -- -- -- -- -- -- -- 
40: -- UU -- -- -- -- -- -- -- -- -- -- -- -- -- -- 
50: -- -- -- -- -- -- -- -- -- -- -- -- -- -- -- -- 
60: -- -- -- -- -- -- -- -- -- -- -- -- -- -- -- -- 
70: -- -- -- -- -- -- -- --                         
toradex_apalis6q:/ # toradex_apalis6q:/ # i2cdetect -y 2                                             2 r 2
WARNING! This program can confuse your I2C bus, cause data loss and worse!
I will probe file /dev/i2c-2 using read byte commands.
I will probe address range 0x03-0x77.
Continue? [Y/n] 
     0  1  2  3  4  5  6  7  8  9  a  b  c  d  e  f
00:          -- -- -- -- -- UU -- UU -- -- -- -- -- 
10: -- -- -- -- -- -- -- -- -- -- -- -- -- -- -- -- 
20: -- -- -- -- -- -- -- -- -- -- -- -- -- -- -- -- 
30: -- -- -- -- -- -- -- -- -- -- -- -- -- -- -- -- 
40: -- UU -- -- -- -- -- -- -- -- -- -- -- -- -- -- 
50: -- -- -- -- -- -- -- -- -- -- -- -- -- -- -- -- 
60: -- -- -- -- -- -- -- -- -- -- -- -- -- -- -- -- 
70: -- -- -- -- -- -- -- --                         
toradex_apalis6q:/ # cat /sys
sys/     system/
toradex_apalis6q:/ # cat /sys                                                  /
block/     class/     devices/   fs/        kernel/    power/
bus/       dev/       firmware/  fsl_otp/   module/
toradex_apalis6q:/ # cat /sys/                                                 devitoradex_apalis6q:/ # cat /sys/devices/                                                 clatoradex_apalis6q:/ # cat /sys/class/                                           
android_usb/    gpio/           leds/           ptp/            spi_master/
arvo/           gpu_class/      mdio_bus/       pwm/            spidev/
ata_device/     graphics/       mem/            pyra/           switch/
ata_link/       hidraw/         misc/           rc/             thermal/
ata_port/       hwmon/          mmc_host/       regulator/      tty/
backlight/      i2c-dev/        mtd/            rfkill/         ubi/
bdi/            ieee80211/      mxc_hdmi_cec/   rtc/            udc/
block/          input/          mxc_ipu/        ryos/           vc/
bluetooth/      isku/           mxc_vpu/        savu/           video4linux/
dma/            kone/           net/            scsi_device/    vtconsole/
drm/            koneplus/       power_supply/   scsi_disk/      watchdog/
extcon/         konepure/       ppp/            scsi_host/      xt_idletimer/
firmware/       kovaplus/       pps/            sound/          zram-control/
toradex_apalis6q:/ # cat /sys/class/                                           
android_usb/    gpio/           leds/           ptp/            spi_master/
arvo/           gpu_class/      mdio_bus/       pwm/            spidev/
ata_device/     graphics/       mem/            pyra/           switch/
ata_link/       hidraw/         misc/           rc/             thermal/
ata_port/       hwmon/          mmc_host/       regulator/      tty/
backlight/      i2c-dev/        mtd/            rfkill/         ubi/
bdi/            ieee80211/      mxc_hdmi_cec/   rtc/            udc/
block/          input/          mxc_ipu/        ryos/           vc/
bluetooth/      isku/           mxc_vpu/        savu/           video4linux/
dma/            kone/           net/            scsi_device/    vtconsole/
drm/            koneplus/       power_supply/   scsi_disk/      watchdog/
extcon/         konepure/       ppp/            scsi_host/      xt_idletimer/
firmware/       kovaplus/       pps/            sound/          zram-control/
toradex_apalis6q:/ # cat /sys/class/                                           grtoradex_apalis6q:/ # cat /sys/class/graphics/                                  type=1400 audit(82.913:45): avc: denied { getattr } for pid=256 comm="sh" path="/sys/class/graphics/fb1" dev="sysfs" ino=11623 scontext=u:r:shell:s0 tcontext=u:object_r:sysfs:s0 tclass=lnk_file permissive=1

fb0/    fb1/    fbcon/
toradex_apalis6q:/ # cat /sys/class/graphics/fb                                
fb0/    fb1/    fbcon/
toradex_apalis6q:/ # cat /sys/class/graphics/fb                                0toradex_apalis6q:/ # cat /sys/class/graphics/fb0/                              type=1400 audit(85.313:46): avc: denied { getattr } for pid=256 comm="sh" path="/sys/devices/soc0/fb@0/graphics/fb0/console" dev="sysfs" ino=11597 scontext=u:r:shell:s0 tcontext=u:object_r:sysfs:s0 tclass=file permissive=1

bits_per_pixel            fsl_disp_property         state
blank                     mode                      stride
console                   modes                     subsystem/
cursor                    name                      uevent
dev                       pan                       virtual_size
device/                   power/                    vsync
fsl_disp_dev_property     rotate
toradex_apalis6q:/ # cat /sys/class/graphics/fb0/                                 b1toradex_apalis6q:/ # cat /sys/class/graphics/fb1/                              
bits_per_pixel            fsl_disp_property         state
blank                     mode                      stride
console                   modes                     subsystem/
cursor                    name                      uevent
dev                       pan                       virtual_size
device/                   power/                    vsync
fsl_disp_dev_property     rotate
toradex_apalis6q:/ # cat /sys/class/graphics/fb1/                              s
state        stride       subsystem/
toradex_apalis6q:/ # cat /sys/class/graphics/fb1/s                             t
state   stride
toradex_apalis6q:/ # cat /sys/class/graphics/fb1/st                            
/system/bin/sh: cat: /sys/class/graphics/fb1/st: No such file or directory
1|toradex_apalis6q:/ # 1|toradex_apalis6q:/ # cat /sys/class/graphics/fb1/st                          aat /sys/class/graphics/fb1/state                                              < 
0
type=1400 audit(101.253:47): avc: denied { read } for pid=256 comm="sh" name="state" dev="sysfs" ino=11643 scontext=u:r:shell:s0 tcontext=u:object_r:sysfs:s0 tclass=file permissive=1
toradex_apalis6q:/ # type=1400 audit(101.253:48): avc: denied { open } for pid=256 comm="sh" path="/sys/devices/soc0/fb@0/graphics/fb1/state" dev="sysfs" ino=11643 scontext=u:r:shell:s0 tcontext=u:object_r:sysfs:s0 tclass=file permissive=1

toradex_apalis6q:/ # toradex_apalis6q:/ # cat /sys/class/graphics/fb1/state                         
0
toradex_apalis6q:/ # 
toradex_apalis6q:/ # 
toradex_apalis6q:/ # 
toradex_apalis6q:/ # toradex_apalis6q:/ # cat /sys/class/graphics/fb1/state                         toradex_apalis6q:/ # cat /sys/class/graphics/fb1/st                            toradex_apalis6q:/ # i2cdetect -r 2                                            toradex_apalis6q:/ # i2cdetect -y 2                                               h
Error: Unsupported option "-h"!
Usage: i2cdetect [-y] [-a] [-q|-r] I2CBUS [FIRST LAST]
       i2cdetect -F I2CBUS
       i2cdetect -l
  I2CBUS is an integer or an I2C bus name
  If provided, FIRST and LAST limit the probing range.
1|toradex_apalis6q:/ # 1|toradex_apalis6q:/ # i2cdetect -h                                            1|toradex_apalis6q:/ # cat /sys/class/graphics/fb1/state                       1|toradex_apalis6q:/ # cat /sys/class/graphics/fb1/st                          1|toradex_apalis6q:/ # i2cdetect -r 2                                          r 2 a 2
WARNING! This program can confuse your I2C bus, cause data loss and worse!
I will probe file /dev/i2c-2.
I will probe address range 0x00-0x7f.
Continue? [Y/n] 
     0  1  2  3  4  5  6  7  8  9  a  b  c  d  e  f
00: 00 -- -- -- -- -- -- -- UU -- UU -- -- -- -- -- 
10: -- -- -- -- -- -- -- -- -- -- -- -- -- -- -- -- 
20: -- -- -- -- -- -- -- -- -- -- -- -- -- -- -- -- 
30: -- -- -- -- -- -- -- -- -- -- -- -- -- -- -- -- 
40: -- UU -- -- -- -- -- -- -- -- -- -- -- -- -- -- 
50: -- -- -- -- -- -- -- -- -- -- -- -- -- -- -- -- 
60: -- -- -- -- -- -- -- -- -- -- -- -- -- -- -- -- 
70: -- -- -- -- -- -- -- -- 78 -- -- -- -- -- -- -- 
toradex_apalis6q:/ # toradex_apalis6q:/ # i2cdetect -a 2                                             2 q 2
WARNING! This program can confuse your I2C bus, cause data loss and worse!
I will probe file /dev/i2c-2 using quick write commands.
I will probe address range 0x03-0x77.
Continue? [Y/n] 
     0  1  2  3  4  5  6  7  8  9  a  b  c  d  e  f
00:          -- -- -- -- -- UU -- UU -- -- -- -- -- 
10: -- -- -- -- -- -- -- -- -- -- -- -- -- -- -- -- 
20: -- -- -- -- -- -- -- -- -- -- -- -- -- -- -- -- 
30: -- -- -- -- -- -- -- -- -- -- -- -- -- -- -- -- 
40: -- UU -- -- -- -- -- -- -- -- -- -- -- -- -- -- 
50: -- -- -- -- -- -- -- -- -- -- -- -- -- -- -- -- 
60: -- -- -- -- -- -- -- -- -- -- -- -- -- -- -- -- 
70: -- -- -- -- -- -- -- --                         
toradex_apalis6q:/ # toradex_apalis6q:/ # i2cdetect -q 2                                            
WARNING! This program can confuse your I2C bus, cause data loss and worse!
I will probe file /dev/i2c-2 using quick write commands.
I will probe address range 0x03-0x77.
Continue? [Y/n] 
     0  1  2  3  4  5  6  7  8  9  a  b  c  d  e  f
00:          -- -- -- -- -- UU -- UU -- -- -- -- -- 
10: -- -- -- -- -- -- -- -- -- -- -- -- -- -- -- -- 
20: -- -- -- -- -- -- -- -- -- -- -- -- -- -- -- -- 
30: -- -- -- -- -- -- -- -- -- -- -- -- -- -- -- -- 
40: -- UU -- -- -- -- -- -- -- -- -- -- -- -- -- -- 
50: -- -- -- -- -- -- -- -- -- -- -- -- -- -- -- -- 
60: -- -- -- -- -- -- -- -- -- -- -- -- -- -- -- -- 
70: -- -- -- -- -- -- -- --                         
toradex_apalis6q:/ # 

U-Boot 2017.03-00002-gebf9dc2527 (Jan 29 2018 - 17:39:17 +0530)

CPU:   Freescale i.MX6Q rev1.5 at 792 MHz
Reset cause: POR
I2C:   ready
DRAM:  2 GiB
PMIC: device id: 0x10, revision id: 0x21
PMIC: programmed
MMC:   FSL_SDHC: 0, FSL_SDHC: 1, FSL_SDHC: 2
Unable to allocate framebuffer memory
In:    serial
Out:   serial
Err:   serial
Model: Toradex Apalis iMX6 Quad 2GB IT V1.1C, Serial# 05146387
flash target is MMC:0
Net:   using PHY at 7
FEC [PRIME]
Fastboot: Normal
Hit any key to stop autoboot:  1  0 
Apalis iMX6 #  setenv bootargs 'console=ttymxc0,115200 init=/init video=mxcfb0:off video=mxcfb0:dev=hdmi,640x480M@60,if=RGB24,bpp=16 video=mxcfb2:off video=mxcfb3:off fbmem=32M vmalloc=400M androidboot.console=ttymxc0 consoleblank=0 androidboot.hardware=freescale cma=448M androidboot.selinux=permissive androidboot.dm_verity=disabled'
Apalis iMX6 # saveenv
Saving Environment to MMC...
Writing to MMC(0)... done
Apalis iMX6 # boot
boota mmc0 
CACHE: Misaligned operation at range [8ffb79a0, 8ffb7a20]
CACHE: Misaligned operation at range [8ffb79a0, 8ffb7a20]
kernel   @ 14008000 (9921584)
ramdisk  @ 15000000 (1628986)
fdt      @ 14f00000 (53857)
## Booting Android Image at 0x12000000 ...
Kernel load addr 0x14008000 size 9690 KiB
Kernel command line: console=ttymxc0,115200 init=/init video=mxcfb0:off video=mxcfb0:dev=hdmi,640x480M@60,if=RGB24,bpp=16 video=mxcfb2:off video=mxcfb3:off fbmem=32M vmalloc=400M androidboot.console=ttymxc0 consoleblank=0 androidboot.hardware=freescale cma=448M androidboot.selinux=permissive androidboot.dm_verity=disabled androidboot.serialno=1b2429d4ea997115 androidboot.storage_type=emmc
## Flattened Device Tree blob at 14f00000
   Booting using the fdt blob at 0x14f00000
   Loading Kernel Image ... OK
   Using Device Tree in place at 14f00000, end 14f10260

Starting kernel ...

Booting Linux on physical CPU 0x0
Linux version 4.9.67-07229-gdc6c16ec0433-dirty (embadmin@ubuntu) (gcc version 4.9 20150123 (prerelease) (GCC) ) #67 SMP PREEMPT Thu Feb 15 15:25:35 IST 2018
CPU: ARMv7 Processor [412fc09a] revision 10 (ARMv7), cr=10c53c7d
CPU: PIPT / VIPT nonaliasing data cache, VIPT aliasing instruction cache
OF: fdt:Machine model: Aravinth : Toradex Apalis iMX6Q/D Module on Ixora V1.1 Carrier Board
cma: Reserved 448 MiB at 0x1a000000
Memory policy: Data cache writealloc
percpu: Embedded 15 pages/cpu @e66b3000 s31040 r8192 d22208 u61440
Built 1 zonelists in Zone order, mobility grouping on.  Total pages: 523056
Kernel command line: console=ttymxc0,115200 init=/init video=mxcfb0:off video=mxcfb0:dev=hdmi,640x480M@60,if=RGB24,bpp=16 video=mxcfb2:off video=mxcfb3:off fbmem=32M vmalloc=400M androidboot.console=ttymxc0 consoleblank=0 androidboot.hardware=freescale cma=448M androidboot.selinux=permissive androidboot.dm_verity=disabled androidboot.serialno=1b2429d4ea997115 androidboot.storage_type=emmc
PID hash table entries: 4096 (order: 2, 16384 bytes)
Dentry cache hash table entries: 131072 (order: 7, 524288 bytes)
Inode-cache hash table entries: 65536 (order: 6, 262144 bytes)
Memory: 1597024K/2097152K available (13312K kernel code, 1154K rwdata, 4044K rodata, 1024K init, 604K bss, 41376K reserved, 458752K cma-reserved, 1466368K highmem)
Virtual kernel memory layout:
    vector  : 0xffff0000 - 0xffff1000   (   4 kB)
    fixmap  : 0xffc00000 - 0xfff00000   (3072 kB)
    vmalloc : 0xe7000000 - 0xff800000   ( 392 MB)
    lowmem  : 0xc0000000 - 0xe6800000   ( 616 MB)
    pkmap   : 0xbfe00000 - 0xc0000000   (   2 MB)
    modules : 0xbf000000 - 0xbfe00000   (  14 MB)
      .text : 0xc0008000 - 0xc0e00000   (14304 kB)
      .init : 0xc1300000 - 0xc1400000   (1024 kB)
      .data : 0xc1400000 - 0xc1520b98   (1155 kB)
       .bss : 0xc1520b98 - 0xc15b7c28   ( 605 kB)
SLUB: HWalign=64, Order=0-3, MinObjects=0, CPUs=4, Nodes=1
Preemptible hierarchical RCU implementation.
	Build-time adjustment of leaf fanout to 32.
NR_IRQS:16 nr_irqs:16 16
L2C-310 errata 752271 769419 enabled
L2C-310 enabling early BRESP for Cortex-A9
L2C-310 full line of zeros enabled for Cortex-A9
L2C-310 ID prefetch enabled, offset 16 lines
L2C-310 dynamic clock gating enabled, standby mode enabled
L2C-310 cache controller enabled, 16 ways, 1024 kB
L2C-310: CACHE_ID 0x410000c7, AUX_CTRL 0x76470001
Switching to timer-based delay loop, resolution 333ns
sched_clock: 32 bits at 3000kHz, resolution 333ns, wraps every 715827882841ns
clocksource: mxc_timer1: mask: 0xffffffff max_cycles: 0xffffffff, max_idle_ns: 637086815595 ns
Console: colour dummy device 80x30
Calibrating delay loop (skipped), value calculated using timer frequency.. 6.00 BogoMIPS (lpj=30000)
pid_max: default: 32768 minimum: 301
Security Framework initialized
SELinux:  Initializing.
Mount-cache hash table entries: 2048 (order: 1, 8192 bytes)
Mountpoint-cache hash table entries: 2048 (order: 1, 8192 bytes)
CPU: Testing write buffer coherency: ok
CPU0: update cpu_capacity 1024
CPU0: thread -1, cpu 0, socket 0, mpidr 80000000
Setting up static identity map for 0x10100000 - 0x10100058
CPU1: update cpu_capacity 1024
CPU1: thread -1, cpu 1, socket 0, mpidr 80000001
CPU2: update cpu_capacity 1024
CPU2: thread -1, cpu 2, socket 0, mpidr 80000002
CPU3: update cpu_capacity 1024
CPU3: thread -1, cpu 3, socket 0, mpidr 80000003
Brought up 4 CPUs
SMP: Total of 4 processors activated (24.00 BogoMIPS).
CPU: All CPU(s) started in SVC mode.
CPU3: update max cpu_capacity 1024
devtmpfs: initialized
CPU2: update max cpu_capacity 1024
VFP support v0.3: implementor 41 architecture 3 part 30 variant 9 rev 4
clocksource: jiffies: mask: 0xffffffff max_cycles: 0xffffffff, max_idle_ns: 19112604462750000 ns
futex hash table entries: 1024 (order: 4, 65536 bytes)
pinctrl core: initialized pinctrl subsystem
NET: Registered protocol family 16
DMA: preallocated 256 KiB pool for atomic coherent allocations
cpuidle: using governor menu
CPU identified as i.MX6Q, silicon rev 1.5
hw-breakpoint: found 5 (+1 reserved) breakpoint and 1 watchpoint registers.
hw-breakpoint: maximum watchpoint size is 4 bytes.
imx6q-pinctrl 20e0000.iomuxc: initialized IMX pinctrl driver
imx-gpc 20dc000.gpc: no fsl,ldo-bypass found!
imx-gpc 20dc000.gpc: Registered imx-gpc
mxs-dma 110000.dma-apbh: initialized
usb_host_vbus: supplied by usb_host_vbus_hub
SCSI subsystem initialized
usbcore: registered new interface driver usbfs
usbcore: registered new interface driver hub
usbcore: registered new device driver usb
2000000.aips-bus:usbphy_nop1 supply vcc not found, using dummy regulator
2000000.aips-bus:usbphy_nop2 supply vcc not found, using dummy regulator
i2c i2c-1: IMX I2C adapter registered
i2c i2c-1: can't use DMA, using PIO instead.
stmpe-i2c 2-0041: stmpe811 detected, chip id: 0x811
i2c i2c-2: IMX I2C adapter registered
i2c i2c-2: can't use DMA, using PIO instead.
i2c i2c-3: IMX I2C adapter registered
i2c i2c-3: can't use DMA, using PIO instead.
Aravinth: i2c_adap_sw_edid_init 
Linux video capture interface: v2.00
pps_core: LinuxPPS API ver. 1 registered
pps_core: Software ver. 5.3.6 - Copyright 2005-2007 Rodolfo Giometti <giometti@linux.it>
PTP clock support registered
imx-ipuv3 2400000.ipu: IPU DMFC NORMAL mode: 1(0~1), 5B(4,5), 5F(6,7)
imx-ipuv3 2800000.ipu: IPU DMFC NORMAL mode: 1(0~1), 5B(4,5), 5F(6,7)
mxc_mipi_csi2 21dc000.mipi_csi: i.MX MIPI CSI2 driver probed ipu0 csi1
mxc_mipi_csi2 21dc000.mipi_csi: i.MX MIPI CSI2 dphy version is 0x3130302a
MIPI CSI2 driver module loaded
imx rpmsg driver is registered.
Advanced Linux Sound Architecture Driver Initialized.
Bluetooth: Core ver 2.22
NET: Registered protocol family 31
Bluetooth: HCI device and connection manager initialized
Bluetooth: HCI socket layer initialized
Bluetooth: L2CAP socket layer initialized
Bluetooth: SCO socket layer initialized
clocksource: Switched to clocksource mxc_timer1
VFS: Disk quotas dquot_6.6.0
VFS: Dquot-cache hash table entries: 1024 (order 0, 4096 bytes)
NET: Registered protocol family 2
TCP established hash table entries: 8192 (order: 3, 32768 bytes)
TCP bind hash table entries: 8192 (order: 4, 65536 bytes)
TCP: Hash tables configured (established 8192 bind 8192)
UDP hash table entries: 512 (order: 2, 16384 bytes)
UDP-Lite hash table entries: 512 (order: 2, 16384 bytes)
NET: Registered protocol family 1
RPC: Registered named UNIX socket transport module.
RPC: Registered udp transport module.
RPC: Registered tcp transport module.
RPC: Registered tcp NFSv4.1 backchannel transport module.
Trying to unpack rootfs image as initramfs...
Freeing initrd memory: 1592K
hw perfevents: enabled with armv7_cortex_a9 PMU driver, 7 counters available
Bus freq driver module loaded
audit: initializing netlink subsys (disabled)
audit: type=2000 audit(0.870:1): initialized
workingset: timestamp_bits=30 max_order=19 bucket_order=0
NFS: Registering the id_resolver key type
Key type id_resolver registered
Key type id_legacy registered
ntfs: driver 2.1.32 [Flags: R/W DEBUG].
jffs2: version 2.2. (NAND) Â© 2001-2006 Red Hat, Inc.
fuse init (API version 7.26)
NET: Registered protocol family 38
bounce: pool size: 64 pages
io scheduler noop registered
io scheduler deadline registered
io scheduler cfq registered (default)
backlight supply power not found, using dummy regulator
Aravinth: mxc_hdmi_probe 
mxc_sdc_fb fb@0: NO mxc display driver found!
mxc_sdc_fb fb@1: NO mxc display driver found!
mxc_sdc_fb fb@2: Can't get fb option for mxcfb2!
mxc_sdc_fb fb@3: Can't get fb option for mxcfb3!
imx-sdma 20ec000.sdma: no iram assigned, using external mem
imx-sdma 20ec000.sdma: loaded firmware 3.3
pfuze100-regulator 2-0008: Full layer: 2, Metal layer: 1
pfuze100-regulator 2-0008: FAB: 0, FIN: 0
pfuze100-regulator 2-0008: pfuze100 found.
2020000.serial: ttymxc0 at MMIO 0x2020000 (irq = 29, base_baud = 5000000) is a IMX
console [ttymxc0] enabled
21e8000.serial: ttymxc1 at MMIO 0x21e8000 (irq = 78, base_baud = 5000000) is a IMX
21f0000.serial: ttymxc3 at MMIO 0x21f0000 (irq = 79, base_baud = 5000000) is a IMX
21f4000.serial: ttymxc4 at MMIO 0x21f4000 (irq = 80, base_baud = 5000000) is a IMX
imx sema4 driver is registered.
[drm] Initialized
[drm] Initialized vivante 1.0.0 20120216 on minor 0
brd: module loaded
loop: module loaded
zram: Added device: zram0
ahci-imx 2200000.sata: fsl,transmit-level-mV not specified, using 00000024
ahci-imx 2200000.sata: fsl,transmit-boost-mdB not specified, using 00000480
ahci-imx 2200000.sata: fsl,transmit-atten-16ths not specified, using 00002000
ahci-imx 2200000.sata: fsl,receive-eq-mdB not specified, using 05000000
ahci-imx 2200000.sata: SSS flag set, parallel bus scan disabled
ahci-imx 2200000.sata: AHCI 0001.0300 32 slots 1 ports 3 Gbps 0x1 impl platform mode
ahci-imx 2200000.sata: flags: ncq sntf stag pm led clo only pmp pio slum part ccc apst 
scsi host0: ahci-imx
ata1: SATA max UDMA/133 mmio [mem 0x02200000-0x02203fff] port 0x100 irq 87
spi_imx 2008000.ecspi: probed
libphy: Fixed MDIO Bus: probed
tun: Universal TUN/TAP device driver, 1.6
tun: (C) 1999-2004 Max Krasnyansky <maxk@qualcomm.com>
CAN device driver interface
2090000.flexcan supply xceiver not found, using dummy regulator
flexcan 2090000.flexcan: device registered (reg_base=e72f4000, irq=38)
2094000.flexcan supply xceiver not found, using dummy regulator
flexcan 2094000.flexcan: device registered (reg_base=e72fc000, irq=39)
2188000.ethernet supply phy not found, using dummy regulator
pps pps0: new PPS source ptp0
libphy: fec_enet_mii_bus: probed
fec 2188000.ethernet eth0: registered PHC device 0
PPP generic driver version 2.4.2
PPP BSD Compression module registered
PPP Deflate Compression module registered
PPP MPPE Compression module registered
NET: Registered protocol family 24
usbcore: registered new interface driver rtl8xxxu
usbcore: registered new interface driver kaweth
pegasus: v0.9.3 (2013/04/25), Pegasus/Pegasus II USB Ethernet driver
usbcore: registered new interface driver pegasus
usbcore: registered new interface driver rtl8150
usbcore: registered new interface driver r8152
usbcore: registered new interface driver asix
usbcore: registered new interface driver ax88179_178a
usbcore: registered new interface driver cdc_ether
usbcore: registered new interface driver cdc_eem
usbcore: registered new interface driver net1080
usbcore: registered new interface driver cdc_subset
usbcore: registered new interface driver zaurus
usbcore: registered new interface driver cdc_ncm
ehci_hcd: USB 2.0 'Enhanced' Host Controller (EHCI) Driver
ehci-mxc: Freescale On-Chip EHCI Host driver
ohci_hcd: USB 1.1 'Open' Host Controller (OHCI) Driver
usbcore: registered new interface driver cdc_acm
cdc_acm: USB Abstract Control Model driver for USB modems and ISDN adapters
usbcore: registered new interface driver cdc_wdm
usbcore: registered new interface driver usb-storage
usbcore: registered new interface driver usbserial
usbcore: registered new interface driver usbserial_generic
usbserial: USB Serial support registered for generic
usbcore: registered new interface driver ftdi_sio
usbserial: USB Serial support registered for FTDI USB Serial Device
usbcore: registered new interface driver option
usbserial: USB Serial support registered for GSM modem (1-port)
usbcore: registered new interface driver usbtest
usbcore: registered new interface driver usb_ehset_test
2184800.usbmisc supply vbus-wakeup not found, using dummy regulator
ci_hdrc ci_hdrc.1: EHCI Host Controller
ci_hdrc ci_hdrc.1: new USB bus registered, assigned bus number 1
ci_hdrc ci_hdrc.1: USB 2.0 started, EHCI 1.00
usb usb1: New USB device found, idVendor=1d6b, idProduct=0002
usb usb1: New USB device strings: Mfr=3, Product=2, SerialNumber=1
usb usb1: Product: EHCI Host Controller
usb usb1: Manufacturer: Linux 4.9.67-07229-gdc6c16ec0433-dirty ehci_hcd
ata1: SATA link down (SStatus 0 SControl 300)
ahci-imx 2200000.sata: no device found, disabling link.
ahci-imx 2200000.sata: pass ahci_imx..hotplug=1 to enable hotplug
usb usb1: SerialNumber: ci_hdrc.1
hub 1-0:1.0: USB hub found
hub 1-0:1.0: 1 port detected
mousedev: PS/2 mouse device common for all mice
usbcore: registered new interface driver xpad
usbcore: registered new interface driver usb_acecad
usbcore: registered new interface driver aiptek
usbcore: registered new interface driver gtco
usbcore: registered new interface driver hanwang
usbcore: registered new interface driver kbtab
input: stmpe-ts as /devices/soc0/soc/2100000.aips-bus/21a4000.i2c/i2c-2/2-0041/stmpe-ts/input/input0
snvs_rtc 20cc000.snvs:snvs-rtc-lp: rtc core: registered 20cc000.snvs:snvs-r as rtc0
i2c /dev entries driver
IR NEC protocol handler initialized
IR RC5(x/sz) protocol handler initialized
IR RC6 protocol handler initialized
IR JVC protocol handler initialized
IR Sony protocol handler initialized
IR SANYO protocol handler initialized
IR Sharp protocol handler initialized
IR MCE Keyboard/mouse protocol handler initialized
IR XMP protocol handler initialized
ov564x_mipi 3-003c: found pwm2, period=0
usb 1-1: new high-speed USB device number 2 using ci_hdrc
ov5640_read_reg:write reg error:reg=300a
camera ov5640_mipi is not found
usbcore: registered new interface driver uvcvideo
USB Video Class driver (1.1.1)
imx2-wdt 20bc000.wdog: timeout 60 sec (nowayout=0)
device-mapper: uevent: version 1.0.3
device-mapper: ioctl: 4.35.0-ioctl (2016-06-23) initialised: dm-devel@redhat.com
Bluetooth: HCI UART driver ver 2.3
Bluetooth: HCI UART protocol H4 registered
Bluetooth: HCI UART protocol BCSP registered
Bluetooth: HCI UART protocol ATH3K registered
usbcore: registered new interface driver btusb
sdhci: Secure Digital Host Controller Interface driver
sdhci: Copyright(c) Pierre Ossman
sdhci-pltfm: SDHCI platform and OF driver helper
sdhci-esdhc-imx 2190000.usdhc: could not get ultra high speed state, work on normal mode
sdhci-esdhc-imx 2190000.usdhc: Got CD GPIO
mmc1: SDHCI controller on 2190000.usdhc [2190000.usdhc] using ADMA
sdhci-esdhc-imx 2198000.usdhc: could not get ultra high speed state, work on normal mode
usb 1-1: New USB device found, idVendor=0424, idProduct=2514
usb 1-1: New USB device strings: Mfr=0, Product=0, SerialNumber=0
hub 1-1:1.0: USB hub found
hub 1-1:1.0: 4 ports detected
mmc0: SDHCI controller on 2198000.usdhc [2198000.usdhc] using ADMA
mxc_vpu 2040000.vpu_fsl: VPU initialized
mxc_vdoa 21e4000.vdoa: i.MX Video Data Order Adapter(VDOA) driver probed
mxc_hdmi_cec soc:hdmi_cec@00120000: HDMI CEC initialized
Galcore version 6.2.2.96445
mmc0: new DDR MMC card at address 0001
mmcblk0: mmc0:0001 Q2J54A 3.59 GiB 
mmcblk0boot0: mmc0:0001 Q2J54A partition 1 16.0 MiB
mmcblk0boot1: mmc0:0001 Q2J54A partition 2 16.0 MiB
random: fast init done
Alternate GPT is invalid, using primary GPT.
 mmcblk0: p1 p2 p3 p4 p5 p6 p7 p8 p9 p10 p11
usb 1-1.2: new low-speed USB device number 3 using ci_hdrc
usb 1-1.2: New USB device found, idVendor=413c, idProduct=301a
usb 1-1.2: New USB device strings: Mfr=1, Product=2, SerialNumber=0
usb 1-1.2: Product: Dell MS116 USB Optical Mouse
usb 1-1.2: Manufacturer: PixArt
caam 2100000.caam: ERA source: CAAMVID.
caam 2100000.caam: AXI pipeline throttling enabled.
caam 2100000.caam: Instantiated RNG4 SH1
caam 2100000.caam: device ID = 0x0a16010000000000 (Era 4)
caam 2100000.caam: job rings = 2, qi = 0
caam algorithms registered in /proc/crypto
caam_jr 2101000.jr0: registering rng-caam
platform caam_sm: blkkey_ex: 4 keystore units available
platform caam_sm: 64-bit clear key:
platform caam_sm: [0000] 00 01 02 03 04 0f 06 07
platform caam_sm: 64-bit black key:
platform caam_sm: [0000] 79 e2 5c c2 00 5f c8 4d
platform caam_sm: [0008] e8 01 b4 aa 18 6a 13 0c
platform caam_sm: 128-bit clear key:
platform caam_sm: [0000] 00 01 02 03 04 0f 06 07
platform caam_sm: [0008] 08 09 0a 0b 0c 0d 0e 0f
platform caam_sm: 128-bit black key:
platform caam_sm: [0000] 69 a8 59 60 a2 db 81 7c
platform caam_sm: [0008] 8b 6c 42 63 db b8 b2 e7
platform caam_sm: 192-bit clear key:
platform caam_sm: [0000] 00 01 02 03 04 0f 06 07
platform caam_sm: [0008] 08 09 0a 0b 0c 0d 0e 0f
platform caam_sm: [0016] 10 11 12 13 14 15 16 17
platform caam_sm: 192-bit black key:
platform caam_sm: [0000] 9e 86 2a bf 4b db f8 a3
platform caam_sm: [0008] 64 21 0b 30 fb c7 ac 2a
platform caam_sm: [0016] 47 84 cc 25 b8 8e 6d 21
platform caam_sm: [0024] 2c 56 51 66 ff 38 0f e5
platform caam_sm: 256-bit clear key:
platform caam_sm: [0000] 00 01 02 03 04 0f 06 07
platform caam_sm: [0008] 08 09 0a 0b 0c 0d 0e 0f
platform caam_sm: [0016] 10 11 12 13 14 15 16 17
platform caam_sm: [0024] 18 19 1a 1b 1c 1d 1e 1f
platform caam_sm: 256-bit black key:
platform caam_sm: [0000] bf 01 cc ea ea d7 6b b7
platform caam_sm: [0008] a2 19 ae 27 fe 1b 90 89
platform caam_sm: [0016] 09 bb b8 28 3a 44 f3 da
platform caam_sm: [0024] ad e2 cb 60 0a 87 66 3d
platform caam_sm: 64-bit unwritten blob:
platform caam_sm: [0000] 00 00 00 00 00 00 00 00
platform caam_sm: [0008] 00 00 00 00 00 00 00 00
platform caam_sm: [0016] 00 00 00 00 00 00 00 00
platform caam_sm: [0024] 00 00 00 00 00 00 00 00
platform caam_sm: [0032] 00 00 00 00 00 00 00 00
platform caam_sm: [0040] 00 00 00 00 00 00 00 00
platform caam_sm: [0048] 00 00 00 00 00 00 00 00
platform caam_sm: [0056] 00 00 00 00 00 00 00 00
platform caam_sm: [0064] 00 00 00 00 00 00 00 00
platform caam_sm: [0072] 00 00 00 00 00 00 00 00
platform caam_sm: [0080] 00 00 00 00 00 00 00 00
platform caam_sm: [0088] 00 00 00 00 00 00 00 00
platform caam_sm: 128-bit unwritten blob:
platform caam_sm: [0000] 00 00 00 00 00 00 00 00
platform caam_sm: [0008] 00 00 00 00 00 00 00 00
platform caam_sm: [0016] 00 00 00 00 00 00 00 00
platform caam_sm: [0024] 00 00 00 00 00 00 00 00
platform caam_sm: [0032] 00 00 00 00 00 00 00 00
platform caam_sm: [0040] 00 00 00 00 00 00 00 00
platform caam_sm: [0048] 00 00 00 00 00 00 00 00
platform caam_sm: [0056] 00 00 00 00 00 00 00 00
platform caam_sm: [0064] 00 00 00 00 00 00 00 00
platform caam_sm: [0072] 00 00 00 00 00 00 00 00
platform caam_sm: [0080] 00 00 00 00 00 00 00 00
platform caam_sm: [0088] 00 00 00 00 00 00 00 00
platform caam_sm: 196-bit unwritten blob:
platform caam_sm: [0000] 00 00 00 00 00 00 00 00
platform caam_sm: [0008] 00 00 00 00 00 00 00 00
platform caam_sm: [0016] 00 00 00 00 00 00 00 00
platform caam_sm: [0024] 00 00 00 00 00 00 00 00
platform caam_sm: [0032] 00 00 00 00 00 00 00 00
platform caam_sm: [0040] 00 00 00 00 00 00 00 00
platform caam_sm: [0048] 00 00 00 00 00 00 00 00
platform caam_sm: [0056] 00 00 00 00 00 00 00 00
platform caam_sm: [0064] 00 00 00 00 00 00 00 00
platform caam_sm: [0072] 00 00 00 00 00 00 00 00
platform caam_sm: [0080] 00 00 00 00 00 00 00 00
platform caam_sm: [0088] 00 00 00 00 00 00 00 00
platform caam_sm: 256-bit unwritten blob:
platform caam_sm: [0000] 00 00 00 00 00 00 00 00
platform caam_sm: [0008] 00 00 00 00 00 00 00 00
platform caam_sm: [0016] 00 00 00 00 00 00 00 00
platform caam_sm: [0024] 00 00 00 00 00 00 00 00
platform caam_sm: [0032] 00 00 00 00 00 00 00 00
platform caam_sm: [0040] 00 00 00 00 00 00 00 00
platform caam_sm: [0048] 00 00 00 00 00 00 00 00
platform caam_sm: [0056] 00 00 00 00 00 00 00 00
platform caam_sm: [0064] 00 00 00 00 00 00 00 00
platform caam_sm: [0072] 00 00 00 00 00 00 00 00
platform caam_sm: [0080] 00 00 00 00 00 00 00 00
platform caam_sm: [0088] 00 00 00 00 00 00 00 00
platform caam_sm: 64-bit black key in blob:
platform caam_sm: [0000] 66 2f ad 34 a1 51 86 94
platform caam_sm: [0008] cb 37 1f 4c e5 03 d8 3f
platform caam_sm: [0016] 76 80 49 db 21 6a bd 5c
platform caam_sm: [0024] 6d 36 b8 21 bb f0 c3 39
platform caam_sm: [0032] bd 43 63 91 39 9d 03 8c
platform caam_sm: [0040] 55 fc df e1 ed e9 10 67
platform caam_sm: [0048] fb df 23 9f 37 6e 50 c9
platform caam_sm: [0056] 00 00 00 00 00 00 00 00
platform caam_sm: [0064] 00 00 00 00 00 00 00 00
platform caam_sm: [0072] 00 00 00 00 00 00 00 00
platform caam_sm: [0080] 00 00 00 00 00 00 00 00
platform caam_sm: [0088] 00 00 00 00 00 00 00 00
platform caam_sm: 128-bit black key in blob:
platform caam_sm: [0000] a7 b8 b1 62 9d 37 75 4d
platform caam_sm: [0008] 37 7a 9a 06 84 08 ce 8c
platform caam_sm: [0016] 47 cc b8 1a 87 16 ed ab
platform caam_sm: [0024] 24 a7 b3 29 cd 5b 96 14
platform caam_sm: [0032] 93 e9 4a fa 9f b3 fa 60
platform caam_sm: [0040] 9b 3c 31 42 4a 9d 9b 3f
platform caam_sm: [0048] b0 41 c8 55 29 fc c1 30
platform caam_sm: [0056] 7b 57 5c 26 28 9e 33 b0
platform caam_sm: [0064] 00 00 00 00 00 00 00 00
platform caam_sm: [0072] 00 00 00 00 00 00 00 00
platform caam_sm: [0080] 00 00 00 00 00 00 00 00
platform caam_sm: [0088] 00 00 00 00 00 00 00 00
platform caam_sm: 192-bit black key in blob:
platform caam_sm: [0000] 35 0c 2a bd b0 d9 77 83
platform caam_sm: [0008] b1 e8 23 dd 0f 1f 2c a8
platform caam_sm: [0016] 1a 67 3c 40 9b 71 fd bd
platform caam_sm: [0024] 99 84 d3 63 08 52 8b c5
platform caam_sm: [0032] 61 2e 2f 9a 16 ac 71 77
platform caam_sm: [0040] 02 4b c9 78 b6 c4 7f de
platform caam_sm: [0048] fb 1f cd 1d 59 18 41 ce
platform caam_sm: [0056] 01 29 80 01 fa 54 ff a4
platform caam_sm: [0064] eb f1 ac 1d 6e 28 c1 1b
platform caam_sm: [0072] 00 00 00 00 00 00 00 00
platform caam_sm: [0080] 00 00 00 00 00 00 00 00
platform caam_sm: [0088] 00 00 00 00 00 00 00 00
platform caam_sm: 256-bit black key in blob:
platform caam_sm: [0000] 13 56 21 59 6b f4 54 10
platform caam_sm: [0008] 17 09 ee 0c f4 aa 5f e7
platform caam_sm: [0016] 69 0b c8 8b 92 50 dc d6
platform caam_sm: [0024] 02 a4 0f 4e 89 6e 6e 27
platform caam_sm: [0032] df dc ea 95 94 62 54 07
platform caam_sm: [0040] a7 92 39 e6 4d ca 36 65
platform caam_sm: [0048] 21 8e ce 3e 8e e2 d0 f4
platform caam_sm: [0056] 49 5a 07 b5 b3 0a 13 22
platform caam_sm: [0064] 51 cb cc fb e7 3f 0e bd
platform caam_sm: [0072] 04 96 95 af a2 b3 05 a6
platform caam_sm: [0080] 00 00 00 00 00 00 00 00
platform caam_sm: [0088] 00 00 00 00 00 00 00 00
platform caam_sm: restored 64-bit black key:
platform caam_sm: [0000] a0 b4 44 27 9c ec 53 a6
platform caam_sm: [0008] 97 da 16 10 f1 10 39 6b
platform caam_sm: restored 128-bit black key:
platform caam_sm: [0000] 69 a8 59 60 a2 db 81 7c
platform caam_sm: [0008] 8b 6c 42 63 db b8 b2 e7
platform caam_sm: restored 192-bit black key:
platform caam_sm: [0000] 9e 86 2a bf 4b db f8 a3
platform caam_sm: [0008] 64 21 0b 30 fb c7 ac 2a
platform caam_sm: [0016] e0 6a 8e 98 6e 81 74 ce
platform caam_sm: [0024] 8c 41 16 24 4e 87 77 bc
platform caam_sm: restored 256-bit black key:
platform caam_sm: [0000] bf 01 cc ea ea d7 6b b7
platform caam_sm: [0008] a2 19 ae 27 fe 1b 90 89
platform caam_sm: [0016] 09 bb b8 28 3a 44 f3 da
platform caam_sm: [0024] ad e2 cb 60 0a 87 66 3d
snvs-secvio 20cc000.caam-snvs: can't get snvs clock
snvs-secvio 20cc000.caam-snvs: violation handlers armed - non-secure state
hidraw: raw HID events driver (C) Jiri Kosina
input: PixArt Dell MS116 USB Optical Mouse as /devices/soc0/soc/2100000.aips-bus/2184200.usb/ci_hdrc.1/usb1/1-1/1-1.2/1-1.2:1.0/0003:413C:301A.0001/input/input1
hid-generic 0003:413C:301A.0001: input,hidraw0: USB HID v1.11 Mouse [PixArt Dell MS116 USB Optical Mouse] on usb-ci_hdrc.1-1.2/input0
usbcore: registered new interface driver usbhid
usbhid: USB HID core driver
ashmem: initialized
usbcore: registered new interface driver snd-usb-audio
sgtl5000 2-000a: sgtl5000 revision 0x11
fsl-ssi-dai 2028000.ssi: No cache defaults, reading back from HW
fsl-hdmi-dai soc:hdmi_audio@00120000: failed to probe. Load HDMI-video first.
fsl-hdmi-dai: probe of soc:hdmi_audio@00120000 failed with error -12
imx-sgtl5000 sound: sgtl5000 <-> 2028000.ssi mapping ok
imx-spdif sound-spdif: snd-soc-dummy-dai <-> 2004000.spdif mapping ok
imx-audio-hdmi sound-hdmi: initialize HDMI-audio failed. load HDMI-video first!
NET: Registered protocol family 26
u32 classifier
    Actions configured
Netfilter messages via NETLINK v0.30.
nf_conntrack version 0.5.0 (16384 buckets, 65536 max)
ctnetlink v0.93: registering with nfnetlink.
xt_time: kernel timezone is -0000
ip_tables: (C) 2000-2006 Netfilter Core Team
arp_tables: arp_tables: (C) 2002 David S. Miller
Initializing XFRM netlink socket
NET: Registered protocol family 10
mip6: Mobile IPv6
ip6_tables: (C) 2000-2006 Netfilter Core Team
sit: IPv6, IPv4 and MPLS over IPv4 tunneling driver
NET: Registered protocol family 17
NET: Registered protocol family 15
bridge: filtering via arp/ip/ip6tables is no longer available by default. Update your scripts to load br_netfilter if you need this.
can: controller area network core (rev 20120528 abi 9)
NET: Registered protocol family 29
can: raw protocol (rev 20120528)
can: broadcast manager protocol (rev 20161123 t)
can: netlink gateway (rev 20130117) max_hops=1
Bluetooth: RFCOMM TTY layer initialized
Bluetooth: RFCOMM socket layer initialized
Bluetooth: RFCOMM ver 1.11
Bluetooth: BNEP (Ethernet Emulation) ver 1.3
Bluetooth: BNEP filters: protocol multicast
Bluetooth: BNEP socket layer initialized
Bluetooth: HIDP (Human Interface Emulation) ver 1.2
Bluetooth: HIDP socket layer initialized
8021q: 802.1Q VLAN Support v1.8
Key type dns_resolver registered
cpu cpu0: Registered imx6q-cpufreq
registered taskstats version 1
imx_thermal 2000000.aips-bus:tempmon: Industrial CPU temperature grade - max:105C critical:100C passive:95C
dhd_module_init in
input: gpio-keys as /devices/soc0/gpio-keys/input/input2
snvs_rtc 20cc000.snvs:snvs-rtc-lp: setting system clock to 1970-01-01 00:00:02 UTC (2)
usb_otg_vbus: disabling
ALSA device list:
  #0: imx6q-apalis-sgtl5000
  #1: imx-spdif
Freeing unused kernel memory: 1024K
init: init first stage started!
SELinux:  Permission validate_trans in class security not defined in policy.
SELinux:  Class cap_userns not defined in policy.
SELinux:  Class cap2_userns not defined in policy.
SELinux: the above unknown classes and permissions will be denied
audit: type=1403 audit(4.827:2): policy loaded auid=4294967295 ses=4294967295
init: (Initializing SELinux non-enforcing took 0.11s.)
init: init second stage started!
init: Running restorecon...
init: waitpid failed: No child processes
init: (Loading properties from /default.prop took 0.00s.)
init: (Parsing /init.environ.rc took 0.00s.)
init: (Parsing /init.usb.rc took 0.00s.)
init: (Parsing init.freescale.usb.rc took 0.00s.)
init: (Parsing init.freescale.i.MX6Q.rc took 0.00s.)
init: (Parsing init.freescale.emmc.rc took 0.00s.)
init: (Parsing /init.freescale.rc took 0.02s.)
ueventd: ueventd started!
ueventd: Coldboot took 0.43s.
watchdogd: started (interval 10, margin 20)!
EXT4-fs (mmcblk0p3): mounted filesystem with ordered data mode. Opts: barrier=1
EXT4-fs (mmcblk0p10): Ignoring removed nomblk_io_submit option
EXT4-fs (mmcblk0p10): recovery complete
EXT4-fs (mmcblk0p10): mounted filesystem with ordered data mode. Opts: nomblk_io_submit,noauto_da_alloc,errors=panic
EXT4-fs (mmcblk0p4): Ignoring removed nomblk_io_submit option
EXT4-fs (mmcblk0p4): recovery complete
EXT4-fs (mmcblk0p4): mounted filesystem with ordered data mode. Opts: nomblk_io_submit
EXT4-fs (mmcblk0p5): mounted filesystem with ordered data mode. Opts: (null)
file system registered
using random self ethernet address
using random host ethernet address
zram0: detected capacity change from 0 to 314572800
logd.auditd: start
logd.klogd: 7445890334
Adding 307196k swap on /dev/block/zram0.  Priority:-1 extents:1 across:307196k SS
binder: 253:253 transaction failed 29189, size 0-0
logd.daemon: reinit
type=1400 audit(7.997:3): avc: denied { getattr } for pid=261 comm="obd" path="/vendor" dev="rootfs" ino=6500 scontext=u:r:obd:s0 tcontext=u:object_r:rootfs:s0 tclass=lnk_file permissive=1
type=1400 audit(8.007:4): avc: denied { entrypoint } for pid=260 comm="init" path="/system/bin/can-config.sh" dev="mmcblk0p3" ino=254 scontext=u:r:obd:s0 tcontext=u:object_r:system_file:s0 tclass=file permissive=1
type=1400 audit(8.017:5): avc: denied { read execute } for pid=260 comm="can-config.sh" path="/system/bin/sh" dev="mmcblk0p3" ino=441 scontext=u:r:obd:s0 tcontext=u:object_r:shell_exec:s0 tclass=file permissive=1
type=1400 audit(8.017:6): avc: denied { getattr } for pid=260 comm="can-config.sh" path="/system/bin/sh" dev="mmcblk0p3" ino=441 scontext=u:r:obd:s0 tcontext=u:object_r:shell_exec:s0 tclass=file permissive=1
type=1400 audit(8.037:7): avc: denied { create } for pid=261 comm="obd" scontext=u:r:obd:s0 tcontext=u:r:obd:s0 tclass=socket permissive=1
type=1400 audit(8.037:8): avc: denied { ioctl } for pid=261 comm="obd" path="socket:[8217]" dev="sockfs" ino=8217 ioctlcmd=0x8933 scontext=u:r:obd:s0 tcontext=u:r:obd:s0 tclass=socket permissive=1
type=1400 audit(8.037:9): avc: denied { bind } for pid=261 comm="obd" scontext=u:r:obd:s0 tcontext=u:r:obd:s0 tclass=socket permissive=1
toradex_apalis6q:/ # IPv6: ADDRCONF(NETDEV_CHANGE): can0: link becomes ready
healthd: No battery devices found
ERROR: v4l2 capture: slave not found! V4L2_CID_HUE
ERROR: v4l2 capture: slave not found! V4L2_CID_HUE
init: Service 'surfaceflinger' (pid 257) killed by signal 11
init: Service 'surfaceflinger' (pid 257) killing any children in process group
init: Service 'zygote' is being killed...
init: Service 'zygote' (pid 262) killed by signal 9
init: Service 'zygote' (pid 262) killing any children in process group
init: write_file: Unable to open '/sys/android_power/request_state': No such file or directory
init: write_file: Unable to write to '/sys/power/state': Invalid argument
init: Service 'audioserver' is being killed...
init: Service 'cameraserver' is being killed...
init: Service 'media' is being killed...
ERROR: v4l2 capture: slave not found! V4L2_CID_HUE
ERROR: v4l2 capture: slave not found! V4L2_CID_HUE
init: Starting service 'surfaceflinger'...
init: Starting service 'zygote'...
init: Starting service 'audioserver'...
init: Starting service 'cameraserver'...
init: Starting service 'media'...
init: Starting service 'netd'...
init: couldn't write 370 to /dev/cpuset/camera-daemon/tasks: No such file or directory
init: Service 'surfaceflinger' (pid 357) killed by signal 11
init: Service 'surfaceflinger' (pid 357) killing any children in process group
init: Service 'zygote' is being killed...

toradex_apalis6q:/ # 
toradex_apalis6q:/ # 
toradex_apalis6q:/ # init: Starting service 'surfaceflinger'...

toradex_apalis6q:/ # i2init: Starting service 'zygote'...
init: Starting service 'audioserver'...
init: Starting service 'cameraserver'...
init: Starting service 'media'...
init: Starting service 'netd'...
init: couldn't write 389 to /dev/cpuset/camera-daemon/tasks: No such file or directory

i2cdetect  i2cdump    i2cget     i2cset
toradex_apalis6q:/ # i2c                                                       init: Service 'surfaceflinger' (pid 375) killed by signal 11
ERROR: v4l2 capture: slave not found! V4L2_CID_HUE
ERROR: v4l2 capture: slave not found! V4L2_CID_HUE
init: Service 'surfaceflinger' (pid 375) killing any children in process group
init: Service 'zygote' is being killed...
d
i2cdetect  i2cdump
toradex_apalis6q:/ # i2cd                                                      etoradex_apalis6q:/ # i2cdetect                                                  -y 1
type=1400 audit(27.847:35): avc: denied { read write } for pid=403 comm="i2cdetect" name="i2c-1" dev="tmpfs" ino=10712 scontext=u:r:shell:s0 tcontext=u:object_r:i2c_device:s0 tclass=chr_file permissive=1
     0  1  2  3  4  5  6  7  8  9type=1400 audit(27.847:36): avc: denied { open } for pid=403 comm="i2cdetect" path="/dev/i2c-1" dev="tmpfs" ino=10712 scontext=u:r:shell:s0 tcontext=u:object_r:i2c_device:s0 tclass=chr_file permissive=1
  a  b  c  d  e  f
00:          type=1400 audit(27.847:37): avc: denied { ioctl } for pid=403 comm="i2cdetect" path="/dev/i2c-1" dev="tmpfs" ino=10712 ioctlcmd=0x705 scontext=u:r:shell:s0 tcontext=u:object_r:i2c_device:s0 tclass=chr_file permissive=1
-- -- -- -- -- -- -- -- -- -- -- -- -- 
10: -- -- -- -- -- -- -- -- -- -- -- -- -- -- -- -- 
20: -- -- -- -- -- -- -- -- -- -- -- -- -- -- -- -- 
30: -- -- -- -- -- -- -- -- -- -- -- -- -- -- -- -- 
40: -- -- -- -- -- -- -- -- -- -- -- -- -- -- -- -- 
50: -- -- -- -- -- -- -- -- -- -- -- -- -- -- -- -- 
60: -- -- -- -- -- -- -- -- 68 -- -- -- -- -- -- -- 
70: -- -- -- -- -- -- -- --                         
toradex_apalis6q:/ # init: Starting service 'zygote'...
init: Starting service 'audioserver'...
init: Starting service 'cameraserver'...
init: Starting service 'media'...
init: couldn't write 413 to /dev/cpuset/camera-daemon/tasks: No such file or directory
init: Starting service 'netd'...
init: Service 'surfaceflinger' (pid 399) killed by signal 11
init: Service 'surfaceflinger' (pid 399) killing any children in process group
init: Service 'zygote' is being killed...
init: Service 'zygote' (pid 411) killed by signal 9

toradex_apalis6q:/ # 
toradex_apalis6q:/ # 
toradex_apalis6q:/ # 
toradex_apalis6q:/ # 
toradex_apalis6q:/ # toradex_apalis6q:/ # i2cdetect -y 1                                             2init: Starting service 'zygote'...
init: Starting service 'audioserver'...
init: Starting service 'cameraserver'...
init: couldn't write 434 to /dev/cpuset/camera-daemon/tasks: No such file or directory
init: Starting service 'media'...
init: Starting service 'netd'...
init: Service 'surfaceflinger' (pid 421) killed by signal 11
init: Service 'surfaceflinger' (pid 421) killing any children in process group
init: Service 'zygote' is being killed...
init: Service 'zygote' (pid 432) killed by signal 9

     0  1  2  3  4  5  6  7  8  9  a  b  c  d  e  f
00:          -- -- -- -- -- UU -- UU -- -- -- -- -- 
10: -- -- -- -- -- -- -- -- -- -- -- -- -- -- -- -- 
20: -- -- -- -- -- -- -- -- -- -- -- -- -- -- -- -- 
30: -- -- -- -- -- -- -- -- -- -- -- -- -- -- -- -- 
40: -- UU -- -- -- -- -- -- -- -- -- -- -- -- -- -- 
50: -- -- -- -- -- -- -- -- -- -- -- -- -- -- -- -- 
60: -- -- -- -- -- -- -- -- -- -- -- -- -- -- -- -- 
70: -- -- -- -- -- -- -- --                         
toradex_apalis6q:/ # 
toradex_apalis6q:/ # 
toradex_apalis6q:/ # toradex_apalis6q:/ # i2cdetect -y 2                                            
     0  1  2  3  4  5  6  7  8  9  a  b  c  d  e  f
00:          -- -- -- -- -- UU -- UU -- -- -- -- -- 
10: -- -- -- -- -- -- -- -- -- -- -- -- -- -- -- -- 
20: -- -- -- -- -- -- -- -- -- -- -- -- -- -- -- -- 
30: -- -- -- -- -- -- -- -- -- -- -- -- -- -- -- -- 
40: -- UU -- -- -- -- -- -- -- -- -- -- -- -- -- -- 
50: -- -- -- -- -- -- -- -- -- -- -- -- -- -- -- -- 
60: -- -- -- -- -- -- -- -- -- -- -- -- -- -- -- -- 
70: -- -- -- -- -- -- -- --                         
toradex_apalis6q:/ # toradex_apalis6q:/ # i2cdetect -y 2                                             2 a 2
WARNING! This program can confuse your I2C bus, cause data loss and worse!
I will probe file /dev/i2c-2.
I will probe address range 0x00-0x7f.
Continue? [Y/n] 
     0  1  2  3  4  5  6  7  8  9  a  b  c  d  e  f
00: 00 -- -- -- -- -- -- -- UU -- UU -- -- -- -- -- 
10: -- -- -- -- -- -- -- -- -- -- -- -- -- -- -- -- 
20: -- -- -- -- -- -- -- -- -- -- -- -- -- -- -- -- 
30: -- -- -- -- -- -- -- -- -- -- -- -- -- -- -- -- 
40: -- UU -- -- -- -- -- -- -- -- -- -- -- -- -- -- 
50: -- -- -- -- -- -- -- -- -- -- -- -- -- -- -- -- 
60: -- -- -- -- -- -- -- -- -- -- -- -- -- -- -- -- 
70: -- -- -- -- -- -- -- -- 78 -- -- -- -- -- -- -- 
toradex_apalis6q:/ # toradex_apalis6q:/ # i2cdetect -a 2                                             2 init: Starting service 'surfaceflinger'...
r 2
WARNING! This program can confuse your I2C bus, cause data loss and worse!
I will probe file /dev/i2c-2 using read byte commands.
I will probe address range 0x03-0x77.
Continue? [Y/n] random: crng init done
init: Starting service 'zygote'...
init: Starting service 'audioserver'...
init: Starting service 'cameraserver'...
init: Starting service 'media'...
init: Starting service 'netd'...

     0  1  2  3  4  5  6  7  8  9  a  b  c  d  e  f
00:         init: couldn't write 474 to /dev/cpuset/camera-daemon/tasks: No such file or directory
 -- -- -- -- -- UU -- UU -- -- -- -- -- 
10: -- -- -- -- -- -- -- -- -- -- -- -- -- -- -- -- 
20: -- -- -- -- -- -- -- -- -- -- -- -- -- -- -- -- 
30: -- -- -- -- -- -- -- -- -- -- -- -- -- -- -- -- 
40: -- UU -- -- -- -- -- -- -- -- -- -- -- -- -- -- 
50: -- -- -- -- -- -- -- -- -- -- -- -- -- -- -- -- 
60: -- -- -- -- -- -- -- -- -- -- -- -- -- -- -- -- 
70: -- -- -- -- -- -- -- --                         
toradex_apalis6q:/ # init: Service 'surfaceflinger' (pid 460) killed by signal 11
init: Service 'surfaceflinger' (pid 460) killing any children in process group
init: Service 'zygote' is being killed...

toradex_apalis6q:/ # 
toradex_apalis6q:/ # toradex_apalis6q:/ # i2cdetect -r 2                                             2 q 2
WARNING! This program can confuse your I2C bus, cause data loss and worse!
I will probe file /dev/i2c-2 using quick write commands.
I will probe address range 0x03-0x77.
Continue? [Y/n] init: Starting service 'surfaceflinger'...
init: Starting service 'zygote'...
init: Starting service 'audioserver'...
init: Starting service 'cameraserver'...
init: Starting service 'media'...
init: couldn't write 494 to /dev/cpuset/camera-daemon/tasks: No such file or directory
init: Starting service 'netd'...
ERROR: v4l2 capture: slave not found! V4L2_CID_HUE
ERROR: v4l2 capture: slave not found! V4L2_CID_HUE
init: Service 'surfaceflinger' (pid 481) killed by signal 11
init: Service 'surfaceflinger' (pid 481) killing any children in process group
init: Service 'zygote' is being killed...
y
     0  1  2  3  4  5  6  7  8  9  a  b  c  d  e  f
00:          -- -- -- -- -- UU -- UU -- -- -- -- -- 
10: -- -- -- -- -- -- -- -- -- -- -- -- -- -- -- -- 
20: -- -- -- -- -- -- -- -- -- -- -- -- -- -- -- -- 
30: -- -- -- -- -- -- -- -- -- -- -- -- -- -- -- -- 
40: -- UU -- -- -- -- -- -- -- -- -- -- -- -- -- -- 
50: -- -- -- -- -- -- -- -- -- -- -- -- -- -- -- -- 
60: -- -- -- -- -- -- -- -- -- -- -- -- -- -- -- -- 
70: -- -- -- -- -- -- -- --                         
toradex_apalis6q:/ # toradex_apalis6q:/ # i2cdetect -q 2                                             2 a 2init: Starting service 'zygote'...
init: Starting service 'audioserver'...
init: Starting service 'cameraserver'...
init: Starting service 'media'...
init: Starting service 'netd'...
init: couldn't write 516 to /dev/cpuset/camera-daemon/tasks: No such file or directory

WARNING! This program can confuse your I2C bus, cause data loss and worse!
I will probe file /dev/i2c-2.
I will probe address range 0x00-0x7f.
Continue? [Y/n] init: Service 'surfaceflinger' (pid 503) killed by signal 11
init: Service 'surfaceflinger' (pid 503) killing any children in process group
init: Service 'zygote' is being killed...
init: Service 'zygote' (pid 514) killed by signal 9
y
     0  1  2  3  4  5  6  7  8  9  a  b  c  d  e  f
00: 00 -- -- -- -- -- -- -- UU -- UU -- -- -- -- -- 
10: -- -- -- -- -- -- -- -- -- -- -- -- -- -- -- -- 
20: -- -- -- -- -- -- -- -- -- -- -- -- -- -- -- -- 
30: -- -- -- -- -- -- -- -- -- -- -- -- -- -- -- -- 
40: -- UU -- -- -- -- -- -- -- -- -- -- -- -- -- -- 
50: -- -- -- -- -- -- -- -- -- -- -- -- -- -- -- -- 
60: -- -- -- -- -- -- -- -- -- -- -- -- -- -- -- -- 
70: -- -- -- -- -- -- -- -- 78 -- -- -- -- -- -- -- 
toradex_apalis6q:/ # 
toradex_apalis6q:/ # 
toradex_apalis6q:/ # 
toradex_apalis6q:/ # 
toradex_apalis6q:/ # 
toradex_apalis6q:/ # init: Starting service 'zygote'...
init: Starting service 'audioserver'...
init: Starting service 'cameraserver'...
init: Starting service 'media'...
init: Starting service 'netd'...
init: couldn't write 535 to /dev/cpuset/camera-daemon/tasks: No such file or directory
init: Service 'surfaceflinger' (pid 522) killed by signal 11
init: Service 'surfaceflinger' (pid 522) killing any children in process group
init: Service 'zygote' is being killed...
init: Service 'zygote' (pid 533) killed by signal 9

toradex_apalis6q:/ # init: Starting service 'surfaceflinger'...
init: Starting service 'zygote'...
init: Starting service 'audioserver'...
init: Starting service 'cameraserver'...
init: Starting service 'media'...
init: couldn't write 572 to /dev/cpuset/camera-daemon/tasks: No such file or directory
init: Starting service 'netd'...
init: Service 'surfaceflinger' (pid 559) killed by signal 11
init: Service 'surfaceflinger' (pid 559) killing any children in process group
init: Service 'zygote' is being killed...
init: Starting service 'surfaceflinger'...
init: Starting service 'zygote'...
init: Starting service 'audioserver'...
init: Starting service 'cameraserver'...
init: Starting service 'media'...
init: couldn't write 590 to /dev/cpuset/camera-daemon/tasks: No such file or directory
init: Starting service 'netd'...
init: Service 'surfaceflinger' (pid 577) killed by signal 11
init: Service 'surfaceflinger' (pid 577) killing any children in process group
init: Service 'zygote' is being killed...
init: Starting service 'zygote'...
init: Starting service 'audioserver'...
init: Starting service 'cameraserver'...
init: Starting service 'media'...
init: Starting service 'netd'...
init: couldn't write 621 to /dev/cpuset/camera-daemon/tasks: No such file or directory
init: Service 'surfaceflinger' (pid 608) killed by signal 11
init: Service 'surfaceflinger' (pid 608) killing any children in process group
init: Service 'zygote' is being killed...
init: Service 'zygote' (pid 619) killed by signal 9
init: Starting service 'zygote'...
init: Starting service 'audioserver'...
init: Starting service 'cameraserver'...
init: couldn't write 644 to /dev/cpuset/camera-daemon/tasks: No such file or directory
init: Starting service 'media'...
init: Starting service 'netd'...
init: Service 'surfaceflinger' (pid 631) killed by signal 11
init: Service 'surfaceflinger' (pid 631) killing any children in process group
init: Service 'zygote' is being killed...
init: Service 'zygote' (pid 642) killed by signal 9
init: Starting service 'surfaceflinger'...
init: Starting service 'zygote'...
init: Starting service 'audioserver'...
init: Starting service 'cameraserver'...
init: Starting service 'media'...
init: Starting service 'netd'...
init: couldn't write 680 to /dev/cpuset/camera-daemon/tasks: No such file or directory
init: Service 'surfaceflinger' (pid 667) killed by signal 11
init: Service 'surfaceflinger' (pid 667) killing any children in process group
init: Service 'zygote' is being killed...
init: Starting service 'surfaceflinger'...
init: Starting service 'zygote'...
init: Starting service 'audioserver'...
init: Starting service 'cameraserver'...
init: Starting service 'media'...
init: couldn't write 697 to /dev/cpuset/camera-daemon/tasks: No such file or directory
init: Starting service 'netd'...
init: Service 'surfaceflinger' (pid 684) killed by signal 11
init: Service 'surfaceflinger' (pid 684) killing any children in process group
init: Service 'zygote' is being killed...
init: Starting service 'zygote'...
init: Starting service 'audioserver'...
init: Starting service 'cameraserver'...
init: couldn't write 715 to /dev/cpuset/camera-daemon/tasks: No such file or directory
init: Starting service 'media'...
init: Starting service 'netd'...
init: Service 'surfaceflinger' (pid 702) killed by signal 11
init: Service 'surfaceflinger' (pid 702) killing any children in process group
init: Service 'zygote' is being killed...
init: Service 'zygote' (pid 713) killed by signal 9
init: Starting service 'zygote'...
init: Starting service 'audioserver'...
init: Starting service 'cameraserver'...
init: Starting service 'media'...
init: Starting service 'netd'...
init: couldn't write 733 to /dev/cpuset/camera-daemon/tasks: No such file or directory
init: Service 'surfaceflinger' (pid 720) killed by signal 11
init: Service 'surfaceflinger' (pid 720) killing any children in process group
init: Service 'zygote' is being killed...
init: Service 'zygote' (pid 731) killed by signal 9
init: Starting service 'zygote'...
init: Starting service 'audioserver'...
init: Starting service 'cameraserver'...
init: Starting service 'media'...
init: couldn't write 753 to /dev/cpuset/camera-daemon/tasks: No such file or directory
init: Starting service 'netd'...
init: Service 'surfaceflinger' (pid 740) killed by signal 11
init: Service 'surfaceflinger' (pid 740) killing any children in process group
init: Service 'zygote' is being killed...
ERROR: v4l2 capture: slave not found! V4L2_CID_HUE
ERROR: v4l2 capture: slave not found! V4L2_CID_HUE
init: Service 'zygote' (pid 751) killed by signal 9
init: Starting service 'surfaceflinger'...
init: Starting service 'zygote'...
init: Starting service 'audioserver'...
init: Starting service 'cameraserver'...
init: Starting service 'media'...
init: Starting service 'netd'...
init: couldn't write 792 to /dev/cpuset/camera-daemon/tasks: No such file or directory
init: Service 'surfaceflinger' (pid 779) killed by signal 11
init: Service 'surfaceflinger' (pid 779) killing any children in process group
init: Service 'zygote' is being killed...
init: Starting service 'zygote'...
init: Starting service 'audioserver'...
init: Starting service 'cameraserver'...
init: Starting service 'media'...
init: couldn't write 810 to /dev/cpuset/camera-daemon/tasks: No such file or directory
init: Starting service 'netd'...
init: Service 'surfaceflinger' (pid 797) killed by signal 11
init: Service 'surfaceflinger' (pid 797) killing any children in process group
init: Service 'zygote' is being killed...
init: Service 'zygote' (pid 808) killed by signal 9
init: Starting service 'zygote'...
