pri
arch=arm
baudrate=115200
board=apalis_imx6
board_name=apalis_imx6
boot_a_script=load ${devtype} ${devnum}:${distro_bootpart} ${scriptaddr} ${prefix}${script}; source ${scriptaddr}
boot_extlinux=sysboot ${devtype} ${devnum}:${distro_bootpart} any ${scriptaddr} ${prefix}extlinux/extlinux.conf
boot_file=uImage
boot_net_usb_start=usb start
boot_prefixes=/ /boot/
boot_script_dhcp=boot.scr.uimg
boot_scripts=boot.scr.uimg boot.scr
boot_targets=mmc1 mmc2 usb0 dhcp 
bootcmd=run emmcboot ; echo ; echo emmcboot failed ; run distro_bootcmd ; usb start ;setenv stdout serial,vga ; setenv stdin serial,usbkbd
bootcmd_dhcp=if dhcp ${scriptaddr} ${boot_script_dhcp}; then source ${scriptaddr}; fi;
bootcmd_mmc1=setenv devnum 1; run mmc_boot
bootcmd_mmc2=setenv devnum 2; run mmc_boot
bootcmd_usb0=setenv devnum 0; run usb_boot
bootdelay=1
bootm_size=0x20000000
console=ttymxc0
cpu=armv7
defargs=vmalloc=400M user_debug=30
dfu_alt_info=u-boot.imx raw 0x2 0x3ff mmcpart 0;boot part 0 1;rootfs part 0 2;uImage fat 0 1;imx6q-colibri-eval-v3.dtb fat 0 1;imx6q-colibri-cam-eval-v3.dtb fat 0 1
distro_bootcmd=for target in ${boot_targets}; do run bootcmd_${target}; done
emmcargs=ip=off root=/dev/mmcblk0p2 ro rootfstype=ext4 rootwait
emmcboot=run setup; setenv bootargs ${defargs} ${emmcargs} ${setupargs} ${vidargs}; echo Booting from internal eMMC chip...; run emmcdtbload; load mmc 0:1 ${kernel_addr_r} ${boot_file} && run fdt_fixup && bootm ${kernel_addr_r} ${dtbparam}
emmcdtbload=setenv dtbparam; load mmc 0:1 ${fdt_addr_r} ${fdt_file} && setenv dtbparam " - ${fdt_addr_r}" && true
ethprime=FEC
fdt_addr_r=0x12000000
fdt_file=imx6q-apalis-eval.dtb
fdt_fixup=;
fdt_high=0xffffffff
initrd_high=0xffffffff
ipaddr=192.168.10.2
kernel_addr_r=0x11000000
loadaddr=0x12000000
mmc_boot=if mmc dev ${devnum}; then setenv devtype mmc; run scan_dev_for_boot_part; fi
netmask=255.255.255.0
nfsargs=ip=:::::eth0:on root=/dev/nfs rw
nfsboot=run setup; setenv bootargs ${defargs} ${nfsargs} ${setupargs} ${vidargs}; echo Booting via DHCP/TFTP/NFS...; run nfsdtbload; dhcp ${kernel_addr_r} && run fdt_fixup && bootm ${kernel_addr_r} ${dtbparam}
nfsdtbload=setenv dtbparam; tftp ${fdt_addr_r} ${fdt_file} && setenv dtbparam " - ${fdt_addr_r}" && true
pxefile_addr_r=0x17100000
ramdisk_addr_r=0x12100000
sata_boot=if sata dev ${devnum}; then setenv devtype sata; run scan_dev_for_boot_part; fi
scan_dev_for_boot=echo Scanning ${devtype} ${devnum}:${distro_bootpart}...; for prefix in ${boot_prefixes}; do run scan_dev_for_extlinux; run scan_dev_for_scripts; done;
scan_dev_for_boot_part=part list ${devtype} ${devnum} -bootable devplist; env exists devplist || setenv devplist 1; for distro_bootpart in ${devplist}; do if fstype ${devtype} ${devnum}:${distro_bootpart} bootfstype; then run scan_dev_for_boot; fi; done
scan_dev_for_extlinux=if test -e ${devtype} ${devnum}:${distro_bootpart} ${prefix}extlinux/extlinux.conf; then echo Found ${prefix}extlinux/extlinux.conf; run boot_extlinux; echo SCRIPT FAILED: continuing...; fi
scan_dev_for_scripts=for script in ${boot_scripts}; do if test -e ${devtype} ${devnum}:${distro_bootpart} ${prefix}${script}; then echo Found U-Boot script ${prefix}${script}; run boot_a_script; echo SCRIPT FAILED: continuing...; fi; done
scriptaddr=0x17000000
sdargs=ip=off root=/dev/mmcblk1p2 ro rootfstype=ext4 rootwait
sdboot=run setup; setenv bootargs ${defargs} ${sdargs} ${setupargs} ${vidargs}; echo Booting from SD card; run sddtbload; load mmc 1:1 ${kernel_addr_r} ${boot_file} && run fdt_fixup && bootm ${kernel_addr_r} ${dtbparam}
sddtbload=setenv dtbparam; load mmc 1:1 ${fdt_addr_r} ${fdt_file} && setenv dtbparam " - ${fdt_addr_r}" && true
serverip=192.168.10.1
setethupdate=if env exists ethaddr; then; else setenv ethaddr 00:14:2d:00:00:00; fi; tftpboot ${loadaddr} flash_eth.img && source ${loadaddr}
setsdupdate=setenv interface mmc; setenv drive 1; mmc rescan; load ${interface} ${drive}:1 ${loadaddr} flash_blk.img || setenv drive 2; mmc rescan; load ${interface} ${drive}:1 ${loadaddr} flash_blk.img && source ${loadaddr}
setup=setenv setupargs fec_mac=${ethaddr} consoleblank=0 no_console_suspend=1 console=tty1 console=${console},${baudrate}n8
setupdate=run setsdupdate || run setusbupdate || run setethupdate
setusbupdate=usb start && setenv interface usb; setenv drive 0; load ${interface} ${drive}:1 ${loadaddr} flash_blk.img && source ${loadaddr}
soc=mx6
splashpos=m,m
usb_boot=usb start; if usb dev ${devnum}; then setenv devtype usb; run scan_dev_for_boot_part; fi
vendor=toradex
vidargs=mxc_hdmi.only_cea=1 video=mxcfb0:dev=hdmi,1920x1080M@60,if=RGB24 video=mxcfb1:off video=mxcfb2:off video=mxcfb3:off fbmem=32M

Environment size: 4772/8188 bytes
Apalis iMX6 # boot
Booting from internal eMMC chip...
reading imx6q-apalis-eval.dtb
50345 bytes read in 18 ms (2.7 MiB/s)
reading uImage
5207280 bytes read in 195 ms (25.5 MiB/s)
## Booting kernel from Legacy Image at 11000000 ...
   Image Name:   Linux-4.1.44-2.7.4+gb1555bf
   Image Type:   ARM Linux Kernel Image (uncompressed)
   Data Size:    5207216 Bytes = 5 MiB
   Load Address: 10008000
   Entry Point:  10008000
   Verifying Checksum ... OK
## Flattened Device Tree blob at 12000000
   Booting using the fdt blob at 0x12000000
   Loading Kernel Image ... OK
   Using Device Tree in place at 12000000, end 1200f4a8

Starting kernel ...

[    0.000000] Booting Linux on physical CPU 0x0
[    0.000000] Initializing cgroup subsys cpu
[    0.000000] Initializing cgroup subsys cpuacct
[    0.000000] Linux version 4.1.44-2.7.4+gb1555bf (yocto@45574f02061f) (gcc version 6.2.1 20161016 (Linaro GCC 6.2-2016.11) ) #1 SMP Wed Oct 4 22:39:51 UTC 2017
[    0.000000] CPU: ARMv7 Processor [412fc09a] revision 10 (ARMv7), cr=10c5387d
[    0.000000] CPU: PIPT / VIPT nonaliasing data cache, VIPT aliasing instruction cache
[    0.000000] Machine model: Toradex Apalis iMX6Q/D Module on Apalis Evaluation Board
[    0.000000] Reserved memory: created CMA memory pool at 0x62000000, size 320 MiB
[    0.000000] Reserved memory: initialized node linux,cma, compatible id shared-dma-pool
[    0.000000] Memory policy: Data cache writealloc
[    0.000000] PERCPU: Embedded 12 pages/cpu @d0efc000 s16588 r8192 d24372 u49152
[    0.000000] Built 1 zonelists in Zone order, mobility grouping on.  Total pages: 521024
[    0.000000] Kernel command line: vmalloc=400M user_debug=30 ip=off root=/dev/mmcblk0p2 ro rootfstype=ext4 rootwait fec_mac= consoleblank=0 no_console_suspend=1 console=tty1 console=ttymxc0,115200n8 mxc_hdmi.only_cea=1 video=mxcfb0:dev=hdmi,1920x1080M@60,if=RGB24 video=mxcfb1:off video=mxcfb2:off video=mxcfb3:off fbmem=32M
[    0.000000] PID hash table entries: 4096 (order: 2, 16384 bytes)
[    0.000000] Dentry cache hash table entries: 262144 (order: 8, 1048576 bytes)
[    0.000000] Inode-cache hash table entries: 131072 (order: 7, 524288 bytes)
[    0.000000] Memory: 1740460K/2097152K available (6751K kernel code, 239K rwdata, 2224K rodata, 332K init, 421K bss, 29012K reserved, 327680K cma-reserved, 425984K highmem)
[    0.000000] Virtual kernel memory layout:
[    0.000000]     vector  : 0xffff0000 - 0xffff1000   (   4 kB)
[    0.000000]     fixmap  : 0xffc00000 - 0xfff00000   (3072 kB)
[    0.000000]     vmalloc : 0xe6800000 - 0xff000000   ( 392 MB)
[    0.000000]     lowmem  : 0x80000000 - 0xe6000000   (1632 MB)
[    0.000000]     pkmap   : 0x7fe00000 - 0x80000000   (   2 MB)
[    0.000000]     modules : 0x7f000000 - 0x7fe00000   (  14 MB)
[    0.000000]       .text : 0x80008000 - 0x808cc0bc   (8977 kB)
[    0.000000]       .init : 0x808cd000 - 0x80920000   ( 332 kB)
[    0.000000]       .data : 0x80920000 - 0x8095bf20   ( 240 kB)
[    0.000000]        .bss : 0x8095bf20 - 0x809c56a0   ( 422 kB)
[    0.000000] SLUB: HWalign=64, Order=0-3, MinObjects=0, CPUs=4, Nodes=1
[    0.000000] Hierarchical RCU implementation.
[    0.000000] 	Additional per-CPU info printed with stalls.
[    0.000000] NR_IRQS:16 nr_irqs:16 16
[    0.000000] L2C-310 erratum 769419 enabled
[    0.000000] L2C-310 enabling early BRESP for Cortex-A9
[    0.000000] L2C-310 full line of zeros enabled for Cortex-A9
[    0.000000] L2C-310 ID prefetch enabled, offset 16 lines
[    0.000000] L2C-310 dynamic clock gating enabled, standby mode enabled
[    0.000000] L2C-310 cache controller enabled, 16 ways, 1024 kB
[    0.000000] L2C-310: CACHE_ID 0x410000c7, AUX_CTRL 0x76470001
[    0.000000] mxc_clocksource_init 3000000
[    0.000000] Switching to timer-based delay loop, resolution 333ns
[    0.000006] sched_clock: 32 bits at 3000kHz, resolution 333ns, wraps every 715827882841ns
[    0.000022] clocksource mxc_timer1: mask: 0xffffffff max_cycles: 0xffffffff, max_idle_ns: 637086815595 ns
[    0.001106] Console: colour dummy device 80x30
[    0.001701] console [tty1] enabled
[    0.001728] Calibrating delay loop (skipped), value calculated using timer frequency.. 6.00 BogoMIPS (lpj=30000)
[    0.001765] pid_max: default: 32768 minimum: 301
[    0.001877] Mount-cache hash table entries: 4096 (order: 2, 16384 bytes)
[    0.001902] Mountpoint-cache hash table entries: 4096 (order: 2, 16384 bytes)
[    0.002493] Initializing cgroup subsys freezer
[    0.002531] Initializing cgroup subsys debug
[    0.002569] CPU: Testing write buffer coherency: ok
[    0.002891] CPU0: thread -1, cpu 0, socket 0, mpidr 80000000
[    0.002998] Setting up static identity map for 0x10008280 - 0x100082d8
[    0.004864] CPU1: thread -1, cpu 1, socket 0, mpidr 80000001
[    0.005514] CPU2: thread -1, cpu 2, socket 0, mpidr 80000002
[    0.006173] CPU3: thread -1, cpu 3, socket 0, mpidr 80000003
[    0.006246] Brought up 4 CPUs
[    0.006322] SMP: Total of 4 processors activated (24.00 BogoMIPS).
[    0.006344] CPU: All CPU(s) started in SVC mode.
[    0.006852] devtmpfs: initialized
[    0.020148] VFP support v0.3: implementor 41 architecture 3 part 30 variant 9 rev 4
[    0.020549] clocksource jiffies: mask: 0xffffffff max_cycles: 0xffffffff, max_idle_ns: 19112604462750000 ns
[    0.020606] futex hash table entries: 1024 (order: 4, 65536 bytes)
[    0.040533] pinctrl core: initialized pinctrl subsystem
[    0.041710] NET: Registered protocol family 16
[    0.049974] DMA: preallocated 256 KiB pool for atomic coherent allocations
[    0.079684] cpuidle: using governor ladder
[    0.109678] cpuidle: using governor menu
[    0.109952] CPU identified as i.MX6Q, silicon rev 1.5
[    0.135551] hw-breakpoint: found 5 (+1 reserved) breakpoint and 1 watchpoint registers.
[    0.135598] hw-breakpoint: maximum watchpoint size is 4 bytes.
[    0.136585] imx6q-pinctrl 20e0000.iomuxc: initialized IMX pinctrl driver
[    0.138174] imx-gpc 20dc000.gpc: no fsl,ldo-bypass found!
[    0.147760] usb_host_vbus: supplied by usb_host_vbus_hub
[    0.148104] vgaarb: loaded
[    0.148920] SCSI subsystem initialized
[    0.149428] usbcore: registered new interface driver usbfs
[    0.149531] usbcore: registered new interface driver hub
[    0.149638] usbcore: registered new device driver usb
[    0.150361] i2c-gpio i2c@0: using pins 80 (SDA) and 62 (SCL)
[    0.151353] i2c i2c-1: IMX I2C adapter registered
[    0.151389] i2c i2c-1: can't use DMA
[    0.152956] stmpe-i2c 2-0041: stmpe811 detected, chip id: 0x811
[    0.154878] i2c i2c-2: IMX I2C adapter registered
[    0.154913] i2c i2c-2: can't use DMA
[    0.155603] i2c i2c-3: IMX I2C adapter registered
[    0.155638] i2c i2c-3: can't use DMA
[    0.155799] Linux video capture interface: v2.00
[    0.155873] pps_core: LinuxPPS API ver. 1 registered
[    0.155896] pps_core: Software ver. 5.3.6 - Copyright 2005-2007 Rodolfo Giometti <giometti@linux.it>
[    0.155949] PTP clock support registered
[    0.169733] imx-ipuv3 2400000.ipu: IPU DMFC NORMAL mode: 1(0~1), 5B(4,5), 5F(6,7)
[    0.189722] imx-ipuv3 2800000.ipu: IPU DMFC NORMAL mode: 1(0~1), 5B(4,5), 5F(6,7)
[    0.190663] mxc_mipi_csi2 21dc000.mipi_csi: i.MX MIPI CSI2 driver probed ipu0 csi1
[    0.190705] mxc_mipi_csi2 21dc000.mipi_csi: i.MX MIPI CSI2 dphy version is 0x3130302a
[    0.190818] MIPI CSI2 driver module loaded
[    0.191038] Advanced Linux Sound Architecture Driver Initialized.
[    0.192743] Switched to clocksource mxc_timer1
[    0.203657] NET: Registered protocol family 2
[    0.204464] TCP established hash table entries: 16384 (order: 4, 65536 bytes)
[    0.204634] TCP bind hash table entries: 16384 (order: 5, 131072 bytes)
[    0.204897] TCP: Hash tables configured (established 16384 bind 16384)
[    0.204992] UDP hash table entries: 1024 (order: 3, 32768 bytes)
[    0.205085] UDP-Lite hash table entries: 1024 (order: 3, 32768 bytes)
[    0.205350] NET: Registered protocol family 1
[    0.205689] RPC: Registered named UNIX socket transport module.
[    0.205720] RPC: Registered udp transport module.
[    0.205739] RPC: Registered tcp transport module.
[    0.205759] RPC: Registered tcp NFSv4.1 backchannel transport module.
[    0.206502] CPU PMU: Failed to parse /soc/pmu/interrupt-affinity[0]
[    0.206570] hw perfevents: enabled with armv7_cortex_a9 PMU driver, 7 counters available
[    0.208334] Bus freq driver module loaded
[    0.215534] VFS: Disk quotas dquot_6.6.0
[    0.215739] VFS: Dquot-cache hash table entries: 1024 (order 0, 4096 bytes)
[    0.217337] NFS: Registering the id_resolver key type
[    0.217400] Key type id_resolver registered
[    0.217422] Key type id_legacy registered
[    0.217460] nfs4filelayout_init: NFSv4 File Layout Driver Registering...
[    0.217994] ntfs: driver 2.1.32 [Flags: R/W].
[    0.218482] fuse init (API version 7.23)
[    0.222685] bounce: pool size: 64 pages
[    0.222726] io scheduler noop registered
[    0.222830] io scheduler deadline registered
[    0.223025] io scheduler cfq registered (default)
[    0.225365] backlight supply power not found, using dummy regulator
[    0.226986] MIPI DSI driver module loaded
[    0.228383] 20e0000.hdmi_video supply HDMI not found, using dummy regulator
[    0.230378] mxc_hdmi 20e0000.hdmi_video: Detected HDMI controller 0x13:0xa:0xa0:0xc1
[    0.230442] fbcvt: 1920x1080@60: CVT Name - 2.073M9
[    0.230581] mxc_sdc_fb fb@0: registered mxc display driver hdmi
[    0.246361] mxc_sdc_fb fb@0: 1920x1080 h_sync,r,l: 44,88,148  v_sync,l,u: 5,4,36 pixclock=148500000 Hz
[    0.262831] imx-ipuv3 2400000.ipu: IPU DMFC DP HIGH RESOLUTION: 1(0,1), 5B(2~5), 5F(6,7)
[    0.296712] mxc_sdc_fb fb@0: 1920x1080 h_sync,r,l: 44,88,148  v_sync,l,u: 5,4,36 pixclock=148500000 Hz
[    0.334953] Console: switching to colour frame buffer device 240x67
[    0.370247] mxc_sdc_fb fb@1: mxcfb1 is turned off!
[    0.370409] mxc_sdc_fb fb@2: mxcfb2 is turned off!
[    0.370560] mxc_sdc_fb fb@3: mxcfb3 is turned off!
[    0.372076] imx-sdma 20ec000.sdma: no iram assigned, using external mem
[    0.372529] imx-sdma 20ec000.sdma: no event needs to be remapped
[    0.372908] imx-sdma 20ec000.sdma: loaded firmware 3.3
[    0.375617] imx-sdma 20ec000.sdma: initialized
[    0.377342] pfuze100-regulator 2-0008: Full layer: 2, Metal layer: 1
[    0.378049] pfuze100-regulator 2-0008: FAB: 0, FIN: 0
[    0.378150] pfuze100-regulator 2-0008: pfuze100 found.
[    0.396689] mxc_sdc_fb fb@0: 640x480 h_sync,r,l: 96,16,48  v_sync,l,u: 2,10,33 pixclock=25175000 Hz
[    0.400606] 2020000.serial: ttymxc0 at MMIO 0x2020000 (irq = 27, base_baud = 5000000) is a IMX
[    1.393021] console [ttymxc0] enabled
[    1.393980] 21e8000.serial: ttymxc1 at MMIO 0x21e8000 (irq = 303, base_baud = 5000000) is a IMX
[    1.394535] 21f0000.serial: ttymxc3 at MMIO 0x21f0000 (irq = 304, base_baud = 5000000) is a IMX
[    1.395053] 21f4000.serial: ttymxc4 at MMIO 0x21f4000 (irq = 305, base_baud = 5000000) is a IMX
[    1.395906] [drm] Initialized drm 1.1.0 20060810
[    1.396346] [drm] Initialized vivante 1.0.0 20120216 on minor 0
[    1.398224] mxc_sdc_fb fb@0: 640x480 h_sync,r,l: 96,16,48  v_sync,l,u: 2,10,33 pixclock=25200000 Hz
[    1.404966] brd: module loaded
[    1.410302] loop: module loaded
[    1.411530] ahci-imx 2200000.sata: fsl,transmit-level-mV not specified, using 00000024
[    1.411540] ahci-imx 2200000.sata: fsl,transmit-boost-mdB not specified, using 00000480
[    1.411549] ahci-imx 2200000.sata: fsl,transmit-atten-16ths not specified, using 00002000
[    1.411557] ahci-imx 2200000.sata: fsl,receive-eq-mdB not specified, using 05000000
[    1.415761] ahci-imx 2200000.sata: SSS flag set, parallel bus scan disabled
[    1.415793] ahci-imx 2200000.sata: AHCI 0001.0300 32 slots 1 ports 3 Gbps 0x1 impl platform mode
[    1.415807] ahci-imx 2200000.sata: flags: ncq sntf stag pm led clo only pmp pio slum part ccc apst 
[    1.418352] scsi host0: ahci-imx
[    1.418671] ata1: SATA max UDMA/133 mmio [mem 0x02200000-0x02203fff] port 0x100 irq 315
[    1.420770] spi_imx 2008000.ecspi: probed
[    1.421624] spi_imx 200c000.ecspi: probed
[    1.422588] vcan: Virtual CAN interface driver
[    1.422600] CAN device driver interface
[    1.422868] 2090000.flexcan supply xceiver not found, using dummy regulator
[    1.423702] flexcan 2090000.flexcan: device registered (reg_base=e6aa8000, irq=36)
[    1.423800] 2094000.flexcan supply xceiver not found, using dummy regulator
[    1.424512] flexcan 2094000.flexcan: device registered (reg_base=e6ab0000, irq=37)
[    1.425651] 2188000.ethernet supply phy not found, using dummy regulator
[    1.443184] pps pps0: new PPS source ptp0
[    1.444521] libphy: fec_enet_mii_bus: probed
[    1.446332] fec 2188000.ethernet eth0: registered PHC device 0
[    1.446697] usbcore: registered new interface driver asix
[    1.446775] usbcore: registered new interface driver ax88179_178a
[    1.446829] usbcore: registered new interface driver cdc_ether
[    1.446881] usbcore: registered new interface driver net1080
[    1.446933] usbcore: registered new interface driver cdc_subset
[    1.446982] usbcore: registered new interface driver zaurus
[    1.447087] usbcore: registered new interface driver cdc_ncm
[    1.447099] ehci_hcd: USB 2.0 'Enhanced' Host Controller (EHCI) Driver
[    1.447110] ehci-pci: EHCI PCI platform driver
[    1.447176] ehci-mxc: Freescale On-Chip EHCI Host driver
[    1.447380] usbcore: registered new interface driver usb-storage
[    1.447515] usbcore: registered new interface driver usbserial
[    1.447556] usbcore: registered new interface driver usbserial_generic
[    1.447596] usbserial: USB Serial support registered for generic
[    1.447645] usbcore: registered new interface driver ftdi_sio
[    1.447682] usbserial: USB Serial support registered for FTDI USB Serial Device
[    1.447731] usbcore: registered new interface driver pl2303
[    1.447768] usbserial: USB Serial support registered for pl2303
[    1.449048] 2184800.usbmisc supply vbus-wakeup not found, using dummy regulator
[    1.450450] mxc_sdc_fb fb@0: 640x480 h_sync,r,l: 96,16,48  v_sync,l,u: 2,10,33 pixclock=25200000 Hz
[    1.460869] ci_hdrc ci_hdrc.1: EHCI Host Controller
[    1.460899] ci_hdrc ci_hdrc.1: new USB bus registered, assigned bus number 1
[    1.472802] ci_hdrc ci_hdrc.1: USB 2.0 started, EHCI 1.00
[    1.473703] hub 1-0:1.0: USB hub found
[    1.473737] hub 1-0:1.0: 1 port detected
[    1.474802] mousedev: PS/2 mouse device common for all mice
[    1.483475] input: stmpe-ts as /devices/soc0/soc/2100000.aips-bus/21a4000.i2c/i2c-2/2-0041/stmpe-ts/input/input0
[    1.486808] rtc-ds1307 1-0068: oscillator failed, set time!
[    1.486994] rtc-ds1307 1-0068: rtc core: registered m41t0 as rtc0
[    1.487640] snvs_rtc 20cc000.snvs:snvs-rtc-lp: rtc core: registered 20cc000.snvs:snvs-r as rtc1
[    1.487777] i2c /dev entries driver
[    1.489086] mxc_v4l2_output v4l2_out: V4L2 device registered as video16
[    1.489239] mxc_v4l2_output v4l2_out: V4L2 device registered as video17
[    1.490695] imx2-wdt 20bc000.wdog: timeout 60 sec (nowayout=0)
[    1.491053] sdhci: Secure Digital Host Controller Interface driver
[    1.491056] sdhci: Copyright(c) Pierre Ossman
[    1.491066] sdhci-pltfm: SDHCI platform and OF driver helper
[    1.492169] /soc/aips-bus@02100000/usdhc@02190000: voltage-ranges unspecified
[    1.492200] sdhci-esdhc-imx 2190000.usdhc: Got CD GPIO
[    1.493606] sdhci-esdhc-imx 2190000.usdhc: No vqmmc regulator found
[    1.532904] mmc1: SDHCI controller on 2190000.usdhc [2190000.usdhc] using ADMA
[    1.533371] /soc/aips-bus@02100000/usdhc@02194000: voltage-ranges unspecified
[    1.533398] sdhci-esdhc-imx 2194000.usdhc: Got CD GPIO
[    1.534749] sdhci-esdhc-imx 2194000.usdhc: No vqmmc regulator found
[    1.572995] mmc2: SDHCI controller on 2194000.usdhc [2194000.usdhc] using ADMA
[    1.573641] /soc/aips-bus@02100000/usdhc@02198000: voltage-ranges unspecified
[    1.574037] sdhci-esdhc-imx 2198000.usdhc: No vqmmc regulator found
[    1.612788] mmc0: SDHCI controller on 2198000.usdhc [2198000.usdhc] using ADMA
[    1.614171] mxc_vpu 2040000.vpu_fsl: VPU initialized
[    1.614745] mxc_vdoa 21e4000.vdoa: i.MX Video Data Order Adapter(VDOA) driver probed
[    1.616631] caam 2100000.caam: Entropy delay = 3200
[    1.677420] caam 2100000.caam: Instantiated RNG4 SH0
[    1.738180] caam 2100000.caam: Instantiated RNG4 SH1
[    1.738193] caam 2100000.caam: device ID = 0x0a16010000000000 (Era -524)
[    1.738200] caam 2100000.caam: job rings = 2, qi = 0
[    1.782779] ata1: SATA link down (SStatus 0 SControl 300)
[    1.782822] ahci-imx 2200000.sata: no device found, disabling link.
[    1.782828] ahci-imx 2200000.sata: pass ahci_imx..hotplug=1 to enable hotplug
[    1.844400] mmc1: new high speed SDHC card at address 59b4
[    1.844796] mmcblk1: mmc1:59b4 USD   7.48 GiB 
[    1.851299]  mmcblk1: p1
[    1.863433] usb 1-1: new high-speed USB device number 2 using ci_hdrc
[    1.937622] caam algorithms registered in /proc/crypto
[    1.957609] caam_jr 2101000.jr0: registering rng-caam
[    1.958539] snvs-secvio 20cc000.caam-snvs: can't get snvs clock
[    1.958592] snvs-secvio 20cc000.caam-snvs: violation handlers armed - non-secure state
[    1.958843] hidraw: raw HID events driver (C) Jiri Kosina
[    1.959032] usbcore: registered new interface driver usbhid
[    1.959034] usbhid: USB HID core driver
[    2.053373] hub 1-1:1.0: USB hub found
[    2.061470] hub 1-1:1.0: 4 ports detected
[    2.106637] mmc0: MAN_BKOPS_EN bit is not set
[    2.224127] mmc0: new DDR MMC card at address 0001
[    2.224507] mmcblk0: mmc0:0001 Q2J54A 3.59 GiB 
[    2.224621] mmcblk0boot0: mmc0:0001 Q2J54A partition 1 16.0 MiB
[    2.224727] mmcblk0boot1: mmc0:0001 Q2J54A partition 2 16.0 MiB
[    2.236556] stmpe-adc stmpe-adc: Initialized
[    2.238020]  mmcblk0: p1 p2
[    2.288143] sgtl5000 2-000a: sgtl5000 revision 0x11
[    2.481617] mxc_sdc_fb fb@0: 640x480 h_sync,r,l: 96,16,48  v_sync,l,u: 2,10,33 pixclock=25175000 Hz
[    2.482770] usb 1-1.2: new low-speed USB device number 3 using ci_hdrc
[    2.576143] mxc_sdc_fb fb@0: 640x480 h_sync,r,l: 96,16,48  v_sync,l,u: 2,10,33 pixclock=25200000 Hz
[    2.638043] input: PixArt Dell MS116 USB Optical Mouse as /devices/soc0/soc/2100000.aips-bus/2184200.usb/ci_hdrc.1/usb1/1-1/1-1.2/1-1.2:1.0/0003:413C:301A.0001/input/input1
[    2.638545] hid-generic 0003:413C:301A.0001: input,hidraw0: USB HID v1.11 Mouse [PixArt Dell MS116 USB Optical Mouse] on usb-ci_hdrc.1-1.2/input0
[    2.655692] imx-sgtl5000 sound: sgtl5000 <-> 2028000.ssi mapping ok
[    2.659469] imx-spdif sound-spdif: snd-soc-dummy-dai <-> 2004000.spdif mapping ok
[    2.665026] imx-audio-hdmi sound-hdmi: hdmi-hifi <-> soc:hdmi_audio@00120000 mapping ok
[    2.666538] NET: Registered protocol family 10
[    2.667567] NET: Registered protocol family 17
[    2.667589] can: controller area network core (rev 20120528 abi 9)
[    2.667652] NET: Registered protocol family 29
[    2.667685] can: raw protocol (rev 20120528)
[    2.667696] can: broadcast manager protocol (rev 20120528 t)
[    2.667711] can: netlink gateway (rev 20130117) max_hops=1
[    2.668206] Key type dns_resolver registered
[    2.670217] Registering SWP/SWPB emulation handler
[    2.671368] 1ffc000.pcie supply pcie-bus not found, using dummy regulator
[    3.011223] imx6q-pcie 1ffc000.pcie: phy link never came up
[    3.019493] imx6q-pcie 1ffc000.pcie: failed to initialize host
[    3.028035] imx6q-pcie: probe of 1ffc000.pcie failed with error -22
[    3.039803] input: gpio-keys as /devices/soc0/gpio-keys/input/input2
[    3.050496] rtc-ds1307 1-0068: hctosys: unable to read the hardware clock
[    3.070883] usb_otg_vbus: disabling
[    3.077328] ALSA device list:
[    3.082816]   #0: imx6q-apalis-sgtl5000
[    3.089104]   #1: imx-spdif
[    3.094298]   #2: imx-hdmi-soc
[    3.113620] EXT4-fs (mmcblk0p2): mounted filesystem with ordered data mode. Opts: (null)
[    3.126374] VFS: Mounted root (ext4 filesystem) readonly on device 179:10.
[    3.138677] devtmpfs: mounted
[    3.144454] Freeing unused kernel memory: 332K
[    3.246075] systemd[1]: System time before build time, advancing clock.
[    3.271399] random: systemd urandom read with 14 bits of entropy available
[    3.284459] systemd[1]: systemd 230 running in system mode. (+PAM -AUDIT -SELINUX +IMA -APPARMOR +SMACK +SYSVINIT +UTMP -LIBCRYPTSETUP -GCRYPT -GNUTLS -ACL -XZ +LZ4 -SECCOMP +BLKID -ELFUTILS +KMOD +IDN)
[    3.309658] systemd[1]: Detected architecture arm.

Welcome to The Ã…ngstrÃ¶m Distribution v2016.12!

[    3.343292] systemd[1]: Set hostname to <apalis-imx6>.
[    3.351964] systemd[1]: Initializing machine ID from random generator.
[    3.360971] systemd[1]: Installed transient /etc/machine-id file.
[    3.596336] systemd[1]: Reached target Remote File Systems.
[  OK  ] Reached target Remote File Systems.
[    3.623024] systemd[1]: Reached target Swap.
[  OK  ] Reached target Swap.
[    3.643232] systemd[1]: Listening on Network Service Netlink Socket.
[  OK  ] Listening on Network Service Netlink Socket.
[    3.673300] systemd[1]: Created slice System Slice.
[  OK  ] Created slice System Slice.
[    3.703117] systemd[1]: Listening on Journal Socket (/dev/log).
[  OK  ] Listening on Journal Socket (/dev/log).
[    3.748486] systemd[1]: Started Forward Password Requests to Wall Directory Watch.
[  OK  ] Started Forward Password Requests to Wall Directory Watch.
[    3.783120] systemd[1]: Listening on /dev/initctl Compatibility Named Pipe.
[  OK  ] Listening on /dev/initctl Compatibility Named Pipe.
[    3.813252] systemd[1]: Created slice system-serial\x2dgetty.slice.
[  OK  ] Created slice system-serial\x2dgetty.slice.
[    3.843203] systemd[1]: Created slice system-getty.slice.
[  OK  ] Created slice system-getty.slice.
[    3.873078] systemd[1]: Listening on Journal Socket.
[  OK  ] Listening on Journal Socket.
[    3.905255] systemd[1]: Starting Export GPIOs to user space...
         Starting Export GPIOs to user space...
[    3.935686] systemd[1]: Starting Setup Virtual Console...
         Starting Setup Virtual Console...
[    3.965539] systemd[1]: Starting File System Check on Root Device...
         Starting File System Check on Root Device...
[    3.997451] systemd[1]: Starting Load Kernel Modules...
         Starting Load Kernel Mod[    4.006659] systemd[1]: Started Dispatch Password Requests to Console Directory Watch.
ules...
[  OK  [    4.023498] systemd[1]: Reached target Paths.
] Started Dispatch Password Requests to Console Directory Watch.[    4.032637] Galcore version 5.0.11.41671

[  OK  ] Reached targ[    4.034684] systemd[1]: Starting Create list of required static device nodes for the current kernel...
et Paths.
[    4.058532] systemd[1]: Created slice User and Session Slice.
         Starting Create list of required st... nodes for the cur[    4.068636] systemd[1]: Reached target Slices.
rent kernel...
[  OK  ] Created slice User and Sessio[    4.078968] systemd[1]: Listening on udev Control Socket.
n Slice.
[  OK  ] Reached target Slices.
[  OK  ] Listening on u[    4.091078] systemd[1]: Listening on udev Kernel Socket.
dev Control Socket.
[  OK  ] Listening on udev Kernel Socket.
[    4.137494] systemd[1]: Starting Journal Service...
         Starting Journal Service...
[    4.169907] systemd[1]: Mounting Temporary Directory...
         Mounting Temporary Directory...
[    4.192257] systemd[1]: Mounting Debug File System...
         Mounting Debug File System...
[    4.231024] systemd[1]: Mounted Debug File System.
[  OK  ] Mounted Debug File System.
[    4.253580] systemd[1]: Mounted Temporary Directory.
[  OK  ] Mounted Temporary Directory.
[    4.285168] systemd[1]: Started Export GPIOs to user space.
[  OK  ] Started Export GPIOs to user space.
[    4.314055] systemd[1]: Started Setup Virtual Console.
[  OK  ] Started Setup Virtual Console.
[    4.343938] systemd[1]: Started File System Check on Root Device.
[  OK  ] Started File System Check on Root Device.
[    4.373924] systemd[1]: Started Create list of required static device nodes for the current kernel.
[  OK  ] Started Create list of required sta...ce nodes for the current kernel.
[    4.414536] systemd[1]: Started Journal Service.
[  OK  ] Started Journal Service.
         Starting Remount Root and Kernel File Systems...
[    4.484672] EXT4-fs (mmcblk0p2): re-mounted. Opts: (null)
[  OK  ] Started Remount Root and Kernel File Systems.
         Starting Flush Journal to Persistent Storage...
         Starting Rebuild Hardware Database...
         Starting Create System Users...
[    4.615305] systemd-journald[205]: Received request to flush runtime journal from PID 1
[  OK  ] Started Create System Users.
         Starting Create Static Device Nodes in /dev...
[  OK  ] Started Create Static Device Nodes in /dev.
[  OK  ] Reached target Local File Systems (Pre).
         Mounting /var/volatile...
         Starting udev Kernel Device Manager...
[  OK  ] Mounted /var/volatile.
[  OK  ] Started Flush Journal to Persistent Storage.
[  OK  ] Started Load Kernel Modules.
[  OK  ] Started udev Kernel Device Manager.
         Mounting FUSE Control File System...
         Mounting Configuration File System...
         Starting Apply Kernel Variables...
         Starting Load/Save Random Seed...
[  OK  ] Reached target Local File Systems.
         Starting Create Volatile Files and Directories...
         Starting Commit a transient machine-id on disk...
         Starting Rebuild Journal Catalog...
         Starting Rebuild Dynamic Linker Cache...
[  OK  ] Mounted FUSE Control File System.
[  OK  ] Mounted Configuration File System.
[  OK  ] Started Apply Kernel Variables.
[  OK  ] Started Load/Save Random Seed.
[  OK  ] Started Create Volatile Files and Directories.
[  OK  ] Started Commit a transient machine-id on disk.
[  OK  ] Started Rebuild Journal Catalog.
         Starting Network Time Synchronization...
         Starting Opkg first boot configure...
         Starting Run pending postinsts...
         Starting Update UTMP about System Boot/Shutdown...
[  OK  ] Started Update UTMP about System Boot/Shutdown.
[  OK  ] Started Network Time Synchronization.
[  OK  ] Reached target System Time Synchronized.
[  OK  ] Started Rebuild Dynamic Linker Cache.
[  OK  ] Started Run pending postinsts.
[  OK  ] Started Rebuild Hardware Database.
         Starting Update is Completed...
         Starting udev Coldplug all Devices...
[  OK  ] Started Update is Completed.
[  OK  ] Started Opkg first boot configure.
[  OK  ] Started udev Coldplug all Devices.
[  OK  ] Created slice system-systemd\x2dbacklight.slice.
         Starting Load/Save Screen Backlight...htness of backlight:backlight...
[  OK  ] Found device /dev/ttymxc0.
[  OK  ] Started Load/Save Screen Backlight Brightness of backlight:backlight.
[  OK  ] Reached target System Initialization.
         Starting Socket activation for snappy daemon.
[  OK  ] Listening on D-Bus System Message Bus Socket.
[  OK  ] Listening on RPCbind Server Activation Socket.
         Starting sshd.socket.
[  OK  ] Started Daily Cleanup of Temporary Directories.
[  OK  ] Reached target Timers.
[  OK  ] Listening on Avahi mDNS/DNS-SD Stack Activation Socket.
[  OK  ] Listening on Socket activation for snappy daemon.
[    7.797110] max9526 3-0020: Device seems not to be a MAX9526
[  OK  ] Listening on sshd.socket.
[    7.813538] adv7280 3-0021: chip found @ 0x42 (21a8000.i2c)
[    7.822313] adv7280 3-0021: no sensor pwdn pin available
[    7.863767] adv7280 3-0021: adv7280_probe:Analog Device adv7280 not detected -5!
[    7.879476] /soc/aips-bus@02100000/i2c@021a8000/ov5640_mipi@3c: arguments longer than property
[  OK  ] Reached target Sound Card.
[  OK  ] Reached target Sockets.
[  OK  ] Reached target Basic System.
[  OK  ] Started start resize script to incr...tfs to its partitions full size.
[  OK  ] Started Snappy daemon.
         Starting Load default USB gadget schema g1.schema...
         Starting Login Service...
[  OK  ] Started Timestamping service.
[    8.093420] ov5640_read_reg:write reg error:reg=300a
[    8.101166] camera ov5640_mipi is not found
[  OK  ] Started D-Bus System Message Bus.
[    8.257074] using random self ethernet address
[    8.265111] using random host ethernet address
[    8.551214] ERROR: v4l2 capture: slave not found! V4L2_CID_HUE
[    8.557130] ERROR: v4l2 capture: slave not found! V4L2_CID_HUE
[    8.563157] ERROR: v4l2 capture: slave not found! V4L2_CID_HUE
         Starting Connection service...
         Starting Save/Restore Sound Card State...
         Starting Avahi mDNS/DNS-SD Stack...
[  OK  ] Started Save/Restore Sound Card State.
[    8.920467] FAT-fs (mmcblk1p1): Volume was not properly unmounted. Some data may be corrupt. Please run fsck.
[    8.950733] usb0: HOST MAC 00:14:2d:ff:ff:fe
[    8.958482] usb0: MAC 00:14:2d:ff:ff:ff
[  OK  ] Started Load default USB gadget schema g1.schema.
[  OK  ] Started Avahi mDNS/DNS-SD Stack.
[  OK  ] Started Connection service.
[  OK  ] Started Login Service.
[    9.143678] fec 2188000.ethernet eth0: Freescale FEC PHY driver [Micrel KSZ9031 Gigabit PHY] (mii_bus:phy_addr=2188000.ethernet:07, irq=70)
         [    9.161070] IPv6: ADDRCONF(NETDEV_UP): eth0: link is not ready
Starting Hostname Service...
         Starting WPA supplicant...
         Starting Network Service...
[  OK  ] Listening on Load/Save RF Kill Switch Status /dev/rfkill Watch.
[  OK  ] Started WPA supplicant.
[  OK  ] Started Networ[    9.271224] IPv6: ADDRCONF(NETDEV_UP): usb0: link is not ready
k Service.
[  OK  ] Reached target Network.
         Starting Permit User Sessions...
         Starting Network Name Resolution...
[  OK  ] Started Permit User Sessions.
[  OK  ] Started Network Name Resolution.
[  OK  ] Started Hostname Service.
[  OK  ] Started LXDE Display Manager.
[  OK  ] Started Serial Getty on ttymxc0.
[  OK  ] Reached target Login Prompts.
[  OK  ] Reached target Multi-User System.
[  OK  ] Reached target Graphical Interface.
         Starting Update UTMP about System Runlevel Changes...
[  OK  ] Started Update UTMP about System Runlevel Changes.
[    9.708674] mxc_sdc_fb fb@0: 640x480 h_sync,r,l: 96,16,48  v_sync,l,u: 2,10,33 pixclock=25200000 Hz
[    9.773501] mxc_sdc_fb fb@0: 640x480 h_sync,r,l: 96,16,48  v_sync,l,u: 2,10,33 pixclock=25200000 Hz
[    9.842768] mxc_sdc_fb fb@0: 640x480 h_sync,r,l: 96,16,48  v_sync,l,u: 2,10,33 pixclock=25200000 Hz
[    9.913185] mxc_sdc_fb fb@0: 640x480 h_sync,r,l: 96,16,48  v_sync,l,u: 2,10,33 pixclock=25200000 Hz
[   10.431775] mxc_sdc_fb fb@0: 640x480 h_sync,r,l: 96,16,48  v_sync,l,u: 2,10,33 pixclock=25200000 Hz

.---O---.                                           
|       |                  .-.           o o        
|   |   |-----.-----.-----.| |   .----..-----.-----.
|       |     | __  |  ---'| '--.|  .-'|     |     |
|   |   |  |  |     |---  ||  --'|  |  |  '  | | | |
'---'---'--'--'--.  |-----''----''--'  '-----'-'-'-'
                -'  |
                '---'

The Angstrom Distribution apalis-imx6 ttymxc0

Angstrom v2016.12 - Kernel 

Apalis-iMX6_LXDE-Image 2.7b4 20171004

apalis-imx6 login: [   10.760049] mxc_sdc_fb fb@0: 640x480 h_sync,r,l: 96,16,48  v_sync,l,u: 2,10,33 pixclock=25200000 Hz
[   10.822785] mxc_sdc_fb fb@0: 640x480 h_sync,r,l: 96,16,48  v_sync,l,u: 2,10,33 pixclock=25200000 Hz
[   10.876067] mxc_sdc_fb fb@0: 640x480 h_sync,r,l: 96,16,48  v_sync,l,u: 2,10,33 pixclock=25200000 Hz
[   11.477300] mxc_sdc_fb fb@0: 640x480 h_sync,r,l: 96,16,48  v_sync,l,u: 2,10,33 pixclock=25200000 Hz
[   11.543558] mxc_sdc_fb fb@0: 640x480 h_sync,r,l: 96,16,48  v_sync,l,u: 2,10,33 pixclock=25200000 Hz
[   11.612783] mxc_sdc_fb fb@0: 640x480 h_sync,r,l: 96,16,48  v_sync,l,u: 2,10,33 pixclock=25200000 Hz
[   11.683124] mxc_sdc_fb fb@0: 640x480 h_sync,r,l: 96,16,48  v_sync,l,u: 2,10,33 pixclock=25200000 Hz
[   12.071513] mxc_sdc_fb fb@0: 640x480 h_sync,r,l: 96,16,48  v_sync,l,u: 2,10,33 pixclock=25200000 Hz
[   12.641307] random: nonblocking pool is initialized

.---O---.                                           
|       |                  .-.           o o        
|   |   |-----.-----.-----.| |   .----..-----.-----.
|       |     | __  |  ---'| '--.|  .-'|     |     |
|   |   |  |  |     |---  ||  --'|  |  |  '  | | | |
'---'---'--'--'--.  |-----''----''--'  '-----'-'-'-'
                -'  |
                '---'

The Angstrom Distribution apalis-imx6 ttymxc0

Angstrom v2016.12 - Kernel 

Apalis-iMX6_LXDE-Image 2.7b4 20171004

apalis-imx6 login: root
root@apalis-imx6:~# [   15.976805] ci_hdrc ci_hdrc.0: Device No Response

root@apalis-imx6:~# 
root@apalis-imx6:~# 
root@apalis-imx6:~# 
root@apalis-imx6:~# cd /
root@apalis-imx6:/#  find /sys/ -name edid -exec cat {} \;
0x00 0xFF 0xFF 0xFF 0xFF 0xFF 0xFF 0x00 0x22 0xF0 0xEB 0x26 0x01 0x01 0x01 0x01 
0x15 0x12 0x01 0x03 0x80 0x22 0x1B 0x8C 0x2A 0xFD 0xB0 0xA5 0x56 0x4A 0x9A 0x24 
0x11 0x50 0x54 0xAD 0xEF 0x80 0x81 0x80 0x01 0x01 0x01 0x01 0x01 0x01 0x01 0x01 
0x01 0x01 0x01 0x01 0x81 0xC0 0x30 0x2A 0x00 0x98 0x51 0x00 0x2A 0x40 0x30 0x70 
0x13 0x00 0x54 0x0E 0x11 0x00 0x00 0x1E 0x00 0x00 0x00 0xFD 0x00 0x32 0x4D 0x18 
0x53 0x0E 0x00 0x0A 0x20 0x20 0x20 0x20 0x20 0x20 0x00 0x00 0x00 0xFC 0x00 0x48 
0x50 0x20 0x4C 0x31 0x37 0x31 0x30 0x0A 0x20 0x20 0x20 0x20 0x00 0x00 0x00 0xFF 
0x00 0x43 0x4E 0x43 0x38 0x32 0x31 0x50 0x4A 0x30 0x36 0x0A 0x20 0x20 0x00 0xB7 
0x00 0x00 0x00 0x00 0x00 0x00 0x00 0x00 0x00 0x00 0x00 0x00 0x00 0x00 0x00 0x00 
0x00 0x00 0x00 0x00 0x00 0x00 0x00 0x00 0x00 0x00 0x00 0x00 0x00 0x00 0x00 0x00 
0x00 0x00 0x00 0x00 0x00 0x00 0x00 0x00 0x00 0x00 0x00 0x00 0x00 0x00 0x00 0x00 
0x00 0x00 0x00 0x00 0x00 0x00 0x00 0x00 0x00 0x00 0x00 0x00 0x00 0x00 0x00 0x00 
0x00 0x00 0x00 0x00 0x00 0x00 0x00 0x00 0x00 0x00 0x00 0x00 0x00 0x00 0x00 0x00 
0x00 0x00 0x00 0x00 0x00 0x00 0x00 0x00 0x00 0x00 0x00 0x00 0x00 0x00 0x00 0x00 
0x00 0x00 0x00 0x00 0x00 0x00 0x00 0x00 0x00 0x00 0x00 0x00 0x00 0x00 0x00 0x00 
0x00 0x00 0x00 0x00 0x00 0x00 0x00 0x00 0x00 0x00 0x00 0x00 0x00 0x00 0x00 0x00 
0x00 0x00 0x00 0x00 0x00 0x00 0x00 0x00 0x00 0x00 0x00 0x00 0x00 0x00 0x00 0x00 
0x00 0x00 0x00 0x00 0x00 0x00 0x00 0x00 0x00 0x00 0x00 0x00 0x00 0x00 0x00 0x00 
0x00 0x00 0x00 0x00 0x00 0x00 0x00 0x00 0x00 0x00 0x00 0x00 0x00 0x00 0x00 0x00 
0x00 0x00 0x00 0x00 0x00 0x00 0x00 0x00 0x00 0x00 0x00 0x00 0x00 0x00 0x00 0x00 
0x00 0x00 0x00 0x00 0x00 0x00 0x00 0x00 0x00 0x00 0x00 0x00 0x00 0x00 0x00 0x00 
0x00 0x00 0x00 0x00 0x00 0x00 0x00 0x00 0x00 0x00 0x00 0x00 0x00 0x00 0x00 0x00 
0x00 0x00 0x00 0x00 0x00 0x00 0x00 0x00 0x00 0x00 0x00 0x00 0x00 0x00 0x00 0x00 
0x00 0x00 0x00 0x00 0x00 0x00 0x00 0x00 0x00 0x00 0x00 0x00 0x00 0x00 0x00 0x00 
0x00 0x00 0x00 0x00 0x00 0x00 0x00 0x00 0x00 0x00 0x00 0x00 0x00 0x00 0x00 0x00 
0x00 0x00 0x00 0x00 0x00 0x00 0x00 0x00 0x00 0x00 0x00 0x00 0x00 0x00 0x00 0x00 
0x00 0x00 0x00 0x00 0x00 0x00 0x00 0x00 0x00 0x00 0x00 0x00 0x00 0x00 0x00 0x00 
0x00 0x00 0x00 0x00 0x00 0x00 0x00 0x00 0x00 0x00 0x00 0x00 0x00 0x00 0x00 0x00 
0x00 0x00 0x00 0x00 0x00 0x00 0x00 0x00 0x00 0x00 0x00 0x00 0x00 0x00 0x00 0x00 
0x00 0x00 0x00 0x00 0x00 0x00 0x00 0x00 0x00 0x00 0x00 0x00 0x00 0x00 0x00 0x00 
0x00 0x00 0x00 0x00 0x00 0x00 0x00 0x00 0x00 0x00 0x00 0x00 0x00 0x00 0x00 0x00 
0x00 0x00 0x00 0x00 0x00 0x00 0x00 0x00 0x00 0x00 0x00 0x00 0x00 0x00 0x00 0x00 
root@apalis-imx6:/# reboot
         Stopping Sessionð         Stopping Save/Restore Sound Card State...
         Stopping Authorization Manager...
[  OK  ] Stopped target System Time Synchronized.
[  OK  ] Stopped target Timers.
[  OK  ] Stopped Daily Cleanup of Temporary Directories.
         Stopping Timestamping service...
[   63.937146] [drm:drm_legacy_unlock] *ERROR* Process 800 using kernel context 0
[   63.944547] [drm:drm_legacy_unlock] *ERROR* Process 803 using kernel context 0
[   63.944583] [drm:drm_legacy_unlock] *ERROR* Process 803 using kernel context 0
[   63.947988] [drm:drm_legacy_unlock] *ERROR* Process 800 using kernel context 0
[   63.952099] [drm:drm_legacy_unlock] *ERROR* Process 807 using kernel context 0
         Stopping Session c1 of user root.
         Stopping Disk Manager...
[   64.023615] [drm:drm_lock_take] *ERROR* 1 holds heavyweight lock
[   64.031582] [drm:drm_lock_take] *ERROR* 1 holds heavyweight lock
[  OK  ] Stopped target Sound Card.
         Stopping User Manager for UID 0...
[  OK  ] Closed Load/Save RF Kill Switch Status /dev/rfkill Watch.
[  OK  ] Removed slice system-getty.slice.
[  OK  ] Stopped target Graphical Interface.
         Stopping LXDE Display Manager...
[  OK  ] Stopped target Multi-User System.
         Stopping Network Name Resolution...
         Stopping Snappy daemon...
[  OK  ] Stopped target Login Prompts.
         Stopping Serial Getty on ttymxc0...
         Stopping Avahi mDNS/DNS-SD Stack...
[  OK  ] Stopped Snappy daemon.
[  OK  ] Stopped Avahi mDNS/DNS-SD Stack.
[  OK  ] Stopped Network Name Resolution.
[  OK  ] Stopped Serial Getty on ttymxc0.
[  OK  ] Stopped User Manager for UID 0.
[  OK  ] Stopped Authorization Manager.
[  OK  ] Stopped Disk Manager.
[  OK  ] Stopped Save/Restore Sound Card State.
[  OK  ] Stopped Session c2 of user root.
[  OK  ] Stopped Timestamping service.
[  OK  ] Stopped Session c1 of user root.
[  OK  ] Removed slice User Slice of root.
         Stopping Login Service...
[  OK  ] Removed slice system-serial\x2dgetty.slice.
[  OK  ] Stopped Login Service.
[   64.768834] mxc_sdc_fb fb@0: 640x480 h_sync,r,l: 96,16,48  v_sync,l,u: 2,10,33 pixclock=25200000 Hz
[   64.832870] mxc_sdc_fb fb@0: 640x480 h_sync,r,l: 96,16,48  v_sync,l,u: 2,10,33 pixclock=25200000 Hz
[   64.886053] mxc_sdc_fb fb@0: 640x480 h_sync,r,l: 96,16,48  v_sync,l,u: 2,10,33 pixclock=25200000 Hz
[  OK  ] Stopped LXDE Display Manager.
         Stopping Permit User Sessions...
[  OK  ] Stopped Permit User Sessions.
[  OK  ] Stopped target Network.
         Stopping Connection service...
         Stopping Network Service...
         Stopping WPA supplicant...
[  OK  ] Stopped target Remote File Systems.
[  OK  ] Stopped Connection service.
[  OK  ] Stopped WPA supplicant.
[  OK  ] Stopped Network Service.
         Stopping D-Bus System Message Bus...
[  OK  ] Stopped D-Bus System Message Bus.
[  OK  ] Stopped target Basic System.
[  OK  ] Stopped target Slices.
[  OK  ] Removed slice User and Session Slice.
[  OK  ] Stopped target Paths.
[  OK  ] Stopped Dispatch Password Requests to Console Directory Watch.
[  OK  ] Stopped Forward Password Requests to Wall Directory Watch.
[  OK  ] Stopped target Sockets.
[  OK  ] Closed RPCbind Server Activation Socket.
[  OK  ] Closed Socket activation for snappy daemon.
[  OK  ] Closed Avahi mDNS/DNS-SD Stack Activation Socket.
[  OK  ] Closed sshd.socket.
[  OK  ] Closed D-Bus System Message Bus Socket.
[  OK  ] Stopped target System Initialization.
[  OK  ] Stopped Apply Kernel Variables.
         Stopping Load/Save Random Seed...
         Stopping Update UTMP about System Boot/Shutdown...
         Stopping Load/Save Screen Backlight...htness of backlight:backlight...
[  OK  ] Stopped Update is Completed.
[  OK  ] Stopped Rebuild Dynamic Linker Cache.
[  OK  ] Stopped Commit a transient machine-id on disk.
         Stopping Network Time Synchronization...
[  OK  ] Stopped Load Kernel Modules.
[  OK  ] Stopped Rebuild Hardware Database.
[  OK  ] Stopped Setup Virtual Console.
[  OK  ] Stopped Rebuild Journal Catalog.
[  OK  ] Stopped Network Time Synchronization.
[  OK  ] Stopped Load/Save Random Seed.
[  OK  ] Stopped Load/Save Screen Backlight Brightness of backlight:backlight.
[  OK  ] Removed slice system-systemd\x2dbacklight.slice.
[  OK  ] Stopped Update UTMP about System Boot/Shutdown.
[  OK  ] Stopped Create Volatile Files and Directories.
[  OK  ] Stopped target Local File Systems.
         Unmounting /run/user/0...
         Unmounting /media/mmcblk0p1...
         Unmounting Temporary Directory...
         Unmounting /var/volatile...
         Unmounting /media/mmcblk1p1...
[  OK  ] Unmounted /run/user/0.
[  OK  ] Unmounted /media/mmcblk0p1.
[  OK  ] Unmounted Temporary Directory.
[  OK  ] Unmounted /var/volatile.
[  OK  ] Unmounted /media/mmcblk1p1.
[  OK  ] Stopped target Swap.
[  OK  ] Reached target Unmount All Filesystems.
[  OK  ] Stopped target Local File Systems (Pre).
[  OK  ] Stopped Create Static Device Nodes in /dev.
[  OK  ] Stopped Create System Users.
[  OK  ] Stopped Remount Root and Kernel File Systems.
[  OK  ] Reached target Shutdown.
[   66.449301] systemd-shutdown[1]: Sending SIGTERM to remaining processes...
[   66.471569] systemd-journald[205]: Received SIGTERM from PID 1 (systemd-shutdow).
[   66.549611] systemd-shutdown[1]: Sending SIGKILL to remaining processes...
[   66.569908] systemd-shutdown[1]: Hardware watchdog 'imx2+ watchdog', version 0
[   66.578152] systemd-shutdown[1]: Unmounting file systems.
[   66.584246] systemd-shutdown[1]: Remounting '/' read-only with options 'data=ordered'.
[   66.650943] EXT4-fs (mmcblk0p2): re-mounted. Opts: data=ordered
[   66.662511] systemd-shutdown[1]: Remounting '/' read-only with options 'data=ordered'.
[   66.670747] EXT4-fs (mmcblk0p2): re-mounted. Opts: data=ordered
[   66.676851] systemd-shutdown[1]: All filesystems unmounted.
[   66.682542] systemd-shutdown[1]: Deactivating swaps.
[   66.687859] systemd-shutdown[1]: All swaps deactivated.
[   66.693252] systemd-shutdown[1]: Detaching loop devices.
[   66.711272] systemd-shutdown[1]: All loop devices detached.
[   66.717042] systemd-shutdown[1]: Detaching DM devices.
[   66.722634] systemd-shutdown[1]: All DM devices detached.
[   66.733543] systemd-shutdown[1]: Failed to read reboot parameter file: No such file or directory
[   66.745069] systemd-shutdown[1]: Rebooting.
[   69.331999] imx2-wdt 20bc000.wdog: Device shutdown: Expect reboot!
[   69.343481] reboot: Restarting system


U-Boot 2016.11-dirty (Feb 08 2018 - 14:11:56 +0530)

CPU:   Freescale i.MX6Q rev1.5 at 792 MHz
Reset cause: WDOG
I2C:   ready
DRAM:  2 GiB
PMIC:  device id: 0x10, revision id: 0x21, programmed
‰MC:   FSL_SDHC: 0, FSL_SDHC: 1, FSL_SDHC: 2
auto-detected panel HDMI
Harish Display: HDMI (1024x768)
In:    serial
Out:   serial
Err:   serial
Model: Toradex Apalis iMX6 Quad 2GB IT V1.1C, Serial# 05146385
Net:   using PHY at 7
FEC [PRIME]
Hit any key to stop autoboot:  1  0
Apalis iMX6 # pri
arch=arm
baudrate=115200
board=apalis_imx6
board_name=apalis_imx6
board_rev=011c
bootargs=console=ttymxc0,115200 init=/init video=mxcfb0:dev=lcd,FusionF07A,if=RGB24 video=mxcfb1:dev=hdmi,640x480M@60,if=RGB24,bpp=16 video=mxcfb2:off video=mxcfb3:off vmalloc=256M androidboot.console=ttymxc0 consoleblank=0 androidboot.hardware=freescale cma=448M androidboot.selinux=permissive androidboot.dm_verity=disabled
bootcmd=boota mmc0
bootdelay=1
cpu=armv7
ethact=FEC
ethaddr=00:14:2d:4e:87:11
ethprime=FEC
fastboot_dev=mmc0
fdt_high=0xffffffff
initrd_high=0xffffffff
ipaddr=192.168.10.2
loadaddr=0x12000000
netmask=255.255.255.0
serial#=05146385
serverip=192.168.10.1
soc=mx6
splashpos=m,m
vendor=toradex
ver=U-Boot 2016.11-dirty (Feb 08 2018 - 14:11:56 +0530)

Environment size: 802/8188 bytes
Apalis iMX6 # en default -f -a
## Resetting to default environment
Apalis iMX6 # env save
Saving Environment to MMC...
Writing to MMC(0)... done
Apalis iMX6 # saveenv
Saving Environment to MMC...
Writing to MMC(0)... done
Apalis iMX6 # res
resetting ...


U-Boot 2016.11-dirty (Feb 08 2018 - 14:11:56 +0530)

CPU:   Freescale i.MX6Q rev1.5 at 792 MHz
Reset cause: WDOG
I2C:   ready
DRAM:  2 GiB
PMIC:  device id: 0x10, revision id: 0x21, programmed
MS('þFSL_SDHC: 0, FSL_SDHC: 1, FSL_SDHC: 2
auto-detected panel HDMI
Harish Display: HDMI (1024x768)
In:    serial
Out:   serial
Err:   serial
Model: Toradex Apalis iMX6 Quad 2GB IT V1.1C, Serial# 05146385
Net:   using PHY at 7
FEC [PRIME]
Hit any key to stop autoboot:  1  0 
Apalis iMX6 # 
Apalis iMX6 # 
Apalis iMX6 # pri
arch=arm
baudrate=115200
board=apalis_imx6
board_name=apalis_imx6
board_rev=011c
boot_a_script=load ${devtype} ${devnum}:${distro_bootpart} ${scriptaddr} ${prefix}${script}; source ${scriptaddr}
boot_extlinux=sysboot ${devtype} ${devnum}:${distro_bootpart} any ${scriptaddr} ${prefix}extlinux/extlinux.conf
boot_file=uImage
boot_net_usb_start=usb start
boot_prefixes=/ /boot/
boot_script_dhcp=boot.scr.uimg
boot_scripts=boot.scr.uimg boot.scr
boot_targets=mmc1 mmc2 usb0 dhcp 
bootcmd=run emmcboot ; echo ; echo emmcboot failed ; run distro_bootcmd ; usb start ;setenv stdout serial,vga ; setenv stdin serial,usbkbd
bootcmd_dhcp=if dhcp ${scriptaddr} ${boot_script_dhcp}; then source ${scriptaddr}; fi;
bootcmd_mmc1=setenv devnum 1; run mmc_boot
bootcmd_mmc2=setenv devnum 2; run mmc_boot
bootcmd_usb0=setenv devnum 0; run usb_boot
bootdelay=1
bootm_size=0x20000000
console=ttymxc0
cpu=armv7
defargs=vmalloc=400M user_debug=30
dfu_alt_info=u-boot.imx raw 0x2 0x3ff mmcpart 0;boot part 0 1;rootfs part 0 2;uImage fat 0 1;imx6q-colibri-eval-v3.dtb fat 0 1;imx6q-colibri-cam-eval-v3.dtb fat 0 1
distro_bootcmd=for target in ${boot_targets}; do run bootcmd_${target}; done
emmcargs=ip=off root=/dev/mmcblk0p2 ro rootfstype=ext4 rootwait
emmcboot=run setup; setenv bootargs ${defargs} ${emmcargs} ${setupargs} ${vidargs}; echo Booting from internal eMMC chip...; run emmcdtbload; load mmc 0:1 ${kernel_addr_r} ${boot_file} && run fdt_fixup && bootm ${kernel_addr_r} ${dtbparam}
emmcdtbload=setenv dtbparam; load mmc 0:1 ${fdt_addr_r} ${fdt_file} && setenv dtbparam " - ${fdt_addr_r}" && true
ethact=FEC
ethaddr=00:14:2d:4e:87:11
ethprime=FEC
fdt_addr_r=0x12000000
fdt_file=imx6q-apalis-eval.dtb
fdt_fixup=;
fdt_high=0xffffffff
initrd_high=0xffffffff
ipaddr=192.168.10.2
kernel_addr_r=0x11000000
loadaddr=0x12000000
mmc_boot=if mmc dev ${devnum}; then setenv devtype mmc; run scan_dev_for_boot_part; fi
netmask=255.255.255.0
nfsargs=ip=:::::eth0:on root=/dev/nfs rw
nfsboot=run setup; setenv bootargs ${defargs} ${nfsargs} ${setupargs} ${vidargs}; echo Booting via DHCP/TFTP/NFS...; run nfsdtbload; dhcp ${kernel_addr_r} && run fdt_fixup && bootm ${kernel_addr_r} ${dtbparam}
nfsdtbload=setenv dtbparam; tftp ${fdt_addr_r} ${fdt_file} && setenv dtbparam " - ${fdt_addr_r}" && true
pxefile_addr_r=0x17100000
ramdisk_addr_r=0x12100000
sata_boot=if sata dev ${devnum}; then setenv devtype sata; run scan_dev_for_boot_part; fi
scan_dev_for_boot=echo Scanning ${devtype} ${devnum}:${distro_bootpart}...; for prefix in ${boot_prefixes}; do run scan_dev_for_extlinux; run scan_dev_for_scripts; done;
scan_dev_for_boot_part=part list ${devtype} ${devnum} -bootable devplist; env exists devplist || setenv devplist 1; for distro_bootpart in ${devplist}; do if fstype ${devtype} ${devnum}:${distro_bootpart} bootfstype; then run scan_dev_for_boot; fi; done
scan_dev_for_extlinux=if test -e ${devtype} ${devnum}:${distro_bootpart} ${prefix}extlinux/extlinux.conf; then echo Found ${prefix}extlinux/extlinux.conf; run boot_extlinux; echo SCRIPT FAILED: continuing...; fi
scan_dev_for_scripts=for script in ${boot_scripts}; do if test -e ${devtype} ${devnum}:${distro_bootpart} ${prefix}${script}; then echo Found U-Boot script ${prefix}${script}; run boot_a_script; echo SCRIPT FAILED: continuing...; fi; done
scriptaddr=0x17000000
sdargs=ip=off root=/dev/mmcblk1p2 ro rootfstype=ext4 rootwait
sdboot=run setup; setenv bootargs ${defargs} ${sdargs} ${setupargs} ${vidargs}; echo Booting from SD card; run sddtbload; load mmc 1:1 ${kernel_addr_r} ${boot_file} && run fdt_fixup && bootm ${kernel_addr_r} ${dtbparam}
sddtbload=setenv dtbparam; load mmc 1:1 ${fdt_addr_r} ${fdt_file} && setenv dtbparam " - ${fdt_addr_r}" && true
serial#=05146385
serverip=192.168.10.1
setethupdate=if env exists ethaddr; then; else setenv ethaddr 00:14:2d:00:00:00; fi; tftpboot ${loadaddr} flash_eth.img && source ${loadaddr}
setsdupdate=setenv interface mmc; setenv drive 1; mmc rescan; load ${interface} ${drive}:1 ${loadaddr} flash_blk.img || setenv drive 2; mmc rescan; load ${interface} ${drive}:1 ${loadaddr} flash_blk.img && source ${loadaddr}
setup=setenv setupargs fec_mac=${ethaddr} consoleblank=0 no_console_suspend=1 console=tty1 console=${console},${baudrate}n8
setupdate=run setsdupdate || run setusbupdate || run setethupdate
setusbupdate=usb start && setenv interface usb; setenv drive 0; load ${interface} ${drive}:1 ${loadaddr} flash_blk.img && source ${loadaddr}
soc=mx6
splashpos=m,m
usb_boot=usb start; if usb dev ${devnum}; then setenv devtype usb; run scan_dev_for_boot_part; fi
vendor=toradex
ver=U-Boot 2016.11-dirty (Feb 08 2018 - 14:11:56 +0530)
vidargs=mxc_hdmi.only_cea=1 video=mxcfb0:dev=hdmi,1920x1080M@60,if=RGB24 video=mxcfb1:off video=mxcfb2:off video=mxcfb3:off fbmem=32M

Environment size: 4907/8188 bytes
Apalis iMX6 # boot
Booting from internal eMMC chip...
reading imx6q-apalis-eval.dtb
50345 bytes read in 18 ms (2.7 MiB/s)
reading uImage
5207280 bytes read in 195 ms (25.5 MiB/s)
## Booting kernel from Legacy Image at 11000000 ...
   Image Name:   Linux-4.1.44-2.7.4+gb1555bf
   Image Type:   ARM Linux Kernel Image (uncompressed)
   Data Size:    5207216 Bytes = 5 MiB
   Load Address: 10008000
   Entry Point:  10008000
   Verifying Checksum ... OK
## Flattened Device Tree blob at 12000000
   Booting using the fdt blob at 0x12000000
   Loading Kernel Image ... OK
   Using Device Tree in place at 12000000, end 1200f4a8

Starting kernel ...

[    0.000000] Booting Linux on physical CPU 0x0
[    0.000000] Initializing cgroup subsys cpu
[    0.000000] Initializing cgroup subsys cpuacct
[    0.000000] Linux version 4.1.44-2.7.4+gb1555bf (yocto@45574f02061f) (gcc version 6.2.1 20161016 (Linaro GCC 6.2-2016.11) ) #1 SMP Wed Oct 4 22:39:51 UTC 2017
[    0.000000] CPU: ARMv7 Processor [412fc09a] revision 10 (ARMv7), cr=10c5387d
[    0.000000] CPU: PIPT / VIPT nonaliasing data cache, VIPT aliasing instruction cache
[    0.000000] Machine model: Toradex Apalis iMX6Q/D Module on Apalis Evaluation Board
[    0.000000] Reserved memory: created CMA memory pool at 0x62000000, size 320 MiB
[    0.000000] Reserved memory: initialized node linux,cma, compatible id shared-dma-pool
[    0.000000] Memory policy: Data cache writealloc
[    0.000000] PERCPU: Embedded 12 pages/cpu @d0efc000 s16588 r8192 d24372 u49152
[    0.000000] Built 1 zonelists in Zone order, mobility grouping on.  Total pages: 521024
[    0.000000] Kernel command line: vmalloc=400M user_debug=30 ip=off root=/dev/mmcblk0p2 ro rootfstype=ext4 rootwait fec_mac=00:14:2d:4e:87:11 consoleblank=0 no_console_suspend=1 console=tty1 console=ttymxc0,115200n8 mxc_hdmi.only_cea=1 video=mxcfb0:dev=hdmi,1920x1080M@60,if=RGB24 video=mxcfb1:off video=mxcfb2:off video=mxcfb3:off fbmem=32M
[    0.000000] PID hash table entries: 4096 (order: 2, 16384 bytes)
[    0.000000] Dentry cache hash table entries: 262144 (order: 8, 1048576 bytes)
[    0.000000] Inode-cache hash table entries: 131072 (order: 7, 524288 bytes)
[    0.000000] Memory: 1740460K/2097152K available (6751K kernel code, 239K rwdata, 2224K rodata, 332K init, 421K bss, 29012K reserved, 327680K cma-reserved, 425984K highmem)
[    0.000000] Virtual kernel memory layout:
[    0.000000]     vector  : 0xffff0000 - 0xffff1000   (   4 kB)
[    0.000000]     fixmap  : 0xffc00000 - 0xfff00000   (3072 kB)
[    0.000000]     vmalloc : 0xe6800000 - 0xff000000   ( 392 MB)
[    0.000000]     lowmem  : 0x80000000 - 0xe6000000   (1632 MB)
[    0.000000]     pkmap   : 0x7fe00000 - 0x80000000   (   2 MB)
[    0.000000]     modules : 0x7f000000 - 0x7fe00000   (  14 MB)
[    0.000000]       .text : 0x80008000 - 0x808cc0bc   (8977 kB)
[    0.000000]       .init : 0x808cd000 - 0x80920000   ( 332 kB)
[    0.000000]       .data : 0x80920000 - 0x8095bf20   ( 240 kB)
[    0.000000]        .bss : 0x8095bf20 - 0x809c56a0   ( 422 kB)
[    0.000000] SLUB: HWalign=64, Order=0-3, MinObjects=0, CPUs=4, Nodes=1
[    0.000000] Hierarchical RCU implementation.
[    0.000000] 	Additional per-CPU info printed with stalls.
[    0.000000] NR_IRQS:16 nr_irqs:16 16
[    0.000000] L2C-310 erratum 769419 enabled
[    0.000000] L2C-310 enabling early BRESP for Cortex-A9
[    0.000000] L2C-310 full line of zeros enabled for Cortex-A9
[    0.000000] L2C-310 ID prefetch enabled, offset 16 lines
[    0.000000] L2C-310 dynamic clock gating enabled, standby mode enabled
[    0.000000] L2C-310 cache controller enabled, 16 ways, 1024 kB
[    0.000000] L2C-310: CACHE_ID 0x410000c7, AUX_CTRL 0x76470001
[    0.000000] mxc_clocksource_init 3000000
[    0.000000] Switching to timer-based delay loop, resolution 333ns
[    0.000006] sched_clock: 32 bits at 3000kHz, resolution 333ns, wraps every 715827882841ns
[    0.000024] clocksource mxc_timer1: mask: 0xffffffff max_cycles: 0xffffffff, max_idle_ns: 637086815595 ns
[    0.001112] Console: colour dummy device 80x30
[    0.001707] console [tty1] enabled
[    0.001736] Calibrating delay loop (skipped), value calculated using timer frequency.. 6.00 BogoMIPS (lpj=30000)
[    0.001773] pid_max: default: 32768 minimum: 301
[    0.001884] Mount-cache hash table entries: 4096 (order: 2, 16384 bytes)
[    0.001910] Mountpoint-cache hash table entries: 4096 (order: 2, 16384 bytes)
[    0.002507] Initializing cgroup subsys freezer
[    0.002543] Initializing cgroup subsys debug
[    0.002579] CPU: Testing write buffer coherency: ok
[    0.002901] CPU0: thread -1, cpu 0, socket 0, mpidr 80000000
[    0.003009] Setting up static identity map for 0x10008280 - 0x100082d8
[    0.004881] CPU1: thread -1, cpu 1, socket 0, mpidr 80000001
[    0.005536] CPU2: thread -1, cpu 2, socket 0, mpidr 80000002
[    0.006178] CPU3: thread -1, cpu 3, socket 0, mpidr 80000003
[    0.006250] Brought up 4 CPUs
[    0.006328] SMP: Total of 4 processors activated (24.00 BogoMIPS).
[    0.006349] CPU: All CPU(s) started in SVC mode.
[    0.006864] devtmpfs: initialized
[    0.020154] VFP support v0.3: implementor 41 architecture 3 part 30 variant 9 rev 4
[    0.020567] clocksource jiffies: mask: 0xffffffff max_cycles: 0xffffffff, max_idle_ns: 19112604462750000 ns
[    0.020626] futex hash table entries: 1024 (order: 4, 65536 bytes)
[    0.040314] pinctrl core: initialized pinctrl subsystem
[    0.041486] NET: Registered protocol family 16
[    0.049763] DMA: preallocated 256 KiB pool for atomic coherent allocations
[    0.079688] cpuidle: using governor ladder
[    0.109683] cpuidle: using governor menu
[    0.109958] CPU identified as i.MX6Q, silicon rev 1.5
[    0.135344] hw-breakpoint: found 5 (+1 reserved) breakpoint and 1 watchpoint registers.
[    0.135392] hw-breakpoint: maximum watchpoint size is 4 bytes.
[    0.136376] imx6q-pinctrl 20e0000.iomuxc: initialized IMX pinctrl driver
[    0.137975] imx-gpc 20dc000.gpc: no fsl,ldo-bypass found!
[    0.147526] usb_host_vbus: supplied by usb_host_vbus_hub
[    0.147863] vgaarb: loaded
[    0.148682] SCSI subsystem initialized
[    0.149199] usbcore: registered new interface driver usbfs
[    0.149297] usbcore: registered new interface driver hub
[    0.149403] usbcore: registered new device driver usb
[    0.150125] i2c-gpio i2c@0: using pins 80 (SDA) and 62 (SCL)
[    0.151120] i2c i2c-1: IMX I2C adapter registered
[    0.151155] i2c i2c-1: can't use DMA
[    0.152705] stmpe-i2c 2-0041: stmpe811 detected, chip id: 0x811
[    0.154634] i2c i2c-2: IMX I2C adapter registered
[    0.154667] i2c i2c-2: can't use DMA
[    0.155353] i2c i2c-3: IMX I2C adapter registered
[    0.155388] i2c i2c-3: can't use DMA
[    0.155555] Linux video capture interface: v2.00
[    0.155627] pps_core: LinuxPPS API ver. 1 registered
[    0.155647] pps_core: Software ver. 5.3.6 - Copyright 2005-2007 Rodolfo Giometti <giometti@linux.it>
[    0.155697] PTP clock support registered
[    0.169734] imx-ipuv3 2400000.ipu: IPU DMFC NORMAL mode: 1(0~1), 5B(4,5), 5F(6,7)
[    0.189724] imx-ipuv3 2800000.ipu: IPU DMFC NORMAL mode: 1(0~1), 5B(4,5), 5F(6,7)
[    0.190653] mxc_mipi_csi2 21dc000.mipi_csi: i.MX MIPI CSI2 driver probed ipu0 csi1
[    0.190698] mxc_mipi_csi2 21dc000.mipi_csi: i.MX MIPI CSI2 dphy version is 0x3130302a
[    0.190807] MIPI CSI2 driver module loaded
[    0.191025] Advanced Linux Sound Architecture Driver Initialized.
[    0.192720] Switched to clocksource mxc_timer1
[    0.203661] NET: Registered protocol family 2
[    0.204476] TCP established hash table entries: 16384 (order: 4, 65536 bytes)
[    0.204650] TCP bind hash table entries: 16384 (order: 5, 131072 bytes)
[    0.204912] TCP: Hash tables configured (established 16384 bind 16384)
[    0.205010] UDP hash table entries: 1024 (order: 3, 32768 bytes)
[    0.205101] UDP-Lite hash table entries: 1024 (order: 3, 32768 bytes)
[    0.205371] NET: Registered protocol family 1
[    0.205715] RPC: Registered named UNIX socket transport module.
[    0.205746] RPC: Registered udp transport module.
[    0.205765] RPC: Registered tcp transport module.
[    0.205784] RPC: Registered tcp NFSv4.1 backchannel transport module.
[    0.206530] CPU PMU: Failed to parse /soc/pmu/interrupt-affinity[0]
[    0.206599] hw perfevents: enabled with armv7_cortex_a9 PMU driver, 7 counters available
[    0.208368] Bus freq driver module loaded
[    0.215583] VFS: Disk quotas dquot_6.6.0
[    0.215785] VFS: Dquot-cache hash table entries: 1024 (order 0, 4096 bytes)
[    0.217380] NFS: Registering the id_resolver key type
[    0.217442] Key type id_resolver registered
[    0.217463] Key type id_legacy registered
[    0.217502] nfs4filelayout_init: NFSv4 File Layout Driver Registering...
[    0.218033] ntfs: driver 2.1.32 [Flags: R/W].
[    0.218521] fuse init (API version 7.23)
[    0.222672] bounce: pool size: 64 pages
[    0.222790] io scheduler noop registered
[    0.222823] io scheduler deadline registered
[    0.223015] io scheduler cfq registered (default)
[    0.225342] backlight supply power not found, using dummy regulator
[    0.226963] MIPI DSI driver module loaded
[    0.228366] 20e0000.hdmi_video supply HDMI not found, using dummy regulator
[    0.230364] mxc_hdmi 20e0000.hdmi_video: Detected HDMI controller 0x13:0xa:0xa0:0xc1
[    0.230428] fbcvt: 1920x1080@60: CVT Name - 2.073M9
[    0.230564] mxc_sdc_fb fb@0: registered mxc display driver hdmi
[    0.246220] mxc_sdc_fb fb@0: 1920x1080 h_sync,r,l: 44,88,148  v_sync,l,u: 5,4,36 pixclock=148500000 Hz
[    0.262804] imx-ipuv3 2400000.ipu: IPU DMFC DP HIGH RESOLUTION: 1(0,1), 5B(2~5), 5F(6,7)
[    0.296684] mxc_sdc_fb fb@0: 1920x1080 h_sync,r,l: 44,88,148  v_sync,l,u: 5,4,36 pixclock=148500000 Hz
[    0.334926] Console: switching to colour frame buffer device 240x67
[    0.370168] mxc_sdc_fb fb@1: mxcfb1 is turned off!
[    0.370329] mxc_sdc_fb fb@2: mxcfb2 is turned off!
[    0.370481] mxc_sdc_fb fb@3: mxcfb3 is turned off!
[    0.372001] imx-sdma 20ec000.sdma: no iram assigned, using external mem
[    0.372450] imx-sdma 20ec000.sdma: no event needs to be remapped
[    0.372829] imx-sdma 20ec000.sdma: loaded firmware 3.3
[    0.375535] imx-sdma 20ec000.sdma: initialized
[    0.377258] pfuze100-regulator 2-0008: Full layer: 2, Metal layer: 1
[    0.377967] pfuze100-regulator 2-0008: FAB: 0, FIN: 0
[    0.378070] pfuze100-regulator 2-0008: pfuze100 found.
[    0.396670] mxc_sdc_fb fb@0: 640x480 h_sync,r,l: 96,16,48  v_sync,l,u: 2,10,33 pixclock=25175000 Hz
[    0.401000] 2020000.serial: ttymxc0 at MMIO 0x2020000 (irq = 27, base_baud = 5000000) is a IMX
[    1.394454] console [ttymxc0] enabled
[    1.395419] 21e8000.serial: ttymxc1 at MMIO 0x21e8000 (irq = 303, base_baud = 5000000) is a IMX
[    1.395979] 21f0000.serial: ttymxc3 at MMIO 0x21f0000 (irq = 304, base_baud = 5000000) is a IMX
[    1.396498] 21f4000.serial: ttymxc4 at MMIO 0x21f4000 (irq = 305, base_baud = 5000000) is a IMX
[    1.397365] [drm] Initialized drm 1.1.0 20060810
[    1.397809] [drm] Initialized vivante 1.0.0 20120216 on minor 0
[    1.398195] mxc_sdc_fb fb@0: 640x480 h_sync,r,l: 96,16,48  v_sync,l,u: 2,10,33 pixclock=25200000 Hz
[    1.406422] brd: module loaded
[    1.411729] loop: module loaded
[    1.413059] ahci-imx 2200000.sata: fsl,transmit-level-mV not specified, using 00000024
[    1.413067] ahci-imx 2200000.sata: fsl,transmit-boost-mdB not specified, using 00000480
[    1.413076] ahci-imx 2200000.sata: fsl,transmit-atten-16ths not specified, using 00002000
[    1.413084] ahci-imx 2200000.sata: fsl,receive-eq-mdB not specified, using 05000000
[    1.417110] ahci-imx 2200000.sata: SSS flag set, parallel bus scan disabled
[    1.417142] ahci-imx 2200000.sata: AHCI 0001.0300 32 slots 1 ports 3 Gbps 0x1 impl platform mode
[    1.417156] ahci-imx 2200000.sata: flags: ncq sntf stag pm led clo only pmp pio slum part ccc apst 
[    1.419679] scsi host0: ahci-imx
[    1.419994] ata1: SATA max UDMA/133 mmio [mem 0x02200000-0x02203fff] port 0x100 irq 315
[    1.422119] spi_imx 2008000.ecspi: probed
[    1.423012] spi_imx 200c000.ecspi: probed
[    1.423970] vcan: Virtual CAN interface driver
[    1.423984] CAN device driver interface
[    1.424206] 2090000.flexcan supply xceiver not found, using dummy regulator
[    1.425026] flexcan 2090000.flexcan: device registered (reg_base=e6aa0000, irq=36)
[    1.425124] 2094000.flexcan supply xceiver not found, using dummy regulator
[    1.425839] flexcan 2094000.flexcan: device registered (reg_base=e6aa8000, irq=37)
[    1.426977] 2188000.ethernet supply phy not found, using dummy regulator
[    1.443166] pps pps0: new PPS source ptp0
[    1.444491] libphy: fec_enet_mii_bus: probed
[    1.446299] fec 2188000.ethernet eth0: registered PHC device 0
[    1.446673] usbcore: registered new interface driver asix
[    1.446750] usbcore: registered new interface driver ax88179_178a
[    1.446805] usbcore: registered new interface driver cdc_ether
[    1.446860] usbcore: registered new interface driver net1080
[    1.446914] usbcore: registered new interface driver cdc_subset
[    1.446964] usbcore: registered new interface driver zaurus
[    1.447056] usbcore: registered new interface driver cdc_ncm
[    1.447067] ehci_hcd: USB 2.0 'Enhanced' Host Controller (EHCI) Driver
[    1.447079] ehci-pci: EHCI PCI platform driver
[    1.447138] ehci-mxc: Freescale On-Chip EHCI Host driver
[    1.447357] usbcore: registered new interface driver usb-storage
[    1.447487] usbcore: registered new interface driver usbserial
[    1.447526] usbcore: registered new interface driver usbserial_generic
[    1.447565] usbserial: USB Serial support registered for generic
[    1.447616] usbcore: registered new interface driver ftdi_sio
[    1.447655] usbserial: USB Serial support registered for FTDI USB Serial Device
[    1.447705] usbcore: registered new interface driver pl2303
[    1.447743] usbserial: USB Serial support registered for pl2303
[    1.449031] 2184800.usbmisc supply vbus-wakeup not found, using dummy regulator
[    1.450424] mxc_sdc_fb fb@0: 640x480 h_sync,r,l: 96,16,48  v_sync,l,u: 2,10,33 pixclock=25200000 Hz
[    1.460842] ci_hdrc ci_hdrc.1: EHCI Host Controller
[    1.460873] ci_hdrc ci_hdrc.1: new USB bus registered, assigned bus number 1
[    1.472781] ci_hdrc ci_hdrc.1: USB 2.0 started, EHCI 1.00
[    1.473669] hub 1-0:1.0: USB hub found
[    1.473705] hub 1-0:1.0: 1 port detected
[    1.474791] mousedev: PS/2 mouse device common for all mice
[    1.483476] input: stmpe-ts as /devices/soc0/soc/2100000.aips-bus/21a4000.i2c/i2c-2/2-0041/stmpe-ts/input/input0
[    1.486806] rtc-ds1307 1-0068: oscillator failed, set time!
[    1.486998] rtc-ds1307 1-0068: rtc core: registered m41t0 as rtc0
[    1.487608] snvs_rtc 20cc000.snvs:snvs-rtc-lp: rtc core: registered 20cc000.snvs:snvs-r as rtc1
[    1.487743] i2c /dev entries driver
[    1.489051] mxc_v4l2_output v4l2_out: V4L2 device registered as video16
[    1.489208] mxc_v4l2_output v4l2_out: V4L2 device registered as video17
[    1.490691] imx2-wdt 20bc000.wdog: timeout 60 sec (nowayout=0)
[    1.491047] sdhci: Secure Digital Host Controller Interface driver
[    1.491050] sdhci: Copyright(c) Pierre Ossman
[    1.491060] sdhci-pltfm: SDHCI platform and OF driver helper
[    1.492145] /soc/aips-bus@02100000/usdhc@02190000: voltage-ranges unspecified
[    1.492177] sdhci-esdhc-imx 2190000.usdhc: Got CD GPIO
[    1.493577] sdhci-esdhc-imx 2190000.usdhc: No vqmmc regulator found
[    1.532880] mmc1: SDHCI controller on 2190000.usdhc [2190000.usdhc] using ADMA
[    1.533312] /soc/aips-bus@02100000/usdhc@02194000: voltage-ranges unspecified
[    1.533338] sdhci-esdhc-imx 2194000.usdhc: Got CD GPIO
[    1.534681] sdhci-esdhc-imx 2194000.usdhc: No vqmmc regulator found
[    1.572969] mmc2: SDHCI controller on 2194000.usdhc [2194000.usdhc] using ADMA
[    1.573612] /soc/aips-bus@02100000/usdhc@02198000: voltage-ranges unspecified
[    1.574003] sdhci-esdhc-imx 2198000.usdhc: No vqmmc regulator found
[    1.612768] mmc0: SDHCI controller on 2198000.usdhc [2198000.usdhc] using ADMA
[    1.614146] mxc_vpu 2040000.vpu_fsl: VPU initialized
[    1.614728] mxc_vdoa 21e4000.vdoa: i.MX Video Data Order Adapter(VDOA) driver probed
[    1.616596] caam 2100000.caam: Entropy delay = 3200
[    1.677386] caam 2100000.caam: Instantiated RNG4 SH0
[    1.738147] caam 2100000.caam: Instantiated RNG4 SH1
[    1.738158] caam 2100000.caam: device ID = 0x0a16010000000000 (Era -524)
[    1.738165] caam 2100000.caam: job rings = 2, qi = 0
[    1.772759] ata1: SATA link down (SStatus 0 SControl 300)
[    1.772801] ahci-imx 2200000.sata: no device found, disabling link.
[    1.772811] ahci-imx 2200000.sata: pass ahci_imx..hotplug=1 to enable hotplug
[    1.811164] mmc1: new high speed SDHC card at address 59b4
[    1.811603] mmcblk1: mmc1:59b4 USD   7.48 GiB 
[    1.818608]  mmcblk1: p1
[    1.852758] usb 1-1: new high-speed USB device number 2 using ci_hdrc
[    1.981247] caam algorithms registered in /proc/crypto
[    1.994326] caam_jr 2101000.jr0: registering rng-caam
[    1.995243] snvs-secvio 20cc000.caam-snvs: can't get snvs clock
[    1.995299] snvs-secvio 20cc000.caam-snvs: violation handlers armed - non-secure state
[    1.995557] hidraw: raw HID events driver (C) Jiri Kosina
[    1.995739] usbcore: registered new interface driver usbhid
[    1.995741] usbhid: USB HID core driver
[    2.044620] hub 1-1:1.0: USB hub found
[    2.052140] hub 1-1:1.0: 4 ports detected
[    2.073648] mmc0: MAN_BKOPS_EN bit is not set
[    2.184068] mmc0: new DDR MMC card at address 0001
[    2.184512] mmcblk0: mmc0:0001 Q2J54A 3.59 GiB 
[    2.184620] mmcblk0boot0: mmc0:0001 Q2J54A partition 1 16.0 MiB
[    2.184727] mmcblk0boot1: mmc0:0001 Q2J54A partition 2 16.0 MiB
[    2.192849]  mmcblk0: p1 p2
[    2.287007] stmpe-adc stmpe-adc: Initialized
[    2.334938] sgtl5000 2-000a: sgtl5000 revision 0x11
[    2.481598] mxc_sdc_fb fb@0: 640x480 h_sync,r,l: 96,16,48  v_sync,l,u: 2,10,33 pixclock=25175000 Hz
[    2.482753] usb 1-1.2: new low-speed USB device number 3 using ci_hdrc
[    2.576125] mxc_sdc_fb fb@0: 640x480 h_sync,r,l: 96,16,48  v_sync,l,u: 2,10,33 pixclock=25200000 Hz
[    2.637011] input: PixArt Dell MS116 USB Optical Mouse as /devices/soc0/soc/2100000.aips-bus/2184200.usb/ci_hdrc.1/usb1/1-1/1-1.2/1-1.2:1.0/0003:413C:301A.0001/input/input1
[    2.637494] hid-generic 0003:413C:301A.0001: input,hidraw0: USB HID v1.11 Mouse [PixArt Dell MS116 USB Optical Mouse] on usb-ci_hdrc.1-1.2/input0
[    2.652779] imx-sgtl5000 sound: sgtl5000 <-> 2028000.ssi mapping ok
[    2.656829] imx-spdif sound-spdif: snd-soc-dummy-dai <-> 2004000.spdif mapping ok
[    2.662590] imx-audio-hdmi sound-hdmi: hdmi-hifi <-> soc:hdmi_audio@00120000 mapping ok
[    2.664118] NET: Registered protocol family 10
[    2.665152] NET: Registered protocol family 17
[    2.665172] can: controller area network core (rev 20120528 abi 9)
[    2.665233] NET: Registered protocol family 29
[    2.665266] can: raw protocol (rev 20120528)
[    2.665277] can: broadcast manager protocol (rev 20120528 t)
[    2.665292] can: netlink gateway (rev 20130117) max_hops=1
[    2.665806] Key type dns_resolver registered
[    2.667790] Registering SWP/SWPB emulation handler
[    2.668939] 1ffc000.pcie supply pcie-bus not found, using dummy regulator
[    3.008261] imx6q-pcie 1ffc000.pcie: phy link never came up
[    3.016495] imx6q-pcie 1ffc000.pcie: failed to initialize host
[    3.025013] imx6q-pcie: probe of 1ffc000.pcie failed with error -22
[    3.036780] input: gpio-keys as /devices/soc0/gpio-keys/input/input2
[    3.047478] rtc-ds1307 1-0068: hctosys: unable to read the hardware clock
[    3.067883] usb_otg_vbus: disabling
[    3.074315] ALSA device list:
[    3.079770]   #0: imx6q-apalis-sgtl5000
[    3.086067]   #1: imx-spdif
[    3.091218]   #2: imx-hdmi-soc
[    3.110953] EXT4-fs (mmcblk0p2): mounted filesystem with ordered data mode. Opts: (null)
[    3.123715] VFS: Mounted root (ext4 filesystem) readonly on device 179:10.
[    3.135832] devtmpfs: mounted
[    3.141554] Freeing unused kernel memory: 332K
[    3.241614] systemd[1]: System time before build time, advancing clock.
[    3.274086] random: systemd urandom read with 14 bits of entropy available
[    3.291704] systemd[1]: systemd 230 running in system mode. (+PAM -AUDIT -SELINUX +IMA -APPARMOR +SMACK +SYSVINIT +UTMP -LIBCRYPTSETUP -GCRYPT -GNUTLS -ACL -XZ +LZ4 -SECCOMP +BLKID -ELFUTILS +KMOD +IDN)
[    3.323591] systemd[1]: Detected architecture arm.

Welcome to The Ã…ngstrÃ¶m Distribution v2016.12!

[    3.353286] systemd[1]: Set hostname to <apalis-imx6>.
[    3.583720] systemd[1]: Reached target Remote File Systems.
[  OK  ] Reached target Remote File Systems.
[    3.623150] systemd[1]: Started Forward Password Requests to Wall Directory Watch.
[  OK  ] Started Forward Password Requests to Wall Directory Watch.
[    3.653003] systemd[1]: Listening on udev Kernel Socket.
[  OK  ] Listening on udev Kernel Socket.
[    3.683051] systemd[1]: Listening on Journal Socket (/dev/log).
[  OK  ] Listening on Journal Socket (/dev/log).
[    3.728424] systemd[1]: Listening on Journal Socket.
[  OK  ] Listening on Journal Socket.
[    3.763360] systemd[1]: Created slice User and Session Slice.
[  OK  ] Created slice User and Session Slice.
[    3.803155] systemd[1]: Created slice System Slice.
[  OK  ] Created slice System Slice.
[    3.833625] systemd[1]: Created slice system-serial\x2dgetty.slice.
[  OK  ] Created slice system-serial\x2dgetty.slice.
[    3.863560] systemd[1]: Created slice system-getty.slice.
[  OK  ] Created slice system-getty.slice.
[    3.897671] systemd[1]: Starting Create list of required static device nodes for the current kernel...
         Starting Create list of required st... nodes for the current kernel...
[    3.942931] systemd[1]: Reached target Slices.
[  OK  ] Reached target Slices.
[    3.962944] systemd[1]: Reached target Swap.
[  OK  ] Reached target Swap.
[    3.983121] systemd[1]: Listening on udev Control Socket.
[  OK  ] Listening on udev Control Socket.
[    4.026988] systemd[1]: Starting File System Check on Root Device...
         Starting File System Check on Root Device...
[    4.054657] systemd[1]: Started Dispatch Password Requests to Console Directory Watch.
[  OK  ] Started Dispatch Password Requests to Console [    4.075749] systemd[1]: Starting Journal Service...
Directory Watch.
         Starting Journal Service...
[    4.090094] systemd[1]: Mounting Temporary Directory...
         Mounting Temporary Directory...
[    4.102793] systemd[1]: Starting Setup Virtual Console...
         [    4.111503] systemd[1]: Reached target Paths.
Starting Setup Virtual Console...[    4.119776] systemd[1]: Listening on /dev/initctl Compatibility Named Pipe.

[  OK  ] Reached target Paths.
[  OK  ] Listening on /dev/initctl Compatibility Named Pipe.
[    4.146132] systemd[1]: Starting Load Kernel Modules...
         Starting Load Kernel Modules...
[    4.159613] systemd[1]: Starting Export GPIOs to user space...
         [    4.168598] systemd[1]: Listening on Network Service Netlink Socket.
Starting Export GPIOs to user space...
[  OK  ] Listening on[    4.180675] systemd[1]: Mounting Debug File System...
 Network Service Netlink Socket.
         Mounting Debug File System...
[    4.196825] systemd[1]: Mounted Debug File System.
[  OK  [    4.204319] systemd[1]: Mounted Temporary Directory.
] Mounted Debug File System.
[    4.211623] Galcore version 5.0.11.41671
[  OK  [    4.220607] systemd[1]: Started Create list of required static device nodes for the current kernel.
] Mounted Temporary Directory.
[  OK  ] Started Create list of required [    4.235792] systemd[1]: Started Setup Virtual Console.
sta...ce nodes for the current kernel.
[  OK  ] Started Setup Virtual Console.
[    4.284737] systemd[1]: Started File System Check on Root Device.
[  OK  ] Started File System Check on Root Device.
[    4.314944] systemd[1]: Started Export GPIOs to user space.
[  OK  ] Started Export GPIOs to user space.
[    4.345151] systemd[1]: Started Journal Service.
[  OK  ] Started Journal Service.
         Starting Remount Root and Kernel File Systems...
[    4.660884] EXT4-fs (mmcblk0p2): re-mounted. Opts: (null)
[  OK  ] Started Remount Root and Kernel File Systems.
         Starting udev Coldplug all Devices...
         Starting Create Static Device Nodes in /dev...
         Starting Flush Journal to Persistent Storage...
[  OK  ] Started Load Kernel Modules.
[  OK  ] Started Create Static Device Nodes in /dev.
         Starting udev Kernel Device Manager...
[  OK  ] Reached target Local File Systems (Pre).
         Mounting /var/volatile...
         Mounting FUSE Control File System...
         Mounting Configuration File System...
         Starting Apply Kernel Variables...
[  OK  ] Mounted FUSE Control File System.
[  OK  ] Mounted Configuration File System.
[  OK  ] Mounted /var/volatile.
[  OK  ] Started udev Kernel Device Manager.
[  OK  ] Started Apply Kernel Variables.
[    5.102135] systemd-journald[193]: Received request to flush runtime journal from PID 1
         Starting Load/Save Random Seed...
[  OK  ] Reached target Local File Systems.
[  OK  ] Started udev Coldplug all Devices.
[  OK  ] Started Load/Save Random Seed.
[  OK  ] Found device /dev/ttymxc0.
[  OK  ] Created slice system-systemd\x2dbacklight.slice.
         Starting Load/Save Screen Backlight...htness of backlight:backlight...
[  OK  ] Started Load/Save Screen Backlight Brightness of backlight:backlight.
[  OK  ] Started Flush Journal to Persistent Storage.
         Starting Create Volatile Files and Directories...
[  OK  ] Started Create Volatile Files and Directories.
         Starting Update UTMP about System Boot/Shutdown...
[    5.461758] max9526 3-0020: Device seems not to be a MAX9526
[    5.474889] adv7280 3-0021: chip found @ 0x42 (21a8000.i2c)
[    5.484676] adv7280 3-0021: no sensor pwdn pin available
         Starting Network Time Sy[    5.513489] adv7280 3-0021: adv7280_probe:Analog Device adv7280 not detected -5!
nchronization...
[    5.536994] /soc/aips-bus@02100000/i2c@021a8000/ov5640_mipi@3c: arguments longer than property
[  OK  ] Reached target Sound Card.
[  OK  ] Started Update UTMP about System Boot/Shutdown.
[    5.753080] ov5640_read_reg:write reg error:reg=300a
[    5.760774] camera ov5640_mipi is not found
[  OK  ] Started Network Time Synchronization.
[  OK  ] Reached target System Initialization.
         Starting Socket activation for snappy daemon.
         Starting sshd.socket.
[  OK  ] Listening on D-Bus System Message Bus Socket.
[  OK  ] Listening on Avahi mDNS/DNS-SD Stack Activation Socket.
[  OK  ] Started Daily Cleanup of Temporary Directories.
[  OK  ] Reached target Timers.
[  OK  ] Listening on RPCbind Server Activation Socket.
[  OK  ] Reached target System Time Synchronized.
[  OK  ] Listening on Socket activation for snappy daemon.
[  OK  ] Listening on sshd.socket.
[    6.190843] ERROR: v4l2 capture: slave not found! V4L2_CID_HUE
[    6.198674] ERROR: v4l2 capture: slave not found! V4L2_CID_HUE
[    6.203189] ERROR: v4l2 capture: slave not found! V4L2_CID_HUE
[  OK  ] Listening on Load/Save RF Kill Switch Status /dev/rfkill Watch.
[  OK  ] Reached target Sockets.
[  OK  ] Reached target Basic System.
[  OK  ] Started Snappy daemon.
[  OK  ] Started Timestamping service.
         Starting Load default USB gadget schema g1.schema...
         [    6.453030] FAT-fs (mmcblk1p1): Volume was not properly unmounted. Some data may be corrupt. Please run fsck.
Starting Avahi mDNS/DNS-SD Stack...
[  OK  ] Started D-Bus System Message Bus.
[    6.595994] using random self ethernet address
[    6.602888] using random host ethernet address
[  OK  ] Started Avahi mDNS/DNS-SD Stack.
         Starting Connection service...
         Starting Login Service...
         Starting Save/Restore Sound Card State...
[  OK  ] Started Save/Restore Sound Card State.
[  OK  ] Started Connection service.
[  OK  ] Started Login Service.
         Starting Hostname Service...
         Starting WPA supplicant...
[    7.003658] fec 2188000.ethernet eth0: Freescale FEC PHY driver [Micrel KSZ9031 Gigabit PHY] (mii_bus:phy_addr=2188000.ethernet:07, irq=70)
[  OK  [    7.022024] IPv6: ADDRCONF(NETDEV_UP): eth0: link is not ready
] Started WPA supplicant.
[    7.031993] usb0: HOST MAC 00:14:2d:ff:ff:fe
[    7.039378] usb0: MAC 00:14:2d:ff:ff:ff
[  OK  ] Started Load default USB gadget schema g1.schema.
         Starting Network Service...
[  OK  ] Started Network Service.
[    7.136127] IPv6: ADDRCONF(NETDEV_UP): usb0: link is not ready
[  OK  ] Reached target Network.
         Starting Permit User Sessions...
         Starting Network Name Resolution...
[  OK  ] Started Permit User Sessions.
[  OK  ] Started Hostname Service.
[  OK  ] Started Network Name Resolution.
[  OK  ] Started Serial Getty on ttymxc0.
[  OK  ] Reached target Login Prompts.
[  OK  ] Reached target Multi-User System.
[  OK  ] Started LXDE Display Manager.
[  OK  ] Reached target Graphical Interface.
         Starting Update UTMP about System Runlevel Changes...
[  OK  ] Started Update UTMP about System Runlevel Changes.
[    7.651911] mxc_sdc_fb fb@0: 640x480 h_sync,r,l: 96,16,48  v_sync,l,u: 2,10,33 pixclock=25200000 Hz
[    7.713530] mxc_sdc_fb fb@0: 640x480 h_sync,r,l: 96,16,48  v_sync,l,u: 2,10,33 pixclock=25200000 Hz
[    7.782715] mxc_sdc_fb fb@0: 640x480 h_sync,r,l: 96,16,48  v_sync,l,u: 2,10,33 pixclock=25200000 Hz
[    7.853163] mxc_sdc_fb fb@0: 640x480 h_sync,r,l: 96,16,48  v_sync,l,u: 2,10,33 pixclock=25200000 Hz
[    8.371805] mxc_sdc_fb fb@0: 640x480 h_sync,r,l: 96,16,48  v_sync,l,u: 2,10,33 pixclock=25200000 Hz

.---O---.                                           
|       |                  .-.           o o        
|   |   |-----.-----.-----.| |   .----..-----.-----.
|       |     | __  |  ---'| '--.|  .-'|     |     |
|   |   |  |  |     |---  ||  --'|  |  |  '  | | | |
'---'---'--'--'--.  |-----''----''--'  '-----'-'-'-'
                -'  |
                '---'

The Angstrom Distribution apalis-imx6 ttymxc0

Angstrom v2016.12 - Kernel 

Apalis-iMX6_LXDE-Image 2.7b4 20171004

apalis-imx6 login: [    9.197812] random: nonblocking pool is initialized

.---O---.                                           
|       |                  .-.           o o        
|   |   |-----.-----.-----.| |   .----..-----.-----.
|       |     | __  |  ---'| '--.|  .-'|     |     |
|   |   |  |  |     |---  ||  --'|  |  |  '  | | | |
'---'---'--'--'--.  |-----''----''--'  '-----'-'-'-'
                -'  |
                '---'

The Angstrom Distribution apalis-imx6 ttymxc0

Angstrom v2016.12 - Kernel 

Apalis-iMX6_LXDE-Image 2.7b4 20171004

apalis-imx6 login: [   14.052975] ci_hdrc ci_hdrc.0: Device No Response
root
Last login: Wed Oct  4 23:38:55 UTC 2017 on ttymxc0
root@apalis-imx6:~# 
root@apalis-imx6:~# 
root@apalis-imx6:~# 
root@apalis-imx6:~# cat /proc/cmdline 
vmalloc=400M user_debug=30 ip=off root=/dev/mmcblk0p2 ro rootfstype=ext4 rootwait fec_mac=00:14:2d:4e:87:11 consoleblank=0 no_console_suspend=1 console=tty1 console=ttymxc0,115200n8 mxc_hdmi.only_cea=1 video=mxcfb0:dev=hdmi,1920x1080M@60,if=RGB24 video=mxcfb1:off video=mxcfb2:off video=mxcfb3:off fbmem=32M
root@apalis-imx6:~# reboot
         Stopping Hostname Service...
[  OK  ] Removed slice system-getty.slice.
[  OK  ] Stopped target Graphical Interface.
         Stopping LXDE Display Manager...
Û         Stopping Serial Getty on ttymxc0...
         Stopping Save/Restore Sound Card State...
[  OK  ] Stopped target System Time Synchronized.
         Stopping Disk Manager...
         Stopping Session c1 of u[   27.876402] [drm:drm_legacy_unlock] *ERROR* Process 664 using kernel context 0
ser root.
[  OK  ] Closed Load/Save RF Kill Switc[   27.892393] [drm:drm_legacy_unlock] *ERROR* Process 646 using kernel context 0
h Status /dev/rfkill Watch.
[   27.901584] [drm:drm_legacy_unlock] *ERROR* Process 642 using kernel context 0
         Stopping Network Name Resolution...
[  OK  ] Stopped target Timers.
         Stopping Avahi mDNS/DNS-SD Stack...
         Stopping Authorization Manager...
[  OK  ] Stopped Session c2 of user root.
         Stopping Timestamping service...
         Stopping User Manager for UID 0...
[  OK  ] Stopped Daily Cleanup of Temporary Directories.
[  OK  ] Stopped target Sound Card.
[  OK  ] Stopped Avahi mDNS/DNS-SD Stack.
[  OK  ] Stopped Hostname Service.
[  OK  ] Stopped Network Name Resolution.
[  OK  ] Stopped Serial Getty on ttymxc0.
[  OK  ] Stopped User Manager for UID 0.
[  OK  ] Stopped Authorization Manager.
[  OK  ] Stopped Disk Manager.
[  OK  ] Stopped Save/Restore Sound Card State.
[  OK  ] Stopped Timestamping service.
[  OK  ] Removed slice system-serial\x2dgetty.slice.
[   28.478291] mxc_sdc_fb fb@0: 640x480 h_sync,r,l: 96,16,48  v_sync,l,u: 2,10,33 pixclock=25200000 Hz
[   28.548670] mxc_sdc_fb fb@0: 640x480 h_sync,r,l: 96,16,48  v_sync,l,u: 2,10,33 pixclock=25200000 Hz
[   28.596008] mxc_sdc_fb fb@0: 640x480 h_sync,r,l: 96,16,48  v_sync,l,u: 2,10,33 pixclock=25200000 Hz
[  OK  ] Stopped LXDE Display Manager.
[  OK  ] Stopped Session c1 of user root.
[  OK  ] Removed slice User Slice of root.
         Stopping Login Service...
         Stopping Permit User Sessions...
[  OK  ] Stopped Login Service.
[  OK  ] Stopped Permit User Sessions.
[  OK  ] Stopped target Remote File Systems.
[  OK  ] Stopped target Network.
         Stopping Connection service...
         Stopping WPA supplicant...
         Stopping Network Service...
[  OK  ] Stopped WPA supplicant.
[  OK  ] Stopped Connection service.
[  OK  ] Stopped Network Service.
         Stopping D-Bus System Message Bus...
[  OK  ] Stopped D-Bus System Message Bus.
[*     ] A stop job is running for Snappy daemon (8s / 1min 30s)[**    ] A stop job is running for Snappy daemon (9s / 1min 30s)[***   ] A stop job is running for Snappy daemon (9s / 1min 30s)[ ***  ] A stop job is running for Snappy daemon (10s / 1min 30s)[  *** ] A stop job is running for Snappy daemon (10s / 1min 30s)[   ***] A stop job is running for Snappy daemon (11s / 1min 30s)[    **] A stop job is running for Snappy daemon (12s / 1min 30s)[     *] A stop job is running for Snappy daemon (12s / 1min 30s)[    **] A stop job is running for Snappy daemon (13s / 1min 30s)[   ***] A stop job is running for Snappy daemon (13s / 1min 30s)[  *** ] A stop job is running for Snappy daemon (14s / 1min 30s)[ ***  ] A stop job is running for Snappy daemon (15s / 1min 30s)[***   ] A stop job is running for Snappy daemon (15s / 1min 30s)[**    ] A stop job is running for Snappy daemon (16s / 1min 30s)[*     ] A stop job is running for Snappy daemon (16s / 1min 30s)[**    ] A stop job is running for Snappy daemon (17s / 1min 30s)[***   ] A stop job is running for Snappy daemon (18s / 1min 30s)[ ***  ] A stop job is running for Snappy daemon (18s / 1min 30s)[  *** ] A stop job is running for Snappy daemon (19s / 1min 30s)[   ***] A stop job is running for Snappy daemon (19s / 1min 30s)[    **] A stop job is running for Snappy daemon (20s / 1min 30s)[     *] A stop job is running for Snappy daemon (21s / 1min 30s)[    **] A stop job is running for Snappy daemon (21s / 1min 30s)[   ***] A stop job is running for Snappy daemon (22s / 1min 30s)[  *** ] A stop job is running for Snappy daemon (22s / 1min 30s)[ ***  ] A stop job is running for Snappy daemon (23s / 1min 30s)[***   ] A stop job is running for Snappy daemon (24s / 1min 30s)[**    ] A stop job is running for Snappy daemon (24s / 1min 30s)[*     ] A stop job is running for Snappy daemon (25s / 1min 30s)[**    ] A stop job is running for Snappy daemon (25s / 1min 30s)[***   ] A stop job is running for Snappy daemon (26s / 1min 30s)[ ***  ] A stop job is running for Snappy daemon (27s / 1min 30s)[  *** ] A stop job is running for Snappy daemon (27s / 1min 30s)[   ***] A stop job is running for Snappy daemon (28s / 1min 30s)[    **] A stop job is running for Snappy daemon (28s / 1min 30s)[     *] A stop job is running for Snappy daemon (29s / 1min 30s)[    **] A stop job is running for Snappy daemon (29s / 1min 30s)[   ***] A stop job is running for Snappy daemon (30s / 1min 30s)[  *** ] A stop job is running for Snappy daemon (30s / 1min 30s)[ ***  ] A stop job is running for Snappy daemon (31s / 1min 30s)[***   ] A stop job is running for Snappy daemon (31s / 1min 30s)[**    ] A stop job is running for Snappy daemon (32s / 1min 30s)[*     ] A stop job is running for Snappy daemon (32s / 1min 30s)[**    ] A stop job is running for Snappy daemon (33s / 1min 30s)[***   ] A stop job is running for Snappy daemon (33s / 1min 30s)[ ***  ] A stop job is running for Snappy daemon (34s / 1min 30s)[  *** ] A stop job is running for Snappy daemon (34s / 1min 30s)[   ***] A stop job is running for Snappy daemon (35s / 1min 30s)[    **] A stop job is running for Snappy daemon (35s / 1min 30s)[     *] A stop job is running for Snappy daemon (36s / 1min 30s)[    **] A stop job is running for Snappy daemon (36s / 1min 30s)[   ***] A stop job is running for Snappy daemon (37s / 1min 30s)[  *** ] A stop job is running for Snappy daemon (37s / 1min 30s)[ ***  ] A stop job is running for Snappy daemon (38s / 1min 30s)[***   ] A stop job is running for Snappy daemon (38s / 1min 30s)[**    ] A stop job is running for Snappy daemon (39s / 1min 30s)[*     ] A stop job is running for Snappy daemon (39s / 1min 30s)[**    ] A stop job is running for Snappy daemon (40s / 1min 30s)[***   ] A stop job is running for Snappy daemon (40s / 1min 30s)[ ***  ] A stop job is running for Snappy daemon (41s / 1min 30s)[  *** ] A stop job is running for Snappy daemon (41s / 1min 30s)[   ***] A stop job is running for Snappy daemon (42s / 1min 30s)

U-Boot 2016.11-dirty (Feb 08 2018 - 14:11:56 +0530)

CPU:   Freescale i.MX6Q rev1.5 at 792 MHz
Reset cause: POR
I2C:   ready
DRAM:  2 GiB
PMIC:  device id: 0x10, revision id: 0x21, programmed
MC:   FSL_SDHC: 0, FSL_SDHC: 1, FSL_SDHC: 2
auto-detected panel HDMI
Harish Display: HDMI (1024x768)
In:    serial
Out:   serial
Err:   serial
Model: Toradex Apalis iMX6 Quad 2GB IT V1.1C, Serial# 05146385
Net:   using PHY at 7
FEC [PRIME]
Hit any key to stop autoboot:  1  0 
Apalis iMX6 # pri
arch=arm
baudrate=115200
board=apalis_imx6
board_name=apalis_imx6
board_rev=011c
boot_a_script=load ${devtype} ${devnum}:${distro_bootpart} ${scriptaddr} ${prefix}${script}; source ${scriptaddr}
boot_extlinux=sysboot ${devtype} ${devnum}:${distro_bootpart} any ${scriptaddr} ${prefix}extlinux/extlinux.conf
boot_file=uImage
boot_net_usb_start=usb start
boot_prefixes=/ /boot/
boot_script_dhcp=boot.scr.uimg
boot_scripts=boot.scr.uimg boot.scr
boot_targets=mmc1 mmc2 usb0 dhcp 
bootcmd=run emmcboot ; echo ; echo emmcboot failed ; run distro_bootcmd ; usb start ;setenv stdout serial,vga ; setenv stdin serial,usbkbd
bootcmd_dhcp=if dhcp ${scriptaddr} ${boot_script_dhcp}; then source ${scriptaddr}; fi;
bootcmd_mmc1=setenv devnum 1; run mmc_boot
bootcmd_mmc2=setenv devnum 2; run mmc_boot
bootcmd_usb0=setenv devnum 0; run usb_boot
bootdelay=1
bootm_size=0x20000000
console=ttymxc0
cpu=armv7
defargs=vmalloc=400M user_debug=30
dfu_alt_info=u-boot.imx raw 0x2 0x3ff mmcpart 0;boot part 0 1;rootfs part 0 2;uImage fat 0 1;imx6q-colibri-eval-v3.dtb fat 0 1;imx6q-colibri-cam-eval-v3.dtb fat 0 1
distro_bootcmd=for target in ${boot_targets}; do run bootcmd_${target}; done
emmcargs=ip=off root=/dev/mmcblk0p2 ro rootfstype=ext4 rootwait
emmcboot=run setup; setenv bootargs ${defargs} ${emmcargs} ${setupargs} ${vidargs}; echo Booting from internal eMMC chip...; run emmcdtbload; load mmc 0:1 ${kernel_addr_r} ${boot_file} && run fdt_fixup && bootm ${kernel_addr_r} ${dtbparam}
emmcdtbload=setenv dtbparam; load mmc 0:1 ${fdt_addr_r} ${fdt_file} && setenv dtbparam " - ${fdt_addr_r}" && true
ethact=FEC
ethaddr=00:14:2d:4e:87:11
ethprime=FEC
fdt_addr_r=0x12000000
fdt_file=imx6q-apalis-eval.dtb
fdt_fixup=;
fdt_high=0xffffffff
initrd_high=0xffffffff
ipaddr=192.168.10.2
kernel_addr_r=0x11000000
loadaddr=0x12000000
mmc_boot=if mmc dev ${devnum}; then setenv devtype mmc; run scan_dev_for_boot_part; fi
netmask=255.255.255.0
nfsargs=ip=:::::eth0:on root=/dev/nfs rw
nfsboot=run setup; setenv bootargs ${defargs} ${nfsargs} ${setupargs} ${vidargs}; echo Booting via DHCP/TFTP/NFS...; run nfsdtbload; dhcp ${kernel_addr_r} && run fdt_fixup && bootm ${kernel_addr_r} ${dtbparam}
nfsdtbload=setenv dtbparam; tftp ${fdt_addr_r} ${fdt_file} && setenv dtbparam " - ${fdt_addr_r}" && true
pxefile_addr_r=0x17100000
ramdisk_addr_r=0x12100000
sata_boot=if sata dev ${devnum}; then setenv devtype sata; run scan_dev_for_boot_part; fi
scan_dev_for_boot=echo Scanning ${devtype} ${devnum}:${distro_bootpart}...; for prefix in ${boot_prefixes}; do run scan_dev_for_extlinux; run scan_dev_for_scripts; done;
scan_dev_for_boot_part=part list ${devtype} ${devnum} -bootable devplist; env exists devplist || setenv devplist 1; for distro_bootpart in ${devplist}; do if fstype ${devtype} ${devnum}:${distro_bootpart} bootfstype; then run scan_dev_for_boot; fi; done
scan_dev_for_extlinux=if test -e ${devtype} ${devnum}:${distro_bootpart} ${prefix}extlinux/extlinux.conf; then echo Found ${prefix}extlinux/extlinux.conf; run boot_extlinux; echo SCRIPT FAILED: continuing...; fi
scan_dev_for_scripts=for script in ${boot_scripts}; do if test -e ${devtype} ${devnum}:${distro_bootpart} ${prefix}${script}; then echo Found U-Boot script ${prefix}${script}; run boot_a_script; echo SCRIPT FAILED: continuing...; fi; done
scriptaddr=0x17000000
sdargs=ip=off root=/dev/mmcblk1p2 ro rootfstype=ext4 rootwait
sdboot=run setup; setenv bootargs ${defargs} ${sdargs} ${setupargs} ${vidargs}; echo Booting from SD card; run sddtbload; load mmc 1:1 ${kernel_addr_r} ${boot_file} && run fdt_fixup && bootm ${kernel_addr_r} ${dtbparam}
sddtbload=setenv dtbparam; load mmc 1:1 ${fdt_addr_r} ${fdt_file} && setenv dtbparam " - ${fdt_addr_r}" && true
serial#=05146385
serverip=192.168.10.1
setethupdate=if env exists ethaddr; then; else setenv ethaddr 00:14:2d:00:00:00; fi; tftpboot ${loadaddr} flash_eth.img && source ${loadaddr}
setsdupdate=setenv interface mmc; setenv drive 1; mmc rescan; load ${interface} ${drive}:1 ${loadaddr} flash_blk.img || setenv drive 2; mmc rescan; load ${interface} ${drive}:1 ${loadaddr} flash_blk.img && source ${loadaddr}
setup=setenv setupargs fec_mac=${ethaddr} consoleblank=0 no_console_suspend=1 console=tty1 console=${console},${baudrate}n8
setupdate=run setsdupdate || run setusbupdate || run setethupdate
setusbupdate=usb start && setenv interface usb; setenv drive 0; load ${interface} ${drive}:1 ${loadaddr} flash_blk.img && source ${loadaddr}
soc=mx6
splashpos=m,m
usb_boot=usb start; if usb dev ${devnum}; then setenv devtype usb; run scan_dev_for_boot_part; fi
vendor=toradex
ver=U-Boot 2016.11-dirty (Feb 08 2018 - 14:11:56 +0530)
vidargs=mxc_hdmi.only_cea=1 video=mxcfb0:dev=hdmi,1920x1080M@60,if=RGB24 video=mxcfb1:off video=mxcfb2:off video=mxcfb3:off fbmem=32M

Environment size: 4907/8188 bytes
Apalis iMX6 # editenv vidargs 
edit: mxc_hdmi.only_cea=1 video=mxcfb0:dev=hdmi,1920x1080M@60,if=RGB24 video=mxcfb1:off video=mxcfb2:off video=mxcfb3:off fbmem=32M video=mxcfb1:off video=mxcfb2:off video=mxcfb3:off fbmem=32M  video=mxcfb1:off video=mxcfb2:off video=mxcfb3:off fbmem=32M 1 video=mxcfb1:off video=mxcfb2:off video=mxcfb3:off fbmem=32M6 video=mxcfb1:off video=mxcfb2:off video=mxcfb3:off fbmem=32Mx1080M@60,if=RGB16 video=mxcfb1:off video=mxcfb2:off video=mxcfb3:off fbmem=32M x1080M@60,if=RGB16 video=mxcfb1:off video=mxcfb2:off video=mxcfb3:off fbmem=32M x1080M@60,if=RGB16 video=mxcfb1:off video=mxcfb2:off video=mxcfb3:off fbmem=32M 3x1080M@60,if=RGB16 video=mxcfb1:off video=mxcfb2:off video=mxcfb3:off fbmem=32M6x1080M@60,if=RGB16 video=mxcfb1:off video=mxcfb2:off video=mxcfb3:off fbmem=32M6x1080M@60,if=RGB16 video=mxcfb1:off video=mxcfb2:off video=mxcfb3:off fbmem=32Mx1080M@60,if=RGB16 video=mxcfb1:off video=mxcfb2:off video=mxcfb3:off fbmem=32M M@60,if=RGB16 video=mxcfb1:off video=mxcfb2:off video=mxcfb3:off fbmem=32M M@60,if=RGB16 video=mxcfb1:off video=mxcfb2:off video=mxcfb3:off fbmem=32M M@60,if=RGB16 video=mxcfb1:off video=mxcfb2:off video=mxcfb3:off fbmem=32M 7M@60,if=RGB16 video=mxcfb1:off video=mxcfb2:off video=mxcfb3:off fbmem=32M6M@60,if=RGB16 video=mxcfb1:off video=mxcfb2:off video=mxcfb3:off fbmem=32M8M@60,if=RGB16 video=mxcfb1:off video=mxcfb2:off video=mxcfb3:off fbmem=32M
Apalis iMX6 # pri
arch=arm
baudrate=115200
board=apalis_imx6
board_name=apalis_imx6
board_rev=011c
boot_a_script=load ${devtype} ${devnum}:${distro_bootpart} ${scriptaddr} ${prefix}${script}; source ${scriptaddr}
boot_extlinux=sysboot ${devtype} ${devnum}:${distro_bootpart} any ${scriptaddr} ${prefix}extlinux/extlinux.conf
boot_file=uImage
boot_net_usb_start=usb start
boot_prefixes=/ /boot/
boot_script_dhcp=boot.scr.uimg
boot_scripts=boot.scr.uimg boot.scr
boot_targets=mmc1 mmc2 usb0 dhcp 
bootcmd=run emmcboot ; echo ; echo emmcboot failed ; run distro_bootcmd ; usb start ;setenv stdout serial,vga ; setenv stdin serial,usbkbd
