UTP: received command '$ echo `gdisk -l /dev/mmcblk0 | grep -w system | awk '{print $1}'` > /tmp/partIdx'
UTP: executing "echo `gdisk -l /dev/mmcblk0 | grep -w system | awk '{print $1}'` > /tmp/partIdx"
Caution: invalid backup GPT header, but valid main header; regenerating
backup header from main header.

Warning! One or more CRCs don't match. You should repair the disk!

UTP: sending Success to kernel for command $ echo `gdisk -l /dev/mmcblk0 | grep -w system | awk '{print $1}'` > /tmp/partIdx.
utp_poll: pass returned.
UTP: received command '$ simg2img $FILE /dev/mmcblk0p`cat /tmp/partIdx`'
UTP: executing "simg2img $FILE /dev/mmcblk0p`cat /tmp/partIdx`"
UTP: sending Success to kernel for command $ simg2img $FILE /dev/mmcblk0p`cat /tmp/partIdx`.
utp_poll: pass returned.
UTP: received command 'send'
UTP: sending Success to kernel for command send.
UTP: received command '$ echo `gdisk -l /dev/mmcblk0 | grep -w 'recovery$' | awk '{print $1}'` > /tmp/partIdx'
UTP: executing "echo `gdisk -l /dev/mmcblk0 | grep -w 'recovery$' | awk '{print $1}'` > /tmp/partIdx"
Caution: invalid backup GPT header, but valid main header; regenerating
backup header from main header.

Warning! One or more CRCs don't match. You should repair the disk!

UTP: sending Success to kernel for command $ echo `gdisk -l /dev/mmcblk0 | grep -w 'recovery$' | awk '{print $1}'` > /tmp/partIdx.
utp_poll: pass returned.
UTP: received command '$ dd if=$FILE of=/dev/mmcblk0p`cat /tmp/partIdx`'
UTP: executing "dd if=$FILE of=/dev/mmcblk0p`cat /tmp/partIdx`"
27218+1 records in
27218+1 records out
13935916 bytes (14 MB, 13 MiB) copied, 2.27524 s, 6.1 MB/s
UTP: sending Success to kernel for command $ dd if=$FILE of=/dev/mmcblk0p`cat /tmp/partIdx`.
utp_poll: pass returned.
UTP: received command '$ sync'
UTP: executing "sync"
UTP: sending Success to kernel for command $ sync.
utp_poll: pass returned.
UTP: received command 'frf'
UTP: closing the file
UTP: sending Success to kernel for command frf.
utp_poll: pass returned.
UTP: received command '$ echo Update Complete!'
UTP: executing "echo Update Complete!"
Update Complete!
UTP: sending Success to kernel for command $ echo Update Complete!.
utp_poll: pass returned.


U-Boot 2017.03-00002-gebf9dc2527 (Jan 29 2018 - 17:39:17 +0530)

CPU:   Freescale i.MX6Q rev1.5 at 792 MHz
Reset cause: POR
I2C:   ready
DRAM:  2 GiB
PMIC: device id: 0x10, revision id: 0x21
PMIC: programmed
MMC:   FSL_SDHC: 0, FSL_SDHC: 1, FSL_SDHC: 2
Unable to allocate framebuffer memory
In:    serial
Out:   serial
Err:   serial
Model: Toradex Apalis iMX6 Quad 2GB IT V1.1C, Serial# 05146387
flash target is MMC:0
Net:   using PHY at 7
FEC [PRIME]
Fastboot: Normal
Hit any key to stop autoboot:  1  0 
boota mmc0 
CACHE: Misaligned operation at range [8ffb79a0, 8ffb7a20]
CACHE: Misaligned operation at range [8ffb79a0, 8ffb7a20]
kernel   @ 14008000 (9921584)
ramdisk  @ 15000000 (1628986)
fdt      @ 14f00000 (53921)
## Booting Android Image at 0x12000000 ...
Kernel load addr 0x14008000 size 9690 KiB
Kernel command line: console=ttymxc0,115200 init=/init video=mxcfb0:dev=ldb,fbpix=RGB32,bpp=32 video=mxcfb1:dev=hdmi,640x480M@60,if=RGB24,bpp=16 video=mxcfb2:off video=mxcfb3:off vmalloc=256M androidboot.console=ttymxc0 consoleblank=0 androidboot.hardware=freescale cma=448M androidboot.selinux=permissive androidboot.dm_verity=disabled buildvariant=user androidboot.serialno=1b2429d4ea997115 androidboot.storage_type=emmc
## Flattened Device Tree blob at 14f00000
   Booting using the fdt blob at 0x14f00000
   Loading Kernel Image ... OK
   Using Device Tree in place at 14f00000, end 14f102a0

Starting kernel ...

Booting Linux on physical CPU 0x0
Linux version 4.9.67-07229-gdc6c16ec0433-dirty (embadmin@ubuntu) (gcc version 4.9 20150123 (prerelease) (GCC) ) #67 SMP PREEMPT Thu Feb 15 15:25:35 IST 2018
CPU: ARMv7 Processor [412fc09a] revision 10 (ARMv7), cr=10c53c7d
CPU: PIPT / VIPT nonaliasing data cache, VIPT aliasing instruction cache
OF: fdt:Machine model: Aravinth : Toradex Apalis iMX6Q/D Module on Ixora V1.1 Carrier Board
cma: Reserved 448 MiB at 0x22000000
Memory policy: Data cache writealloc
percpu: Embedded 15 pages/cpu @ee6b3000 s31040 r8192 d22208 u61440
Built 1 zonelists in Zone order, mobility grouping on.  Total pages: 522768
Kernel command line: console=ttymxc0,115200 init=/init video=mxcfb0:dev=ldb,fbpix=RGB32,bpp=32 video=mxcfb1:dev=hdmi,640x480M@60,if=RGB24,bpp=16 video=mxcfb2:off video=mxcfb3:off vmalloc=256M androidboot.console=ttymxc0 consoleblank=0 androidboot.hardware=freescale cma=448M androidboot.selinux=permissive androidboot.dm_verity=disabled buildvariant=user androidboot.serialno=1b2429d4ea997115 androidboot.storage_type=emmc
PID hash table entries: 4096 (order: 2, 16384 bytes)
Dentry cache hash table entries: 131072 (order: 7, 524288 bytes)
Inode-cache hash table entries: 65536 (order: 6, 262144 bytes)
Memory: 1597024K/2097152K available (13312K kernel code, 1154K rwdata, 4044K rodata, 1024K init, 604K bss, 41376K reserved, 458752K cma-reserved, 1318912K highmem)
Virtual kernel memory layout:
    vector  : 0xffff0000 - 0xffff1000   (   4 kB)
    fixmap  : 0xffc00000 - 0xfff00000   (3072 kB)
    vmalloc : 0xf0000000 - 0xff800000   ( 248 MB)
    lowmem  : 0xc0000000 - 0xef800000   ( 760 MB)
    pkmap   : 0xbfe00000 - 0xc0000000   (   2 MB)
    modules : 0xbf000000 - 0xbfe00000   (  14 MB)
      .text : 0xc0008000 - 0xc0e00000   (14304 kB)
      .init : 0xc1300000 - 0xc1400000   (1024 kB)
      .data : 0xc1400000 - 0xc1520b98   (1155 kB)
       .bss : 0xc1520b98 - 0xc15b7c28   ( 605 kB)
SLUB: HWalign=64, Order=0-3, MinObjects=0, CPUs=4, Nodes=1
Preemptible hierarchical RCU implementation.
	Build-time adjustment of leaf fanout to 32.
NR_IRQS:16 nr_irqs:16 16
L2C-310 errata 752271 769419 enabled
L2C-310 enabling early BRESP for Cortex-A9
L2C-310 full line of zeros enabled for Cortex-A9
L2C-310 ID prefetch enabled, offset 16 lines
L2C-310 dynamic clock gating enabled, standby mode enabled
L2C-310 cache controller enabled, 16 ways, 1024 kB
L2C-310: CACHE_ID 0x410000c7, AUX_CTRL 0x76470001
Switching to timer-based delay loop, resolution 333ns
sched_clock: 32 bits at 3000kHz, resolution 333ns, wraps every 715827882841ns
clocksource: mxc_timer1: mask: 0xffffffff max_cycles: 0xffffffff, max_idle_ns: 637086815595 ns
Console: colour dummy device 80x30
Calibrating delay loop (skipped), value calculated using timer frequency.. 6.00 BogoMIPS (lpj=30000)
pid_max: default: 32768 minimum: 301
Security Framework initialized
SELinux:  Initializing.
Mount-cache hash table entries: 2048 (order: 1, 8192 bytes)
Mountpoint-cache hash table entries: 2048 (order: 1, 8192 bytes)
CPU: Testing write buffer coherency: ok
CPU0: update cpu_capacity 1024
CPU0: thread -1, cpu 0, socket 0, mpidr 80000000
Setting up static identity map for 0x10100000 - 0x10100058
CPU1: update cpu_capacity 1024
CPU1: thread -1, cpu 1, socket 0, mpidr 80000001
CPU2: update cpu_capacity 1024
CPU2: thread -1, cpu 2, socket 0, mpidr 80000002
CPU3: update cpu_capacity 1024
CPU3: thread -1, cpu 3, socket 0, mpidr 80000003
Brought up 4 CPUs
SMP: Total of 4 processors activated (24.00 BogoMIPS).
CPU: All CPU(s) started in SVC mode.
CPU3: update max cpu_capacity 1024
devtmpfs: initialized
CPU2: update max cpu_capacity 1024
VFP support v0.3: implementor 41 architecture 3 part 30 variant 9 rev 4
clocksource: jiffies: mask: 0xffffffff max_cycles: 0xffffffff, max_idle_ns: 19112604462750000 ns
futex hash table entries: 1024 (order: 4, 65536 bytes)
pinctrl core: initialized pinctrl subsystem
NET: Registered protocol family 16
DMA: preallocated 256 KiB pool for atomic coherent allocations
cpuidle: using governor menu
CPU identified as i.MX6Q, silicon rev 1.5
hw-breakpoint: found 5 (+1 reserved) breakpoint and 1 watchpoint registers.
hw-breakpoint: maximum watchpoint size is 4 bytes.
imx6q-pinctrl 20e0000.iomuxc: initialized IMX pinctrl driver
imx-gpc 20dc000.gpc: no fsl,ldo-bypass found!
imx-gpc 20dc000.gpc: Registered imx-gpc
mxs-dma 110000.dma-apbh: initialized
usb_host_vbus: supplied by usb_host_vbus_hub
SCSI subsystem initialized
usbcore: registered new interface driver usbfs
usbcore: registered new interface driver hub
usbcore: registered new device driver usb
2000000.aips-bus:usbphy_nop1 supply vcc not found, using dummy regulator
2000000.aips-bus:usbphy_nop2 supply vcc not found, using dummy regulator
i2c i2c-1: IMX I2C adapter registered
i2c i2c-1: can't use DMA, using PIO instead.
stmpe-i2c 2-0041: stmpe811 detected, chip id: 0x811
i2c i2c-2: IMX I2C adapter registered
i2c i2c-2: can't use DMA, using PIO instead.
i2c i2c-3: IMX I2C adapter registered
i2c i2c-3: can't use DMA, using PIO instead.
Aravinth: i2c_adap_sw_edid_init 
Linux video capture interface: v2.00
pps_core: LinuxPPS API ver. 1 registered
pps_core: Software ver. 5.3.6 - Copyright 2005-2007 Rodolfo Giometti <giometti@linux.it>
PTP clock support registered
imx-ipuv3 2400000.ipu: IPU DMFC NORMAL mode: 1(0~1), 5B(4,5), 5F(6,7)
imx-ipuv3 2800000.ipu: IPU DMFC NORMAL mode: 1(0~1), 5B(4,5), 5F(6,7)
mxc_mipi_csi2 21dc000.mipi_csi: i.MX MIPI CSI2 driver probed ipu0 csi1
mxc_mipi_csi2 21dc000.mipi_csi: i.MX MIPI CSI2 dphy version is 0x3130302a
MIPI CSI2 driver module loaded
imx rpmsg driver is registered.
Advanced Linux Sound Architecture Driver Initialized.
Bluetooth: Core ver 2.22
NET: Registered protocol family 31
Bluetooth: HCI device and connection manager initialized
Bluetooth: HCI socket layer initialized
Bluetooth: L2CAP socket layer initialized
Bluetooth: SCO socket layer initialized
clocksource: Switched to clocksource mxc_timer1
VFS: Disk quotas dquot_6.6.0
VFS: Dquot-cache hash table entries: 1024 (order 0, 4096 bytes)
NET: Registered protocol family 2
TCP established hash table entries: 8192 (order: 3, 32768 bytes)
TCP bind hash table entries: 8192 (order: 4, 65536 bytes)
TCP: Hash tables configured (established 8192 bind 8192)
UDP hash table entries: 512 (order: 2, 16384 bytes)
UDP-Lite hash table entries: 512 (order: 2, 16384 bytes)
NET: Registered protocol family 1
RPC: Registered named UNIX socket transport module.
RPC: Registered udp transport module.
RPC: Registered tcp transport module.
RPC: Registered tcp NFSv4.1 backchannel transport module.
Trying to unpack rootfs image as initramfs...
Freeing initrd memory: 1592K
hw perfevents: enabled with armv7_cortex_a9 PMU driver, 7 counters available
Bus freq driver module loaded
audit: initializing netlink subsys (disabled)
audit: type=2000 audit(0.880:1): initialized
workingset: timestamp_bits=30 max_order=19 bucket_order=0
NFS: Registering the id_resolver key type
Key type id_resolver registered
Key type id_legacy registered
ntfs: driver 2.1.32 [Flags: R/W DEBUG].
jffs2: version 2.2. (NAND) Â© 2001-2006 Red Hat, Inc.
fuse init (API version 7.26)
NET: Registered protocol family 38
bounce: pool size: 64 pages
io scheduler noop registered
io scheduler deadline registered
io scheduler cfq registered (default)
backlight supply power not found, using dummy regulator
Aravinth: mxc_hdmi_i2c_probe 
Aravinth: mxc_hdmi_probe 
20e0000.hdmi_video supply HDMI not found, using dummy regulator
Aravinth:fb_add_videomode 
Aravinth: fb_videomode_to_var 
Aravinth: fb_videomode_to_var var->xres=800 yres=600 xres_virtual=800 >yres_virtual=608 pixclock=18181 
Aravinth: fb_videomode_to_var Done
Aravinth:fb_add_videomode 
Aravinth:fb_mode_is_equal 
Aravinth: fb_videomode_to_var 
Aravinth: fb_videomode_to_var var->xres=1024 yres=768 xres_virtual=1024 >yres_virtual=768 pixclock=15384 
Aravinth: fb_videomode_to_var Done
Aravinth:fb_add_videomode 
Aravinth:fb_mode_is_equal 
Aravinth:fb_mode_is_equal 
Aravinth: fb_videomode_to_var 
Aravinth: fb_videomode_to_var var->xres=1280 yres=800 xres_virtual=1280 >yres_virtual=800 pixclock=14507 
Aravinth: fb_videomode_to_var Done
Aravinth:fb_add_videomode 
Aravinth:fb_mode_is_equal 
Aravinth:fb_mode_is_equal 
Aravinth:fb_mode_is_equal 
Aravinth: fb_videomode_to_var 
Aravinth: fb_videomode_to_var var->xres=1920 yres=1080 xres_virtual=1920 >yres_virtual=1088 pixclock=7220 
Aravinth: fb_videomode_to_var Done
Aravinth:fb_find_mode 
modedb fb_find_mode: Trying default video mode
Aravinth:fb_try_mode 
modedb fb_try_mode: Trying mode noname 1024x768-32@60
Aravinth:fb_var_to_videomode 
mxc_sdc_fb fb@0: registered mxc display driver ldb
Aravinth:fb_var_to_videomode 
Aravinth:fb_add_videomode 
Aravinth:fb_mode_is_equal 
Aravinth:fb_mode_is_equal 
Aravinth:fb_mode_is_equal 
Aravinth:fb_match_mode 
Aravinth:fb_var_to_videomode 
Aravinth:fb_mode_is_equal 
Aravinth:fb_mode_is_equal 
Aravinth:fb_mode_is_equal 
imx-ipuv3 2800000.ipu: IPU DMFC DP HIGH RESOLUTION: 1(0,1), 5B(2~5), 5F(6,7)
Aravinth:fb_var_to_videomode 
Aravinth:fb_add_videomode 
Aravinth:fb_mode_is_equal 
Aravinth:fb_mode_is_equal 
Aravinth:fb_mode_is_equal 
Aravinth:fb_var_to_videomode 
Aravinth:fb_add_videomode 
Aravinth:fb_mode_is_equal 
Aravinth:fb_mode_is_equal 
Aravinth:fb_mode_is_equal 
Aravinth:fb_match_mode 
Aravinth:fb_var_to_videomode 
Aravinth:fb_mode_is_equal 
Aravinth:fb_mode_is_equal 
Aravinth:fb_mode_is_equal 
Aravinth:fb_match_mode 
Aravinth:fb_var_to_videomode 
Aravinth:fb_mode_is_equal 
Aravinth:fb_mode_is_equal 
Aravinth:fb_mode_is_equal 
Aravinth: fb_videomode_to_var 
Aravinth: fb_videomode_to_var var->xres=1024 yres=768 xres_virtual=1024 >yres_virtual=768 pixclock=15384 
Aravinth: fb_videomode_to_var Done
Console: switching to colour frame buffer device 128x48
Aravinth: fb_videomode_to_var 
Aravinth: fb_videomode_to_var var->xres=1024 yres=768 xres_virtual=1024 >yres_virtual=768 pixclock=15384 
Aravinth: fb_videomode_to_var Done
Aravinth:fb_var_to_videomode 
Aravinth:fb_add_videomode 
Aravinth:fb_var_to_videomode 
Aravinth:fb_add_videomode 
Aravinth:fb_mode_is_equal 
Aravinth:fb_var_to_videomode 
Aravinth:fb_add_videomode 
Aravinth:fb_mode_is_equal 
Aravinth: mxc_hdmi_disp_init 
mxc_hdmi 20e0000.hdmi_video: Detected HDMI controller 0x13:0xa:0xa0:0xc1
Aravinth:fb_find_mode 
modedb fb_find_mode: CVT mode 640x480@60Hz
fbcvt: 640x480@60: CVT Name - .307M3
Aravinth:fb_try_mode 
modedb fb_try_mode: Trying mode noname 640x480-16@60
modedb fb_find_mode: modedb CVT: CVT mode ok
Aravinth:fb_destroy_modelist 
Aravinth:fb_add_videomode 
Aravinth:fb_add_videomode 
Aravinth:fb_mode_is_equal 
Aravinth:fb_add_videomode 
Aravinth:fb_mode_is_equal 
Aravinth:fb_mode_is_equal 
Aravinth:fb_add_videomode 
Aravinth:fb_mode_is_equal 
Aravinth:fb_mode_is_equal 
Aravinth:fb_mode_is_equal 
Aravinth:fb_add_videomode 
Aravinth:fb_mode_is_equal 
Aravinth:fb_mode_is_equal 
Aravinth:fb_mode_is_equal 
Aravinth:fb_mode_is_equal 
Aravinth:fb_add_videomode 
Aravinth:fb_mode_is_equal 
Aravinth:fb_mode_is_equal 
Aravinth:fb_mode_is_equal 
Aravinth:fb_mode_is_equal 
Aravinth:fb_mode_is_equal 
Aravinth:fb_add_videomode 
Aravinth:fb_mode_is_equal 
Aravinth:fb_mode_is_equal 
Aravinth:fb_mode_is_equal 
Aravinth:fb_mode_is_equal 
Aravinth:fb_mode_is_equal 
Aravinth:fb_mode_is_equal 
Aravinth:fb_add_videomode 
Aravinth:fb_mode_is_equal 
Aravinth:fb_mode_is_equal 
Aravinth:fb_mode_is_equal 
Aravinth:fb_mode_is_equal 
Aravinth:fb_mode_is_equal 
Aravinth:fb_mode_is_equal 
Aravinth:fb_mode_is_equal 
Aravinth:fb_add_videomode 
Aravinth:fb_mode_is_equal 
Aravinth:fb_mode_is_equal 
Aravinth:fb_mode_is_equal 
Aravinth:fb_mode_is_equal 
Aravinth:fb_mode_is_equal 
Aravinth:fb_mode_is_equal 
Aravinth:fb_mode_is_equal 
Aravinth:fb_mode_is_equal 
Aravinth:fb_add_videomode 
Aravinth:fb_mode_is_equal 
Aravinth:fb_mode_is_equal 
Aravinth:fb_mode_is_equal 
Aravinth:fb_mode_is_equal 
Aravinth:fb_mode_is_equal 
Aravinth:fb_mode_is_equal 
Aravinth:fb_mode_is_equal 
Aravinth:fb_mode_is_equal 
Aravinth:fb_mode_is_equal 
Aravinth:fb_add_videomode 
Aravinth:fb_mode_is_equal 
Aravinth:fb_mode_is_equal 
Aravinth:fb_mode_is_equal 
Aravinth:fb_mode_is_equal 
Aravinth:fb_mode_is_equal 
Aravinth:fb_mode_is_equal 
Aravinth:fb_mode_is_equal 
Aravinth:fb_mode_is_equal 
Aravinth:fb_mode_is_equal 
Aravinth:fb_mode_is_equal 
Aravinth:fb_add_videomode 
Aravinth:fb_mode_is_equal 
Aravinth:fb_mode_is_equal 
Aravinth:fb_mode_is_equal 
Aravinth:fb_mode_is_equal 
Aravinth:fb_mode_is_equal 
Aravinth:fb_mode_is_equal 
Aravinth:fb_mode_is_equal 
Aravinth:fb_mode_is_equal 
Aravinth:fb_mode_is_equal 
Aravinth:fb_mode_is_equal 
Aravinth:fb_mode_is_equal 
Aravinth:fb_add_videomode 
Aravinth:fb_mode_is_equal 
Aravinth:fb_mode_is_equal 
Aravinth:fb_mode_is_equal 
Aravinth:fb_mode_is_equal 
Aravinth:fb_mode_is_equal 
Aravinth:fb_mode_is_equal 
Aravinth:fb_mode_is_equal 
Aravinth:fb_mode_is_equal 
Aravinth:fb_mode_is_equal 
Aravinth:fb_mode_is_equal 
Aravinth:fb_mode_is_equal 
Aravinth:fb_mode_is_equal 
Aravinth:fb_add_videomode 
Aravinth:fb_mode_is_equal 
Aravinth:fb_mode_is_equal 
Aravinth:fb_mode_is_equal 
Aravinth:fb_mode_is_equal 
Aravinth:fb_mode_is_equal 
Aravinth:fb_mode_is_equal 
Aravinth:fb_mode_is_equal 
Aravinth:fb_mode_is_equal 
Aravinth:fb_mode_is_equal 
Aravinth:fb_mode_is_equal 
Aravinth:fb_mode_is_equal 
Aravinth:fb_mode_is_equal 
Aravinth:fb_mode_is_equal 
Aravinth:fb_add_videomode 
Aravinth:fb_mode_is_equal 
Aravinth:fb_mode_is_equal 
Aravinth:fb_mode_is_equal 
Aravinth:fb_mode_is_equal 
Aravinth:fb_mode_is_equal 
Aravinth:fb_mode_is_equal 
Aravinth:fb_mode_is_equal 
Aravinth:fb_mode_is_equal 
Aravinth:fb_mode_is_equal 
Aravinth:fb_mode_is_equal 
Aravinth:fb_mode_is_equal 
Aravinth:fb_mode_is_equal 
Aravinth:fb_mode_is_equal 
Aravinth:fb_mode_is_equal 
Aravinth:fb_add_videomode 
Aravinth:fb_mode_is_equal 
Aravinth:fb_mode_is_equal 
Aravinth:fb_mode_is_equal 
Aravinth:fb_mode_is_equal 
Aravinth:fb_mode_is_equal 
Aravinth:fb_mode_is_equal 
Aravinth:fb_mode_is_equal 
Aravinth:fb_mode_is_equal 
Aravinth:fb_mode_is_equal 
Aravinth:fb_mode_is_equal 
Aravinth:fb_mode_is_equal 
Aravinth:fb_mode_is_equal 
Aravinth:fb_mode_is_equal 
Aravinth:fb_mode_is_equal 
Aravinth:fb_mode_is_equal 
Aravinth:fb_add_videomode 
Aravinth:fb_mode_is_equal 
Aravinth:fb_mode_is_equal 
Aravinth:fb_mode_is_equal 
Aravinth:fb_mode_is_equal 
Aravinth:fb_mode_is_equal 
Aravinth:fb_mode_is_equal 
Aravinth:fb_mode_is_equal 
Aravinth:fb_mode_is_equal 
Aravinth:fb_mode_is_equal 
Aravinth:fb_mode_is_equal 
Aravinth:fb_mode_is_equal 
Aravinth:fb_mode_is_equal 
Aravinth:fb_mode_is_equal 
Aravinth:fb_mode_is_equal 
Aravinth:fb_mode_is_equal 
Aravinth:fb_mode_is_equal 
Aravinth:fb_add_videomode 
Aravinth:fb_mode_is_equal 
Aravinth:fb_mode_is_equal 
Aravinth:fb_mode_is_equal 
Aravinth:fb_mode_is_equal 
Aravinth:fb_mode_is_equal 
Aravinth:fb_mode_is_equal 
Aravinth:fb_mode_is_equal 
Aravinth:fb_mode_is_equal 
Aravinth:fb_mode_is_equal 
Aravinth:fb_mode_is_equal 
Aravinth:fb_mode_is_equal 
Aravinth:fb_mode_is_equal 
Aravinth:fb_mode_is_equal 
Aravinth:fb_mode_is_equal 
Aravinth:fb_mode_is_equal 
Aravinth:fb_mode_is_equal 
Aravinth:fb_mode_is_equal 
Aravinth:fb_add_videomode 
Aravinth:fb_mode_is_equal 
Aravinth:fb_mode_is_equal 
Aravinth:fb_mode_is_equal 
Aravinth:fb_mode_is_equal 
Aravinth:fb_mode_is_equal 
Aravinth:fb_mode_is_equal 
Aravinth:fb_mode_is_equal 
Aravinth:fb_mode_is_equal 
Aravinth:fb_mode_is_equal 
Aravinth:fb_mode_is_equal 
Aravinth:fb_mode_is_equal 
Aravinth:fb_mode_is_equal 
Aravinth:fb_mode_is_equal 
Aravinth:fb_mode_is_equal 
Aravinth:fb_mode_is_equal 
Aravinth:fb_mode_is_equal 
Aravinth:fb_mode_is_equal 
Aravinth:fb_mode_is_equal 
Aravinth:fb_add_videomode 
Aravinth:fb_mode_is_equal 
Aravinth:fb_mode_is_equal 
Aravinth:fb_mode_is_equal 
Aravinth:fb_mode_is_equal 
Aravinth:fb_mode_is_equal 
Aravinth:fb_mode_is_equal 
Aravinth:fb_mode_is_equal 
Aravinth:fb_mode_is_equal 
Aravinth:fb_mode_is_equal 
Aravinth:fb_mode_is_equal 
Aravinth:fb_mode_is_equal 
Aravinth:fb_mode_is_equal 
Aravinth:fb_mode_is_equal 
Aravinth:fb_mode_is_equal 
Aravinth:fb_mode_is_equal 
Aravinth:fb_mode_is_equal 
Aravinth:fb_mode_is_equal 
Aravinth:fb_mode_is_equal 
Aravinth:fb_mode_is_equal 
Aravinth:fb_add_videomode 
Aravinth:fb_mode_is_equal 
Aravinth:fb_mode_is_equal 
Aravinth:fb_mode_is_equal 
Aravinth:fb_mode_is_equal 
Aravinth:fb_mode_is_equal 
Aravinth:fb_mode_is_equal 
Aravinth:fb_mode_is_equal 
Aravinth:fb_mode_is_equal 
Aravinth:fb_mode_is_equal 
Aravinth:fb_mode_is_equal 
Aravinth:fb_mode_is_equal 
Aravinth:fb_mode_is_equal 
Aravinth:fb_mode_is_equal 
Aravinth:fb_mode_is_equal 
Aravinth:fb_mode_is_equal 
Aravinth:fb_mode_is_equal 
Aravinth:fb_mode_is_equal 
Aravinth:fb_mode_is_equal 
Aravinth:fb_mode_is_equal 
Aravinth:fb_mode_is_equal 
Aravinth:fb_add_videomode 
Aravinth:fb_mode_is_equal 
Aravinth:fb_mode_is_equal 
Aravinth:fb_mode_is_equal 
Aravinth:fb_mode_is_equal 
Aravinth:fb_mode_is_equal 
Aravinth:fb_mode_is_equal 
Aravinth:fb_mode_is_equal 
Aravinth:fb_mode_is_equal 
Aravinth:fb_mode_is_equal 
Aravinth:fb_mode_is_equal 
Aravinth:fb_mode_is_equal 
Aravinth:fb_mode_is_equal 
Aravinth:fb_mode_is_equal 
Aravinth:fb_mode_is_equal 
Aravinth:fb_mode_is_equal 
Aravinth:fb_mode_is_equal 
Aravinth:fb_mode_is_equal 
Aravinth:fb_mode_is_equal 
Aravinth:fb_mode_is_equal 
Aravinth:fb_mode_is_equal 
Aravinth:fb_mode_is_equal 
Aravinth:fb_var_to_videomode 
Aravinth:fb_find_nearest_mode 
Aravinth: fb_videomode_to_var 
Aravinth: fb_videomode_to_var var->xres=640 yres=480 xres_virtual=640 >yres_virtual=480 pixclock=39722 
Aravinth: fb_videomode_to_var Done
mxc_sdc_fb fb@1: registered mxc display driver hdmi
Aravinth:fb_var_to_videomode 
Aravinth:fb_add_videomode 
Aravinth:fb_mode_is_equal 
Aravinth:fb_mode_is_equal 
Aravinth:fb_mode_is_equal 
Aravinth:fb_mode_is_equal 
Aravinth:fb_mode_is_equal 
Aravinth:fb_mode_is_equal 
Aravinth:fb_mode_is_equal 
Aravinth:fb_mode_is_equal 
Aravinth:fb_mode_is_equal 
Aravinth:fb_mode_is_equal 
Aravinth:fb_mode_is_equal 
Aravinth:fb_mode_is_equal 
Aravinth:fb_mode_is_equal 
Aravinth:fb_mode_is_equal 
Aravinth:fb_mode_is_equal 
Aravinth:fb_mode_is_equal 
Aravinth:fb_mode_is_equal 
Aravinth:fb_mode_is_equal 
Aravinth:fb_mode_is_equal 
Aravinth:fb_mode_is_equal 
Aravinth:fb_mode_is_equal 
Aravinth:fb_mode_is_equal 
Aravinth:fb_var_to_videomode 
Aravinth:fb_add_videomode 
Aravinth:fb_mode_is_equal 
Aravinth:fb_mode_is_equal 
Aravinth:fb_mode_is_equal 
Aravinth:fb_mode_is_equal 
Aravinth:fb_mode_is_equal 
Aravinth:fb_mode_is_equal 
Aravinth:fb_mode_is_equal 
Aravinth:fb_mode_is_equal 
Aravinth:fb_mode_is_equal 
Aravinth:fb_mode_is_equal 
Aravinth:fb_mode_is_equal 
Aravinth:fb_mode_is_equal 
Aravinth:fb_mode_is_equal 
Aravinth:fb_mode_is_equal 
Aravinth:fb_mode_is_equal 
Aravinth:fb_mode_is_equal 
Aravinth:fb_mode_is_equal 
Aravinth:fb_mode_is_equal 
Aravinth:fb_mode_is_equal 
Aravinth:fb_mode_is_equal 
Aravinth:fb_mode_is_equal 
Aravinth:fb_mode_is_equal 
Aravinth:fb_var_to_videomode 
Aravinth:fb_add_videomode 
Aravinth:fb_mode_is_equal 
Aravinth:fb_mode_is_equal 
Aravinth:fb_mode_is_equal 
Aravinth:fb_mode_is_equal 
Aravinth:fb_mode_is_equal 
Aravinth:fb_mode_is_equal 
Aravinth:fb_mode_is_equal 
Aravinth:fb_mode_is_equal 
Aravinth:fb_mode_is_equal 
Aravinth:fb_mode_is_equal 
Aravinth:fb_mode_is_equal 
Aravinth:fb_mode_is_equal 
Aravinth:fb_mode_is_equal 
Aravinth:fb_mode_is_equal 
Aravinth:fb_mode_is_equal 
Aravinth:fb_mode_is_equal 
Aravinth:fb_mode_is_equal 
Aravinth:fb_mode_is_equal 
Aravinth:fb_mode_is_equal 
Aravinth:fb_mode_is_equal 
Aravinth:fb_mode_is_equal 
Aravinth:fb_mode_is_equal 
Aravinth:fb_var_to_videomode 
Aravinth:fb_add_videomode 
Aravinth:fb_var_to_videomode 
Aravinth:fb_add_videomode 
Aravinth:fb_mode_is_equal 
Aravinth:fb_var_to_videomode 
Aravinth:fb_add_videomode 
Aravinth:fb_mode_is_equal 
mxc_sdc_fb fb@2: Can't get fb option for mxcfb2!
mxc_sdc_fb fb@3: Can't get fb option for mxcfb3!
imx-sdma 20ec000.sdma: no iram assigned, using external mem
imx-sdma 20ec000.sdma: loaded firmware 3.3
pfuze100-regulator 2-0008: Full layer: 2, Metal layer: 1
pfuze100-regulator 2-0008: FAB: 0, FIN: 0
pfuze100-regulator 2-0008: pfuze100 found.
mxc_hdmi 20e0000.hdmi_video: Read EDID again
2020000.serial: ttymxc0 at MMIO 0x2020000 (irq = 29, base_baud = 5000000) is a IMX
Aravinth: mxc_hdmi_cable_connected edid_status=-1
Aravinth: mxc_hdmi_default_modelist 
mxc_hdmi 20e0000.hdmi_video: create default modelist
Aravinth:fb_destroy_modelist 
Aravinth: mxc_hdmi_default_modelist 
Aravinth:fb_add_videomode 
Aravinth: fb_videomode_to_var 
Aravinth: fb_videomode_to_var var->xres=640 yres=480 xres_virtual=640 >yres_virtual=480 pixclock=39722 
Aravinth: fb_videomode_to_var Done
Aravinth:fb_var_to_videomode 
Aravinth:fb_mode_is_equal 
console [ttymxc0] enabled
21e8000.serial: ttymxc1 at MMIO 0x21e8000 (irq = 78, base_baud = 5000000) is a IMX
21f0000.serial: ttymxc3 at MMIO 0x21f0000 (irq = 79, base_baud = 5000000) is a IMX
21f4000.serial: ttymxc4 at MMIO 0x21f4000 (irq = 80, base_baud = 5000000) is a IMX
imx sema4 driver is registered.
[drm] Initialized
[drm] Initialized vivante 1.0.0 20120216 on minor 0
Aravinth: mxc_hdmi_set_mode 
Aravinth: fb_videomode_to_var 
Aravinth: fb_videomode_to_var var->xres=640 yres=480 xres_virtual=640 >yres_virtual=480 pixclock=39722 
Aravinth: fb_videomode_to_var Done
Aravinth:fb_var_to_videomode 
Aravinth:fb_find_nearest_mode 
Aravinth:fb_mode_is_equal 
Aravinth: mxc_hdmi_set_mode_to_vga_dvi 
Aravinth: fb_videomode_to_var 
Aravinth: fb_videomode_to_var var->xres=640 yres=480 xres_virtual=640 >yres_virtual=480 pixclock=39721 
Aravinth: fb_videomode_to_var Done
Aravinth:fb_var_to_videomode 
Aravinth:fb_add_videomode 
Aravinth:fb_mode_is_equal 
Aravinth:fb_mode_is_equal 
Aravinth: mxc_hdmi_setup 
Aravinth:fb_var_to_videomode 
Aravinth:fb_var_to_videomode 
Aravinth: mxc_hdmi_phy_init 
Aravinth:fb_var_to_videomode 
Aravinth:fb_find_nearest_mode 
Aravinth: fb_videomode_to_var 
brd: module loaded
Aravinth: fb_videomode_to_var var->xres=640 yres=480 xres_virtual=640 >yres_virtual=480 pixclock=39722 
Aravinth: fb_videomode_to_var Done
Aravinth:fb_var_to_videomode 
Aravinth:fb_add_videomode 
Aravinth:fb_mode_is_equal 
Aravinth:fb_mode_is_equal 
Aravinth:fb_mode_is_equal 
Aravinth: mxc_hdmi_setup 
Aravinth:fb_var_to_videomode 
Aravinth:fb_find_nearest_mode 
Aravinth:fb_var_to_videomode 
Aravinth: mxc_hdmi_phy_init 
Aravinth:fb_var_to_videomode 
Aravinth:fb_find_nearest_mode 
loop: module loaded
zram: Added device: zram0
ahci-imx 2200000.sata: fsl,transmit-level-mV not specified, using 00000024
ahci-imx 2200000.sata: fsl,transmit-boost-mdB not specified, using 00000480
ahci-imx 2200000.sata: fsl,transmit-atten-16ths not specified, using 00002000
ahci-imx 2200000.sata: fsl,receive-eq-mdB not specified, using 05000000
ahci-imx 2200000.sata: SSS flag set, parallel bus scan disabled
ahci-imx 2200000.sata: AHCI 0001.0300 32 slots 1 ports 3 Gbps 0x1 impl platform mode
ahci-imx 2200000.sata: flags: ncq sntf stag pm led clo only pmp pio slum part ccc apst 
scsi host0: ahci-imx
ata1: SATA max UDMA/133 mmio [mem 0x02200000-0x02203fff] port 0x100 irq 87
spi_imx 2008000.ecspi: probed
libphy: Fixed MDIO Bus: probed
tun: Universal TUN/TAP device driver, 1.6
tun: (C) 1999-2004 Max Krasnyansky <maxk@qualcomm.com>
CAN device driver interface
2090000.flexcan supply xceiver not found, using dummy regulator
flexcan 2090000.flexcan: device registered (reg_base=f02f4000, irq=38)
2094000.flexcan supply xceiver not found, using dummy regulator
flexcan 2094000.flexcan: device registered (reg_base=f02fc000, irq=39)
2188000.ethernet supply phy not found, using dummy regulator
pps pps0: new PPS source ptp0
libphy: fec_enet_mii_bus: probed
fec 2188000.ethernet eth0: registered PHC device 0
PPP generic driver version 2.4.2
PPP BSD Compression module registered
PPP Deflate Compression module registered
PPP MPPE Compression module registered
NET: Registered protocol family 24
usbcore: registered new interface driver rtl8xxxu
usbcore: registered new interface driver kaweth
pegasus: v0.9.3 (2013/04/25), Pegasus/Pegasus II USB Ethernet driver
usbcore: registered new interface driver pegasus
usbcore: registered new interface driver rtl8150
usbcore: registered new interface driver r8152
usbcore: registered new interface driver asix
usbcore: registered new interface driver ax88179_178a
usbcore: registered new interface driver cdc_ether
usbcore: registered new interface driver cdc_eem
usbcore: registered new interface driver net1080
usbcore: registered new interface driver cdc_subset
usbcore: registered new interface driver zaurus
usbcore: registered new interface driver cdc_ncm
ehci_hcd: USB 2.0 'Enhanced' Host Controller (EHCI) Driver
ehci-mxc: Freescale On-Chip EHCI Host driver
ohci_hcd: USB 1.1 'Open' Host Controller (OHCI) Driver
usbcore: registered new interface driver cdc_acm
cdc_acm: USB Abstract Control Model driver for USB modems and ISDN adapters
usbcore: registered new interface driver cdc_wdm
usbcore: registered new interface driver usb-storage
usbcore: registered new interface driver usbserial
usbcore: registered new interface driver usbserial_generic
usbserial: USB Serial support registered for generic
usbcore: registered new interface driver ftdi_sio
usbserial: USB Serial support registered for FTDI USB Serial Device
usbcore: registered new interface driver option
usbserial: USB Serial support registered for GSM modem (1-port)
usbcore: registered new interface driver usbtest
usbcore: registered new interface driver usb_ehset_test
2184800.usbmisc supply vbus-wakeup not found, using dummy regulator
ci_hdrc ci_hdrc.1: EHCI Host Controller
ci_hdrc ci_hdrc.1: new USB bus registered, assigned bus number 1
ci_hdrc ci_hdrc.1: USB 2.0 started, EHCI 1.00
usb usb1: New USB device found, idVendor=1d6b, idProduct=0002
usb usb1: New USB device strings: Mfr=3, Product=2, SerialNumber=1
usb usb1: Product: EHCI Host Controller
usb usb1: Manufacturer: Linux 4.9.67-07229-gdc6c16ec0433-dirty ehci_hcd
ata1: SATA link down (SStatus 0 SControl 300)
ahci-imx 2200000.sata: no device found, disabling link.
ahci-imx 2200000.sata: pass ahci_imx..hotplug=1 to enable hotplug
usb usb1: SerialNumber: ci_hdrc.1
hub 1-0:1.0: USB hub found
hub 1-0:1.0: 1 port detected
mousedev: PS/2 mouse device common for all mice
usbcore: registered new interface driver xpad
usbcore: registered new interface driver usb_acecad
usbcore: registered new interface driver aiptek
usbcore: registered new interface driver gtco
usbcore: registered new interface driver hanwang
usbcore: registered new interface driver kbtab
input: stmpe-ts as /devices/soc0/soc/2100000.aips-bus/21a4000.i2c/i2c-2/2-0041/stmpe-ts/input/input0
snvs_rtc 20cc000.snvs:snvs-rtc-lp: rtc core: registered 20cc000.snvs:snvs-r as rtc0
i2c /dev entries driver
IR NEC protocol handler initialized
IR RC5(x/sz) protocol handler initialized
IR RC6 protocol handler initialized
IR JVC protocol handler initialized
IR Sony protocol handler initialized
IR SANYO protocol handler initialized
IR Sharp protocol handler initialized
IR MCE Keyboard/mouse protocol handler initialized
IR XMP protocol handler initialized
mxc_v4l2_output v4l2_out: V4L2 device registered as video16
mxc_v4l2_output v4l2_out: V4L2 device registered as video17
mxc_v4l2_output v4l2_out: V4L2 device registered as video18
mxc_v4l2_output v4l2_out: V4L2 device registered as video19
ov564x_mipi 3-003c: found pwm2, period=0
usb 1-1: new high-speed USB device number 2 using ci_hdrc
ov5640_read_reg:write reg error:reg=300a
camera ov5640_mipi is not found
usbcore: registered new interface driver uvcvideo
USB Video Class driver (1.1.1)
imx2-wdt 20bc000.wdog: timeout 60 sec (nowayout=0)
device-mapper: uevent: version 1.0.3
device-mapper: ioctl: 4.35.0-ioctl (2016-06-23) initialised: dm-devel@redhat.com
Bluetooth: HCI UART driver ver 2.3
Bluetooth: HCI UART protocol H4 registered
Bluetooth: HCI UART protocol BCSP registered
Bluetooth: HCI UART protocol ATH3K registered
usbcore: registered new interface driver btusb
sdhci: Secure Digital Host Controller Interface driver
sdhci: Copyright(c) Pierre Ossman
sdhci-pltfm: SDHCI platform and OF driver helper
sdhci-esdhc-imx 2190000.usdhc: could not get ultra high speed state, work on normal mode
sdhci-esdhc-imx 2190000.usdhc: Got CD GPIO
mmc1: SDHCI controller on 2190000.usdhc [2190000.usdhc] using ADMA
sdhci-esdhc-imx 2198000.usdhc: could not get ultra high speed state, work on normal mode
usb 1-1: New USB device found, idVendor=0424, idProduct=2514
usb 1-1: New USB device strings: Mfr=0, Product=0, SerialNumber=0
hub 1-1:1.0: USB hub found
hub 1-1:1.0: 4 ports detected
mmc0: SDHCI controller on 2198000.usdhc [2198000.usdhc] using ADMA
mxc_vpu 2040000.vpu_fsl: VPU initialized
mxc_vdoa 21e4000.vdoa: i.MX Video Data Order Adapter(VDOA) driver probed
mxc_hdmi_cec soc:hdmi_cec@00120000: HDMI CEC initialized
Galcore version 6.2.2.96445
mmc0: new DDR MMC card at address 0001
mmcblk0: mmc0:0001 Q2J54A 3.59 GiB 
mmcblk0boot0: mmc0:0001 Q2J54A partition 1 16.0 MiB
mmcblk0boot1: mmc0:0001 Q2J54A partition 2 16.0 MiB
random: fast init done
Alternate GPT is invalid, using primary GPT.
 mmcblk0: p1 p2 p3 p4 p5 p6 p7 p8 p9 p10 p11
caam 2100000.caam: ERA source: CAAMVID.
caam 2100000.caam: AXI pipeline throttling enabled.
caam 2100000.caam: Instantiated RNG4 SH1
caam 2100000.caam: device ID = 0x0a16010000000000 (Era 4)
caam 2100000.caam: job rings = 2, qi = 0
caam algorithms registered in /proc/crypto
caam_jr 2101000.jr0: registering rng-caam
platform caam_sm: blkkey_ex: 4 keystore units available
platform caam_sm: 64-bit clear key:
platform caam_sm: [0000] 00 01 02 03 04 0f 06 07
platform caam_sm: 64-bit black key:
platform caam_sm: [0000] 94 26 ae 3d c1 e1 99 3d
platform caam_sm: [0008] 90 0d 2f ea f1 8a 21 55
platform caam_sm: 128-bit clear key:
platform caam_sm: [0000] 00 01 02 03 04 0f 06 07
platform caam_sm: [0008] 08 09 0a 0b 0c 0d 0e 0f
platform caam_sm: 128-bit black key:
platform caam_sm: [0000] 0e a4 79 b4 4c 4e 45 9e
platform caam_sm: [0008] 01 f9 86 09 ac 7b ba 4b
platform caam_sm: 192-bit clear key:
platform caam_sm: [0000] 00 01 02 03 04 0f 06 07
platform caam_sm: [0008] 08 09 0a 0b 0c 0d 0e 0f
platform caam_sm: [0016] 10 11 12 13 14 15 16 17
platform caam_sm: 192-bit black key:
platform caam_sm: [0000] c7 ac f6 34 67 3b 05 f7
platform caam_sm: [0008] 01 e0 c3 fb 69 38 44 61
platform caam_sm: [0016] 14 2f e5 02 71 c9 b3 92
platform caam_sm: [0024] 8b ce fb 47 48 9c b4 69
platform caam_sm: 256-bit clear key:
platform caam_sm: [0000] 00 01 02 03 04 0f 06 07
platform caam_sm: [0008] 08 09 0a 0b 0c 0d 0e 0f
platform caam_sm: [0016] 10 11 12 13 14 15 16 17
platform caam_sm: [0024] 18 19 1a 1b 1c 1d 1e 1f
platform caam_sm: 256-bit black key:
platform caam_sm: [0000] 50 15 24 37 87 fe 90 33
platform caam_sm: [0008] b3 79 db fe 56 22 9a 76
platform caam_sm: [0016] 00 f3 6e bd c0 65 56 d0
platform caam_sm: [0024] c5 4c 1a 8d d0 13 b6 60
platform caam_sm: 64-bit unwritten blob:
platform caam_sm: [0000] 00 00 00 00 00 00 00 00
platform caam_sm: [0008] 00 00 00 00 00 00 00 00
platform caam_sm: [0016] 00 00 00 00 00 00 00 00
platform caam_sm: [0024] 00 00 00 00 00 00 00 00
platform caam_sm: [0032] 00 00 00 00 00 00 00 00
platform caam_sm: [0040] 00 00 00 00 00 00 00 00
platform caam_sm: [0048] 00 00 00 00 00 00 00 00
platform caam_sm: [0056] 00 00 00 00 00 00 00 00
platform caam_sm: [0064] 00 00 00 00 00 00 00 00
platform caam_sm: [0072] 00 00 00 00 00 00 00 00
platform caam_sm: [0080] 00 00 00 00 00 00 00 00
platform caam_sm: [0088] 00 00 00 00 00 00 00 00
platform caam_sm: 128-bit unwritten blob:
platform caam_sm: [0000] 00 00 00 00 00 00 00 00
platform caam_sm: [0008] 00 00 00 00 00 00 00 00
platform caam_sm: [0016] 00 00 00 00 00 00 00 00
platform caam_sm: [0024] 00 00 00 00 00 00 00 00
platform caam_sm: [0032] 00 00 00 00 00 00 00 00
platform caam_sm: [0040] 00 00 00 00 00 00 00 00
platform caam_sm: [0048] 00 00 00 00 00 00 00 00
platform caam_sm: [0056] 00 00 00 00 00 00 00 00
platform caam_sm: [0064] 00 00 00 00 00 00 00 00
platform caam_sm: [0072] 00 00 00 00 00 00 00 00
platform caam_sm: [0080] 00 00 00 00 00 00 00 00
platform caam_sm: [0088] 00 00 00 00 00 00 00 00
platform caam_sm: 196-bit unwritten blob:
platform caam_sm: [0000] 00 00 00 00 00 00 00 00
platform caam_sm: [0008] 00 00 00 00 00 00 00 00
platform caam_sm: [0016] 00 00 00 00 00 00 00 00
platform caam_sm: [0024] 00 00 00 00 00 00 00 00
platform caam_sm: [0032] 00 00 00 00 00 00 00 00
platform caam_sm: [0040] 00 00 00 00 00 00 00 00
platform caam_sm: [0048] 00 00 00 00 00 00 00 00
platform caam_sm: [0056] 00 00 00 00 00 00 00 00
platform caam_sm: [0064] 00 00 00 00 00 00 00 00
platform caam_sm: [0072] 00 00 00 00 00 00 00 00
platform caam_sm: [0080] 00 00 00 00 00 00 00 00
platform caam_sm: [0088] 00 00 00 00 00 00 00 00
platform caam_sm: 256-bit unwritten blob:
platform caam_sm: [0000] 00 00 00 00 00 00 00 00
platform caam_sm: [0008] 00 00 00 00 00 00 00 00
platform caam_sm: [0016] 00 00 00 00 00 00 00 00
platform caam_sm: [0024] 00 00 00 00 00 00 00 00
platform caam_sm: [0032] 00 00 00 00 00 00 00 00
platform caam_sm: [0040] 00 00 00 00 00 00 00 00
platform caam_sm: [0048] 00 00 00 00 00 00 00 00
platform caam_sm: [0056] 00 00 00 00 00 00 00 00
platform caam_sm: [0064] 00 00 00 00 00 00 00 00
platform caam_sm: [0072] 00 00 00 00 00 00 00 00
platform caam_sm: [0080] 00 00 00 00 00 00 00 00
platform caam_sm: [0088] 00 00 00 00 00 00 00 00
platform caam_sm: 64-bit black key in blob:
platform caam_sm: [0000] f1 af 63 53 33 4f 23 48
platform caam_sm: [0008] f0 32 7d 81 4d 60 29 bf
platform caam_sm: [0016] ef dc 4b c7 49 96 7b c9
platform caam_sm: [0024] 74 e9 b5 76 b1 64 d1 09
platform caam_sm: [0032] 54 40 fc 6c 9f e0 6c c2
platform caam_sm: [0040] a5 5d 82 4a b7 16 91 59
platform caam_sm: [0048] 3b a9 0a 00 a8 09 4c f3
platform caam_sm: [0056] 00 00 00 00 00 00 00 00
platform caam_sm: [0064] 00 00 00 00 00 00 00 00
platform caam_sm: [0072] 00 00 00 00 00 00 00 00
platform caam_sm: [0080] 00 00 00 00 00 00 00 00
platform caam_sm: [0088] 00 00 00 00 00 00 00 00
platform caam_sm: 128-bit black key in blob:
platform caam_sm: [0000] 8c b9 58 06 f2 4f e6 45
platform caam_sm: [0008] c8 1c 44 f8 e2 61 91 fc
platform caam_sm: [0016] 24 49 5f e2 48 b3 40 51
platform caam_sm: [0024] 0e 69 91 44 1f 79 67 8a
platform caam_sm: [0032] f0 5c 43 b8 bc 8e 5a ba
platform caam_sm: [0040] d0 6b 7c e1 48 be 54 4f
platform caam_sm: [0048] 24 c7 6c 0d 46 3e 1c 8c
platform caam_sm: [0056] 65 78 52 d9 02 20 7b 74
platform caam_sm: [0064] 00 00 00 00 00 00 00 00
platform caam_sm: [0072] 00 00 00 00 00 00 00 00
platform caam_sm: [0080] 00 00 00 00 00 00 00 00
platform caam_sm: [0088] 00 00 00 00 00 00 00 00
platform caam_sm: 192-bit black key in blob:
platform caam_sm: [0000] f7 ca 21 de 40 6b e2 31
platform caam_sm: [0008] 2f a3 27 56 67 73 9f 73
platform caam_sm: [0016] f4 ac 45 3f bf 15 8a 15
platform caam_sm: [0024] 71 65 52 4b 24 d8 3e be
platform caam_sm: [0032] ea b2 3c ef 7a 48 74 56
platform caam_sm: [0040] 79 19 cc 2a aa 0d 6b 28
platform caam_sm: [0048] 54 a0 33 64 75 13 45 ff
platform caam_sm: [0056] 70 1c 89 5c 1b ff ef 88
platform caam_sm: [0064] 96 65 44 9d 40 77 2c 2e
platform caam_sm: [0072] 00 00 00 00 00 00 00 00
platform caam_sm: [0080] 00 00 00 00 00 00 00 00
platform caam_sm: [0088] 00 00 00 00 00 00 00 00
platform caam_sm: 256-bit black key in blob:
platform caam_sm: [0000] c8 da 8e e5 26 5c a5 4a
platform caam_sm: [0008] 93 40 3b 81 83 c3 3a dc
platform caam_sm: [0016] a9 9f d0 d9 de c4 3b 1f
platform caam_sm: [0024] 9d 56 f5 42 a7 81 a8 52
platform caam_sm: [0032] 44 15 c4 51 ff 19 27 9f
platform caam_sm: [0040] c0 4c 04 c1 21 1e a5 79
platform caam_sm: [0048] e3 82 f8 d0 cb 5b 11 54
platform caam_sm: [0056] ce d5 20 f1 31 ec 77 67
platform caam_sm: [0064] 3a 18 df 55 73 dd 8e 8a
platform caam_sm: [0072] 78 c9 70 36 1c 6c 4d ce
platform caam_sm: [0080] 00 00 00 00 00 00 00 00
platform caam_sm: [0088] 00 00 00 00 00 00 00 00
platform caam_sm: restored 64-bit black key:
platform caam_sm: [0000] 6e c6 20 45 c6 ed 92 c7
platform caam_sm: [0008] 7c 14 50 b9 d2 ce 68 d0
platform caam_sm: restored 128-bit black key:
platform caam_sm: [0000] 0e a4 79 b4 4c 4e 45 9e
platform caam_sm: [0008] 01 f9 86 09 ac 7b ba 4b
platform caam_sm: restored 192-bit black key:
platform caam_sm: [0000] c7 ac f6 34 67 3b 05 f7
platform caam_sm: [0008] 01 e0 c3 fb 69 38 44 61
platform caam_sm: [0016] af c7 b1 ed 37 be ba 31
platform caam_sm: [0024] 50 7f f7 3d 35 20 11 78
platform caam_sm: restored 256-bit black key:
platform caam_sm: [0000] 50 15 24 37 87 fe 90 33
platform caam_sm: [0008] b3 79 db fe 56 22 9a 76
platform caam_sm: [0016] 00 f3 6e bd c0 65 56 d0
platform caam_sm: [0024] c5 4c 1a 8d d0 13 b6 60
snvs-secvio 20cc000.caam-snvs: can't get snvs clock
snvs-secvio 20cc000.caam-snvs: violation handlers armed - non-secure state
hidraw: raw HID events driver (C) Jiri Kosina
usbcore: registered new interface driver usbhid
usbhid: USB HID core driver
ashmem: initialized
usbcore: registered new interface driver snd-usb-audio
sgtl5000 2-000a: sgtl5000 revision 0x11
fsl-ssi-dai 2028000.ssi: No cache defaults, reading back from HW
imx-sgtl5000 sound: sgtl5000 <-> 2028000.ssi mapping ok
imx-spdif sound-spdif: snd-soc-dummy-dai <-> 2004000.spdif mapping ok
imx-audio-hdmi sound-hdmi: hdmi-hifi.0 <-> soc:hdmi_audio@00120000 mapping ok
NET: Registered protocol family 26
u32 classifier
    Actions configured
Netfilter messages via NETLINK v0.30.
nf_conntrack version 0.5.0 (16384 buckets, 65536 max)
ctnetlink v0.93: registering with nfnetlink.
xt_time: kernel timezone is -0000
ip_tables: (C) 2000-2006 Netfilter Core Team
arp_tables: arp_tables: (C) 2002 David S. Miller
Initializing XFRM netlink socket
NET: Registered protocol family 10
mip6: Mobile IPv6
ip6_tables: (C) 2000-2006 Netfilter Core Team
sit: IPv6, IPv4 and MPLS over IPv4 tunneling driver
NET: Registered protocol family 17
NET: Registered protocol family 15
bridge: filtering via arp/ip/ip6tables is no longer available by default. Update your scripts to load br_netfilter if you need this.
can: controller area network core (rev 20120528 abi 9)
NET: Registered protocol family 29
can: raw protocol (rev 20120528)
can: broadcast manager protocol (rev 20161123 t)
can: netlink gateway (rev 20130117) max_hops=1
Bluetooth: RFCOMM TTY layer initialized
Bluetooth: RFCOMM socket layer initialized
Bluetooth: RFCOMM ver 1.11
Bluetooth: BNEP (Ethernet Emulation) ver 1.3
Bluetooth: BNEP filters: protocol multicast
Bluetooth: BNEP socket layer initialized
Bluetooth: HIDP (Human Interface Emulation) ver 1.2
Bluetooth: HIDP socket layer initialized
8021q: 802.1Q VLAN Support v1.8
Key type dns_resolver registered
cpu cpu0: Registered imx6q-cpufreq
registered taskstats version 1
imx_thermal 2000000.aips-bus:tempmon: Industrial CPU temperature grade - max:105C critical:100C passive:95C
dhd_module_init in
input: gpio-keys as /devices/soc0/gpio-keys/input/input1
snvs_rtc 20cc000.snvs:snvs-rtc-lp: setting system clock to 1970-01-01 00:00:02 UTC (2)
usb_otg_vbus: disabling
ALSA device list:
  #0: imx6q-apalis-sgtl5000
  #1: imx-spdif
  #2: imx-hdmi-soc
Freeing unused kernel memory: 1024K
init: init first stage started!
SELinux:  Permission validate_trans in class security not defined in policy.
SELinux:  Class cap_userns not defined in policy.
SELinux:  Class cap2_userns not defined in policy.
SELinux: the above unknown classes and permissions will be denied
audit: type=1403 audit(6.281:2): policy loaded auid=4294967295 ses=4294967295
init: (Initializing SELinux non-enforcing took 0.11s.)
init: init second stage started!
init: Running restorecon...
init: waitpid failed: No child processes
init: (Loading properties from /default.prop took 0.00s.)
init: (Parsing /init.environ.rc took 0.00s.)
init: (Parsing /init.usb.rc took 0.00s.)
init: (Parsing init.freescale.usb.rc took 0.00s.)
init: (Parsing init.freescale.i.MX6Q.rc took 0.00s.)
init: (Parsing init.freescale.emmc.rc took 0.00s.)
init: (Parsing /init.freescale.rc took 0.02s.)
ueventd: ueventd started!
ueventd: Coldboot took 0.43s.
Console: switching to colour dummy device 80x30
watchdogd: started (interval 10, margin 20)!
EXT4-fs (mmcblk0p3): mounted filesystem with ordered data mode. Opts: barrier=1
EXT4-fs (mmcblk0p10): Ignoring removed nomblk_io_submit option
EXT4-fs (mmcblk0p10): mounted filesystem with ordered data mode. Opts: nomblk_io_submit,noauto_da_alloc,errors=panic
EXT4-fs (mmcblk0p4): Ignoring removed nomblk_io_submit option
EXT4-fs (mmcblk0p4): mounted filesystem with ordered data mode. Opts: nomblk_io_submit
EXT4-fs (mmcblk0p5): mounted filesystem with ordered data mode. Opts: (null)
file system registered
using random self ethernet address
using random host ethernet address
zram0: detected capacity change from 0 to 314572800
logd.auditd: start
logd.klogd: 8664827000
Adding 307196k swap on /dev/block/zram0.  Priority:-1 extents:1 across:307196k SS
binder: 256:256 transaction failed 29189, size 0-0
logd.daemon: reinit
type=1400 audit(9.181:3): avc: denied { entrypoint } for pid=263 comm="init" path="/system/bin/can-config.sh" dev="mmcblk0p3" ino=254 scontext=u:r:obd:s0 tcontext=u:object_r:system_file:s0 tclass=file permissive=1
type=1400 audit(9.181:4): avc: denied { getattr } for pid=264 comm="obd" path="/vendor" dev="rootfs" ino=6500 scontext=u:r:obd:s0 tcontext=u:object_r:rootfs:s0 tclass=lnk_file permissive=1
toradex_apalis6q:/ # type=1400 audit(9.211:5): avc: denied { read execute } for pid=263 comm="can-config.sh" path="/system/bin/sh" dev="mmcblk0p3" ino=441 scontext=u:r:obd:s0 tcontext=u:object_r:shell_exec:s0 tclass=file permissive=1
type=1400 audit(9.211:6): avc: denied { getattr } for pid=263 comm="can-config.sh" path="/system/bin/sh" dev="mmcblk0p3" ino=441 scontext=u:r:obd:s0 tcontext=u:object_r:shell_exec:s0 tclass=file permissive=1
type=1400 audit(9.231:7): avc: denied { create } for pid=264 comm="obd" scontext=u:r:obd:s0 tcontext=u:r:obd:s0 tclass=socket permissive=1
type=1400 audit(9.231:8): avc: denied { ioctl } for pid=264 comm="obd" path="socket:[6981]" dev="sockfs" ino=6981 ioctlcmd=0x8933 scontext=u:r:obd:s0 tcontext=u:r:obd:s0 tclass=socket permissive=1
type=1400 audit(9.231:9): avc: denied { bind } for pid=264 comm="obd" scontext=u:r:obd:s0 tcontext=u:r:obd:s0 tclass=socket permissive=1
IPv6: ADDRCONF(NETDEV_CHANGE): can0: link becomes ready
healthd: No battery devices found
ERROR: v4l2 capture: slave not found! V4L2_CID_HUE
ERROR: v4l2 capture: slave not found! V4L2_CID_HUE
imx-hdmi-audio imx-hdmi-audio: HDMI Video is not ready!
imx-hdmi-audio imx-hdmi-audio: ASoC: can't open platform imx-hdmi-audio: -22
imx-hdmi-audio imx-hdmi-audio: HDMI Video is not ready!
imx-hdmi-audio imx-hdmi-audio: ASoC: can't open platform imx-hdmi-audio: -22
Aravinth:fb_match_mode 
Aravinth:fb_var_to_videomode 
Aravinth:fb_mode_is_equal 
Aravinth:fb_mode_is_equal 
Aravinth: mxc_hdmi_phy_init 
Aravinth:fb_var_to_videomode 
Aravinth:fb_add_videomode 
Aravinth:fb_mode_is_equal 
Aravinth:fb_mode_is_equal 
Aravinth:fb_mode_is_equal 
Aravinth: mxc_hdmi_setup 
Aravinth:fb_var_to_videomode 
Aravinth:fb_find_nearest_mode 
Aravinth:fb_var_to_videomode 
Aravinth: mxc_hdmi_phy_init 
Aravinth:fb_var_to_videomode 
Aravinth:fb_find_nearest_mode 
Aravinth:fb_match_mode 
Aravinth:fb_var_to_videomode 
Aravinth:fb_mode_is_equal 
Aravinth:fb_mode_is_equal 
Aravinth: mxc_hdmi_phy_init 
Aravinth:fb_var_to_videomode 
Aravinth:fb_add_videomode 
Aravinth:fb_mode_is_equal 
Aravinth:fb_mode_is_equal 
Aravinth:fb_mode_is_equal 
init: Starting service 'bootanim'...
capability: warning: `main' uses 32-bit capabilities (legacy support in use)
type=1400 audit(19.581:35): avc: denied { write } for pid=264 comm="obd" path="socket:[6981]" dev="sockfs" ino=6981 scontext=u:r:obd:s0 tcontext=u:r:obd:s0 tclass=socket permissive=1
init: write_file: Unable to open '/sys/devices/system/cpu/cpufreq/interactive/timer_rate': No such file or directory
init: write_file: Unable to open '/sys/devices/system/cpu/cpufreq/interactive/min_sample_time': No such file or directory
init: write_file: Unable to open '/sys/devices/system/cpu/cpufreq/interactive/go_hispeed_load': No such file or directory

toradex_apalis6q:/ # 
toradex_apalis6q:/ # 
toradex_apalis6q:/ # random: crng init done
init: write_file: Unable to open '/proc/sys/vm/extra_free_kbytes': No such file or directory
acc_open
acc_release
Micrel KSZ9031 Gigabit PHY 2188000.ethernet-1:07: attached PHY driver [Micrel KSZ9031 Gigabit PHY] (mii_bus:phy_addr=2188000.ethernet-1:07, irq=120)
IPv6: ADDRCONF(NETDEV_UP): eth0: link is not ready
type=1400 audit(35.531:36): avc: denied { write } for pid=264 comm="obd" path="socket:[6981]" dev="sockfs" ino=6981 scontext=u:r:obd:s0 tcontext=u:r:obd:s0 tclass=socket permissive=1
type=1400 audit(42.661:37): avc: denied { write } for pid=264 comm="obd" path="socket:[6981]" dev="sockfs" ino=6981 scontext=u:r:obd:s0 tcontext=u:r:obd:s0 tclass=socket permissive=1
init: Service 'bootanim' (pid 350) exited with status 0
init: Starting service 'exec 3 (/system/bin/bootstat)'...
init: Service 'exec 3 (/system/bin/bootstat)' (pid 1020) exited with status 0
init: Starting service 'exec 4 (/system/bin/bootstat)'...
init: Service 'exec 4 (/system/bin/bootstat)' (pid 1029) exited with status 0
init: Starting service 'exec 5 (/system/bin/bootstat)'...
init: Service 'exec 5 (/system/bin/bootstat)' (pid 1030) exited with status 0
init: Starting service 'exec 6 (/system/bin/bootstat)'...
init: Service 'exec 6 (/system/bin/bootstat)' (pid 1031) exited with status 0

toradex_apalis6q:/ # 
toradex_apalis6q:/ # 
toradex_apalis6q:/ # 
toradex_apalis6q:/ # type=1400 audit(45.971:38): avc: denied { write } for pid=264 comm="obd" path="socket:[6981]" dev="sockfs" ino=6981 scontext=u:r:obd:s0 tcontext=u:r:obd:s0 tclass=socket permissive=1
type=1400 audit(52.881:39): avc: denied { write } for pid=1319 comm="Thread-2" name="vcan" dev="tmpfs" ino=6983 scontext=u:r:untrusted_app:s0:c512,c768 tcontext=u:object_r:socket_device:s0 tclass=sock_file permissive=1
type=1400 audit(52.881:40): avc: denied { connectto } for pid=1319 comm="Thread-2" path="/dev/socket/vcan" scontext=u:r:untrusted_app:s0:c512,c768 tcontext=u:r:obd:s0 tclass=unix_stream_socket permissive=1

toradex_apalis6q:/ # find /sys/ -name edid -exec cat {} \;
type=1400 audit(70.341:41): avc: denied { getattr } for pid=1378 comm="find" path="/sys/kernel/wakeup_reasons/last_suspend_time" dev="sysfs" ino=19200 scontext=u:r:shell:s0 tcontext=u:object_r:sysfs:s0 tclass=file permissive=1
type=1400 audit(70.341:42): avc: denied { getattr } for pid=1378 comm="find" path="/sys/kernel/uevent_helper" dev="sysfs" ino=2474 scontext=u:r:shell:s0 tcontext=u:object_r:usermodehelper:s0 tclass=file permissive=1
type=1400 audit(70.341:43): avc: denied { getattr } for pid=1378 comm="find" path="/sys/kernel/slab/anon_vma_chain" dev="sysfs" ino=10850 scontext=u:r:shell:s0 tcontext=u:object_r:sysfs:s0 tclass=lnk_file permissive=1
type=1400 audit(70.511:44): avc: denied { read } for pid=1378 comm="find" name="/" dev="debugfs" ino=1 scontext=u:r:shell:s0 tcontext=u:object_r:debugfs:s0 tclass=dir permissive=1
type=1400 audit(70.511:45): avc: denied { open } for pid=1378 comm="find" path="/sys/kernel/debug" dev="debugfs" ino=1 scontext=u:r:shell:s0 tcontext=u:object_r:debugfs:s0 tclass=dir permissive=1
type=1400 audit(70.511:46): avc: denied { getattr } for pid=1378 comm="find" path="/sys/kernel/debug/pm_genpd/pm_genpd_summary" dev="debugfs" ino=10642 scontext=u:r:shell:s0 tcontext=u:object_r:debugfs:s0 tclass=file permissive=1
type=1400 audit(70.761:47): avc: denied { read } for pid=1378 comm="find" name="hw_random" dev="sysfs" ino=12900 scontext=u:r:shell:s0 tcontext=u:object_r:sysfs_hwrandom:s0 tclass=dir permissive=1
type=1400 audit(70.761:48): avc: denied { open } for pid=1378 comm="find" path="/sys/devices/virtual/misc/hw_random" dev="sysfs" ino=12900 scontext=u:r:shell:s0 tcontext=u:object_r:sysfs_hwrandom:s0 tclass=dir permissive=1
type=1400 audit(70.771:49): avc: denied { search } for pid=1378 comm="find" name="hw_random" dev="sysfs" ino=12900 scontext=u:r:shell:s0 tcontext=u:object_r:sysfs_hwrandom:s0 tclass=dir permissive=1
type=1400 audit(70.771:50): avc: denied { getattr } for pid=1378 comm="find" path="/sys/devices/virtual/misc/hw_random/rng_current" dev="sysfs" ino=12904 scontext=u:r:shell:s0 tcontext=u:object_r:sysfs_hwrandom:s0 tclass=file permissive=1
0x00 0x00 0x00 0x00 0x00 0x00 0x00 0x00 0x00 0x00 0x00 0x00 0x00 0x00 0x00 0x00 
0x00 0x00 0x00 0x00 0x00 0x00 0x00 0x00 0x00 0x00 0x00 0x00 0x00 0x00 0x00 0x00 
0x00 0x00 0x00 0x00 0x00 0x00 0x00 0x00 0x00 0x00 0x00 0x00 0x00 0x00 0x00 0x00 
0x00 0x00 0audit: audit_lost=1 audit_rate_limit=20 audit_backlog_limit=64
x00 0x00 0x00 0x00 0x00 0x00 0x00audit: rate limit exceeded
 0x00 0x00 0x00 0x00 0x00 0x00 0x00 
0x00 0x00 0x00 0x00 0x00 0x00 0x00 0x00 0x00 0x00 0x00 0x00 0x00 0x00 0x00 0x00 
0x00 0x00 0x00 0x00 0x00 0x00 0x00 0x00 0x00 0x00 0x00 0x00 0x00 0x00 0x00 0x00 
0x00 0x00 0x00 0x00 0x00 0x00 0x00 0x00 0x00 0x00 0x00 0x00 0x00 0x00 0x00 0x00 
0x00 0x00 0x00 0x00 0x00 0x00 0x00 0x00 0x00 0x00 0x00 0x00 0x00 0x00 0x00 0x00 
0x00 0x00 0x00 0x00 0x00 0x00 0x00 0x00 0x00 0x00 0x00 0x00 0x00 0x00 0x00 0x00 
0x00 0x00 0x00 0x00 0x00 0x00 0x00 0x00 0x00 0x00 0x00 0x00 0x00 0x00 0x00 0x00 
0x00 0x00 0x00 0x00 0x00 0x00 0x00 0x00 0x00 0x00 0x00 0x00 0x00 0x00 0x00 0x00 
0x00 0x00 0x00 0x00 0x00 0x00 0x00 0x00 0x00 0x00 0x00 0x00 0x00 0x00 0x00 0x00 
0x00 0x00 0x00 0x00 0x00 0x00 0x00 0x00 0x00 0x00 0x00 0x00 0x00 0x00 0x00 0x00 
0x00 0x00 0x00 0x00 0x00 0x00 0x00 0x00 0x00 0x00 0x00 0x00 0x00 0x00 0x00 0x00 
0x00 0x00 0x00 0x00 0x00 0x00 0x00 0x00 0x00 0x00 0x00 0x00 0x00 0x00 0x00 0x00 
0x00 0x00 0x00 0x00 0x00 0x00 0x00 0x00 0x00 0x00 0x00 0x00 0x00 0x00 0x00 0x00 
0x00 0x00 0x00 0x00 0x00 0x00 0x00 0x00 0x00 0x00 0x00 0x00 0x00 0x00 0x00 0x00 
0x00 0x00 0x00 0x00 0x00 0x00 0x00 0x00 0x00 0x00 0x00 0x00 0x00 0x00 0x00 0x00 
0x00 0x00 0x00 0x00 0x00 0x00 0x00 0x00 0x00 0x00 0x00 0x00 0x00 0x00 0x00 0x00 
0x00 0x00 0x00 0x00 0x00 0x00 0x00 0x00 0x00 0x00 0x00 0x00 0x00 0x00 0x00 0x00 
0x00 0x00 0x00 0x00 0x00 0x00 0x00 0x00 0x00 0x00 0x00 0x00 0x00 0x00 0x00 0x00 
0x00 0x00 0x00 0x00 0x00 0x00 0x00 0x00 0x00 0x00 0x00 0x00 0x00 0x00 0x00 0x00 
0x00 0x00 0x00 0x00 0x00 0x00 0x00 0x00 0x00 0x00 0x00 0x00 0x00 0x00 0x00 0x00 
0x00 0x00 0x00 0x00 0x00 0x00 0x00 0x00 0x00 0x00 0x00 0x00 0x00 0x00 0x00 0x00 
0x00 0x00 0x00 0x00 0x00 0x00 0x00 0x00 0x00 0x00 0x00 0x00 0x00 0x00 0x00 0x00 
0x00 0x00 0x00 0x00 0x00 0x00 0x00 0x00 0x00 0x00 0x00 0x00 0x00 0x00 0x00 0x00 
0x00 0x00 0x00 0x00 0x00 0x00 0x00 0x00 0x00 0x00 0x00 0x00 0x00 0x00 0x00 0x00 
0x00 0x00 0x00 0x00 0x00 0x00 0x00 0x00 0x00 0x00 0x00 0x00 0x00 0x00 0x00 0x00 
0x00 0x00 0x00 0x00 0x00 0x00 0x00 0x00 0x00 0x00 0x00 0x00 0x00 0x00 0x00 0x00 
0x00 0x00 0x00 0x00 0x00 0x00 0x00 0x00 0x00 0x00 0x00 0x00 0x00 0x00 0x00 0x00 
0x00 0x00 0x00 0x00 0x00 0x00 0x00 0x00 0x00 0x00 0x00 0x00 0x00 0x00 0x00 0x00 
0x00 0x00 0x00 0x00 0x00 0x00 0x00 0x00 0x00 0x00 0x00 0x00 0x00 0x00 0x00 0x00 
toradex_apalis6q:/ # 
toradex_apalis6q:/ # 
toradex_apalis6q:/ # 
toradex_apalis6q:/ # 
toradex_apalis6q:/ # 
toradex_apalis6q:/ # 
toradex_apalis6q:/ # 
toradex_apalis6q:/ # toradex_apalis6q:/ # find /sys/ -name edid -exec cat {} \;                     
0x00 0x00 0x00 0x00 0x00 0x00 0x00 0x00 0x00 0x00 0x00 0x00 0x00 0x00 0x00 0x00 
0x00 0x00 0x00 0x00 0x00 0x00 0x00 0x00 0x00 0x00 0x00 0x00 0x00 0x00 0x00 0x00 
0x00 0x00 0x00 0x00 0x00 0x00 0x00 0x00 0x00 0x00 0x00 0x00 0x00 0x00 0x00 0x00 
0x00 0x00 0x00 0x00 0x00 0x00 0x00 0x00 0x00 0x00 0x00 0x00 0x00 0x00 0x00 0x00 
0x00 0x00 0x00 0x00 0x00 0x00 0x00 0x00 0x00 0x00 0x00 0x00 0x00 0x00 0x00 0x00 
0x00 0x00 0x00 0x00 0x00 0x00 0x00 0x00 0x00 0x00 0x00 0x00 0x00 0x00 0x00 0x00 
0x00 0x00 0x00 0x00 0x00 0x00 0x00 0x00 0x00 0x00 0x00 0x00 0x00 0x00 0x00 0x00 
0x00 0x00 0x00 0x00 0x00 0x00 0x00 0x00 0x00 0x00 0x00 0x00 0x00 0x00 0x00 0x00 
0x00 0x00 0x00 0x00 0x00 0x00 0x00 0x00 0x00 0x00 0x00 0x00 0x00 0x00 0x00 0x00 
0x00 0x00 0x00 0x00 0x00 0x00 0x00 0x00 0x00 0x00 0x00 0x00 0x00 0x00 0x00 0x00 
0x00 0x00 0x00 0x00 0x00 0x00 0x00 0x00 0x00 0x00 0x00 0x00 0x00 0x00 0x00 0x00 
0x00 0x00 0x00 0x00 0x00 0x00 0x00 0x00 0x00 0x00 0x00 0x00 0x00 0x00 0x00 0x00 
0x00 0x00 0x00 0x00 0x00 0x00 0x00 0x00 0x00 0x00 0x00 0x00 0x00 0x00 0x00 0x00 
0x00 0x00 0x00 0x00 0x00 0x00 0x00 0x00 0x00 0x00 0x00 0x00 0x00 0x00 0x00 0x00 
0x00 0x00 0x00 0x00 0x00 0x00 0x00 0x00 0x00 0x00 0x00 0x00 0x00 0x00 0x00 0x00 
0x00 0x00 0x00 0x00 0x00 0x00 0x00 0x00 0x00 0x00 0x00 0x00 0x00 0x00 0x00 0x00 
0x00 0x00 0x00 0x00 0x00 0x00 0x00 0x00 0x00 0x00 0x00 0x00 0x00 0x00 0x00 0x00 
0x00 0x00 0x00 0x00 0x00 0x00 0x00 0x00 0x00 0x00 0x00 0x00 0x00 0x00 0x00 0x00 
0x00 0x00 0x00 0x00 0x00 0x00 0x00 0x00 0x00 0x00 0x00 0x00 0x00 0x00 0x00 0x00 
0x00 0x00 0x00 0x00 0x00 0x00 0x00 0x00 0x00 0x00 0x00 0x00 0x00 0x00 0x00 0x00 
0x00 0x00 0x00 0x00 0x00 0x00 0x00 0x00 0x00 0x00 0x00 0x00 0x00 0x00 0x00 0x00 
0x00 0x00 0x00 0x00 0x00 0x00 0x00 0x00 0x00 0x00 0x00 0x00 0x00 0x00 0x00 0x00 
0x00 0x00 0x00 0x00 0x00 0x00 0x00 0x00 0x00 0x00 0x00 0x00 0x00 0x00 0x00 0x00 
0x00 0x00 0x00 0x00 0x00 0x00 0x00 0x00 0x00 0x00 0x00 0x00 0x00 0x00 0x00 0x00 
0x00 0x00 0x00 0x00 0x00 0x00 0x00 0x00 0x00 0x00 0x00 0x00 0x00 0x00 0x00 0x00 
0x00 0x00 0x00 0x00 0x00 0x00 0x00 0x00 0x00 0x00 0x00 0x00 0x00 0x00 0x00 0x00 
0x00 0x00 0x00 0x00 0x00 0x00 0x00 0x00 0x00 0x00 0x00 0x00 0x00 0x00 0x00 0x00 
0x00 0x00 0x00 0x00 0x00 0x00 0x00 0x00 0x00 0x00 0x00 0x00 0x00 0x00 0x00 0x00 
0x00 0x00 0x00 0x00 0x00 0x00 0x00 0x00 0x00 0x00 0x00 0x00 0x00 0x00 0x00 0x00 
0x00 0x00 0x00 0x00 0x00 0x00 0x00 0x00 0x00 0x00 0x00 0x00 0x00 0x00 0x00 0x00 
0x00 0x00 0x00 0x00 0x00 0x00 0x00 0x00 0x00 0x00 0x00 0x00 0x00 0x00 0x00 0x00 
0x00 0x00 0x00 0x00 0x00 0x00 0x00 0x00 0x00 0x00 0x00 0x00 0x00 0x00 0x00 0x00 
toradex_apalis6q:/ # dmesg | grep fb
Kernel command line: console=ttymxc0,115200 init=/init video=mxcfb0:dev=ldb,fbpix=RGB32,bpp=32 video=mxcfb1:dev=hdmi,640x480M@60,if=RGB24,bpp=16 video=mxcfb2:off video=mxcfb3:off vmalloc=256M androidboot.console=ttymxc0 consoleblank=0 androidboot.hardware=freescale cma=448M androidboot.selinux=permissive androidboot.dm_verity=disabled buildvariant=user androidboot.serialno=1b2429d4ea997115 androidboot.storage_type=emmc
Aravinth:fb_add_videomode 
Aravinth: fb_videomode_to_var 
Aravinth: fb_videomode_to_var var->xres=800 yres=600 xres_virtual=800 >yres_virtual=608 pixclock=18181 
Aravinth: fb_videomode_to_var Done
Aravinth:fb_add_videomode 
Aravinth:fb_mode_is_equal 
Aravinth: fb_videomode_to_var 
Aravinth: fb_videomode_to_var var->xres=1024 yres=768 xres_virtual=1024 >yres_virtual=768 pixclock=15384 
Aravinth: fb_videomode_to_var Done
Aravinth:fb_add_videomode 
Aravinth:fb_mode_is_equal 
Aravinth:fb_mode_is_equal 
Aravinth: fb_videomode_to_var 
Aravinth: fb_videomode_to_var var->xres=1280 yres=800 xres_virtual=1280 >yres_virtual=800 pixclock=14507 
Aravinth: fb_videomode_to_var Done
Aravinth:fb_add_videomode 
Aravinth:fb_mode_is_equal 
Aravinth:fb_mode_is_equal 
Aravinth:fb_mode_is_equal 
Aravinth: fb_videomode_to_var 
Aravinth: fb_videomode_to_var var->xres=1920 yres=1080 xres_virtual=1920 >yres_virtual=1088 pixclock=7220 
Aravinth: fb_videomode_to_var Done
Aravinth:fb_find_mode 
modedb fb_find_mode: Trying default video mode
Aravinth:fb_try_mode 
modedb fb_try_mode: Trying mode noname 1024x768-32@60
Aravinth:fb_var_to_videomode 
mxc_sdc_fb fb@0: registered mxc display driver ldb
Aravinth:fb_var_to_videomode 
Aravinth:fb_add_videomode 
Aravinth:fb_mode_is_equal 
Aravinth:fb_mode_is_equal 
Aravinth:fb_mode_is_equal 
Aravinth:fb_match_mode 
Aravinth:fb_var_to_videomode 
Aravinth:fb_mode_is_equal 
Aravinth:fb_mode_is_equal 
Aravinth:fb_mode_is_equal 
Aravinth:fb_var_to_videomode 
Aravinth:fb_add_videomode 
Aravinth:fb_mode_is_equal 
Aravinth:fb_mode_is_equal 
Aravinth:fb_mode_is_equal 
Aravinth:fb_var_to_videomode 
Aravinth:fb_add_videomode 
Aravinth:fb_mode_is_equal 
Aravinth:fb_mode_is_equal 
Aravinth:fb_mode_is_equal 
Aravinth:fb_match_mode 
Aravinth:fb_var_to_videomode 
Aravinth:fb_mode_is_equal 
Aravinth:fb_mode_is_equal 
Aravinth:fb_mode_is_equal 
Aravinth:fb_match_mode 
Aravinth:fb_var_to_videomode 
Aravinth:fb_mode_is_equal 
Aravinth:fb_mode_is_equal 
Aravinth:fb_mode_is_equal 
Aravinth: fb_videomode_to_var 
Aravinth: fb_videomode_to_var var->xres=1024 yres=768 xres_virtual=1024 >yres_virtual=768 pixclock=15384 
Aravinth: fb_videomode_to_var Done
Aravinth: fb_videomode_to_var 
Aravinth: fb_videomode_to_var var->xres=1024 yres=768 xres_virtual=1024 >yres_virtual=768 pixclock=15384 
Aravinth: fb_videomode_to_var Done
Aravinth:fb_var_to_videomode 
Aravinth:fb_add_videomode 
Aravinth:fb_var_to_videomode 
Aravinth:fb_add_videomode 
Aravinth:fb_mode_is_equal 
Aravinth:fb_var_to_videomode 
Aravinth:fb_add_videomode 
Aravinth:fb_mode_is_equal 
Aravinth:fb_find_mode 
modedb fb_find_mode: CVT mode 640x480@60Hz
fbcvt: 640x480@60: CVT Name - .307M3
Aravinth:fb_try_mode 
modedb fb_try_mode: Trying mode noname 640x480-16@60
modedb fb_find_mode: modedb CVT: CVT mode ok
Aravinth:fb_destroy_modelist 
Aravinth:fb_add_videomode 
Aravinth:fb_add_videomode 
Aravinth:fb_mode_is_equal 
Aravinth:fb_add_videomode 
Aravinth:fb_mode_is_equal 
Aravinth:fb_mode_is_equal 
Aravinth:fb_add_videomode 
Aravinth:fb_mode_is_equal 
Aravinth:fb_mode_is_equal 
Aravinth:fb_mode_is_equal 
Aravinth:fb_add_videomode 
Aravinth:fb_mode_is_equal 
Aravinth:fb_mode_is_equal 
Aravinth:fb_mode_is_equal 
Aravinth:fb_mode_is_equal 
Aravinth:fb_add_videomode 
Aravinth:fb_mode_is_equal 
Aravinth:fb_mode_is_equal 
Aravinth:fb_mode_is_equal 
Aravinth:fb_mode_is_equal 
Aravinth:fb_mode_is_equal 
Aravinth:fb_add_videomode 
Aravinth:fb_mode_is_equal 
Aravinth:fb_mode_is_equal 
Aravinth:fb_mode_is_equal 
Aravinth:fb_mode_is_equal 
Aravinth:fb_mode_is_equal 
Aravinth:fb_mode_is_equal 
Aravinth:fb_add_videomode 
Aravinth:fb_mode_is_equal 
Aravinth:fb_mode_is_equal 
Aravinth:fb_mode_is_equal 
Aravinth:fb_mode_is_equal 
Aravinth:fb_mode_is_equal 
Aravinth:fb_mode_is_equal 
Aravinth:fb_mode_is_equal 
Aravinth:fb_add_videomode 
Aravinth:fb_mode_is_equal 
Aravinth:fb_mode_is_equal 
Aravinth:fb_mode_is_equal 
Aravinth:fb_mode_is_equal 
Aravinth:fb_mode_is_equal 
Aravinth:fb_mode_is_equal 
Aravinth:fb_mode_is_equal 
Aravinth:fb_mode_is_equal 
Aravinth:fb_add_videomode 
Aravinth:fb_mode_is_equal 
Aravinth:fb_mode_is_equal 
Aravinth:fb_mode_is_equal 
Aravinth:fb_mode_is_equal 
Aravinth:fb_mode_is_equal 
Aravinth:fb_mode_is_equal 
Aravinth:fb_mode_is_equal 
Aravinth:fb_mode_is_equal 
Aravinth:fb_mode_is_equal 
Aravinth:fb_add_videomode 
Aravinth:fb_mode_is_equal 
Aravinth:fb_mode_is_equal 
Aravinth:fb_mode_is_equal 
Aravinth:fb_mode_is_equal 
Aravinth:fb_mode_is_equal 
Aravinth:fb_mode_is_equal 
Aravinth:fb_mode_is_equal 
Aravinth:fb_mode_is_equal 
Aravinth:fb_mode_is_equal 
Aravinth:fb_mode_is_equal 
Aravinth:fb_add_videomode 
Aravinth:fb_mode_is_equal 
Aravinth:fb_mode_is_equal 
Aravinth:fb_mode_is_equal 
Aravinth:fb_mode_is_equal 
Aravinth:fb_mode_is_equal 
Aravinth:fb_mode_is_equal 
Aravinth:fb_mode_is_equal 
Aravinth:fb_mode_is_equal 
Aravinth:fb_mode_is_equal 
Aravinth:fb_mode_is_equal 
Aravinth:fb_mode_is_equal 
Aravinth:fb_add_videomode 
Aravinth:fb_mode_is_equal 
Aravinth:fb_mode_is_equal 
Aravinth:fb_mode_is_equal 
Aravinth:fb_mode_is_equal 
Aravinth:fb_mode_is_equal 
Aravinth:fb_mode_is_equal 
Aravinth:fb_mode_is_equal 
Aravinth:fb_mode_is_equal 
Aravinth:fb_mode_is_equal 
Aravinth:fb_mode_is_equal 
Aravinth:fb_mode_is_equal 
Aravinth:fb_mode_is_equal 
Aravinth:fb_add_videomode 
Aravinth:fb_mode_is_equal 
Aravinth:fb_mode_is_equal 
Aravinth:fb_mode_is_equal 
Aravinth:fb_mode_is_equal 
Aravinth:fb_mode_is_equal 
Aravinth:fb_mode_is_equal 
Aravinth:fb_mode_is_equal 
Aravinth:fb_mode_is_equal 
Aravinth:fb_mode_is_equal 
Aravinth:fb_mode_is_equal 
Aravinth:fb_mode_is_equal 
Aravinth:fb_mode_is_equal 
Aravinth:fb_mode_is_equal 
Aravinth:fb_add_videomode 
Aravinth:fb_mode_is_equal 
Aravinth:fb_mode_is_equal 
Aravinth:fb_mode_is_equal 
Aravinth:fb_mode_is_equal 
Aravinth:fb_mode_is_equal 
Aravinth:fb_mode_is_equal 
Aravinth:fb_mode_is_equal 
Aravinth:fb_mode_is_equal 
Aravinth:fb_mode_is_equal 
Aravinth:fb_mode_is_equal 
Aravinth:fb_mode_is_equal 
Aravinth:fb_mode_is_equal 
Aravinth:fb_mode_is_equal 
Aravinth:fb_mode_is_equal 
Aravinth:fb_add_videomode 
Aravinth:fb_mode_is_equal 
Aravinth:fb_mode_is_equal 
Aravinth:fb_mode_is_equal 
Aravinth:fb_mode_is_equal 
Aravinth:fb_mode_is_equal 
Aravinth:fb_mode_is_equal 
Aravinth:fb_mode_is_equal 
Aravinth:fb_mode_is_equal 
Aravinth:fb_mode_is_equal 
Aravinth:fb_mode_is_equal 
Aravinth:fb_mode_is_equal 
Aravinth:fb_mode_is_equal 
Aravinth:fb_mode_is_equal 
Aravinth:fb_mode_is_equal 
Aravinth:fb_mode_is_equal 
Aravinth:fb_add_videomode 
Aravinth:fb_mode_is_equal 
Aravinth:fb_mode_is_equal 
Aravinth:fb_mode_is_equal 
Aravinth:fb_mode_is_equal 
Aravinth:fb_mode_is_equal 
Aravinth:fb_mode_is_equal 
Aravinth:fb_mode_is_equal 
Aravinth:fb_mode_is_equal 
Aravinth:fb_mode_is_equal 
Aravinth:fb_mode_is_equal 
Aravinth:fb_mode_is_equal 
Aravinth:fb_mode_is_equal 
Aravinth:fb_mode_is_equal 
Aravinth:fb_mode_is_equal 
Aravinth:fb_mode_is_equal 
Aravinth:fb_mode_is_equal 
Aravinth:fb_add_videomode 
Aravinth:fb_mode_is_equal 
Aravinth:fb_mode_is_equal 
Aravinth:fb_mode_is_equal 
Aravinth:fb_mode_is_equal 
Aravinth:fb_mode_is_equal 
Aravinth:fb_mode_is_equal 
Aravinth:fb_mode_is_equal 
Aravinth:fb_mode_is_equal 
Aravinth:fb_mode_is_equal 
Aravinth:fb_mode_is_equal 
Aravinth:fb_mode_is_equal 
Aravinth:fb_mode_is_equal 
Aravinth:fb_mode_is_equal 
Aravinth:fb_mode_is_equal 
Aravinth:fb_mode_is_equal 
Aravinth:fb_mode_is_equal 
Aravinth:fb_mode_is_equal 
Aravinth:fb_add_videomode 
Aravinth:fb_mode_is_equal 
Aravinth:fb_mode_is_equal 
Aravinth:fb_mode_is_equal 
Aravinth:fb_mode_is_equal 
Aravinth:fb_mode_is_equal 
Aravinth:fb_mode_is_equal 
Aravinth:fb_mode_is_equal 
Aravinth:fb_mode_is_equal 
Aravinth:fb_mode_is_equal 
Aravinth:fb_mode_is_equal 
Aravinth:fb_mode_is_equal 
Aravinth:fb_mode_is_equal 
Aravinth:fb_mode_is_equal 
Aravinth:fb_mode_is_equal 
Aravinth:fb_mode_is_equal 
Aravinth:fb_mode_is_equal 
Aravinth:fb_mode_is_equal 
Aravinth:fb_mode_is_equal 
Aravinth:fb_add_videomode 
Aravinth:fb_mode_is_equal 
Aravinth:fb_mode_is_equal 
Aravinth:fb_mode_is_equal 
Aravinth:fb_mode_is_equal 
Aravinth:fb_mode_is_equal 
Aravinth:fb_mode_is_equal 
Aravinth:fb_mode_is_equal 
Aravinth:fb_mode_is_equal 
Aravinth:fb_mode_is_equal 
Aravinth:fb_mode_is_equal 
Aravinth:fb_mode_is_equal 
Aravinth:fb_mode_is_equal 
Aravinth:fb_mode_is_equal 
Aravinth:fb_mode_is_equal 
Aravinth:fb_mode_is_equal 
Aravinth:fb_mode_is_equal 
Aravinth:fb_mode_is_equal 
Aravinth:fb_mode_is_equal 
Aravinth:fb_mode_is_equal 
Aravinth:fb_add_videomode 
Aravinth:fb_mode_is_equal 
Aravinth:fb_mode_is_equal 
Aravinth:fb_mode_is_equal 
Aravinth:fb_mode_is_equal 
Aravinth:fb_mode_is_equal 
Aravinth:fb_mode_is_equal 
Aravinth:fb_mode_is_equal 
Aravinth:fb_mode_is_equal 
Aravinth:fb_mode_is_equal 
Aravinth:fb_mode_is_equal 
Aravinth:fb_mode_is_equal 
Aravinth:fb_mode_is_equal 
Aravinth:fb_mode_is_equal 
Aravinth:fb_mode_is_equal 
Aravinth:fb_mode_is_equal 
Aravinth:fb_mode_is_equal 
Aravinth:fb_mode_is_equal 
Aravinth:fb_mode_is_equal 
Aravinth:fb_mode_is_equal 
Aravinth:fb_mode_is_equal 
Aravinth:fb_add_videomode 
Aravinth:fb_mode_is_equal 
Aravinth:fb_mode_is_equal 
Aravinth:fb_mode_is_equal 
Aravinth:fb_mode_is_equal 
Aravinth:fb_mode_is_equal 
Aravinth:fb_mode_is_equal 
Aravinth:fb_mode_is_equal 
Aravinth:fb_mode_is_equal 
Aravinth:fb_mode_is_equal 
Aravinth:fb_mode_is_equal 
Aravinth:fb_mode_is_equal 
Aravinth:fb_mode_is_equal 
Aravinth:fb_mode_is_equal 
Aravinth:fb_mode_is_equal 
Aravinth:fb_mode_is_equal 
Aravinth:fb_mode_is_equal 
Aravinth:fb_mode_is_equal 
Aravinth:fb_mode_is_equal 
Aravinth:fb_mode_is_equal 
Aravinth:fb_mode_is_equal 
Aravinth:fb_mode_is_equal 
Aravinth:fb_var_to_videomode 
Aravinth:fb_find_nearest_mode 
Aravinth: fb_videomode_to_var 
Aravinth: fb_videomode_to_var var->xres=640 yres=480 xres_virtual=640 >yres_virtual=480 pixclock=39722 
Aravinth: fb_videomode_to_var Done
mxc_sdc_fb fb@1: registered mxc display driver hdmi
Aravinth:fb_var_to_videomode 
Aravinth:fb_add_videomode 
Aravinth:fb_mode_is_equal 
Aravinth:fb_mode_is_equal 
Aravinth:fb_mode_is_equal 
Aravinth:fb_mode_is_equal 
Aravinth:fb_mode_is_equal 
Aravinth:fb_mode_is_equal 
Aravinth:fb_mode_is_equal 
Aravinth:fb_mode_is_equal 
Aravinth:fb_mode_is_equal 
Aravinth:fb_mode_is_equal 
Aravinth:fb_mode_is_equal 
Aravinth:fb_mode_is_equal 
Aravinth:fb_mode_is_equal 
Aravinth:fb_mode_is_equal 
Aravinth:fb_mode_is_equal 
Aravinth:fb_mode_is_equal 
Aravinth:fb_mode_is_equal 
Aravinth:fb_mode_is_equal 
Aravinth:fb_mode_is_equal 
Aravinth:fb_mode_is_equal 
Aravinth:fb_mode_is_equal 
Aravinth:fb_mode_is_equal 
Aravinth:fb_var_to_videomode 
Aravinth:fb_add_videomode 
Aravinth:fb_mode_is_equal 
Aravinth:fb_mode_is_equal 
Aravinth:fb_mode_is_equal 
Aravinth:fb_mode_is_equal 
Aravinth:fb_mode_is_equal 
Aravinth:fb_mode_is_equal 
Aravinth:fb_mode_is_equal 
Aravinth:fb_mode_is_equal 
Aravinth:fb_mode_is_equal 
Aravinth:fb_mode_is_equal 
Aravinth:fb_mode_is_equal 
Aravinth:fb_mode_is_equal 
Aravinth:fb_mode_is_equal 
Aravinth:fb_mode_is_equal 
Aravinth:fb_mode_is_equal 
Aravinth:fb_mode_is_equal 
Aravinth:fb_mode_is_equal 
Aravinth:fb_mode_is_equal 
Aravinth:fb_mode_is_equal 
Aravinth:fb_mode_is_equal 
Aravinth:fb_mode_is_equal 
Aravinth:fb_mode_is_equal 
Aravinth:fb_var_to_videomode 
Aravinth:fb_add_videomode 
Aravinth:fb_mode_is_equal 
Aravinth:fb_mode_is_equal 
Aravinth:fb_mode_is_equal 
Aravinth:fb_mode_is_equal 
Aravinth:fb_mode_is_equal 
Aravinth:fb_mode_is_equal 
Aravinth:fb_mode_is_equal 
Aravinth:fb_mode_is_equal 
Aravinth:fb_mode_is_equal 
Aravinth:fb_mode_is_equal 
Aravinth:fb_mode_is_equal 
Aravinth:fb_mode_is_equal 
Aravinth:fb_mode_is_equal 
Aravinth:fb_mode_is_equal 
Aravinth:fb_mode_is_equal 
Aravinth:fb_mode_is_equal 
Aravinth:fb_mode_is_equal 
Aravinth:fb_mode_is_equal 
Aravinth:fb_mode_is_equal 
Aravinth:fb_mode_is_equal 
Aravinth:fb_mode_is_equal 
Aravinth:fb_mode_is_equal 
Aravinth:fb_var_to_videomode 
Aravinth:fb_add_videomode 
Aravinth:fb_var_to_videomode 
Aravinth:fb_add_videomode 
Aravinth:fb_mode_is_equal 
Aravinth:fb_var_to_videomode 
Aravinth:fb_add_videomode 
Aravinth:fb_mode_is_equal 
mxc_sdc_fb fb@2: Can't get fb option for mxcfb2!
mxc_sdc_fb fb@3: Can't get fb option for mxcfb3!
Aravinth:fb_destroy_modelist 
Aravinth:fb_add_videomode 
Aravinth: fb_videomode_to_var 
Aravinth: fb_videomode_to_var var->xres=640 yres=480 xres_virtual=640 >yres_virtual=480 pixclock=39722 
Aravinth: fb_videomode_to_var Done
Aravinth:fb_var_to_videomode 
Aravinth:fb_mode_is_equal 
Aravinth: fb_videomode_to_var 
Aravinth: fb_videomode_to_var var->xres=640 yres=480 xres_virtual=640 >yres_virtual=480 pixclock=39722 
Aravinth: fb_videomode_to_var Done
Aravinth:fb_var_to_videomode 
Aravinth:fb_find_nearest_mode 
Aravinth:fb_mode_is_equal 
Aravinth: fb_videomode_to_var 
Aravinth: fb_videomode_to_var var->xres=640 yres=480 xres_virtual=640 >yres_virtual=480 pixclock=39721 
Aravinth: fb_videomode_to_var Done
Aravinth:fb_var_to_videomode 
Aravinth:fb_add_videomode 
Aravinth:fb_mode_is_equal 
Aravinth:fb_mode_is_equal 
Aravinth:fb_var_to_videomode 
Aravinth:fb_var_to_videomode 
Aravinth:fb_var_to_videomode 
Aravinth:fb_find_nearest_mode 
Aravinth: fb_videomode_to_var 
Aravinth: fb_videomode_to_var var->xres=640 yres=480 xres_virtual=640 >yres_virtual=480 pixclock=39722 
Aravinth: fb_videomode_to_var Done
Aravinth:fb_var_to_videomode 
Aravinth:fb_add_videomode 
Aravinth:fb_mode_is_equal 
Aravinth:fb_mode_is_equal 
Aravinth:fb_mode_is_equal 
Aravinth:fb_var_to_videomode 
Aravinth:fb_find_nearest_mode 
Aravinth:fb_var_to_videomode 
Aravinth:fb_var_to_videomode 
Aravinth:fb_find_nearest_mode 
platform caam_sm: [0008] 01 e0 c3 fb 69 38 44 61
platform caam_sm: [0024] 8b ce fb 47 48 9c b4 69
platform caam_sm: [0008] 01 e0 c3 fb 69 38 44 61
Aravinth:fb_match_mode 
Aravinth:fb_var_to_videomode 
Aravinth:fb_mode_is_equal 
Aravinth:fb_mode_is_equal 
Aravinth:fb_var_to_videomode 
Aravinth:fb_add_videomode 
Aravinth:fb_mode_is_equal 
Aravinth:fb_mode_is_equal 
Aravinth:fb_mode_is_equal 
Aravinth:fb_var_to_videomode 
Aravinth:fb_find_nearest_mode 
Aravinth:fb_var_to_videomode 
Aravinth:fb_var_to_videomode 
Aravinth:fb_find_nearest_mode 
Aravinth:fb_match_mode 
Aravinth:fb_var_to_videomode 
Aravinth:fb_mode_is_equal 
Aravinth:fb_mode_is_equal 
Aravinth:fb_var_to_videomode 
Aravinth:fb_add_videomode 
Aravinth:fb_mode_is_equal 
Aravinth:fb_mode_is_equal 
Aravinth:fb_mode_is_equal 
toradex_apalis6q:/ # 
toradex_apalis6q:/ # 
toradex_apalis6q:/ # 
toradex_apalis6q:/ # 
toradex_apalis6q:/ # 
toradex_apalis6q:/ # 
toradex_apalis6q:/ # 
toradex_apalis6q:/ # 
toradex_apalis6q:/ # cd /sys
sys/     system/
toradex_apalis6q:/ # cd /sys                                                   
toradex_apalis6q:/sys # ls
block bus class dev devices firmware fs fsl_otp kernel module power 
toradex_apalis6q:/sys # find . -name edid
./devices/soc0/soc/20e0000.hdmi_video/edid
toradex_apalis6q:/sys # cd devitoradex_apalis6q:/sys # cd devices/                                            so
soc0/      software/
toradex_apalis6q:/sys # cd devices/so                                          
soc0/      software/
toradex_apalis6q:/sys # cd devices/so                                          ctoradex_apalis6q:/sys # cd devices/soc0/                                       so
soc/            soc_id          sound-hdmi/     sound-spdif/    sound/
toradex_apalis6q:/sys # cd devices/soc0/so                                     c
soc/    soc_id
toradex_apalis6q:/sys # cd devices/soc0/soc                                    /2
2000000.aips-bus/         2200000.sata/             2800000.ipu/
20e0000.hdmi_video/       2204000.gpu/
2100000.aips-bus/         2400000.ipu/
toradex_apalis6q:/sys # cd devices/soc0/soc/2                                  0
2000000.aips-bus/         20e0000.hdmi_video/
toradex_apalis6q:/sys # cd devices/soc0/soc/20                                 ed devices/soc0/soc/20e0000.hdmi_video/                                        <
toradex_apalis6q:/sys/devices/soc0/soc/20e0000.hdmi_video # ls
cable_state driver_override extcon  hdcp_enable of_node rgb_out_enable uevent 
driver      edid            fb_name modalias    power   subsystem      
toradex_apalis6q:/sys/devices/soc0/soc/20e0000.hdmi_video # cat caat cable_state                                                                < 
plugin
toradex_apalis6q:/sys/devices/soc0/soc/20e0000.hdmi_video # 
toradex_apalis6q:/sys/devices/soc0/soc/20e0000.hdmi_video # 
toradex_apalis6q:/sys/devices/soc0/soc/20e0000.hdmi_video # 
toradex_apalis6q:/sys/devices/soc0/soc/20e0000.hdmi_video # cat edat edid                                                                       < 
0x00 0x00 0x00 0x00 0x00 0x00 0x00 0x00 0x00 0x00 0x00 0x00 0x00 0x00 0x00 0x00 
0x00 0x00 0x00 0x00 0x00 0x00 0x00 0x00 0x00 0x00 0x00 0x00 0x00 0x00 0x00 0x00 
0x00 0x00 0x00 0x00 0x00 0x00 0x00 0x00 0x00 0x00 0x00 0x00 0x00 0x00 0x00 0x00 
0x00 0x00 0x00 0x00 0x00 0x00 0x00 0x00 0x00 0x00 0x00 0x00 0x00 0x00 0x00 0x00 
0x00 0x00 0x00 0x00 0x00 0x00 0x00 0x00 0x00 0x00 0x00 0x00 0x00 0x00 0x00 0x00 
0x00 0x00 0x00 0x00 0x00 0x00 0x00 0x00 0x00 0x00 0x00 0x00 0x00 0x00 0x00 0x00 
0x00 0x00 0x00 0x00 0x00 0x00 0x00 0x00 0x00 0x00 0x00 0x00 0x00 0x00 0x00 0x00 
0x00 0x00 0x00 0x00 0x00 0x00 0x00 0x00 0x00 0x00 0x00 0x00 0x00 0x00 0x00 0x00 
0x00 0x00 0x00 0x00 0x00 0x00 0x00 0x00 0x00 0x00 0x00 0x00 0x00 0x00 0x00 0x00 
0x00 0x00 0x00 0x00 0x00 0x00 0x00 0x00 0x00 0x00 0x00 0x00 0x00 0x00 0x00 0x00 
0x00 0x00 0x00 0x00 0x00 0x00 0x00 0x00 0x00 0x00 0x00 0x00 0x00 0x00 0x00 0x00 
0x00 0x00 0x00 0x00 0x00 0x00 0x00 0x00 0x00 0x00 0x00 0x00 0x00 0x00 0x00 0x00 
0x00 0x00 0x00 0x00 0x00 0x00 0x00 0x00 0x00 0x00 0x00 0x00 0x00 0x00 0x00 0x00 
0x00 0x00 0x00 0x00 0x00 0x00 0x00 0x00 0x00 0x00 0x00 0x00 0x00 0x00 0x00 0x00 
0x00 0x00 0x00 0x00 0x00 0x00 0x00 0x00 0x00 0x00 0x00 0x00 0x00 0x00 0x00 0x00 
0x00 0x00 0x00 0x00 0x00 0x00 0x00 0x00 0x00 0x00 0x00 0x00 0x00 0x00 0x00 0x00 
0x00 0x00 0x00 0x00 0x00 0x00 0x00 0x00 0x00 0x00 0x00 0x00 0x00 0x00 0x00 0x00 
0x00 0x00 0x00 0x00 0x00 0x00 0x00 0x00 0x00 0x00 0x00 0x00 0x00 0x00 0x00 0x00 
0x00 0x00 0x00 0x00 0x00 0x00 0x00 0x00 0x00 0x00 0x00 0x00 0x00 0x00 0x00 0x00 
0x00 0x00 0x00 0x00 0x00 0x00 0x00 0x00 0x00 0x00 0x00 0x00 0x00 0x00 0x00 0x00 
0x00 0x00 0x00 0x00 0x00 0x00 0x00 0x00 0x00 0x00 0x00 0x00 0x00 0x00 0x00 0x00 
0x00 0x00 0x00 0x00 0x00 0x00 0x00 0x00 0x00 0x00 0x00 0x00 0x00 0x00 0x00 0x00 
0x00 0x00 0x00 0x00 0x00 0x00 0x00 0x00 0x00 0x00 0x00 0x00 0x00 0x00 0x00 0x00 
0x00 0x00 0x00 0x00 0x00 0x00 0x00 0x00 0x00 0x00 0x00 0x00 0x00 0x00 0x00 0x00 
0x00 0x00 0x00 0x00 0x00 0x00 0x00 0x00 0x00 0x00 0x00 0x00 0x00 0x00 0x00 0x00 
0x00 0x00 0x00 0x00 0x00 0x00 0x00 0x00 0x00 0x00 0x00 0x00 0x00 0x00 0x00 0x00 
0x00 0x00 0x00 0x00 0x00 0x00 0x00 0x00 0x00 0x00 0x00 0x00 0x00 0x00 0x00 0x00 
0x00 0x00 0x00 0x00 0x00 0x00 0x00 0x00 0x00 0x00 0x00 0x00 0x00 0x00 0x00 0x00 
0x00 0x00 0x00 0x00 0x00 0x00 0x00 0x00 0x00 0x00 0x00 0x00 0x00 0x00 0x00 0x00 
0x00 0x00 0x00 0x00 0x00 0x00 0x00 0x00 0x00 0x00 0x00 0x00 0x00 0x00 0x00 0x00 
0x00 0x00 0x00 0x00 0x00 0x00 0x00 0x00 0x00 0x00 0x00 0x00 0x00 0x00 0x00 0x00 
0x00 0x00 0x00 0x00 0x00 0x00 0x00 0x00 0x00 0x00 0x00 0x00 0x00 0x00 0x00 0x00 
toradex_apalis6q:/sys/devices/soc0/soc/20e0000.hdmi_video # cat ofat of_node/                                                                   <
/system/bin/sh: cat: of_node/: Is a directory
1|toradex_apalis6q:/sys/devices/soc0/soc/20e0000.hdmi_video # 1|toradex_apalis6q:/sys/devices/soc0/soc/20e0000.hdmi_video # cat of_node/     
clock-names               fsl,phy_reg_vlev          reg-names
clocks                    interrupts                status
compatible                name
fsl,phy_reg_cksymtx       reg
at of_node/                                                                   <
clock-names               fsl,phy_reg_vlev          reg-names
clocks                    interrupts                status
compatible                name
fsl,phy_reg_cksymtx       reg
at of_node/                                                                   <cl
clock-names  clocks
at of_node/clock                                                              <-at of_node/clock-names                                                        < 
hdmi_isfrhdmi_iahbmipi_coretoradex_apalis6q:/sys/devices/soc0/soc/20e0000.hdmi_video # 
toradex_apalis6q:/sys/devices/soc0/soc/20e0000.hdmi_video # 
toradex_apalis6q:/sys/devices/soc0/soc/20e0000.hdmi_video # xr  cd /sys
sys/     system/
d /sys                                                                        </cld /sys/class/                                                                 <grd /sys/class/graphics/                                                        <fb
fb0/    fb1/    fb2/    fb3/    fbcon/
d /sys/class/graphics/fb                                                      <0d /sys/class/graphics/fb0/                                                    <
toradex_apalis6q:/sys/class/graphics/fb0 # ls
bits_per_pixel cursor fsl_disp_dev_property modes power  stride    virtual_size 
blank          dev    fsl_disp_property     name  rotate subsystem vsync        
console        device mode                  pan   state  uevent    
toradex_apalis6q:/sys/class/graphics/fb0 # cat mo
mode   modes
toradex_apalis6q:/sys/class/graphics/fb0 # cat mode                            storadex_apalis6q:/sys/class/graphics/fb0 # cat modes                            
U:1920x1080p-59
U:1280x800p-58
U:1024x768p-60
U:800x600p-86
toradex_apalis6q:/sys/class/graphics/fb0 # cd ../fb1toradex_apalis6q:/sys/class/graphics/fb0 # cd ../fb1/                          
toradex_apalis6q:/sys/class/graphics/fb1 # cat mo
mode   modes
toradex_apalis6q:/sys/class/graphics/fb1 # cat mode                            storadex_apalis6q:/sys/class/graphics/fb1 # cat modes                            
U:240x320p-60
toradex_apalis6q:/sys/class/graphics/fb1 # cd -
/sys/class/graphics/fb0
toradex_apalis6q:/sys/class/graphics/fb0 # ls
bits_per_pixel cursor fsl_disp_dev_property modes power  stride    virtual_size 
blank          dev    fsl_disp_property     name  rotate subsystem vsync        
console        device mode                  pan   state  uevent    
toradex_apalis6q:/sys/class/graphics/fb0 # cat natoradex_apalis6q:/sys/class/graphics/fb0 # cat name                             
DISP4 BG
toradex_apalis6q:/sys/class/graphics/fb0 # cat fs
fsl_disp_dev_property     fsl_disp_property
at fsl_disp_                                                                  <dat fsl_disp_dev_property                                                      < 
ldb
toradex_apalis6q:/sys/class/graphics/fb0 # toradex_apalis6q:/sys/class/graphics/fb0 # cat fsl_disp_dev_property                        prat fsl_disp_property                                                          < 
2-layer-fb-bg
toradex_apalis6q:/sys/class/graphics/fb0 # dmesg
Booting Linux on physical CPU 0x0
Linux version 4.9.67-07229-gdc6c16ec0433-dirty (embadmin@ubuntu) (gcc version 4.9 20150123 (prerelease) (GCC) ) #67 SMP PREEMPT Thu Feb 15 15:25:35 IST 2018
CPU: ARMv7 Processor [412fc09a] revision 10 (ARMv7), cr=10c53c7d
CPU: PIPT / VIPT nonaliasing data cache, VIPT aliasing instruction cache
OF: fdt:Machine model: Aravinth : Toradex Apalis iMX6Q/D Module on Ixora V1.1 Carrier Board
cma: Reserved 448 MiB at 0x22000000
Memory policy: Data cache writealloc
On node 0 totalpages: 524288
free_area_init_node: node 0, pgdat c1516240, node_mem_map ee717000
  Normal zone: 1520 pages used for memmap
  Normal zone: 0 pages reserved
  Normal zone: 194560 pages, LIFO batch:31
  HighMem zone: 329728 pages, LIFO batch:31
percpu: Embedded 15 pages/cpu @ee6b3000 s31040 r8192 d22208 u61440
pcpu-alloc: s31040 r8192 d22208 u61440 alloc=15*4096
pcpu-alloc: [0] 0 [0] 1 [0] 2 [0] 3 
Built 1 zonelists in Zone order, mobility grouping on.  Total pages: 522768
Kernel command line: console=ttymxc0,115200 init=/init video=mxcfb0:dev=ldb,fbpix=RGB32,bpp=32 video=mxcfb1:dev=hdmi,640x480M@60,if=RGB24,bpp=16 video=mxcfb2:off video=mxcfb3:off vmalloc=256M androidboot.console=ttymxc0 consoleblank=0 androidboot.hardware=freescale cma=448M androidboot.selinux=permissive androidboot.dm_verity=disabled buildvariant=user androidboot.serialno=1b2429d4ea997115 androidboot.storage_type=emmc
PID hash table entries: 4096 (order: 2, 16384 bytes)
Dentry cache hash table entries: 131072 (order: 7, 524288 bytes)
Inode-cache hash table entries: 65536 (order: 6, 262144 bytes)
Memory: 1597024K/2097152K available (13312K kernel code, 1154K rwdata, 4044K rodata, 1024K init, 604K bss, 41376K reserved, 458752K cma-reserved, 1318912K highmem)
Virtual kernel memory layout:
    vector  : 0xffff0000 - 0xffff1000   (   4 kB)
    fixmap  : 0xffc00000 - 0xfff00000   (3072 kB)
    vmalloc : 0xf0000000 - 0xff800000   ( 248 MB)
    lowmem  : 0xc0000000 - 0xef800000   ( 760 MB)
    pkmap   : 0xbfe00000 - 0xc0000000   (   2 MB)
    modules : 0xbf000000 - 0xbfe00000   (  14 MB)
      .text : 0xc0008000 - 0xc0e00000   (14304 kB)
      .init : 0xc1300000 - 0xc1400000   (1024 kB)
      .data : 0xc1400000 - 0xc1520b98   (1155 kB)
       .bss : 0xc1520b98 - 0xc15b7c28   ( 605 kB)
SLUB: HWalign=64, Order=0-3, MinObjects=0, CPUs=4, Nodes=1
Preemptible hierarchical RCU implementation.
	Build-time adjustment of leaf fanout to 32.
NR_IRQS:16 nr_irqs:16 16
L2C-310 errata 752271 769419 enabled
L2C-310 enabling early BRESP for Cortex-A9
L2C-310 full line of zeros enabled for Cortex-A9
L2C-310 ID prefetch enabled, offset 16 lines
L2C-310 dynamic clock gating enabled, standby mode enabled
L2C-310 cache controller enabled, 16 ways, 1024 kB
L2C-310: CACHE_ID 0x410000c7, AUX_CTRL 0x76470001
Switching to timer-based delay loop, resolution 333ns
sched_clock: 32 bits at 3000kHz, resolution 333ns, wraps every 715827882841ns
clocksource: mxc_timer1: mask: 0xffffffff max_cycles: 0xffffffff, max_idle_ns: 637086815595 ns
Console: colour dummy device 80x30
Calibrating delay loop (skipped), value calculated using timer frequency.. 6.00 BogoMIPS (lpj=30000)
pid_max: default: 32768 minimum: 301
Security Framework initialized
SELinux:  Initializing.
SELinux:  Starting in permissive mode
Mount-cache hash table entries: 2048 (order: 1, 8192 bytes)
Mountpoint-cache hash table entries: 2048 (order: 1, 8192 bytes)
CPU: Testing write buffer coherency: ok
CPU0: update cpu_capacity 1024
CPU0: thread -1, cpu 0, socket 0, mpidr 80000000
Setting up static identity map for 0x10100000 - 0x10100058
CPU1: update cpu_capacity 1024
CPU1: thread -1, cpu 1, socket 0, mpidr 80000001
CPU2: update cpu_capacity 1024
CPU2: thread -1, cpu 2, socket 0, mpidr 80000002
CPU3: update cpu_capacity 1024
CPU3: thread -1, cpu 3, socket 0, mpidr 80000003
Brought up 4 CPUs
SMP: Total of 4 processors activated (24.00 BogoMIPS).
CPU: All CPU(s) started in SVC mode.
CPU3: update max cpu_capacity 1024
devtmpfs: initialized
CPU2: update max cpu_capacity 1024
VFP support v0.3: implementor 41 architecture 3 part 30 variant 9 rev 4
clocksource: jiffies: mask: 0xffffffff max_cycles: 0xffffffff, max_idle_ns: 19112604462750000 ns
futex hash table entries: 1024 (order: 4, 65536 bytes)
pinctrl core: initialized pinctrl subsystem
NET: Registered protocol family 16
DMA: preallocated 256 KiB pool for atomic coherent allocations
cpuidle: using governor menu
CPU identified as i.MX6Q, silicon rev 1.5
hw-breakpoint: found 5 (+1 reserved) breakpoint and 1 watchpoint registers.
hw-breakpoint: maximum watchpoint size is 4 bytes.
imx6q-pinctrl 20e0000.iomuxc: initialized IMX pinctrl driver
imx-gpc 20dc000.gpc: no fsl,ldo-bypass found!
imx-gpc 20dc000.gpc: Registered imx-gpc
mxs-dma 110000.dma-apbh: initialized
usb_host_vbus: supplied by usb_host_vbus_hub
SCSI subsystem initialized
libata version 3.00 loaded.
usbcore: registered new interface driver usbfs
usbcore: registered new interface driver hub
usbcore: registered new device driver usb
2000000.aips-bus:usbphy_nop1 supply vcc not found, using dummy regulator
2000000.aips-bus:usbphy_nop2 supply vcc not found, using dummy regulator
i2c i2c-1: IMX I2C adapter registered
i2c i2c-1: can't use DMA, using PIO instead.
stmpe-i2c 2-0041: stmpe811 detected, chip id: 0x811
i2c i2c-2: IMX I2C adapter registered
i2c i2c-2: can't use DMA, using PIO instead.
i2c i2c-3: IMX I2C adapter registered
i2c i2c-3: can't use DMA, using PIO instead.
Aravinth: i2c_adap_sw_edid_init 
Linux video capture interface: v2.00
pps_core: LinuxPPS API ver. 1 registered
pps_core: Software ver. 5.3.6 - Copyright 2005-2007 Rodolfo Giometti <giometti@linux.it>
PTP clock support registered
imx-ipuv3 2400000.ipu: IPU DMFC NORMAL mode: 1(0~1), 5B(4,5), 5F(6,7)
imx-ipuv3 2800000.ipu: IPU DMFC NORMAL mode: 1(0~1), 5B(4,5), 5F(6,7)
mxc_mipi_csi2 21dc000.mipi_csi: i.MX MIPI CSI2 driver probed ipu0 csi1
mxc_mipi_csi2 21dc000.mipi_csi: i.MX MIPI CSI2 dphy version is 0x3130302a
MIPI CSI2 driver module loaded
imx rpmsg driver is registered.
Advanced Linux Sound Architecture Driver Initialized.
Bluetooth: Core ver 2.22
NET: Registered protocol family 31
Bluetooth: HCI device and connection manager initialized
Bluetooth: HCI socket layer initialized
Bluetooth: L2CAP socket layer initialized
Bluetooth: SCO socket layer initialized
clocksource: Switched to clocksource mxc_timer1
VFS: Disk quotas dquot_6.6.0
VFS: Dquot-cache hash table entries: 1024 (order 0, 4096 bytes)
NET: Registered protocol family 2
TCP established hash table entries: 8192 (order: 3, 32768 bytes)
TCP bind hash table entries: 8192 (order: 4, 65536 bytes)
TCP: Hash tables configured (established 8192 bind 8192)
UDP hash table entries: 512 (order: 2, 16384 bytes)
UDP-Lite hash table entries: 512 (order: 2, 16384 bytes)
NET: Registered protocol family 1
RPC: Registered named UNIX socket transport module.
RPC: Registered udp transport module.
RPC: Registered tcp transport module.
RPC: Registered tcp NFSv4.1 backchannel transport module.
Trying to unpack rootfs image as initramfs...
Freeing initrd memory: 1592K
hw perfevents: enabled with armv7_cortex_a9 PMU driver, 7 counters available
Bus freq driver module loaded
audit: initializing netlink subsys (disabled)
audit: type=2000 audit(0.880:1): initialized
workingset: timestamp_bits=30 max_order=19 bucket_order=0
NFS: Registering the id_resolver key type
Key type id_resolver registered
Key type id_legacy registered
ntfs: driver 2.1.32 [Flags: R/W DEBUG].
jffs2: version 2.2. (NAND) Â© 2001-2006 Red Hat, Inc.
fuse init (API version 7.26)
SELinux:  Registering netfilter hooks
NET: Registered protocol family 38
bounce: pool size: 64 pages
io scheduler noop registered
io scheduler deadline registered
io scheduler cfq registered (default)
backlight supply power not found, using dummy regulator
Aravinth: mxc_hdmi_i2c_probe 
Aravinth: mxc_hdmi_probe 
20e0000.hdmi_video supply HDMI not found, using dummy regulator
Aravinth:fb_add_videomode 
Aravinth: fb_videomode_to_var 
Aravinth: fb_videomode_to_var var->xres=800 yres=600 xres_virtual=800 >yres_virtual=608 pixclock=18181 
Aravinth: fb_videomode_to_var Done
Aravinth:fb_add_videomode 
Aravinth:fb_mode_is_equal 
Aravinth: fb_videomode_to_var 
Aravinth: fb_videomode_to_var var->xres=1024 yres=768 xres_virtual=1024 >yres_virtual=768 pixclock=15384 
Aravinth: fb_videomode_to_var Done
Aravinth:fb_add_videomode 
Aravinth:fb_mode_is_equal 
Aravinth:fb_mode_is_equal 
Aravinth: fb_videomode_to_var 
Aravinth: fb_videomode_to_var var->xres=1280 yres=800 xres_virtual=1280 >yres_virtual=800 pixclock=14507 
Aravinth: fb_videomode_to_var Done
Aravinth:fb_add_videomode 
Aravinth:fb_mode_is_equal 
Aravinth:fb_mode_is_equal 
Aravinth:fb_mode_is_equal 
Aravinth: fb_videomode_to_var 
Aravinth: fb_videomode_to_var var->xres=1920 yres=1080 xres_virtual=1920 >yres_virtual=1088 pixclock=7220 
Aravinth: fb_videomode_to_var Done
Aravinth:fb_find_mode 
modedb fb_find_mode: Trying default video mode
Aravinth:fb_try_mode 
modedb fb_try_mode: Trying mode noname 1024x768-32@60
Aravinth:fb_var_to_videomode 
mxc_sdc_fb fb@0: registered mxc display driver ldb
Aravinth:fb_var_to_videomode 
Aravinth:fb_add_videomode 
Aravinth:fb_mode_is_equal 
Aravinth:fb_mode_is_equal 
Aravinth:fb_mode_is_equal 
Aravinth:fb_match_mode 
Aravinth:fb_var_to_videomode 
Aravinth:fb_mode_is_equal 
Aravinth:fb_mode_is_equal 
Aravinth:fb_mode_is_equal 
imx-ipuv3 2800000.ipu: IPU DMFC DP HIGH RESOLUTION: 1(0,1), 5B(2~5), 5F(6,7)
Aravinth:fb_var_to_videomode 
Aravinth:fb_add_videomode 
Aravinth:fb_mode_is_equal 
Aravinth:fb_mode_is_equal 
Aravinth:fb_mode_is_equal 
Aravinth:fb_var_to_videomode 
Aravinth:fb_add_videomode 
Aravinth:fb_mode_is_equal 
Aravinth:fb_mode_is_equal 
Aravinth:fb_mode_is_equal 
Aravinth:fb_match_mode 
Aravinth:fb_var_to_videomode 
Aravinth:fb_mode_is_equal 
Aravinth:fb_mode_is_equal 
Aravinth:fb_mode_is_equal 
Aravinth:fb_match_mode 
Aravinth:fb_var_to_videomode 
Aravinth:fb_mode_is_equal 
Aravinth:fb_mode_is_equal 
Aravinth:fb_mode_is_equal 
Aravinth: fb_videomode_to_var 
Aravinth: fb_videomode_to_var var->xres=1024 yres=768 xres_virtual=1024 >yres_virtual=768 pixclock=15384 
Aravinth: fb_videomode_to_var Done
Console: switching to colour frame buffer device 128x48
Aravinth: fb_videomode_to_var 
Aravinth: fb_videomode_to_var var->xres=1024 yres=768 xres_virtual=1024 >yres_virtual=768 pixclock=15384 
Aravinth: fb_videomode_to_var Done
Aravinth:fb_var_to_videomode 
Aravinth:fb_add_videomode 
Aravinth:fb_var_to_videomode 
Aravinth:fb_add_videomode 
Aravinth:fb_mode_is_equal 
Aravinth:fb_var_to_videomode 
Aravinth:fb_add_videomode 
Aravinth:fb_mode_is_equal 
Aravinth: mxc_hdmi_disp_init 
mxc_hdmi 20e0000.hdmi_video: Detected HDMI controller 0x13:0xa:0xa0:0xc1
Aravinth:fb_find_mode 
modedb fb_find_mode: CVT mode 640x480@60Hz
fbcvt: 640x480@60: CVT Name - .307M3
Aravinth:fb_try_mode 
modedb fb_try_mode: Trying mode noname 640x480-16@60
modedb fb_find_mode: modedb CVT: CVT mode ok
Aravinth:fb_destroy_modelist 
Aravinth:fb_add_videomode 
Aravinth:fb_add_videomode 
Aravinth:fb_mode_is_equal 
Aravinth:fb_add_videomode 
Aravinth:fb_mode_is_equal 
Aravinth:fb_mode_is_equal 
Aravinth:fb_add_videomode 
Aravinth:fb_mode_is_equal 
Aravinth:fb_mode_is_equal 
Aravinth:fb_mode_is_equal 
Aravinth:fb_add_videomode 
Aravinth:fb_mode_is_equal 
Aravinth:fb_mode_is_equal 
Aravinth:fb_mode_is_equal 
Aravinth:fb_mode_is_equal 
Aravinth:fb_add_videomode 
Aravinth:fb_mode_is_equal 
Aravinth:fb_mode_is_equal 
Aravinth:fb_mode_is_equal 
Aravinth:fb_mode_is_equal 
Aravinth:fb_mode_is_equal 
Aravinth:fb_add_videomode 
Aravinth:fb_mode_is_equal 
Aravinth:fb_mode_is_equal 
Aravinth:fb_mode_is_equal 
Aravinth:fb_mode_is_equal 
Aravinth:fb_mode_is_equal 
Aravinth:fb_mode_is_equal 
Aravinth:fb_add_videomode 
Aravinth:fb_mode_is_equal 
Aravinth:fb_mode_is_equal 
Aravinth:fb_mode_is_equal 
Aravinth:fb_mode_is_equal 
Aravinth:fb_mode_is_equal 
Aravinth:fb_mode_is_equal 
Aravinth:fb_mode_is_equal 
Aravinth:fb_add_videomode 
Aravinth:fb_mode_is_equal 
Aravinth:fb_mode_is_equal 
Aravinth:fb_mode_is_equal 
Aravinth:fb_mode_is_equal 
Aravinth:fb_mode_is_equal 
Aravinth:fb_mode_is_equal 
Aravinth:fb_mode_is_equal 
Aravinth:fb_mode_is_equal 
Aravinth:fb_add_videomode 
Aravinth:fb_mode_is_equal 
Aravinth:fb_mode_is_equal 
Aravinth:fb_mode_is_equal 
Aravinth:fb_mode_is_equal 
Aravinth:fb_mode_is_equal 
Aravinth:fb_mode_is_equal 
Aravinth:fb_mode_is_equal 
Aravinth:fb_mode_is_equal 
Aravinth:fb_mode_is_equal 
Aravinth:fb_add_videomode 
Aravinth:fb_mode_is_equal 
Aravinth:fb_mode_is_equal 
Aravinth:fb_mode_is_equal 
Aravinth:fb_mode_is_equal 
Aravinth:fb_mode_is_equal 
Aravinth:fb_mode_is_equal 
Aravinth:fb_mode_is_equal 
Aravinth:fb_mode_is_equal 
Aravinth:fb_mode_is_equal 
Aravinth:fb_mode_is_equal 
Aravinth:fb_add_videomode 
Aravinth:fb_mode_is_equal 
Aravinth:fb_mode_is_equal 
Aravinth:fb_mode_is_equal 
Aravinth:fb_mode_is_equal 
Aravinth:fb_mode_is_equal 
Aravinth:fb_mode_is_equal 
Aravinth:fb_mode_is_equal 
Aravinth:fb_mode_is_equal 
Aravinth:fb_mode_is_equal 
Aravinth:fb_mode_is_equal 
Aravinth:fb_mode_is_equal 
Aravinth:fb_add_videomode 
Aravinth:fb_mode_is_equal 
Aravinth:fb_mode_is_equal 
Aravinth:fb_mode_is_equal 
Aravinth:fb_mode_is_equal 
Aravinth:fb_mode_is_equal 
Aravinth:fb_mode_is_equal 
Aravinth:fb_mode_is_equal 
Aravinth:fb_mode_is_equal 
Aravinth:fb_mode_is_equal 
Aravinth:fb_mode_is_equal 
Aravinth:fb_mode_is_equal 
Aravinth:fb_mode_is_equal 
Aravinth:fb_add_videomode 
Aravinth:fb_mode_is_equal 
Aravinth:fb_mode_is_equal 
Aravinth:fb_mode_is_equal 
Aravinth:fb_mode_is_equal 
Aravinth:fb_mode_is_equal 
Aravinth:fb_mode_is_equal 
Aravinth:fb_mode_is_equal 
Aravinth:fb_mode_is_equal 
Aravinth:fb_mode_is_equal 
Aravinth:fb_mode_is_equal 
Aravinth:fb_mode_is_equal 
Aravinth:fb_mode_is_equal 
Aravinth:fb_mode_is_equal 
Aravinth:fb_add_videomode 
Aravinth:fb_mode_is_equal 
Aravinth:fb_mode_is_equal 
Aravinth:fb_mode_is_equal 
Aravinth:fb_mode_is_equal 
Aravinth:fb_mode_is_equal 
Aravinth:fb_mode_is_equal 
Aravinth:fb_mode_is_equal 
Aravinth:fb_mode_is_equal 
Aravinth:fb_mode_is_equal 
Aravinth:fb_mode_is_equal 
Aravinth:fb_mode_is_equal 
Aravinth:fb_mode_is_equal 
Aravinth:fb_mode_is_equal 
Aravinth:fb_mode_is_equal 
Aravinth:fb_add_videomode 
Aravinth:fb_mode_is_equal 
Aravinth:fb_mode_is_equal 
Aravinth:fb_mode_is_equal 
Aravinth:fb_mode_is_equal 
Aravinth:fb_mode_is_equal 
Aravinth:fb_mode_is_equal 
Aravinth:fb_mode_is_equal 
Aravinth:fb_mode_is_equal 
Aravinth:fb_mode_is_equal 
Aravinth:fb_mode_is_equal 
Aravinth:fb_mode_is_equal 
Aravinth:fb_mode_is_equal 
Aravinth:fb_mode_is_equal 
Aravinth:fb_mode_is_equal 
Aravinth:fb_mode_is_equal 
Aravinth:fb_add_videomode 
Aravinth:fb_mode_is_equal 
Aravinth:fb_mode_is_equal 
Aravinth:fb_mode_is_equal 
Aravinth:fb_mode_is_equal 
Aravinth:fb_mode_is_equal 
Aravinth:fb_mode_is_equal 
Aravinth:fb_mode_is_equal 
Aravinth:fb_mode_is_equal 
Aravinth:fb_mode_is_equal 
Aravinth:fb_mode_is_equal 
Aravinth:fb_mode_is_equal 
Aravinth:fb_mode_is_equal 
Aravinth:fb_mode_is_equal 
Aravinth:fb_mode_is_equal 
Aravinth:fb_mode_is_equal 
Aravinth:fb_mode_is_equal 
Aravinth:fb_add_videomode 
Aravinth:fb_mode_is_equal 
Aravinth:fb_mode_is_equal 
Aravinth:fb_mode_is_equal 
Aravinth:fb_mode_is_equal 
Aravinth:fb_mode_is_equal 
Aravinth:fb_mode_is_equal 
Aravinth:fb_mode_is_equal 
Aravinth:fb_mode_is_equal 
Aravinth:fb_mode_is_equal 
Aravinth:fb_mode_is_equal 
Aravinth:fb_mode_is_equal 
Aravinth:fb_mode_is_equal 
Aravinth:fb_mode_is_equal 
Aravinth:fb_mode_is_equal 
Aravinth:fb_mode_is_equal 
Aravinth:fb_mode_is_equal 
Aravinth:fb_mode_is_equal 
Aravinth:fb_add_videomode 
Aravinth:fb_mode_is_equal 
Aravinth:fb_mode_is_equal 
Aravinth:fb_mode_is_equal 
Aravinth:fb_mode_is_equal 
Aravinth:fb_mode_is_equal 
Aravinth:fb_mode_is_equal 
Aravinth:fb_mode_is_equal 
Aravinth:fb_mode_is_equal 
Aravinth:fb_mode_is_equal 
Aravinth:fb_mode_is_equal 
Aravinth:fb_mode_is_equal 
Aravinth:fb_mode_is_equal 
Aravinth:fb_mode_is_equal 
Aravinth:fb_mode_is_equal 
Aravinth:fb_mode_is_equal 
Aravinth:fb_mode_is_equal 
Aravinth:fb_mode_is_equal 
Aravinth:fb_mode_is_equal 
Aravinth:fb_add_videomode 
Aravinth:fb_mode_is_equal 
Aravinth:fb_mode_is_equal 
Aravinth:fb_mode_is_equal 
Aravinth:fb_mode_is_equal 
Aravinth:fb_mode_is_equal 
Aravinth:fb_mode_is_equal 
Aravinth:fb_mode_is_equal 
Aravinth:fb_mode_is_equal 
Aravinth:fb_mode_is_equal 
Aravinth:fb_mode_is_equal 
Aravinth:fb_mode_is_equal 
Aravinth:fb_mode_is_equal 
Aravinth:fb_mode_is_equal 
Aravinth:fb_mode_is_equal 
Aravinth:fb_mode_is_equal 
Aravinth:fb_mode_is_equal 
Aravinth:fb_mode_is_equal 
Aravinth:fb_mode_is_equal 
Aravinth:fb_mode_is_equal 
Aravinth:fb_add_videomode 
Aravinth:fb_mode_is_equal 
Aravinth:fb_mode_is_equal 
Aravinth:fb_mode_is_equal 
Aravinth:fb_mode_is_equal 
Aravinth:fb_mode_is_equal 
Aravinth:fb_mode_is_equal 
Aravinth:fb_mode_is_equal 
Aravinth:fb_mode_is_equal 
Aravinth:fb_mode_is_equal 
Aravinth:fb_mode_is_equal 
Aravinth:fb_mode_is_equal 
Aravinth:fb_mode_is_equal 
Aravinth:fb_mode_is_equal 
Aravinth:fb_mode_is_equal 
Aravinth:fb_mode_is_equal 
Aravinth:fb_mode_is_equal 
Aravinth:fb_mode_is_equal 
Aravinth:fb_mode_is_equal 
Aravinth:fb_mode_is_equal 
Aravinth:fb_mode_is_equal 
Aravinth:fb_add_videomode 
Aravinth:fb_mode_is_equal 
Aravinth:fb_mode_is_equal 
