

U-Boot 2017.03-00002-gebf9dc2527 (Jan 29 2018 - 17:39:17 +0530)

CPU:   Freescale i.MX6Q rev1.5 at 792 MHz
Reset cause: POR
I2C:   ready
DRAM:  2 GiB
PMIC: device id: 0x10, revision id: 0x21
PMIC: programmed
MMC:   FSL_SDHC: 0, FSL_SDHC: 1, FSL_SDHC: 2
Unable to allocate framebuffer memory
In:    serial
Out:   serial
Err:   serial
Model: Toradex Apalis iMX6 Quad 2GB IT V1.1C, Serial# 05146387
flash target is MMC:0
Net:   using PHY at 7
FEC [PRIME]
Fastboot: Normal
Hit any key to stop autoboot:  1  0 
boota mmc0 
CACHE: Misaligned operation at range [8ffb79a0, 8ffb7a20]
CACHE: Misaligned operation at range [8ffb79a0, 8ffb7a20]
kernel   @ 14008000 (9802160)
ramdisk  @ 15000000 (1628983)
fdt      @ 14f00000 (53981)
## Booting Android Image at 0x12000000 ...
Kernel load addr 0x14008000 size 9573 KiB
Kernel command line: console=ttymxc0,115200 init=/init video=mxcfb0:dev=ldb,fbpix=RGB32,bpp=32 video=mxcfb1:dev=hdmi,640x480M@60,if=RGB24,bpp=16 video=mxcfb2:off video=mxcfb3:off vmalloc=256M androidboot.console=ttymxc0 consoleblank=0 androidboot.hardware=freescale cma=448M androidboot.selinux=permissive androidboot.dm_verity=disabled buildvariant=user androidboot.serialno=1b2429d4ea997115 androidboot.storage_type=emmc
## Flattened Device Tree blob at 14f00000
   Booting using the fdt blob at 0x14f00000
   Loading Kernel Image ... OK
   Using Device Tree in place at 14f00000, end 14f102dc

Starting kernel ...

Booting Linux on physical CPU 0x0
Linux version 4.9.67-07229-gdc6c16ec0433 (embadmin@ubuntu) (gcc version 4.9 20150123 (prerelease) (GCC) ) #73 SMP PREEMPT Mon Feb 19 12:20:06 IST 2018
CPU: ARMv7 Processor [412fc09a] revision 10 (ARMv7), cr=10c53c7d
CPU: PIPT / VIPT nonaliasing data cache, VIPT aliasing instruction cache
OF: fdt:Machine model: Aravinth : Toradex Apalis iMX6Q/D Module on Ixora V1.1 Carrier Board
cma: Reserved 448 MiB at 0x22000000
Memory policy: Data cache writealloc
percpu: Embedded 15 pages/cpu @ee6b3000 s31040 r8192 d22208 u61440
Built 1 zonelists in Zone order, mobility grouping on.  Total pages: 522768
Kernel command line: console=ttymxc0,115200 init=/init video=mxcfb0:dev=ldb,fbpix=RGB32,bpp=32 video=mxcfb1:dev=hdmi,640x480M@60,if=RGB24,bpp=16 video=mxcfb2:off video=mxcfb3:off vmalloc=256M androidboot.console=ttymxc0 consoleblank=0 androidboot.hardware=freescale cma=448M androidboot.selinux=permissive androidboot.dm_verity=disabled buildvariant=user androidboot.serialno=1b2429d4ea997115 androidboot.storage_type=emmc
PID hash table entries: 4096 (order: 2, 16384 bytes)
Dentry cache hash table entries: 131072 (order: 7, 524288 bytes)
Inode-cache hash table entries: 65536 (order: 6, 262144 bytes)
Memory: 1597048K/2097152K available (13312K kernel code, 1128K rwdata, 4016K rodata, 1024K init, 606K bss, 41352K reserved, 458752K cma-reserved, 1318912K highmem)
Virtual kernel memory layout:
    vector  : 0xffff0000 - 0xffff1000   (   4 kB)
    fixmap  : 0xffc00000 - 0xfff00000   (3072 kB)
    vmalloc : 0xf0000000 - 0xff800000   ( 248 MB)
    lowmem  : 0xc0000000 - 0xef800000   ( 760 MB)
    pkmap   : 0xbfe00000 - 0xc0000000   (   2 MB)
    modules : 0xbf000000 - 0xbfe00000   (  14 MB)
      .text : 0xc0008000 - 0xc0e00000   (14304 kB)
      .init : 0xc1300000 - 0xc1400000   (1024 kB)
      .data : 0xc1400000 - 0xc151a218   (1129 kB)
       .bss : 0xc151a218 - 0xc15b1be0   ( 607 kB)
SLUB: HWalign=64, Order=0-3, MinObjects=0, CPUs=4, Nodes=1
Preemptible hierarchical RCU implementation.
	Build-time adjustment of leaf fanout to 32.
NR_IRQS:16 nr_irqs:16 16
L2C-310 errata 752271 769419 enabled
L2C-310 enabling early BRESP for Cortex-A9
L2C-310 full line of zeros enabled for Cortex-A9
L2C-310 ID prefetch enabled, offset 16 lines
L2C-310 dynamic clock gating enabled, standby mode enabled
L2C-310 cache controller enabled, 16 ways, 1024 kB
L2C-310: CACHE_ID 0x410000c7, AUX_CTRL 0x76470001
Switching to timer-based delay loop, resolution 333ns
sched_clock: 32 bits at 3000kHz, resolution 333ns, wraps every 715827882841ns
clocksource: mxc_timer1: mask: 0xffffffff max_cycles: 0xffffffff, max_idle_ns: 637086815595 ns
Console: colour dummy device 80x30
Calibrating delay loop (skipped), value calculated using timer frequency.. 6.00 BogoMIPS (lpj=30000)
pid_max: default: 32768 minimum: 301
Security Framework initialized
SELinux:  Initializing.
Mount-cache hash table entries: 2048 (order: 1, 8192 bytes)
Mountpoint-cache hash table entries: 2048 (order: 1, 8192 bytes)
CPU: Testing write buffer coherency: ok
CPU0: update cpu_capacity 1024
CPU0: thread -1, cpu 0, socket 0, mpidr 80000000
Setting up static identity map for 0x10100000 - 0x10100058
CPU1: update cpu_capacity 1024
CPU1: thread -1, cpu 1, socket 0, mpidr 80000001
CPU2: update cpu_capacity 1024
CPU2: thread -1, cpu 2, socket 0, mpidr 80000002
CPU3: update cpu_capacity 1024
CPU3: thread -1, cpu 3, socket 0, mpidr 80000003
Brought up 4 CPUs
SMP: Total of 4 processors activated (24.00 BogoMIPS).
CPU: All CPU(s) started in SVC mode.
CPU3: update max cpu_capacity 1024
devtmpfs: initialized
CPU2: update max cpu_capacity 1024
VFP support v0.3: implementor 41 architecture 3 part 30 variant 9 rev 4
clocksource: jiffies: mask: 0xffffffff max_cycles: 0xffffffff, max_idle_ns: 19112604462750000 ns
futex hash table entries: 1024 (order: 4, 65536 bytes)
pinctrl core: initialized pinctrl subsystem
NET: Registered protocol family 16
DMA: preallocated 256 KiB pool for atomic coherent allocations
cpuidle: using governor menu
CPU identified as i.MX6Q, silicon rev 1.5
hw-breakpoint: found 5 (+1 reserved) breakpoint and 1 watchpoint registers.
hw-breakpoint: maximum watchpoint size is 4 bytes.
imx6q-pinctrl 20e0000.iomuxc: initialized IMX pinctrl driver
imx-gpc 20dc000.gpc: no fsl,ldo-bypass found!
imx-gpc 20dc000.gpc: Registered imx-gpc
mxs-dma 110000.dma-apbh: initialized
usb_host_vbus: supplied by usb_host_vbus_hub
SCSI subsystem initialized
usbcore: registered new interface driver usbfs
usbcore: registered new interface driver hub
usbcore: registered new device driver usb
2000000.aips-bus:usbphy_nop1 supply vcc not found, using dummy regulator
2000000.aips-bus:usbphy_nop2 supply vcc not found, using dummy regulator
i2c i2c-1: IMX I2C adapter registered
i2c i2c-1: can't use DMA, using PIO instead.
stmpe-i2c 2-0041: stmpe811 detected, chip id: 0x811
i2c i2c-2: IMX I2C adapter registered
i2c i2c-2: can't use DMA, using PIO instead.
i2c i2c-3: IMX I2C adapter registered
i2c i2c-3: can't use DMA, using PIO instead.
Linux video capture interface: v2.00
pps_core: LinuxPPS API ver. 1 registered
pps_core: Software ver. 5.3.6 - Copyright 2005-2007 Rodolfo Giometti <giometti@linux.it>
PTP clock support registered
imx-ipuv3 2400000.ipu: IPU DMFC NORMAL mode: 1(0~1), 5B(4,5), 5F(6,7)
imx-ipuv3 2800000.ipu: IPU DMFC NORMAL mode: 1(0~1), 5B(4,5), 5F(6,7)
mxc_mipi_csi2 21dc000.mipi_csi: i.MX MIPI CSI2 driver probed ipu0 csi1
mxc_mipi_csi2 21dc000.mipi_csi: i.MX MIPI CSI2 dphy version is 0x3130302a
MIPI CSI2 driver module loaded
imx rpmsg driver is registered.
Advanced Linux Sound Architecture Driver Initialized.
Bluetooth: Core ver 2.22
NET: Registered protocol family 31
Bluetooth: HCI device and connection manager initialized
Bluetooth: HCI socket layer initialized
Bluetooth: L2CAP socket layer initialized
Bluetooth: SCO socket layer initialized
clocksource: Switched to clocksource mxc_timer1
VFS: Disk quotas dquot_6.6.0
VFS: Dquot-cache hash table entries: 1024 (order 0, 4096 bytes)
NET: Registered protocol family 2
TCP established hash table entries: 8192 (order: 3, 32768 bytes)
TCP bind hash table entries: 8192 (order: 4, 65536 bytes)
TCP: Hash tables configured (established 8192 bind 8192)
UDP hash table entries: 512 (order: 2, 16384 bytes)
UDP-Lite hash table entries: 512 (order: 2, 16384 bytes)
NET: Registered protocol family 1
RPC: Registered named UNIX socket transport module.
RPC: Registered udp transport module.
RPC: Registered tcp transport module.
RPC: Registered tcp NFSv4.1 backchannel transport module.
Trying to unpack rootfs image as initramfs...
Freeing initrd memory: 1592K
hw perfevents: enabled with armv7_cortex_a9 PMU driver, 7 counters available
Bus freq driver module loaded
audit: initializing netlink subsys (disabled)
audit: type=2000 audit(0.870:1): initialized
workingset: timestamp_bits=30 max_order=19 bucket_order=0
NFS: Registering the id_resolver key type
Key type id_resolver registered
Key type id_legacy registered
ntfs: driver 2.1.32 [Flags: R/W DEBUG].
jffs2: version 2.2. (NAND) Â© 2001-2006 Red Hat, Inc.
fuse init (API version 7.26)
bounce: pool size: 64 pages
io scheduler noop registered
io scheduler deadline registered
io scheduler cfq registered (default)
backlight supply power not found, using dummy regulator
20e0000.hdmi_video supply HDMI not found, using dummy regulator
mxc_sdc_fb fb@0: registered mxc display driver ldb
imx-ipuv3 2800000.ipu: IPU DMFC DP HIGH RESOLUTION: 1(0,1), 5B(2~5), 5F(6,7)
Console: switching to colour frame buffer device 128x48
mxc_hdmi 20e0000.hdmi_video: Detected HDMI controller 0x13:0xa:0xa0:0xc1
fbcvt: 640x480@60: CVT Name - .307M3
mxc_sdc_fb fb@1: registered mxc display driver hdmi
mxc_sdc_fb fb@2: Can't get fb option for mxcfb2!
mxc_sdc_fb fb@3: Can't get fb option for mxcfb3!
imx-sdma 20ec000.sdma: no iram assigned, using external mem
imx-sdma 20ec000.sdma: loaded firmware 3.3
pfuze100-regulator 2-0008: Full layer: 2, Metal layer: 1
pfuze100-regulator 2-0008: FAB: 0, FIN: 0
pfuze100-regulator 2-0008: pfuze100 found.
2020000.serial: ttymxc0 at MMIO 0x2020000 (irq = 29, base_baud = 5000000) is a IMX
console [ttymxc0] enabled
21e8000.serial: ttymxc1 at MMIO 0x21e8000 (irq = 78, base_baud = 5000000) is a IMX
21f0000.serial: ttymxc3 at MMIO 0x21f0000 (irq = 79, base_baud = 5000000) is a IMX
21f4000.serial: ttymxc4 at MMIO 0x21f4000 (irq = 80, base_baud = 5000000) is a IMX
imx sema4 driver is registered.
[drm] Initialized
[drm] Initialized vivante 1.0.0 20120216 on minor 0
brd: module loaded
loop: module loaded
zram: Added device: zram0
ahci-imx 2200000.sata: fsl,transmit-level-mV not specified, using 00000024
ahci-imx 2200000.sata: fsl,transmit-boost-mdB not specified, using 00000480
ahci-imx 2200000.sata: fsl,transmit-atten-16ths not specified, using 00002000
ahci-imx 2200000.sata: fsl,receive-eq-mdB not specified, using 05000000
ahci-imx 2200000.sata: SSS flag set, parallel bus scan disabled
ahci-imx 2200000.sata: AHCI 0001.0300 32 slots 1 ports 3 Gbps 0x1 impl platform mode
ahci-imx 2200000.sata: flags: ncq sntf stag pm led clo only pmp pio slum part ccc apst 
scsi host0: ahci-imx
ata1: SATA max UDMA/133 mmio [mem 0x02200000-0x02203fff] port 0x100 irq 87
spi_imx 2008000.ecspi: probed
libphy: Fixed MDIO Bus: probed
tun: Universal TUN/TAP device driver, 1.6
tun: (C) 1999-2004 Max Krasnyansky <maxk@qualcomm.com>
CAN device driver interface
2090000.flexcan supply xceiver not found, using dummy regulator
flexcan 2090000.flexcan: device registered (reg_base=f02f4000, irq=38)
2094000.flexcan supply xceiver not found, using dummy regulator
flexcan 2094000.flexcan: device registered (reg_base=f02fc000, irq=39)
2188000.ethernet supply phy not found, using dummy regulator
pps pps0: new PPS source ptp0
libphy: fec_enet_mii_bus: probed
fec 2188000.ethernet eth0: registered PHC device 0
PPP generic driver version 2.4.2
PPP BSD Compression module registered
PPP Deflate Compression module registered
PPP MPPE Compression module registered
NET: Registered protocol family 24
usbcore: registered new interface driver kaweth
pegasus: v0.9.3 (2013/04/25), Pegasus/Pegasus II USB Ethernet driver
usbcore: registered new interface driver pegasus
usbcore: registered new interface driver rtl8150
usbcore: registered new interface driver r8152
usbcore: registered new interface driver asix
usbcore: registered new interface driver ax88179_178a
usbcore: registered new interface driver cdc_ether
usbcore: registered new interface driver cdc_eem
usbcore: registered new interface driver net1080
usbcore: registered new interface driver cdc_subset
usbcore: registered new interface driver zaurus
usbcore: registered new interface driver cdc_ncm
ehci_hcd: USB 2.0 'Enhanced' Host Controller (EHCI) Driver
ehci-mxc: Freescale On-Chip EHCI Host driver
usbcore: registered new interface driver cdc_acm
cdc_acm: USB Abstract Control Model driver for USB modems and ISDN adapters
usbcore: registered new interface driver usb-storage
usbcore: registered new interface driver usbserial
usbcore: registered new interface driver usbserial_generic
usbserial: USB Serial support registered for generic
usbcore: registered new interface driver ftdi_sio
usbserial: USB Serial support registered for FTDI USB Serial Device
usbcore: registered new interface driver option
usbserial: USB Serial support registered for GSM modem (1-port)
usbcore: registered new interface driver usbtest
usbcore: registered new interface driver usb_ehset_test
2184800.usbmisc supply vbus-wakeup not found, using dummy regulator
ci_hdrc ci_hdrc.1: EHCI Host Controller
ci_hdrc ci_hdrc.1: new USB bus registered, assigned bus number 1
ci_hdrc ci_hdrc.1: USB 2.0 started, EHCI 1.00
usb usb1: New USB device found, idVendor=1d6b, idProduct=0002
usb usb1: New USB device strings: Mfr=3, Product=2, SerialNumber=1
usb usb1: Product: EHCI Host Controller
usb usb1: Manufacturer: Linux 4.9.67-07229-gdc6c16ec0433 ehci_hcd
usb usb1: SerialNumber: ci_hdrc.1
hub 1-0:1.0: USB hub found
hub 1-0:1.0: 1 port detected
ata1: SATA link down (SStatus 0 SControl 300)
ahci-imx 2200000.sata: no device found, disabling link.
ahci-imx 2200000.sata: pass ahci_imx..hotplug=1 to enable hotplug
mousedev: PS/2 mouse device common for all mice
usbcore: registered new interface driver xpad
usbcore: registered new interface driver usb_acecad
usbcore: registered new interface driver aiptek
usbcore: registered new interface driver gtco
usbcore: registered new interface driver hanwang
usbcore: registered new interface driver kbtab
input: stmpe-ts as /devices/soc0/soc/2100000.aips-bus/21a4000.i2c/i2c-2/2-0041/stmpe-ts/input/input0
snvs_rtc 20cc000.snvs:snvs-rtc-lp: rtc core: registered 20cc000.snvs:snvs-r as rtc0
i2c /dev entries driver
IR NEC protocol handler initialized
IR RC5(x/sz) protocol handler initialized
IR RC6 protocol handler initialized
IR JVC protocol handler initialized
IR Sony protocol handler initialized
IR SANYO protocol handler initialized
IR Sharp protocol handler initialized
IR MCE Keyboard/mouse protocol handler initialized
IR XMP protocol handler initialized
mxc_v4l2_output v4l2_out: V4L2 device registered as video16
mxc_v4l2_output v4l2_out: V4L2 device registered as video17
mxc_v4l2_output v4l2_out: V4L2 device registered as video18
mxc_v4l2_output v4l2_out: V4L2 device registered as video19
ov564x_mipi 3-003c: found pwm2, period=0
usb 1-1: new high-speed USB device number 2 using ci_hdrc
ov5640_read_reg:write reg error:reg=300a
camera ov5640_mipi is not found
usbcore: registered new interface driver uvcvideo
USB Video Class driver (1.1.1)
imx2-wdt 20bc000.wdog: timeout 60 sec (nowayout=0)
device-mapper: uevent: version 1.0.3
device-mapper: ioctl: 4.35.0-ioctl (2016-06-23) initialised: dm-devel@redhat.com
Bluetooth: HCI UART driver ver 2.3
Bluetooth: HCI UART protocol H4 registered
Bluetooth: HCI UART protocol BCSP registered
Bluetooth: HCI UART protocol ATH3K registered
usbcore: registered new interface driver btusb
sdhci: Secure Digital Host Controller Interface driver
sdhci: Copyright(c) Pierre Ossman
sdhci-pltfm: SDHCI platform and OF driver helper
sdhci-esdhc-imx 2190000.usdhc: could not get ultra high speed state, work on normal mode
sdhci-esdhc-imx 2190000.usdhc: Got CD GPIO
mmc1: SDHCI controller on 2190000.usdhc [2190000.usdhc] using ADMA
sdhci-esdhc-imx 2198000.usdhc: could not get ultra high speed state, work on normal mode
usb 1-1: New USB device found, idVendor=0424, idProduct=2514
usb 1-1: New USB device strings: Mfr=0, Product=0, SerialNumber=0
hub 1-1:1.0: USB hub found
hub 1-1:1.0: 4 ports detected
mmc0: SDHCI controller on 2198000.usdhc [2198000.usdhc] using ADMA
mxc_vpu 2040000.vpu_fsl: VPU initialized
mxc_vdoa 21e4000.vdoa: i.MX Video Data Order Adapter(VDOA) driver probed
mxc_hdmi_cec soc:hdmi_cec@00120000: HDMI CEC initialized
Galcore version 6.2.2.96445
mmc0: new DDR MMC card at address 0001
mmcblk0: mmc0:0001 Q2J54A 3.59 GiB 
mmcblk0boot0: mmc0:0001 Q2J54A partition 1 16.0 MiB
mmcblk0boot1: mmc0:0001 Q2J54A partition 2 16.0 MiB
random: fast init done
Alternate GPT is invalid, using primary GPT.
 mmcblk0: p1 p2 p3 p4 p5 p6 p7 p8 p9 p10 p11
caam 2100000.caam: ERA source: CAAMVID.
caam 2100000.caam: AXI pipeline throttling enabled.
caam 2100000.caam: Instantiated RNG4 SH1
caam 2100000.caam: device ID = 0x0a16010000000000 (Era 4)
caam 2100000.caam: job rings = 2, qi = 0
caam algorithms registered in /proc/crypto
caam_jr 2101000.jr0: registering rng-caam
platform caam_sm: blkkey_ex: 4 keystore units available
platform caam_sm: 64-bit clear key:
platform caam_sm: [0000] 00 01 02 03 04 0f 06 07
platform caam_sm: 64-bit black key:
platform caam_sm: [0000] c0 61 8f 3b b9 35 73 6b
platform caam_sm: [0008] 16 40 bf eb 20 24 41 f5
platform caam_sm: 128-bit clear key:
platform caam_sm: [0000] 00 01 02 03 04 0f 06 07
platform caam_sm: [0008] 08 09 0a 0b 0c 0d 0e 0f
platform caam_sm: 128-bit black key:
platform caam_sm: [0000] 75 91 83 49 4c 13 8e e5
platform caam_sm: [0008] 21 a6 c1 66 38 1b de a9
platform caam_sm: 192-bit clear key:
platform caam_sm: [0000] 00 01 02 03 04 0f 06 07
platform caam_sm: [0008] 08 09 0a 0b 0c 0d 0e 0f
platform caam_sm: [0016] 10 11 12 13 14 15 16 17
platform caam_sm: 192-bit black key:
platform caam_sm: [0000] 87 ad 22 d8 79 60 5c 3c
platform caam_sm: [0008] 6d 51 cf d7 e8 e0 08 ee
platform caam_sm: [0016] cf 2f 28 68 63 c4 f8 f1
platform caam_sm: [0024] b3 3d 50 38 0f d2 87 e7
platform caam_sm: 256-bit clear key:
platform caam_sm: [0000] 00 01 02 03 04 0f 06 07
platform caam_sm: [0008] 08 09 0a 0b 0c 0d 0e 0f
platform caam_sm: [0016] 10 11 12 13 14 15 16 17
platform caam_sm: [0024] 18 19 1a 1b 1c 1d 1e 1f
platform caam_sm: 256-bit black key:
platform caam_sm: [0000] 01 c8 ed 6f 64 8b 40 39
platform caam_sm: [0008] 38 e5 0c 93 59 44 f8 20
platform caam_sm: [0016] d0 9d fb 1a d6 14 aa 64
platform caam_sm: [0024] ba 5f 63 26 19 8d 63 83
platform caam_sm: 64-bit unwritten blob:
platform caam_sm: [0000] 00 00 00 00 00 00 00 00
platform caam_sm: [0008] 00 00 00 00 00 00 00 00
platform caam_sm: [0016] 00 00 00 00 00 00 00 00
platform caam_sm: [0024] 00 00 00 00 00 00 00 00
platform caam_sm: [0032] 00 00 00 00 00 00 00 00
platform caam_sm: [0040] 00 00 00 00 00 00 00 00
platform caam_sm: [0048] 00 00 00 00 00 00 00 00
platform caam_sm: [0056] 00 00 00 00 00 00 00 00
platform caam_sm: [0064] 00 00 00 00 00 00 00 00
platform caam_sm: [0072] 00 00 00 00 00 00 00 00
platform caam_sm: [0080] 00 00 00 00 00 00 00 00
platform caam_sm: [0088] 00 00 00 00 00 00 00 00
platform caam_sm: 128-bit unwritten blob:
platform caam_sm: [0000] 00 00 00 00 00 00 00 00
platform caam_sm: [0008] 00 00 00 00 00 00 00 00
platform caam_sm: [0016] 00 00 00 00 00 00 00 00
platform caam_sm: [0024] 00 00 00 00 00 00 00 00
platform caam_sm: [0032] 00 00 00 00 00 00 00 00
platform caam_sm: [0040] 00 00 00 00 00 00 00 00
platform caam_sm: [0048] 00 00 00 00 00 00 00 00
platform caam_sm: [0056] 00 00 00 00 00 00 00 00
platform caam_sm: [0064] 00 00 00 00 00 00 00 00
platform caam_sm: [0072] 00 00 00 00 00 00 00 00
platform caam_sm: [0080] 00 00 00 00 00 00 00 00
platform caam_sm: [0088] 00 00 00 00 00 00 00 00
platform caam_sm: 196-bit unwritten blob:
platform caam_sm: [0000] 00 00 00 00 00 00 00 00
platform caam_sm: [0008] 00 00 00 00 00 00 00 00
platform caam_sm: [0016] 00 00 00 00 00 00 00 00
platform caam_sm: [0024] 00 00 00 00 00 00 00 00
platform caam_sm: [0032] 00 00 00 00 00 00 00 00
platform caam_sm: [0040] 00 00 00 00 00 00 00 00
platform caam_sm: [0048] 00 00 00 00 00 00 00 00
platform caam_sm: [0056] 00 00 00 00 00 00 00 00
platform caam_sm: [0064] 00 00 00 00 00 00 00 00
platform caam_sm: [0072] 00 00 00 00 00 00 00 00
platform caam_sm: [0080] 00 00 00 00 00 00 00 00
platform caam_sm: [0088] 00 00 00 00 00 00 00 00
platform caam_sm: 256-bit unwritten blob:
platform caam_sm: [0000] 00 00 00 00 00 00 00 00
platform caam_sm: [0008] 00 00 00 00 00 00 00 00
platform caam_sm: [0016] 00 00 00 00 00 00 00 00
platform caam_sm: [0024] 00 00 00 00 00 00 00 00
platform caam_sm: [0032] 00 00 00 00 00 00 00 00
platform caam_sm: [0040] 00 00 00 00 00 00 00 00
platform caam_sm: [0048] 00 00 00 00 00 00 00 00
platform caam_sm: [0056] 00 00 00 00 00 00 00 00
platform caam_sm: [0064] 00 00 00 00 00 00 00 00
platform caam_sm: [0072] 00 00 00 00 00 00 00 00
platform caam_sm: [0080] 00 00 00 00 00 00 00 00
platform caam_sm: [0088] 00 00 00 00 00 00 00 00
platform caam_sm: 64-bit black key in blob:
platform caam_sm: [0000] 9a ed 74 c3 e7 4d d2 18
platform caam_sm: [0008] 18 69 b6 99 e7 9f ca 77
platform caam_sm: [0016] b6 a4 54 41 6c bf 68 18
platform caam_sm: [0024] bd 4b f0 00 56 73 99 49
platform caam_sm: [0032] ea 05 a0 a8 33 a8 8f bd
platform caam_sm: [0040] 8a 33 87 62 8a 7d 3b 27
platform caam_sm: [0048] 46 48 85 81 20 f2 59 96
platform caam_sm: [0056] 00 00 00 00 00 00 00 00
platform caam_sm: [0064] 00 00 00 00 00 00 00 00
platform caam_sm: [0072] 00 00 00 00 00 00 00 00
platform caam_sm: [0080] 00 00 00 00 00 00 00 00
platform caam_sm: [0088] 00 00 00 00 00 00 00 00
platform caam_sm: 128-bit black key in blob:
platform caam_sm: [0000] 9b 30 e4 e9 af fb 32 b4
platform caam_sm: [0008] 01 5d 5c f1 f4 4e f2 07
platform caam_sm: [0016] f5 03 9c d8 b9 6d 2a 74
platform caam_sm: [0024] 7d b6 9b d5 62 bb 56 e4
platform caam_sm: [0032] a8 23 fa 5d 32 8b e1 f8
platform caam_sm: [0040] 33 9d f0 f6 d1 54 92 e9
platform caam_sm: [0048] 00 55 ea 1d a3 8b 56 8b
platform caam_sm: [0056] f5 b8 df 86 41 7c ea 54
platform caam_sm: [0064] 00 00 00 00 00 00 00 00
platform caam_sm: [0072] 00 00 00 00 00 00 00 00
platform caam_sm: [0080] 00 00 00 00 00 00 00 00
platform caam_sm: [0088] 00 00 00 00 00 00 00 00
platform caam_sm: 192-bit black key in blob:
platform caam_sm: [0000] d0 ad 8e 56 a8 ca fc a3
platform caam_sm: [0008] 3b 64 b1 7f ed e3 56 9b
platform caam_sm: [0016] cd a2 92 15 c1 72 b0 8b
platform caam_sm: [0024] 52 60 b5 99 4d 88 83 72
platform caam_sm: [0032] 66 c4 98 74 b1 8c 5f 00
platform caam_sm: [0040] 55 33 88 67 ab 86 99 c2
platform caam_sm: [0048] 06 13 a2 aa df d4 e6 24
platform caam_sm: [0056] 97 66 9d e5 46 71 4a 53
platform caam_sm: [0064] 2f 41 e8 b7 cc cd bf 8c
platform caam_sm: [0072] 00 00 00 00 00 00 00 00
platform caam_sm: [0080] 00 00 00 00 00 00 00 00
platform caam_sm: [0088] 00 00 00 00 00 00 00 00
platform caam_sm: 256-bit black key in blob:
platform caam_sm: [0000] a8 67 df af 86 28 27 ab
platform caam_sm: [0008] 52 c8 a2 12 86 91 c2 36
platform caam_sm: [0016] d1 1b 5f 82 84 59 d7 6e
platform caam_sm: [0024] 81 3b 75 d7 e4 7d fb 39
platform caam_sm: [0032] 27 e5 40 37 39 17 fa 5e
platform caam_sm: [0040] 8d af 0f e2 76 3b ad 7e
platform caam_sm: [0048] f1 86 98 d9 01 87 4a 3e
platform caam_sm: [0056] e4 ef 2c 31 48 20 cd d8
platform caam_sm: [0064] fb ca 78 84 ed 83 07 27
platform caam_sm: [0072] ad 14 b3 42 7b 11 78 3e
platform caam_sm: [0080] 00 00 00 00 00 00 00 00
platform caam_sm: [0088] 00 00 00 00 00 00 00 00
platform caam_sm: restored 64-bit black key:
platform caam_sm: [0000] 01 81 bc b4 6d 8d 68 00
platform caam_sm: [0008] 5f 8a bf 1d 3d 21 b0 9d
platform caam_sm: restored 128-bit black key:
platform caam_sm: [0000] 75 91 83 49 4c 13 8e e5
platform caam_sm: [0008] 21 a6 c1 66 38 1b de a9
platform caam_sm: restored 192-bit black key:
platform caam_sm: [0000] 87 ad 22 d8 79 60 5c 3c
platform caam_sm: [0008] 6d 51 cf d7 e8 e0 08 ee
platform caam_sm: [0016] 64 44 79 b3 c6 bf 76 0c
platform caam_sm: [0024] 81 d5 5c 9e bc 57 0f 24
platform caam_sm: restored 256-bit black key:
platform caam_sm: [0000] 01 c8 ed 6f 64 8b 40 39
platform caam_sm: [0008] 38 e5 0c 93 59 44 f8 20
platform caam_sm: [0016] d0 9d fb 1a d6 14 aa 64
platform caam_sm: [0024] ba 5f 63 26 19 8d 63 83
snvs-secvio 20cc000.caam-snvs: can't get snvs clock
snvs-secvio 20cc000.caam-snvs: violation handlers armed - non-secure state
hidraw: raw HID events driver (C) Jiri Kosina
usbcore: registered new interface driver usbhid
usbhid: USB HID core driver
ashmem: initialized
usbcore: registered new interface driver snd-usb-audio
sgtl5000 2-000a: sgtl5000 revision 0x11
fsl-ssi-dai 2028000.ssi: No cache defaults, reading back from HW
imx-sgtl5000 sound: sgtl5000 <-> 2028000.ssi mapping ok
imx-spdif sound-spdif: snd-soc-dummy-dai <-> 2004000.spdif mapping ok
imx-audio-hdmi sound-hdmi: hdmi-hifi.0 <-> soc:hdmi_audio@00120000 mapping ok
NET: Registered protocol family 26
u32 classifier
    Actions configured
Netfilter messages via NETLINK v0.30.
nf_conntrack version 0.5.0 (16384 buckets, 65536 max)
ctnetlink v0.93: registering with nfnetlink.
xt_time: kernel timezone is -0000
ip_tables: (C) 2000-2006 Netfilter Core Team
arp_tables: arp_tables: (C) 2002 David S. Miller
Initializing XFRM netlink socket
NET: Registered protocol family 10
mip6: Mobile IPv6
ip6_tables: (C) 2000-2006 Netfilter Core Team
sit: IPv6, IPv4 and MPLS over IPv4 tunneling driver
NET: Registered protocol family 17
NET: Registered protocol family 15
can: controller area network core (rev 20120528 abi 9)
NET: Registered protocol family 29
can: raw protocol (rev 20120528)
can: broadcast manager protocol (rev 20161123 t)
can: netlink gateway (rev 20130117) max_hops=1
Bluetooth: RFCOMM TTY layer initialized
Bluetooth: RFCOMM socket layer initialized
Bluetooth: RFCOMM ver 1.11
Bluetooth: BNEP (Ethernet Emulation) ver 1.3
Bluetooth: BNEP filters: protocol multicast
Bluetooth: BNEP socket layer initialized
Bluetooth: HIDP (Human Interface Emulation) ver 1.2
Bluetooth: HIDP socket layer initialized
8021q: 802.1Q VLAN Support v1.8
Key type dns_resolver registered
cpu cpu0: Registered imx6q-cpufreq
registered taskstats version 1
imx_thermal 2000000.aips-bus:tempmon: Industrial CPU temperature grade - max:105C critical:100C passive:95C
dhd_module_init in
input: gpio-keys as /devices/soc0/gpio-keys/input/input1
snvs_rtc 20cc000.snvs:snvs-rtc-lp: setting system clock to 1970-01-01 00:00:02 UTC (2)
usb_otg_vbus: disabling
ALSA device list:
  #0: imx6q-apalis-sgtl5000
  #1: imx-spdif
  #2: imx-hdmi-soc
Freeing unused kernel memory: 1024K
init: init first stage started!
SELinux:  Permission validate_trans in class security not defined in policy.
SELinux:  Class cap_userns not defined in policy.
SELinux:  Class cap2_userns not defined in policy.
SELinux: the above unknown classes and permissions will be denied
audit: type=1403 audit(5.017:2): policy loaded auid=4294967295 ses=4294967295
init: (Initializing SELinux non-enforcing took 0.10s.)
init: init second stage started!
init: Running restorecon...
init: waitpid failed: No child processes
init: (Loading properties from /default.prop took 0.00s.)
init: (Parsing /init.environ.rc took 0.00s.)
init: (Parsing /init.usb.rc took 0.00s.)
init: (Parsing init.freescale.usb.rc took 0.00s.)
init: (Parsing init.freescale.i.MX6Q.rc took 0.00s.)
init: (Parsing init.freescale.emmc.rc took 0.00s.)
init: (Parsing /init.freescale.rc took 0.02s.)
ueventd: ueventd started!
ueventd: Coldboot took 0.43s.
Console: switching to colour dummy device 80x30
watchdogd: started (interval 10, margin 20)!
EXT4-fs (mmcblk0p3): mounted filesystem with ordered data mode. Opts: barrier=1
EXT4-fs (mmcblk0p10): Ignoring removed nomblk_io_submit option
EXT4-fs (mmcblk0p10): mounted filesystem with ordered data mode. Opts: nomblk_io_submit,noauto_da_alloc,errors=panic
EXT4-fs (mmcblk0p4): Ignoring removed nomblk_io_submit option
EXT4-fs (mmcblk0p4): mounted filesystem with ordered data mode. Opts: nomblk_io_submit
EXT4-fs (mmcblk0p5): mounted filesystem with ordered data mode. Opts: (null)
file system registered
using random self ethernet address
using random host ethernet address
zram0: detected capacity change from 0 to 314572800
logd.auditd: start
logd.klogd: 7292040000
Adding 307196k swap on /dev/block/zram0.  Priority:-1 extents:1 across:307196k SS
binder: 253:253 transaction failed 29189, size 0-0
type=1400 audit(7.847:3): avc: denied { entrypoint } for pid=259 comm="init" path="/system/bin/can-config.sh" dev="mmcblk0p3" ino=255 scontext=u:r:obd:s0 tcontext=u:object_r:system_file:s0 tclass=file permissive=1
logd.daemon: reinit
toradex_apalis6q:/ # type=1400 audit(7.867:4): avc: denied { read execute } for pid=259 comm="can-config.sh" path="/system/bin/sh" dev="mmcblk0p3" ino=442 scontext=u:r:obd:s0 tcontext=u:object_r:shell_exec:s0 tclass=file permissive=1
type=1400 audit(7.887:5): avc: denied { getattr } for pid=260 comm="obd" path="/vendor" dev="rootfs" ino=6500 scontext=u:r:obd:s0 tcontext=u:object_r:rootfs:s0 tclass=lnk_file permissive=1
type=1400 audit(7.897:6): avc: denied { getattr } for pid=259 comm="can-config.sh" path="/system/bin/sh" dev="mmcblk0p3" ino=442 scontext=u:r:obd:s0 tcontext=u:object_r:shell_exec:s0 tclass=file permissive=1
type=1400 audit(7.967:7): avc: denied { create } for pid=260 comm="obd" scontext=u:r:obd:s0 tcontext=u:r:obd:s0 tclass=socket permissive=1
type=1400 audit(7.967:8): avc: denied { ioctl } for pid=260 comm="obd" path="socket:[10889]" dev="sockfs" ino=10889 ioctlcmd=0x8933 scontext=u:r:obd:s0 tcontext=u:r:obd:s0 tclass=socket permissive=1
type=1400 audit(7.967:9): avc: denied { bind } for pid=260 comm="obd" scontext=u:r:obd:s0 tcontext=u:r:obd:s0 tclass=socket permissive=1
IPv6: ADDRCONF(NETDEV_CHANGE): can0: link becomes ready
healthd: No battery devices found
imx-hdmi-audio imx-hdmi-audio: HDMI Video is not ready!
imx-hdmi-audio imx-hdmi-audio: ASoC: can't open platform imx-hdmi-audio: -22
ERROR: v4l2 capture: slave not found! V4L2_CID_HUE
imx-hdmi-audio imx-hdmi-audio: HDMI Video is not ready!
imx-hdmi-audio imx-hdmi-audio: ASoC: can't open platform imx-hdmi-audio: -22
ERROR: v4l2 capture: slave not found! V4L2_CID_HUE
init: Starting service 'bootanim'...
capability: warning: `main' uses 32-bit capabilities (legacy support in use)
type=1400 audit(16.987:34): avc: denied { write } for pid=260 comm="obd" path="socket:[10889]" dev="sockfs" ino=10889 scontext=u:r:obd:s0 tcontext=u:r:obd:s0 tclass=socket permissive=1
init: write_file: Unable to open '/sys/devices/system/cpu/cpufreq/interactive/timer_rate': No such file or directory
init: write_file: Unable to open '/sys/devices/system/cpu/cpufreq/interactive/min_sample_time': No such file or directory
init: write_file: Unable to open '/sys/devices/system/cpu/cpufreq/interactive/go_hispeed_load': No such file or directory
init: write_file: Unable to open '/proc/sys/vm/extra_free_kbytes': No such file or directory
init: write_file: Unable to write to '/config/usb_gadget/g1/UDC': No such device
acc_open
acc_release
Micrel KSZ9031 Gigabit PHY 2188000.ethernet-1:07: attached PHY driver [Micrel KSZ9031 Gigabit PHY] (mii_bus:phy_addr=2188000.ethernet-1:07, irq=120)
IPv6: ADDRCONF(NETDEV_UP): eth0: link is not ready
random: crng init done
type=1400 audit(24.907:35): avc: denied { write } for pid=260 comm="obd" path="socket:[10889]" dev="sockfs" ino=10889 scontext=u:r:obd:s0 tcontext=u:r:obd:s0 tclass=socket permissive=1
init: Service 'bootanim' (pid 346) exited with status 0
init: Starting service 'exec 3 (/system/bin/bootstat)'...
init: Service 'exec 3 (/system/bin/bootstat)' (pid 949) exited with status 0
init: Starting service 'exec 4 (/system/bin/bootstat)'...
init: Service 'exec 4 (/system/bin/bootstat)' (pid 960) exited with status 0
init: Starting service 'exec 5 (/system/bin/bootstat)'...
init: Service 'exec 5 (/system/bin/bootstat)' (pid 962) exited with status 0
init: Starting service 'exec 6 (/system/bin/bootstat)'...
init: Service 'exec 6 (/system/bin/bootstat)' (pid 963) exited with status 0
type=1400 audit(30.017:36): avc: denied { write } for pid=260 comm="obd" path="socket:[10889]" dev="sockfs" ino=10889 scontext=u:r:obd:s0 tcontext=u:r:obd:s0 tclass=socket permissive=1
type=1400 audit(34.297:37): avc: denied { write } for pid=1208 comm="Thread-2" name="vcan" dev="tmpfs" ino=11342 scontext=u:r:untrusted_app:s0:c512,c768 tcontext=u:object_r:socket_device:s0 tclass=sock_file permissive=1
type=1400 audit(34.297:38): avc: denied { connectto } for pid=1208 comm="Thread-2" path="/dev/socket/vcan" scontext=u:r:untrusted_app:s0:c512,c768 tcontext=u:r:obd:s0 tclass=unix_stream_socket permissive=1

toradex_apalis6q:/ # cd /
toradex_apalis6q:/ # 
toradex_apalis6q:/ # type=1400 audit(37.137:39): avc: denied { write } for pid=260 comm="obd" path="socket:[10889]" dev="sockfs" ino=10889 scontext=u:r:obd:s0 tcontext=u:r:obd:s0 tclass=socket permissive=1

toradex_apalis6q:/ # 
toradex_apalis6q:/ # 
toradex_apalis6q:/ # 
toradex_apalis6q:/ # 
toradex_apalis6q:/ # 
toradex_apalis6q:/ # 
toradex_apalis6q:/ # 
toradex_apalis6q:/ # cat /dev/ttyt mxc3 &
[1] 1268
toradex_apalis6q:/ # echo ""S"E"T"" > /dev/ttymxc3
toradex_apalis6q:/ # SET

SET BT BDADDR 88:6b:0f:62:71:88

SET BT NAME WT32i-AJ

SET BT CLASS 280428

SET BT IDENT BT:47 f000 6.0.0 Bluegiga iWRAP

SET BT LAP 9e8b33

SET BT PAGEMODE 4 2000 1

SET BT POWER 6 6 6

SET BT ROLE 0 f 2580

SET BT SNIFF 0 20 1 8

SET BT SSP 3 0

SET BT MTU 667

SET CONTROL AUDIO INTERNAL INTERNAL

SET CONTROL BAUD 115200,8n1

SET CONTROL CD 00 0

SET CONTROL CODEC SBC JOINT_STEREO 44100 0

SET CONTROL CONFIG 0000 0000 0000 1100

SET CONTROL ECHO 7

SET CONTROL ESCAPE 43 00 1

SET CONTROL GAIN 8 8

SET CONTROL MICBIAS b 0

SET CONTROL MSC DTE 00 00 00 00 00 00

SET CONTROL PIO 00 00 00

SET CONTROL PREAMP 1 1

SET CONTROL READY 00

SET CONTROL VREGEN 0 00

SET PROFILE A2DP SOURCE

SET PROFILE SPP Bluetooth Serial Port

SET PROFILE HSP-AG Voice Gateway

SET PROFILE AVRCP TARGET 07

SET

SET

SET BT BDADDR 88:6b:0f:62:71:88

SET BT NAME WT32i-AJ

SET BT CLASS 280428

SET BT IDENT BT:47 f000 6.0.0 Bluegiga iWRAP

SET BT LAP 9e8b33

SET BT PAGEMODE 4 2000 1

SET BT POWER 6 6 6

SET BT ROLE 0 f 2580

SET BT SNIFF 0 20 1 8

SET BT SSP 3 0

SET BT MTU 667

SET CONTROL AUDIO INTERNAL INTERNAL

SET CONTROL BAUD 115200,8n1

SET CONTROL CD 00 0

SET CONTROL CODEC SBC JOINT_STEREO 44100 0

SET CONTROL CONFIG 0000 0000 0000 1100

SET CONTROL ECHO 7

SET CONTROL ESCAPE 43 00 1

SET CONTROL GAIN 8 8

SET CONTROL MICBIAS b 0

SET CONTROL MSC DTE 00 00 00 00 00 00

SET CONTROL PIO 00 00 00

SET CONTROL PREAMP 1 1

SET CONTROL READY 00

SET CONTROL VREGEN 0 00

SET PROFILE A2DP SOURCE

SET PROFILE SPP Bluetooth Serial Port

SET PROFILE HSP-AG Voice Gateway

SET PROFILE AVRCP TARGET 07

SET



SET BT BDADDR 88:6b:0f:62:71:88

SYNTAX ERROR



SET BT NAME WT32i-AJ



SET BT CLASS 280428



SET BT IDENT BT:47 f000 6.0.0 Bluegiga iWRAP



SET BT LAP 9e8b33



SET BT PAGEMODE 4 2000 1



SET BT POWER 6 6 6



SET BT ROLE 0 f 2580



SET BT SNIFF 0 20 1 8



SET BT SSP 3 0



SET BT MTU 667



SET CONTROL AUDIO INTERNAL INTERNAL



SET CONTROL BAUD 115200,8n1



SET CONTROL CD 00 0



SET CONTROL CODEC SBC JOINT_STEREO 44100 0



SET CONTROL CONFIG 0000 0000 0000 1100



SET CONTROL ECHO 7



SET CONTROL ESCAPE 43 00 1



SET CONTROL GAIN 8 8



SET CONTROL MICBIAS b 0



SET CONTROL MSC DTE 00 00 00 00 00 00



SET CONTROL PIO 00 00 00



SET CONTROL PREAMP 1 1



SET CONTROL READY 00



SET CONTROL VREGEN 0 00



SET PROFILE A2DP SOURCE

WRAP THOR AI (6.0.0 build 952)

Copyright (c) 2003-2014 Bluegiga Technologies Inc.

WRAP THOR AI (6.0.0 build 952)

SYNTAX ERROR



Copyright (c) 2003-2014 Bluegiga Technologies Inc.

SYNTAX ERROR



WRAP THOR AI (6.0.0 build 952)

SYNTAX ERROR



SYNTAX ERROR

SYNTAX ERROR







Copyright (c) 2003-2014 Bluegiga Technologies Inc.

SYNTAX ERROR



SYNTAX ERROR

SYNTAX ERROR







WRAP THOR AI (6.0.0 build 952)

SYNTAX ERROR



SYNTAX ERROR

SYNTAX ERROR







SYNTAX ERROR

SYNTAX ERROR



SYNTAX ERROR

SYNTAX ERROR















Copyright (c) 2003-2014 Bluegiga Technologies Inc.

SYNTAX ERROR



SYNTAX ERROR

SYNTAX ERROR







SYNTAX ERROR

SYNTAX ERROR



SYNTAX ERROR

SYNTAX ERROR















WRAP THOR AI (6.0.0 build 952)

SYNTAX ERROR



SYNTAX ERROR

SYNTAX ERROR







SYNTAX ERROR

SYNTAX ERROR



SYNTAX ERROR

SYNTAX ERROR















SYNTAX ERROR

SYNTAX ERROR



SYNTAX ERROR

SYNTAX ERROR







SYNTAX ERROR

SYNTAX ERROR



SYNTAX ERROR

SYNTAX ERROR































Copyright (c) 2003-2014 Bluegiga Technologies Inc.

SYNTAX ERROR



SYNTAX ERROR

SYNTAX ERROR







SYNTAX ERROR

SYNTAX ERROR



SYNTAX ERROR

SYNTAX ERROR















SYNTAX ERROR

SYNTAX ERROR



SYNTAX ERROR

SYNTAX ERROR







SYNTAX ERROR

SYNTAX ERROR



SYNTAX ERROR

SYNTAX ERROR































WRAP THOR AI (6.0.0 build 952)

SYNTAX ERROR



SYNTAX ERROR

SYNTAX ERROR







SYNTAX ERROR

SYNTAX ERROR



SYNTAX ERROR

SYNTAX ERROR















SYNTAX ERROR

SYNTAX ERROR



SYNTAX ERROR

SYNTAX ERROR







SYNTAX ERROR

SYNTAX ERROR



SYNTAX ERROR

SYNTAX ERROR































SYNTAX ERROR

SYNTAX ERROR



SYNTAX ERROR

SYNTAX ERROR







SYNTAX ERROR

SYNTAX ERROR



SYNTAX ERROR

SYNTAX ERROR















SYNTAX ERROR

SYNTAX ERROR



SYNTAX ERROR

SYNTAX ERROR







SYNTAX ERROR

SYNTAX ERROR



SYNTAX ERROR

SYNTAX ERROR































































Copyright (c) 2003-2014 Bluegiga Technologies Inc.

SYNTAX ERROR



SYNTAX ERROR

SYNTAX ERROR







SYNTAX ERROR

SYNTAX ERROR



SYNTAX ERROR

SYNTAX ERROR















SYNTAX ERROR

SYNTAX ERROR



SYNTAX ERROR

SYNTAX ERROR







SYNTAX ERROR

SYNTAX ERROR



SYNTAX ERROR

SYNTAX ERROR































SYNTAX ERROR

SYNTAX ERROR



SYNTAX ERROR

SYNTAX ERROR







SYNTAX ERROR

SYNTAX ERROR



SYNTAX ERROR

SYNTAX ERROR















SYNTAX ERROR

SYNTAX ERROR



SYNTAX ERROR

SYNTAX ERROR







SYNTAX ERROR

SYNTAX ERROR



SYNTAX ERROR

WRAP THOR AI (6.0.0 build 952)

Copyright (c) 2003-2014 Bluegiga Technologies Inc.

WRAP THOR AI (6.0.0 build 952)

SYNTAX ERROR



Copyright (c) 2003-2014 Bluegiga Technologies Inc.

SYNTAX ERROR



WRAP THOR AI (6.0.0 build 952)

SYNTAX ERROR



SYNTAX ERROR

SYNTAX ERROR







Copyright (c) 2003-2014 Bluegiga Technologies Inc.

SYNTAX ERROR



SYNTAX ERROR

SYNTAX ERROR







WRAP THOR AI (6.0.0 build 952)

SYNTAX ERROR



SYNTAX ERROR

SYNTAX ERROR







SYNTAX ERROR

SYNTAX ERROR



SYNTAX ERROR

SYNTAX ERROR















Copyright (c) 2003-2014 Bluegiga Technologies Inc.

SYNTAX ERROR



SYNTAX ERROR

SYNTAX ERROR







SYNTAX ERROR

SYNTAX ERROR



SYNTAX ERROR

SYNTAX ERROR















WRAP THOR AI (6.0.0 build 952)

SYNTAX ERROR



SYNTAX ERROR

SYNTAX ERROR







SYNTAX ERROR

SYNTAX ERROR



SYNTAX ERROR

SYNTAX ERROR















SYNTAX ERROR

SYNTAX ERROR



SYNTAX ERROR

SYNTAX ERROR







SYNTAX ERROR

SYNTAX ERROR



SYNTAX ERROR

SYNTAX ERROR































Copyright (c) 2003-2014 Bluegiga Technologies Inc.

SYNTAX ERROR



SYNTAX ERROR

SYNTAX ERROR







SYNTAX ERROR

SYNTAX ERROR



SYNTAX ERROR

SYNTAX ERROR















SYNTAX ERROR

SYNTAX ERROR



SYNTAX ERROR

SYNTAX ERROR







SYNTAX ERROR

SYNTAX ERROR



SYNTAX ERROR

SYNTAX ERROR































WRAP THOR AI (6.0.0 build 952)

SYNTAX ERROR



SYNTAX ERROR

SYNTAX ERROR







SYNTAX ERROR

SYNTAX ERROR



SYNTAX ERROR

SYNTAX ERROR















SYNTAX ERROR

SYNTAX ERROR



SYNTAX ERROR

SYNTAX ERROR







SYNTAX ERROR

SYNTAX ERROR



SYNTAX ERROR

SYNTAX ERROR































SYNTAX ERROR

SYNTAX ERROR



SYNTAX ERROR

SYNTAX ERROR







SYNTAX ERROR

SYNTAX ERROR



SYNTAX ERROR

SYNTAX ERROR















SYNTAX ERROR

SYNTAX ERROR



SYNTAX ERROR

SYNTAX ERROR







SYNTAX ERROR

SYNTAX ERROR



SYNTAX ERROR


130|toradex_apalis6q:/ # SYNTAX ERROR































































Copyright (c) 2003-2014 Bluegiga Technologies Inc.

SYNTAX ERROR



SYNTAX ERROR

SYNTAX ERROR







SYNTAX ERROR

SYNTAX ERROR



SYNTAX ERROR

SYNTAX ERROR















SYNTAX ERROR

SYNTAX ERROR



SYNTAX ERROR

SYNTAX ERROR







SYNTAX ERROR

SYNTAX ERROR



SYNTAX ERROR

SYNTAX ERROR































SYNTAX ERROR

SYNTAX ERROR



SYNTAX ERROR

SYNTAX ERROR







SYNTAX ERROR

SYNTAX ERROR



SYNTAX ERROR

SYNTAX ERROR















SYNTAX ERROR

SYNTAX ERROR



SYNTAX ERROR

SYNTAX ERROR







SYNTAX ERROR

SYNTAX ERROR



SYNTAX ERROR

reWRAP THOR AI (6.0.0 build 952)

Copyright (c) 2003-2014 Bluegiga Technologies Inc.

WRAP THOR AI (6.0.0 build 952)

SYNTAX ERROR



Copyright (c) 2003-2014 Bluegiga Technologies Inc.

SYNTAX ERROR



WRAP THOR AI (6.0.0 build 952)

SYNTAX ERROR



SYNTAX ERROR

SYNTAX ERROR







Copyright (c) 2003-2014 Bluegiga Technologies Inc.

SYNTAX ERROR



SYNTAX ERROR

SYNTAX ERROR







WRAP THOR AI (6.0.0 build 952)

SYNTAX ERROR



SYNTAX ERROR

SYNTAX ERROR







SYNTAX ERROR

SYNTAX ERROR



SYNTAX ERROR

SYNTAX ERROR















bCopyright (c) 2003-2014 Bluegiga Technologies Inc.

SYNTAX ERROR



SYNTAX ERROR

SYNTAX ERROR







SYNTAX ERROR

SYNTAX ERROR



SYNTAX ERROR

SYNTAX ERROR















WRAP THOR AI (6.0.0 build 952)

SYNTAX ERROR



SYNTAX ERROR

SYNTAX ERROR







SYNTAX ERROR

oSYNTAX ERROR



SYNTAX ERROR

SYNTAX ERROR















SYNTAX ERROR

SYNTAX ERROR



SYNTAX ERROR

SYNTAX ERROR







SYNTAX ERROR

SYNTAX ERROR



SYNTAX ERROR

SYNTAX ERROR































Copyright (c) 2003-2014 Bluegiga Technologies Inc.

oSYNTAX ERROR



SYNTAX ERROR

SYNTAX ERROR







SYNTAX ERROR

SYNTAX ERROR



SYNTAX ERROR

SYNTAX ERROR















SYNTAX ERROR

SYNTAX ERROR



SYNTAX ERROR

SYNTAX ERROR







SYNTAX ERROR

SYNTAX ERROR



SYNTAX ERROR

tSYNTAX ERROR































WRAP THOR AI (6.0.0 build 952)

SYNTAX ERROR



SYNTAX ERROR

SYNTAX ERROR







SYNTAX ERROR

SYNTAX ERROR



SYNTAX ERROR

SYNTAX ERROR















SYNTAX ERROR

SYNTAX ERROR



SYNTAX ERROR

SYNTAX ERROR







SYNTAX ERROR


SYNTAX ERROR



SYNTAX ERROR

SYNTAX ERROR































SYNTAX ERROR

SYNTAX ERROR



SYNTAX ERROR

sysrq: SysRq : Emergency Remount R/O
EXT4-fs (mmcblk0p4): re-mounted. Opts: (null)
SYNTAX ERROR







SYNTAX ERROR

EXT4-fs (mmcblk0p10): re-mounted. Opts: (null)
SYNTAX ERROR



SYNTAX ERROR

Emergency Remount complete
SYNTAX ERROR















SYNTAX ERROR

SYNTAX ERROR



SYNTAX ERROR

SYNTAX ERROR







SYNTAX ERROR

SYNTAX ERROR



SYNTAX ERROR

imx2-wdt 20bc000.wdog: Device shutdown: Expect reboot!
ci_hdrc ci_hdrc.1: remove, state 4
usb usb1: USB disconnect, device number 1
usb 1-1: USB disconnect, device number 2
SYNTAX ERROR















ci_hdrc ci_hdrc.1: USB bus 1 deregistered
































android_work: did not send uevent (0 0   (null))
















Copyright (c) 2003-2014 Bluegiga Technologies Inc.

SYNTAX ERROR



SYNTAX ERROR

SYNTAX ERROR







SYNTAX ERROR

reboot: Restarting system with command ''


U-Boot 2017.03-00002-gebf9dc2527 (Jan 29 2018 - 17:39:17 +0530)

CPU:   Freescale i.MX6Q rev1.5 at 792 MHz
Reset cause: WDOG
I2C:   ready
DRAM:  2 GiB
PMIC: device id: 0x10, revision id: 0x21
PMIC: programmed
MMC:   FSL_SDHC: 0, FSL_SDHC: 1, FSL_SDHC: 2
Unable to allocate framebuffer memory
In:    serial
Out:   serial
Err:   serial
Model: Toradex Apalis iMX6 Quad 2GB IT V1.1C, Serial# 05146387
flash target is MMC:0
Net:   using PHY at 7
FEC [PRIME]
Fastboot: Normal
Hit any key to stop autoboot:  1  0 
boota mmc0 
CACHE: Misaligned operation at range [8ffb79a0, 8ffb7a20]
CACHE: Misaligned operation at range [8ffb79a0, 8ffb7a20]
kernel   @ 14008000 (9802160)
ramdisk  @ 15000000 (1628983)
fdt      @ 14f00000 (53981)
## Booting Android Image at 0x12000000 ...
Kernel load addr 0x14008000 size 9573 KiB
Kernel command line: console=ttymxc0,115200 init=/init video=mxcfb0:dev=ldb,fbpix=RGB32,bpp=32 video=mxcfb1:dev=hdmi,640x480M@60,if=RGB24,bpp=16 video=mxcfb2:off video=mxcfb3:off vmalloc=256M androidboot.console=ttymxc0 consoleblank=0 androidboot.hardware=freescale cma=448M androidboot.selinux=permissive androidboot.dm_verity=disabled buildvariant=user androidboot.serialno=1b2429d4ea997115 androidboot.storage_type=emmc
## Flattened Device Tree blob at 14f00000
   Booting using the fdt blob at 0x14f00000
   Loading Kernel Image ... OK
   Using Device Tree in place at 14f00000, end 14f102dc

Starting kernel ...

Booting Linux on physical CPU 0x0
Linux version 4.9.67-07229-gdc6c16ec0433 (embadmin@ubuntu) (gcc version 4.9 20150123 (prerelease) (GCC) ) #73 SMP PREEMPT Mon Feb 19 12:20:06 IST 2018
CPU: ARMv7 Processor [412fc09a] revision 10 (ARMv7), cr=10c53c7d
CPU: PIPT / VIPT nonaliasing data cache, VIPT aliasing instruction cache
OF: fdt:Machine model: Aravinth : Toradex Apalis iMX6Q/D Module on Ixora V1.1 Carrier Board
cma: Reserved 448 MiB at 0x22000000
Memory policy: Data cache writealloc
percpu: Embedded 15 pages/cpu @ee6b3000 s31040 r8192 d22208 u61440
Built 1 zonelists in Zone order, mobility grouping on.  Total pages: 522768
Kernel command line: console=ttymxc0,115200 init=/init video=mxcfb0:dev=ldb,fbpix=RGB32,bpp=32 video=mxcfb1:dev=hdmi,640x480M@60,if=RGB24,bpp=16 video=mxcfb2:off video=mxcfb3:off vmalloc=256M androidboot.console=ttymxc0 consoleblank=0 androidboot.hardware=freescale cma=448M androidboot.selinux=permissive androidboot.dm_verity=disabled buildvariant=user androidboot.serialno=1b2429d4ea997115 androidboot.storage_type=emmc
PID hash table entries: 4096 (order: 2, 16384 bytes)
Dentry cache hash table entries: 131072 (order: 7, 524288 bytes)
Inode-cache hash table entries: 65536 (order: 6, 262144 bytes)
Memory: 1597048K/2097152K available (13312K kernel code, 1128K rwdata, 4016K rodata, 1024K init, 606K bss, 41352K reserved, 458752K cma-reserved, 1318912K highmem)
Virtual kernel memory layout:
    vector  : 0xffff0000 - 0xffff1000   (   4 kB)
    fixmap  : 0xffc00000 - 0xfff00000   (3072 kB)
    vmalloc : 0xf0000000 - 0xff800000   ( 248 MB)
    lowmem  : 0xc0000000 - 0xef800000   ( 760 MB)
    pkmap   : 0xbfe00000 - 0xc0000000   (   2 MB)
    modules : 0xbf000000 - 0xbfe00000   (  14 MB)
      .text : 0xc0008000 - 0xc0e00000   (14304 kB)
      .init : 0xc1300000 - 0xc1400000   (1024 kB)
      .data : 0xc1400000 - 0xc151a218   (1129 kB)
       .bss : 0xc151a218 - 0xc15b1be0   ( 607 kB)
SLUB: HWalign=64, Order=0-3, MinObjects=0, CPUs=4, Nodes=1
Preemptible hierarchical RCU implementation.
	Build-time adjustment of leaf fanout to 32.
NR_IRQS:16 nr_irqs:16 16
L2C-310 errata 752271 769419 enabled
L2C-310 enabling early BRESP for Cortex-A9
L2C-310 full line of zeros enabled for Cortex-A9
L2C-310 ID prefetch enabled, offset 16 lines
L2C-310 dynamic clock gating enabled, standby mode enabled
L2C-310 cache controller enabled, 16 ways, 1024 kB
L2C-310: CACHE_ID 0x410000c7, AUX_CTRL 0x76470001
Switching to timer-based delay loop, resolution 333ns
sched_clock: 32 bits at 3000kHz, resolution 333ns, wraps every 715827882841ns
clocksource: mxc_timer1: mask: 0xffffffff max_cycles: 0xffffffff, max_idle_ns: 637086815595 ns
Console: colour dummy device 80x30
Calibrating delay loop (skipped), value calculated using timer frequency.. 6.00 BogoMIPS (lpj=30000)
pid_max: default: 32768 minimum: 301
Security Framework initialized
SELinux:  Initializing.
Mount-cache hash table entries: 2048 (order: 1, 8192 bytes)
Mountpoint-cache hash table entries: 2048 (order: 1, 8192 bytes)
CPU: Testing write buffer coherency: ok
CPU0: update cpu_capacity 1024
CPU0: thread -1, cpu 0, socket 0, mpidr 80000000
Setting up static identity map for 0x10100000 - 0x10100058
CPU1: update cpu_capacity 1024
CPU1: thread -1, cpu 1, socket 0, mpidr 80000001
CPU2: update cpu_capacity 1024
CPU2: thread -1, cpu 2, socket 0, mpidr 80000002
CPU3: update cpu_capacity 1024
CPU3: thread -1, cpu 3, socket 0, mpidr 80000003
Brought up 4 CPUs
SMP: Total of 4 processors activated (24.00 BogoMIPS).
CPU: All CPU(s) started in SVC mode.
CPU3: update max cpu_capacity 1024
devtmpfs: initialized
CPU2: update max cpu_capacity 1024
VFP support v0.3: implementor 41 architecture 3 part 30 variant 9 rev 4
clocksource: jiffies: mask: 0xffffffff max_cycles: 0xffffffff, max_idle_ns: 19112604462750000 ns
futex hash table entries: 1024 (order: 4, 65536 bytes)
pinctrl core: initialized pinctrl subsystem
NET: Registered protocol family 16
DMA: preallocated 256 KiB pool for atomic coherent allocations
cpuidle: using governor menu
CPU identified as i.MX6Q, silicon rev 1.5
hw-breakpoint: found 5 (+1 reserved) breakpoint and 1 watchpoint registers.
hw-breakpoint: maximum watchpoint size is 4 bytes.
imx6q-pinctrl 20e0000.iomuxc: initialized IMX pinctrl driver
imx-gpc 20dc000.gpc: no fsl,ldo-bypass found!
imx-gpc 20dc000.gpc: Registered imx-gpc
mxs-dma 110000.dma-apbh: initialized
usb_host_vbus: supplied by usb_host_vbus_hub
SCSI subsystem initialized
usbcore: registered new interface driver usbfs
usbcore: registered new interface driver hub
usbcore: registered new device driver usb
2000000.aips-bus:usbphy_nop1 supply vcc not found, using dummy regulator
2000000.aips-bus:usbphy_nop2 supply vcc not found, using dummy regulator
i2c i2c-1: IMX I2C adapter registered
i2c i2c-1: can't use DMA, using PIO instead.
stmpe-i2c 2-0041: stmpe811 detected, chip id: 0x811
i2c i2c-2: IMX I2C adapter registered
i2c i2c-2: can't use DMA, using PIO instead.
i2c i2c-3: IMX I2C adapter registered
i2c i2c-3: can't use DMA, using PIO instead.
Linux video capture interface: v2.00
pps_core: LinuxPPS API ver. 1 registered
pps_core: Software ver. 5.3.6 - Copyright 2005-2007 Rodolfo Giometti <giometti@linux.it>
PTP clock support registered
imx-ipuv3 2400000.ipu: IPU DMFC NORMAL mode: 1(0~1), 5B(4,5), 5F(6,7)
imx-ipuv3 2800000.ipu: IPU DMFC NORMAL mode: 1(0~1), 5B(4,5), 5F(6,7)
mxc_mipi_csi2 21dc000.mipi_csi: i.MX MIPI CSI2 driver probed ipu0 csi1
mxc_mipi_csi2 21dc000.mipi_csi: i.MX MIPI CSI2 dphy version is 0x3130302a
MIPI CSI2 driver module loaded
imx rpmsg driver is registered.
Advanced Linux Sound Architecture Driver Initialized.
Bluetooth: Core ver 2.22
NET: Registered protocol family 31
Bluetooth: HCI device and connection manager initialized
Bluetooth: HCI socket layer initialized
Bluetooth: L2CAP socket layer initialized
Bluetooth: SCO socket layer initialized
clocksource: Switched to clocksource mxc_timer1
VFS: Disk quotas dquot_6.6.0
VFS: Dquot-cache hash table entries: 1024 (order 0, 4096 bytes)
NET: Registered protocol family 2
TCP established hash table entries: 8192 (order: 3, 32768 bytes)
TCP bind hash table entries: 8192 (order: 4, 65536 bytes)
TCP: Hash tables configured (established 8192 bind 8192)
UDP hash table entries: 512 (order: 2, 16384 bytes)
UDP-Lite hash table entries: 512 (order: 2, 16384 bytes)
NET: Registered protocol family 1
RPC: Registered named UNIX socket transport module.
RPC: Registered udp transport module.
RPC: Registered tcp transport module.
RPC: Registered tcp NFSv4.1 backchannel transport module.
Trying to unpack rootfs image as initramfs...
Freeing initrd memory: 1592K
hw perfevents: enabled with armv7_cortex_a9 PMU driver, 7 counters available
Bus freq driver module loaded
audit: initializing netlink subsys (disabled)
audit: type=2000 audit(0.870:1): initialized
workingset: timestamp_bits=30 max_order=19 bucket_order=0
NFS: Registering the id_resolver key type
Key type id_resolver registered
Key type id_legacy registered
ntfs: driver 2.1.32 [Flags: R/W DEBUG].
jffs2: version 2.2. (NAND) Â© 2001-2006 Red Hat, Inc.
fuse init (API version 7.26)
bounce: pool size: 64 pages
io scheduler noop registered
io scheduler deadline registered
io scheduler cfq registered (default)
backlight supply power not found, using dummy regulator
20e0000.hdmi_video supply HDMI not found, using dummy regulator
mxc_sdc_fb fb@0: registered mxc display driver ldb
imx-ipuv3 2800000.ipu: IPU DMFC DP HIGH RESOLUTION: 1(0,1), 5B(2~5), 5F(6,7)
Console: switching to colour frame buffer device 128x48
mxc_hdmi 20e0000.hdmi_video: Detected HDMI controller 0x13:0xa:0xa0:0xc1
fbcvt: 640x480@60: CVT Name - .307M3
mxc_sdc_fb fb@1: registered mxc display driver hdmi
mxc_sdc_fb fb@2: Can't get fb option for mxcfb2!
mxc_sdc_fb fb@3: Can't get fb option for mxcfb3!
imx-sdma 20ec000.sdma: no iram assigned, using external mem
imx-sdma 20ec000.sdma: loaded firmware 3.3
pfuze100-regulator 2-0008: Full layer: 2, Metal layer: 1
pfuze100-regulator 2-0008: FAB: 0, FIN: 0
pfuze100-regulator 2-0008: pfuze100 found.
2020000.serial: ttymxc0 at MMIO 0x2020000 (irq = 29, base_baud = 5000000) is a IMX
console [ttymxc0] enabled
21e8000.serial: ttymxc1 at MMIO 0x21e8000 (irq = 78, base_baud = 5000000) is a IMX
21f0000.serial: ttymxc3 at MMIO 0x21f0000 (irq = 79, base_baud = 5000000) is a IMX
21f4000.serial: ttymxc4 at MMIO 0x21f4000 (irq = 80, base_baud = 5000000) is a IMX
imx sema4 driver is registered.
[drm] Initialized
[drm] Initialized vivante 1.0.0 20120216 on minor 0
brd: module loaded
loop: module loaded
zram: Added device: zram0
ahci-imx 2200000.sata: fsl,transmit-level-mV not specified, using 00000024
ahci-imx 2200000.sata: fsl,transmit-boost-mdB not specified, using 00000480
ahci-imx 2200000.sata: fsl,transmit-atten-16ths not specified, using 00002000
ahci-imx 2200000.sata: fsl,receive-eq-mdB not specified, using 05000000
ahci-imx 2200000.sata: SSS flag set, parallel bus scan disabled
ahci-imx 2200000.sata: AHCI 0001.0300 32 slots 1 ports 3 Gbps 0x1 impl platform mode
ahci-imx 2200000.sata: flags: ncq sntf stag pm led clo only pmp pio slum part ccc apst 
scsi host0: ahci-imx
ata1: SATA max UDMA/133 mmio [mem 0x02200000-0x02203fff] port 0x100 irq 87
spi_imx 2008000.ecspi: probed
libphy: Fixed MDIO Bus: probed
tun: Universal TUN/TAP device driver, 1.6
tun: (C) 1999-2004 Max Krasnyansky <maxk@qualcomm.com>
CAN device driver interface
2090000.flexcan supply xceiver not found, using dummy regulator
flexcan 2090000.flexcan: device registered (reg_base=f02f4000, irq=38)
2094000.flexcan supply xceiver not found, using dummy regulator
flexcan 2094000.flexcan: device registered (reg_base=f02fc000, irq=39)
2188000.ethernet supply phy not found, using dummy regulator
pps pps0: new PPS source ptp0
libphy: fec_enet_mii_bus: probed
fec 2188000.ethernet eth0: registered PHC device 0
PPP generic driver version 2.4.2
PPP BSD Compression module registered
PPP Deflate Compression module registered
PPP MPPE Compression module registered
NET: Registered protocol family 24
usbcore: registered new interface driver kaweth
pegasus: v0.9.3 (2013/04/25), Pegasus/Pegasus II USB Ethernet driver
usbcore: registered new interface driver pegasus
usbcore: registered new interface driver rtl8150
usbcore: registered new interface driver r8152
usbcore: registered new interface driver asix
usbcore: registered new interface driver ax88179_178a
usbcore: registered new interface driver cdc_ether
usbcore: registered new interface driver cdc_eem
usbcore: registered new interface driver net1080
usbcore: registered new interface driver cdc_subset
usbcore: registered new interface driver zaurus
usbcore: registered new interface driver cdc_ncm
ehci_hcd: USB 2.0 'Enhanced' Host Controller (EHCI) Driver
ehci-mxc: Freescale On-Chip EHCI Host driver
usbcore: registered new interface driver cdc_acm
cdc_acm: USB Abstract Control Model driver for USB modems and ISDN adapters
usbcore: registered new interface driver usb-storage
usbcore: registered new interface driver usbserial
usbcore: registered new interface driver usbserial_generic
usbserial: USB Serial support registered for generic
usbcore: registered new interface driver ftdi_sio
usbserial: USB Serial support registered for FTDI USB Serial Device
usbcore: registered new interface driver option
usbserial: USB Serial support registered for GSM modem (1-port)
usbcore: registered new interface driver usbtest
usbcore: registered new interface driver usb_ehset_test
2184800.usbmisc supply vbus-wakeup not found, using dummy regulator
ci_hdrc ci_hdrc.1: EHCI Host Controller
ci_hdrc ci_hdrc.1: new USB bus registered, assigned bus number 1
ci_hdrc ci_hdrc.1: USB 2.0 started, EHCI 1.00
usb usb1: New USB device found, idVendor=1d6b, idProduct=0002
usb usb1: New USB device strings: Mfr=3, Product=2, SerialNumber=1
usb usb1: Product: EHCI Host Controller
usb usb1: Manufacturer: Linux 4.9.67-07229-gdc6c16ec0433 ehci_hcd
usb usb1: SerialNumber: ci_hdrc.1
hub 1-0:1.0: USB hub found
hub 1-0:1.0: 1 port detected
ata1: SATA link down (SStatus 0 SControl 300)
ahci-imx 2200000.sata: no device found, disabling link.
ahci-imx 2200000.sata: pass ahci_imx..hotplug=1 to enable hotplug
mousedev: PS/2 mouse device common for all mice
usbcore: registered new interface driver xpad
usbcore: registered new interface driver usb_acecad
usbcore: registered new interface driver aiptek
usbcore: registered new interface driver gtco
usbcore: registered new interface driver hanwang
usbcore: registered new interface driver kbtab
input: stmpe-ts as /devices/soc0/soc/2100000.aips-bus/21a4000.i2c/i2c-2/2-0041/stmpe-ts/input/input0
snvs_rtc 20cc000.snvs:snvs-rtc-lp: rtc core: registered 20cc000.snvs:snvs-r as rtc0
i2c /dev entries driver
IR NEC protocol handler initialized
IR RC5(x/sz) protocol handler initialized
IR RC6 protocol handler initialized
IR JVC protocol handler initialized
IR Sony protocol handler initialized
IR SANYO protocol handler initialized
IR Sharp protocol handler initialized
IR MCE Keyboard/mouse protocol handler initialized
IR XMP protocol handler initialized
mxc_v4l2_output v4l2_out: V4L2 device registered as video16
mxc_v4l2_output v4l2_out: V4L2 device registered as video17
mxc_v4l2_output v4l2_out: V4L2 device registered as video18
mxc_v4l2_output v4l2_out: V4L2 device registered as video19
ov564x_mipi 3-003c: found pwm2, period=0
usb 1-1: new high-speed USB device number 2 using ci_hdrc
ov5640_read_reg:write reg error:reg=300a
camera ov5640_mipi is not found
usbcore: registered new interface driver uvcvideo
USB Video Class driver (1.1.1)
imx2-wdt 20bc000.wdog: timeout 60 sec (nowayout=0)
device-mapper: uevent: version 1.0.3
device-mapper: ioctl: 4.35.0-ioctl (2016-06-23) initialised: dm-devel@redhat.com
Bluetooth: HCI UART driver ver 2.3
Bluetooth: HCI UART protocol H4 registered
Bluetooth: HCI UART protocol BCSP registered
Bluetooth: HCI UART protocol ATH3K registered
usbcore: registered new interface driver btusb
sdhci: Secure Digital Host Controller Interface driver
sdhci: Copyright(c) Pierre Ossman
sdhci-pltfm: SDHCI platform and OF driver helper
sdhci-esdhc-imx 2190000.usdhc: could not get ultra high speed state, work on normal mode
sdhci-esdhc-imx 2190000.usdhc: Got CD GPIO
mmc1: SDHCI controller on 2190000.usdhc [2190000.usdhc] using ADMA
sdhci-esdhc-imx 2198000.usdhc: could not get ultra high speed state, work on normal mode
usb 1-1: New USB device found, idVendor=0424, idProduct=2514
usb 1-1: New USB device strings: Mfr=0, Product=0, SerialNumber=0
hub 1-1:1.0: USB hub found
hub 1-1:1.0: 4 ports detected
mmc0: SDHCI controller on 2198000.usdhc [2198000.usdhc] using ADMA
mxc_vpu 2040000.vpu_fsl: VPU initialized
mxc_vdoa 21e4000.vdoa: i.MX Video Data Order Adapter(VDOA) driver probed
mxc_hdmi_cec soc:hdmi_cec@00120000: HDMI CEC initialized
Galcore version 6.2.2.96445
mmc0: new DDR MMC card at address 0001
mmcblk0: mmc0:0001 Q2J54A 3.59 GiB 
mmcblk0boot0: mmc0:0001 Q2J54A partition 1 16.0 MiB
mmcblk0boot1: mmc0:0001 Q2J54A partition 2 16.0 MiB
random: fast init done
Alternate GPT is invalid, using primary GPT.
 mmcblk0: p1 p2 p3 p4 p5 p6 p7 p8 p9 p10 p11
caam 2100000.caam: ERA source: CAAMVID.
caam 2100000.caam: AXI pipeline throttling enabled.
caam 2100000.caam: Instantiated RNG4 SH1
caam 2100000.caam: device ID = 0x0a16010000000000 (Era 4)
caam 2100000.caam: job rings = 2, qi = 0
caam algorithms registered in /proc/crypto
caam_jr 2101000.jr0: registering rng-caam
platform caam_sm: blkkey_ex: 4 keystore units available
platform caam_sm: 64-bit clear key:
platform caam_sm: [0000] 00 01 02 03 04 0f 06 07
platform caam_sm: 64-bit black key:
platform caam_sm: [0000] 47 39 ab ef e9 6d 45 4d
platform caam_sm: [0008] b0 e1 11 3a 31 a5 52 75
platform caam_sm: 128-bit clear key:
platform caam_sm: [0000] 00 01 02 03 04 0f 06 07
platform caam_sm: [0008] 08 09 0a 0b 0c 0d 0e 0f
platform caam_sm: 128-bit black key:
platform caam_sm: [0000] 1e da 9c b7 1d 1e a7 fd
platform caam_sm: [0008] 5f 99 81 65 30 eb 43 52
platform caam_sm: 192-bit clear key:
platform caam_sm: [0000] 00 01 02 03 04 0f 06 07
platform caam_sm: [0008] 08 09 0a 0b 0c 0d 0e 0f
platform caam_sm: [0016] 10 11 12 13 14 15 16 17
platform caam_sm: 192-bit black key:
platform caam_sm: [0000] ff 05 42 a9 0c 58 68 1d
platform caam_sm: [0008] 77 f3 c2 0a b6 46 48 ab
platform caam_sm: [0016] e8 fa 4e 65 d6 f0 d2 7d
platform caam_sm: [0024] 8d 2c 40 c0 cd d9 6f ed
platform caam_sm: 256-bit clear key:
platform caam_sm: [0000] 00 01 02 03 04 0f 06 07
platform caam_sm: [0008] 08 09 0a 0b 0c 0d 0e 0f
platform caam_sm: [0016] 10 11 12 13 14 15 16 17
platform caam_sm: [0024] 18 19 1a 1b 1c 1d 1e 1f
platform caam_sm: 256-bit black key:
platform caam_sm: [0000] 99 cb 7a d3 17 6f 54 88
platform caam_sm: [0008] b6 f8 c5 15 01 f8 89 d9
platform caam_sm: [0016] 73 4a 0c cd 31 0f 95 30
platform caam_sm: [0024] c2 22 b5 db 92 44 76 1e
platform caam_sm: 64-bit unwritten blob:
platform caam_sm: [0000] 00 00 00 00 00 00 00 00
platform caam_sm: [0008] 00 00 00 00 00 00 00 00
platform caam_sm: [0016] 00 00 00 00 00 00 00 00
platform caam_sm: [0024] 00 00 00 00 00 00 00 00
platform caam_sm: [0032] 00 00 00 00 00 00 00 00
platform caam_sm: [0040] 00 00 00 00 00 00 00 00
platform caam_sm: [0048] 00 00 00 00 00 00 00 00
platform caam_sm: [0056] 00 00 00 00 00 00 00 00
platform caam_sm: [0064] 00 00 00 00 00 00 00 00
platform caam_sm: [0072] 00 00 00 00 00 00 00 00
platform caam_sm: [0080] 00 00 00 00 00 00 00 00
platform caam_sm: [0088] 00 00 00 00 00 00 00 00
platform caam_sm: 128-bit unwritten blob:
platform caam_sm: [0000] 00 00 00 00 00 00 00 00
platform caam_sm: [0008] 00 00 00 00 00 00 00 00
platform caam_sm: [0016] 00 00 00 00 00 00 00 00
platform caam_sm: [0024] 00 00 00 00 00 00 00 00
platform caam_sm: [0032] 00 00 00 00 00 00 00 00
platform caam_sm: [0040] 00 00 00 00 00 00 00 00
platform caam_sm: [0048] 00 00 00 00 00 00 00 00
platform caam_sm: [0056] 00 00 00 00 00 00 00 00
platform caam_sm: [0064] 00 00 00 00 00 00 00 00
platform caam_sm: [0072] 00 00 00 00 00 00 00 00
platform caam_sm: [0080] 00 00 00 00 00 00 00 00
platform caam_sm: [0088] 00 00 00 00 00 00 00 00
platform caam_sm: 196-bit unwritten blob:
platform caam_sm: [0000] 00 00 00 00 00 00 00 00
platform caam_sm: [0008] 00 00 00 00 00 00 00 00
platform caam_sm: [0016] 00 00 00 00 00 00 00 00
platform caam_sm: [0024] 00 00 00 00 00 00 00 00
platform caam_sm: [0032] 00 00 00 00 00 00 00 00
platform caam_sm: [0040] 00 00 00 00 00 00 00 00
platform caam_sm: [0048] 00 00 00 00 00 00 00 00
platform caam_sm: [0056] 00 00 00 00 00 00 00 00
platform caam_sm: [0064] 00 00 00 00 00 00 00 00
platform caam_sm: [0072] 00 00 00 00 00 00 00 00
platform caam_sm: [0080] 00 00 00 00 00 00 00 00
platform caam_sm: [0088] 00 00 00 00 00 00 00 00
platform caam_sm: 256-bit unwritten blob:
platform caam_sm: [0000] 00 00 00 00 00 00 00 00
platform caam_sm: [0008] 00 00 00 00 00 00 00 00
platform caam_sm: [0016] 00 00 00 00 00 00 00 00
platform caam_sm: [0024] 00 00 00 00 00 00 00 00
platform caam_sm: [0032] 00 00 00 00 00 00 00 00
platform caam_sm: [0040] 00 00 00 00 00 00 00 00
platform caam_sm: [0048] 00 00 00 00 00 00 00 00
platform caam_sm: [0056] 00 00 00 00 00 00 00 00
platform caam_sm: [0064] 00 00 00 00 00 00 00 00
platform caam_sm: [0072] 00 00 00 00 00 00 00 00
platform caam_sm: [0080] 00 00 00 00 00 00 00 00
platform caam_sm: [0088] 00 00 00 00 00 00 00 00
platform caam_sm: 64-bit black key in blob:
platform caam_sm: [0000] 2b d8 51 02 64 7b 7a be
platform caam_sm: [0008] a1 1e 25 75 f0 96 16 cc
platform caam_sm: [0016] 0c c7 77 1f f0 b5 4b f5
platform caam_sm: [0024] b2 47 63 88 3d 94 69 a8
platform caam_sm: [0032] 13 21 69 f9 7c d9 86 2c
platform caam_sm: [0040] 38 4e 67 df 3f 01 e5 43
platform caam_sm: [0048] dc b8 44 ca 84 05 50 dd
platform caam_sm: [0056] 00 00 00 00 00 00 00 00
platform caam_sm: [0064] 00 00 00 00 00 00 00 00
platform caam_sm: [0072] 00 00 00 00 00 00 00 00
platform caam_sm: [0080] 00 00 00 00 00 00 00 00
platform caam_sm: [0088] 00 00 00 00 00 00 00 00
platform caam_sm: 128-bit black key in blob:
platform caam_sm: [0000] c9 7b 57 af 04 43 ee e7
platform caam_sm: [0008] 26 ac 7a 6b 1a 25 82 68
platform caam_sm: [0016] 86 99 a0 b9 97 b6 d4 13
platform caam_sm: [0024] 84 be 82 6f 27 d5 5a 6b
platform caam_sm: [0032] 1e 90 2b 2f 51 36 62 2c
platform caam_sm: [0040] 1d f1 c3 29 74 a0 ea 71
platform caam_sm: [0048] c6 f8 df 0b 85 4a d4 ff
platform caam_sm: [0056] 53 2e fa 72 b9 c7 cb 49
platform caam_sm: [0064] 00 00 00 00 00 00 00 00
platform caam_sm: [0072] 00 00 00 00 00 00 00 00
platform caam_sm: [0080] 00 00 00 00 00 00 00 00
platform caam_sm: [0088] 00 00 00 00 00 00 00 00
platform caam_sm: 192-bit black key in blob:
platform caam_sm: [0000] 2e 1c d4 12 fc 74 91 21
platform caam_sm: [0008] a7 5e 38 bc 44 4f 0f 45
platform caam_sm: [0016] 4b 9a 10 ab 7b 0b a4 43
platform caam_sm: [0024] 22 53 1b 55 ca d5 43 b2
platform caam_sm: [0032] 39 f9 32 c8 b9 88 2b 8a
platform caam_sm: [0040] b3 a2 87 22 e8 4e c9 6c
platform caam_sm: [0048] 91 4d 95 33 68 c8 d2 a7
platform caam_sm: [0056] b5 dc db 6e d8 fe c4 54
platform caam_sm: [0064] c2 2b 2c 60 98 e1 b4 a4
platform caam_sm: [0072] 00 00 00 00 00 00 00 00
platform caam_sm: [0080] 00 00 00 00 00 00 00 00
platform caam_sm: [0088] 00 00 00 00 00 00 00 00
platform caam_sm: 256-bit black key in blob:
platform caam_sm: [0000] 33 7c c6 36 9b ad 98 de
platform caam_sm: [0008] 79 26 63 ad a1 3a ed fc
platform caam_sm: [0016] f3 ac e0 75 9a 83 47 67
platform caam_sm: [0024] 18 d7 41 fa c9 29 5d d3
platform caam_sm: [0032] 01 4f b6 86 db b7 2f 60
platform caam_sm: [0040] b8 da cc ee 1c 1d fd 58
platform caam_sm: [0048] 3c a3 fd 08 4d 6d 92 c1
platform caam_sm: [0056] 0e ab 4a 07 7f 35 a6 a2
platform caam_sm: [0064] c7 36 40 79 65 95 fb 53
platform caam_sm: [0072] ab d7 85 c9 4c 03 73 ac
platform caam_sm: [0080] 00 00 00 00 00 00 00 00
platform caam_sm: [0088] 00 00 00 00 00 00 00 00
platform caam_sm: restored 64-bit black key:
platform caam_sm: [0000] e8 d9 4e 50 9d 2e 69 18
platform caam_sm: [0008] 2f e2 09 39 be 35 fc 33
platform caam_sm: restored 128-bit black key:
platform caam_sm: [0000] 1e da 9c b7 1d 1e a7 fd
platform caam_sm: [0008] 5f 99 81 65 30 eb 43 52
platform caam_sm: restored 192-bit black key:
platform caam_sm: [0000] ff 05 42 a9 0c 58 68 1d
platform caam_sm: [0008] 77 f3 c2 0a b6 46 48 ab
platform caam_sm: [0016] ea 76 54 62 77 8f 9f 55
platform caam_sm: [0024] e2 39 04 66 72 21 aa 10
platform caam_sm: restored 256-bit black key:
platform caam_sm: [0000] 99 cb 7a d3 17 6f 54 88
platform caam_sm: [0008] b6 f8 c5 15 01 f8 89 d9
platform caam_sm: [0016] 73 4a 0c cd 31 0f 95 30
platform caam_sm: [0024] c2 22 b5 db 92 44 76 1e
snvs-secvio 20cc000.caam-snvs: can't get snvs clock
snvs-secvio 20cc000.caam-snvs: violation handlers armed - non-secure state
hidraw: raw HID events driver (C) Jiri Kosina
usbcore: registered new interface driver usbhid
usbhid: USB HID core driver
ashmem: initialized
usbcore: registered new interface driver snd-usb-audio
sgtl5000 2-000a: sgtl5000 revision 0x11
fsl-ssi-dai 2028000.ssi: No cache defaults, reading back from HW
imx-sgtl5000 sound: sgtl5000 <-> 2028000.ssi mapping ok
imx-spdif sound-spdif: snd-soc-dummy-dai <-> 2004000.spdif mapping ok
imx-audio-hdmi sound-hdmi: hdmi-hifi.0 <-> soc:hdmi_audio@00120000 mapping ok
NET: Registered protocol family 26
u32 classifier
    Actions configured
Netfilter messages via NETLINK v0.30.
nf_conntrack version 0.5.0 (16384 buckets, 65536 max)
ctnetlink v0.93: registering with nfnetlink.
xt_time: kernel timezone is -0000
ip_tables: (C) 2000-2006 Netfilter Core Team
arp_tables: arp_tables: (C) 2002 David S. Miller
Initializing XFRM netlink socket
NET: Registered protocol family 10
mip6: Mobile IPv6
ip6_tables: (C) 2000-2006 Netfilter Core Team
sit: IPv6, IPv4 and MPLS over IPv4 tunneling driver
NET: Registered protocol family 17
NET: Registered protocol family 15
can: controller area network core (rev 20120528 abi 9)
NET: Registered protocol family 29
can: raw protocol (rev 20120528)
can: broadcast manager protocol (rev 20161123 t)
can: netlink gateway (rev 20130117) max_hops=1
Bluetooth: RFCOMM TTY layer initialized
Bluetooth: RFCOMM socket layer initialized
Bluetooth: RFCOMM ver 1.11
Bluetooth: BNEP (Ethernet Emulation) ver 1.3
Bluetooth: BNEP filters: protocol multicast
Bluetooth: BNEP socket layer initialized
Bluetooth: HIDP (Human Interface Emulation) ver 1.2
Bluetooth: HIDP socket layer initialized
8021q: 802.1Q VLAN Support v1.8
Key type dns_resolver registered
cpu cpu0: Registered imx6q-cpufreq
registered taskstats version 1
imx_thermal 2000000.aips-bus:tempmon: Industrial CPU temperature grade - max:105C critical:100C passive:95C
dhd_module_init in
input: gpio-keys as /devices/soc0/gpio-keys/input/input1
snvs_rtc 20cc000.snvs:snvs-rtc-lp: setting system clock to 1970-01-01 00:01:20 UTC (80)
usb_otg_vbus: disabling
ALSA device list:
  #0: imx6q-apalis-sgtl5000
  #1: imx-spdif
  #2: imx-hdmi-soc
Freeing unused kernel memory: 1024K
init: init first stage started!
SELinux:  Permission validate_trans in class security not defined in policy.
SELinux:  Class cap_userns not defined in policy.
SELinux:  Class cap2_userns not defined in policy.
SELinux: the above unknown classes and permissions will be denied
audit: type=1403 audit(80.630:2): policy loaded auid=4294967295 ses=4294967295
init: (Initializing SELinux non-enforcing took 0.11s.)
init: init second stage started!
init: Running restorecon...
init: waitpid failed: No child processes
init: (Loading properties from /default.prop took 0.00s.)
init: (Parsing /init.environ.rc took 0.00s.)
init: (Parsing /init.usb.rc took 0.00s.)
init: (Parsing init.freescale.usb.rc took 0.00s.)
init: (Parsing init.freescale.i.MX6Q.rc took 0.00s.)
init: (Parsing init.freescale.emmc.rc took 0.00s.)
init: (Parsing /init.freescale.rc took 0.02s.)
ueventd: ueventd started!
ueventd: Coldboot took 0.43s.
Console: switching to colour dummy device 80x30
watchdogd: started (interval 10, margin 20)!
EXT4-fs (mmcblk0p3): mounted filesystem with ordered data mode. Opts: barrier=1
EXT4-fs (mmcblk0p10): Ignoring removed nomblk_io_submit option
EXT4-fs (mmcblk0p10): mounted filesystem with ordered data mode. Opts: nomblk_io_submit,noauto_da_alloc,errors=panic
EXT4-fs (mmcblk0p4): Ignoring removed nomblk_io_submit option
EXT4-fs (mmcblk0p4): mounted filesystem with ordered data mode. Opts: nomblk_io_submit
EXT4-fs (mmcblk0p5): mounted filesystem with ordered data mode. Opts: (null)
file system registered
using random self ethernet address
using random host ethernet address
zram0: detected capacity change from 0 to 314572800
logd.auditd: start
logd.klogd: 7215961000
Adding 307196k swap on /dev/block/zram0.  Priority:-1 extents:1 across:307196k SS
binder: 254:254 transaction failed 29189, size 0-0
type=1400 audit(83.340:3): avc: denied { entrypoint } for pid=260 comm="init" path="/system/bin/can-config.sh" dev="mmcblk0p3" ino=255 scontext=u:r:obd:s0 tcontext=u:object_r:system_file:s0 tclass=file permissive=1
toradex_apalis6q:/ # logd.daemon: reinit
type=1400 audit(83.350:4): avc: denied { read execute } for pid=260 comm="can-config.sh" path="/system/bin/sh" dev="mmcblk0p3" ino=442 scontext=u:r:obd:s0 tcontext=u:object_r:shell_exec:s0 tclass=file permissive=1
type=1400 audit(83.400:5): avc: denied { getattr } for pid=260 comm="can-config.sh" path="/system/bin/sh" dev="mmcblk0p3" ino=442 scontext=u:r:obd:s0 tcontext=u:object_r:shell_exec:s0 tclass=file permissive=1
type=1400 audit(83.410:6): avc: denied { getattr } for pid=260 comm="can-config.sh" path="/vendor" dev="rootfs" ino=6500 scontext=u:r:obd:s0 tcontext=u:object_r:rootfs:s0 tclass=lnk_file permissive=1
type=1400 audit(83.490:7): avc: denied { create } for pid=261 comm="obd" scontext=u:r:obd:s0 tcontext=u:r:obd:s0 tclass=socket permissive=1
type=1400 audit(83.490:8): avc: denied { ioctl } for pid=261 comm="obd" path="socket:[12340]" dev="sockfs" ino=12340 ioctlcmd=0x8933 scontext=u:r:obd:s0 tcontext=u:r:obd:s0 tclass=socket permissive=1
type=1400 audit(83.490:9): avc: denied { bind } for pid=261 comm="obd" scontext=u:r:obd:s0 tcontext=u:r:obd:s0 tclass=socket permissive=1
IPv6: ADDRCONF(NETDEV_CHANGE): can0: link becomes ready
healthd: No battery devices found
ERROR: v4l2 capture: slave not found! V4L2_CID_HUE
ERROR: v4l2 capture: slave not found! V4L2_CID_HUE
imx-hdmi-audio imx-hdmi-audio: HDMI Video is not ready!
imx-hdmi-audio imx-hdmi-audio: ASoC: can't open platform imx-hdmi-audio: -22
imx-hdmi-audio imx-hdmi-audio: HDMI Video is not ready!
imx-hdmi-audio imx-hdmi-audio: ASoC: can't open platform imx-hdmi-audio: -22

toradex_apalis6q:/ # capability: warning: `main' uses 32-bit capabilities (legacy support in use)
init: write_file: Unable to open '/sys/devices/system/cpu/cpufreq/interactive/timer_rate': No such file or directory
init: write_file: Unable to open '/sys/devices/system/cpu/cpufreq/interactive/min_sample_time': No such file or directory
type=1400 audit(92.620:34): avc: denied { write } for pid=261 comm="obd" path="socket:[12340]" dev="sockfs" ino=12340 scontext=u:r:obd:s0 tcontext=u:r:obd:s0 tclass=socket permissive=1

toradex_apalis6q:/ # 
toradex_apalis6q:/ # 
toradex_apalis6q:/ # 
toradex_apalis6q:/ # init: write_file: Unable to open '/proc/sys/vm/extra_free_kbytes': No such file or directory
init: write_file: Unable to write to '/config/usb_gadget/g1/UDC': No such device
acc_open
acc_release

toradex_apalis6q:/ # 
toradex_apalis6q:/ # Micrel KSZ9031 Gigabit PHY 2188000.ethernet-1:07: attached PHY driver [Micrel KSZ9031 Gigabit PHY] (mii_bus:phy_addr=2188000.ethernet-1:07, irq=120)
IPv6: ADDRCONF(NETDEV_UP): eth0: link is not ready

toradex_apalis6q:/ # 
toradex_apalis6q:/ # random: crng init done
type=1400 audit(100.440:35): avc: denied { write } for pid=261 comm="obd" path="socket:[12340]" dev="sockfs" ino=12340 scontext=u:r:obd:s0 tcontext=u:r:obd:s0 tclass=socket permissive=1

toradex_apalis6q:/ # 
toradex_apalis6q:/ # 
toradex_apalis6q:/ # 
toradex_apalis6q:/ # 
toradex_apalis6q:/ # cat /deinit: Service 'bootanim' (pid 341) exited with status 0
vinit: Starting service 'exec 3 (/system/bin/bootstat)'...
/init: Service 'exec 3 (/system/bin/bootstat)' (pid 931) exited with status 0
init: Starting service 'exec 4 (/system/bin/bootstat)'...
init: Service 'exec 4 (/system/bin/bootstat)' (pid 942) exited with status 0
init: Starting service 'exec 5 (/system/bin/bootstat)'...
init: Service 'exec 5 (/system/bin/bootstat)' (pid 947) exited with status 0
init: Starting service 'exec 6 (/system/bin/bootstat)'...
init: Service 'exec 6 (/system/bin/bootstat)' (pid 951) exited with status 0
tttype=1400 audit(104.850:36): avc: denied { write } for pid=261 comm="obd" path="socket:[12340]" dev="sockfs" ino=12340 scontext=u:r:obd:s0 tcontext=u:r:obd:s0 tclass=socket permissive=1
ym
ttymxc0  ttymxc1  ttymxc3  ttymxc4
toradex_apalis6q:/ # cat /dev/ttymxc                                           type=1400 audit(105.290:37): avc: denied { read } for pid=255 comm="sh" name="/" dev="tmpfs" ino=10241 scontext=u:r:shell:s0 tcontext=u:object_r:device:s0 tclass=dir permissive=1
type=1400 audit(105.300:38): avc: denied { open } for pid=255 comm="sh" path="/dev" dev="tmpfs" ino=10241 scontext=u:r:shell:s0 tcontext=u:object_r:device:s0 tclass=dir permissive=1

ttymxc0  ttymxc1  ttymxc3  ttymxc4
toradex_apalis6q:/ # cat /dev/ttymxc                                           2 3toradex_apalis6q:/ # cat /dev/ttytype=1400 audit(107.780:39): avc: denied { read } for pid=255 comm="sh" name="/" dev="tmpfs" ino=10241 scontext=u:r:shell:s0 tcontext=u:object_r:device:s0 tclass=dir permissive=1
mxc3                             type=1400 audit(107.780:40): avc: denied { open } for pid=255 comm="sh" path="/dev" dev="tmpfs" ino=10241 scontext=u:r:shell:s0 tcontext=u:object_r:device:s0 tclass=dir permissive=1
              type=1400 audit(108.670:41): avc: denied { getattr } for pid=255 comm="sh" path="/init" dev="rootfs" ino=6456 scontext=u:r:shell:s0 tcontext=u:object_r:init_exec:s0 tclass=file permissive=1

acct/                                   init.recovery.freescale.rc
bugreports                              init.usb.configfs.rc
cache/                                  init.usb.rc
charger                                 init.zygote32.rc
config/                                 mnt/
d/                                      oem/
data/                                   proc/
default.prop                            property_contexts
dev/                                    res/
device/                                 root/
etc/                                    sbin/
file_contexts.bin                       sdcard/
fstab.freescale                         seapp_contexts
init                                    selinux_version
init.bluetooth.rc                       sepolicy
init.environ.rc                         service_contexts
init.freescale.emmc.rc                  storage/
init.freescale.i.MX6DL.rc               sys/
init.freescale.i.MX6Q.rc                system/
init.freescale.i.MX6QP.rc               ueventd.freescale.rc
init.freescale.rc                       ueventd.rc
init.freescale.sd.rc                    vendor/
init.freescale.usb.rc                   verity_key
init.rc
toradex_apalis6q:/ # cat /dev/ttymxc3                                          | type=1400 audit(110.260:42): avc: denied { write } for pid=261 comm="obd" path="socket:[12340]" dev="sockfs" ino=12340 scontext=u:r:obd:s0 tcontext=u:r:obd:s0 tclass=socket permissive=1
type=1400 audit(111.050:43): avc: denied { write } for pid=1210 comm="Thread-2" name="vcan" dev="tmpfs" ino=12342 scontext=u:r:untrusted_app:s0:c512,c768 tcontext=u:object_r:socket_device:s0 tclass=sock_file permissive=1
type=1400 audit(111.050:44): avc: denied { connectto } for pid=1210 comm="Thread-2" path="/dev/socket/vcan" scontext=u:r:untrusted_app:s0:c512,c768 tcontext=u:r:obd:s0 tclass=unix_stream_socket permissive=1
tee -a /caat /dev/ttymxc3 | tee -a /cache/                                              <BT-mxc3-1.txtx  &* 
[1] 1264 1265
toradex_apalis6q:/ # alloc_contig_range: [2aa20, 2aa34) PFNs busy
type=1400 audit(132.880:45): avc: denied { write } for pid=1265 comm="tee" name="/" dev="mmcblk0p4" ino=2 scontext=u:r:shell:s0 tcontext=u:object_r:cache_file:s0 tclass=dir permissive=1
type=1400 audit(132.880:46): avc: denied { add_name } for pid=1265 comm="tee" name="BT-mxc3-1.txt" scontext=u:r:shell:s0 tcontext=u:object_r:cache_file:s0 tclass=dir permissive=1
type=1400 audit(132.880:47): avc: denied { create } for pid=1265 comm="tee" name="BT-mxc3-1.txt" scontext=u:r:shell:s0 tcontext=u:object_r:cache_file:s0 tclass=file permissive=1
type=1400 audit(132.900:48): avc: denied { read append open } for pid=1265 comm="tee" path="/cache/BT-mxc3-1.txt" dev="mmcblk0p4" ino=12 scontext=u:r:shell:s0 tcontext=u:object_r:cache_file:s0 tclass=file permissive=1

toradex_apalis6q:/ # 
toradex_apalis6q:/ # 
toradex_apalis6q:/ # 
toradex_apalis6q:/ # 
toradex_apalis6q:/ # toradex_apalis6q:/ # cat /dev/ttymxc3 | tee -a /cache/BT-mxc3-1.txt &          -1.txt & 4-1.txt & | tee -a /cache/BT-mxc4-1.txt & 4 | tee -a /cache/BT-mxc4-1.txt &
[2] 1266 1267
toradex_apalis6q:/ # 
toradex_apalis6q:/ # 
toradex_apalis6q:/ # 
toradex_apalis6q:/ # 
toradex_apalis6q:/ # 
toradex_apalis6q:/ # echo "SET" > /dev/ttymxc3
toradex_apalis6q:/ # SET

SET BT BDADDR 88:6b:0f:62:71:88

SET BT NAME WT32i-AJ

SET BT CLASS 280428

SET BT IDENT BT:47 f000 6.0.0 Bluegiga iWRAP

SET BT LAP 9e8b33

SET BT PAGEMODE 4 2000 1

SET BT POWER 6 6 6

SET BT ROLE 0 f 2580

SET BT SNIFF 0 20 1 8

SET BT SSP 3 0

SET BT MTU 667

SET CONTROL AUDIO INTERNAL INTERNAL

SET CONTROL BAUD 115200,8n1

SET CONTROL CD 00 0

SET CONTROL CODEC SBC JOINT_STEREO 44100 0

SET CONTROL CONFIG 0000 0000 0000 1100

SET CONTROL ECHO 7

SET CONTROL ESCAPE 43 00 1

SET CONTROL GAIN 8 8

SET CONTROL MICBIAS b 0

SET CONTROL MSC DTE 00 00 00 00 00 00

SET CONTROL PIO 00 00 00

SET CONTROL PREAMP 1 1

SET CONTROL READY 00

SET CONTROL VREGEN 0 00

SET PROFILE A2DP SOURCE

SET PROFILE SPP Bluetooth Serial Port

SET PROFILE HSP-AG Voice Gateway

SET PROFILE AVRCP TARGET 07

SET

SET

SET BT BDADDR 88:6b:0f:62:71:88

SET BT NAME WT32i-AJ

SET BT CLASS 280428

SET BT IDENT BT:47 f000 6.0.0 Bluegiga iWRAP

SET BT LAP 9e8b33

SET BT PAGEMODE 4 2000 1

SET BT POWER 6 6 6

SET BT ROLE 0 f 2580

SET BT SNIFF 0 20 1 8

SET BT SSP 3 0

SET BT MTU 667

SET CONTROL AUDIO INTERNAL INTERNAL

SET CONTROL BAUD 115200,8n1

SET CONTROL CD 00 0

SET CONTROL CODEC SBC JOINT_STEREO 44100 0

SET CONTROL CONFIG 0000 0000 0000 1100

SET CONTROL ECHO 7

SET CONTROL ESCAPE 43 00 1

SET CONTROL GAIN 8 8

SET CONTROL MICBIAS b 0

SET CONTROL MSC DTE 00 00 00 00 00 00

SET CONTROL PIO 00 00 00

SET CONTROL PREAMP 1 1

SET CONTROL READY 00

SET CONTROL VREGEN 0 00

SET PROFILE A2DP SOURCE

SET PROFILE SPP Bluetooth Serial Port

SET PROFILE HSP-AG Voice Gateway

SET PROFILE AVRCP TARGET 07

SET



SET BT BDADDR 88:6b:0f:62:71:88

SYNTAX ERROR



SET BT NAME WT32i-AJ



SET BT CLASS 280428



SET BT IDENT BT:47 f000 6.0.0 Bluegiga iWRAP



SET BT LAP 9e8b33



SET BT PAGEMODE 4 2000 1



SET BT POWER 6 6 6



SET BT ROLE 0 f 2580



SET BT SNIFF 0 20 1 8



SET BT SSP 3 0



SET BT MTU 667



SET CONTROL AUDIO INTERNAL INTERNAL



SET CONTROL BAUD 115200,8n1



SET CONTROL CD 00 0



SET CONTROL CODEC SBC JOINT_STEREO 44100 0



SET CONTROL CONFIG 0000 0000 0000 1100



SET CONTROL ECHO 7



SET CONTROL ESCAPE 43 00 1



SET CONTROL GAIN 8 8



SET CONTROL MICBIAS b 0



SET CONTROL MSC DTE 00 00 00 00 00 00



SET CONTROL PIO 00 00 00



SET CONTROL PREAMP 1 1



SET CONTROL READY 00



SET CONTROL VREGEN 0 00

WRAP THOR AI (6.0.0 build 952)

Copyright (c) 2003-2014 Bluegiga Technologies Inc.

WRAP THOR AI (6.0.0 build 952)

SYNTAX ERROR



Copyright (c) 2003-2014 Bluegiga Technologies Inc.

SYNTAX ERROR



WRAP THOR AI (6.0.0 build 952)

SYNTAX ERROR



SYNTAX ERROR

SYNTAX ERROR







Copyright (c) 2003-2014 Bluegiga Technologies Inc.

SYNTAX ERROR



SYNTAX ERROR

SYNTAX ERROR







WRAP THOR AI (6.0.0 build 952)

SYNTAX ERROR



SYNTAX ERROR

SYNTAX ERROR







SYNTAX ERROR

SYNTAX ERROR



SYNTAX ERROR

SYNTAX ERROR















Copyright (c) 2003-2014 Bluegiga Technologies Inc.

SYNTAX ERROR



SYNTAX ERROR

SYNTAX ERROR







SYNTAX ERROR

SYNTAX ERROR



SYNTAX ERROR

SYNTAX ERROR















WRAP THOR AI (6.0.0 build 952)

SYNTAX ERROR



SYNTAX ERROR

SYNTAX ERROR







SYNTAX ERROR

SYNTAX ERROR



SYNTAX ERROR

SYNTAX ERROR















SYNTAX ERROR

SYNTAX ERROR



SYNTAX ERROR

SYNTAX ERROR







SYNTAX ERROR

SYNTAX ERROR



SYNTAX ERROR

SYNTAX ERROR































Copyright (c) 2003-2014 Bluegiga Technologies Inc.

SYNTAX ERROR



SYNTAX ERROR

SYNTAX ERROR







SYNTAX ERROR

SYNTAX ERROR



SYNTAX ERROR

SYNTAX ERROR















SYNTAX ERROR

SYNTAX ERROR



SYNTAX ERROR

SYNTAX ERROR







SYNTAX ERROR

SYNTAX ERROR



SYNTAX ERROR

SYNTAX ERROR































WRAP THOR AI (6.0.0 build 952)

SYNTAX ERROR



SYNTAX ERROR

SYNTAX ERROR







SYNTAX ERROR

SYNTAX ERROR



SYNTAX ERROR

SYNTAX ERROR















SYNTAX ERROR

SYNTAX ERROR



SYNTAX ERROR

SYNTAX ERROR







SYNTAX ERROR

SYNTAX ERROR



SYNTAX ERROR

SYNTAX ERROR































SYNTAX ERROR

SYNTAX ERROR



SYNTAX ERROR

SYNTAX ERROR







SYNTAX ERROR

SYNTAX ERROR



SYNTAX ERROR

SYNTAX ERROR















SYNTAX ERROR

SYNTAX ERROR



SYNTAX ERROR

SYNTAX ERROR







SYNTAX ERROR

SYNTAX ERROR



SYNTAX ERROR

SYNTAX ERROR































































Copyright (c) 2003-2014 Bluegiga Technologies Inc.

SYNTAX ERROR



SYNTAX ERROR

SYNTAX ERROR







SYNTAX ERROR

SYNTAX ERROR



SYNTAX ERROR

SYNTAX ERROR















SYNTAX ERROR

SYNTAX ERROR



SYNTAX ERROR

SYNTAX ERROR







SYNTAX ERROR

SYNTAX ERROR



SYNTAX ERROR

SYNTAX ERROR































SYNTAX ERROR

SYNTAX ERROR



SYNTAX ERROR

SYNTAX ERROR







SYNTAX ERROR

SYNTAX ERROR



SYNTAX ERROR

SYNTAX ERROR















SYNTAX ERROR

SYNTAX ERROR



SYNTAX ERROR


SYNTAX ERROR







SYNTAX ERROR

toradex_apalis6q:/ # SYNTAX ERROR



SYNTAX ERROR


toradex_apalis6q:/ # 
toradex_apalis6q:/ # 
toradex_apalis6q:/ # 
toradex_apalis6q:/ # 
toradex_apalis6q:/ # 
toradex_apalis6q:/ # 
toradex_apalis6q:/ # 
toradex_apalis6q:/ # WRAP THOR AI (6.0.0 build 952)

Copyright (c) 2003-2014 Bluegiga Technologies Inc.

WRAP THOR AI (6.0.0 build 952)

SYNTAX ERROR



Copyright (c) 2003-2014 Bluegiga Technologies Inc.

SYNTAX ERROR



WRAP THOR AI (6.0.0 build 952)

SYNTAX ERROR



SYNTAX ERROR

SYNTAX ERROR







Copyright (c) 2003-2014 Bluegiga Technologies Inc.

SYNTAX ERROR



SYNTAX ERROR

SYNTAX ERROR







WRAP THOR AI (6.0.0 build 952)

SYNTAX ERROR



SYNTAX ERROR

SYNTAX ERROR







SYNTAX ERROR

SYNTAX ERROR



SYNTAX ERROR

SYNTAX ERROR















Copyright (c) 2003-2014 Bluegiga Technologies Inc.

SYNTAX ERROR



SYNTAX ERROR

SYNTAX ERROR







SYNTAX ERROR

SYNTAX ERROR



SYNTAX ERROR

SYNTAX ERROR















WRAP THOR AI (6.0.0 build 952)

SYNTAX ERROR



SYNTAX ERROR

SYNTAX ERROR







SYNTAX ERROR

SYNTAX ERROR



SYNTAX ERROR

SYNTAX ERROR















SYNTAX ERROR

SYNTAX ERROR



SYNTAX ERROR

SYNTAX ERROR







SYNTAX ERROR

SYNTAX ERROR



SYNTAX ERROR

SYNTAX ERROR































Copyright (c) 2003-2014 Bluegiga Technologies Inc.

SYNTAX ERROR



SYNTAX ERROR

SYNTAX ERROR







SYNTAX ERROR

SYNTAX ERROR



SYNTAX ERROR

SYNTAX ERROR















SYNTAX ERROR

SYNTAX ERROR



SYNTAX ERROR

SYNTAX ERROR







SYNTAX ERROR

SYNTAX ERROR



SYNTAX ERROR

SYNTAX ERROR































WRAP THOR AI (6.0.0 build 952)

SYNTAX ERROR



SYNTAX ERROR

SYNTAX ERROR







SYNTAX ERROR

SYNTAX ERROR



SYNTAX ERROR

SYNTAX ERROR















SYNTAX ERROR

SYNTAX ERROR



SYNTAX ERROR

SYNTAX ERROR







SYNTAX ERROR

SYNTAX ERROR



SYNTAX ERROR

SYNTAX ERROR































SYNTAX ERROR

SYNTAX ERROR



SYNTAX ERROR

SYNTAX ERROR







SYNTAX ERROR

SYNTAX ERROR



SYNTAX ERROR

SYNTAX ERROR















SYNTAX ERROR

SYNTAX ERROR



SYNTAX ERROR

SYNTAX ERROR







SYNTAX ERROR

SYNTAX ERROR



SYNTAX ERROR

SYNTAX ERROR































































Copyright (c) 2003-2014 Bluegiga Technologies Inc.

SYNTAX ERROR



SYNTAX ERROR

SYNTAX ERROR







SYNTAX ERROR

SYNTAX ERROR



SYNTAX ERROR

SYNTAX ERROR















SYNTAX ERROR

SYNTAX ERROR



SYNTAX ERROR

SYNTAX ERROR







SYNTAX ERROR


SYNTAX ERROR



SYNTAX ERROR

toradex_apalis6q:/ # SYNTAX ERROR































SYNTAX ERROR

SYNTAX ERROR



SYNTAX ERROR

SYNTAX ERROR







SYNTAX ERROR

SYNTAX ERROR



SYNTAX ERROR

SYNTAX ERROR















SYNTAX ERROR

SYNTAX ERROR



SYNTAX ERROR

SYNTAX ERROR







SYNTAX ERROR

SYNTAX ERROR



SYNTAX ERROR


toradex_apalis6q:/ # 
toradex_apalis6q:/ # 
toradex_apalis6q:/ # 
toradex_apalis6q:/ # reWRAP THOR AI (6.0.0 build 952)

Copyright (c) 2003-2014 Bluegiga Technologies Inc.

WRAP THOR AI (6.0.0 build 952)

SYNTAX ERROR



Copyright (c) 2003-2014 Bluegiga Technologies Inc.

SYNTAX ERROR



WRAP THOR AI (6.0.0 build 952)

SYNTAX ERROR



SYNTAX ERROR

SYNTAX ERROR







Copyright (c) 2003-2014 Bluegiga Technologies Inc.

bSYNTAX ERROR



SYNTAX ERROR

SYNTAX ERROR







WRAP THOR AI (6.0.0 build 952)

SYNTAX ERROR



SYNTAX ERROR

SYNTAX ERROR







SYNTAX ERROR

SYNTAX ERROR



SYNTAX ERROR

SYNTAX ERROR















Copyright (c) 2003-2014 Bluegiga Technologies Inc.

SYNTAX ERROR



SYNTAX ERROR

oSYNTAX ERROR







SYNTAX ERROR

SYNTAX ERROR



SYNTAX ERROR

SYNTAX ERROR















WRAP THOR AI (6.0.0 build 952)

SYNTAX ERROR



SYNTAX ERROR

SYNTAX ERROR







SYNTAX ERROR

SYNTAX ERROR



SYNTAX ERROR

SYNTAX ERROR















SYNTAX ERROR

oSYNTAX ERROR



SYNTAX ERROR

SYNTAX ERROR







SYNTAX ERROR

SYNTAX ERROR



SYNTAX ERROR

SYNTAX ERROR































tCopyright (c) 2003-2014 Bluegiga Technologies Inc.

SYNTAX ERROR



SYNTAX ERROR

SYNTAX ERROR







SYNTAX ERROR

SYNTAX ERROR



SYNTAX ERROR

SYNTAX ERROR















SYNTAX ERROR

SYNTAX ERROR



SYNTAX ERROR

SYNTAX ERROR







SYNTAX ERROR

SYNTAX ERROR



SYNTAX ERROR


SYNTAX ERROR































WRAP THOR AI (6.0.0 build 952)

SYNTAX ERROR



SYNTAX ERROR

SYNTAX ERROR







SYNTAX ERROR

sysrq: SysRq : Emergency Remount R/O
SYNTAX ERROR



SYNTAX ERROR

EXT4-fs (mmcblk0p4): re-mounted. Opts: (null)
SYNTAX ERROR















SYNTAX ERROR

EXT4-fs (mmcblk0p10): re-mounted. Opts: (null)
SYNTAX ERROR



SYNTAX ERROR

Emergency Remount complete
SYNTAX ERROR







SYNTAX ERROR

SYNTAX ERROR



SYNTAX ERROR

SYNTAX ERROR































SYNTAX ERROR

SYNTAX ERRORimx2-wdt 20bc000.wdog: Device shutdown: Expect reboot!




SYNTAX ERROR

ci_hdrc ci_hdrc.1: remove, state 4
usb usb1: USB disconnect, device number 1
usb 1-1: USB disconnect, device number 2
SYNTAX ERROR







SYNTAX ERROR

ci_hdrc ci_hdrc.1: USB bus 1 deregistered
android_work: did not send uevent (0 0   (null))
SYNTAX ERROR



SYNTAX ERROR

SYNTAX ERROR















SYNTAX ERROR

SYNTAX ERROR



SYNTAX ERROR

reboot: Restarting system with command ''


U-Boot 2017.03-00002-gebf9dc2527 (Jan 29 2018 - 17:39:17 +0530)

CPU:   Freescale i.MX6Q rev1.5 at 792 MHz
Reset cause: WDOG
I2C:   ready
DRAM:  2 GiB
PMIC: device id: 0x10, revision id: 0x21
PMIC: programmed
MMC:   FSL_SDHC: 0, FSL_SDHC: 1, FSL_SDHC: 2
Unable to allocate framebuffer memory
In:    serial
Out:   serial
Err:   serial
Model: Toradex Apalis iMX6 Quad 2GB IT V1.1C, Serial# 05146387
flash target is MMC:0
Net:   using PHY at 7
FEC [PRIME]
Fastboot: Normal
Hit any key to stop autoboot:  1  0 
Apalis iMX6 # boot
boota mmc0 
CACHE: Misaligned operation at range [8ffb79a0, 8ffb7a20]
CACHE: Misaligned operation at range [8ffb79a0, 8ffb7a20]
kernel   @ 14008000 (9802160)
ramdisk  @ 15000000 (1628983)
fdt      @ 14f00000 (53981)
## Booting Android Image at 0x12000000 ...
Kernel load addr 0x14008000 size 9573 KiB
Kernel command line: console=ttymxc0,115200 init=/init video=mxcfb0:dev=ldb,fbpix=RGB32,bpp=32 video=mxcfb1:dev=hdmi,640x480M@60,if=RGB24,bpp=16 video=mxcfb2:off video=mxcfb3:off vmalloc=256M androidboot.console=ttymxc0 consoleblank=0 androidboot.hardware=freescale cma=448M androidboot.selinux=permissive androidboot.dm_verity=disabled buildvariant=user androidboot.serialno=1b2429d4ea997115 androidboot.storage_type=emmc
## Flattened Device Tree blob at 14f00000
   Booting using the fdt blob at 0x14f00000
   Loading Kernel Image ... OK
   Using Device Tree in place at 14f00000, end 14f102dc

Starting kernel ...

Booting Linux on physical CPU 0x0
Linux version 4.9.67-07229-gdc6c16ec0433 (embadmin@ubuntu) (gcc version 4.9 20150123 (prerelease) (GCC) ) #73 SMP PREEMPT Mon Feb 19 12:20:06 IST 2018
CPU: ARMv7 Processor [412fc09a] revision 10 (ARMv7), cr=10c53c7d
CPU: PIPT / VIPT nonaliasing data cache, VIPT aliasing instruction cache
OF: fdt:Machine model: Aravinth : Toradex Apalis iMX6Q/D Module on Ixora V1.1 Carrier Board
cma: Reserved 448 MiB at 0x22000000
Memory policy: Data cache writealloc
percpu: Embedded 15 pages/cpu @ee6b3000 s31040 r8192 d22208 u61440
Built 1 zonelists in Zone order, mobility grouping on.  Total pages: 522768
Kernel command line: console=ttymxc0,115200 init=/init video=mxcfb0:dev=ldb,fbpix=RGB32,bpp=32 video=mxcfb1:dev=hdmi,640x480M@60,if=RGB24,bpp=16 video=mxcfb2:off video=mxcfb3:off vmalloc=256M androidboot.console=ttymxc0 consoleblank=0 androidboot.hardware=freescale cma=448M androidboot.selinux=permissive androidboot.dm_verity=disabled buildvariant=user androidboot.serialno=1b2429d4ea997115 androidboot.storage_type=emmc
PID hash table entries: 4096 (order: 2, 16384 bytes)
Dentry cache hash table entries: 131072 (order: 7, 524288 bytes)
Inode-cache hash table entries: 65536 (order: 6, 262144 bytes)
Memory: 1597048K/2097152K available (13312K kernel code, 1128K rwdata, 4016K rodata, 1024K init, 606K bss, 41352K reserved, 458752K cma-reserved, 1318912K highmem)
Virtual kernel memory layout:
    vector  : 0xffff0000 - 0xffff1000   (   4 kB)
    fixmap  : 0xffc00000 - 0xfff00000   (3072 kB)
    vmalloc : 0xf0000000 - 0xff800000   ( 248 MB)
    lowmem  : 0xc0000000 - 0xef800000   ( 760 MB)
    pkmap   : 0xbfe00000 - 0xc0000000   (   2 MB)
    modules : 0xbf000000 - 0xbfe00000   (  14 MB)
      .text : 0xc0008000 - 0xc0e00000   (14304 kB)
      .init : 0xc1300000 - 0xc1400000   (1024 kB)
      .data : 0xc1400000 - 0xc151a218   (1129 kB)
       .bss : 0xc151a218 - 0xc15b1be0   ( 607 kB)
SLUB: HWalign=64, Order=0-3, MinObjects=0, CPUs=4, Nodes=1
Preemptible hierarchical RCU implementation.
	Build-time adjustment of leaf fanout to 32.
NR_IRQS:16 nr_irqs:16 16
L2C-310 errata 752271 769419 enabled
L2C-310 enabling early BRESP for Cortex-A9
L2C-310 full line of zeros enabled for Cortex-A9
L2C-310 ID prefetch enabled, offset 16 lines
L2C-310 dynamic clock gating enabled, standby mode enabled
L2C-310 cache controller enabled, 16 ways, 1024 kB
L2C-310: CACHE_ID 0x410000c7, AUX_CTRL 0x76470001
Switching to timer-based delay loop, resolution 333ns
sched_clock: 32 bits at 3000kHz, resolution 333ns, wraps every 715827882841ns
clocksource: mxc_timer1: mask: 0xffffffff max_cycles: 0xffffffff, max_idle_ns: 637086815595 ns
Console: colour dummy device 80x30
Calibrating delay loop (skipped), value calculated using timer frequency.. 6.00 BogoMIPS (lpj=30000)
pid_max: default: 32768 minimum: 301
Security Framework initialized
SELinux:  Initializing.
Mount-cache hash table entries: 2048 (order: 1, 8192 bytes)
Mountpoint-cache hash table entries: 2048 (order: 1, 8192 bytes)
CPU: Testing write buffer coherency: ok
CPU0: update cpu_capacity 1024
CPU0: thread -1, cpu 0, socket 0, mpidr 80000000
Setting up static identity map for 0x10100000 - 0x10100058
CPU1: update cpu_capacity 1024
CPU1: thread -1, cpu 1, socket 0, mpidr 80000001
CPU2: update cpu_capacity 1024
CPU2: thread -1, cpu 2, socket 0, mpidr 80000002
CPU3: update cpu_capacity 1024
CPU3: thread -1, cpu 3, socket 0, mpidr 80000003
Brought up 4 CPUs
SMP: Total of 4 processors activated (24.00 BogoMIPS).
CPU: All CPU(s) started in SVC mode.
CPU3: update max cpu_capacity 1024
devtmpfs: initialized
CPU2: update max cpu_capacity 1024
VFP support v0.3: implementor 41 architecture 3 part 30 variant 9 rev 4
clocksource: jiffies: mask: 0xffffffff max_cycles: 0xffffffff, max_idle_ns: 19112604462750000 ns
futex hash table entries: 1024 (order: 4, 65536 bytes)
pinctrl core: initialized pinctrl subsystem
NET: Registered protocol family 16
DMA: preallocated 256 KiB pool for atomic coherent allocations
cpuidle: using governor menu
CPU identified as i.MX6Q, silicon rev 1.5
hw-breakpoint: found 5 (+1 reserved) breakpoint and 1 watchpoint registers.
hw-breakpoint: maximum watchpoint size is 4 bytes.
imx6q-pinctrl 20e0000.iomuxc: initialized IMX pinctrl driver
imx-gpc 20dc000.gpc: no fsl,ldo-bypass found!
imx-gpc 20dc000.gpc: Registered imx-gpc
mxs-dma 110000.dma-apbh: initialized
usb_host_vbus: supplied by usb_host_vbus_hub
SCSI subsystem initialized
usbcore: registered new interface driver usbfs
usbcore: registered new interface driver hub
usbcore: registered new device driver usb
2000000.aips-bus:usbphy_nop1 supply vcc not found, using dummy regulator
2000000.aips-bus:usbphy_nop2 supply vcc not found, using dummy regulator
i2c i2c-1: IMX I2C adapter registered
i2c i2c-1: can't use DMA, using PIO instead.
stmpe-i2c 2-0041: stmpe811 detected, chip id: 0x811
i2c i2c-2: IMX I2C adapter registered
i2c i2c-2: can't use DMA, using PIO instead.
i2c i2c-3: IMX I2C adapter registered
i2c i2c-3: can't use DMA, using PIO instead.
Linux video capture interface: v2.00
pps_core: LinuxPPS API ver. 1 registered
pps_core: Software ver. 5.3.6 - Copyright 2005-2007 Rodolfo Giometti <giometti@linux.it>
PTP clock support registered
imx-ipuv3 2400000.ipu: IPU DMFC NORMAL mode: 1(0~1), 5B(4,5), 5F(6,7)
imx-ipuv3 2800000.ipu: IPU DMFC NORMAL mode: 1(0~1), 5B(4,5), 5F(6,7)
mxc_mipi_csi2 21dc000.mipi_csi: i.MX MIPI CSI2 driver probed ipu0 csi1
mxc_mipi_csi2 21dc000.mipi_csi: i.MX MIPI CSI2 dphy version is 0x3130302a
MIPI CSI2 driver module loaded
imx rpmsg driver is registered.
Advanced Linux Sound Architecture Driver Initialized.
Bluetooth: Core ver 2.22
NET: Registered protocol family 31
Bluetooth: HCI device and connection manager initialized
Bluetooth: HCI socket layer initialized
Bluetooth: L2CAP socket layer initialized
Bluetooth: SCO socket layer initialized
clocksource: Switched to clocksource mxc_timer1
VFS: Disk quotas dquot_6.6.0
VFS: Dquot-cache hash table entries: 1024 (order 0, 4096 bytes)
NET: Registered protocol family 2
TCP established hash table entries: 8192 (order: 3, 32768 bytes)
TCP bind hash table entries: 8192 (order: 4, 65536 bytes)
TCP: Hash tables configured (established 8192 bind 8192)
UDP hash table entries: 512 (order: 2, 16384 bytes)
UDP-Lite hash table entries: 512 (order: 2, 16384 bytes)
NET: Registered protocol family 1
RPC: Registered named UNIX socket transport module.
RPC: Registered udp transport module.
RPC: Registered tcp transport module.
RPC: Registered tcp NFSv4.1 backchannel transport module.
Trying to unpack rootfs image as initramfs...
Freeing initrd memory: 1592K
hw perfevents: enabled with armv7_cortex_a9 PMU driver, 7 counters available
Bus freq driver module loaded
audit: initializing netlink subsys (disabled)
audit: type=2000 audit(0.870:1): initialized
workingset: timestamp_bits=30 max_order=19 bucket_order=0
NFS: Registering the id_resolver key type
Key type id_resolver registered
Key type id_legacy registered
ntfs: driver 2.1.32 [Flags: R/W DEBUG].
jffs2: version 2.2. (NAND) Â© 2001-2006 Red Hat, Inc.
fuse init (API version 7.26)
bounce: pool size: 64 pages
io scheduler noop registered
io scheduler deadline registered
io scheduler cfq registered (default)
backlight supply power not found, using dummy regulator
20e0000.hdmi_video supply HDMI not found, using dummy regulator
mxc_sdc_fb fb@0: registered mxc display driver ldb
imx-ipuv3 2800000.ipu: IPU DMFC DP HIGH RESOLUTION: 1(0,1), 5B(2~5), 5F(6,7)
Console: switching to colour frame buffer device 128x48
mxc_hdmi 20e0000.hdmi_video: Detected HDMI controller 0x13:0xa:0xa0:0xc1
fbcvt: 640x480@60: CVT Name - .307M3
mxc_sdc_fb fb@1: registered mxc display driver hdmi
mxc_sdc_fb fb@2: Can't get fb option for mxcfb2!
mxc_sdc_fb fb@3: Can't get fb option for mxcfb3!
imx-sdma 20ec000.sdma: no iram assigned, using external mem
imx-sdma 20ec000.sdma: loaded firmware 3.3
pfuze100-regulator 2-0008: Full layer: 2, Metal layer: 1
pfuze100-regulator 2-0008: FAB: 0, FIN: 0
pfuze100-regulator 2-0008: pfuze100 found.
2020000.serial: ttymxc0 at MMIO 0x2020000 (irq = 29, base_baud = 5000000) is a IMX
console [ttymxc0] enabled
21e8000.serial: ttymxc1 at MMIO 0x21e8000 (irq = 78, base_baud = 5000000) is a IMX
